Config: granularity=100000, SDR=1000, ADR=0, Rigid=1, Capture_Method=0
Stage 0: PT=0, T_stage=0.012350, bytes=0, T_capped=0
Stage 1: PT=6, T_stage=0.000000, bytes=33176880, T_capped=0
Group 1: Iters=10, Procs=156, Factors=1.000000, Dist=2, RM=0, SM=0, RS=0, SS=5, parents=416, children=0
Async_Iters: 0
T_iter: 0.092167 0.077184 0.085285 0.100221 0.079537 0.079875 0.080210 0.080413 0.079934 0.080193 
T_stage 0: 0.014654 0.013507 0.014073 0.024024 0.013579 0.013546 0.013516 0.013549 0.013519 0.013530 
T_stage 1: 0.077347 0.063427 0.071029 0.079792 0.065754 0.066116 0.066468 0.066722 0.066263 0.066486 
Config: granularity=100000, SDR=1000, ADR=0, Rigid=1, Capture_Method=0
Stage 0: PT=0, T_stage=0.012350, bytes=0, T_capped=0
Stage 1: PT=6, T_stage=0.000000, bytes=33176880, T_capped=0
Group 1: Iters=10, Procs=156, Factors=1.000000, Dist=2, RM=0, SM=0, RS=0, SS=5, parents=416, children=0
Async_Iters: 0
T_iter: 0.103962 0.079349 0.092254 0.092674 0.081271 0.077534 0.083421 0.080409 0.078131 0.077084 
T_stage 0: 0.013186 0.015312 0.020675 0.027183 0.017359 0.013183 0.020007 0.013211 0.013187 0.013206 
T_stage 1: 0.090600 0.065198 0.072611 0.072455 0.063802 0.064214 0.063308 0.067070 0.064789 0.063765 
Config: granularity=100000, SDR=1000, ADR=0, Rigid=1, Capture_Method=0
Stage 0: PT=0, T_stage=0.012350, bytes=0, T_capped=0
Stage 1: PT=6, T_stage=0.000000, bytes=33176880, T_capped=0
Group 1: Iters=10, Procs=156, Factors=1.000000, Dist=2, RM=0, SM=0, RS=0, SS=5, parents=416, children=0
Async_Iters: 0
T_iter: 0.092061 0.080369 0.084886 0.100897 0.079838 0.079071 0.078903 0.079043 0.079280 0.078946 
T_stage 0: 0.013377 0.020811 0.014267 0.026379 0.014098 0.013646 0.013341 0.013384 0.013395 0.013390 
T_stage 1: 0.078425 0.059416 0.070399 0.081439 0.065458 0.065159 0.065299 0.065316 0.065069 0.065400 
Config: granularity=100000, SDR=1000, ADR=0, Rigid=1, Capture_Method=0
Stage 0: PT=0, T_stage=0.012350, bytes=0, T_capped=0
Stage 1: PT=6, T_stage=0.000000, bytes=33176880, T_capped=0
Group 1: Iters=10, Procs=156, Factors=1.000000, Dist=2, RM=0, SM=0, RS=0, SS=5, parents=416, children=0
Async_Iters: 0
T_iter: 0.111573 0.079469 0.088398 0.089963 0.082035 0.077361 0.081364 0.078504 0.079163 0.075481 
T_stage 0: 0.029073 0.013837 0.013392 0.023261 0.016527 0.013217 0.013192 0.013197 0.013220 0.013164 
T_stage 1: 0.082314 0.065499 0.070885 0.067939 0.065338 0.063988 0.068032 0.065123 0.065837 0.062230 
Config: granularity=100000, SDR=1000, ADR=0, Rigid=1, Capture_Method=0
Stage 0: PT=0, T_stage=0.012350, bytes=0, T_capped=0
Stage 1: PT=6, T_stage=0.000000, bytes=33176880, T_capped=0
Group 1: Iters=10, Procs=156, Factors=1.000000, Dist=2, RM=0, SM=0, RS=0, SS=5, parents=416, children=0
Async_Iters: 0
T_iter: 0.121159 0.107935 0.114046 0.104964 0.108687 0.105570 0.214062 0.103566 0.104591 0.106245 
T_stage 0: 0.020620 0.013220 0.022584 0.013329 0.017057 0.013149 0.013210 0.013399 0.013314 0.013280 
T_stage 1: 0.100339 0.094651 0.093308 0.091476 0.092928 0.092144 0.188812 0.090024 0.091129 0.092810 
Config: granularity=100000, SDR=1000, ADR=0, Rigid=1, Capture_Method=0
Stage 0: PT=0, T_stage=0.012350, bytes=0, T_capped=0
Stage 1: PT=6, T_stage=0.000000, bytes=33176880, T_capped=0
Group 1: Iters=10, Procs=156, Factors=1.000000, Dist=2, RM=0, SM=0, RS=0, SS=5, parents=416, children=0
Async_Iters: 0
T_iter: 0.097566 0.080126 0.081020 0.093677 0.080402 0.079888 0.080501 0.079763 0.079730 0.079852 
T_stage 0: 0.016832 0.013489 0.014471 0.013342 0.013525 0.013244 0.014361 0.013314 0.013210 0.013218 
T_stage 1: 0.082887 0.066564 0.066512 0.080190 0.066626 0.066548 0.067068 0.066227 0.066349 0.066445 
Config: granularity=100000, SDR=1000, ADR=0, Rigid=1, Capture_Method=0
Stage 0: PT=0, T_stage=0.012350, bytes=0, T_capped=0
Stage 1: PT=6, T_stage=0.000000, bytes=33176880, T_capped=0
Group 1: Iters=10, Procs=156, Factors=1.000000, Dist=2, RM=0, SM=0, RS=0, SS=5, parents=416, children=0
Async_Iters: 0
T_iter: 0.093734 0.080385 0.080118 0.099556 0.080735 0.080628 0.080249 0.079829 0.079400 0.080144 
T_stage 0: 0.014455 0.014277 0.013235 0.013333 0.013412 0.013537 0.013137 0.013232 0.013372 0.013157 
T_stage 1: 0.079090 0.066867 0.066639 0.086065 0.067091 0.066851 0.066988 0.066474 0.066006 0.066861 
Config: granularity=100000, SDR=1000, ADR=0, Rigid=1, Capture_Method=0
Stage 0: PT=0, T_stage=0.012350, bytes=0, T_capped=0
Stage 1: PT=6, T_stage=0.000000, bytes=33176880, T_capped=0
Group 1: Iters=10, Procs=156, Factors=1.000000, Dist=2, RM=0, SM=0, RS=0, SS=5, parents=416, children=0
Async_Iters: 0
T_iter: 0.122334 0.079534 0.121649 0.081999 0.080097 0.081263 0.080488 0.080445 0.079715 0.080823 
T_stage 0: 0.031457 0.013317 0.030124 0.015072 0.013370 0.013222 0.013229 0.013212 0.013262 0.013201 
T_stage 1: 0.093535 0.066040 0.096632 0.066772 0.066584 0.067829 0.067064 0.066974 0.066260 0.067383 
Config: granularity=100000, SDR=1000, ADR=0, Rigid=1, Capture_Method=0
Stage 0: PT=0, T_stage=0.012350, bytes=0, T_capped=0
Stage 1: PT=6, T_stage=0.000000, bytes=33176880, T_capped=0
Group 1: Iters=10, Procs=156, Factors=1.000000, Dist=2, RM=0, SM=0, RS=0, SS=5, parents=416, children=0
Async_Iters: 0
T_iter: 0.099462 0.085009 0.089521 0.101012 0.084037 0.083820 0.084206 0.084787 0.084368 0.083637 
T_stage 0: 0.018575 0.013850 0.014049 0.026401 0.013375 0.013292 0.013379 0.013455 0.013262 0.013323 
T_stage 1: 0.080447 0.070982 0.075195 0.079873 0.070561 0.070465 0.070713 0.071173 0.070953 0.070152 
Config: granularity=100000, SDR=1000, ADR=0, Rigid=1, Capture_Method=0
Stage 0: PT=0, T_stage=0.012350, bytes=0, T_capped=0
Stage 1: PT=6, T_stage=0.000000, bytes=33176880, T_capped=0
Group 1: Iters=10, Procs=156, Factors=1.000000, Dist=2, RM=0, SM=0, RS=0, SS=5, parents=416, children=0
Async_Iters: 0
T_iter: 0.100593 0.080460 0.095584 0.087556 0.078791 0.078344 0.078656 0.077931 0.078248 0.078354 
T_stage 0: 0.015936 0.013765 0.014231 0.021723 0.013368 0.013214 0.013202 0.013124 0.013188 0.013156 
T_stage 1: 0.084601 0.066410 0.076200 0.065655 0.065168 0.064925 0.065318 0.064555 0.064894 0.065043 
Config: granularity=100000, SDR=1000, ADR=0, Rigid=1, Capture_Method=0
Stage 0: PT=0, T_stage=0.012350, bytes=0, T_capped=0
Stage 1: PT=6, T_stage=0.000000, bytes=33176880, T_capped=0
Group 1: Iters=10, Procs=156, Factors=1.000000, Dist=2, RM=0, SM=0, RS=0, SS=5, parents=416, children=0
Async_Iters: 0
T_iter: 0.110365 0.097544 0.104965 0.094140 0.095469 0.095601 0.095198 0.095471 0.095707 0.095222 
T_stage 0: 0.028410 0.028403 0.035482 0.028415 0.028422 0.028354 0.028373 0.028466 0.028354 0.028410 
T_stage 1: 0.081797 0.068897 0.076402 0.065584 0.066955 0.067041 0.066631 0.066979 0.067145 0.066658 
Config: granularity=100000, SDR=1000, ADR=0, Rigid=1, Capture_Method=0
Stage 0: PT=0, T_stage=0.012350, bytes=0, T_capped=0
Stage 1: PT=6, T_stage=0.000000, bytes=33176880, T_capped=0
Group 1: Iters=10, Procs=156, Factors=1.000000, Dist=2, RM=0, SM=0, RS=0, SS=5, parents=416, children=0
Async_Iters: 0
T_iter: 0.097838 0.080907 0.090793 0.088559 0.081462 0.080941 0.081376 0.081723 0.081698 0.081018 
T_stage 0: 0.017207 0.014150 0.013241 0.020962 0.015031 0.013294 0.013303 0.013337 0.013205 0.013221 
T_stage 1: 0.080409 0.066726 0.077423 0.067400 0.067364 0.067463 0.067875 0.068176 0.068402 0.067545 
Config: granularity=100000, SDR=1000, ADR=0, Rigid=1, Capture_Method=0
Stage 0: PT=0, T_stage=0.012350, bytes=0, T_capped=0
Stage 1: PT=6, T_stage=0.000000, bytes=33176880, T_capped=0
Group 1: Iters=10, Procs=156, Factors=1.000000, Dist=2, RM=0, SM=0, RS=0, SS=5, parents=416, children=0
Async_Iters: 0
T_iter: 0.124173 0.082046 0.100939 0.087515 0.084271 0.081987 0.082057 0.088332 0.081628 0.083546 
T_stage 0: 0.031707 0.013756 0.013737 0.019211 0.015276 0.013672 0.013693 0.018404 0.013666 0.014798 
T_stage 1: 0.095200 0.068190 0.086985 0.068190 0.068446 0.068051 0.068150 0.069850 0.067725 0.068588 
Config: granularity=100000, SDR=1000, ADR=0, Rigid=1, Capture_Method=0
Stage 0: PT=0, T_stage=0.012350, bytes=0, T_capped=0
Stage 1: PT=6, T_stage=0.000000, bytes=33176880, T_capped=0
Group 1: Iters=10, Procs=156, Factors=1.000000, Dist=2, RM=0, SM=0, RS=0, SS=5, parents=416, children=0
Async_Iters: 0
T_iter: 0.095431 0.080658 0.083474 0.100495 0.087700 0.080603 0.080723 0.081174 0.080614 0.080583 
T_stage 0: 0.016075 0.013801 0.015843 0.017454 0.020114 0.013326 0.013339 0.013341 0.013438 0.013344 
T_stage 1: 0.079141 0.066704 0.067485 0.083139 0.067404 0.067008 0.067149 0.067605 0.066988 0.066987 
Config: granularity=100000, SDR=1000, ADR=0, Rigid=1, Capture_Method=0
Stage 0: PT=0, T_stage=0.012350, bytes=0, T_capped=0
Stage 1: PT=6, T_stage=0.000000, bytes=33176880, T_capped=0
Group 1: Iters=10, Procs=156, Factors=1.000000, Dist=2, RM=0, SM=0, RS=0, SS=5, parents=416, children=0
Async_Iters: 0
T_iter: 0.095382 0.075203 0.075500 0.094281 0.075690 0.076350 0.075269 0.075791 0.075250 0.075392 
T_stage 0: 0.015237 0.014012 0.013910 0.013777 0.013920 0.013666 0.013777 0.013772 0.013718 0.013669 
T_stage 1: 0.079920 0.061087 0.061397 0.080393 0.061569 0.062565 0.061319 0.061839 0.061311 0.061490 
Config: granularity=100000, SDR=1000, ADR=0, Rigid=1, Capture_Method=0
Stage 0: PT=0, T_stage=0.012350, bytes=0, T_capped=0
Stage 1: PT=6, T_stage=0.000000, bytes=33176880, T_capped=0
Group 1: Iters=10, Procs=156, Factors=1.000000, Dist=2, RM=0, SM=0, RS=0, SS=5, parents=416, children=0
Async_Iters: 0
T_iter: 0.103359 0.081162 0.081126 0.100076 0.138833 0.081440 0.080244 0.080060 0.082880 0.080910 
T_stage 0: 0.020378 0.013633 0.014991 0.025975 0.013214 0.014852 0.013409 0.013234 0.013362 0.014349 
T_stage 1: 0.082850 0.066507 0.065964 0.081369 0.116537 0.066428 0.066667 0.066766 0.069418 0.067552 
Config: granularity=100000, SDR=1000, ADR=0, Rigid=1, Capture_Method=0
Stage 0: PT=0, T_stage=0.012350, bytes=0, T_capped=0
Stage 1: PT=6, T_stage=0.000000, bytes=33176880, T_capped=0
Group 1: Iters=10, Procs=156, Factors=1.000000, Dist=2, RM=0, SM=0, RS=0, SS=5, parents=416, children=0
Async_Iters: 0
T_iter: 0.095485 0.079631 0.083377 0.086745 0.079509 0.079155 0.079171 0.079176 0.079317 0.079188 
T_stage 0: 0.013186 0.013805 0.016089 0.020612 0.013201 0.013183 0.013178 0.013213 0.013365 0.013203 
T_stage 1: 0.081168 0.065651 0.069241 0.067484 0.066156 0.065787 0.065826 0.065827 0.065809 0.065821 
Config: granularity=100000, SDR=1000, ADR=0, Rigid=1, Capture_Method=0
Stage 0: PT=0, T_stage=0.012350, bytes=0, T_capped=0
Stage 1: PT=6, T_stage=0.000000, bytes=33176880, T_capped=0
Group 1: Iters=10, Procs=156, Factors=1.000000, Dist=2, RM=0, SM=0, RS=0, SS=5, parents=416, children=0
Async_Iters: 0
T_iter: 0.099149 0.075154 0.078004 0.085703 0.082118 0.075719 0.075696 0.075997 0.075755 0.075610 
T_stage 0: 0.021650 0.013799 0.014603 0.013777 0.019785 0.013812 0.013834 0.013838 0.013743 0.013737 
T_stage 1: 0.077400 0.061046 0.063241 0.071731 0.062168 0.061769 0.061724 0.061931 0.061771 0.061694 
Config: granularity=100000, SDR=1000, ADR=0, Rigid=1, Capture_Method=0
Stage 0: PT=0, T_stage=0.012350, bytes=0, T_capped=0
Stage 1: PT=6, T_stage=0.000000, bytes=33176880, T_capped=0
Group 1: Iters=10, Procs=156, Factors=1.000000, Dist=2, RM=0, SM=0, RS=0, SS=5, parents=416, children=0
Async_Iters: 0
T_iter: 0.097459 0.076771 0.076419 0.089648 0.075929 0.081841 0.079354 0.075196 0.078498 0.105784 
T_stage 0: 0.014427 0.014887 0.014009 0.013608 0.014004 0.013683 0.013574 0.013556 0.013680 0.019449 
T_stage 1: 0.080484 0.061624 0.061767 0.075890 0.062274 0.067953 0.065643 0.061488 0.064658 0.087429 
Config: granularity=100000, SDR=1000, ADR=0, Rigid=1, Capture_Method=0
Stage 0: PT=0, T_stage=0.012350, bytes=0, T_capped=0
Stage 1: PT=6, T_stage=0.000000, bytes=33176880, T_capped=0
Group 1: Iters=10, Procs=156, Factors=1.000000, Dist=2, RM=0, SM=0, RS=0, SS=5, parents=416, children=0
Async_Iters: 0
T_iter: 0.099810 0.080550 0.081451 0.092036 0.081740 0.082811 0.084817 0.081756 0.079808 0.085211 
T_stage 0: 0.017399 0.013275 0.013286 0.019955 0.013159 0.013346 0.013378 0.013208 0.013185 0.013228 
T_stage 1: 0.082145 0.067187 0.068080 0.073401 0.068357 0.069180 0.071268 0.068281 0.066397 0.071918 
