Config loaded: R=1, S=2, granularity=100000, SDR=1000, ADR=0, Rigid=1, Capture_Method=0
Stage 0: PT=0, T_stage=0.012350, bytes=0, T_capped=0
Stage 1: PT=6, T_stage=0.000000, bytes=33176880, T_capped=0
Group 0: Iters=5, Procs=52, Factors=1.000000, Dist=2, RM=0, SM=0, RS=0, SS=0
Group 1: Iters=10, Procs=208, Factors=1.000000, Dist=2, RM=0, SM=0, RS=0, SS=5
T_spawn: 4.414172 
T_SR: 0.107906 
T_AR: 0.000000 
T_US: 0.244020 
T_Malleability: 5.140350 
T_total: 6.368531
Config loaded: R=1, S=2, granularity=100000, SDR=1000, ADR=0, Rigid=1, Capture_Method=0
Stage 0: PT=0, T_stage=0.012350, bytes=0, T_capped=0
Stage 1: PT=6, T_stage=0.000000, bytes=33176880, T_capped=0
Group 0: Iters=5, Procs=52, Factors=1.000000, Dist=2, RM=0, SM=0, RS=0, SS=0
Group 1: Iters=10, Procs=208, Factors=1.000000, Dist=2, RM=0, SM=0, RS=0, SS=5
T_spawn: 4.253281 
T_SR: 0.084002 
T_AR: 0.000000 
T_US: 0.232020 
T_Malleability: 4.926513 
T_total: 6.135967
Config loaded: R=1, S=2, granularity=100000, SDR=1000, ADR=0, Rigid=1, Capture_Method=0
Stage 0: PT=0, T_stage=0.012350, bytes=0, T_capped=0
Stage 1: PT=6, T_stage=0.000000, bytes=33176880, T_capped=0
Group 0: Iters=5, Procs=52, Factors=1.000000, Dist=2, RM=0, SM=0, RS=0, SS=0
Group 1: Iters=10, Procs=208, Factors=1.000000, Dist=2, RM=0, SM=0, RS=0, SS=5
T_spawn: 4.277723 
T_SR: 0.116000 
T_AR: 0.000000 
T_US: 0.224016 
T_Malleability: 5.073740 
T_total: 6.301316
Config loaded: R=1, S=2, granularity=100000, SDR=1000, ADR=0, Rigid=1, Capture_Method=0
Stage 0: PT=0, T_stage=0.012350, bytes=0, T_capped=0
Stage 1: PT=6, T_stage=0.000000, bytes=33176880, T_capped=0
Group 0: Iters=5, Procs=52, Factors=1.000000, Dist=2, RM=0, SM=0, RS=0, SS=0
Group 1: Iters=10, Procs=208, Factors=1.000000, Dist=2, RM=0, SM=0, RS=0, SS=5
T_spawn: 4.370975 
T_SR: 0.095864 
T_AR: 0.000000 
T_US: 0.231676 
T_Malleability: 5.080969 
T_total: 6.308682
Config loaded: R=1, S=2, granularity=100000, SDR=1000, ADR=0, Rigid=1, Capture_Method=0
Stage 0: PT=0, T_stage=0.012350, bytes=0, T_capped=0
Stage 1: PT=6, T_stage=0.000000, bytes=33176880, T_capped=0
Group 0: Iters=5, Procs=52, Factors=1.000000, Dist=2, RM=0, SM=0, RS=0, SS=0
Group 1: Iters=10, Procs=208, Factors=1.000000, Dist=2, RM=0, SM=0, RS=0, SS=5
T_spawn: 4.564868 
T_SR: 0.128018 
T_AR: 0.000000 
T_US: 0.260019 
T_Malleability: 5.344011 
T_total: 6.555537
Config loaded: R=1, S=2, granularity=100000, SDR=1000, ADR=0, Rigid=1, Capture_Method=0
Stage 0: PT=0, T_stage=0.012350, bytes=0, T_capped=0
Stage 1: PT=6, T_stage=0.000000, bytes=33176880, T_capped=0
Group 0: Iters=5, Procs=52, Factors=1.000000, Dist=2, RM=0, SM=0, RS=0, SS=0
Group 1: Iters=10, Procs=208, Factors=1.000000, Dist=2, RM=0, SM=0, RS=0, SS=5
T_spawn: 4.505968 
T_SR: 0.111872 
T_AR: 0.000000 
T_US: 0.203822 
T_Malleability: 5.206139 
T_total: 6.425854
Config loaded: R=1, S=2, granularity=100000, SDR=1000, ADR=0, Rigid=1, Capture_Method=0
Stage 0: PT=0, T_stage=0.012350, bytes=0, T_capped=0
Stage 1: PT=6, T_stage=0.000000, bytes=33176880, T_capped=0
Group 0: Iters=5, Procs=52, Factors=1.000000, Dist=2, RM=0, SM=0, RS=0, SS=0
Group 1: Iters=10, Procs=208, Factors=1.000000, Dist=2, RM=0, SM=0, RS=0, SS=5
T_spawn: 4.385147 
T_SR: 0.104119 
T_AR: 0.000000 
T_US: 0.295979 
T_Malleability: 5.117136 
T_total: 6.351233
Config loaded: R=1, S=2, granularity=100000, SDR=1000, ADR=0, Rigid=1, Capture_Method=0
Stage 0: PT=0, T_stage=0.012350, bytes=0, T_capped=0
Stage 1: PT=6, T_stage=0.000000, bytes=33176880, T_capped=0
Group 0: Iters=5, Procs=52, Factors=1.000000, Dist=2, RM=0, SM=0, RS=0, SS=0
Group 1: Iters=10, Procs=208, Factors=1.000000, Dist=2, RM=0, SM=0, RS=0, SS=5
T_spawn: 4.572080 
T_SR: 0.056006 
T_AR: 0.000000 
T_US: 0.255907 
T_Malleability: 5.259662 
T_total: 6.473996
Config loaded: R=1, S=2, granularity=100000, SDR=1000, ADR=0, Rigid=1, Capture_Method=0
Stage 0: PT=0, T_stage=0.012350, bytes=0, T_capped=0
Stage 1: PT=6, T_stage=0.000000, bytes=33176880, T_capped=0
Group 0: Iters=5, Procs=52, Factors=1.000000, Dist=2, RM=0, SM=0, RS=0, SS=0
Group 1: Iters=10, Procs=208, Factors=1.000000, Dist=2, RM=0, SM=0, RS=0, SS=5
T_spawn: 4.505485 
T_SR: 0.127969 
T_AR: 0.000000 
T_US: 0.247807 
T_Malleability: 5.225413 
T_total: 6.427403
Config loaded: R=1, S=2, granularity=100000, SDR=1000, ADR=0, Rigid=1, Capture_Method=0
Stage 0: PT=0, T_stage=0.012350, bytes=0, T_capped=0
Stage 1: PT=6, T_stage=0.000000, bytes=33176880, T_capped=0
Group 0: Iters=5, Procs=52, Factors=1.000000, Dist=2, RM=0, SM=0, RS=0, SS=0
Group 1: Iters=10, Procs=208, Factors=1.000000, Dist=2, RM=0, SM=0, RS=0, SS=5
T_spawn: 4.873058 
T_SR: 0.092117 
T_AR: 0.000000 
T_US: 0.219916 
T_Malleability: 5.605322 
T_total: 6.818379
Config loaded: R=1, S=2, granularity=100000, SDR=1000, ADR=0, Rigid=1, Capture_Method=0
Stage 0: PT=0, T_stage=0.012350, bytes=0, T_capped=0
Stage 1: PT=6, T_stage=0.000000, bytes=33176880, T_capped=0
Group 0: Iters=5, Procs=52, Factors=1.000000, Dist=2, RM=0, SM=0, RS=0, SS=0
Group 1: Iters=10, Procs=208, Factors=1.000000, Dist=2, RM=0, SM=0, RS=0, SS=5
T_spawn: 4.585092 
T_SR: 0.155975 
T_AR: 0.000000 
T_US: 0.276037 
T_Malleability: 5.405300 
T_total: 6.677437
Config loaded: R=1, S=2, granularity=100000, SDR=1000, ADR=0, Rigid=1, Capture_Method=0
Stage 0: PT=0, T_stage=0.012350, bytes=0, T_capped=0
Stage 1: PT=6, T_stage=0.000000, bytes=33176880, T_capped=0
Group 0: Iters=5, Procs=52, Factors=1.000000, Dist=2, RM=0, SM=0, RS=0, SS=0
Group 1: Iters=10, Procs=208, Factors=1.000000, Dist=2, RM=0, SM=0, RS=0, SS=5
T_spawn: 4.315299 
T_SR: 0.131975 
T_AR: 0.000000 
T_US: 0.239658 
T_Malleability: 5.052459 
T_total: 6.278684
Config loaded: R=1, S=2, granularity=100000, SDR=1000, ADR=0, Rigid=1, Capture_Method=0
Stage 0: PT=0, T_stage=0.012350, bytes=0, T_capped=0
Stage 1: PT=6, T_stage=0.000000, bytes=33176880, T_capped=0
Group 0: Iters=5, Procs=52, Factors=1.000000, Dist=2, RM=0, SM=0, RS=0, SS=0
Group 1: Iters=10, Procs=208, Factors=1.000000, Dist=2, RM=0, SM=0, RS=0, SS=5
T_spawn: 4.252219 
T_SR: 0.048019 
T_AR: 0.000000 
T_US: 0.252003 
T_Malleability: 4.976243 
T_total: 6.181190
Config loaded: R=1, S=2, granularity=100000, SDR=1000, ADR=0, Rigid=1, Capture_Method=0
Stage 0: PT=0, T_stage=0.012350, bytes=0, T_capped=0
Stage 1: PT=6, T_stage=0.000000, bytes=33176880, T_capped=0
Group 0: Iters=5, Procs=52, Factors=1.000000, Dist=2, RM=0, SM=0, RS=0, SS=0
Group 1: Iters=10, Procs=208, Factors=1.000000, Dist=2, RM=0, SM=0, RS=0, SS=5
T_spawn: 4.493993 
T_SR: 0.151976 
T_AR: 0.000000 
T_US: 0.203903 
T_Malleability: 5.190056 
T_total: 6.379888
Config loaded: R=1, S=2, granularity=100000, SDR=1000, ADR=0, Rigid=1, Capture_Method=0
Stage 0: PT=0, T_stage=0.012350, bytes=0, T_capped=0
Stage 1: PT=6, T_stage=0.000000, bytes=33176880, T_capped=0
Group 0: Iters=5, Procs=52, Factors=1.000000, Dist=2, RM=0, SM=0, RS=0, SS=0
Group 1: Iters=10, Procs=208, Factors=1.000000, Dist=2, RM=0, SM=0, RS=0, SS=5
T_spawn: 4.431810 
T_SR: 0.116039 
T_AR: 0.000000 
T_US: 0.259916 
T_Malleability: 5.280013 
T_total: 6.504220
Config loaded: R=1, S=2, granularity=100000, SDR=1000, ADR=0, Rigid=1, Capture_Method=0
Stage 0: PT=0, T_stage=0.012350, bytes=0, T_capped=0
Stage 1: PT=6, T_stage=0.000000, bytes=33176880, T_capped=0
Group 0: Iters=5, Procs=52, Factors=1.000000, Dist=2, RM=0, SM=0, RS=0, SS=0
Group 1: Iters=10, Procs=208, Factors=1.000000, Dist=2, RM=0, SM=0, RS=0, SS=5
T_spawn: 4.809802 
T_SR: 0.091973 
T_AR: 0.000000 
T_US: 0.247935 
T_Malleability: 5.553806 
T_total: 6.793654
Config loaded: R=1, S=2, granularity=100000, SDR=1000, ADR=0, Rigid=1, Capture_Method=0
Stage 0: PT=0, T_stage=0.012350, bytes=0, T_capped=0
Stage 1: PT=6, T_stage=0.000000, bytes=33176880, T_capped=0
Group 0: Iters=5, Procs=52, Factors=1.000000, Dist=2, RM=0, SM=0, RS=0, SS=0
Group 1: Iters=10, Procs=208, Factors=1.000000, Dist=2, RM=0, SM=0, RS=0, SS=5
T_spawn: 4.717296 
T_SR: 0.115956 
T_AR: 0.000000 
T_US: 0.211890 
T_Malleability: 5.455869 
T_total: 6.680463
Config loaded: R=1, S=2, granularity=100000, SDR=1000, ADR=0, Rigid=1, Capture_Method=0
Stage 0: PT=0, T_stage=0.012350, bytes=0, T_capped=0
Stage 1: PT=6, T_stage=0.000000, bytes=33176880, T_capped=0
Group 0: Iters=5, Procs=52, Factors=1.000000, Dist=2, RM=0, SM=0, RS=0, SS=0
Group 1: Iters=10, Procs=208, Factors=1.000000, Dist=2, RM=0, SM=0, RS=0, SS=5
T_spawn: 4.263735 
T_SR: 0.128058 
T_AR: 0.000000 
T_US: 0.267999 
T_Malleability: 5.095814 
T_total: 6.319626
Config loaded: R=1, S=2, granularity=100000, SDR=1000, ADR=0, Rigid=1, Capture_Method=0
Stage 0: PT=0, T_stage=0.012350, bytes=0, T_capped=0
Stage 1: PT=6, T_stage=0.000000, bytes=33176880, T_capped=0
Group 0: Iters=5, Procs=52, Factors=1.000000, Dist=2, RM=0, SM=0, RS=0, SS=0
Group 1: Iters=10, Procs=208, Factors=1.000000, Dist=2, RM=0, SM=0, RS=0, SS=5
T_spawn: 4.467831 
T_SR: 0.140039 
T_AR: 0.000000 
T_US: 0.240078 
T_Malleability: 5.231807 
T_total: 6.443010
Config loaded: R=1, S=2, granularity=100000, SDR=1000, ADR=0, Rigid=1, Capture_Method=0
Stage 0: PT=0, T_stage=0.012350, bytes=0, T_capped=0
Stage 1: PT=6, T_stage=0.000000, bytes=33176880, T_capped=0
Group 0: Iters=5, Procs=52, Factors=1.000000, Dist=2, RM=0, SM=0, RS=0, SS=0
Group 1: Iters=10, Procs=208, Factors=1.000000, Dist=2, RM=0, SM=0, RS=0, SS=5
T_spawn: 4.355373 
T_SR: 0.095992 
T_AR: 0.000000 
T_US: 0.184043 
T_Malleability: 4.993187 
T_total: 6.206495
