Config: granularity=100000, SDR=1000, ADR=0, Rigid=1, Capture_Method=0
Stage 0: PT=0, T_stage=0.012350, bytes=0, T_capped=0
Stage 1: PT=6, T_stage=0.000000, bytes=33176880, T_capped=0
Group 0: Iters=5, Procs=52, Factors=1.000000, Dist=2, RM=0, SM=0, RS=0, SS=0, parents=0, children=208
Async_Iters: 0
T_iter: 0.088246 0.075703 0.075304 0.075841 0.076103 
T_stage 0: 0.012939 0.013130 0.013139 0.012879 0.012942 
T_stage 1: 0.075289 0.062519 0.062116 0.062909 0.063073 
Config: granularity=100000, SDR=1000, ADR=0, Rigid=1, Capture_Method=0
Stage 0: PT=0, T_stage=0.012350, bytes=0, T_capped=0
Stage 1: PT=6, T_stage=0.000000, bytes=33176880, T_capped=0
Group 0: Iters=5, Procs=52, Factors=1.000000, Dist=2, RM=0, SM=0, RS=0, SS=0, parents=0, children=208
Async_Iters: 0
T_iter: 0.087960 0.074857 0.074853 0.075212 0.074639 
T_stage 0: 0.012894 0.012914 0.012882 0.012907 0.012935 
T_stage 1: 0.075031 0.061890 0.061917 0.062280 0.061689 
Config: granularity=100000, SDR=1000, ADR=0, Rigid=1, Capture_Method=0
Stage 0: PT=0, T_stage=0.012350, bytes=0, T_capped=0
Stage 1: PT=6, T_stage=0.000000, bytes=33176880, T_capped=0
Group 0: Iters=5, Procs=52, Factors=1.000000, Dist=2, RM=0, SM=0, RS=0, SS=0, parents=0, children=208
Async_Iters: 0
T_iter: 0.088897 0.077708 0.077195 0.076633 0.076943 
T_stage 0: 0.012899 0.012962 0.013319 0.012939 0.012884 
T_stage 1: 0.075959 0.064691 0.063822 0.063643 0.063995 
Config: granularity=100000, SDR=1000, ADR=0, Rigid=1, Capture_Method=0
Stage 0: PT=0, T_stage=0.012350, bytes=0, T_capped=0
Stage 1: PT=6, T_stage=0.000000, bytes=33176880, T_capped=0
Group 0: Iters=5, Procs=52, Factors=1.000000, Dist=2, RM=0, SM=0, RS=0, SS=0, parents=0, children=208
Async_Iters: 0
T_iter: 0.098572 0.077088 0.089816 0.080693 0.079217 
T_stage 0: 0.012936 0.013142 0.012907 0.012892 0.012940 
T_stage 1: 0.085580 0.063866 0.076888 0.067695 0.066191 
Config: granularity=100000, SDR=1000, ADR=0, Rigid=1, Capture_Method=0
Stage 0: PT=0, T_stage=0.012350, bytes=0, T_capped=0
Stage 1: PT=6, T_stage=0.000000, bytes=33176880, T_capped=0
Group 0: Iters=5, Procs=52, Factors=1.000000, Dist=2, RM=0, SM=0, RS=0, SS=0, parents=0, children=208
Async_Iters: 0
T_iter: 0.087136 0.074408 0.074012 0.073874 0.073701 
T_stage 0: 0.013011 0.013111 0.013087 0.013029 0.013045 
T_stage 1: 0.073986 0.061242 0.060902 0.060757 0.060599 
Config: granularity=100000, SDR=1000, ADR=0, Rigid=1, Capture_Method=0
Stage 0: PT=0, T_stage=0.012350, bytes=0, T_capped=0
Stage 1: PT=6, T_stage=0.000000, bytes=33176880, T_capped=0
Group 0: Iters=5, Procs=52, Factors=1.000000, Dist=2, RM=0, SM=0, RS=0, SS=0, parents=0, children=208
Async_Iters: 0
T_iter: 0.086392 0.075757 0.075758 0.075496 0.075948 
T_stage 0: 0.012905 0.012955 0.012915 0.012932 0.012959 
T_stage 1: 0.073467 0.062758 0.062792 0.062479 0.062912 
Config: granularity=100000, SDR=1000, ADR=0, Rigid=1, Capture_Method=0
Stage 0: PT=0, T_stage=0.012350, bytes=0, T_capped=0
Stage 1: PT=6, T_stage=0.000000, bytes=33176880, T_capped=0
Group 0: Iters=5, Procs=52, Factors=1.000000, Dist=2, RM=0, SM=0, RS=0, SS=0, parents=0, children=208
Async_Iters: 0
T_iter: 0.087785 0.074120 0.074692 0.075141 0.075428 
T_stage 0: 0.012916 0.012921 0.012912 0.012888 0.012940 
T_stage 1: 0.074857 0.061132 0.061764 0.062132 0.062448 
Config: granularity=100000, SDR=1000, ADR=0, Rigid=1, Capture_Method=0
Stage 0: PT=0, T_stage=0.012350, bytes=0, T_capped=0
Stage 1: PT=6, T_stage=0.000000, bytes=33176880, T_capped=0
Group 0: Iters=5, Procs=52, Factors=1.000000, Dist=2, RM=0, SM=0, RS=0, SS=0, parents=0, children=208
Async_Iters: 0
T_iter: 0.087906 0.075142 0.075798 0.075614 0.076143 
T_stage 0: 0.012920 0.012993 0.013318 0.012880 0.012933 
T_stage 1: 0.074955 0.062118 0.062416 0.062672 0.063188 
Config: granularity=100000, SDR=1000, ADR=0, Rigid=1, Capture_Method=0
Stage 0: PT=0, T_stage=0.012350, bytes=0, T_capped=0
Stage 1: PT=6, T_stage=0.000000, bytes=33176880, T_capped=0
Group 0: Iters=5, Procs=52, Factors=1.000000, Dist=2, RM=0, SM=0, RS=0, SS=0, parents=0, children=208
Async_Iters: 0
T_iter: 0.086074 0.074770 0.073319 0.073524 0.073223 
T_stage 0: 0.012908 0.012923 0.012931 0.012888 0.012918 
T_stage 1: 0.073151 0.061823 0.060325 0.060587 0.060284 
Config: granularity=100000, SDR=1000, ADR=0, Rigid=1, Capture_Method=0
Stage 0: PT=0, T_stage=0.012350, bytes=0, T_capped=0
Stage 1: PT=6, T_stage=0.000000, bytes=33176880, T_capped=0
Group 0: Iters=5, Procs=52, Factors=1.000000, Dist=2, RM=0, SM=0, RS=0, SS=0, parents=0, children=208
Async_Iters: 0
T_iter: 0.091083 0.076063 0.077411 0.075009 0.075553 
T_stage 0: 0.012931 0.012886 0.012916 0.012954 0.012895 
T_stage 1: 0.078107 0.063133 0.064404 0.061984 0.062586 
Config: granularity=100000, SDR=1000, ADR=0, Rigid=1, Capture_Method=0
Stage 0: PT=0, T_stage=0.012350, bytes=0, T_capped=0
Stage 1: PT=6, T_stage=0.000000, bytes=33176880, T_capped=0
Group 0: Iters=5, Procs=52, Factors=1.000000, Dist=2, RM=0, SM=0, RS=0, SS=0, parents=0, children=208
Async_Iters: 0
T_iter: 0.134687 0.077340 0.076559 0.077798 0.081195 
T_stage 0: 0.012994 0.012989 0.012988 0.012988 0.013017 
T_stage 1: 0.121641 0.064301 0.063510 0.064749 0.068115 
Config: granularity=100000, SDR=1000, ADR=0, Rigid=1, Capture_Method=0
Stage 0: PT=0, T_stage=0.012350, bytes=0, T_capped=0
Stage 1: PT=6, T_stage=0.000000, bytes=33176880, T_capped=0
Group 0: Iters=5, Procs=52, Factors=1.000000, Dist=2, RM=0, SM=0, RS=0, SS=0, parents=0, children=208
Async_Iters: 0
T_iter: 0.091030 0.075865 0.076731 0.076721 0.077808 
T_stage 0: 0.012909 0.012902 0.012888 0.012928 0.012922 
T_stage 1: 0.078094 0.062920 0.063782 0.063727 0.064862 
Config: granularity=100000, SDR=1000, ADR=0, Rigid=1, Capture_Method=0
Stage 0: PT=0, T_stage=0.012350, bytes=0, T_capped=0
Stage 1: PT=6, T_stage=0.000000, bytes=33176880, T_capped=0
Group 0: Iters=5, Procs=52, Factors=1.000000, Dist=2, RM=0, SM=0, RS=0, SS=0, parents=0, children=208
Async_Iters: 0
T_iter: 0.088365 0.075908 0.076609 0.076245 0.078482 
T_stage 0: 0.012961 0.012976 0.012942 0.012933 0.012977 
T_stage 1: 0.075384 0.062915 0.063606 0.063246 0.065436 
Config: granularity=100000, SDR=1000, ADR=0, Rigid=1, Capture_Method=0
Stage 0: PT=0, T_stage=0.012350, bytes=0, T_capped=0
Stage 1: PT=6, T_stage=0.000000, bytes=33176880, T_capped=0
Group 0: Iters=5, Procs=52, Factors=1.000000, Dist=2, RM=0, SM=0, RS=0, SS=0, parents=0, children=208
Async_Iters: 0
T_iter: 0.087017 0.073785 0.073934 0.074078 0.074100 
T_stage 0: 0.012880 0.012903 0.012925 0.012968 0.012949 
T_stage 1: 0.074094 0.060794 0.060951 0.061031 0.061141 
Config: granularity=100000, SDR=1000, ADR=0, Rigid=1, Capture_Method=0
Stage 0: PT=0, T_stage=0.012350, bytes=0, T_capped=0
Stage 1: PT=6, T_stage=0.000000, bytes=33176880, T_capped=0
Group 0: Iters=5, Procs=52, Factors=1.000000, Dist=2, RM=0, SM=0, RS=0, SS=0, parents=0, children=208
Async_Iters: 0
T_iter: 0.088826 0.075602 0.075673 0.075177 0.075073 
T_stage 0: 0.012995 0.013143 0.012990 0.013009 0.013017 
T_stage 1: 0.075728 0.062404 0.062604 0.062152 0.061982 
Config: granularity=100000, SDR=1000, ADR=0, Rigid=1, Capture_Method=0
Stage 0: PT=0, T_stage=0.012350, bytes=0, T_capped=0
Stage 1: PT=6, T_stage=0.000000, bytes=33176880, T_capped=0
Group 0: Iters=5, Procs=52, Factors=1.000000, Dist=2, RM=0, SM=0, RS=0, SS=0, parents=0, children=208
Async_Iters: 0
T_iter: 0.091916 0.083320 0.083435 0.083804 0.083966 
T_stage 0: 0.018675 0.018670 0.018705 0.018704 0.018708 
T_stage 1: 0.073205 0.064551 0.064603 0.065080 0.065221 
Config: granularity=100000, SDR=1000, ADR=0, Rigid=1, Capture_Method=0
Stage 0: PT=0, T_stage=0.012350, bytes=0, T_capped=0
Stage 1: PT=6, T_stage=0.000000, bytes=33176880, T_capped=0
Group 0: Iters=5, Procs=52, Factors=1.000000, Dist=2, RM=0, SM=0, RS=0, SS=0, parents=0, children=208
Async_Iters: 0
T_iter: 0.089368 0.076343 0.076581 0.076847 0.076906 
T_stage 0: 0.012880 0.013149 0.012902 0.012915 0.012923 
T_stage 1: 0.076449 0.063073 0.063605 0.063855 0.063968 
Config: granularity=100000, SDR=1000, ADR=0, Rigid=1, Capture_Method=0
Stage 0: PT=0, T_stage=0.012350, bytes=0, T_capped=0
Stage 1: PT=6, T_stage=0.000000, bytes=33176880, T_capped=0
Group 0: Iters=5, Procs=52, Factors=1.000000, Dist=2, RM=0, SM=0, RS=0, SS=0, parents=0, children=208
Async_Iters: 0
T_iter: 0.090267 0.077843 0.077423 0.077016 0.078362 
T_stage 0: 0.012942 0.012885 0.012895 0.012904 0.012885 
T_stage 1: 0.077299 0.064900 0.064483 0.064048 0.065436 
Config: granularity=100000, SDR=1000, ADR=0, Rigid=1, Capture_Method=0
Stage 0: PT=0, T_stage=0.012350, bytes=0, T_capped=0
Stage 1: PT=6, T_stage=0.000000, bytes=33176880, T_capped=0
Group 0: Iters=5, Procs=52, Factors=1.000000, Dist=2, RM=0, SM=0, RS=0, SS=0, parents=0, children=208
Async_Iters: 0
T_iter: 0.084882 0.075296 0.076689 0.075980 0.075250 
T_stage 0: 0.011974 0.011993 0.011975 0.011977 0.012003 
T_stage 1: 0.072877 0.063251 0.064643 0.063947 0.063155 
Config: granularity=100000, SDR=1000, ADR=0, Rigid=1, Capture_Method=0
Stage 0: PT=0, T_stage=0.012350, bytes=0, T_capped=0
Stage 1: PT=6, T_stage=0.000000, bytes=33176880, T_capped=0
Group 0: Iters=5, Procs=52, Factors=1.000000, Dist=2, RM=0, SM=0, RS=0, SS=0, parents=0, children=208
Async_Iters: 0
T_iter: 0.092991 0.075501 0.076910 0.075953 0.075741 
T_stage 0: 0.013355 0.013378 0.013357 0.013341 0.013377 
T_stage 1: 0.079626 0.062093 0.063490 0.062549 0.062342 
