Config: granularity=100000, SDR=1000, ADR=0, Rigid=1, Capture_Method=0
Stage 0: PT=0, T_stage=0.012350, bytes=0, T_capped=0
Stage 1: PT=6, T_stage=0.000000, bytes=33176880, T_capped=0
Group 1: Iters=10, Procs=208, Factors=1.000000, Dist=2, RM=0, SM=0, RS=0, SS=5, parents=156, children=0
Async_Iters: 0
T_iter: 0.095772 0.078380 0.080519 0.080716 0.079732 0.079794 0.079409 0.079532 0.079322 0.078881 
T_stage 0: 0.014006 0.013155 0.014024 0.013547 0.019951 0.013526 0.015672 0.013555 0.015168 0.014359 
T_stage 1: 0.081448 0.064996 0.066362 0.066600 0.066319 0.066052 0.065974 0.065843 0.065905 0.065492 
Config: granularity=100000, SDR=1000, ADR=0, Rigid=1, Capture_Method=0
Stage 0: PT=0, T_stage=0.012350, bytes=0, T_capped=0
Stage 1: PT=6, T_stage=0.000000, bytes=33176880, T_capped=0
Group 1: Iters=10, Procs=208, Factors=1.000000, Dist=2, RM=0, SM=0, RS=0, SS=5, parents=156, children=0
Async_Iters: 0
T_iter: 0.105000 0.078348 0.085194 0.104837 0.078965 0.079069 0.079035 0.079210 0.079119 0.079300 
T_stage 0: 0.022461 0.013342 0.013986 0.024874 0.013351 0.013350 0.013343 0.014617 0.013534 0.014709 
T_stage 1: 0.082336 0.064799 0.071118 0.085418 0.065451 0.065465 0.065536 0.065724 0.065393 0.065793 
Config: granularity=100000, SDR=1000, ADR=0, Rigid=1, Capture_Method=0
Stage 0: PT=0, T_stage=0.012350, bytes=0, T_capped=0
Stage 1: PT=6, T_stage=0.000000, bytes=33176880, T_capped=0
Group 1: Iters=10, Procs=208, Factors=1.000000, Dist=2, RM=0, SM=0, RS=0, SS=5, parents=156, children=0
Async_Iters: 0
T_iter: 0.095205 0.078204 0.078635 0.086822 0.078868 0.079151 0.078146 0.078554 0.078066 0.078133 
T_stage 0: 0.014308 0.013701 0.018454 0.014909 0.013727 0.014910 0.013727 0.013691 0.013674 0.013680 
T_stage 1: 0.080224 0.064273 0.064569 0.072807 0.064565 0.065247 0.064330 0.064666 0.064185 0.064306 
Config: granularity=100000, SDR=1000, ADR=0, Rigid=1, Capture_Method=0
Stage 0: PT=0, T_stage=0.012350, bytes=0, T_capped=0
Stage 1: PT=6, T_stage=0.000000, bytes=33176880, T_capped=0
Group 1: Iters=10, Procs=208, Factors=1.000000, Dist=2, RM=0, SM=0, RS=0, SS=5, parents=156, children=0
Async_Iters: 0
T_iter: 0.128566 0.088263 0.103995 0.105447 0.088547 0.088363 0.088241 0.088341 0.088089 0.088107 
T_stage 0: 0.032836 0.014044 0.013565 0.031007 0.013329 0.013326 0.013255 0.013248 0.013217 0.013221 
T_stage 1: 0.099025 0.073557 0.076475 0.074277 0.075067 0.074823 0.074803 0.074885 0.074667 0.074730 
Config: granularity=100000, SDR=1000, ADR=0, Rigid=1, Capture_Method=0
Stage 0: PT=0, T_stage=0.012350, bytes=0, T_capped=0
Stage 1: PT=6, T_stage=0.000000, bytes=33176880, T_capped=0
Group 1: Iters=10, Procs=208, Factors=1.000000, Dist=2, RM=0, SM=0, RS=0, SS=5, parents=156, children=0
Async_Iters: 0
T_iter: 0.095418 0.080907 0.081091 0.082407 0.080360 0.080228 0.080314 0.080705 0.080327 0.080327 
T_stage 0: 0.013706 0.013684 0.013754 0.013666 0.013769 0.013744 0.013663 0.013801 0.013782 0.013785 
T_stage 1: 0.080642 0.066962 0.066646 0.068501 0.066447 0.066262 0.066430 0.066701 0.066344 0.066379 
Config: granularity=100000, SDR=1000, ADR=0, Rigid=1, Capture_Method=0
Stage 0: PT=0, T_stage=0.012350, bytes=0, T_capped=0
Stage 1: PT=6, T_stage=0.000000, bytes=33176880, T_capped=0
Group 1: Iters=10, Procs=208, Factors=1.000000, Dist=2, RM=0, SM=0, RS=0, SS=5, parents=156, children=0
Async_Iters: 0
T_iter: 0.094769 0.079982 0.079847 0.088591 0.078386 0.079000 0.077927 0.079569 0.079310 0.078801 
T_stage 0: 0.015004 0.013277 0.015275 0.019330 0.013472 0.015966 0.015302 0.013370 0.013411 0.015047 
T_stage 1: 0.079613 0.066628 0.066126 0.070149 0.064924 0.065295 0.064405 0.066079 0.065798 0.065336 
Config: granularity=100000, SDR=1000, ADR=0, Rigid=1, Capture_Method=0
Stage 0: PT=0, T_stage=0.012350, bytes=0, T_capped=0
Stage 1: PT=6, T_stage=0.000000, bytes=33176880, T_capped=0
Group 1: Iters=10, Procs=208, Factors=1.000000, Dist=2, RM=0, SM=0, RS=0, SS=5, parents=156, children=0
Async_Iters: 0
T_iter: 0.096403 0.087594 0.095656 0.080707 0.087597 0.076678 0.076890 0.076490 0.077074 0.076793 
T_stage 0: 0.015511 0.013388 0.013931 0.014515 0.014250 0.013947 0.013615 0.013353 0.013356 0.013226 
T_stage 1: 0.080760 0.074027 0.082143 0.066470 0.073266 0.063316 0.063056 0.062986 0.063597 0.063444 
Config: granularity=100000, SDR=1000, ADR=0, Rigid=1, Capture_Method=0
Stage 0: PT=0, T_stage=0.012350, bytes=0, T_capped=0
Stage 1: PT=6, T_stage=0.000000, bytes=33176880, T_capped=0
Group 1: Iters=10, Procs=208, Factors=1.000000, Dist=2, RM=0, SM=0, RS=0, SS=5, parents=156, children=0
Async_Iters: 0
T_iter: 0.095674 0.077592 0.077473 0.083786 0.077404 0.077572 0.077211 0.077856 0.078396 0.077239 
T_stage 0: 0.014186 0.013197 0.013116 0.012516 0.012265 0.013360 0.013597 0.012220 0.012478 0.013015 
T_stage 1: 0.081256 0.064289 0.064305 0.071116 0.064903 0.064724 0.064840 0.065448 0.065194 0.064853 
Config: granularity=100000, SDR=1000, ADR=0, Rigid=1, Capture_Method=0
Stage 0: PT=0, T_stage=0.012350, bytes=0, T_capped=0
Stage 1: PT=6, T_stage=0.000000, bytes=33176880, T_capped=0
Group 1: Iters=10, Procs=208, Factors=1.000000, Dist=2, RM=0, SM=0, RS=0, SS=5, parents=156, children=0
Async_Iters: 0
T_iter: 0.100785 0.080752 0.085931 0.089526 0.080802 0.080716 0.080394 0.081070 0.080970 0.080448 
T_stage 0: 0.017326 0.013270 0.013228 0.014925 0.014359 0.014641 0.013424 0.013175 0.014986 0.013156 
T_stage 1: 0.083293 0.066730 0.072011 0.074808 0.067467 0.067423 0.066834 0.067749 0.067366 0.067092 
Config: granularity=100000, SDR=1000, ADR=0, Rigid=1, Capture_Method=0
Stage 0: PT=0, T_stage=0.012350, bytes=0, T_capped=0
Stage 1: PT=6, T_stage=0.000000, bytes=33176880, T_capped=0
Group 1: Iters=10, Procs=208, Factors=1.000000, Dist=2, RM=0, SM=0, RS=0, SS=5, parents=156, children=0
Async_Iters: 0
T_iter: 0.110614 0.078931 0.082219 0.085176 0.079706 0.078812 0.079472 0.079000 0.079162 0.079847 
T_stage 0: 0.028999 0.013788 0.013952 0.020834 0.014593 0.013283 0.013361 0.013613 0.013331 0.014208 
T_stage 1: 0.081374 0.064954 0.068115 0.065523 0.066347 0.065423 0.065988 0.065298 0.065752 0.065782 
Config: granularity=100000, SDR=1000, ADR=0, Rigid=1, Capture_Method=0
Stage 0: PT=0, T_stage=0.012350, bytes=0, T_capped=0
Stage 1: PT=6, T_stage=0.000000, bytes=33176880, T_capped=0
Group 1: Iters=10, Procs=208, Factors=1.000000, Dist=2, RM=0, SM=0, RS=0, SS=5, parents=156, children=0
Async_Iters: 0
T_iter: 0.098467 0.079335 0.080156 0.080125 0.283284 0.079571 0.079269 0.077640 0.078314 0.078877 
T_stage 0: 0.018161 0.013347 0.014568 0.013332 0.013593 0.014185 0.013330 0.013403 0.014141 0.013341 
T_stage 1: 0.080190 0.065874 0.066750 0.066186 0.269666 0.066081 0.065862 0.064246 0.064797 0.065443 
Config: granularity=100000, SDR=1000, ADR=0, Rigid=1, Capture_Method=0
Stage 0: PT=0, T_stage=0.012350, bytes=0, T_capped=0
Stage 1: PT=6, T_stage=0.000000, bytes=33176880, T_capped=0
Group 1: Iters=10, Procs=208, Factors=1.000000, Dist=2, RM=0, SM=0, RS=0, SS=5, parents=156, children=0
Async_Iters: 0
T_iter: 0.097792 0.078156 0.085526 0.086918 0.078926 0.078182 0.078005 0.078209 0.077744 0.079247 
T_stage 0: 0.017041 0.013297 0.013167 0.018694 0.014888 0.013392 0.013128 0.013131 0.013605 0.013153 
T_stage 1: 0.080591 0.064725 0.072217 0.067743 0.065171 0.064707 0.064737 0.064887 0.064451 0.065918 
Config: granularity=100000, SDR=1000, ADR=0, Rigid=1, Capture_Method=0
Stage 0: PT=0, T_stage=0.012350, bytes=0, T_capped=0
Stage 1: PT=6, T_stage=0.000000, bytes=33176880, T_capped=0
Group 1: Iters=10, Procs=208, Factors=1.000000, Dist=2, RM=0, SM=0, RS=0, SS=5, parents=156, children=0
Async_Iters: 0
T_iter: 0.094987 0.078486 0.078231 0.083227 0.078374 0.077581 0.077808 0.077881 0.078139 0.279197 
T_stage 0: 0.014121 0.013384 0.014766 0.020874 0.013194 0.013176 0.014068 0.014968 0.013189 0.013199 
T_stage 1: 0.080683 0.064562 0.064248 0.064658 0.065048 0.064238 0.064241 0.064326 0.064758 0.265450 
Config: granularity=100000, SDR=1000, ADR=0, Rigid=1, Capture_Method=0
Stage 0: PT=0, T_stage=0.012350, bytes=0, T_capped=0
Stage 1: PT=6, T_stage=0.000000, bytes=33176880, T_capped=0
Group 1: Iters=10, Procs=208, Factors=1.000000, Dist=2, RM=0, SM=0, RS=0, SS=5, parents=156, children=0
Async_Iters: 0
T_iter: 0.095520 0.080094 0.081971 0.081416 0.080717 0.080734 0.081141 0.082545 0.081822 0.081746 
T_stage 0: 0.013779 0.014113 0.013822 0.015247 0.013850 0.015535 0.013758 0.015201 0.014768 0.013839 
T_stage 1: 0.081121 0.065741 0.067138 0.067390 0.066764 0.066762 0.067134 0.068232 0.067852 0.067285 
Config: granularity=100000, SDR=1000, ADR=0, Rigid=1, Capture_Method=0
Stage 0: PT=0, T_stage=0.012350, bytes=0, T_capped=0
Stage 1: PT=6, T_stage=0.000000, bytes=33176880, T_capped=0
Group 1: Iters=10, Procs=208, Factors=1.000000, Dist=2, RM=0, SM=0, RS=0, SS=5, parents=156, children=0
Async_Iters: 0
T_iter: 0.097668 0.077490 0.082549 0.090159 0.080139 0.076633 0.077099 0.077013 0.076784 0.076848 
T_stage 0: 0.015157 0.013814 0.014670 0.013948 0.016558 0.013191 0.013332 0.013152 0.013708 0.013436 
T_stage 1: 0.082361 0.063522 0.062986 0.068325 0.063408 0.063308 0.063611 0.063750 0.063272 0.063270 
Config: granularity=100000, SDR=1000, ADR=0, Rigid=1, Capture_Method=0
Stage 0: PT=0, T_stage=0.012350, bytes=0, T_capped=0
Stage 1: PT=6, T_stage=0.000000, bytes=33176880, T_capped=0
Group 1: Iters=10, Procs=208, Factors=1.000000, Dist=2, RM=0, SM=0, RS=0, SS=5, parents=156, children=0
Async_Iters: 0
T_iter: 0.114236 0.078558 0.088472 0.080927 0.080016 0.081648 0.079479 0.081122 0.080444 0.081042 
T_stage 0: 0.032021 0.013302 0.014144 0.013929 0.013148 0.014245 0.013317 0.013404 0.013698 0.013392 
T_stage 1: 0.082098 0.065204 0.075182 0.066826 0.066793 0.068339 0.066021 0.067561 0.067095 0.067490 
Config: granularity=100000, SDR=1000, ADR=0, Rigid=1, Capture_Method=0
Stage 0: PT=0, T_stage=0.012350, bytes=0, T_capped=0
Stage 1: PT=6, T_stage=0.000000, bytes=33176880, T_capped=0
Group 1: Iters=10, Procs=208, Factors=1.000000, Dist=2, RM=0, SM=0, RS=0, SS=5, parents=156, children=0
Async_Iters: 0
T_iter: 0.094107 0.083255 0.078228 0.085187 0.078393 0.081448 0.078108 0.079039 0.079159 0.078326 
T_stage 0: 0.013276 0.018326 0.013291 0.018070 0.013493 0.014611 0.014240 0.013497 0.013347 0.013285 
T_stage 1: 0.080656 0.064483 0.064793 0.071532 0.064855 0.067740 0.064633 0.065695 0.065089 0.064866 
Config: granularity=100000, SDR=1000, ADR=0, Rigid=1, Capture_Method=0
Stage 0: PT=0, T_stage=0.012350, bytes=0, T_capped=0
Stage 1: PT=6, T_stage=0.000000, bytes=33176880, T_capped=0
Group 1: Iters=10, Procs=208, Factors=1.000000, Dist=2, RM=0, SM=0, RS=0, SS=5, parents=156, children=0
Async_Iters: 0
T_iter: 0.096447 0.078704 0.078503 0.082519 0.080341 0.078904 0.079412 0.079344 0.079061 0.079323 
T_stage 0: 0.016563 0.013502 0.014175 0.013919 0.021188 0.013329 0.019665 0.013618 0.021943 0.021521 
T_stage 1: 0.082967 0.065090 0.065174 0.068923 0.066940 0.065470 0.066016 0.065609 0.065703 0.065791 
Config: granularity=100000, SDR=1000, ADR=0, Rigid=1, Capture_Method=0
Stage 0: PT=0, T_stage=0.012350, bytes=0, T_capped=0
Stage 1: PT=6, T_stage=0.000000, bytes=33176880, T_capped=0
Group 1: Iters=10, Procs=208, Factors=1.000000, Dist=2, RM=0, SM=0, RS=0, SS=5, parents=156, children=0
Async_Iters: 0
T_iter: 0.110417 0.081847 0.091125 0.095539 0.080290 0.080275 0.080339 0.080413 0.080529 0.080132 
T_stage 0: 0.026987 0.016252 0.014876 0.016106 0.013195 0.013368 0.013190 0.013176 0.013133 0.013147 
T_stage 1: 0.082737 0.067680 0.071893 0.081907 0.066951 0.066807 0.066983 0.067112 0.067197 0.066872 
Config: granularity=100000, SDR=1000, ADR=0, Rigid=1, Capture_Method=0
Stage 0: PT=0, T_stage=0.012350, bytes=0, T_capped=0
Stage 1: PT=6, T_stage=0.000000, bytes=33176880, T_capped=0
Group 1: Iters=10, Procs=208, Factors=1.000000, Dist=2, RM=0, SM=0, RS=0, SS=5, parents=156, children=0
Async_Iters: 0
T_iter: 0.102307 0.080810 0.086861 0.085264 0.078401 0.078227 0.078201 0.078183 0.078819 0.078720 
T_stage 0: 0.021275 0.015515 0.013159 0.013178 0.014012 0.013129 0.013377 0.014577 0.013172 0.013418 
T_stage 1: 0.080428 0.066760 0.073605 0.071542 0.064851 0.064913 0.064663 0.064913 0.065074 0.064825 
