Config loaded: R=1, S=2, granularity=100000, SDR=1000, ADR=0, Rigid=1, Capture_Method=0
Stage 0: PT=0, T_stage=0.012350, bytes=0, T_capped=0
Stage 1: PT=6, T_stage=0.000000, bytes=33176880, T_capped=0
Group 0: Iters=5, Procs=312, Factors=1.000000, Dist=2, RM=0, SM=0, RS=0, SS=0
Group 1: Iters=10, Procs=208, Factors=1.000000, Dist=2, RM=0, SM=0, RS=0, SS=5
T_spawn: 6.885669 
T_SR: 0.143967 
T_AR: 0.000000 
T_US: 0.287248 
T_Malleability: 7.741687 
T_total: 9.089641
Config loaded: R=1, S=2, granularity=100000, SDR=1000, ADR=0, Rigid=1, Capture_Method=0
Stage 0: PT=0, T_stage=0.012350, bytes=0, T_capped=0
Stage 1: PT=6, T_stage=0.000000, bytes=33176880, T_capped=0
Group 0: Iters=5, Procs=312, Factors=1.000000, Dist=2, RM=0, SM=0, RS=0, SS=0
Group 1: Iters=10, Procs=208, Factors=1.000000, Dist=2, RM=0, SM=0, RS=0, SS=5
T_spawn: 7.304848 
T_SR: 0.108005 
T_AR: 0.000000 
T_US: 0.267937 
T_Malleability: 8.103333 
T_total: 9.366171
Config loaded: R=1, S=2, granularity=100000, SDR=1000, ADR=0, Rigid=1, Capture_Method=0
Stage 0: PT=0, T_stage=0.012350, bytes=0, T_capped=0
Stage 1: PT=6, T_stage=0.000000, bytes=33176880, T_capped=0
Group 0: Iters=5, Procs=312, Factors=1.000000, Dist=2, RM=0, SM=0, RS=0, SS=0
Group 1: Iters=10, Procs=208, Factors=1.000000, Dist=2, RM=0, SM=0, RS=0, SS=5
T_spawn: 7.430551 
T_SR: 0.122505 
T_AR: 0.000000 
T_US: 0.284013 
T_Malleability: 8.228777 
T_total: 9.514167
Config loaded: R=1, S=2, granularity=100000, SDR=1000, ADR=0, Rigid=1, Capture_Method=0
Stage 0: PT=0, T_stage=0.012350, bytes=0, T_capped=0
Stage 1: PT=6, T_stage=0.000000, bytes=33176880, T_capped=0
Group 0: Iters=5, Procs=312, Factors=1.000000, Dist=2, RM=0, SM=0, RS=0, SS=0
Group 1: Iters=10, Procs=208, Factors=1.000000, Dist=2, RM=0, SM=0, RS=0, SS=5
T_spawn: 7.320547 
T_SR: 0.149124 
T_AR: 0.000000 
T_US: 0.274545 
T_Malleability: 8.119883 
T_total: 9.434324
Config loaded: R=1, S=2, granularity=100000, SDR=1000, ADR=0, Rigid=1, Capture_Method=0
Stage 0: PT=0, T_stage=0.012350, bytes=0, T_capped=0
Stage 1: PT=6, T_stage=0.000000, bytes=33176880, T_capped=0
Group 0: Iters=5, Procs=312, Factors=1.000000, Dist=2, RM=0, SM=0, RS=0, SS=0
Group 1: Iters=10, Procs=208, Factors=1.000000, Dist=2, RM=0, SM=0, RS=0, SS=5
T_spawn: 7.080391 
T_SR: 0.104003 
T_AR: 0.000000 
T_US: 0.284773 
T_Malleability: 7.846813 
T_total: 9.150429
Config loaded: R=1, S=2, granularity=100000, SDR=1000, ADR=0, Rigid=1, Capture_Method=0
Stage 0: PT=0, T_stage=0.012350, bytes=0, T_capped=0
Stage 1: PT=6, T_stage=0.000000, bytes=33176880, T_capped=0
Group 0: Iters=5, Procs=312, Factors=1.000000, Dist=2, RM=0, SM=0, RS=0, SS=0
Group 1: Iters=10, Procs=208, Factors=1.000000, Dist=2, RM=0, SM=0, RS=0, SS=5
T_spawn: 7.834191 
T_SR: 0.112007 
T_AR: 0.000000 
T_US: 0.268019 
T_Malleability: 8.610472 
T_total: 9.982378
Config loaded: R=1, S=2, granularity=100000, SDR=1000, ADR=0, Rigid=1, Capture_Method=0
Stage 0: PT=0, T_stage=0.012350, bytes=0, T_capped=0
Stage 1: PT=6, T_stage=0.000000, bytes=33176880, T_capped=0
Group 0: Iters=5, Procs=312, Factors=1.000000, Dist=2, RM=0, SM=0, RS=0, SS=0
Group 1: Iters=10, Procs=208, Factors=1.000000, Dist=2, RM=0, SM=0, RS=0, SS=5
T_spawn: 7.282117 
T_SR: 0.146058 
T_AR: 0.000000 
T_US: 0.231991 
T_Malleability: 8.084825 
T_total: 9.460822
Config loaded: R=1, S=2, granularity=100000, SDR=1000, ADR=0, Rigid=1, Capture_Method=0
Stage 0: PT=0, T_stage=0.012350, bytes=0, T_capped=0
Stage 1: PT=6, T_stage=0.000000, bytes=33176880, T_capped=0
Group 0: Iters=5, Procs=312, Factors=1.000000, Dist=2, RM=0, SM=0, RS=0, SS=0
Group 1: Iters=10, Procs=208, Factors=1.000000, Dist=2, RM=0, SM=0, RS=0, SS=5
T_spawn: 7.210646 
T_SR: 0.112018 
T_AR: 0.000000 
T_US: 0.304840 
T_Malleability: 8.013053 
T_total: 9.235228
Config loaded: R=1, S=2, granularity=100000, SDR=1000, ADR=0, Rigid=1, Capture_Method=0
Stage 0: PT=0, T_stage=0.012350, bytes=0, T_capped=0
Stage 1: PT=6, T_stage=0.000000, bytes=33176880, T_capped=0
Group 0: Iters=5, Procs=312, Factors=1.000000, Dist=2, RM=0, SM=0, RS=0, SS=0
Group 1: Iters=10, Procs=208, Factors=1.000000, Dist=2, RM=0, SM=0, RS=0, SS=5
T_spawn: 7.008634 
T_SR: 0.115989 
T_AR: 0.000000 
T_US: 0.316808 
T_Malleability: 7.914183 
T_total: 9.173396
Config loaded: R=1, S=2, granularity=100000, SDR=1000, ADR=0, Rigid=1, Capture_Method=0
Stage 0: PT=0, T_stage=0.012350, bytes=0, T_capped=0
Stage 1: PT=6, T_stage=0.000000, bytes=33176880, T_capped=0
Group 0: Iters=5, Procs=312, Factors=1.000000, Dist=2, RM=0, SM=0, RS=0, SS=0
Group 1: Iters=10, Procs=208, Factors=1.000000, Dist=2, RM=0, SM=0, RS=0, SS=5
T_spawn: 7.510213 
T_SR: 0.165593 
T_AR: 0.000000 
T_US: 0.328496 
T_Malleability: 8.370506 
T_total: 9.726524
Config loaded: R=1, S=2, granularity=100000, SDR=1000, ADR=0, Rigid=1, Capture_Method=0
Stage 0: PT=0, T_stage=0.012350, bytes=0, T_capped=0
Stage 1: PT=6, T_stage=0.000000, bytes=33176880, T_capped=0
Group 0: Iters=5, Procs=312, Factors=1.000000, Dist=2, RM=0, SM=0, RS=0, SS=0
Group 1: Iters=10, Procs=208, Factors=1.000000, Dist=2, RM=0, SM=0, RS=0, SS=5
T_spawn: 7.372202 
T_SR: 0.124714 
T_AR: 0.000000 
T_US: 0.271935 
T_Malleability: 8.197689 
T_total: 9.541776
Config loaded: R=1, S=2, granularity=100000, SDR=1000, ADR=0, Rigid=1, Capture_Method=0
Stage 0: PT=0, T_stage=0.012350, bytes=0, T_capped=0
Stage 1: PT=6, T_stage=0.000000, bytes=33176880, T_capped=0
Group 0: Iters=5, Procs=312, Factors=1.000000, Dist=2, RM=0, SM=0, RS=0, SS=0
Group 1: Iters=10, Procs=208, Factors=1.000000, Dist=2, RM=0, SM=0, RS=0, SS=5
T_spawn: 6.986108 
T_SR: 0.115986 
T_AR: 0.000000 
T_US: 0.277784 
T_Malleability: 7.804264 
T_total: 9.114534
Config loaded: R=1, S=2, granularity=100000, SDR=1000, ADR=0, Rigid=1, Capture_Method=0
Stage 0: PT=0, T_stage=0.012350, bytes=0, T_capped=0
Stage 1: PT=6, T_stage=0.000000, bytes=33176880, T_capped=0
Group 0: Iters=5, Procs=312, Factors=1.000000, Dist=2, RM=0, SM=0, RS=0, SS=0
Group 1: Iters=10, Procs=208, Factors=1.000000, Dist=2, RM=0, SM=0, RS=0, SS=5
T_spawn: 7.642375 
T_SR: 0.116644 
T_AR: 0.000000 
T_US: 0.319916 
T_Malleability: 8.548516 
T_total: 9.848296
Config loaded: R=1, S=2, granularity=100000, SDR=1000, ADR=0, Rigid=1, Capture_Method=0
Stage 0: PT=0, T_stage=0.012350, bytes=0, T_capped=0
Stage 1: PT=6, T_stage=0.000000, bytes=33176880, T_capped=0
Group 0: Iters=5, Procs=312, Factors=1.000000, Dist=2, RM=0, SM=0, RS=0, SS=0
Group 1: Iters=10, Procs=208, Factors=1.000000, Dist=2, RM=0, SM=0, RS=0, SS=5
T_spawn: 7.038498 
T_SR: 0.080026 
T_AR: 0.000000 
T_US: 0.282483 
T_Malleability: 7.886167 
T_total: 9.111745
Config loaded: R=1, S=2, granularity=100000, SDR=1000, ADR=0, Rigid=1, Capture_Method=0
Stage 0: PT=0, T_stage=0.012350, bytes=0, T_capped=0
Stage 1: PT=6, T_stage=0.000000, bytes=33176880, T_capped=0
Group 0: Iters=5, Procs=312, Factors=1.000000, Dist=2, RM=0, SM=0, RS=0, SS=0
Group 1: Iters=10, Procs=208, Factors=1.000000, Dist=2, RM=0, SM=0, RS=0, SS=5
T_spawn: 6.879088 
T_SR: 0.157673 
T_AR: 0.000000 
T_US: 0.285962 
T_Malleability: 7.693844 
T_total: 8.984206
Config loaded: R=1, S=2, granularity=100000, SDR=1000, ADR=0, Rigid=1, Capture_Method=0
Stage 0: PT=0, T_stage=0.012350, bytes=0, T_capped=0
Stage 1: PT=6, T_stage=0.000000, bytes=33176880, T_capped=0
Group 0: Iters=5, Procs=312, Factors=1.000000, Dist=2, RM=0, SM=0, RS=0, SS=0
Group 1: Iters=10, Procs=208, Factors=1.000000, Dist=2, RM=0, SM=0, RS=0, SS=5
T_spawn: 7.131485 
T_SR: 0.173950 
T_AR: 0.000000 
T_US: 0.311495 
T_Malleability: 7.989546 
T_total: 9.436286
Config loaded: R=1, S=2, granularity=100000, SDR=1000, ADR=0, Rigid=1, Capture_Method=0
Stage 0: PT=0, T_stage=0.012350, bytes=0, T_capped=0
Stage 1: PT=6, T_stage=0.000000, bytes=33176880, T_capped=0
Group 0: Iters=5, Procs=312, Factors=1.000000, Dist=2, RM=0, SM=0, RS=0, SS=0
Group 1: Iters=10, Procs=208, Factors=1.000000, Dist=2, RM=0, SM=0, RS=0, SS=5
T_spawn: 7.529383 
T_SR: 0.121168 
T_AR: 0.000000 
T_US: 0.280026 
T_Malleability: 8.341729 
T_total: 9.585148
Config loaded: R=1, S=2, granularity=100000, SDR=1000, ADR=0, Rigid=1, Capture_Method=0
Stage 0: PT=0, T_stage=0.012350, bytes=0, T_capped=0
Stage 1: PT=6, T_stage=0.000000, bytes=33176880, T_capped=0
Group 0: Iters=5, Procs=312, Factors=1.000000, Dist=2, RM=0, SM=0, RS=0, SS=0
Group 1: Iters=10, Procs=208, Factors=1.000000, Dist=2, RM=0, SM=0, RS=0, SS=5
T_spawn: 7.376677 
T_SR: 0.148452 
T_AR: 0.000000 
T_US: 0.303861 
T_Malleability: 8.218202 
T_total: 9.483278
Config loaded: R=1, S=2, granularity=100000, SDR=1000, ADR=0, Rigid=1, Capture_Method=0
Stage 0: PT=0, T_stage=0.012350, bytes=0, T_capped=0
Stage 1: PT=6, T_stage=0.000000, bytes=33176880, T_capped=0
Group 0: Iters=5, Procs=312, Factors=1.000000, Dist=2, RM=0, SM=0, RS=0, SS=0
Group 1: Iters=10, Procs=208, Factors=1.000000, Dist=2, RM=0, SM=0, RS=0, SS=5
T_spawn: 7.238780 
T_SR: 0.123994 
T_AR: 0.000000 
T_US: 0.263932 
T_Malleability: 8.129581 
T_total: 9.327332
Config loaded: R=1, S=2, granularity=100000, SDR=1000, ADR=0, Rigid=1, Capture_Method=0
Stage 0: PT=0, T_stage=0.012350, bytes=0, T_capped=0
Stage 1: PT=6, T_stage=0.000000, bytes=33176880, T_capped=0
Group 0: Iters=5, Procs=312, Factors=1.000000, Dist=2, RM=0, SM=0, RS=0, SS=0
Group 1: Iters=10, Procs=208, Factors=1.000000, Dist=2, RM=0, SM=0, RS=0, SS=5
T_spawn: 7.306344 
T_SR: 0.147979 
T_AR: 0.000000 
T_US: 0.264018 
T_Malleability: 8.093980 
T_total: 9.396939
