Config loaded: R=1, S=2, granularity=100000, SDR=1000, ADR=0, Rigid=1, Capture_Method=0
Stage 0: PT=0, T_stage=0.012350, bytes=0, T_capped=0
Stage 1: PT=6, T_stage=0.000000, bytes=33176880, T_capped=0
Group 0: Iters=5, Procs=416, Factors=1.000000, Dist=2, RM=0, SM=0, RS=0, SS=0
Group 1: Iters=10, Procs=208, Factors=1.000000, Dist=2, RM=0, SM=0, RS=0, SS=5
T_spawn: 7.199760 
T_SR: 0.119962 
T_AR: 0.000000 
T_US: 0.258153 
T_Malleability: 8.021421 
T_total: 9.263543
Config loaded: R=1, S=2, granularity=100000, SDR=1000, ADR=0, Rigid=1, Capture_Method=0
Stage 0: PT=0, T_stage=0.012350, bytes=0, T_capped=0
Stage 1: PT=6, T_stage=0.000000, bytes=33176880, T_capped=0
Group 0: Iters=5, Procs=416, Factors=1.000000, Dist=2, RM=0, SM=0, RS=0, SS=0
Group 1: Iters=10, Procs=208, Factors=1.000000, Dist=2, RM=0, SM=0, RS=0, SS=5
T_spawn: 7.242168 
T_SR: 0.138014 
T_AR: 0.000000 
T_US: 0.314664 
T_Malleability: 8.150543 
T_total: 9.420496
Config loaded: R=1, S=2, granularity=100000, SDR=1000, ADR=0, Rigid=1, Capture_Method=0
Stage 0: PT=0, T_stage=0.012350, bytes=0, T_capped=0
Stage 1: PT=6, T_stage=0.000000, bytes=33176880, T_capped=0
Group 0: Iters=5, Procs=416, Factors=1.000000, Dist=2, RM=0, SM=0, RS=0, SS=0
Group 1: Iters=10, Procs=208, Factors=1.000000, Dist=2, RM=0, SM=0, RS=0, SS=5
T_spawn: 7.163613 
T_SR: 0.124009 
T_AR: 0.000000 
T_US: 0.319914 
T_Malleability: 8.008829 
T_total: 9.483049
Config loaded: R=1, S=2, granularity=100000, SDR=1000, ADR=0, Rigid=1, Capture_Method=0
Stage 0: PT=0, T_stage=0.012350, bytes=0, T_capped=0
Stage 1: PT=6, T_stage=0.000000, bytes=33176880, T_capped=0
Group 0: Iters=5, Procs=416, Factors=1.000000, Dist=2, RM=0, SM=0, RS=0, SS=0
Group 1: Iters=10, Procs=208, Factors=1.000000, Dist=2, RM=0, SM=0, RS=0, SS=5
T_spawn: 7.156642 
T_SR: 0.097565 
T_AR: 0.000000 
T_US: 0.242323 
T_Malleability: 7.906249 
T_total: 9.225416
Config loaded: R=1, S=2, granularity=100000, SDR=1000, ADR=0, Rigid=1, Capture_Method=0
Stage 0: PT=0, T_stage=0.012350, bytes=0, T_capped=0
Stage 1: PT=6, T_stage=0.000000, bytes=33176880, T_capped=0
Group 0: Iters=5, Procs=416, Factors=1.000000, Dist=2, RM=0, SM=0, RS=0, SS=0
Group 1: Iters=10, Procs=208, Factors=1.000000, Dist=2, RM=0, SM=0, RS=0, SS=5
T_spawn: 7.380280 
T_SR: 0.096006 
T_AR: 0.000000 
T_US: 0.297466 
T_Malleability: 8.240367 
T_total: 9.548889
Config loaded: R=1, S=2, granularity=100000, SDR=1000, ADR=0, Rigid=1, Capture_Method=0
Stage 0: PT=0, T_stage=0.012350, bytes=0, T_capped=0
Stage 1: PT=6, T_stage=0.000000, bytes=33176880, T_capped=0
Group 0: Iters=5, Procs=416, Factors=1.000000, Dist=2, RM=0, SM=0, RS=0, SS=0
Group 1: Iters=10, Procs=208, Factors=1.000000, Dist=2, RM=0, SM=0, RS=0, SS=5
T_spawn: 7.536120 
T_SR: 0.148001 
T_AR: 0.000000 
T_US: 0.275938 
T_Malleability: 8.340504 
T_total: 9.903773
Config loaded: R=1, S=2, granularity=100000, SDR=1000, ADR=0, Rigid=1, Capture_Method=0
Stage 0: PT=0, T_stage=0.012350, bytes=0, T_capped=0
Stage 1: PT=6, T_stage=0.000000, bytes=33176880, T_capped=0
Group 0: Iters=5, Procs=416, Factors=1.000000, Dist=2, RM=0, SM=0, RS=0, SS=0
Group 1: Iters=10, Procs=208, Factors=1.000000, Dist=2, RM=0, SM=0, RS=0, SS=5
T_spawn: 7.258570 
T_SR: 0.091993 
T_AR: 0.000000 
T_US: 0.278351 
T_Malleability: 8.035932 
T_total: 9.389203
Config loaded: R=1, S=2, granularity=100000, SDR=1000, ADR=0, Rigid=1, Capture_Method=0
Stage 0: PT=0, T_stage=0.012350, bytes=0, T_capped=0
Stage 1: PT=6, T_stage=0.000000, bytes=33176880, T_capped=0
Group 0: Iters=5, Procs=416, Factors=1.000000, Dist=2, RM=0, SM=0, RS=0, SS=0
Group 1: Iters=10, Procs=208, Factors=1.000000, Dist=2, RM=0, SM=0, RS=0, SS=5
T_spawn: 6.972669 
T_SR: 0.127991 
T_AR: 0.000000 
T_US: 0.289456 
T_Malleability: 7.802439 
T_total: 9.100453
Config loaded: R=1, S=2, granularity=100000, SDR=1000, ADR=0, Rigid=1, Capture_Method=0
Stage 0: PT=0, T_stage=0.012350, bytes=0, T_capped=0
Stage 1: PT=6, T_stage=0.000000, bytes=33176880, T_capped=0
Group 0: Iters=5, Procs=416, Factors=1.000000, Dist=2, RM=0, SM=0, RS=0, SS=0
Group 1: Iters=10, Procs=208, Factors=1.000000, Dist=2, RM=0, SM=0, RS=0, SS=5
T_spawn: 7.046372 
T_SR: 0.111999 
T_AR: 0.000000 
T_US: 0.298678 
T_Malleability: 7.873765 
T_total: 9.383005
Config loaded: R=1, S=2, granularity=100000, SDR=1000, ADR=0, Rigid=1, Capture_Method=0
Stage 0: PT=0, T_stage=0.012350, bytes=0, T_capped=0
Stage 1: PT=6, T_stage=0.000000, bytes=33176880, T_capped=0
Group 0: Iters=5, Procs=416, Factors=1.000000, Dist=2, RM=0, SM=0, RS=0, SS=0
Group 1: Iters=10, Procs=208, Factors=1.000000, Dist=2, RM=0, SM=0, RS=0, SS=5
T_spawn: 7.632472 
T_SR: 0.092010 
T_AR: 0.000000 
T_US: 0.264194 
T_Malleability: 8.509564 
T_total: 10.038220
Config loaded: R=1, S=2, granularity=100000, SDR=1000, ADR=0, Rigid=1, Capture_Method=0
Stage 0: PT=0, T_stage=0.012350, bytes=0, T_capped=0
Stage 1: PT=6, T_stage=0.000000, bytes=33176880, T_capped=0
Group 0: Iters=5, Procs=416, Factors=1.000000, Dist=2, RM=0, SM=0, RS=0, SS=0
Group 1: Iters=10, Procs=208, Factors=1.000000, Dist=2, RM=0, SM=0, RS=0, SS=5
T_spawn: 6.965791 
T_SR: 0.092001 
T_AR: 0.000000 
T_US: 0.245237 
T_Malleability: 7.719886 
T_total: 8.993048
Config loaded: R=1, S=2, granularity=100000, SDR=1000, ADR=0, Rigid=1, Capture_Method=0
Stage 0: PT=0, T_stage=0.012350, bytes=0, T_capped=0
Stage 1: PT=6, T_stage=0.000000, bytes=33176880, T_capped=0
Group 0: Iters=5, Procs=416, Factors=1.000000, Dist=2, RM=0, SM=0, RS=0, SS=0
Group 1: Iters=10, Procs=208, Factors=1.000000, Dist=2, RM=0, SM=0, RS=0, SS=5
T_spawn: 7.530673 
T_SR: 0.128936 
T_AR: 0.000000 
T_US: 0.293000 
T_Malleability: 8.343516 
T_total: 9.830603
Config loaded: R=1, S=2, granularity=100000, SDR=1000, ADR=0, Rigid=1, Capture_Method=0
Stage 0: PT=0, T_stage=0.012350, bytes=0, T_capped=0
Stage 1: PT=6, T_stage=0.000000, bytes=33176880, T_capped=0
Group 0: Iters=5, Procs=416, Factors=1.000000, Dist=2, RM=0, SM=0, RS=0, SS=0
Group 1: Iters=10, Procs=208, Factors=1.000000, Dist=2, RM=0, SM=0, RS=0, SS=5
T_spawn: 7.000713 
T_SR: 0.104008 
T_AR: 0.000000 
T_US: 0.250914 
T_Malleability: 7.764788 
T_total: 9.177995
Config loaded: R=1, S=2, granularity=100000, SDR=1000, ADR=0, Rigid=1, Capture_Method=0
Stage 0: PT=0, T_stage=0.012350, bytes=0, T_capped=0
Stage 1: PT=6, T_stage=0.000000, bytes=33176880, T_capped=0
Group 0: Iters=5, Procs=416, Factors=1.000000, Dist=2, RM=0, SM=0, RS=0, SS=0
Group 1: Iters=10, Procs=208, Factors=1.000000, Dist=2, RM=0, SM=0, RS=0, SS=5
T_spawn: 7.262988 
T_SR: 0.108002 
T_AR: 0.000000 
T_US: 0.331587 
T_Malleability: 8.118258 
T_total: 9.382168
Config loaded: R=1, S=2, granularity=100000, SDR=1000, ADR=0, Rigid=1, Capture_Method=0
Stage 0: PT=0, T_stage=0.012350, bytes=0, T_capped=0
Stage 1: PT=6, T_stage=0.000000, bytes=33176880, T_capped=0
Group 0: Iters=5, Procs=416, Factors=1.000000, Dist=2, RM=0, SM=0, RS=0, SS=0
Group 1: Iters=10, Procs=208, Factors=1.000000, Dist=2, RM=0, SM=0, RS=0, SS=5
T_spawn: 7.346982 
T_SR: 0.119991 
T_AR: 0.000000 
T_US: 0.285260 
T_Malleability: 8.116342 
T_total: 9.335148
Config loaded: R=1, S=2, granularity=100000, SDR=1000, ADR=0, Rigid=1, Capture_Method=0
Stage 0: PT=0, T_stage=0.012350, bytes=0, T_capped=0
Stage 1: PT=6, T_stage=0.000000, bytes=33176880, T_capped=0
Group 0: Iters=5, Procs=416, Factors=1.000000, Dist=2, RM=0, SM=0, RS=0, SS=0
Group 1: Iters=10, Procs=208, Factors=1.000000, Dist=2, RM=0, SM=0, RS=0, SS=5
T_spawn: 7.883529 
T_SR: 0.130403 
T_AR: 0.000000 
T_US: 0.303934 
T_Malleability: 8.773993 
T_total: 10.334432
Config loaded: R=1, S=2, granularity=100000, SDR=1000, ADR=0, Rigid=1, Capture_Method=0
Stage 0: PT=0, T_stage=0.012350, bytes=0, T_capped=0
Stage 1: PT=6, T_stage=0.000000, bytes=33176880, T_capped=0
Group 0: Iters=5, Procs=416, Factors=1.000000, Dist=2, RM=0, SM=0, RS=0, SS=0
Group 1: Iters=10, Procs=208, Factors=1.000000, Dist=2, RM=0, SM=0, RS=0, SS=5
T_spawn: 7.413557 
T_SR: 0.139994 
T_AR: 0.000000 
T_US: 0.335916 
T_Malleability: 8.239675 
T_total: 9.578594
Config loaded: R=1, S=2, granularity=100000, SDR=1000, ADR=0, Rigid=1, Capture_Method=0
Stage 0: PT=0, T_stage=0.012350, bytes=0, T_capped=0
Stage 1: PT=6, T_stage=0.000000, bytes=33176880, T_capped=0
Group 0: Iters=5, Procs=416, Factors=1.000000, Dist=2, RM=0, SM=0, RS=0, SS=0
Group 1: Iters=10, Procs=208, Factors=1.000000, Dist=2, RM=0, SM=0, RS=0, SS=5
T_spawn: 7.491081 
T_SR: 0.129594 
T_AR: 0.000000 
T_US: 0.277481 
T_Malleability: 8.369916 
T_total: 9.669796
Config loaded: R=1, S=2, granularity=100000, SDR=1000, ADR=0, Rigid=1, Capture_Method=0
Stage 0: PT=0, T_stage=0.012350, bytes=0, T_capped=0
Stage 1: PT=6, T_stage=0.000000, bytes=33176880, T_capped=0
Group 0: Iters=5, Procs=416, Factors=1.000000, Dist=2, RM=0, SM=0, RS=0, SS=0
Group 1: Iters=10, Procs=208, Factors=1.000000, Dist=2, RM=0, SM=0, RS=0, SS=5
T_spawn: 7.085251 
T_SR: 0.127963 
T_AR: 0.000000 
T_US: 0.315964 
T_Malleability: 7.995095 
T_total: 9.305507
Config loaded: R=1, S=2, granularity=100000, SDR=1000, ADR=0, Rigid=1, Capture_Method=0
Stage 0: PT=0, T_stage=0.012350, bytes=0, T_capped=0
Stage 1: PT=6, T_stage=0.000000, bytes=33176880, T_capped=0
Group 0: Iters=5, Procs=416, Factors=1.000000, Dist=2, RM=0, SM=0, RS=0, SS=0
Group 1: Iters=10, Procs=208, Factors=1.000000, Dist=2, RM=0, SM=0, RS=0, SS=5
T_spawn: 7.400499 
T_SR: 0.082012 
T_AR: 0.000000 
T_US: 0.305678 
T_Malleability: 8.194646 
T_total: 9.412838
