Config: granularity=100000, SDR=1000, ADR=0, Rigid=1, Capture_Method=0
Stage 0: PT=0, T_stage=0.012350, bytes=0, T_capped=0
Stage 1: PT=6, T_stage=0.000000, bytes=33176880, T_capped=0
Group 1: Iters=10, Procs=260, Factors=1.000000, Dist=2, RM=0, SM=0, RS=0, SS=5, parents=20, children=0
Async_Iters: 0
T_iter: 0.094246 0.080556 0.078113 0.078028 0.078220 0.077541 0.078293 0.077629 0.078347 0.077826 
T_stage 0: 0.013289 0.013356 0.013216 0.013137 0.015175 0.013192 0.013143 0.013135 0.013156 0.013463 
T_stage 1: 0.080696 0.067053 0.064810 0.064721 0.064917 0.064248 0.064106 0.064242 0.065007 0.064317 
Config: granularity=100000, SDR=1000, ADR=0, Rigid=1, Capture_Method=0
Stage 0: PT=0, T_stage=0.012350, bytes=0, T_capped=0
Stage 1: PT=6, T_stage=0.000000, bytes=33176880, T_capped=0
Group 1: Iters=10, Procs=260, Factors=1.000000, Dist=2, RM=0, SM=0, RS=0, SS=5, parents=20, children=0
Async_Iters: 0
T_iter: 0.093113 0.081616 0.078027 0.078250 0.083412 0.079542 0.078215 0.105832 0.086092 0.077700 
T_stage 0: 0.013448 0.013169 0.013440 0.013424 0.013239 0.013867 0.013207 0.013135 0.021484 0.014229 
T_stage 1: 0.079500 0.068226 0.064662 0.064707 0.069514 0.065275 0.064885 0.092668 0.064409 0.063858 
Config: granularity=100000, SDR=1000, ADR=0, Rigid=1, Capture_Method=0
Stage 0: PT=0, T_stage=0.012350, bytes=0, T_capped=0
Stage 1: PT=6, T_stage=0.000000, bytes=33176880, T_capped=0
Group 1: Iters=10, Procs=260, Factors=1.000000, Dist=2, RM=0, SM=0, RS=0, SS=5, parents=20, children=0
Async_Iters: 0
T_iter: 0.101454 0.078408 0.088836 0.079934 0.077828 0.082141 0.077678 0.081896 0.078553 0.078141 
T_stage 0: 0.021300 0.013128 0.014800 0.015015 0.014652 0.013205 0.013254 0.013542 0.013835 0.014228 
T_stage 1: 0.080004 0.064969 0.068873 0.064714 0.064140 0.068683 0.064176 0.068239 0.064577 0.064767 
Config: granularity=100000, SDR=1000, ADR=0, Rigid=1, Capture_Method=0
Stage 0: PT=0, T_stage=0.012350, bytes=0, T_capped=0
Stage 1: PT=6, T_stage=0.000000, bytes=33176880, T_capped=0
Group 1: Iters=10, Procs=260, Factors=1.000000, Dist=2, RM=0, SM=0, RS=0, SS=5, parents=20, children=0
Async_Iters: 0
T_iter: 0.096579 0.080331 0.080100 0.079161 0.082517 0.078987 0.079325 0.079376 0.079382 0.079070 
T_stage 0: 0.013666 0.013670 0.013746 0.013668 0.017717 0.013742 0.014208 0.013687 0.013673 0.013655 
T_stage 1: 0.082748 0.066120 0.066176 0.065282 0.064899 0.065098 0.065472 0.065174 0.065527 0.065234 
Config: granularity=100000, SDR=1000, ADR=0, Rigid=1, Capture_Method=0
Stage 0: PT=0, T_stage=0.012350, bytes=0, T_capped=0
Stage 1: PT=6, T_stage=0.000000, bytes=33176880, T_capped=0
Group 1: Iters=10, Procs=260, Factors=1.000000, Dist=2, RM=0, SM=0, RS=0, SS=5, parents=20, children=0
Async_Iters: 0
T_iter: 0.118762 0.103439 0.103688 0.104417 0.106582 0.105032 0.103305 0.103297 0.103041 0.103344 
T_stage 0: 0.013744 0.013190 0.013450 0.013349 0.017543 0.013166 0.013258 0.013147 0.013195 0.013335 
T_stage 1: 0.105049 0.090083 0.089866 0.090897 0.089918 0.090045 0.089993 0.089956 0.089694 0.089988 
Config: granularity=100000, SDR=1000, ADR=0, Rigid=1, Capture_Method=0
Stage 0: PT=0, T_stage=0.012350, bytes=0, T_capped=0
Stage 1: PT=6, T_stage=0.000000, bytes=33176880, T_capped=0
Group 1: Iters=10, Procs=260, Factors=1.000000, Dist=2, RM=0, SM=0, RS=0, SS=5, parents=20, children=0
Async_Iters: 0
T_iter: 0.094509 0.078815 0.078022 0.076365 0.116477 0.078589 0.074967 0.081506 0.077686 0.074801 
T_stage 0: 0.013184 0.014497 0.014367 0.013301 0.015944 0.014116 0.013314 0.018483 0.013199 0.013191 
T_stage 1: 0.081202 0.064760 0.064313 0.063034 0.098727 0.064862 0.061520 0.062794 0.064354 0.061505 
Config: granularity=100000, SDR=1000, ADR=0, Rigid=1, Capture_Method=0
Stage 0: PT=0, T_stage=0.012350, bytes=0, T_capped=0
Stage 1: PT=6, T_stage=0.000000, bytes=33176880, T_capped=0
Group 1: Iters=10, Procs=260, Factors=1.000000, Dist=2, RM=0, SM=0, RS=0, SS=5, parents=20, children=0
Async_Iters: 0
T_iter: 0.120507 0.104385 0.103576 0.103997 0.103570 0.103523 0.104727 0.105476 0.103896 0.103919 
T_stage 0: 0.013127 0.013159 0.013133 0.013471 0.013099 0.013197 0.013169 0.013407 0.013227 0.013167 
T_stage 1: 0.107208 0.091006 0.090139 0.090708 0.090281 0.090204 0.091002 0.091657 0.090001 0.090505 
Config: granularity=100000, SDR=1000, ADR=0, Rigid=1, Capture_Method=0
Stage 0: PT=0, T_stage=0.012350, bytes=0, T_capped=0
Stage 1: PT=6, T_stage=0.000000, bytes=33176880, T_capped=0
Group 1: Iters=10, Procs=260, Factors=1.000000, Dist=2, RM=0, SM=0, RS=0, SS=5, parents=20, children=0
Async_Iters: 0
T_iter: 0.101938 0.084568 0.090119 0.086722 0.085841 0.133116 0.084756 0.084172 0.083789 0.098842 
T_stage 0: 0.013300 0.014075 0.018969 0.013184 0.014958 0.068539 0.015155 0.013223 0.013170 0.018693 
T_stage 1: 0.088456 0.070522 0.071686 0.069997 0.071989 0.080488 0.069469 0.070805 0.070436 0.081415 
Config: granularity=100000, SDR=1000, ADR=0, Rigid=1, Capture_Method=0
Stage 0: PT=0, T_stage=0.012350, bytes=0, T_capped=0
Stage 1: PT=6, T_stage=0.000000, bytes=33176880, T_capped=0
Group 1: Iters=10, Procs=260, Factors=1.000000, Dist=2, RM=0, SM=0, RS=0, SS=5, parents=20, children=0
Async_Iters: 0
T_iter: 0.121214 0.104073 0.103798 0.103231 0.102721 0.102946 0.103846 0.102970 0.102900 0.103484 
T_stage 0: 0.014640 0.014111 0.013834 0.013249 0.013239 0.013232 0.013239 0.013270 0.013283 0.013272 
T_stage 1: 0.106400 0.089924 0.090383 0.089883 0.089352 0.089520 0.089584 0.089573 0.089520 0.090046 
Config: granularity=100000, SDR=1000, ADR=0, Rigid=1, Capture_Method=0
Stage 0: PT=0, T_stage=0.012350, bytes=0, T_capped=0
Stage 1: PT=6, T_stage=0.000000, bytes=33176880, T_capped=0
Group 1: Iters=10, Procs=260, Factors=1.000000, Dist=2, RM=0, SM=0, RS=0, SS=5, parents=20, children=0
Async_Iters: 0
T_iter: 0.143245 0.077589 0.079945 0.101667 0.078308 0.077371 0.077462 0.077718 0.077388 0.077287 
T_stage 0: 0.031872 0.013333 0.016654 0.013670 0.013318 0.013347 0.013629 0.013341 0.013306 0.013675 
T_stage 1: 0.113517 0.063968 0.063913 0.087837 0.064519 0.063761 0.063793 0.064064 0.063886 0.063772 
Config: granularity=100000, SDR=1000, ADR=0, Rigid=1, Capture_Method=0
Stage 0: PT=0, T_stage=0.012350, bytes=0, T_capped=0
Stage 1: PT=6, T_stage=0.000000, bytes=33176880, T_capped=0
Group 1: Iters=10, Procs=260, Factors=1.000000, Dist=2, RM=0, SM=0, RS=0, SS=5, parents=20, children=0
Async_Iters: 0
T_iter: 0.120819 0.103295 0.104968 0.103528 0.103503 0.103395 0.103930 0.103703 0.104798 0.103797 
T_stage 0: 0.013167 0.013224 0.014788 0.013182 0.013219 0.013133 0.014533 0.013159 0.014063 0.013437 
T_stage 1: 0.107397 0.089973 0.091209 0.090150 0.090063 0.090065 0.090572 0.090378 0.090836 0.090159 
Config: granularity=100000, SDR=1000, ADR=0, Rigid=1, Capture_Method=0
Stage 0: PT=0, T_stage=0.012350, bytes=0, T_capped=0
Stage 1: PT=6, T_stage=0.000000, bytes=33176880, T_capped=0
Group 1: Iters=10, Procs=260, Factors=1.000000, Dist=2, RM=0, SM=0, RS=0, SS=5, parents=20, children=0
Async_Iters: 0
T_iter: 0.101696 0.080356 0.081469 0.081582 0.079816 0.082050 0.080147 0.080422 0.080017 0.081886 
T_stage 0: 0.020002 0.013238 0.013467 0.013175 0.014009 0.014130 0.013160 0.013169 0.013124 0.013494 
T_stage 1: 0.082943 0.066877 0.067517 0.068238 0.066508 0.068172 0.066815 0.067066 0.066755 0.067837 
Config: granularity=100000, SDR=1000, ADR=0, Rigid=1, Capture_Method=0
Stage 0: PT=0, T_stage=0.012350, bytes=0, T_capped=0
Stage 1: PT=6, T_stage=0.000000, bytes=33176880, T_capped=0
Group 1: Iters=10, Procs=260, Factors=1.000000, Dist=2, RM=0, SM=0, RS=0, SS=5, parents=20, children=0
Async_Iters: 0
T_iter: 0.097381 0.080483 0.079509 0.079395 0.080730 0.079741 0.083507 0.080056 0.080268 0.080222 
T_stage 0: 0.014503 0.013180 0.013271 0.013123 0.013153 0.013239 0.016883 0.013325 0.013261 0.013181 
T_stage 1: 0.082582 0.067079 0.066127 0.066032 0.067207 0.066445 0.066597 0.066576 0.066904 0.066833 
Config: granularity=100000, SDR=1000, ADR=0, Rigid=1, Capture_Method=0
Stage 0: PT=0, T_stage=0.012350, bytes=0, T_capped=0
Stage 1: PT=6, T_stage=0.000000, bytes=33176880, T_capped=0
Group 1: Iters=10, Procs=260, Factors=1.000000, Dist=2, RM=0, SM=0, RS=0, SS=5, parents=20, children=0
Async_Iters: 0
T_iter: 0.121268 0.102451 0.102519 0.102963 0.102298 0.102597 0.102081 0.102188 0.102256 0.102124 
T_stage 0: 0.014940 0.013233 0.013266 0.013456 0.013269 0.013256 0.013881 0.013206 0.013201 0.013221 
T_stage 1: 0.106628 0.088894 0.089045 0.088498 0.088867 0.088698 0.088663 0.088806 0.088924 0.088714 
Config: granularity=100000, SDR=1000, ADR=0, Rigid=1, Capture_Method=0
Stage 0: PT=0, T_stage=0.012350, bytes=0, T_capped=0
Stage 1: PT=6, T_stage=0.000000, bytes=33176880, T_capped=0
Group 1: Iters=10, Procs=260, Factors=1.000000, Dist=2, RM=0, SM=0, RS=0, SS=5, parents=20, children=0
Async_Iters: 0
T_iter: 0.095610 0.079698 0.078926 0.078902 0.080201 0.077905 0.078475 0.078849 0.078452 0.078092 
T_stage 0: 0.014490 0.013255 0.013347 0.013456 0.015239 0.014486 0.013116 0.014344 0.013270 0.013116 
T_stage 1: 0.082214 0.066304 0.065417 0.065489 0.066668 0.064671 0.065151 0.065263 0.065006 0.064762 
Config: granularity=100000, SDR=1000, ADR=0, Rigid=1, Capture_Method=0
Stage 0: PT=0, T_stage=0.012350, bytes=0, T_capped=0
Stage 1: PT=6, T_stage=0.000000, bytes=33176880, T_capped=0
Group 1: Iters=10, Procs=260, Factors=1.000000, Dist=2, RM=0, SM=0, RS=0, SS=5, parents=20, children=0
Async_Iters: 0
T_iter: 0.101169 0.081355 0.080197 0.083337 0.081293 0.080155 0.080613 0.080368 0.080698 0.080783 
T_stage 0: 0.017345 0.013489 0.013352 0.013154 0.014606 0.013124 0.013142 0.013128 0.013168 0.013107 
T_stage 1: 0.084490 0.067584 0.066695 0.069164 0.067717 0.066854 0.067277 0.067030 0.067368 0.067507 
Config: granularity=100000, SDR=1000, ADR=0, Rigid=1, Capture_Method=0
Stage 0: PT=0, T_stage=0.012350, bytes=0, T_capped=0
Stage 1: PT=6, T_stage=0.000000, bytes=33176880, T_capped=0
Group 1: Iters=10, Procs=260, Factors=1.000000, Dist=2, RM=0, SM=0, RS=0, SS=5, parents=20, children=0
Async_Iters: 0
T_iter: 0.095078 0.080393 0.079352 0.078608 0.079150 0.078937 0.078637 0.079005 0.079027 0.078005 
T_stage 0: 0.013136 0.014603 0.013134 0.013280 0.013430 0.013218 0.013174 0.013739 0.013101 0.014387 
T_stage 1: 0.081694 0.066902 0.066113 0.065259 0.065764 0.065621 0.065346 0.065597 0.065706 0.064736 
Config: granularity=100000, SDR=1000, ADR=0, Rigid=1, Capture_Method=0
Stage 0: PT=0, T_stage=0.012350, bytes=0, T_capped=0
Stage 1: PT=6, T_stage=0.000000, bytes=33176880, T_capped=0
Group 1: Iters=10, Procs=260, Factors=1.000000, Dist=2, RM=0, SM=0, RS=0, SS=5, parents=20, children=0
Async_Iters: 0
T_iter: 0.096539 0.082135 0.079603 0.083447 0.080225 0.088751 0.083145 0.083239 0.083000 0.081857 
T_stage 0: 0.014559 0.014725 0.013558 0.013613 0.013164 0.014592 0.013828 0.013726 0.013211 0.013214 
T_stage 1: 0.083139 0.068684 0.066207 0.069997 0.066814 0.073053 0.068750 0.069236 0.069591 0.068561 
Config: granularity=100000, SDR=1000, ADR=0, Rigid=1, Capture_Method=0
Stage 0: PT=0, T_stage=0.012350, bytes=0, T_capped=0
Stage 1: PT=6, T_stage=0.000000, bytes=33176880, T_capped=0
Group 1: Iters=10, Procs=260, Factors=1.000000, Dist=2, RM=0, SM=0, RS=0, SS=5, parents=20, children=0
Async_Iters: 0
T_iter: 0.103665 0.086595 0.096540 0.086832 0.086700 0.087109 0.087162 0.086960 0.086646 0.087414 
T_stage 0: 0.013891 0.013312 0.019848 0.013176 0.013141 0.013126 0.013170 0.013208 0.013127 0.013353 
T_stage 1: 0.089457 0.073164 0.078611 0.073475 0.073327 0.073716 0.073717 0.073586 0.073318 0.073905 
Config: granularity=100000, SDR=1000, ADR=0, Rigid=1, Capture_Method=0
Stage 0: PT=0, T_stage=0.012350, bytes=0, T_capped=0
Stage 1: PT=6, T_stage=0.000000, bytes=33176880, T_capped=0
Group 1: Iters=10, Procs=260, Factors=1.000000, Dist=2, RM=0, SM=0, RS=0, SS=5, parents=20, children=0
Async_Iters: 0
T_iter: 0.103747 0.079765 0.080846 0.082988 0.086054 0.078058 0.083454 0.079216 0.078453 0.081743 
T_stage 0: 0.015559 0.013567 0.013621 0.013270 0.020314 0.014549 0.014042 0.014722 0.013291 0.013422 
T_stage 1: 0.087783 0.065580 0.067286 0.069447 0.072493 0.064505 0.070033 0.064840 0.064902 0.068214 
