Config: granularity=100000, SDR=1000, ADR=0, Rigid=1, Capture_Method=0
Stage 0: PT=0, T_stage=0.012350, bytes=0, T_capped=0
Stage 1: PT=6, T_stage=0.000000, bytes=33176880, T_capped=0
Group 1: Iters=10, Procs=260, Factors=1.000000, Dist=2, RM=0, SM=0, RS=0, SS=5, parents=104, children=0
Async_Iters: 0
T_iter: 0.094094 0.078359 0.079738 0.081360 0.078499 0.079579 0.078001 0.078736 0.078430 0.078297 
T_stage 0: 0.013268 0.013244 0.014440 0.013212 0.013205 0.013233 0.013132 0.013197 0.014701 0.013179 
T_stage 1: 0.080611 0.064869 0.066138 0.067948 0.065052 0.064520 0.064526 0.065000 0.064807 0.064962 
Config: granularity=100000, SDR=1000, ADR=0, Rigid=1, Capture_Method=0
Stage 0: PT=0, T_stage=0.012350, bytes=0, T_capped=0
Stage 1: PT=6, T_stage=0.000000, bytes=33176880, T_capped=0
Group 1: Iters=10, Procs=260, Factors=1.000000, Dist=2, RM=0, SM=0, RS=0, SS=5, parents=104, children=0
Async_Iters: 0
T_iter: 0.112481 0.080384 0.080637 0.080408 0.079406 0.078138 0.077952 0.078501 0.077801 0.078538 
T_stage 0: 0.032178 0.013118 0.013335 0.015822 0.014949 0.013671 0.013147 0.013743 0.013189 0.014004 
T_stage 1: 0.080118 0.065117 0.067147 0.064439 0.065744 0.064781 0.064659 0.065006 0.064440 0.064504 
Config: granularity=100000, SDR=1000, ADR=0, Rigid=1, Capture_Method=0
Stage 0: PT=0, T_stage=0.012350, bytes=0, T_capped=0
Stage 1: PT=6, T_stage=0.000000, bytes=33176880, T_capped=0
Group 1: Iters=10, Procs=260, Factors=1.000000, Dist=2, RM=0, SM=0, RS=0, SS=5, parents=104, children=0
Async_Iters: 0
T_iter: 0.094885 0.081387 0.079556 0.090188 0.080300 0.079053 0.079410 0.080348 0.079781 0.079569 
T_stage 0: 0.013184 0.015319 0.013186 0.013181 0.013154 0.013280 0.013254 0.013768 0.013124 0.013176 
T_stage 1: 0.081043 0.067562 0.066130 0.076696 0.066041 0.065495 0.066103 0.066530 0.066445 0.066225 
Config: granularity=100000, SDR=1000, ADR=0, Rigid=1, Capture_Method=0
Stage 0: PT=0, T_stage=0.012350, bytes=0, T_capped=0
Stage 1: PT=6, T_stage=0.000000, bytes=33176880, T_capped=0
Group 1: Iters=10, Procs=260, Factors=1.000000, Dist=2, RM=0, SM=0, RS=0, SS=5, parents=104, children=0
Async_Iters: 0
T_iter: 0.102554 0.076967 0.083855 0.081839 0.078996 0.077862 0.080071 0.080209 0.078475 0.077042 
T_stage 0: 0.021178 0.013184 0.013415 0.013266 0.013974 0.013322 0.013188 0.014184 0.014315 0.013177 
T_stage 1: 0.081163 0.063523 0.070390 0.068043 0.065055 0.064009 0.066750 0.066948 0.065147 0.063745 
Config: granularity=100000, SDR=1000, ADR=0, Rigid=1, Capture_Method=0
Stage 0: PT=0, T_stage=0.012350, bytes=0, T_capped=0
Stage 1: PT=6, T_stage=0.000000, bytes=33176880, T_capped=0
Group 1: Iters=10, Procs=260, Factors=1.000000, Dist=2, RM=0, SM=0, RS=0, SS=5, parents=104, children=0
Async_Iters: 0
T_iter: 0.095316 0.077676 0.078284 0.082482 0.080123 0.078711 0.078919 0.079253 0.078201 0.079466 
T_stage 0: 0.013137 0.013238 0.013192 0.013185 0.013172 0.013090 0.013140 0.014231 0.013139 0.013122 
T_stage 1: 0.081420 0.064219 0.064862 0.068723 0.066716 0.064912 0.065621 0.065953 0.064790 0.066139 
Config: granularity=100000, SDR=1000, ADR=0, Rigid=1, Capture_Method=0
Stage 0: PT=0, T_stage=0.012350, bytes=0, T_capped=0
Stage 1: PT=6, T_stage=0.000000, bytes=33176880, T_capped=0
Group 1: Iters=10, Procs=260, Factors=1.000000, Dist=2, RM=0, SM=0, RS=0, SS=5, parents=104, children=0
Async_Iters: 0
T_iter: 0.095084 0.081615 0.079637 0.081827 0.080378 0.080934 0.077764 0.079057 0.079031 0.078350 
T_stage 0: 0.017175 0.013978 0.014002 0.013778 0.014844 0.015710 0.013699 0.013766 0.013130 0.013106 
T_stage 1: 0.077406 0.067275 0.065316 0.068514 0.066806 0.067400 0.064432 0.065626 0.065575 0.064952 
Config: granularity=100000, SDR=1000, ADR=0, Rigid=1, Capture_Method=0
Stage 0: PT=0, T_stage=0.012350, bytes=0, T_capped=0
Stage 1: PT=6, T_stage=0.000000, bytes=33176880, T_capped=0
Group 1: Iters=10, Procs=260, Factors=1.000000, Dist=2, RM=0, SM=0, RS=0, SS=5, parents=104, children=0
Async_Iters: 0
T_iter: 0.097289 0.081596 0.079245 0.082173 0.079022 0.079550 0.079147 0.079094 0.079013 0.079547 
T_stage 0: 0.014959 0.013270 0.013379 0.018857 0.014702 0.013252 0.013183 0.014999 0.013247 0.013234 
T_stage 1: 0.083698 0.066370 0.065753 0.068646 0.065266 0.065487 0.065669 0.064835 0.065494 0.066084 
Config: granularity=100000, SDR=1000, ADR=0, Rigid=1, Capture_Method=0
Stage 0: PT=0, T_stage=0.012350, bytes=0, T_capped=0
Stage 1: PT=6, T_stage=0.000000, bytes=33176880, T_capped=0
Group 1: Iters=10, Procs=260, Factors=1.000000, Dist=2, RM=0, SM=0, RS=0, SS=5, parents=104, children=0
Async_Iters: 0
T_iter: 0.095823 0.077727 0.077266 0.086667 0.077594 0.077993 0.077564 0.077297 0.077700 0.076909 
T_stage 0: 0.014584 0.013263 0.013280 0.021256 0.013255 0.014012 0.016568 0.013240 0.013263 0.013249 
T_stage 1: 0.081007 0.063787 0.063772 0.064998 0.064143 0.063820 0.063851 0.063879 0.064285 0.063502 
Config: granularity=100000, SDR=1000, ADR=0, Rigid=1, Capture_Method=0
Stage 0: PT=0, T_stage=0.012350, bytes=0, T_capped=0
Stage 1: PT=6, T_stage=0.000000, bytes=33176880, T_capped=0
Group 1: Iters=10, Procs=260, Factors=1.000000, Dist=2, RM=0, SM=0, RS=0, SS=5, parents=104, children=0
Async_Iters: 0
T_iter: 0.097887 0.078965 0.079397 0.080274 0.078904 0.076878 0.078213 0.078025 0.077864 0.078054 
T_stage 0: 0.015132 0.014704 0.014459 0.013361 0.016328 0.013471 0.013323 0.013325 0.013362 0.013345 
T_stage 1: 0.083915 0.065267 0.063717 0.066819 0.065378 0.063369 0.064705 0.064559 0.064407 0.064496 
Config: granularity=100000, SDR=1000, ADR=0, Rigid=1, Capture_Method=0
Stage 0: PT=0, T_stage=0.012350, bytes=0, T_capped=0
Stage 1: PT=6, T_stage=0.000000, bytes=33176880, T_capped=0
Group 1: Iters=10, Procs=260, Factors=1.000000, Dist=2, RM=0, SM=0, RS=0, SS=5, parents=104, children=0
Async_Iters: 0
T_iter: 0.102277 0.078742 0.079817 0.077272 0.077981 0.078268 0.079569 0.078328 0.076614 0.078129 
T_stage 0: 0.019627 0.013227 0.014792 0.013235 0.013407 0.013186 0.013965 0.013210 0.014891 0.013185 
T_stage 1: 0.081721 0.064703 0.065642 0.063743 0.064392 0.064524 0.065361 0.064979 0.063256 0.064653 
Config: granularity=100000, SDR=1000, ADR=0, Rigid=1, Capture_Method=0
Stage 0: PT=0, T_stage=0.012350, bytes=0, T_capped=0
Stage 1: PT=6, T_stage=0.000000, bytes=33176880, T_capped=0
Group 1: Iters=10, Procs=260, Factors=1.000000, Dist=2, RM=0, SM=0, RS=0, SS=5, parents=104, children=0
Async_Iters: 0
T_iter: 0.098609 0.085583 0.080096 0.078824 0.083341 0.080233 0.079424 0.079076 0.078907 0.078790 
T_stage 0: 0.015590 0.015164 0.015635 0.013289 0.016576 0.014585 0.013486 0.013329 0.013173 0.014525 
T_stage 1: 0.081944 0.071585 0.066664 0.064499 0.066675 0.066810 0.065695 0.065529 0.065196 0.065284 
Config: granularity=100000, SDR=1000, ADR=0, Rigid=1, Capture_Method=0
Stage 0: PT=0, T_stage=0.012350, bytes=0, T_capped=0
Stage 1: PT=6, T_stage=0.000000, bytes=33176880, T_capped=0
Group 1: Iters=10, Procs=260, Factors=1.000000, Dist=2, RM=0, SM=0, RS=0, SS=5, parents=104, children=0
Async_Iters: 0
T_iter: 0.100505 0.081983 0.077681 0.078770 0.083642 0.078896 0.078517 0.079880 0.078390 0.079262 
T_stage 0: 0.013799 0.013291 0.013280 0.013230 0.018682 0.014684 0.013231 0.014703 0.013222 0.013230 
T_stage 1: 0.087066 0.067757 0.064206 0.065393 0.065073 0.064858 0.065066 0.066452 0.064976 0.065775 
Config: granularity=100000, SDR=1000, ADR=0, Rigid=1, Capture_Method=0
Stage 0: PT=0, T_stage=0.012350, bytes=0, T_capped=0
Stage 1: PT=6, T_stage=0.000000, bytes=33176880, T_capped=0
Group 1: Iters=10, Procs=260, Factors=1.000000, Dist=2, RM=0, SM=0, RS=0, SS=5, parents=104, children=0
Async_Iters: 0
T_iter: 0.118275 0.117184 0.080448 0.076816 0.077439 0.076338 0.076789 0.078437 0.077035 0.077967 
T_stage 0: 0.026856 0.014423 0.014080 0.013227 0.013262 0.013377 0.013245 0.013260 0.013236 0.013248 
T_stage 1: 0.091169 0.103642 0.066977 0.063476 0.064096 0.062816 0.063369 0.064969 0.063680 0.063162 
Config: granularity=100000, SDR=1000, ADR=0, Rigid=1, Capture_Method=0
Stage 0: PT=0, T_stage=0.012350, bytes=0, T_capped=0
Stage 1: PT=6, T_stage=0.000000, bytes=33176880, T_capped=0
Group 1: Iters=10, Procs=260, Factors=1.000000, Dist=2, RM=0, SM=0, RS=0, SS=5, parents=104, children=0
Async_Iters: 0
T_iter: 0.102182 0.079295 0.080891 0.082008 0.087303 0.081074 0.081619 0.078926 0.079022 0.078766 
T_stage 0: 0.017286 0.013154 0.016040 0.013139 0.016344 0.015573 0.013147 0.013483 0.013129 0.013170 
T_stage 1: 0.084315 0.065980 0.066765 0.068168 0.071197 0.065365 0.066819 0.065256 0.065647 0.065143 
Config: granularity=100000, SDR=1000, ADR=0, Rigid=1, Capture_Method=0
Stage 0: PT=0, T_stage=0.012350, bytes=0, T_capped=0
Stage 1: PT=6, T_stage=0.000000, bytes=33176880, T_capped=0
Group 1: Iters=10, Procs=260, Factors=1.000000, Dist=2, RM=0, SM=0, RS=0, SS=5, parents=104, children=0
Async_Iters: 0
T_iter: 0.133072 0.085297 0.085714 0.082057 0.082736 0.083955 0.082477 0.076146 0.075783 0.075952 
T_stage 0: 0.044885 0.014576 0.020384 0.013392 0.013436 0.013419 0.013424 0.013382 0.013442 0.013922 
T_stage 1: 0.087993 0.071745 0.064847 0.068530 0.068938 0.070391 0.068909 0.062596 0.062283 0.062479 
Config: granularity=100000, SDR=1000, ADR=0, Rigid=1, Capture_Method=0
Stage 0: PT=0, T_stage=0.012350, bytes=0, T_capped=0
Stage 1: PT=6, T_stage=0.000000, bytes=33176880, T_capped=0
Group 1: Iters=10, Procs=260, Factors=1.000000, Dist=2, RM=0, SM=0, RS=0, SS=5, parents=104, children=0
Async_Iters: 0
T_iter: 0.119082 0.085543 0.083905 0.084099 0.084831 0.084211 0.083195 0.084040 0.085801 0.088175 
T_stage 0: 0.030012 0.014150 0.013162 0.013211 0.013322 0.013232 0.013142 0.013256 0.015487 0.017560 
T_stage 1: 0.088831 0.071530 0.070518 0.070705 0.071446 0.070904 0.069840 0.070695 0.072189 0.071594 
Config: granularity=100000, SDR=1000, ADR=0, Rigid=1, Capture_Method=0
Stage 0: PT=0, T_stage=0.012350, bytes=0, T_capped=0
Stage 1: PT=6, T_stage=0.000000, bytes=33176880, T_capped=0
Group 1: Iters=10, Procs=260, Factors=1.000000, Dist=2, RM=0, SM=0, RS=0, SS=5, parents=104, children=0
Async_Iters: 0
T_iter: 0.093591 0.077611 0.081292 0.086696 0.075301 0.076364 0.077174 0.076987 0.078900 0.077107 
T_stage 0: 0.013111 0.013757 0.014581 0.013173 0.013142 0.013716 0.013275 0.013262 0.013431 0.013110 
T_stage 1: 0.080265 0.063560 0.067166 0.073468 0.061624 0.063021 0.063487 0.063684 0.064908 0.063253 
Config: granularity=100000, SDR=1000, ADR=0, Rigid=1, Capture_Method=0
Stage 0: PT=0, T_stage=0.012350, bytes=0, T_capped=0
Stage 1: PT=6, T_stage=0.000000, bytes=33176880, T_capped=0
Group 1: Iters=10, Procs=260, Factors=1.000000, Dist=2, RM=0, SM=0, RS=0, SS=5, parents=104, children=0
Async_Iters: 0
T_iter: 0.110894 0.079307 0.079086 0.077276 0.078554 0.084528 0.080018 0.086632 0.077807 0.080674 
T_stage 0: 0.028621 0.014005 0.014610 0.013322 0.013559 0.013758 0.014467 0.013167 0.013145 0.013157 
T_stage 1: 0.082090 0.064727 0.065714 0.063936 0.064945 0.070816 0.066683 0.073261 0.064505 0.067276 
Config: granularity=100000, SDR=1000, ADR=0, Rigid=1, Capture_Method=0
Stage 0: PT=0, T_stage=0.012350, bytes=0, T_capped=0
Stage 1: PT=6, T_stage=0.000000, bytes=33176880, T_capped=0
Group 1: Iters=10, Procs=260, Factors=1.000000, Dist=2, RM=0, SM=0, RS=0, SS=5, parents=104, children=0
Async_Iters: 0
T_iter: 0.100445 0.078475 0.077728 0.080446 0.076887 0.077030 0.077504 0.096565 0.078216 0.078904 
T_stage 0: 0.019715 0.013624 0.013207 0.013183 0.013143 0.013159 0.013101 0.014332 0.013143 0.013734 
T_stage 1: 0.080955 0.064068 0.063988 0.067069 0.063539 0.063665 0.064157 0.083225 0.064839 0.065513 
Config: granularity=100000, SDR=1000, ADR=0, Rigid=1, Capture_Method=0
Stage 0: PT=0, T_stage=0.012350, bytes=0, T_capped=0
Stage 1: PT=6, T_stage=0.000000, bytes=33176880, T_capped=0
Group 1: Iters=10, Procs=260, Factors=1.000000, Dist=2, RM=0, SM=0, RS=0, SS=5, parents=104, children=0
Async_Iters: 0
T_iter: 0.103678 0.077148 0.079109 0.079700 0.077168 0.076398 0.076084 0.078613 0.076187 0.076533 
T_stage 0: 0.023050 0.013542 0.013140 0.013191 0.014697 0.013323 0.013128 0.013159 0.013154 0.014021 
T_stage 1: 0.080453 0.063455 0.065355 0.066338 0.063595 0.063062 0.062796 0.065310 0.062857 0.063308 
