Config: granularity=100000, SDR=1000, ADR=0, Rigid=1, Capture_Method=0
Stage 0: PT=0, T_stage=0.012350, bytes=0, T_capped=0
Stage 1: PT=6, T_stage=0.000000, bytes=33176880, T_capped=0
Group 1: Iters=10, Procs=260, Factors=1.000000, Dist=2, RM=0, SM=0, RS=0, SS=5, parents=156, children=0
Async_Iters: 0
T_iter: 0.105297 0.079744 0.082846 0.103628 0.097598 0.086604 0.077292 0.092876 0.078538 0.085121 
T_stage 0: 0.018662 0.013335 0.013250 0.020556 0.027326 0.017308 0.013272 0.013732 0.013525 0.018045 
T_stage 1: 0.089086 0.066240 0.069376 0.077024 0.071926 0.069183 0.063809 0.079585 0.063805 0.067920 
Config: granularity=100000, SDR=1000, ADR=0, Rigid=1, Capture_Method=0
Stage 0: PT=0, T_stage=0.012350, bytes=0, T_capped=0
Stage 1: PT=6, T_stage=0.000000, bytes=33176880, T_capped=0
Group 1: Iters=10, Procs=260, Factors=1.000000, Dist=2, RM=0, SM=0, RS=0, SS=5, parents=156, children=0
Async_Iters: 0
T_iter: 0.101490 0.079611 0.093140 0.088731 0.081553 0.079747 0.079882 0.080338 0.081425 0.079483 
T_stage 0: 0.018103 0.013242 0.014340 0.013267 0.013151 0.013313 0.013231 0.013166 0.013727 0.013173 
T_stage 1: 0.083267 0.066128 0.078930 0.074908 0.067842 0.066154 0.066564 0.066955 0.068033 0.066136 
Config: granularity=100000, SDR=1000, ADR=0, Rigid=1, Capture_Method=0
Stage 0: PT=0, T_stage=0.012350, bytes=0, T_capped=0
Stage 1: PT=6, T_stage=0.000000, bytes=33176880, T_capped=0
Group 1: Iters=10, Procs=260, Factors=1.000000, Dist=2, RM=0, SM=0, RS=0, SS=5, parents=156, children=0
Async_Iters: 0
T_iter: 0.105160 0.085692 0.081202 0.087374 0.078361 0.080678 0.079056 0.078888 0.078873 0.078837 
T_stage 0: 0.021620 0.014603 0.013246 0.014505 0.014537 0.013869 0.014865 0.013133 0.013708 0.013182 
T_stage 1: 0.081992 0.071958 0.067046 0.072746 0.065078 0.066247 0.065722 0.065537 0.065408 0.065541 
Config: granularity=100000, SDR=1000, ADR=0, Rigid=1, Capture_Method=0
Stage 0: PT=0, T_stage=0.012350, bytes=0, T_capped=0
Stage 1: PT=6, T_stage=0.000000, bytes=33176880, T_capped=0
Group 1: Iters=10, Procs=260, Factors=1.000000, Dist=2, RM=0, SM=0, RS=0, SS=5, parents=156, children=0
Async_Iters: 0
T_iter: 0.098604 0.074188 0.088913 0.096024 0.083894 0.078193 0.078213 0.078321 0.077537 0.083086 
T_stage 0: 0.016676 0.013815 0.014881 0.019379 0.013264 0.013225 0.013131 0.013177 0.013129 0.016773 
T_stage 1: 0.081293 0.060756 0.075248 0.076443 0.070476 0.064739 0.064899 0.064374 0.064151 0.066088 
Config: granularity=100000, SDR=1000, ADR=0, Rigid=1, Capture_Method=0
Stage 0: PT=0, T_stage=0.012350, bytes=0, T_capped=0
Stage 1: PT=6, T_stage=0.000000, bytes=33176880, T_capped=0
Group 1: Iters=10, Procs=260, Factors=1.000000, Dist=2, RM=0, SM=0, RS=0, SS=5, parents=156, children=0
Async_Iters: 0
T_iter: 0.100585 0.082556 0.081374 0.085867 0.080967 0.081342 0.081517 0.081782 0.080706 0.081131 
T_stage 0: 0.016841 0.015644 0.015325 0.019971 0.016667 0.015779 0.015354 0.015619 0.015366 0.015501 
T_stage 1: 0.083502 0.066331 0.065751 0.068284 0.065242 0.065440 0.065969 0.065833 0.065100 0.065487 
Config: granularity=100000, SDR=1000, ADR=0, Rigid=1, Capture_Method=0
Stage 0: PT=0, T_stage=0.012350, bytes=0, T_capped=0
Stage 1: PT=6, T_stage=0.000000, bytes=33176880, T_capped=0
Group 1: Iters=10, Procs=260, Factors=1.000000, Dist=2, RM=0, SM=0, RS=0, SS=5, parents=156, children=0
Async_Iters: 0
T_iter: 0.095833 0.080212 0.080153 0.085955 0.079869 0.079990 0.081498 0.080325 0.079458 0.079172 
T_stage 0: 0.013132 0.013326 0.013356 0.013206 0.014536 0.013162 0.013826 0.013147 0.013127 0.013134 
T_stage 1: 0.082550 0.066347 0.066731 0.072616 0.066552 0.066672 0.068067 0.067037 0.066189 0.065872 
Config: granularity=100000, SDR=1000, ADR=0, Rigid=1, Capture_Method=0
Stage 0: PT=0, T_stage=0.012350, bytes=0, T_capped=0
Stage 1: PT=6, T_stage=0.000000, bytes=33176880, T_capped=0
Group 1: Iters=10, Procs=260, Factors=1.000000, Dist=2, RM=0, SM=0, RS=0, SS=5, parents=156, children=0
Async_Iters: 0
T_iter: 0.094774 0.074086 0.075564 0.092614 0.074053 0.074152 0.074705 0.072422 0.074095 0.074863 
T_stage 0: 0.018469 0.014069 0.013252 0.018952 0.013832 0.013477 0.014497 0.013134 0.013137 0.013752 
T_stage 1: 0.076037 0.060331 0.060841 0.073511 0.060205 0.060470 0.061117 0.059090 0.060777 0.061050 
Config: granularity=100000, SDR=1000, ADR=0, Rigid=1, Capture_Method=0
Stage 0: PT=0, T_stage=0.012350, bytes=0, T_capped=0
Stage 1: PT=6, T_stage=0.000000, bytes=33176880, T_capped=0
Group 1: Iters=10, Procs=260, Factors=1.000000, Dist=2, RM=0, SM=0, RS=0, SS=5, parents=156, children=0
Async_Iters: 0
T_iter: 0.098158 0.080647 0.077522 0.090119 0.077593 0.077620 0.075904 0.076427 0.076182 0.077173 
T_stage 0: 0.015293 0.015653 0.013426 0.014633 0.015001 0.013393 0.013396 0.013399 0.013410 0.013441 
T_stage 1: 0.081746 0.066767 0.063488 0.075497 0.063815 0.063631 0.062330 0.062796 0.062600 0.063603 
Config: granularity=100000, SDR=1000, ADR=0, Rigid=1, Capture_Method=0
Stage 0: PT=0, T_stage=0.012350, bytes=0, T_capped=0
Stage 1: PT=6, T_stage=0.000000, bytes=33176880, T_capped=0
Group 1: Iters=10, Procs=260, Factors=1.000000, Dist=2, RM=0, SM=0, RS=0, SS=5, parents=156, children=0
Async_Iters: 0
T_iter: 0.104475 0.078627 0.078036 0.084785 0.077975 0.077653 0.077906 0.077960 0.078071 0.079115 
T_stage 0: 0.023552 0.013884 0.013245 0.014000 0.013167 0.013173 0.013134 0.013141 0.013746 0.014432 
T_stage 1: 0.080792 0.064638 0.064563 0.071042 0.064645 0.064325 0.064595 0.064297 0.064710 0.065422 
Config: granularity=100000, SDR=1000, ADR=0, Rigid=1, Capture_Method=0
Stage 0: PT=0, T_stage=0.012350, bytes=0, T_capped=0
Stage 1: PT=6, T_stage=0.000000, bytes=33176880, T_capped=0
Group 1: Iters=10, Procs=260, Factors=1.000000, Dist=2, RM=0, SM=0, RS=0, SS=5, parents=156, children=0
Async_Iters: 0
T_iter: 0.093880 0.081597 0.080432 0.090615 0.084937 0.078071 0.078674 0.078410 0.078125 0.078334 
T_stage 0: 0.013168 0.013500 0.013490 0.015404 0.013409 0.013229 0.013192 0.013135 0.013178 0.013138 
T_stage 1: 0.080474 0.067385 0.065260 0.074957 0.071471 0.064658 0.064893 0.065082 0.064842 0.064976 
Config: granularity=100000, SDR=1000, ADR=0, Rigid=1, Capture_Method=0
Stage 0: PT=0, T_stage=0.012350, bytes=0, T_capped=0
Stage 1: PT=6, T_stage=0.000000, bytes=33176880, T_capped=0
Group 1: Iters=10, Procs=260, Factors=1.000000, Dist=2, RM=0, SM=0, RS=0, SS=5, parents=156, children=0
Async_Iters: 0
T_iter: 0.111318 0.081953 0.079581 0.092632 0.086176 0.078994 0.079902 0.078994 0.079558 0.078938 
T_stage 0: 0.013270 0.014704 0.013236 0.019876 0.019847 0.013182 0.013161 0.015175 0.013116 0.013185 
T_stage 1: 0.097829 0.067743 0.066190 0.072705 0.066276 0.065113 0.066563 0.065713 0.066240 0.065107 
Config: granularity=100000, SDR=1000, ADR=0, Rigid=1, Capture_Method=0
Stage 0: PT=0, T_stage=0.012350, bytes=0, T_capped=0
Stage 1: PT=6, T_stage=0.000000, bytes=33176880, T_capped=0
Group 1: Iters=10, Procs=260, Factors=1.000000, Dist=2, RM=0, SM=0, RS=0, SS=5, parents=156, children=0
Async_Iters: 0
T_iter: 0.111269 0.081931 0.084941 0.095027 0.091337 0.079460 0.079698 0.079074 0.083469 0.080144 
T_stage 0: 0.028539 0.014771 0.013300 0.020670 0.025239 0.013242 0.013775 0.013211 0.017974 0.013204 
T_stage 1: 0.082527 0.066390 0.070116 0.074239 0.065603 0.065946 0.066256 0.065620 0.065345 0.066748 
Config: granularity=100000, SDR=1000, ADR=0, Rigid=1, Capture_Method=0
Stage 0: PT=0, T_stage=0.012350, bytes=0, T_capped=0
Stage 1: PT=6, T_stage=0.000000, bytes=33176880, T_capped=0
Group 1: Iters=10, Procs=260, Factors=1.000000, Dist=2, RM=0, SM=0, RS=0, SS=5, parents=156, children=0
Async_Iters: 0
T_iter: 0.106323 0.080242 0.079081 0.087440 0.076887 0.076199 0.079374 0.076465 0.076510 0.076755 
T_stage 0: 0.025449 0.015768 0.013753 0.013239 0.013179 0.013160 0.015450 0.013260 0.013193 0.013157 
T_stage 1: 0.080688 0.065342 0.064569 0.074075 0.063513 0.062848 0.065486 0.063000 0.063212 0.063454 
Config: granularity=100000, SDR=1000, ADR=0, Rigid=1, Capture_Method=0
Stage 0: PT=0, T_stage=0.012350, bytes=0, T_capped=0
Stage 1: PT=6, T_stage=0.000000, bytes=33176880, T_capped=0
Group 1: Iters=10, Procs=260, Factors=1.000000, Dist=2, RM=0, SM=0, RS=0, SS=5, parents=156, children=0
Async_Iters: 0
T_iter: 0.094615 0.081225 0.079720 0.084237 0.079648 0.080565 0.079459 0.080061 0.080492 0.081239 
T_stage 0: 0.013510 0.014938 0.014080 0.013500 0.013533 0.013584 0.013549 0.014033 0.013574 0.015053 
T_stage 1: 0.080941 0.067277 0.065610 0.070552 0.065943 0.066021 0.065716 0.065810 0.066743 0.067222 
Config: granularity=100000, SDR=1000, ADR=0, Rigid=1, Capture_Method=0
Stage 0: PT=0, T_stage=0.012350, bytes=0, T_capped=0
Stage 1: PT=6, T_stage=0.000000, bytes=33176880, T_capped=0
Group 1: Iters=10, Procs=260, Factors=1.000000, Dist=2, RM=0, SM=0, RS=0, SS=5, parents=156, children=0
Async_Iters: 0
T_iter: 0.139772 0.105538 0.092517 0.080654 0.081008 0.081578 0.084240 0.081218 0.082224 0.085714 
T_stage 0: 0.015187 0.035852 0.013750 0.013130 0.013128 0.013153 0.018534 0.013119 0.013120 0.018497 
T_stage 1: 0.094906 0.069461 0.078862 0.067261 0.067731 0.068277 0.066962 0.067894 0.068914 0.068115 
Config: granularity=100000, SDR=1000, ADR=0, Rigid=1, Capture_Method=0
Stage 0: PT=0, T_stage=0.012350, bytes=0, T_capped=0
Stage 1: PT=6, T_stage=0.000000, bytes=33176880, T_capped=0
Group 1: Iters=10, Procs=260, Factors=1.000000, Dist=2, RM=0, SM=0, RS=0, SS=5, parents=156, children=0
Async_Iters: 0
T_iter: 0.106698 0.080287 0.081633 0.090997 0.079644 0.079384 0.080202 0.079308 0.079211 0.078926 
T_stage 0: 0.024528 0.013864 0.013416 0.024112 0.014340 0.013424 0.013233 0.013248 0.013281 0.013303 
T_stage 1: 0.082025 0.066232 0.066710 0.071630 0.066199 0.065984 0.065354 0.065848 0.065744 0.065463 
Config: granularity=100000, SDR=1000, ADR=0, Rigid=1, Capture_Method=0
Stage 0: PT=0, T_stage=0.012350, bytes=0, T_capped=0
Stage 1: PT=6, T_stage=0.000000, bytes=33176880, T_capped=0
Group 1: Iters=10, Procs=260, Factors=1.000000, Dist=2, RM=0, SM=0, RS=0, SS=5, parents=156, children=0
Async_Iters: 0
T_iter: 0.132840 0.100043 0.089218 0.077976 0.079461 0.078126 0.079354 0.079226 0.078763 0.078110 
T_stage 0: 0.039878 0.030095 0.019376 0.013345 0.013139 0.013158 0.013939 0.015493 0.014131 0.013145 
T_stage 1: 0.092800 0.069327 0.069723 0.064590 0.065830 0.064681 0.065609 0.065443 0.065041 0.064728 
Config: granularity=100000, SDR=1000, ADR=0, Rigid=1, Capture_Method=0
Stage 0: PT=0, T_stage=0.012350, bytes=0, T_capped=0
Stage 1: PT=6, T_stage=0.000000, bytes=33176880, T_capped=0
Group 1: Iters=10, Procs=260, Factors=1.000000, Dist=2, RM=0, SM=0, RS=0, SS=5, parents=156, children=0
Async_Iters: 0
T_iter: 0.105179 0.082435 0.085205 0.084937 0.083198 0.080222 0.078514 0.079562 0.079039 0.078307 
T_stage 0: 0.021634 0.016753 0.013622 0.023530 0.013748 0.013227 0.013167 0.013164 0.013565 0.013133 
T_stage 1: 0.082985 0.068422 0.070651 0.065173 0.069849 0.066839 0.065181 0.066122 0.065024 0.064930 
Config: granularity=100000, SDR=1000, ADR=0, Rigid=1, Capture_Method=0
Stage 0: PT=0, T_stage=0.012350, bytes=0, T_capped=0
Stage 1: PT=6, T_stage=0.000000, bytes=33176880, T_capped=0
Group 1: Iters=10, Procs=260, Factors=1.000000, Dist=2, RM=0, SM=0, RS=0, SS=5, parents=156, children=0
Async_Iters: 0
T_iter: 0.095449 0.078148 0.077987 0.100419 0.160994 0.131039 0.102386 0.079304 0.078571 0.078503 
T_stage 0: 0.013755 0.013330 0.013211 0.023358 0.032211 0.050272 0.037626 0.015634 0.013144 0.013766 
T_stage 1: 0.081489 0.064719 0.064652 0.080504 0.142692 0.080598 0.064679 0.065794 0.065211 0.065176 
Config: granularity=100000, SDR=1000, ADR=0, Rigid=1, Capture_Method=0
Stage 0: PT=0, T_stage=0.012350, bytes=0, T_capped=0
Stage 1: PT=6, T_stage=0.000000, bytes=33176880, T_capped=0
Group 1: Iters=10, Procs=260, Factors=1.000000, Dist=2, RM=0, SM=0, RS=0, SS=5, parents=156, children=0
Async_Iters: 0
T_iter: 0.103324 0.092262 0.086971 0.079588 0.078703 0.078015 0.080701 0.077572 0.078158 0.078021 
T_stage 0: 0.021697 0.019808 0.014097 0.013586 0.013534 0.014059 0.016460 0.013669 0.013617 0.013685 
T_stage 1: 0.081361 0.073036 0.073235 0.065938 0.064682 0.064226 0.064057 0.063691 0.064340 0.064191 
