Config loaded: R=1, S=2, granularity=100000, SDR=1000, ADR=0, Rigid=1, Capture_Method=0
Stage 0: PT=0, T_stage=0.012350, bytes=0, T_capped=0
Stage 1: PT=6, T_stage=0.000000, bytes=33176880, T_capped=0
Group 0: Iters=5, Procs=208, Factors=1.000000, Dist=2, RM=0, SM=0, RS=0, SS=0
Group 1: Iters=10, Procs=260, Factors=1.000000, Dist=2, RM=0, SM=0, RS=0, SS=5
T_spawn: 5.884656 
T_SR: 0.113473 
T_AR: 0.000000 
T_US: 0.276000 
T_Malleability: 6.727544 
T_total: 7.925556
Config loaded: R=1, S=2, granularity=100000, SDR=1000, ADR=0, Rigid=1, Capture_Method=0
Stage 0: PT=0, T_stage=0.012350, bytes=0, T_capped=0
Stage 1: PT=6, T_stage=0.000000, bytes=33176880, T_capped=0
Group 0: Iters=5, Procs=208, Factors=1.000000, Dist=2, RM=0, SM=0, RS=0, SS=0
Group 1: Iters=10, Procs=260, Factors=1.000000, Dist=2, RM=0, SM=0, RS=0, SS=5
T_spawn: 5.902289 
T_SR: 0.116641 
T_AR: 0.000000 
T_US: 0.293729 
T_Malleability: 6.715774 
T_total: 8.007691
Config loaded: R=1, S=2, granularity=100000, SDR=1000, ADR=0, Rigid=1, Capture_Method=0
Stage 0: PT=0, T_stage=0.012350, bytes=0, T_capped=0
Stage 1: PT=6, T_stage=0.000000, bytes=33176880, T_capped=0
Group 0: Iters=5, Procs=208, Factors=1.000000, Dist=2, RM=0, SM=0, RS=0, SS=0
Group 1: Iters=10, Procs=260, Factors=1.000000, Dist=2, RM=0, SM=0, RS=0, SS=5
T_spawn: 5.741210 
T_SR: 0.085961 
T_AR: 0.000000 
T_US: 0.314393 
T_Malleability: 6.576805 
T_total: 7.848440
Config loaded: R=1, S=2, granularity=100000, SDR=1000, ADR=0, Rigid=1, Capture_Method=0
Stage 0: PT=0, T_stage=0.012350, bytes=0, T_capped=0
Stage 1: PT=6, T_stage=0.000000, bytes=33176880, T_capped=0
Group 0: Iters=5, Procs=208, Factors=1.000000, Dist=2, RM=0, SM=0, RS=0, SS=0
Group 1: Iters=10, Procs=260, Factors=1.000000, Dist=2, RM=0, SM=0, RS=0, SS=5
T_spawn: 5.866340 
T_SR: 0.151996 
T_AR: 0.000000 
T_US: 0.293227 
T_Malleability: 6.699779 
T_total: 7.900723
Config loaded: R=1, S=2, granularity=100000, SDR=1000, ADR=0, Rigid=1, Capture_Method=0
Stage 0: PT=0, T_stage=0.012350, bytes=0, T_capped=0
Stage 1: PT=6, T_stage=0.000000, bytes=33176880, T_capped=0
Group 0: Iters=5, Procs=208, Factors=1.000000, Dist=2, RM=0, SM=0, RS=0, SS=0
Group 1: Iters=10, Procs=260, Factors=1.000000, Dist=2, RM=0, SM=0, RS=0, SS=5
T_spawn: 5.726217 
T_SR: 0.137758 
T_AR: 0.000000 
T_US: 0.239967 
T_Malleability: 6.555630 
T_total: 7.744265
Config loaded: R=1, S=2, granularity=100000, SDR=1000, ADR=0, Rigid=1, Capture_Method=0
Stage 0: PT=0, T_stage=0.012350, bytes=0, T_capped=0
Stage 1: PT=6, T_stage=0.000000, bytes=33176880, T_capped=0
Group 0: Iters=5, Procs=208, Factors=1.000000, Dist=2, RM=0, SM=0, RS=0, SS=0
Group 1: Iters=10, Procs=260, Factors=1.000000, Dist=2, RM=0, SM=0, RS=0, SS=5
T_spawn: 6.050020 
T_SR: 0.093666 
T_AR: 0.000000 
T_US: 0.300793 
T_Malleability: 6.905434 
T_total: 8.348165
Config loaded: R=1, S=2, granularity=100000, SDR=1000, ADR=0, Rigid=1, Capture_Method=0
Stage 0: PT=0, T_stage=0.012350, bytes=0, T_capped=0
Stage 1: PT=6, T_stage=0.000000, bytes=33176880, T_capped=0
Group 0: Iters=5, Procs=208, Factors=1.000000, Dist=2, RM=0, SM=0, RS=0, SS=0
Group 1: Iters=10, Procs=260, Factors=1.000000, Dist=2, RM=0, SM=0, RS=0, SS=5
T_spawn: 6.183668 
T_SR: 0.119996 
T_AR: 0.000000 
T_US: 0.295813 
T_Malleability: 7.011095 
T_total: 8.164434
Config loaded: R=1, S=2, granularity=100000, SDR=1000, ADR=0, Rigid=1, Capture_Method=0
Stage 0: PT=0, T_stage=0.012350, bytes=0, T_capped=0
Stage 1: PT=6, T_stage=0.000000, bytes=33176880, T_capped=0
Group 0: Iters=5, Procs=208, Factors=1.000000, Dist=2, RM=0, SM=0, RS=0, SS=0
Group 1: Iters=10, Procs=260, Factors=1.000000, Dist=2, RM=0, SM=0, RS=0, SS=5
T_spawn: 6.043539 
T_SR: 0.119993 
T_AR: 0.000000 
T_US: 0.246997 
T_Malleability: 6.890556 
T_total: 8.130180
Config loaded: R=1, S=2, granularity=100000, SDR=1000, ADR=0, Rigid=1, Capture_Method=0
Stage 0: PT=0, T_stage=0.012350, bytes=0, T_capped=0
Stage 1: PT=6, T_stage=0.000000, bytes=33176880, T_capped=0
Group 0: Iters=5, Procs=208, Factors=1.000000, Dist=2, RM=0, SM=0, RS=0, SS=0
Group 1: Iters=10, Procs=260, Factors=1.000000, Dist=2, RM=0, SM=0, RS=0, SS=5
T_spawn: 5.690264 
T_SR: 0.148038 
T_AR: 0.000000 
T_US: 0.250124 
T_Malleability: 6.526120 
T_total: 7.673200
Config loaded: R=1, S=2, granularity=100000, SDR=1000, ADR=0, Rigid=1, Capture_Method=0
Stage 0: PT=0, T_stage=0.012350, bytes=0, T_capped=0
Stage 1: PT=6, T_stage=0.000000, bytes=33176880, T_capped=0
Group 0: Iters=5, Procs=208, Factors=1.000000, Dist=2, RM=0, SM=0, RS=0, SS=0
Group 1: Iters=10, Procs=260, Factors=1.000000, Dist=2, RM=0, SM=0, RS=0, SS=5
T_spawn: 5.841720 
T_SR: 0.141344 
T_AR: 0.000000 
T_US: 0.296007 
T_Malleability: 6.772472 
T_total: 8.192319
Config loaded: R=1, S=2, granularity=100000, SDR=1000, ADR=0, Rigid=1, Capture_Method=0
Stage 0: PT=0, T_stage=0.012350, bytes=0, T_capped=0
Stage 1: PT=6, T_stage=0.000000, bytes=33176880, T_capped=0
Group 0: Iters=5, Procs=208, Factors=1.000000, Dist=2, RM=0, SM=0, RS=0, SS=0
Group 1: Iters=10, Procs=260, Factors=1.000000, Dist=2, RM=0, SM=0, RS=0, SS=5
T_spawn: 6.302437 
T_SR: 0.175854 
T_AR: 0.000000 
T_US: 0.307208 
T_Malleability: 7.167822 
T_total: 8.340437
Config loaded: R=1, S=2, granularity=100000, SDR=1000, ADR=0, Rigid=1, Capture_Method=0
Stage 0: PT=0, T_stage=0.012350, bytes=0, T_capped=0
Stage 1: PT=6, T_stage=0.000000, bytes=33176880, T_capped=0
Group 0: Iters=5, Procs=208, Factors=1.000000, Dist=2, RM=0, SM=0, RS=0, SS=0
Group 1: Iters=10, Procs=260, Factors=1.000000, Dist=2, RM=0, SM=0, RS=0, SS=5
T_spawn: 5.715418 
T_SR: 0.100575 
T_AR: 0.000000 
T_US: 0.268420 
T_Malleability: 6.525287 
T_total: 7.713178
Config loaded: R=1, S=2, granularity=100000, SDR=1000, ADR=0, Rigid=1, Capture_Method=0
Stage 0: PT=0, T_stage=0.012350, bytes=0, T_capped=0
Stage 1: PT=6, T_stage=0.000000, bytes=33176880, T_capped=0
Group 0: Iters=5, Procs=208, Factors=1.000000, Dist=2, RM=0, SM=0, RS=0, SS=0
Group 1: Iters=10, Procs=260, Factors=1.000000, Dist=2, RM=0, SM=0, RS=0, SS=5
T_spawn: 5.807859 
T_SR: 0.118976 
T_AR: 0.000000 
T_US: 0.282971 
T_Malleability: 6.600982 
T_total: 7.786935
Config loaded: R=1, S=2, granularity=100000, SDR=1000, ADR=0, Rigid=1, Capture_Method=0
Stage 0: PT=0, T_stage=0.012350, bytes=0, T_capped=0
Stage 1: PT=6, T_stage=0.000000, bytes=33176880, T_capped=0
Group 0: Iters=5, Procs=208, Factors=1.000000, Dist=2, RM=0, SM=0, RS=0, SS=0
Group 1: Iters=10, Procs=260, Factors=1.000000, Dist=2, RM=0, SM=0, RS=0, SS=5
T_spawn: 5.960484 
T_SR: 0.111987 
T_AR: 0.000000 
T_US: 0.315750 
T_Malleability: 6.875841 
T_total: 8.054831
Config loaded: R=1, S=2, granularity=100000, SDR=1000, ADR=0, Rigid=1, Capture_Method=0
Stage 0: PT=0, T_stage=0.012350, bytes=0, T_capped=0
Stage 1: PT=6, T_stage=0.000000, bytes=33176880, T_capped=0
Group 0: Iters=5, Procs=208, Factors=1.000000, Dist=2, RM=0, SM=0, RS=0, SS=0
Group 1: Iters=10, Procs=260, Factors=1.000000, Dist=2, RM=0, SM=0, RS=0, SS=5
T_spawn: 5.477588 
T_SR: 0.115424 
T_AR: 0.000000 
T_US: 0.234709 
T_Malleability: 6.274167 
T_total: 7.673852
Config loaded: R=1, S=2, granularity=100000, SDR=1000, ADR=0, Rigid=1, Capture_Method=0
Stage 0: PT=0, T_stage=0.012350, bytes=0, T_capped=0
Stage 1: PT=6, T_stage=0.000000, bytes=33176880, T_capped=0
Group 0: Iters=5, Procs=208, Factors=1.000000, Dist=2, RM=0, SM=0, RS=0, SS=0
Group 1: Iters=10, Procs=260, Factors=1.000000, Dist=2, RM=0, SM=0, RS=0, SS=5
T_spawn: 5.858602 
T_SR: 0.073604 
T_AR: 0.000000 
T_US: 0.200047 
T_Malleability: 6.641620 
T_total: 7.816027
Config loaded: R=1, S=2, granularity=100000, SDR=1000, ADR=0, Rigid=1, Capture_Method=0
Stage 0: PT=0, T_stage=0.012350, bytes=0, T_capped=0
Stage 1: PT=6, T_stage=0.000000, bytes=33176880, T_capped=0
Group 0: Iters=5, Procs=208, Factors=1.000000, Dist=2, RM=0, SM=0, RS=0, SS=0
Group 1: Iters=10, Procs=260, Factors=1.000000, Dist=2, RM=0, SM=0, RS=0, SS=5
T_spawn: 5.880799 
T_SR: 0.116543 
T_AR: 0.000000 
T_US: 0.296652 
T_Malleability: 6.748792 
T_total: 7.944245
Config loaded: R=1, S=2, granularity=100000, SDR=1000, ADR=0, Rigid=1, Capture_Method=0
Stage 0: PT=0, T_stage=0.012350, bytes=0, T_capped=0
Stage 1: PT=6, T_stage=0.000000, bytes=33176880, T_capped=0
Group 0: Iters=5, Procs=208, Factors=1.000000, Dist=2, RM=0, SM=0, RS=0, SS=0
Group 1: Iters=10, Procs=260, Factors=1.000000, Dist=2, RM=0, SM=0, RS=0, SS=5
T_spawn: 6.214707 
T_SR: 0.119982 
T_AR: 0.000000 
T_US: 0.299832 
T_Malleability: 7.078084 
T_total: 8.273791
Config loaded: R=1, S=2, granularity=100000, SDR=1000, ADR=0, Rigid=1, Capture_Method=0
Stage 0: PT=0, T_stage=0.012350, bytes=0, T_capped=0
Stage 1: PT=6, T_stage=0.000000, bytes=33176880, T_capped=0
Group 0: Iters=5, Procs=208, Factors=1.000000, Dist=2, RM=0, SM=0, RS=0, SS=0
Group 1: Iters=10, Procs=260, Factors=1.000000, Dist=2, RM=0, SM=0, RS=0, SS=5
T_spawn: 6.150890 
T_SR: 0.123244 
T_AR: 0.000000 
T_US: 0.311926 
T_Malleability: 7.040322 
T_total: 8.340988
Config loaded: R=1, S=2, granularity=100000, SDR=1000, ADR=0, Rigid=1, Capture_Method=0
Stage 0: PT=0, T_stage=0.012350, bytes=0, T_capped=0
Stage 1: PT=6, T_stage=0.000000, bytes=33176880, T_capped=0
Group 0: Iters=5, Procs=208, Factors=1.000000, Dist=2, RM=0, SM=0, RS=0, SS=0
Group 1: Iters=10, Procs=260, Factors=1.000000, Dist=2, RM=0, SM=0, RS=0, SS=5
T_spawn: 5.873551 
T_SR: 0.137255 
T_AR: 0.000000 
T_US: 0.247939 
T_Malleability: 6.681240 
T_total: 7.987563
