Config loaded: R=1, S=2, granularity=100000, SDR=1000, ADR=0, Rigid=1, Capture_Method=0
Stage 0: PT=0, T_stage=0.012350, bytes=0, T_capped=0
Stage 1: PT=6, T_stage=0.000000, bytes=33176880, T_capped=0
Group 0: Iters=5, Procs=416, Factors=1.000000, Dist=2, RM=0, SM=0, RS=0, SS=0
Group 1: Iters=10, Procs=260, Factors=1.000000, Dist=2, RM=0, SM=0, RS=0, SS=5
T_spawn: 7.879549 
T_SR: 0.133372 
T_AR: 0.000000 
T_US: 0.289127 
T_Malleability: 8.772371 
T_total: 10.136264
Config loaded: R=1, S=2, granularity=100000, SDR=1000, ADR=0, Rigid=1, Capture_Method=0
Stage 0: PT=0, T_stage=0.012350, bytes=0, T_capped=0
Stage 1: PT=6, T_stage=0.000000, bytes=33176880, T_capped=0
Group 0: Iters=5, Procs=416, Factors=1.000000, Dist=2, RM=0, SM=0, RS=0, SS=0
Group 1: Iters=10, Procs=260, Factors=1.000000, Dist=2, RM=0, SM=0, RS=0, SS=5
T_spawn: 8.001989 
T_SR: 0.122749 
T_AR: 0.000000 
T_US: 0.255937 
T_Malleability: 8.895430 
T_total: 11.003587
Config loaded: R=1, S=2, granularity=100000, SDR=1000, ADR=0, Rigid=1, Capture_Method=0
Stage 0: PT=0, T_stage=0.012350, bytes=0, T_capped=0
Stage 1: PT=6, T_stage=0.000000, bytes=33176880, T_capped=0
Group 0: Iters=5, Procs=416, Factors=1.000000, Dist=2, RM=0, SM=0, RS=0, SS=0
Group 1: Iters=10, Procs=260, Factors=1.000000, Dist=2, RM=0, SM=0, RS=0, SS=5
T_spawn: 8.169291 
T_SR: 0.123783 
T_AR: 0.000000 
T_US: 0.291883 
T_Malleability: 9.054456 
T_total: 10.578069
Config loaded: R=1, S=2, granularity=100000, SDR=1000, ADR=0, Rigid=1, Capture_Method=0
Stage 0: PT=0, T_stage=0.012350, bytes=0, T_capped=0
Stage 1: PT=6, T_stage=0.000000, bytes=33176880, T_capped=0
Group 0: Iters=5, Procs=416, Factors=1.000000, Dist=2, RM=0, SM=0, RS=0, SS=0
Group 1: Iters=10, Procs=260, Factors=1.000000, Dist=2, RM=0, SM=0, RS=0, SS=5
T_spawn: 7.998421 
T_SR: 0.083986 
T_AR: 0.000000 
T_US: 0.274853 
T_Malleability: 8.895732 
T_total: 10.269252
Config loaded: R=1, S=2, granularity=100000, SDR=1000, ADR=0, Rigid=1, Capture_Method=0
Stage 0: PT=0, T_stage=0.012350, bytes=0, T_capped=0
Stage 1: PT=6, T_stage=0.000000, bytes=33176880, T_capped=0
Group 0: Iters=5, Procs=416, Factors=1.000000, Dist=2, RM=0, SM=0, RS=0, SS=0
Group 1: Iters=10, Procs=260, Factors=1.000000, Dist=2, RM=0, SM=0, RS=0, SS=5
T_spawn: 7.729249 
T_SR: 0.104961 
T_AR: 0.000000 
T_US: 0.261166 
T_Malleability: 8.565430 
T_total: 10.180736
Config loaded: R=1, S=2, granularity=100000, SDR=1000, ADR=0, Rigid=1, Capture_Method=0
Stage 0: PT=0, T_stage=0.012350, bytes=0, T_capped=0
Stage 1: PT=6, T_stage=0.000000, bytes=33176880, T_capped=0
Group 0: Iters=5, Procs=416, Factors=1.000000, Dist=2, RM=0, SM=0, RS=0, SS=0
Group 1: Iters=10, Procs=260, Factors=1.000000, Dist=2, RM=0, SM=0, RS=0, SS=5
T_spawn: 8.047550 
T_SR: 0.104393 
T_AR: 0.000000 
T_US: 0.267998 
T_Malleability: 8.913999 
T_total: 10.214208
Config loaded: R=1, S=2, granularity=100000, SDR=1000, ADR=0, Rigid=1, Capture_Method=0
Stage 0: PT=0, T_stage=0.012350, bytes=0, T_capped=0
Stage 1: PT=6, T_stage=0.000000, bytes=33176880, T_capped=0
Group 0: Iters=5, Procs=416, Factors=1.000000, Dist=2, RM=0, SM=0, RS=0, SS=0
Group 1: Iters=10, Procs=260, Factors=1.000000, Dist=2, RM=0, SM=0, RS=0, SS=5
T_spawn: 8.067544 
T_SR: 0.105260 
T_AR: 0.000000 
T_US: 0.287932 
T_Malleability: 8.932975 
T_total: 10.244813
Config loaded: R=1, S=2, granularity=100000, SDR=1000, ADR=0, Rigid=1, Capture_Method=0
Stage 0: PT=0, T_stage=0.012350, bytes=0, T_capped=0
Stage 1: PT=6, T_stage=0.000000, bytes=33176880, T_capped=0
Group 0: Iters=5, Procs=416, Factors=1.000000, Dist=2, RM=0, SM=0, RS=0, SS=0
Group 1: Iters=10, Procs=260, Factors=1.000000, Dist=2, RM=0, SM=0, RS=0, SS=5
T_spawn: 7.985103 
T_SR: 0.143994 
T_AR: 0.000000 
T_US: 0.283947 
T_Malleability: 8.847509 
T_total: 10.236815
Config loaded: R=1, S=2, granularity=100000, SDR=1000, ADR=0, Rigid=1, Capture_Method=0
Stage 0: PT=0, T_stage=0.012350, bytes=0, T_capped=0
Stage 1: PT=6, T_stage=0.000000, bytes=33176880, T_capped=0
Group 0: Iters=5, Procs=416, Factors=1.000000, Dist=2, RM=0, SM=0, RS=0, SS=0
Group 1: Iters=10, Procs=260, Factors=1.000000, Dist=2, RM=0, SM=0, RS=0, SS=5
T_spawn: 8.212286 
T_SR: 0.096001 
T_AR: 0.000000 
T_US: 0.287945 
T_Malleability: 9.154716 
T_total: 10.476824
Config loaded: R=1, S=2, granularity=100000, SDR=1000, ADR=0, Rigid=1, Capture_Method=0
Stage 0: PT=0, T_stage=0.012350, bytes=0, T_capped=0
Stage 1: PT=6, T_stage=0.000000, bytes=33176880, T_capped=0
Group 0: Iters=5, Procs=416, Factors=1.000000, Dist=2, RM=0, SM=0, RS=0, SS=0
Group 1: Iters=10, Procs=260, Factors=1.000000, Dist=2, RM=0, SM=0, RS=0, SS=5
T_spawn: 8.268916 
T_SR: 0.128009 
T_AR: 0.000000 
T_US: 0.258907 
T_Malleability: 9.174512 
T_total: 10.552873
Config loaded: R=1, S=2, granularity=100000, SDR=1000, ADR=0, Rigid=1, Capture_Method=0
Stage 0: PT=0, T_stage=0.012350, bytes=0, T_capped=0
Stage 1: PT=6, T_stage=0.000000, bytes=33176880, T_capped=0
Group 0: Iters=5, Procs=416, Factors=1.000000, Dist=2, RM=0, SM=0, RS=0, SS=0
Group 1: Iters=10, Procs=260, Factors=1.000000, Dist=2, RM=0, SM=0, RS=0, SS=5
T_spawn: 7.673912 
T_SR: 0.124002 
T_AR: 0.000000 
T_US: 0.291879 
T_Malleability: 8.562786 
T_total: 9.898633
Config loaded: R=1, S=2, granularity=100000, SDR=1000, ADR=0, Rigid=1, Capture_Method=0
Stage 0: PT=0, T_stage=0.012350, bytes=0, T_capped=0
Stage 1: PT=6, T_stage=0.000000, bytes=33176880, T_capped=0
Group 0: Iters=5, Procs=416, Factors=1.000000, Dist=2, RM=0, SM=0, RS=0, SS=0
Group 1: Iters=10, Procs=260, Factors=1.000000, Dist=2, RM=0, SM=0, RS=0, SS=5
T_spawn: 7.924463 
T_SR: 0.120345 
T_AR: 0.000000 
T_US: 0.347903 
T_Malleability: 8.884718 
T_total: 10.285563
Config loaded: R=1, S=2, granularity=100000, SDR=1000, ADR=0, Rigid=1, Capture_Method=0
Stage 0: PT=0, T_stage=0.012350, bytes=0, T_capped=0
Stage 1: PT=6, T_stage=0.000000, bytes=33176880, T_capped=0
Group 0: Iters=5, Procs=416, Factors=1.000000, Dist=2, RM=0, SM=0, RS=0, SS=0
Group 1: Iters=10, Procs=260, Factors=1.000000, Dist=2, RM=0, SM=0, RS=0, SS=5
T_spawn: 8.178233 
T_SR: 0.111999 
T_AR: 0.000000 
T_US: 0.279615 
T_Malleability: 9.032996 
T_total: 10.280407
Config loaded: R=1, S=2, granularity=100000, SDR=1000, ADR=0, Rigid=1, Capture_Method=0
Stage 0: PT=0, T_stage=0.012350, bytes=0, T_capped=0
Stage 1: PT=6, T_stage=0.000000, bytes=33176880, T_capped=0
Group 0: Iters=5, Procs=416, Factors=1.000000, Dist=2, RM=0, SM=0, RS=0, SS=0
Group 1: Iters=10, Procs=260, Factors=1.000000, Dist=2, RM=0, SM=0, RS=0, SS=5
T_spawn: 7.937297 
T_SR: 0.107788 
T_AR: 0.000000 
T_US: 0.339688 
T_Malleability: 8.857329 
T_total: 10.198823
Config loaded: R=1, S=2, granularity=100000, SDR=1000, ADR=0, Rigid=1, Capture_Method=0
Stage 0: PT=0, T_stage=0.012350, bytes=0, T_capped=0
Stage 1: PT=6, T_stage=0.000000, bytes=33176880, T_capped=0
Group 0: Iters=5, Procs=416, Factors=1.000000, Dist=2, RM=0, SM=0, RS=0, SS=0
Group 1: Iters=10, Procs=260, Factors=1.000000, Dist=2, RM=0, SM=0, RS=0, SS=5
T_spawn: 7.773248 
T_SR: 0.110984 
T_AR: 0.000000 
T_US: 0.285168 
T_Malleability: 8.615677 
T_total: 10.111670
Config loaded: R=1, S=2, granularity=100000, SDR=1000, ADR=0, Rigid=1, Capture_Method=0
Stage 0: PT=0, T_stage=0.012350, bytes=0, T_capped=0
Stage 1: PT=6, T_stage=0.000000, bytes=33176880, T_capped=0
Group 0: Iters=5, Procs=416, Factors=1.000000, Dist=2, RM=0, SM=0, RS=0, SS=0
Group 1: Iters=10, Procs=260, Factors=1.000000, Dist=2, RM=0, SM=0, RS=0, SS=5
T_spawn: 8.396798 
T_SR: 0.110574 
T_AR: 0.000000 
T_US: 0.261719 
T_Malleability: 9.278073 
T_total: 10.696227
Config loaded: R=1, S=2, granularity=100000, SDR=1000, ADR=0, Rigid=1, Capture_Method=0
Stage 0: PT=0, T_stage=0.012350, bytes=0, T_capped=0
Stage 1: PT=6, T_stage=0.000000, bytes=33176880, T_capped=0
Group 0: Iters=5, Procs=416, Factors=1.000000, Dist=2, RM=0, SM=0, RS=0, SS=0
Group 1: Iters=10, Procs=260, Factors=1.000000, Dist=2, RM=0, SM=0, RS=0, SS=5
T_spawn: 8.056384 
T_SR: 0.158645 
T_AR: 0.000000 
T_US: 0.291933 
T_Malleability: 8.940934 
T_total: 10.217255
Config loaded: R=1, S=2, granularity=100000, SDR=1000, ADR=0, Rigid=1, Capture_Method=0
Stage 0: PT=0, T_stage=0.012350, bytes=0, T_capped=0
Stage 1: PT=6, T_stage=0.000000, bytes=33176880, T_capped=0
Group 0: Iters=5, Procs=416, Factors=1.000000, Dist=2, RM=0, SM=0, RS=0, SS=0
Group 1: Iters=10, Procs=260, Factors=1.000000, Dist=2, RM=0, SM=0, RS=0, SS=5
T_spawn: 7.807895 
T_SR: 0.096013 
T_AR: 0.000000 
T_US: 0.264010 
T_Malleability: 8.624784 
T_total: 10.082053
Config loaded: R=1, S=2, granularity=100000, SDR=1000, ADR=0, Rigid=1, Capture_Method=0
Stage 0: PT=0, T_stage=0.012350, bytes=0, T_capped=0
Stage 1: PT=6, T_stage=0.000000, bytes=33176880, T_capped=0
Group 0: Iters=5, Procs=416, Factors=1.000000, Dist=2, RM=0, SM=0, RS=0, SS=0
Group 1: Iters=10, Procs=260, Factors=1.000000, Dist=2, RM=0, SM=0, RS=0, SS=5
T_spawn: 7.880087 
T_SR: 0.119998 
T_AR: 0.000000 
T_US: 0.319926 
T_Malleability: 8.788640 
T_total: 10.017588
Config loaded: R=1, S=2, granularity=100000, SDR=1000, ADR=0, Rigid=1, Capture_Method=0
Stage 0: PT=0, T_stage=0.012350, bytes=0, T_capped=0
Stage 1: PT=6, T_stage=0.000000, bytes=33176880, T_capped=0
Group 0: Iters=5, Procs=416, Factors=1.000000, Dist=2, RM=0, SM=0, RS=0, SS=0
Group 1: Iters=10, Procs=260, Factors=1.000000, Dist=2, RM=0, SM=0, RS=0, SS=5
T_spawn: 8.524046 
T_SR: 0.107804 
T_AR: 0.000000 
T_US: 0.296083 
T_Malleability: 9.426960 
T_total: 10.691725
