Config: granularity=100000, SDR=1000, ADR=0, Rigid=1, Capture_Method=0
Stage 0: PT=0, T_stage=0.012350, bytes=0, T_capped=0
Stage 1: PT=6, T_stage=0.000000, bytes=33176880, T_capped=0
Group 1: Iters=10, Procs=52, Factors=1.000000, Dist=2, RM=0, SM=1, RS=0, SS=0, parents=208, children=0
Async_Iters: 0
T_iter: 0.106039 0.088373 0.088555 0.087260 0.088730 0.089241 0.088966 0.088937 0.088777 0.088366 
T_stage 0: 0.012613 0.012638 0.012648 0.012593 0.012600 0.012612 0.012592 0.012611 0.012594 0.012594 
T_stage 1: 0.093328 0.075685 0.075808 0.074569 0.076075 0.076569 0.076315 0.076248 0.076120 0.075702 
Config: granularity=100000, SDR=1000, ADR=0, Rigid=1, Capture_Method=0
Stage 0: PT=0, T_stage=0.012350, bytes=0, T_capped=0
Stage 1: PT=6, T_stage=0.000000, bytes=33176880, T_capped=0
Group 1: Iters=10, Procs=52, Factors=1.000000, Dist=2, RM=0, SM=1, RS=0, SS=0, parents=208, children=0
Async_Iters: 0
T_iter: 0.096936 0.079241 0.081294 0.079837 0.078940 0.079244 0.079141 0.079095 0.079156 0.079469 
T_stage 0: 0.012635 0.012720 0.012653 0.012946 0.012607 0.012861 0.012638 0.012589 0.012607 0.012599 
T_stage 1: 0.084187 0.066555 0.068560 0.066774 0.066245 0.066338 0.066461 0.066438 0.066475 0.066809 
Config: granularity=100000, SDR=1000, ADR=0, Rigid=1, Capture_Method=0
Stage 0: PT=0, T_stage=0.012350, bytes=0, T_capped=0
Stage 1: PT=6, T_stage=0.000000, bytes=33176880, T_capped=0
Group 1: Iters=10, Procs=52, Factors=1.000000, Dist=2, RM=0, SM=1, RS=0, SS=0, parents=208, children=0
Async_Iters: 0
T_iter: 0.093857 0.077885 0.077461 0.077605 0.077600 0.077574 0.077734 0.077559 0.077736 0.077654 
T_stage 0: 0.012662 0.012661 0.012680 0.012663 0.012604 0.012628 0.012632 0.012608 0.012654 0.012640 
T_stage 1: 0.081131 0.065140 0.064753 0.064857 0.064924 0.064907 0.065044 0.064842 0.064999 0.064932 
Config: granularity=100000, SDR=1000, ADR=0, Rigid=1, Capture_Method=0
Stage 0: PT=0, T_stage=0.012350, bytes=0, T_capped=0
Stage 1: PT=6, T_stage=0.000000, bytes=33176880, T_capped=0
Group 1: Iters=10, Procs=52, Factors=1.000000, Dist=2, RM=0, SM=1, RS=0, SS=0, parents=208, children=0
Async_Iters: 0
T_iter: 0.097870 0.072629 0.072566 0.072311 0.072179 0.072467 0.072315 0.072112 0.072292 0.072238 
T_stage 0: 0.012590 0.012615 0.013029 0.012605 0.012607 0.012600 0.012664 0.012611 0.012649 0.012928 
T_stage 1: 0.085181 0.059940 0.059504 0.059633 0.059508 0.059791 0.059550 0.059431 0.059541 0.059283 
Config: granularity=100000, SDR=1000, ADR=0, Rigid=1, Capture_Method=0
Stage 0: PT=0, T_stage=0.012350, bytes=0, T_capped=0
Stage 1: PT=6, T_stage=0.000000, bytes=33176880, T_capped=0
Group 1: Iters=10, Procs=52, Factors=1.000000, Dist=2, RM=0, SM=1, RS=0, SS=0, parents=208, children=0
Async_Iters: 0
T_iter: 0.081095 0.065230 0.066289 0.065201 0.065004 0.066084 0.065324 0.065230 0.073952 0.065510 
T_stage 0: 0.012617 0.012666 0.012599 0.012599 0.012594 0.012588 0.012596 0.012641 0.012592 0.012816 
T_stage 1: 0.068387 0.052458 0.053575 0.052520 0.052323 0.053369 0.052612 0.052493 0.061305 0.052629 
Config: granularity=100000, SDR=1000, ADR=0, Rigid=1, Capture_Method=0
Stage 0: PT=0, T_stage=0.012350, bytes=0, T_capped=0
Stage 1: PT=6, T_stage=0.000000, bytes=33176880, T_capped=0
Group 1: Iters=10, Procs=52, Factors=1.000000, Dist=2, RM=0, SM=1, RS=0, SS=0, parents=208, children=0
Async_Iters: 0
T_iter: 0.082411 0.065770 0.071997 0.066311 0.071388 0.065942 0.065821 0.065914 0.065984 0.066086 
T_stage 0: 0.012591 0.012594 0.012593 0.013015 0.012591 0.012591 0.012645 0.012591 0.012616 0.012722 
T_stage 1: 0.069721 0.053105 0.059310 0.053264 0.058715 0.053285 0.053122 0.053264 0.053316 0.053338 
Config: granularity=100000, SDR=1000, ADR=0, Rigid=1, Capture_Method=0
Stage 0: PT=0, T_stage=0.012350, bytes=0, T_capped=0
Stage 1: PT=6, T_stage=0.000000, bytes=33176880, T_capped=0
Group 1: Iters=10, Procs=52, Factors=1.000000, Dist=2, RM=0, SM=1, RS=0, SS=0, parents=208, children=0
Async_Iters: 0
T_iter: 0.161027 0.073977 0.074029 0.073780 0.074259 0.073908 0.073719 0.074139 0.074142 0.073912 
T_stage 0: 0.032000 0.012634 0.012642 0.012603 0.012817 0.012609 0.012628 0.012599 0.012633 0.012658 
T_stage 1: 0.133717 0.061283 0.061300 0.061096 0.061321 0.061231 0.061024 0.061465 0.061433 0.061169 
Config: granularity=100000, SDR=1000, ADR=0, Rigid=1, Capture_Method=0
Stage 0: PT=0, T_stage=0.012350, bytes=0, T_capped=0
Stage 1: PT=6, T_stage=0.000000, bytes=33176880, T_capped=0
Group 1: Iters=10, Procs=52, Factors=1.000000, Dist=2, RM=0, SM=1, RS=0, SS=0, parents=208, children=0
Async_Iters: 0
T_iter: 0.093330 0.077074 0.076491 0.076130 0.076331 0.076112 0.076613 0.077023 0.077245 0.076934 
T_stage 0: 0.012594 0.013017 0.012609 0.012596 0.012633 0.012673 0.012633 0.012932 0.012589 0.012650 
T_stage 1: 0.080590 0.064005 0.063796 0.063397 0.063660 0.063325 0.063953 0.063990 0.064560 0.064207 
Config: granularity=100000, SDR=1000, ADR=0, Rigid=1, Capture_Method=0
Stage 0: PT=0, T_stage=0.012350, bytes=0, T_capped=0
Stage 1: PT=6, T_stage=0.000000, bytes=33176880, T_capped=0
Group 1: Iters=10, Procs=52, Factors=1.000000, Dist=2, RM=0, SM=1, RS=0, SS=0, parents=208, children=0
Async_Iters: 0
T_iter: 0.096905 0.079493 0.079357 0.078505 0.079641 0.079266 0.078549 0.079797 0.079281 0.079375 
T_stage 0: 0.012602 0.012692 0.012609 0.012582 0.012595 0.012641 0.012653 0.012971 0.012600 0.012601 
T_stage 1: 0.084232 0.066802 0.066673 0.065840 0.066969 0.066551 0.065871 0.066803 0.066598 0.066693 
Config: granularity=100000, SDR=1000, ADR=0, Rigid=1, Capture_Method=0
Stage 0: PT=0, T_stage=0.012350, bytes=0, T_capped=0
Stage 1: PT=6, T_stage=0.000000, bytes=33176880, T_capped=0
Group 1: Iters=10, Procs=52, Factors=1.000000, Dist=2, RM=0, SM=1, RS=0, SS=0, parents=208, children=0
Async_Iters: 0
T_iter: 0.109953 0.088740 0.088658 0.089048 0.088978 0.088741 0.089090 0.088941 0.088718 0.088637 
T_stage 0: 0.017464 0.012605 0.012594 0.012592 0.012647 0.012648 0.012594 0.012596 0.012605 0.012638 
T_stage 1: 0.092440 0.076092 0.076002 0.076402 0.076264 0.076028 0.076423 0.076279 0.076066 0.075973 
Config: granularity=100000, SDR=1000, ADR=0, Rigid=1, Capture_Method=0
Stage 0: PT=0, T_stage=0.012350, bytes=0, T_capped=0
Stage 1: PT=6, T_stage=0.000000, bytes=33176880, T_capped=0
Group 1: Iters=10, Procs=52, Factors=1.000000, Dist=2, RM=0, SM=1, RS=0, SS=0, parents=208, children=0
Async_Iters: 0
T_iter: 0.146679 0.064859 0.064635 0.064942 0.064667 0.064635 0.064669 0.064625 0.064653 0.064833 
T_stage 0: 0.049917 0.012688 0.012590 0.012626 0.012622 0.012598 0.012651 0.012656 0.012595 0.012926 
T_stage 1: 0.108158 0.052082 0.051973 0.052241 0.051993 0.051972 0.051989 0.051881 0.051983 0.051861 
Config: granularity=100000, SDR=1000, ADR=0, Rigid=1, Capture_Method=0
Stage 0: PT=0, T_stage=0.012350, bytes=0, T_capped=0
Stage 1: PT=6, T_stage=0.000000, bytes=33176880, T_capped=0
Group 1: Iters=10, Procs=52, Factors=1.000000, Dist=2, RM=0, SM=1, RS=0, SS=0, parents=208, children=0
Async_Iters: 0
T_iter: 0.084639 0.069430 0.069855 0.068837 0.069809 0.069542 0.069516 0.069516 0.069575 0.069563 
T_stage 0: 0.012599 0.012581 0.012593 0.012644 0.012592 0.012623 0.012659 0.012594 0.012602 0.012600 
T_stage 1: 0.071936 0.056762 0.057188 0.056119 0.057152 0.056870 0.056788 0.056844 0.056902 0.056881 
Config: granularity=100000, SDR=1000, ADR=0, Rigid=1, Capture_Method=0
Stage 0: PT=0, T_stage=0.012350, bytes=0, T_capped=0
Stage 1: PT=6, T_stage=0.000000, bytes=33176880, T_capped=0
Group 1: Iters=10, Procs=52, Factors=1.000000, Dist=2, RM=0, SM=1, RS=0, SS=0, parents=208, children=0
Async_Iters: 0
T_iter: 0.081773 0.066719 0.066087 0.066092 0.066160 0.066372 0.065960 0.065993 0.065800 0.065849 
T_stage 0: 0.012604 0.012647 0.012627 0.012662 0.012620 0.013036 0.012599 0.012595 0.012598 0.012594 
T_stage 1: 0.069003 0.054020 0.053359 0.053373 0.053470 0.053298 0.053270 0.053316 0.053121 0.053167 
Config: granularity=100000, SDR=1000, ADR=0, Rigid=1, Capture_Method=0
Stage 0: PT=0, T_stage=0.012350, bytes=0, T_capped=0
Stage 1: PT=6, T_stage=0.000000, bytes=33176880, T_capped=0
Group 1: Iters=10, Procs=52, Factors=1.000000, Dist=2, RM=0, SM=1, RS=0, SS=0, parents=208, children=0
Async_Iters: 0
T_iter: 0.089830 0.073466 0.073841 0.073635 0.073931 0.073600 0.073665 0.073429 0.073542 0.073674 
T_stage 0: 0.012588 0.012625 0.013175 0.012610 0.012921 0.012647 0.012608 0.012641 0.012596 0.012606 
T_stage 1: 0.077153 0.060787 0.060544 0.060940 0.060916 0.060905 0.060924 0.060749 0.060859 0.060984 
Config: granularity=100000, SDR=1000, ADR=0, Rigid=1, Capture_Method=0
Stage 0: PT=0, T_stage=0.012350, bytes=0, T_capped=0
Stage 1: PT=6, T_stage=0.000000, bytes=33176880, T_capped=0
Group 1: Iters=10, Procs=52, Factors=1.000000, Dist=2, RM=0, SM=1, RS=0, SS=0, parents=208, children=0
Async_Iters: 0
T_iter: 0.086310 0.069674 0.070016 0.069785 0.070044 0.070430 0.069531 0.069941 0.069684 0.069779 
T_stage 0: 0.012617 0.012636 0.012790 0.012588 0.012606 0.012641 0.012581 0.012595 0.012619 0.012640 
T_stage 1: 0.073571 0.056975 0.057167 0.057121 0.057357 0.057715 0.056869 0.057265 0.056994 0.057105 
Config: granularity=100000, SDR=1000, ADR=0, Rigid=1, Capture_Method=0
Stage 0: PT=0, T_stage=0.012350, bytes=0, T_capped=0
Stage 1: PT=6, T_stage=0.000000, bytes=33176880, T_capped=0
Group 1: Iters=10, Procs=52, Factors=1.000000, Dist=2, RM=0, SM=1, RS=0, SS=0, parents=208, children=0
Async_Iters: 0
T_iter: 0.091177 0.073332 0.073413 0.074645 0.073231 0.073774 0.073752 0.073520 0.073622 0.073416 
T_stage 0: 0.012622 0.012651 0.012656 0.012620 0.012595 0.012650 0.012629 0.012583 0.012613 0.012600 
T_stage 1: 0.078456 0.060603 0.060714 0.061923 0.060569 0.061048 0.061078 0.060846 0.060932 0.060713 
Config: granularity=100000, SDR=1000, ADR=0, Rigid=1, Capture_Method=0
Stage 0: PT=0, T_stage=0.012350, bytes=0, T_capped=0
Stage 1: PT=6, T_stage=0.000000, bytes=33176880, T_capped=0
Group 1: Iters=10, Procs=52, Factors=1.000000, Dist=2, RM=0, SM=1, RS=0, SS=0, parents=208, children=0
Async_Iters: 0
T_iter: 0.089382 0.072458 0.072743 0.072367 0.072488 0.072485 0.074734 0.072226 0.072696 0.072343 
T_stage 0: 0.012589 0.012836 0.012646 0.012647 0.012611 0.012599 0.012603 0.012600 0.012606 0.012679 
T_stage 1: 0.076715 0.059624 0.060021 0.059652 0.059778 0.059810 0.062052 0.059536 0.060012 0.059592 
Config: granularity=100000, SDR=1000, ADR=0, Rigid=1, Capture_Method=0
Stage 0: PT=0, T_stage=0.012350, bytes=0, T_capped=0
Stage 1: PT=6, T_stage=0.000000, bytes=33176880, T_capped=0
Group 1: Iters=10, Procs=52, Factors=1.000000, Dist=2, RM=0, SM=1, RS=0, SS=0, parents=208, children=0
Async_Iters: 0
T_iter: 0.104041 0.086842 0.086465 0.087005 0.086856 0.086745 0.086614 0.086965 0.086969 0.086938 
T_stage 0: 0.012589 0.012674 0.012631 0.012590 0.012607 0.012653 0.012617 0.012607 0.012634 0.012593 
T_stage 1: 0.091368 0.074100 0.073756 0.074349 0.074190 0.074031 0.073903 0.074278 0.074261 0.074266 
Config: granularity=100000, SDR=1000, ADR=0, Rigid=1, Capture_Method=0
Stage 0: PT=0, T_stage=0.012350, bytes=0, T_capped=0
Stage 1: PT=6, T_stage=0.000000, bytes=33176880, T_capped=0
Group 1: Iters=10, Procs=52, Factors=1.000000, Dist=2, RM=0, SM=1, RS=0, SS=0, parents=208, children=0
Async_Iters: 0
T_iter: 0.094649 0.074650 0.074848 0.075035 0.074115 0.074310 0.074937 0.074765 0.074743 0.074395 
T_stage 0: 0.012592 0.012635 0.012615 0.012592 0.012648 0.012614 0.012636 0.012621 0.012610 0.012597 
T_stage 1: 0.081944 0.061897 0.062169 0.062368 0.061395 0.061601 0.062246 0.062073 0.062063 0.061736 
Config: granularity=100000, SDR=1000, ADR=0, Rigid=1, Capture_Method=0
Stage 0: PT=0, T_stage=0.012350, bytes=0, T_capped=0
Stage 1: PT=6, T_stage=0.000000, bytes=33176880, T_capped=0
Group 1: Iters=10, Procs=52, Factors=1.000000, Dist=2, RM=0, SM=1, RS=0, SS=0, parents=208, children=0
Async_Iters: 0
T_iter: 0.089662 0.071681 0.072003 0.071812 0.072775 0.071701 0.072023 0.071858 0.071688 0.071929 
T_stage 0: 0.012604 0.012590 0.012597 0.012656 0.013622 0.012603 0.012587 0.012612 0.012637 0.012623 
T_stage 1: 0.076970 0.059003 0.059304 0.059084 0.059091 0.059023 0.059320 0.059170 0.058965 0.059228 
