Config: granularity=100000, SDR=1000, ADR=0, Rigid=1, Capture_Method=0
Stage 0: PT=0, T_stage=0.012350, bytes=0, T_capped=0
Stage 1: PT=6, T_stage=0.000000, bytes=33176880, T_capped=0
Group 1: Iters=10, Procs=312, Factors=1.000000, Dist=2, RM=0, SM=0, RS=0, SS=5, parents=52, children=0
Async_Iters: 0
T_iter: 0.111369 0.082459 0.082477 0.083261 0.081920 0.081864 0.082156 0.084138 0.083235 0.082169 
T_stage 0: 0.018593 0.013706 0.014783 0.014653 0.013201 0.013323 0.013401 0.015083 0.014290 0.013284 
T_stage 1: 0.093762 0.068991 0.068701 0.069857 0.068529 0.068461 0.068746 0.070138 0.069796 0.068752 
Config: granularity=100000, SDR=1000, ADR=0, Rigid=1, Capture_Method=0
Stage 0: PT=0, T_stage=0.012350, bytes=0, T_capped=0
Stage 1: PT=6, T_stage=0.000000, bytes=33176880, T_capped=0
Group 1: Iters=10, Procs=312, Factors=1.000000, Dist=2, RM=0, SM=0, RS=0, SS=5, parents=52, children=0
Async_Iters: 0
T_iter: 0.101287 0.085134 0.085648 0.087267 0.084696 0.084504 0.085993 0.084503 0.084774 0.084886 
T_stage 0: 0.013698 0.014800 0.013796 0.015761 0.013381 0.014365 0.014170 0.013314 0.013272 0.013769 
T_stage 1: 0.086328 0.071044 0.072126 0.073890 0.071333 0.070973 0.072471 0.070989 0.071281 0.071514 
Config: granularity=100000, SDR=1000, ADR=0, Rigid=1, Capture_Method=0
Stage 0: PT=0, T_stage=0.012350, bytes=0, T_capped=0
Stage 1: PT=6, T_stage=0.000000, bytes=33176880, T_capped=0
Group 1: Iters=10, Procs=312, Factors=1.000000, Dist=2, RM=0, SM=0, RS=0, SS=5, parents=52, children=0
Async_Iters: 0
T_iter: 0.105847 0.085729 0.084754 0.084636 0.085871 0.084666 0.084384 0.084606 0.084439 0.087380 
T_stage 0: 0.018172 0.015566 0.013863 0.013683 0.014583 0.013500 0.013259 0.013805 0.013356 0.016113 
T_stage 1: 0.087552 0.072245 0.071278 0.071116 0.072402 0.071171 0.070928 0.071091 0.070978 0.071022 
Config: granularity=100000, SDR=1000, ADR=0, Rigid=1, Capture_Method=0
Stage 0: PT=0, T_stage=0.012350, bytes=0, T_capped=0
Stage 1: PT=6, T_stage=0.000000, bytes=33176880, T_capped=0
Group 1: Iters=10, Procs=312, Factors=1.000000, Dist=2, RM=0, SM=0, RS=0, SS=5, parents=52, children=0
Async_Iters: 0
T_iter: 0.121298 0.083967 0.086178 0.083228 0.081149 0.081066 0.081839 0.081323 0.091516 0.080756 
T_stage 0: 0.030570 0.014557 0.014655 0.016550 0.014542 0.013254 0.013868 0.013371 0.013526 0.013242 
T_stage 1: 0.091965 0.069961 0.072751 0.067825 0.067757 0.067685 0.067875 0.068036 0.078126 0.067403 
Config: granularity=100000, SDR=1000, ADR=0, Rigid=1, Capture_Method=0
Stage 0: PT=0, T_stage=0.012350, bytes=0, T_capped=0
Stage 1: PT=6, T_stage=0.000000, bytes=33176880, T_capped=0
Group 1: Iters=10, Procs=312, Factors=1.000000, Dist=2, RM=0, SM=0, RS=0, SS=5, parents=52, children=0
Async_Iters: 0
T_iter: 0.096690 0.083380 0.079161 0.080795 0.079723 0.083372 0.078344 0.079399 0.078521 0.078141 
T_stage 0: 0.013772 0.014125 0.013518 0.014145 0.014636 0.016244 0.013907 0.013412 0.013865 0.014131 
T_stage 1: 0.082727 0.069657 0.064824 0.066890 0.065927 0.069511 0.064723 0.065808 0.064940 0.064554 
Config: granularity=100000, SDR=1000, ADR=0, Rigid=1, Capture_Method=0
Stage 0: PT=0, T_stage=0.012350, bytes=0, T_capped=0
Stage 1: PT=6, T_stage=0.000000, bytes=33176880, T_capped=0
Group 1: Iters=10, Procs=312, Factors=1.000000, Dist=2, RM=0, SM=0, RS=0, SS=5, parents=52, children=0
Async_Iters: 0
T_iter: 0.105019 0.088152 0.088237 0.088810 0.086538 0.086802 0.087187 0.087524 0.088273 0.086066 
T_stage 0: 0.013209 0.013731 0.014242 0.013784 0.014095 0.013421 0.013776 0.013813 0.014907 0.013270 
T_stage 1: 0.091582 0.074754 0.074777 0.074977 0.073226 0.073425 0.073848 0.073741 0.074767 0.072651 
Config: granularity=100000, SDR=1000, ADR=0, Rigid=1, Capture_Method=0
Stage 0: PT=0, T_stage=0.012350, bytes=0, T_capped=0
Stage 1: PT=6, T_stage=0.000000, bytes=33176880, T_capped=0
Group 1: Iters=10, Procs=312, Factors=1.000000, Dist=2, RM=0, SM=0, RS=0, SS=5, parents=52, children=0
Async_Iters: 0
T_iter: 0.102269 0.086888 0.086831 0.100950 0.086950 0.086392 0.085761 0.085513 0.086310 0.085740 
T_stage 0: 0.013730 0.015294 0.013230 0.017412 0.015593 0.013817 0.013935 0.014290 0.014098 0.013815 
T_stage 1: 0.088487 0.073263 0.072638 0.083650 0.071144 0.072469 0.072383 0.072083 0.072903 0.072277 
Config: granularity=100000, SDR=1000, ADR=0, Rigid=1, Capture_Method=0
Stage 0: PT=0, T_stage=0.012350, bytes=0, T_capped=0
Stage 1: PT=6, T_stage=0.000000, bytes=33176880, T_capped=0
Group 1: Iters=10, Procs=312, Factors=1.000000, Dist=2, RM=0, SM=0, RS=0, SS=5, parents=52, children=0
Async_Iters: 0
T_iter: 0.103971 0.086007 0.088754 0.085691 0.085407 0.086349 0.087842 0.085385 0.085178 0.088870 
T_stage 0: 0.016556 0.014780 0.014224 0.013862 0.014168 0.013990 0.013851 0.013714 0.013750 0.017774 
T_stage 1: 0.087247 0.072570 0.075228 0.071815 0.071199 0.072508 0.072385 0.071952 0.071740 0.070899 
Config: granularity=100000, SDR=1000, ADR=0, Rigid=1, Capture_Method=0
Stage 0: PT=0, T_stage=0.012350, bytes=0, T_capped=0
Stage 1: PT=6, T_stage=0.000000, bytes=33176880, T_capped=0
Group 1: Iters=10, Procs=312, Factors=1.000000, Dist=2, RM=0, SM=0, RS=0, SS=5, parents=52, children=0
Async_Iters: 0
T_iter: 0.101450 0.082125 0.085274 0.086202 0.085341 0.095105 0.088170 0.086167 0.085699 0.084992 
T_stage 0: 0.015707 0.013512 0.013422 0.015226 0.014602 0.013886 0.016778 0.014655 0.014914 0.013299 
T_stage 1: 0.087683 0.068595 0.071770 0.072291 0.071964 0.081553 0.071431 0.071567 0.071957 0.071506 
Config: granularity=100000, SDR=1000, ADR=0, Rigid=1, Capture_Method=0
Stage 0: PT=0, T_stage=0.012350, bytes=0, T_capped=0
Stage 1: PT=6, T_stage=0.000000, bytes=33176880, T_capped=0
Group 1: Iters=10, Procs=312, Factors=1.000000, Dist=2, RM=0, SM=0, RS=0, SS=5, parents=52, children=0
Async_Iters: 0
T_iter: 0.116548 0.087521 0.087188 0.087060 0.088088 0.087308 0.087247 0.087987 0.086934 0.087356 
T_stage 0: 0.016804 0.015208 0.015129 0.013804 0.014844 0.013766 0.014376 0.014039 0.013408 0.014093 
T_stage 1: 0.099350 0.073927 0.073584 0.073477 0.073233 0.073363 0.073203 0.073862 0.073206 0.073704 
Config: granularity=100000, SDR=1000, ADR=0, Rigid=1, Capture_Method=0
Stage 0: PT=0, T_stage=0.012350, bytes=0, T_capped=0
Stage 1: PT=6, T_stage=0.000000, bytes=33176880, T_capped=0
Group 1: Iters=10, Procs=312, Factors=1.000000, Dist=2, RM=0, SM=0, RS=0, SS=5, parents=52, children=0
Async_Iters: 0
T_iter: 0.102628 0.085442 0.084156 0.086710 0.083914 0.083971 0.084161 0.085348 0.084260 0.084768 
T_stage 0: 0.015074 0.015545 0.013320 0.016644 0.014261 0.014102 0.014102 0.013372 0.013321 0.015028 
T_stage 1: 0.086853 0.071111 0.070602 0.070051 0.070440 0.070059 0.070386 0.071874 0.070758 0.071049 
Config: granularity=100000, SDR=1000, ADR=0, Rigid=1, Capture_Method=0
Stage 0: PT=0, T_stage=0.012350, bytes=0, T_capped=0
Stage 1: PT=6, T_stage=0.000000, bytes=33176880, T_capped=0
Group 1: Iters=10, Procs=312, Factors=1.000000, Dist=2, RM=0, SM=0, RS=0, SS=5, parents=52, children=0
Async_Iters: 0
T_iter: 0.102359 0.084387 0.085567 0.089505 0.085321 0.084005 0.084576 0.084479 0.084822 0.084364 
T_stage 0: 0.014467 0.013250 0.014941 0.013958 0.015186 0.013410 0.013269 0.013354 0.013419 0.013858 
T_stage 1: 0.087448 0.070955 0.071771 0.076176 0.071718 0.070429 0.071049 0.071046 0.071025 0.070970 
Config: granularity=100000, SDR=1000, ADR=0, Rigid=1, Capture_Method=0
Stage 0: PT=0, T_stage=0.012350, bytes=0, T_capped=0
Stage 1: PT=6, T_stage=0.000000, bytes=33176880, T_capped=0
Group 1: Iters=10, Procs=312, Factors=1.000000, Dist=2, RM=0, SM=0, RS=0, SS=5, parents=52, children=0
Async_Iters: 0
T_iter: 0.107369 0.084198 0.084707 0.085270 0.085091 0.084591 0.085609 0.083797 0.084080 0.084904 
T_stage 0: 0.013808 0.013939 0.014626 0.013828 0.015262 0.013790 0.014565 0.013331 0.014222 0.013343 
T_stage 1: 0.092330 0.070633 0.071229 0.070791 0.071553 0.071157 0.071980 0.070374 0.070583 0.071374 
Config: granularity=100000, SDR=1000, ADR=0, Rigid=1, Capture_Method=0
Stage 0: PT=0, T_stage=0.012350, bytes=0, T_capped=0
Stage 1: PT=6, T_stage=0.000000, bytes=33176880, T_capped=0
Group 1: Iters=10, Procs=312, Factors=1.000000, Dist=2, RM=0, SM=0, RS=0, SS=5, parents=52, children=0
Async_Iters: 0
T_iter: 0.104698 0.088105 0.088995 0.086319 0.086589 0.087036 0.087301 0.086961 0.086383 0.086458 
T_stage 0: 0.016148 0.015471 0.015937 0.015299 0.014089 0.013784 0.013412 0.013183 0.014301 0.013251 
T_stage 1: 0.087304 0.074362 0.074691 0.072805 0.072904 0.073643 0.073208 0.073487 0.072983 0.073026 
Config: granularity=100000, SDR=1000, ADR=0, Rigid=1, Capture_Method=0
Stage 0: PT=0, T_stage=0.012350, bytes=0, T_capped=0
Stage 1: PT=6, T_stage=0.000000, bytes=33176880, T_capped=0
Group 1: Iters=10, Procs=312, Factors=1.000000, Dist=2, RM=0, SM=0, RS=0, SS=5, parents=52, children=0
Async_Iters: 0
T_iter: 0.107057 0.090763 0.084562 0.088231 0.085240 0.085701 0.084802 0.085666 0.084825 0.084863 
T_stage 0: 0.021133 0.019040 0.014052 0.017159 0.013610 0.013410 0.013320 0.013800 0.013250 0.014020 
T_stage 1: 0.085130 0.071861 0.071098 0.071968 0.071590 0.071911 0.071315 0.072127 0.071400 0.071488 
Config: granularity=100000, SDR=1000, ADR=0, Rigid=1, Capture_Method=0
Stage 0: PT=0, T_stage=0.012350, bytes=0, T_capped=0
Stage 1: PT=6, T_stage=0.000000, bytes=33176880, T_capped=0
Group 1: Iters=10, Procs=312, Factors=1.000000, Dist=2, RM=0, SM=0, RS=0, SS=5, parents=52, children=0
Async_Iters: 0
T_iter: 0.100007 0.086599 0.086487 0.097477 0.084566 0.084443 0.085676 0.085474 0.086892 0.085359 
T_stage 0: 0.013786 0.015442 0.015592 0.015550 0.013714 0.013214 0.013812 0.013233 0.014934 0.013499 
T_stage 1: 0.086564 0.073194 0.072696 0.083473 0.070892 0.071069 0.072215 0.072101 0.072264 0.071950 
Config: granularity=100000, SDR=1000, ADR=0, Rigid=1, Capture_Method=0
Stage 0: PT=0, T_stage=0.012350, bytes=0, T_capped=0
Stage 1: PT=6, T_stage=0.000000, bytes=33176880, T_capped=0
Group 1: Iters=10, Procs=312, Factors=1.000000, Dist=2, RM=0, SM=0, RS=0, SS=5, parents=52, children=0
Async_Iters: 0
T_iter: 0.101828 0.084521 0.084427 0.091682 0.085020 0.084613 0.083905 0.084661 0.084484 0.084678 
T_stage 0: 0.015155 0.013823 0.013496 0.013260 0.013852 0.015246 0.013255 0.013233 0.013835 0.013219 
T_stage 1: 0.088172 0.070903 0.070948 0.078321 0.071665 0.071254 0.070593 0.071307 0.071137 0.071210 
Config: granularity=100000, SDR=1000, ADR=0, Rigid=1, Capture_Method=0
Stage 0: PT=0, T_stage=0.012350, bytes=0, T_capped=0
Stage 1: PT=6, T_stage=0.000000, bytes=33176880, T_capped=0
Group 1: Iters=10, Procs=312, Factors=1.000000, Dist=2, RM=0, SM=0, RS=0, SS=5, parents=52, children=0
Async_Iters: 0
T_iter: 0.110426 0.088165 0.094208 0.090452 0.095739 0.087182 0.086819 0.087663 0.087749 0.087863 
T_stage 0: 0.018443 0.013732 0.014333 0.013560 0.020199 0.014161 0.014299 0.013996 0.013416 0.013241 
T_stage 1: 0.092708 0.074340 0.074231 0.076247 0.076643 0.073769 0.073454 0.074213 0.074373 0.074403 
Config: granularity=100000, SDR=1000, ADR=0, Rigid=1, Capture_Method=0
Stage 0: PT=0, T_stage=0.012350, bytes=0, T_capped=0
Stage 1: PT=6, T_stage=0.000000, bytes=33176880, T_capped=0
Group 1: Iters=10, Procs=312, Factors=1.000000, Dist=2, RM=0, SM=0, RS=0, SS=5, parents=52, children=0
Async_Iters: 0
T_iter: 0.116943 0.085633 0.085063 0.088537 0.084370 0.096835 0.083700 0.084065 0.084290 0.083454 
T_stage 0: 0.029107 0.013978 0.014748 0.018468 0.013753 0.026872 0.015201 0.013214 0.014902 0.014128 
T_stage 1: 0.087706 0.071579 0.070422 0.073716 0.070933 0.070877 0.070309 0.070717 0.070565 0.070069 
Config: granularity=100000, SDR=1000, ADR=0, Rigid=1, Capture_Method=0
Stage 0: PT=0, T_stage=0.012350, bytes=0, T_capped=0
Stage 1: PT=6, T_stage=0.000000, bytes=33176880, T_capped=0
Group 1: Iters=10, Procs=312, Factors=1.000000, Dist=2, RM=0, SM=0, RS=0, SS=5, parents=52, children=0
Async_Iters: 0
T_iter: 0.101872 0.085917 0.084802 0.087061 0.085550 0.084468 0.085533 0.085140 0.082724 0.084862 
T_stage 0: 0.013833 0.014717 0.013336 0.013738 0.013283 0.014326 0.013534 0.015063 0.014733 0.013850 
T_stage 1: 0.087556 0.072604 0.071371 0.072024 0.070896 0.071102 0.071242 0.071435 0.069315 0.071398 
