Config: granularity=100000, SDR=1000, ADR=0, Rigid=1, Capture_Method=0
Stage 0: PT=0, T_stage=0.012350, bytes=0, T_capped=0
Stage 1: PT=6, T_stage=0.000000, bytes=33176880, T_capped=0
Group 0: Iters=5, Procs=104, Factors=1.000000, Dist=2, RM=0, SM=0, RS=0, SS=0, parents=0, children=312
Async_Iters: 0
T_iter: 0.075527 0.060217 0.062960 0.061675 0.064196 
T_stage 0: 0.012578 0.012604 0.012636 0.012681 0.012589 
T_stage 1: 0.062860 0.047556 0.050289 0.048893 0.051557 
Config: granularity=100000, SDR=1000, ADR=0, Rigid=1, Capture_Method=0
Stage 0: PT=0, T_stage=0.012350, bytes=0, T_capped=0
Stage 1: PT=6, T_stage=0.000000, bytes=33176880, T_capped=0
Group 0: Iters=5, Procs=104, Factors=1.000000, Dist=2, RM=0, SM=0, RS=0, SS=0, parents=0, children=312
Async_Iters: 0
T_iter: 0.091238 0.064756 0.062235 0.064508 0.061666 
T_stage 0: 0.012577 0.012614 0.012629 0.012581 0.012628 
T_stage 1: 0.078590 0.052077 0.049589 0.051888 0.048995 
Config: granularity=100000, SDR=1000, ADR=0, Rigid=1, Capture_Method=0
Stage 0: PT=0, T_stage=0.012350, bytes=0, T_capped=0
Stage 1: PT=6, T_stage=0.000000, bytes=33176880, T_capped=0
Group 0: Iters=5, Procs=104, Factors=1.000000, Dist=2, RM=0, SM=0, RS=0, SS=0, parents=0, children=312
Async_Iters: 0
T_iter: 0.072620 0.061924 0.066499 0.056485 0.056581 
T_stage 0: 0.012584 0.012651 0.012616 0.012928 0.012585 
T_stage 1: 0.059974 0.049159 0.053847 0.043511 0.043960 
Config: granularity=100000, SDR=1000, ADR=0, Rigid=1, Capture_Method=0
Stage 0: PT=0, T_stage=0.012350, bytes=0, T_capped=0
Stage 1: PT=6, T_stage=0.000000, bytes=33176880, T_capped=0
Group 0: Iters=5, Procs=104, Factors=1.000000, Dist=2, RM=0, SM=0, RS=0, SS=0, parents=0, children=312
Async_Iters: 0
T_iter: 0.075271 0.060847 0.063436 0.064837 0.061560 
T_stage 0: 0.012589 0.012620 0.012634 0.012836 0.012715 
T_stage 1: 0.062568 0.048167 0.050733 0.051954 0.048810 
Config: granularity=100000, SDR=1000, ADR=0, Rigid=1, Capture_Method=0
Stage 0: PT=0, T_stage=0.012350, bytes=0, T_capped=0
Stage 1: PT=6, T_stage=0.000000, bytes=33176880, T_capped=0
Group 0: Iters=5, Procs=104, Factors=1.000000, Dist=2, RM=0, SM=0, RS=0, SS=0, parents=0, children=312
Async_Iters: 0
T_iter: 0.076369 0.061335 0.061696 0.061596 0.061515 
T_stage 0: 0.012622 0.012574 0.012601 0.012617 0.012596 
T_stage 1: 0.063663 0.048679 0.049009 0.048879 0.048852 
Config: granularity=100000, SDR=1000, ADR=0, Rigid=1, Capture_Method=0
Stage 0: PT=0, T_stage=0.012350, bytes=0, T_capped=0
Stage 1: PT=6, T_stage=0.000000, bytes=33176880, T_capped=0
Group 0: Iters=5, Procs=104, Factors=1.000000, Dist=2, RM=0, SM=0, RS=0, SS=0, parents=0, children=312
Async_Iters: 0
T_iter: 0.070115 0.064092 0.056937 0.054957 0.054873 
T_stage 0: 0.012562 0.012576 0.012608 0.012646 0.012626 
T_stage 1: 0.057419 0.051383 0.044255 0.042221 0.042135 
Config: granularity=100000, SDR=1000, ADR=0, Rigid=1, Capture_Method=0
Stage 0: PT=0, T_stage=0.012350, bytes=0, T_capped=0
Stage 1: PT=6, T_stage=0.000000, bytes=33176880, T_capped=0
Group 0: Iters=5, Procs=104, Factors=1.000000, Dist=2, RM=0, SM=0, RS=0, SS=0, parents=0, children=312
Async_Iters: 0
T_iter: 0.080425 0.071222 0.065792 0.067755 0.068171 
T_stage 0: 0.012579 0.012572 0.012607 0.012645 0.012596 
T_stage 1: 0.067766 0.058623 0.053127 0.055042 0.055539 
Config: granularity=100000, SDR=1000, ADR=0, Rigid=1, Capture_Method=0
Stage 0: PT=0, T_stage=0.012350, bytes=0, T_capped=0
Stage 1: PT=6, T_stage=0.000000, bytes=33176880, T_capped=0
Group 0: Iters=5, Procs=104, Factors=1.000000, Dist=2, RM=0, SM=0, RS=0, SS=0, parents=0, children=312
Async_Iters: 0
T_iter: 0.077450 0.070239 0.061998 0.062374 0.062491 
T_stage 0: 0.012591 0.012699 0.012576 0.012570 0.012601 
T_stage 1: 0.064733 0.057583 0.049362 0.049720 0.049860 
Config: granularity=100000, SDR=1000, ADR=0, Rigid=1, Capture_Method=0
Stage 0: PT=0, T_stage=0.012350, bytes=0, T_capped=0
Stage 1: PT=6, T_stage=0.000000, bytes=33176880, T_capped=0
Group 0: Iters=5, Procs=104, Factors=1.000000, Dist=2, RM=0, SM=0, RS=0, SS=0, parents=0, children=312
Async_Iters: 0
T_iter: 0.072347 0.063386 0.059165 0.059707 0.058985 
T_stage 0: 0.012566 0.012570 0.012642 0.012733 0.012616 
T_stage 1: 0.059695 0.050727 0.046444 0.046938 0.046289 
Config: granularity=100000, SDR=1000, ADR=0, Rigid=1, Capture_Method=0
Stage 0: PT=0, T_stage=0.012350, bytes=0, T_capped=0
Stage 1: PT=6, T_stage=0.000000, bytes=33176880, T_capped=0
Group 0: Iters=5, Procs=104, Factors=1.000000, Dist=2, RM=0, SM=0, RS=0, SS=0, parents=0, children=312
Async_Iters: 0
T_iter: 0.095349 0.071649 0.073024 0.072892 0.076154 
T_stage 0: 0.012588 0.012619 0.012594 0.012636 0.012674 
T_stage 1: 0.082687 0.058950 0.060314 0.060172 0.063441 
Config: granularity=100000, SDR=1000, ADR=0, Rigid=1, Capture_Method=0
Stage 0: PT=0, T_stage=0.012350, bytes=0, T_capped=0
Stage 1: PT=6, T_stage=0.000000, bytes=33176880, T_capped=0
Group 0: Iters=5, Procs=104, Factors=1.000000, Dist=2, RM=0, SM=0, RS=0, SS=0, parents=0, children=312
Async_Iters: 0
T_iter: 0.082105 0.062436 0.061619 0.061428 0.064155 
T_stage 0: 0.012589 0.012613 0.012578 0.012587 0.012592 
T_stage 1: 0.069443 0.049776 0.048983 0.048777 0.051468 
Config: granularity=100000, SDR=1000, ADR=0, Rigid=1, Capture_Method=0
Stage 0: PT=0, T_stage=0.012350, bytes=0, T_capped=0
Stage 1: PT=6, T_stage=0.000000, bytes=33176880, T_capped=0
Group 0: Iters=5, Procs=104, Factors=1.000000, Dist=2, RM=0, SM=0, RS=0, SS=0, parents=0, children=312
Async_Iters: 0
T_iter: 0.078416 0.062510 0.063080 0.062914 0.062955 
T_stage 0: 0.012570 0.012603 0.012660 0.012762 0.012621 
T_stage 1: 0.065735 0.049845 0.050368 0.050087 0.050268 
Config: granularity=100000, SDR=1000, ADR=0, Rigid=1, Capture_Method=0
Stage 0: PT=0, T_stage=0.012350, bytes=0, T_capped=0
Stage 1: PT=6, T_stage=0.000000, bytes=33176880, T_capped=0
Group 0: Iters=5, Procs=104, Factors=1.000000, Dist=2, RM=0, SM=0, RS=0, SS=0, parents=0, children=312
Async_Iters: 0
T_iter: 0.071133 0.057749 0.058160 0.056814 0.059072 
T_stage 0: 0.012574 0.012661 0.012557 0.012588 0.012579 
T_stage 1: 0.058459 0.045063 0.045507 0.044172 0.046423 
Config: granularity=100000, SDR=1000, ADR=0, Rigid=1, Capture_Method=0
Stage 0: PT=0, T_stage=0.012350, bytes=0, T_capped=0
Stage 1: PT=6, T_stage=0.000000, bytes=33176880, T_capped=0
Group 0: Iters=5, Procs=104, Factors=1.000000, Dist=2, RM=0, SM=0, RS=0, SS=0, parents=0, children=312
Async_Iters: 0
T_iter: 0.077182 0.062086 0.062824 0.062502 0.062234 
T_stage 0: 0.012582 0.012600 0.012629 0.012624 0.012626 
T_stage 1: 0.064566 0.049464 0.050156 0.049806 0.049577 
Config: granularity=100000, SDR=1000, ADR=0, Rigid=1, Capture_Method=0
Stage 0: PT=0, T_stage=0.012350, bytes=0, T_capped=0
Stage 1: PT=6, T_stage=0.000000, bytes=33176880, T_capped=0
Group 0: Iters=5, Procs=104, Factors=1.000000, Dist=2, RM=0, SM=0, RS=0, SS=0, parents=0, children=312
Async_Iters: 0
T_iter: 0.082498 0.061746 0.057363 0.056166 0.056748 
T_stage 0: 0.012579 0.012656 0.012700 0.012599 0.012600 
T_stage 1: 0.069836 0.049073 0.044580 0.043433 0.044035 
Config: granularity=100000, SDR=1000, ADR=0, Rigid=1, Capture_Method=0
Stage 0: PT=0, T_stage=0.012350, bytes=0, T_capped=0
Stage 1: PT=6, T_stage=0.000000, bytes=33176880, T_capped=0
Group 0: Iters=5, Procs=104, Factors=1.000000, Dist=2, RM=0, SM=0, RS=0, SS=0, parents=0, children=312
Async_Iters: 0
T_iter: 0.091455 0.071661 0.072064 0.072491 0.072137 
T_stage 0: 0.012576 0.012584 0.012586 0.012649 0.012575 
T_stage 1: 0.078819 0.058996 0.059387 0.059726 0.059510 
Config: granularity=100000, SDR=1000, ADR=0, Rigid=1, Capture_Method=0
Stage 0: PT=0, T_stage=0.012350, bytes=0, T_capped=0
Stage 1: PT=6, T_stage=0.000000, bytes=33176880, T_capped=0
Group 0: Iters=5, Procs=104, Factors=1.000000, Dist=2, RM=0, SM=0, RS=0, SS=0, parents=0, children=312
Async_Iters: 0
T_iter: 0.076804 0.063949 0.063037 0.069917 0.063173 
T_stage 0: 0.012572 0.012575 0.012628 0.012607 0.012652 
T_stage 1: 0.064180 0.051303 0.050326 0.057211 0.050442 
Config: granularity=100000, SDR=1000, ADR=0, Rigid=1, Capture_Method=0
Stage 0: PT=0, T_stage=0.012350, bytes=0, T_capped=0
Stage 1: PT=6, T_stage=0.000000, bytes=33176880, T_capped=0
Group 0: Iters=5, Procs=104, Factors=1.000000, Dist=2, RM=0, SM=0, RS=0, SS=0, parents=0, children=312
Async_Iters: 0
T_iter: 0.070438 0.056277 0.056506 0.057384 0.056723 
T_stage 0: 0.012591 0.012636 0.012890 0.012620 0.012599 
T_stage 1: 0.057773 0.043607 0.043588 0.044681 0.044099 
Config: granularity=100000, SDR=1000, ADR=0, Rigid=1, Capture_Method=0
Stage 0: PT=0, T_stage=0.012350, bytes=0, T_capped=0
Stage 1: PT=6, T_stage=0.000000, bytes=33176880, T_capped=0
Group 0: Iters=5, Procs=104, Factors=1.000000, Dist=2, RM=0, SM=0, RS=0, SS=0, parents=0, children=312
Async_Iters: 0
T_iter: 0.140355 0.069409 0.070162 0.069567 0.068831 
T_stage 0: 0.012570 0.012595 0.012805 0.012608 0.012608 
T_stage 1: 0.127668 0.056775 0.057244 0.056874 0.056178 
Config: granularity=100000, SDR=1000, ADR=0, Rigid=1, Capture_Method=0
Stage 0: PT=0, T_stage=0.012350, bytes=0, T_capped=0
Stage 1: PT=6, T_stage=0.000000, bytes=33176880, T_capped=0
Group 0: Iters=5, Procs=104, Factors=1.000000, Dist=2, RM=0, SM=0, RS=0, SS=0, parents=0, children=312
Async_Iters: 0
T_iter: 0.076537 0.057920 0.057076 0.055681 0.055870 
T_stage 0: 0.012573 0.012767 0.012590 0.012630 0.012688 
T_stage 1: 0.063862 0.045112 0.044468 0.042992 0.043093 
