Config: granularity=100000, SDR=1000, ADR=0, Rigid=1, Capture_Method=0
Stage 0: PT=0, T_stage=0.012350, bytes=0, T_capped=0
Stage 1: PT=6, T_stage=0.000000, bytes=33176880, T_capped=0
Group 1: Iters=10, Procs=312, Factors=1.000000, Dist=2, RM=0, SM=0, RS=0, SS=5, parents=104, children=0
Async_Iters: 0
T_iter: 0.101346 0.086109 0.084625 0.089840 0.083976 0.084170 0.084121 0.084839 0.084138 0.084124 
T_stage 0: 0.013755 0.015050 0.015062 0.014282 0.014339 0.014902 0.013317 0.014046 0.014271 0.013259 
T_stage 1: 0.087365 0.072381 0.070569 0.076455 0.070509 0.070481 0.070638 0.071206 0.070764 0.070721 
Config: granularity=100000, SDR=1000, ADR=0, Rigid=1, Capture_Method=0
Stage 0: PT=0, T_stage=0.012350, bytes=0, T_capped=0
Stage 1: PT=6, T_stage=0.000000, bytes=33176880, T_capped=0
Group 1: Iters=10, Procs=312, Factors=1.000000, Dist=2, RM=0, SM=0, RS=0, SS=5, parents=104, children=0
Async_Iters: 0
T_iter: 0.111885 0.092321 0.100184 0.092854 0.091761 0.092475 0.092914 0.092263 0.092177 0.093089 
T_stage 0: 0.014064 0.014051 0.022595 0.013324 0.014266 0.013330 0.014314 0.014050 0.013287 0.013405 
T_stage 1: 0.097532 0.078852 0.078430 0.079313 0.078204 0.079042 0.079155 0.078803 0.078665 0.079521 
Config: granularity=100000, SDR=1000, ADR=0, Rigid=1, Capture_Method=0
Stage 0: PT=0, T_stage=0.012350, bytes=0, T_capped=0
Stage 1: PT=6, T_stage=0.000000, bytes=33176880, T_capped=0
Group 1: Iters=10, Procs=312, Factors=1.000000, Dist=2, RM=0, SM=0, RS=0, SS=5, parents=104, children=0
Async_Iters: 0
T_iter: 0.123238 0.089888 0.092729 0.093447 0.088594 0.088127 0.089315 0.088341 0.091685 0.089784 
T_stage 0: 0.030897 0.013839 0.013700 0.013304 0.013371 0.013244 0.013770 0.014904 0.014348 0.014687 
T_stage 1: 0.093968 0.075940 0.078388 0.080021 0.075156 0.074791 0.075986 0.074738 0.078076 0.074982 
Config: granularity=100000, SDR=1000, ADR=0, Rigid=1, Capture_Method=0
Stage 0: PT=0, T_stage=0.012350, bytes=0, T_capped=0
Stage 1: PT=6, T_stage=0.000000, bytes=33176880, T_capped=0
Group 1: Iters=10, Procs=312, Factors=1.000000, Dist=2, RM=0, SM=0, RS=0, SS=5, parents=104, children=0
Async_Iters: 0
T_iter: 0.103058 0.084704 0.085124 0.086376 0.086147 0.082363 0.083884 0.083128 0.083552 0.083864 
T_stage 0: 0.015764 0.013811 0.015232 0.013724 0.016830 0.013756 0.013787 0.014310 0.013769 0.013763 
T_stage 1: 0.087109 0.070706 0.071147 0.072430 0.070646 0.068484 0.069986 0.069186 0.069228 0.069408 
Config: granularity=100000, SDR=1000, ADR=0, Rigid=1, Capture_Method=0
Stage 0: PT=0, T_stage=0.012350, bytes=0, T_capped=0
Stage 1: PT=6, T_stage=0.000000, bytes=33176880, T_capped=0
Group 1: Iters=10, Procs=312, Factors=1.000000, Dist=2, RM=0, SM=0, RS=0, SS=5, parents=104, children=0
Async_Iters: 0
T_iter: 0.113220 0.086437 0.085775 0.091028 0.085458 0.086058 0.086108 0.086222 0.086219 0.085943 
T_stage 0: 0.023581 0.013499 0.014153 0.016418 0.013289 0.013306 0.013980 0.013307 0.014475 0.014170 
T_stage 1: 0.091438 0.072846 0.072388 0.077543 0.071989 0.072648 0.072645 0.072158 0.072478 0.072307 
Config: granularity=100000, SDR=1000, ADR=0, Rigid=1, Capture_Method=0
Stage 0: PT=0, T_stage=0.012350, bytes=0, T_capped=0
Stage 1: PT=6, T_stage=0.000000, bytes=33176880, T_capped=0
Group 1: Iters=10, Procs=312, Factors=1.000000, Dist=2, RM=0, SM=0, RS=0, SS=5, parents=104, children=0
Async_Iters: 0
T_iter: 0.103205 0.086717 0.084944 0.093631 0.083269 0.095244 0.107706 0.084054 0.084165 0.084430 
T_stage 0: 0.016733 0.014862 0.014206 0.023813 0.014344 0.014602 0.029746 0.013361 0.013359 0.013673 
T_stage 1: 0.085945 0.072526 0.071123 0.073936 0.069721 0.081739 0.083652 0.070513 0.070718 0.070617 
Config: granularity=100000, SDR=1000, ADR=0, Rigid=1, Capture_Method=0
Stage 0: PT=0, T_stage=0.012350, bytes=0, T_capped=0
Stage 1: PT=6, T_stage=0.000000, bytes=33176880, T_capped=0
Group 1: Iters=10, Procs=312, Factors=1.000000, Dist=2, RM=0, SM=0, RS=0, SS=5, parents=104, children=0
Async_Iters: 0
T_iter: 0.116473 0.085640 0.084532 0.092889 0.084874 0.084967 0.084265 0.085738 0.084719 0.088165 
T_stage 0: 0.031263 0.013209 0.013859 0.022643 0.013692 0.013215 0.013550 0.014802 0.013790 0.014355 
T_stage 1: 0.087442 0.071356 0.071213 0.072296 0.071451 0.071212 0.070629 0.072276 0.071026 0.071492 
Config: granularity=100000, SDR=1000, ADR=0, Rigid=1, Capture_Method=0
Stage 0: PT=0, T_stage=0.012350, bytes=0, T_capped=0
Stage 1: PT=6, T_stage=0.000000, bytes=33176880, T_capped=0
Group 1: Iters=10, Procs=312, Factors=1.000000, Dist=2, RM=0, SM=0, RS=0, SS=5, parents=104, children=0
Async_Iters: 0
T_iter: 0.122484 0.092531 0.099026 0.097599 0.091642 0.094306 0.092235 0.092206 0.091711 0.092340 
T_stage 0: 0.026855 0.013208 0.013997 0.019387 0.013416 0.014818 0.014911 0.013743 0.014226 0.013243 
T_stage 1: 0.094449 0.078806 0.083431 0.078780 0.078206 0.080316 0.078117 0.078756 0.078386 0.078892 
Config: granularity=100000, SDR=1000, ADR=0, Rigid=1, Capture_Method=0
Stage 0: PT=0, T_stage=0.012350, bytes=0, T_capped=0
Stage 1: PT=6, T_stage=0.000000, bytes=33176880, T_capped=0
Group 1: Iters=10, Procs=312, Factors=1.000000, Dist=2, RM=0, SM=0, RS=0, SS=5, parents=104, children=0
Async_Iters: 0
T_iter: 0.118283 0.082983 0.086878 0.087720 0.086324 0.082404 0.083122 0.082483 0.084534 0.083259 
T_stage 0: 0.031399 0.014189 0.014726 0.017788 0.014532 0.014635 0.013204 0.013221 0.013789 0.013772 
T_stage 1: 0.086713 0.069519 0.073519 0.070951 0.072607 0.068944 0.069780 0.069123 0.070720 0.069554 
Config: granularity=100000, SDR=1000, ADR=0, Rigid=1, Capture_Method=0
Stage 0: PT=0, T_stage=0.012350, bytes=0, T_capped=0
Stage 1: PT=6, T_stage=0.000000, bytes=33176880, T_capped=0
Group 1: Iters=10, Procs=312, Factors=1.000000, Dist=2, RM=0, SM=0, RS=0, SS=5, parents=104, children=0
Async_Iters: 0
T_iter: 0.097710 0.084484 0.085772 0.097471 0.082543 0.081303 0.082235 0.083327 0.081983 0.082812 
T_stage 0: 0.013660 0.015053 0.013809 0.029343 0.014767 0.013799 0.015567 0.014195 0.014237 0.014418 
T_stage 1: 0.083800 0.070346 0.071853 0.076660 0.068509 0.067853 0.068608 0.069825 0.068367 0.069286 
Config: granularity=100000, SDR=1000, ADR=0, Rigid=1, Capture_Method=0
Stage 0: PT=0, T_stage=0.012350, bytes=0, T_capped=0
Stage 1: PT=6, T_stage=0.000000, bytes=33176880, T_capped=0
Group 1: Iters=10, Procs=312, Factors=1.000000, Dist=2, RM=0, SM=0, RS=0, SS=5, parents=104, children=0
Async_Iters: 0
T_iter: 0.105315 0.085850 0.088138 0.086567 0.084039 0.084051 0.083930 0.084292 0.087475 0.084451 
T_stage 0: 0.019235 0.015250 0.014975 0.014305 0.014767 0.014147 0.013262 0.013830 0.016280 0.014094 
T_stage 1: 0.087580 0.070489 0.073651 0.072446 0.070408 0.070578 0.070521 0.070842 0.074016 0.070860 
Config: granularity=100000, SDR=1000, ADR=0, Rigid=1, Capture_Method=0
Stage 0: PT=0, T_stage=0.012350, bytes=0, T_capped=0
Stage 1: PT=6, T_stage=0.000000, bytes=33176880, T_capped=0
Group 1: Iters=10, Procs=312, Factors=1.000000, Dist=2, RM=0, SM=0, RS=0, SS=5, parents=104, children=0
Async_Iters: 0
T_iter: 0.120501 0.086918 0.086961 0.086128 0.085861 0.086502 0.087107 0.085914 0.086590 0.085350 
T_stage 0: 0.030717 0.014974 0.013983 0.014054 0.014131 0.014702 0.014948 0.013860 0.014639 0.014533 
T_stage 1: 0.090255 0.073215 0.073233 0.072599 0.072412 0.073016 0.073766 0.072340 0.073153 0.071961 
Config: granularity=100000, SDR=1000, ADR=0, Rigid=1, Capture_Method=0
Stage 0: PT=0, T_stage=0.012350, bytes=0, T_capped=0
Stage 1: PT=6, T_stage=0.000000, bytes=33176880, T_capped=0
Group 1: Iters=10, Procs=312, Factors=1.000000, Dist=2, RM=0, SM=0, RS=0, SS=5, parents=104, children=0
Async_Iters: 0
T_iter: 0.101838 0.084465 0.080970 0.088615 0.082201 0.083613 0.083054 0.083264 0.082968 0.081081 
T_stage 0: 0.015193 0.014348 0.013360 0.014875 0.013409 0.015412 0.014357 0.014027 0.013441 0.013807 
T_stage 1: 0.085826 0.070016 0.067400 0.075204 0.068825 0.070043 0.069525 0.069162 0.069510 0.067639 
Config: granularity=100000, SDR=1000, ADR=0, Rigid=1, Capture_Method=0
Stage 0: PT=0, T_stage=0.012350, bytes=0, T_capped=0
Stage 1: PT=6, T_stage=0.000000, bytes=33176880, T_capped=0
Group 1: Iters=10, Procs=312, Factors=1.000000, Dist=2, RM=0, SM=0, RS=0, SS=5, parents=104, children=0
Async_Iters: 0
T_iter: 0.106446 0.090056 0.088778 0.089851 0.082937 0.084178 0.083549 0.084983 0.082616 0.083939 
T_stage 0: 0.020503 0.016230 0.014363 0.021276 0.013281 0.015579 0.013595 0.013888 0.013546 0.013743 
T_stage 1: 0.085267 0.075677 0.074716 0.068940 0.069377 0.070373 0.069753 0.071176 0.069098 0.070369 
Config: granularity=100000, SDR=1000, ADR=0, Rigid=1, Capture_Method=0
Stage 0: PT=0, T_stage=0.012350, bytes=0, T_capped=0
Stage 1: PT=6, T_stage=0.000000, bytes=33176880, T_capped=0
Group 1: Iters=10, Procs=312, Factors=1.000000, Dist=2, RM=0, SM=0, RS=0, SS=5, parents=104, children=0
Async_Iters: 0
T_iter: 0.104583 0.085457 0.085699 0.090111 0.085476 0.084741 0.084344 0.084539 0.084028 0.084348 
T_stage 0: 0.017559 0.015250 0.015330 0.013216 0.015168 0.014044 0.014270 0.013220 0.014127 0.013263 
T_stage 1: 0.086831 0.071893 0.072163 0.076664 0.072028 0.071281 0.070888 0.071177 0.070571 0.070873 
Config: granularity=100000, SDR=1000, ADR=0, Rigid=1, Capture_Method=0
Stage 0: PT=0, T_stage=0.012350, bytes=0, T_capped=0
Stage 1: PT=6, T_stage=0.000000, bytes=33176880, T_capped=0
Group 1: Iters=10, Procs=312, Factors=1.000000, Dist=2, RM=0, SM=0, RS=0, SS=5, parents=104, children=0
Async_Iters: 0
T_iter: 0.099526 0.082890 0.081990 0.087532 0.084237 0.080874 0.083378 0.083478 0.086684 0.083527 
T_stage 0: 0.013718 0.013941 0.014714 0.013408 0.014128 0.014102 0.013259 0.013242 0.013695 0.013608 
T_stage 1: 0.085584 0.068879 0.068570 0.074120 0.070802 0.067482 0.069914 0.070084 0.072837 0.070103 
Config: granularity=100000, SDR=1000, ADR=0, Rigid=1, Capture_Method=0
Stage 0: PT=0, T_stage=0.012350, bytes=0, T_capped=0
Stage 1: PT=6, T_stage=0.000000, bytes=33176880, T_capped=0
Group 1: Iters=10, Procs=312, Factors=1.000000, Dist=2, RM=0, SM=0, RS=0, SS=5, parents=104, children=0
Async_Iters: 0
T_iter: 0.114882 0.093461 0.094196 0.093037 0.092976 0.093118 0.093418 0.092479 0.093309 0.093665 
T_stage 0: 0.018558 0.014652 0.015631 0.013361 0.013327 0.014034 0.014462 0.014225 0.013322 0.014048 
T_stage 1: 0.096146 0.079891 0.080734 0.079539 0.079441 0.079389 0.079874 0.078962 0.079816 0.079842 
Config: granularity=100000, SDR=1000, ADR=0, Rigid=1, Capture_Method=0
Stage 0: PT=0, T_stage=0.012350, bytes=0, T_capped=0
Stage 1: PT=6, T_stage=0.000000, bytes=33176880, T_capped=0
Group 1: Iters=10, Procs=312, Factors=1.000000, Dist=2, RM=0, SM=0, RS=0, SS=5, parents=104, children=0
Async_Iters: 0
T_iter: 0.099821 0.084522 0.082927 0.089868 0.083648 0.083412 0.083405 0.083196 0.084036 0.083968 
T_stage 0: 0.014998 0.014827 0.013466 0.013370 0.013281 0.013334 0.014618 0.013325 0.014756 0.013305 
T_stage 1: 0.086208 0.070907 0.069356 0.075726 0.070167 0.069889 0.069891 0.069701 0.070185 0.070423 
Config: granularity=100000, SDR=1000, ADR=0, Rigid=1, Capture_Method=0
Stage 0: PT=0, T_stage=0.012350, bytes=0, T_capped=0
Stage 1: PT=6, T_stage=0.000000, bytes=33176880, T_capped=0
Group 1: Iters=10, Procs=312, Factors=1.000000, Dist=2, RM=0, SM=0, RS=0, SS=5, parents=104, children=0
Async_Iters: 0
T_iter: 0.101403 0.086251 0.091539 0.087269 0.084024 0.083695 0.090974 0.084855 0.084293 0.084161 
T_stage 0: 0.014546 0.015255 0.014470 0.014441 0.014414 0.013665 0.014019 0.013939 0.014525 0.013409 
T_stage 1: 0.086464 0.072376 0.075859 0.073360 0.070496 0.070182 0.077398 0.071310 0.070770 0.070692 
Config: granularity=100000, SDR=1000, ADR=0, Rigid=1, Capture_Method=0
Stage 0: PT=0, T_stage=0.012350, bytes=0, T_capped=0
Stage 1: PT=6, T_stage=0.000000, bytes=33176880, T_capped=0
Group 1: Iters=10, Procs=312, Factors=1.000000, Dist=2, RM=0, SM=0, RS=0, SS=5, parents=104, children=0
Async_Iters: 0
T_iter: 0.101241 0.083861 0.084926 0.092635 0.085883 0.084349 0.084991 0.084794 0.084270 0.084422 
T_stage 0: 0.014367 0.014549 0.013549 0.020325 0.014557 0.014123 0.014110 0.013696 0.014844 0.013401 
T_stage 1: 0.086689 0.070330 0.071270 0.073062 0.072502 0.070942 0.071626 0.071405 0.070794 0.071054 
