Config: granularity=100000, SDR=1000, ADR=0, Rigid=1, Capture_Method=0
Stage 0: PT=0, T_stage=0.012350, bytes=0, T_capped=0
Stage 1: PT=6, T_stage=0.000000, bytes=33176880, T_capped=0
Group 0: Iters=5, Procs=156, Factors=1.000000, Dist=2, RM=0, SM=0, RS=0, SS=0, parents=0, children=312
Async_Iters: 0
T_iter: 0.078125 0.066959 0.056192 0.067803 0.057428 
T_stage 0: 0.014730 0.012594 0.013073 0.016030 0.013643 
T_stage 1: 0.063342 0.054209 0.043061 0.051705 0.043720 
Config: granularity=100000, SDR=1000, ADR=0, Rigid=1, Capture_Method=0
Stage 0: PT=0, T_stage=0.012350, bytes=0, T_capped=0
Stage 1: PT=6, T_stage=0.000000, bytes=33176880, T_capped=0
Group 0: Iters=5, Procs=156, Factors=1.000000, Dist=2, RM=0, SM=0, RS=0, SS=0, parents=0, children=312
Async_Iters: 0
T_iter: 0.080533 0.077068 0.067508 0.071042 0.068147 
T_stage 0: 0.012619 0.012658 0.012674 0.012628 0.012644 
T_stage 1: 0.067797 0.064363 0.054776 0.058343 0.055419 
Config: granularity=100000, SDR=1000, ADR=0, Rigid=1, Capture_Method=0
Stage 0: PT=0, T_stage=0.012350, bytes=0, T_capped=0
Stage 1: PT=6, T_stage=0.000000, bytes=33176880, T_capped=0
Group 0: Iters=5, Procs=156, Factors=1.000000, Dist=2, RM=0, SM=0, RS=0, SS=0, parents=0, children=312
Async_Iters: 0
T_iter: 0.085136 0.064507 0.063363 0.061326 0.062434 
T_stage 0: 0.012596 0.013014 0.012649 0.012617 0.012985 
T_stage 1: 0.072487 0.051379 0.050664 0.048641 0.049415 
Config: granularity=100000, SDR=1000, ADR=0, Rigid=1, Capture_Method=0
Stage 0: PT=0, T_stage=0.012350, bytes=0, T_capped=0
Stage 1: PT=6, T_stage=0.000000, bytes=33176880, T_capped=0
Group 0: Iters=5, Procs=156, Factors=1.000000, Dist=2, RM=0, SM=0, RS=0, SS=0, parents=0, children=312
Async_Iters: 0
T_iter: 0.082691 0.066880 0.079181 0.076347 0.076699 
T_stage 0: 0.012615 0.012623 0.012663 0.012687 0.012645 
T_stage 1: 0.069981 0.054135 0.066411 0.063582 0.063981 
Config: granularity=100000, SDR=1000, ADR=0, Rigid=1, Capture_Method=0
Stage 0: PT=0, T_stage=0.012350, bytes=0, T_capped=0
Stage 1: PT=6, T_stage=0.000000, bytes=33176880, T_capped=0
Group 0: Iters=5, Procs=156, Factors=1.000000, Dist=2, RM=0, SM=0, RS=0, SS=0, parents=0, children=312
Async_Iters: 0
T_iter: 0.079091 0.063319 0.062305 0.062929 0.062604 
T_stage 0: 0.012608 0.012659 0.012664 0.012694 0.012681 
T_stage 1: 0.066435 0.050546 0.049599 0.050093 0.049841 
Config: granularity=100000, SDR=1000, ADR=0, Rigid=1, Capture_Method=0
Stage 0: PT=0, T_stage=0.012350, bytes=0, T_capped=0
Stage 1: PT=6, T_stage=0.000000, bytes=33176880, T_capped=0
Group 0: Iters=5, Procs=156, Factors=1.000000, Dist=2, RM=0, SM=0, RS=0, SS=0, parents=0, children=312
Async_Iters: 0
T_iter: 0.084965 0.063480 0.063703 0.066630 0.063332 
T_stage 0: 0.012594 0.012681 0.012925 0.012732 0.012611 
T_stage 1: 0.072261 0.050684 0.050702 0.053810 0.050596 
Config: granularity=100000, SDR=1000, ADR=0, Rigid=1, Capture_Method=0
Stage 0: PT=0, T_stage=0.012350, bytes=0, T_capped=0
Stage 1: PT=6, T_stage=0.000000, bytes=33176880, T_capped=0
Group 0: Iters=5, Procs=156, Factors=1.000000, Dist=2, RM=0, SM=0, RS=0, SS=0, parents=0, children=312
Async_Iters: 0
T_iter: 0.083871 0.069584 0.062745 0.065551 0.072829 
T_stage 0: 0.012872 0.012619 0.012694 0.012663 0.012613 
T_stage 1: 0.070944 0.056891 0.050011 0.052852 0.060090 
Config: granularity=100000, SDR=1000, ADR=0, Rigid=1, Capture_Method=0
Stage 0: PT=0, T_stage=0.012350, bytes=0, T_capped=0
Stage 1: PT=6, T_stage=0.000000, bytes=33176880, T_capped=0
Group 0: Iters=5, Procs=156, Factors=1.000000, Dist=2, RM=0, SM=0, RS=0, SS=0, parents=0, children=312
Async_Iters: 0
T_iter: 0.076161 0.067916 0.067002 0.066875 0.065559 
T_stage 0: 0.012605 0.012608 0.012658 0.012671 0.012650 
T_stage 1: 0.063496 0.055235 0.054293 0.054114 0.052840 
Config: granularity=100000, SDR=1000, ADR=0, Rigid=1, Capture_Method=0
Stage 0: PT=0, T_stage=0.012350, bytes=0, T_capped=0
Stage 1: PT=6, T_stage=0.000000, bytes=33176880, T_capped=0
Group 0: Iters=5, Procs=156, Factors=1.000000, Dist=2, RM=0, SM=0, RS=0, SS=0, parents=0, children=312
Async_Iters: 0
T_iter: 0.079288 0.066719 0.063446 0.062938 0.061182 
T_stage 0: 0.012597 0.012838 0.012617 0.012640 0.012602 
T_stage 1: 0.066573 0.053987 0.050715 0.050218 0.048463 
Config: granularity=100000, SDR=1000, ADR=0, Rigid=1, Capture_Method=0
Stage 0: PT=0, T_stage=0.012350, bytes=0, T_capped=0
Stage 1: PT=6, T_stage=0.000000, bytes=33176880, T_capped=0
Group 0: Iters=5, Procs=156, Factors=1.000000, Dist=2, RM=0, SM=0, RS=0, SS=0, parents=0, children=312
Async_Iters: 0
T_iter: 0.094389 0.061640 0.064994 0.062129 0.062573 
T_stage 0: 0.012626 0.012728 0.012684 0.012646 0.012666 
T_stage 1: 0.081698 0.048856 0.052241 0.049357 0.049860 
Config: granularity=100000, SDR=1000, ADR=0, Rigid=1, Capture_Method=0
Stage 0: PT=0, T_stage=0.012350, bytes=0, T_capped=0
Stage 1: PT=6, T_stage=0.000000, bytes=33176880, T_capped=0
Group 0: Iters=5, Procs=156, Factors=1.000000, Dist=2, RM=0, SM=0, RS=0, SS=0, parents=0, children=312
Async_Iters: 0
T_iter: 0.091895 0.073148 0.073164 0.074962 0.073645 
T_stage 0: 0.012627 0.012602 0.012618 0.012644 0.012642 
T_stage 1: 0.079115 0.060475 0.060437 0.062225 0.060916 
Config: granularity=100000, SDR=1000, ADR=0, Rigid=1, Capture_Method=0
Stage 0: PT=0, T_stage=0.012350, bytes=0, T_capped=0
Stage 1: PT=6, T_stage=0.000000, bytes=33176880, T_capped=0
Group 0: Iters=5, Procs=156, Factors=1.000000, Dist=2, RM=0, SM=0, RS=0, SS=0, parents=0, children=312
Async_Iters: 0
T_iter: 0.073450 0.070924 0.068437 0.068788 0.062745 
T_stage 0: 0.012615 0.012649 0.012627 0.012671 0.012630 
T_stage 1: 0.060728 0.058175 0.055760 0.056046 0.050042 
Config: granularity=100000, SDR=1000, ADR=0, Rigid=1, Capture_Method=0
Stage 0: PT=0, T_stage=0.012350, bytes=0, T_capped=0
Stage 1: PT=6, T_stage=0.000000, bytes=33176880, T_capped=0
Group 0: Iters=5, Procs=156, Factors=1.000000, Dist=2, RM=0, SM=0, RS=0, SS=0, parents=0, children=312
Async_Iters: 0
T_iter: 0.079606 0.063872 0.079627 0.066483 0.066804 
T_stage 0: 0.013429 0.012661 0.013001 0.012824 0.012647 
T_stage 1: 0.066087 0.051099 0.065157 0.053567 0.054099 
Config: granularity=100000, SDR=1000, ADR=0, Rigid=1, Capture_Method=0
Stage 0: PT=0, T_stage=0.012350, bytes=0, T_capped=0
Stage 1: PT=6, T_stage=0.000000, bytes=33176880, T_capped=0
Group 0: Iters=5, Procs=156, Factors=1.000000, Dist=2, RM=0, SM=0, RS=0, SS=0, parents=0, children=312
Async_Iters: 0
T_iter: 0.081377 0.065686 0.060581 0.060701 0.060420 
T_stage 0: 0.012611 0.012622 0.012627 0.012694 0.012671 
T_stage 1: 0.068637 0.053015 0.047886 0.047969 0.047667 
Config: granularity=100000, SDR=1000, ADR=0, Rigid=1, Capture_Method=0
Stage 0: PT=0, T_stage=0.012350, bytes=0, T_capped=0
Stage 1: PT=6, T_stage=0.000000, bytes=33176880, T_capped=0
Group 0: Iters=5, Procs=156, Factors=1.000000, Dist=2, RM=0, SM=0, RS=0, SS=0, parents=0, children=312
Async_Iters: 0
T_iter: 0.085267 0.062574 0.064048 0.062381 0.061709 
T_stage 0: 0.012599 0.012851 0.012775 0.012668 0.012637 
T_stage 1: 0.072529 0.049689 0.051204 0.049565 0.048981 
Config: granularity=100000, SDR=1000, ADR=0, Rigid=1, Capture_Method=0
Stage 0: PT=0, T_stage=0.012350, bytes=0, T_capped=0
Stage 1: PT=6, T_stage=0.000000, bytes=33176880, T_capped=0
Group 0: Iters=5, Procs=156, Factors=1.000000, Dist=2, RM=0, SM=0, RS=0, SS=0, parents=0, children=312
Async_Iters: 0
T_iter: 0.082061 0.065647 0.067605 0.065263 0.065412 
T_stage 0: 0.012622 0.012631 0.012724 0.012664 0.012676 
T_stage 1: 0.069370 0.052889 0.054796 0.052486 0.052674 
Config: granularity=100000, SDR=1000, ADR=0, Rigid=1, Capture_Method=0
Stage 0: PT=0, T_stage=0.012350, bytes=0, T_capped=0
Stage 1: PT=6, T_stage=0.000000, bytes=33176880, T_capped=0
Group 0: Iters=5, Procs=156, Factors=1.000000, Dist=2, RM=0, SM=0, RS=0, SS=0, parents=0, children=312
Async_Iters: 0
T_iter: 0.076898 0.071692 0.060580 0.062366 0.062942 
T_stage 0: 0.012605 0.012632 0.012673 0.012926 0.012634 
T_stage 1: 0.064198 0.058981 0.047756 0.049397 0.050236 
Config: granularity=100000, SDR=1000, ADR=0, Rigid=1, Capture_Method=0
Stage 0: PT=0, T_stage=0.012350, bytes=0, T_capped=0
Stage 1: PT=6, T_stage=0.000000, bytes=33176880, T_capped=0
Group 0: Iters=5, Procs=156, Factors=1.000000, Dist=2, RM=0, SM=0, RS=0, SS=0, parents=0, children=312
Async_Iters: 0
T_iter: 0.080207 0.063250 0.061768 0.060273 0.058301 
T_stage 0: 0.012588 0.012625 0.012628 0.012595 0.012619 
T_stage 1: 0.067507 0.050539 0.049058 0.047613 0.045538 
Config: granularity=100000, SDR=1000, ADR=0, Rigid=1, Capture_Method=0
Stage 0: PT=0, T_stage=0.012350, bytes=0, T_capped=0
Stage 1: PT=6, T_stage=0.000000, bytes=33176880, T_capped=0
Group 0: Iters=5, Procs=156, Factors=1.000000, Dist=2, RM=0, SM=0, RS=0, SS=0, parents=0, children=312
Async_Iters: 0
T_iter: 0.085512 0.070143 0.065548 0.065127 0.065043 
T_stage 0: 0.012788 0.012655 0.012771 0.012608 0.012704 
T_stage 1: 0.072661 0.057371 0.052641 0.052395 0.052237 
Config: granularity=100000, SDR=1000, ADR=0, Rigid=1, Capture_Method=0
Stage 0: PT=0, T_stage=0.012350, bytes=0, T_capped=0
Stage 1: PT=6, T_stage=0.000000, bytes=33176880, T_capped=0
Group 0: Iters=5, Procs=156, Factors=1.000000, Dist=2, RM=0, SM=0, RS=0, SS=0, parents=0, children=312
Async_Iters: 0
T_iter: 0.077327 0.062256 0.058924 0.059703 0.059901 
T_stage 0: 0.012586 0.012604 0.012642 0.012636 0.012640 
T_stage 1: 0.064685 0.049532 0.046235 0.046944 0.047152 
