Config: granularity=100000, SDR=1000, ADR=0, Rigid=1, Capture_Method=0
Stage 0: PT=0, T_stage=0.012350, bytes=0, T_capped=0
Stage 1: PT=6, T_stage=0.000000, bytes=33176880, T_capped=0
Group 1: Iters=10, Procs=312, Factors=1.000000, Dist=2, RM=0, SM=0, RS=0, SS=5, parents=208, children=0
Async_Iters: 0
T_iter: 0.099337 0.084588 0.095627 0.082954 0.086292 0.083520 0.084330 0.084989 0.081019 0.084204 
T_stage 0: 0.013618 0.013839 0.024366 0.015127 0.015525 0.013832 0.014201 0.015650 0.013280 0.013788 
T_stage 1: 0.085518 0.070373 0.078761 0.068672 0.072864 0.070131 0.070379 0.071041 0.067520 0.070783 
Config: granularity=100000, SDR=1000, ADR=0, Rigid=1, Capture_Method=0
Stage 0: PT=0, T_stage=0.012350, bytes=0, T_capped=0
Stage 1: PT=6, T_stage=0.000000, bytes=33176880, T_capped=0
Group 1: Iters=10, Procs=312, Factors=1.000000, Dist=2, RM=0, SM=0, RS=0, SS=5, parents=208, children=0
Async_Iters: 0
T_iter: 0.100386 0.082343 0.085037 0.088714 0.083364 0.082547 0.083057 0.083765 0.082169 0.087786 
T_stage 0: 0.013640 0.013317 0.013798 0.019599 0.015122 0.013792 0.013174 0.015349 0.013193 0.013945 
T_stage 1: 0.085685 0.068899 0.071415 0.068887 0.069978 0.069190 0.069579 0.070329 0.068815 0.074391 
Config: granularity=100000, SDR=1000, ADR=0, Rigid=1, Capture_Method=0
Stage 0: PT=0, T_stage=0.012350, bytes=0, T_capped=0
Stage 1: PT=6, T_stage=0.000000, bytes=33176880, T_capped=0
Group 1: Iters=10, Procs=312, Factors=1.000000, Dist=2, RM=0, SM=0, RS=0, SS=5, parents=208, children=0
Async_Iters: 0
T_iter: 0.113325 0.085895 0.093574 0.086310 0.085935 0.085155 0.084786 0.084787 0.085464 0.084781 
T_stage 0: 0.024509 0.014596 0.015593 0.017209 0.013842 0.013267 0.013141 0.013170 0.013292 0.013504 
T_stage 1: 0.089753 0.071217 0.078462 0.072842 0.072438 0.071692 0.071391 0.071392 0.071610 0.071102 
Config: granularity=100000, SDR=1000, ADR=0, Rigid=1, Capture_Method=0
Stage 0: PT=0, T_stage=0.012350, bytes=0, T_capped=0
Stage 1: PT=6, T_stage=0.000000, bytes=33176880, T_capped=0
Group 1: Iters=10, Procs=312, Factors=1.000000, Dist=2, RM=0, SM=0, RS=0, SS=5, parents=208, children=0
Async_Iters: 0
T_iter: 0.113540 0.085342 0.133904 0.100333 0.084853 0.084655 0.086475 0.084233 0.084675 0.084565 
T_stage 0: 0.029870 0.015617 0.017508 0.028995 0.013936 0.013335 0.015596 0.013916 0.013306 0.013195 
T_stage 1: 0.088393 0.071722 0.100961 0.071087 0.071415 0.071275 0.072507 0.070877 0.071238 0.071198 
Config: granularity=100000, SDR=1000, ADR=0, Rigid=1, Capture_Method=0
Stage 0: PT=0, T_stage=0.012350, bytes=0, T_capped=0
Stage 1: PT=6, T_stage=0.000000, bytes=33176880, T_capped=0
Group 1: Iters=10, Procs=312, Factors=1.000000, Dist=2, RM=0, SM=0, RS=0, SS=5, parents=208, children=0
Async_Iters: 0
T_iter: 0.107880 0.086312 0.084916 0.095598 0.084933 0.097422 0.085245 0.088246 0.106652 0.087317 
T_stage 0: 0.018446 0.013900 0.013948 0.023410 0.015487 0.016875 0.013266 0.013400 0.023330 0.015575 
T_stage 1: 0.088366 0.071747 0.071437 0.076025 0.071519 0.080406 0.071788 0.074695 0.083161 0.071545 
Config: granularity=100000, SDR=1000, ADR=0, Rigid=1, Capture_Method=0
Stage 0: PT=0, T_stage=0.012350, bytes=0, T_capped=0
Stage 1: PT=6, T_stage=0.000000, bytes=33176880, T_capped=0
Group 1: Iters=10, Procs=312, Factors=1.000000, Dist=2, RM=0, SM=0, RS=0, SS=5, parents=208, children=0
Async_Iters: 0
T_iter: 0.106823 0.087188 0.094693 0.084235 0.083359 0.085010 0.086548 0.085349 0.088513 0.086652 
T_stage 0: 0.018341 0.014336 0.015659 0.015391 0.013321 0.013398 0.014741 0.013549 0.013775 0.014688 
T_stage 1: 0.089681 0.072749 0.080599 0.070584 0.069312 0.070710 0.072761 0.071595 0.074920 0.071893 
Config: granularity=100000, SDR=1000, ADR=0, Rigid=1, Capture_Method=0
Stage 0: PT=0, T_stage=0.012350, bytes=0, T_capped=0
Stage 1: PT=6, T_stage=0.000000, bytes=33176880, T_capped=0
Group 1: Iters=10, Procs=312, Factors=1.000000, Dist=2, RM=0, SM=0, RS=0, SS=5, parents=208, children=0
Async_Iters: 0
T_iter: 0.102685 0.084800 0.084578 0.118749 0.097138 0.084931 0.083974 0.084713 0.084934 0.084727 
T_stage 0: 0.013272 0.014975 0.014452 0.023339 0.026731 0.013886 0.014228 0.013873 0.013730 0.013574 
T_stage 1: 0.087455 0.070863 0.071046 0.098163 0.076880 0.071506 0.070605 0.071063 0.071439 0.070976 
Config: granularity=100000, SDR=1000, ADR=0, Rigid=1, Capture_Method=0
Stage 0: PT=0, T_stage=0.012350, bytes=0, T_capped=0
Stage 1: PT=6, T_stage=0.000000, bytes=33176880, T_capped=0
Group 1: Iters=10, Procs=312, Factors=1.000000, Dist=2, RM=0, SM=0, RS=0, SS=5, parents=208, children=0
Async_Iters: 0
T_iter: 0.107471 0.087104 0.092064 0.093686 0.087471 0.090122 0.107309 0.088234 0.104394 0.284706 
T_stage 0: 0.019193 0.015874 0.014324 0.020723 0.014939 0.018326 0.013296 0.013276 0.021674 0.221275 
T_stage 1: 0.089066 0.072741 0.077514 0.074026 0.073959 0.071604 0.093814 0.074869 0.083606 0.271171 
Config: granularity=100000, SDR=1000, ADR=0, Rigid=1, Capture_Method=0
Stage 0: PT=0, T_stage=0.012350, bytes=0, T_capped=0
Stage 1: PT=6, T_stage=0.000000, bytes=33176880, T_capped=0
Group 1: Iters=10, Procs=312, Factors=1.000000, Dist=2, RM=0, SM=0, RS=0, SS=5, parents=208, children=0
Async_Iters: 0
T_iter: 0.119813 0.088838 0.095061 0.094433 0.087569 0.088278 0.088042 0.088264 0.087574 0.084777 
T_stage 0: 0.029077 0.014466 0.016217 0.016094 0.013230 0.015985 0.013781 0.014025 0.013930 0.013272 
T_stage 1: 0.090597 0.073967 0.078102 0.078873 0.074012 0.074681 0.074652 0.074589 0.073986 0.071220 
Config: granularity=100000, SDR=1000, ADR=0, Rigid=1, Capture_Method=0
Stage 0: PT=0, T_stage=0.012350, bytes=0, T_capped=0
Stage 1: PT=6, T_stage=0.000000, bytes=33176880, T_capped=0
Group 1: Iters=10, Procs=312, Factors=1.000000, Dist=2, RM=0, SM=0, RS=0, SS=5, parents=208, children=0
Async_Iters: 0
T_iter: 0.102411 0.082954 0.085815 0.096327 0.082183 0.084547 0.084865 0.084408 0.083082 0.083334 
T_stage 0: 0.013745 0.013599 0.015160 0.018799 0.013941 0.013250 0.014358 0.014231 0.013203 0.013946 
T_stage 1: 0.087464 0.068694 0.071606 0.078962 0.068779 0.071094 0.071479 0.070964 0.069720 0.069860 
Config: granularity=100000, SDR=1000, ADR=0, Rigid=1, Capture_Method=0
Stage 0: PT=0, T_stage=0.012350, bytes=0, T_capped=0
Stage 1: PT=6, T_stage=0.000000, bytes=33176880, T_capped=0
Group 1: Iters=10, Procs=312, Factors=1.000000, Dist=2, RM=0, SM=0, RS=0, SS=5, parents=208, children=0
Async_Iters: 0
T_iter: 0.105101 0.081189 0.109992 0.085163 0.087834 0.080634 0.080300 0.080211 0.083254 0.080337 
T_stage 0: 0.019031 0.013329 0.019033 0.017626 0.017261 0.013322 0.013231 0.013444 0.014377 0.013318 
T_stage 1: 0.085935 0.067702 0.086737 0.068200 0.070400 0.067199 0.066924 0.066650 0.069426 0.066757 
Config: granularity=100000, SDR=1000, ADR=0, Rigid=1, Capture_Method=0
Stage 0: PT=0, T_stage=0.012350, bytes=0, T_capped=0
Stage 1: PT=6, T_stage=0.000000, bytes=33176880, T_capped=0
Group 1: Iters=10, Procs=312, Factors=1.000000, Dist=2, RM=0, SM=0, RS=0, SS=5, parents=208, children=0
Async_Iters: 0
T_iter: 0.114429 0.084959 0.085827 0.091020 0.087236 0.085441 0.137272 0.131955 0.085479 0.084666 
T_stage 0: 0.024660 0.013922 0.015069 0.019174 0.014075 0.013312 0.014527 0.032725 0.013411 0.013395 
T_stage 1: 0.088081 0.070888 0.072129 0.071934 0.073034 0.071133 0.108456 0.102490 0.071436 0.071266 
Config: granularity=100000, SDR=1000, ADR=0, Rigid=1, Capture_Method=0
Stage 0: PT=0, T_stage=0.012350, bytes=0, T_capped=0
Stage 1: PT=6, T_stage=0.000000, bytes=33176880, T_capped=0
Group 1: Iters=10, Procs=312, Factors=1.000000, Dist=2, RM=0, SM=0, RS=0, SS=5, parents=208, children=0
Async_Iters: 0
T_iter: 0.107088 0.087545 0.092362 0.098743 0.087603 0.088024 0.086481 0.088129 0.086331 0.086333 
T_stage 0: 0.015459 0.013800 0.013352 0.015449 0.014054 0.015698 0.013299 0.014369 0.013428 0.013595 
T_stage 1: 0.091483 0.073583 0.078946 0.082445 0.073341 0.074496 0.072974 0.074807 0.072767 0.072985 
Config: granularity=100000, SDR=1000, ADR=0, Rigid=1, Capture_Method=0
Stage 0: PT=0, T_stage=0.012350, bytes=0, T_capped=0
Stage 1: PT=6, T_stage=0.000000, bytes=33176880, T_capped=0
Group 1: Iters=10, Procs=312, Factors=1.000000, Dist=2, RM=0, SM=0, RS=0, SS=5, parents=208, children=0
Async_Iters: 0
T_iter: 0.102566 0.085311 0.084122 0.114781 0.107997 0.097338 0.085253 0.090661 0.088037 0.122681 
T_stage 0: 0.014101 0.015191 0.014219 0.021980 0.031830 0.026821 0.013902 0.018470 0.016924 0.035810 
T_stage 1: 0.087318 0.071664 0.070010 0.078252 0.077454 0.071189 0.070891 0.072042 0.070922 0.096962 
Config: granularity=100000, SDR=1000, ADR=0, Rigid=1, Capture_Method=0
Stage 0: PT=0, T_stage=0.012350, bytes=0, T_capped=0
Stage 1: PT=6, T_stage=0.000000, bytes=33176880, T_capped=0
Group 1: Iters=10, Procs=312, Factors=1.000000, Dist=2, RM=0, SM=0, RS=0, SS=5, parents=208, children=0
Async_Iters: 0
T_iter: 0.103845 0.086068 0.087597 0.091584 0.084422 0.086479 0.085249 0.085195 0.086028 0.084870 
T_stage 0: 0.014456 0.013283 0.015259 0.025409 0.014543 0.013246 0.013663 0.013960 0.013301 0.013680 
T_stage 1: 0.089200 0.072592 0.074126 0.071359 0.070588 0.071841 0.071486 0.071610 0.072114 0.071247 
Config: granularity=100000, SDR=1000, ADR=0, Rigid=1, Capture_Method=0
Stage 0: PT=0, T_stage=0.012350, bytes=0, T_capped=0
Stage 1: PT=6, T_stage=0.000000, bytes=33176880, T_capped=0
Group 1: Iters=10, Procs=312, Factors=1.000000, Dist=2, RM=0, SM=0, RS=0, SS=5, parents=208, children=0
Async_Iters: 0
T_iter: 0.112234 0.084780 0.100468 0.086480 0.091240 0.084741 0.084920 0.085704 0.085186 0.084412 
T_stage 0: 0.024609 0.013328 0.018713 0.014649 0.013912 0.013226 0.013381 0.013971 0.014064 0.013254 
T_stage 1: 0.087293 0.071322 0.083197 0.071062 0.076064 0.071101 0.071371 0.071334 0.070944 0.071028 
Config: granularity=100000, SDR=1000, ADR=0, Rigid=1, Capture_Method=0
Stage 0: PT=0, T_stage=0.012350, bytes=0, T_capped=0
Stage 1: PT=6, T_stage=0.000000, bytes=33176880, T_capped=0
Group 1: Iters=10, Procs=312, Factors=1.000000, Dist=2, RM=0, SM=0, RS=0, SS=5, parents=208, children=0
Async_Iters: 0
T_iter: 0.126694 0.087081 0.098336 0.085634 0.085068 0.084420 0.089588 0.086616 0.085003 0.086637 
T_stage 0: 0.032714 0.015398 0.023228 0.013769 0.013851 0.013256 0.018065 0.014230 0.013620 0.014734 
T_stage 1: 0.093772 0.072372 0.077964 0.071369 0.071476 0.070961 0.071019 0.072228 0.071304 0.072241 
Config: granularity=100000, SDR=1000, ADR=0, Rigid=1, Capture_Method=0
Stage 0: PT=0, T_stage=0.012350, bytes=0, T_capped=0
Stage 1: PT=6, T_stage=0.000000, bytes=33176880, T_capped=0
Group 1: Iters=10, Procs=312, Factors=1.000000, Dist=2, RM=0, SM=0, RS=0, SS=5, parents=208, children=0
Async_Iters: 0
T_iter: 0.113903 0.084578 0.092792 0.088012 0.086821 0.085230 0.084727 0.084661 0.084851 0.084858 
T_stage 0: 0.026983 0.013580 0.014403 0.016122 0.013424 0.014390 0.014289 0.013392 0.013460 0.013382 
T_stage 1: 0.088103 0.070866 0.078019 0.071848 0.073289 0.071697 0.071215 0.071145 0.071167 0.071328 
Config: granularity=100000, SDR=1000, ADR=0, Rigid=1, Capture_Method=0
Stage 0: PT=0, T_stage=0.012350, bytes=0, T_capped=0
Stage 1: PT=6, T_stage=0.000000, bytes=33176880, T_capped=0
Group 1: Iters=10, Procs=312, Factors=1.000000, Dist=2, RM=0, SM=0, RS=0, SS=5, parents=208, children=0
Async_Iters: 0
T_iter: 0.107161 0.085895 0.098100 0.084961 0.084462 0.085026 0.084103 0.084349 0.084244 0.083925 
T_stage 0: 0.014886 0.015218 0.018582 0.013789 0.014132 0.013890 0.013883 0.013246 0.013250 0.013253 
T_stage 1: 0.093701 0.071907 0.072980 0.071012 0.071045 0.071590 0.070696 0.070955 0.070793 0.070532 
Config: granularity=100000, SDR=1000, ADR=0, Rigid=1, Capture_Method=0
Stage 0: PT=0, T_stage=0.012350, bytes=0, T_capped=0
Stage 1: PT=6, T_stage=0.000000, bytes=33176880, T_capped=0
Group 1: Iters=10, Procs=312, Factors=1.000000, Dist=2, RM=0, SM=0, RS=0, SS=5, parents=208, children=0
Async_Iters: 0
T_iter: 0.112178 0.093043 0.097215 0.094049 0.093197 0.093511 0.092545 0.092582 0.093598 0.093285 
T_stage 0: 0.015511 0.014407 0.015502 0.014742 0.013791 0.013767 0.014175 0.014458 0.013239 0.013525 
T_stage 1: 0.096477 0.079185 0.082469 0.079094 0.079747 0.079735 0.079157 0.079188 0.079884 0.079662 
