Config loaded: R=1, S=2, granularity=100000, SDR=1000, ADR=0, Rigid=1, Capture_Method=0
Stage 0: PT=0, T_stage=0.012350, bytes=0, T_capped=0
Stage 1: PT=6, T_stage=0.000000, bytes=33176880, T_capped=0
Group 0: Iters=5, Procs=208, Factors=1.000000, Dist=2, RM=0, SM=0, RS=0, SS=0
Group 1: Iters=10, Procs=312, Factors=1.000000, Dist=2, RM=0, SM=0, RS=0, SS=5
T_spawn: 5.668642 
T_SR: 0.106636 
T_AR: 0.000000 
T_US: 0.305423 
T_Malleability: 6.495979 
T_total: 7.853760
Config loaded: R=1, S=2, granularity=100000, SDR=1000, ADR=0, Rigid=1, Capture_Method=0
Stage 0: PT=0, T_stage=0.012350, bytes=0, T_capped=0
Stage 1: PT=6, T_stage=0.000000, bytes=33176880, T_capped=0
Group 0: Iters=5, Procs=208, Factors=1.000000, Dist=2, RM=0, SM=0, RS=0, SS=0
Group 1: Iters=10, Procs=312, Factors=1.000000, Dist=2, RM=0, SM=0, RS=0, SS=5
T_spawn: 5.883287 
T_SR: 0.136009 
T_AR: 0.000000 
T_US: 0.264437 
T_Malleability: 6.706400 
T_total: 7.912790
Config loaded: R=1, S=2, granularity=100000, SDR=1000, ADR=0, Rigid=1, Capture_Method=0
Stage 0: PT=0, T_stage=0.012350, bytes=0, T_capped=0
Stage 1: PT=6, T_stage=0.000000, bytes=33176880, T_capped=0
Group 0: Iters=5, Procs=208, Factors=1.000000, Dist=2, RM=0, SM=0, RS=0, SS=0
Group 1: Iters=10, Procs=312, Factors=1.000000, Dist=2, RM=0, SM=0, RS=0, SS=5
T_spawn: 6.091733 
T_SR: 0.124006 
T_AR: 0.000000 
T_US: 0.301575 
T_Malleability: 6.952915 
T_total: 8.174127
Config loaded: R=1, S=2, granularity=100000, SDR=1000, ADR=0, Rigid=1, Capture_Method=0
Stage 0: PT=0, T_stage=0.012350, bytes=0, T_capped=0
Stage 1: PT=6, T_stage=0.000000, bytes=33176880, T_capped=0
Group 0: Iters=5, Procs=208, Factors=1.000000, Dist=2, RM=0, SM=0, RS=0, SS=0
Group 1: Iters=10, Procs=312, Factors=1.000000, Dist=2, RM=0, SM=0, RS=0, SS=5
T_spawn: 6.421434 
T_SR: 0.116001 
T_AR: 0.000000 
T_US: 0.305915 
T_Malleability: 7.328121 
T_total: 8.623694
Config loaded: R=1, S=2, granularity=100000, SDR=1000, ADR=0, Rigid=1, Capture_Method=0
Stage 0: PT=0, T_stage=0.012350, bytes=0, T_capped=0
Stage 1: PT=6, T_stage=0.000000, bytes=33176880, T_capped=0
Group 0: Iters=5, Procs=208, Factors=1.000000, Dist=2, RM=0, SM=0, RS=0, SS=0
Group 1: Iters=10, Procs=312, Factors=1.000000, Dist=2, RM=0, SM=0, RS=0, SS=5
T_spawn: 6.154990 
T_SR: 0.102641 
T_AR: 0.000000 
T_US: 0.296003 
T_Malleability: 7.020512 
T_total: 8.282397
Config loaded: R=1, S=2, granularity=100000, SDR=1000, ADR=0, Rigid=1, Capture_Method=0
Stage 0: PT=0, T_stage=0.012350, bytes=0, T_capped=0
Stage 1: PT=6, T_stage=0.000000, bytes=33176880, T_capped=0
Group 0: Iters=5, Procs=208, Factors=1.000000, Dist=2, RM=0, SM=0, RS=0, SS=0
Group 1: Iters=10, Procs=312, Factors=1.000000, Dist=2, RM=0, SM=0, RS=0, SS=5
T_spawn: 6.252696 
T_SR: 0.108002 
T_AR: 0.000000 
T_US: 0.319779 
T_Malleability: 7.156406 
T_total: 8.397670
Config loaded: R=1, S=2, granularity=100000, SDR=1000, ADR=0, Rigid=1, Capture_Method=0
Stage 0: PT=0, T_stage=0.012350, bytes=0, T_capped=0
Stage 1: PT=6, T_stage=0.000000, bytes=33176880, T_capped=0
Group 0: Iters=5, Procs=208, Factors=1.000000, Dist=2, RM=0, SM=0, RS=0, SS=0
Group 1: Iters=10, Procs=312, Factors=1.000000, Dist=2, RM=0, SM=0, RS=0, SS=5
T_spawn: 6.221491 
T_SR: 0.101294 
T_AR: 0.000000 
T_US: 0.310600 
T_Malleability: 7.002181 
T_total: 8.292489
Config loaded: R=1, S=2, granularity=100000, SDR=1000, ADR=0, Rigid=1, Capture_Method=0
Stage 0: PT=0, T_stage=0.012350, bytes=0, T_capped=0
Stage 1: PT=6, T_stage=0.000000, bytes=33176880, T_capped=0
Group 0: Iters=5, Procs=208, Factors=1.000000, Dist=2, RM=0, SM=0, RS=0, SS=0
Group 1: Iters=10, Procs=312, Factors=1.000000, Dist=2, RM=0, SM=0, RS=0, SS=5
T_spawn: 6.155716 
T_SR: 0.100011 
T_AR: 0.000000 
T_US: 0.335908 
T_Malleability: 6.992251 
T_total: 8.494587
Config loaded: R=1, S=2, granularity=100000, SDR=1000, ADR=0, Rigid=1, Capture_Method=0
Stage 0: PT=0, T_stage=0.012350, bytes=0, T_capped=0
Stage 1: PT=6, T_stage=0.000000, bytes=33176880, T_capped=0
Group 0: Iters=5, Procs=208, Factors=1.000000, Dist=2, RM=0, SM=0, RS=0, SS=0
Group 1: Iters=10, Procs=312, Factors=1.000000, Dist=2, RM=0, SM=0, RS=0, SS=5
T_spawn: 6.267913 
T_SR: 0.144000 
T_AR: 0.000000 
T_US: 0.313279 
T_Malleability: 7.098147 
T_total: 8.367886
Config loaded: R=1, S=2, granularity=100000, SDR=1000, ADR=0, Rigid=1, Capture_Method=0
Stage 0: PT=0, T_stage=0.012350, bytes=0, T_capped=0
Stage 1: PT=6, T_stage=0.000000, bytes=33176880, T_capped=0
Group 0: Iters=5, Procs=208, Factors=1.000000, Dist=2, RM=0, SM=0, RS=0, SS=0
Group 1: Iters=10, Procs=312, Factors=1.000000, Dist=2, RM=0, SM=0, RS=0, SS=5
T_spawn: 6.056956 
T_SR: 0.085252 
T_AR: 0.000000 
T_US: 0.268018 
T_Malleability: 6.923882 
T_total: 8.158209
Config loaded: R=1, S=2, granularity=100000, SDR=1000, ADR=0, Rigid=1, Capture_Method=0
Stage 0: PT=0, T_stage=0.012350, bytes=0, T_capped=0
Stage 1: PT=6, T_stage=0.000000, bytes=33176880, T_capped=0
Group 0: Iters=5, Procs=208, Factors=1.000000, Dist=2, RM=0, SM=0, RS=0, SS=0
Group 1: Iters=10, Procs=312, Factors=1.000000, Dist=2, RM=0, SM=0, RS=0, SS=5
T_spawn: 5.949803 
T_SR: 0.132016 
T_AR: 0.000000 
T_US: 0.225862 
T_Malleability: 6.762389 
T_total: 8.002076
Config loaded: R=1, S=2, granularity=100000, SDR=1000, ADR=0, Rigid=1, Capture_Method=0
Stage 0: PT=0, T_stage=0.012350, bytes=0, T_capped=0
Stage 1: PT=6, T_stage=0.000000, bytes=33176880, T_capped=0
Group 0: Iters=5, Procs=208, Factors=1.000000, Dist=2, RM=0, SM=0, RS=0, SS=0
Group 1: Iters=10, Procs=312, Factors=1.000000, Dist=2, RM=0, SM=0, RS=0, SS=5
T_spawn: 6.138593 
T_SR: 0.127987 
T_AR: 0.000000 
T_US: 0.275926 
T_Malleability: 7.000002 
T_total: 8.324858
Config loaded: R=1, S=2, granularity=100000, SDR=1000, ADR=0, Rigid=1, Capture_Method=0
Stage 0: PT=0, T_stage=0.012350, bytes=0, T_capped=0
Stage 1: PT=6, T_stage=0.000000, bytes=33176880, T_capped=0
Group 0: Iters=5, Procs=208, Factors=1.000000, Dist=2, RM=0, SM=0, RS=0, SS=0
Group 1: Iters=10, Procs=312, Factors=1.000000, Dist=2, RM=0, SM=0, RS=0, SS=5
T_spawn: 6.055615 
T_SR: 0.147995 
T_AR: 0.000000 
T_US: 0.294612 
T_Malleability: 6.974139 
T_total: 8.219709
Config loaded: R=1, S=2, granularity=100000, SDR=1000, ADR=0, Rigid=1, Capture_Method=0
Stage 0: PT=0, T_stage=0.012350, bytes=0, T_capped=0
Stage 1: PT=6, T_stage=0.000000, bytes=33176880, T_capped=0
Group 0: Iters=5, Procs=208, Factors=1.000000, Dist=2, RM=0, SM=0, RS=0, SS=0
Group 1: Iters=10, Procs=312, Factors=1.000000, Dist=2, RM=0, SM=0, RS=0, SS=5
T_spawn: 6.177140 
T_SR: 0.128000 
T_AR: 0.000000 
T_US: 0.241547 
T_Malleability: 6.976129 
T_total: 8.306991
Config loaded: R=1, S=2, granularity=100000, SDR=1000, ADR=0, Rigid=1, Capture_Method=0
Stage 0: PT=0, T_stage=0.012350, bytes=0, T_capped=0
Stage 1: PT=6, T_stage=0.000000, bytes=33176880, T_capped=0
Group 0: Iters=5, Procs=208, Factors=1.000000, Dist=2, RM=0, SM=0, RS=0, SS=0
Group 1: Iters=10, Procs=312, Factors=1.000000, Dist=2, RM=0, SM=0, RS=0, SS=5
T_spawn: 5.608425 
T_SR: 0.088020 
T_AR: 0.000000 
T_US: 0.259917 
T_Malleability: 6.377446 
T_total: 7.603726
Config loaded: R=1, S=2, granularity=100000, SDR=1000, ADR=0, Rigid=1, Capture_Method=0
Stage 0: PT=0, T_stage=0.012350, bytes=0, T_capped=0
Stage 1: PT=6, T_stage=0.000000, bytes=33176880, T_capped=0
Group 0: Iters=5, Procs=208, Factors=1.000000, Dist=2, RM=0, SM=0, RS=0, SS=0
Group 1: Iters=10, Procs=312, Factors=1.000000, Dist=2, RM=0, SM=0, RS=0, SS=5
T_spawn: 5.823027 
T_SR: 0.109170 
T_AR: 0.000000 
T_US: 0.275936 
T_Malleability: 6.647197 
T_total: 7.930706
Config loaded: R=1, S=2, granularity=100000, SDR=1000, ADR=0, Rigid=1, Capture_Method=0
Stage 0: PT=0, T_stage=0.012350, bytes=0, T_capped=0
Stage 1: PT=6, T_stage=0.000000, bytes=33176880, T_capped=0
Group 0: Iters=5, Procs=208, Factors=1.000000, Dist=2, RM=0, SM=0, RS=0, SS=0
Group 1: Iters=10, Procs=312, Factors=1.000000, Dist=2, RM=0, SM=0, RS=0, SS=5
T_spawn: 6.257966 
T_SR: 0.121168 
T_AR: 0.000000 
T_US: 0.291912 
T_Malleability: 7.143150 
T_total: 8.409946
Config loaded: R=1, S=2, granularity=100000, SDR=1000, ADR=0, Rigid=1, Capture_Method=0
Stage 0: PT=0, T_stage=0.012350, bytes=0, T_capped=0
Stage 1: PT=6, T_stage=0.000000, bytes=33176880, T_capped=0
Group 0: Iters=5, Procs=208, Factors=1.000000, Dist=2, RM=0, SM=0, RS=0, SS=0
Group 1: Iters=10, Procs=312, Factors=1.000000, Dist=2, RM=0, SM=0, RS=0, SS=5
T_spawn: 5.939035 
T_SR: 0.143998 
T_AR: 0.000000 
T_US: 0.333508 
T_Malleability: 6.847568 
T_total: 8.118775
Config loaded: R=1, S=2, granularity=100000, SDR=1000, ADR=0, Rigid=1, Capture_Method=0
Stage 0: PT=0, T_stage=0.012350, bytes=0, T_capped=0
Stage 1: PT=6, T_stage=0.000000, bytes=33176880, T_capped=0
Group 0: Iters=5, Procs=208, Factors=1.000000, Dist=2, RM=0, SM=0, RS=0, SS=0
Group 1: Iters=10, Procs=312, Factors=1.000000, Dist=2, RM=0, SM=0, RS=0, SS=5
T_spawn: 6.123280 
T_SR: 0.132002 
T_AR: 0.000000 
T_US: 0.312019 
T_Malleability: 7.081304 
T_total: 8.286196
Config loaded: R=1, S=2, granularity=100000, SDR=1000, ADR=0, Rigid=1, Capture_Method=0
Stage 0: PT=0, T_stage=0.012350, bytes=0, T_capped=0
Stage 1: PT=6, T_stage=0.000000, bytes=33176880, T_capped=0
Group 0: Iters=5, Procs=208, Factors=1.000000, Dist=2, RM=0, SM=0, RS=0, SS=0
Group 1: Iters=10, Procs=312, Factors=1.000000, Dist=2, RM=0, SM=0, RS=0, SS=5
T_spawn: 6.018089 
T_SR: 0.127970 
T_AR: 0.000000 
T_US: 0.304000 
T_Malleability: 6.922836 
T_total: 8.222490
