Config loaded: R=1, S=2, granularity=100000, SDR=1000, ADR=0, Rigid=1, Capture_Method=0
Stage 0: PT=0, T_stage=0.012350, bytes=0, T_capped=0
Stage 1: PT=6, T_stage=0.000000, bytes=33176880, T_capped=0
Group 0: Iters=5, Procs=260, Factors=1.000000, Dist=2, RM=0, SM=0, RS=0, SS=0
Group 1: Iters=10, Procs=312, Factors=1.000000, Dist=2, RM=0, SM=0, RS=0, SS=5
T_spawn: 7.882901 
T_SR: 0.132964 
T_AR: 0.000000 
T_US: 0.368725 
T_Malleability: 8.867951 
T_total: 10.155653
Config loaded: R=1, S=2, granularity=100000, SDR=1000, ADR=0, Rigid=1, Capture_Method=0
Stage 0: PT=0, T_stage=0.012350, bytes=0, T_capped=0
Stage 1: PT=6, T_stage=0.000000, bytes=33176880, T_capped=0
Group 0: Iters=5, Procs=260, Factors=1.000000, Dist=2, RM=0, SM=0, RS=0, SS=0
Group 1: Iters=10, Procs=312, Factors=1.000000, Dist=2, RM=0, SM=0, RS=0, SS=5
T_spawn: 8.355922 
T_SR: 0.111993 
T_AR: 0.000000 
T_US: 0.311861 
T_Malleability: 9.243470 
T_total: 10.584879
Config loaded: R=1, S=2, granularity=100000, SDR=1000, ADR=0, Rigid=1, Capture_Method=0
Stage 0: PT=0, T_stage=0.012350, bytes=0, T_capped=0
Stage 1: PT=6, T_stage=0.000000, bytes=33176880, T_capped=0
Group 0: Iters=5, Procs=260, Factors=1.000000, Dist=2, RM=0, SM=0, RS=0, SS=0
Group 1: Iters=10, Procs=312, Factors=1.000000, Dist=2, RM=0, SM=0, RS=0, SS=5
T_spawn: 8.150609 
T_SR: 0.115547 
T_AR: 0.000000 
T_US: 0.271753 
T_Malleability: 9.051348 
T_total: 10.377904
Config loaded: R=1, S=2, granularity=100000, SDR=1000, ADR=0, Rigid=1, Capture_Method=0
Stage 0: PT=0, T_stage=0.012350, bytes=0, T_capped=0
Stage 1: PT=6, T_stage=0.000000, bytes=33176880, T_capped=0
Group 0: Iters=5, Procs=260, Factors=1.000000, Dist=2, RM=0, SM=0, RS=0, SS=0
Group 1: Iters=10, Procs=312, Factors=1.000000, Dist=2, RM=0, SM=0, RS=0, SS=5
T_spawn: 8.102579 
T_SR: 0.128003 
T_AR: 0.000000 
T_US: 0.315939 
T_Malleability: 9.057447 
T_total: 10.378612
Config loaded: R=1, S=2, granularity=100000, SDR=1000, ADR=0, Rigid=1, Capture_Method=0
Stage 0: PT=0, T_stage=0.012350, bytes=0, T_capped=0
Stage 1: PT=6, T_stage=0.000000, bytes=33176880, T_capped=0
Group 0: Iters=5, Procs=260, Factors=1.000000, Dist=2, RM=0, SM=0, RS=0, SS=0
Group 1: Iters=10, Procs=312, Factors=1.000000, Dist=2, RM=0, SM=0, RS=0, SS=5
T_spawn: 8.534976 
T_SR: 0.127993 
T_AR: 0.000000 
T_US: 0.268259 
T_Malleability: 9.418050 
T_total: 10.789647
Config loaded: R=1, S=2, granularity=100000, SDR=1000, ADR=0, Rigid=1, Capture_Method=0
Stage 0: PT=0, T_stage=0.012350, bytes=0, T_capped=0
Stage 1: PT=6, T_stage=0.000000, bytes=33176880, T_capped=0
Group 0: Iters=5, Procs=260, Factors=1.000000, Dist=2, RM=0, SM=0, RS=0, SS=0
Group 1: Iters=10, Procs=312, Factors=1.000000, Dist=2, RM=0, SM=0, RS=0, SS=5
T_spawn: 8.130177 
T_SR: 0.143999 
T_AR: 0.000000 
T_US: 0.296496 
T_Malleability: 9.004776 
T_total: 10.289740
Config loaded: R=1, S=2, granularity=100000, SDR=1000, ADR=0, Rigid=1, Capture_Method=0
Stage 0: PT=0, T_stage=0.012350, bytes=0, T_capped=0
Stage 1: PT=6, T_stage=0.000000, bytes=33176880, T_capped=0
Group 0: Iters=5, Procs=260, Factors=1.000000, Dist=2, RM=0, SM=0, RS=0, SS=0
Group 1: Iters=10, Procs=312, Factors=1.000000, Dist=2, RM=0, SM=0, RS=0, SS=5
T_spawn: 8.034502 
T_SR: 0.153061 
T_AR: 0.000000 
T_US: 0.272715 
T_Malleability: 8.930752 
T_total: 10.457831
Config loaded: R=1, S=2, granularity=100000, SDR=1000, ADR=0, Rigid=1, Capture_Method=0
Stage 0: PT=0, T_stage=0.012350, bytes=0, T_capped=0
Stage 1: PT=6, T_stage=0.000000, bytes=33176880, T_capped=0
Group 0: Iters=5, Procs=260, Factors=1.000000, Dist=2, RM=0, SM=0, RS=0, SS=0
Group 1: Iters=10, Procs=312, Factors=1.000000, Dist=2, RM=0, SM=0, RS=0, SS=5
T_spawn: 8.299348 
T_SR: 0.142768 
T_AR: 0.000000 
T_US: 0.291911 
T_Malleability: 9.162531 
T_total: 10.757522
Config loaded: R=1, S=2, granularity=100000, SDR=1000, ADR=0, Rigid=1, Capture_Method=0
Stage 0: PT=0, T_stage=0.012350, bytes=0, T_capped=0
Stage 1: PT=6, T_stage=0.000000, bytes=33176880, T_capped=0
Group 0: Iters=5, Procs=260, Factors=1.000000, Dist=2, RM=0, SM=0, RS=0, SS=0
Group 1: Iters=10, Procs=312, Factors=1.000000, Dist=2, RM=0, SM=0, RS=0, SS=5
T_spawn: 7.953704 
T_SR: 0.128001 
T_AR: 0.000000 
T_US: 0.309026 
T_Malleability: 8.892572 
T_total: 10.202460
Config loaded: R=1, S=2, granularity=100000, SDR=1000, ADR=0, Rigid=1, Capture_Method=0
Stage 0: PT=0, T_stage=0.012350, bytes=0, T_capped=0
Stage 1: PT=6, T_stage=0.000000, bytes=33176880, T_capped=0
Group 0: Iters=5, Procs=260, Factors=1.000000, Dist=2, RM=0, SM=0, RS=0, SS=0
Group 1: Iters=10, Procs=312, Factors=1.000000, Dist=2, RM=0, SM=0, RS=0, SS=5
T_spawn: 8.161375 
T_SR: 0.090765 
T_AR: 0.000000 
T_US: 0.312832 
T_Malleability: 9.093070 
T_total: 10.406931
Config loaded: R=1, S=2, granularity=100000, SDR=1000, ADR=0, Rigid=1, Capture_Method=0
Stage 0: PT=0, T_stage=0.012350, bytes=0, T_capped=0
Stage 1: PT=6, T_stage=0.000000, bytes=33176880, T_capped=0
Group 0: Iters=5, Procs=260, Factors=1.000000, Dist=2, RM=0, SM=0, RS=0, SS=0
Group 1: Iters=10, Procs=312, Factors=1.000000, Dist=2, RM=0, SM=0, RS=0, SS=5
T_spawn: 8.546444 
T_SR: 0.137903 
T_AR: 0.000000 
T_US: 0.327927 
T_Malleability: 9.499502 
T_total: 10.760042
Config loaded: R=1, S=2, granularity=100000, SDR=1000, ADR=0, Rigid=1, Capture_Method=0
Stage 0: PT=0, T_stage=0.012350, bytes=0, T_capped=0
Stage 1: PT=6, T_stage=0.000000, bytes=33176880, T_capped=0
Group 0: Iters=5, Procs=260, Factors=1.000000, Dist=2, RM=0, SM=0, RS=0, SS=0
Group 1: Iters=10, Procs=312, Factors=1.000000, Dist=2, RM=0, SM=0, RS=0, SS=5
T_spawn: 7.919227 
T_SR: 0.139991 
T_AR: 0.000000 
T_US: 0.303927 
T_Malleability: 8.895446 
T_total: 10.188341
Config loaded: R=1, S=2, granularity=100000, SDR=1000, ADR=0, Rigid=1, Capture_Method=0
Stage 0: PT=0, T_stage=0.012350, bytes=0, T_capped=0
Stage 1: PT=6, T_stage=0.000000, bytes=33176880, T_capped=0
Group 0: Iters=5, Procs=260, Factors=1.000000, Dist=2, RM=0, SM=0, RS=0, SS=0
Group 1: Iters=10, Procs=312, Factors=1.000000, Dist=2, RM=0, SM=0, RS=0, SS=5
T_spawn: 8.226078 
T_SR: 0.173146 
T_AR: 0.000000 
T_US: 0.285068 
T_Malleability: 9.235848 
T_total: 10.672214
Config loaded: R=1, S=2, granularity=100000, SDR=1000, ADR=0, Rigid=1, Capture_Method=0
Stage 0: PT=0, T_stage=0.012350, bytes=0, T_capped=0
Stage 1: PT=6, T_stage=0.000000, bytes=33176880, T_capped=0
Group 0: Iters=5, Procs=260, Factors=1.000000, Dist=2, RM=0, SM=0, RS=0, SS=0
Group 1: Iters=10, Procs=312, Factors=1.000000, Dist=2, RM=0, SM=0, RS=0, SS=5
T_spawn: 7.883774 
T_SR: 0.156008 
T_AR: 0.000000 
T_US: 0.300241 
T_Malleability: 8.774691 
T_total: 10.124205
Config loaded: R=1, S=2, granularity=100000, SDR=1000, ADR=0, Rigid=1, Capture_Method=0
Stage 0: PT=0, T_stage=0.012350, bytes=0, T_capped=0
Stage 1: PT=6, T_stage=0.000000, bytes=33176880, T_capped=0
Group 0: Iters=5, Procs=260, Factors=1.000000, Dist=2, RM=0, SM=0, RS=0, SS=0
Group 1: Iters=10, Procs=312, Factors=1.000000, Dist=2, RM=0, SM=0, RS=0, SS=5
T_spawn: 8.031515 
T_SR: 0.144000 
T_AR: 0.000000 
T_US: 0.347128 
T_Malleability: 9.050357 
T_total: 10.530125
Config loaded: R=1, S=2, granularity=100000, SDR=1000, ADR=0, Rigid=1, Capture_Method=0
Stage 0: PT=0, T_stage=0.012350, bytes=0, T_capped=0
Stage 1: PT=6, T_stage=0.000000, bytes=33176880, T_capped=0
Group 0: Iters=5, Procs=260, Factors=1.000000, Dist=2, RM=0, SM=0, RS=0, SS=0
Group 1: Iters=10, Procs=312, Factors=1.000000, Dist=2, RM=0, SM=0, RS=0, SS=5
T_spawn: 8.122838 
T_SR: 0.120002 
T_AR: 0.000000 
T_US: 0.345211 
T_Malleability: 9.042068 
T_total: 10.450477
Config loaded: R=1, S=2, granularity=100000, SDR=1000, ADR=0, Rigid=1, Capture_Method=0
Stage 0: PT=0, T_stage=0.012350, bytes=0, T_capped=0
Stage 1: PT=6, T_stage=0.000000, bytes=33176880, T_capped=0
Group 0: Iters=5, Procs=260, Factors=1.000000, Dist=2, RM=0, SM=0, RS=0, SS=0
Group 1: Iters=10, Procs=312, Factors=1.000000, Dist=2, RM=0, SM=0, RS=0, SS=5
T_spawn: 8.231971 
T_SR: 0.135989 
T_AR: 0.000000 
T_US: 0.302528 
T_Malleability: 9.131288 
T_total: 10.448512
Config loaded: R=1, S=2, granularity=100000, SDR=1000, ADR=0, Rigid=1, Capture_Method=0
Stage 0: PT=0, T_stage=0.012350, bytes=0, T_capped=0
Stage 1: PT=6, T_stage=0.000000, bytes=33176880, T_capped=0
Group 0: Iters=5, Procs=260, Factors=1.000000, Dist=2, RM=0, SM=0, RS=0, SS=0
Group 1: Iters=10, Procs=312, Factors=1.000000, Dist=2, RM=0, SM=0, RS=0, SS=5
T_spawn: 8.300301 
T_SR: 0.126988 
T_AR: 0.000000 
T_US: 0.243935 
T_Malleability: 9.175347 
T_total: 10.505311
Config loaded: R=1, S=2, granularity=100000, SDR=1000, ADR=0, Rigid=1, Capture_Method=0
Stage 0: PT=0, T_stage=0.012350, bytes=0, T_capped=0
Stage 1: PT=6, T_stage=0.000000, bytes=33176880, T_capped=0
Group 0: Iters=5, Procs=260, Factors=1.000000, Dist=2, RM=0, SM=0, RS=0, SS=0
Group 1: Iters=10, Procs=312, Factors=1.000000, Dist=2, RM=0, SM=0, RS=0, SS=5
T_spawn: 7.529058 
T_SR: 0.126528 
T_AR: 0.000000 
T_US: 0.277436 
T_Malleability: 8.395970 
T_total: 9.719544
Config loaded: R=1, S=2, granularity=100000, SDR=1000, ADR=0, Rigid=1, Capture_Method=0
Stage 0: PT=0, T_stage=0.012350, bytes=0, T_capped=0
Stage 1: PT=6, T_stage=0.000000, bytes=33176880, T_capped=0
Group 0: Iters=5, Procs=260, Factors=1.000000, Dist=2, RM=0, SM=0, RS=0, SS=0
Group 1: Iters=10, Procs=312, Factors=1.000000, Dist=2, RM=0, SM=0, RS=0, SS=5
T_spawn: 7.910521 
T_SR: 0.117677 
T_AR: 0.000000 
T_US: 0.225503 
T_Malleability: 8.812747 
T_total: 10.163711
