Config: granularity=100000, SDR=1000, ADR=0, Rigid=1, Capture_Method=0
Stage 0: PT=0, T_stage=0.012350, bytes=0, T_capped=0
Stage 1: PT=6, T_stage=0.000000, bytes=33176880, T_capped=0
Group 0: Iters=5, Procs=364, Factors=1.000000, Dist=2, RM=0, SM=0, RS=0, SS=0, parents=0, children=312
Async_Iters: 0
T_iter: 0.091997 0.073956 0.075454 0.074859 0.075779 
T_stage 0: 0.013163 0.013154 0.013192 0.013191 0.013158 
T_stage 1: 0.078681 0.060658 0.062212 0.061566 0.062501 
Config: granularity=100000, SDR=1000, ADR=0, Rigid=1, Capture_Method=0
Stage 0: PT=0, T_stage=0.012350, bytes=0, T_capped=0
Stage 1: PT=6, T_stage=0.000000, bytes=33176880, T_capped=0
Group 0: Iters=5, Procs=364, Factors=1.000000, Dist=2, RM=0, SM=0, RS=0, SS=0, parents=0, children=312
Async_Iters: 0
T_iter: 0.090150 0.076502 0.072744 0.077989 0.073583 
T_stage 0: 0.013007 0.012980 0.013589 0.012983 0.012968 
T_stage 1: 0.076947 0.063417 0.059054 0.064901 0.060483 
Config: granularity=100000, SDR=1000, ADR=0, Rigid=1, Capture_Method=0
Stage 0: PT=0, T_stage=0.012350, bytes=0, T_capped=0
Stage 1: PT=6, T_stage=0.000000, bytes=33176880, T_capped=0
Group 0: Iters=5, Procs=364, Factors=1.000000, Dist=2, RM=0, SM=0, RS=0, SS=0, parents=0, children=312
Async_Iters: 0
T_iter: 0.092240 0.076560 0.076283 0.075142 0.076965 
T_stage 0: 0.012980 0.012999 0.013018 0.013024 0.013019 
T_stage 1: 0.079177 0.063448 0.063153 0.061963 0.063828 
Config: granularity=100000, SDR=1000, ADR=0, Rigid=1, Capture_Method=0
Stage 0: PT=0, T_stage=0.012350, bytes=0, T_capped=0
Stage 1: PT=6, T_stage=0.000000, bytes=33176880, T_capped=0
Group 0: Iters=5, Procs=364, Factors=1.000000, Dist=2, RM=0, SM=0, RS=0, SS=0, parents=0, children=312
Async_Iters: 0
T_iter: 0.093471 0.080498 0.078248 0.079108 0.079007 
T_stage 0: 0.013307 0.013266 0.013080 0.013079 0.013132 
T_stage 1: 0.079963 0.067127 0.065015 0.065949 0.065683 
Config: granularity=100000, SDR=1000, ADR=0, Rigid=1, Capture_Method=0
Stage 0: PT=0, T_stage=0.012350, bytes=0, T_capped=0
Stage 1: PT=6, T_stage=0.000000, bytes=33176880, T_capped=0
Group 0: Iters=5, Procs=364, Factors=1.000000, Dist=2, RM=0, SM=0, RS=0, SS=0, parents=0, children=312
Async_Iters: 0
T_iter: 0.091947 0.076463 0.074024 0.074260 0.073874 
T_stage 0: 0.013086 0.016650 0.013154 0.013102 0.013116 
T_stage 1: 0.078636 0.059788 0.060765 0.061048 0.060679 
Config: granularity=100000, SDR=1000, ADR=0, Rigid=1, Capture_Method=0
Stage 0: PT=0, T_stage=0.012350, bytes=0, T_capped=0
Stage 1: PT=6, T_stage=0.000000, bytes=33176880, T_capped=0
Group 0: Iters=5, Procs=364, Factors=1.000000, Dist=2, RM=0, SM=0, RS=0, SS=0, parents=0, children=312
Async_Iters: 0
T_iter: 0.092134 0.076930 0.076847 0.075766 0.075795 
T_stage 0: 0.013153 0.013215 0.013195 0.013178 0.013159 
T_stage 1: 0.078851 0.063579 0.063566 0.062483 0.062508 
Config: granularity=100000, SDR=1000, ADR=0, Rigid=1, Capture_Method=0
Stage 0: PT=0, T_stage=0.012350, bytes=0, T_capped=0
Stage 1: PT=6, T_stage=0.000000, bytes=33176880, T_capped=0
Group 0: Iters=5, Procs=364, Factors=1.000000, Dist=2, RM=0, SM=0, RS=0, SS=0, parents=0, children=312
Async_Iters: 0
T_iter: 0.095033 0.083955 0.081117 0.075822 0.076365 
T_stage 0: 0.013033 0.013260 0.013265 0.013091 0.013051 
T_stage 1: 0.081877 0.070590 0.067761 0.062542 0.063180 
Config: granularity=100000, SDR=1000, ADR=0, Rigid=1, Capture_Method=0
Stage 0: PT=0, T_stage=0.012350, bytes=0, T_capped=0
Stage 1: PT=6, T_stage=0.000000, bytes=33176880, T_capped=0
Group 0: Iters=5, Procs=364, Factors=1.000000, Dist=2, RM=0, SM=0, RS=0, SS=0, parents=0, children=312
Async_Iters: 0
T_iter: 0.090009 0.072598 0.073526 0.074131 0.072052 
T_stage 0: 0.013235 0.013216 0.013192 0.013194 0.013222 
T_stage 1: 0.076621 0.059286 0.060202 0.060807 0.058727 
Config: granularity=100000, SDR=1000, ADR=0, Rigid=1, Capture_Method=0
Stage 0: PT=0, T_stage=0.012350, bytes=0, T_capped=0
Stage 1: PT=6, T_stage=0.000000, bytes=33176880, T_capped=0
Group 0: Iters=5, Procs=364, Factors=1.000000, Dist=2, RM=0, SM=0, RS=0, SS=0, parents=0, children=312
Async_Iters: 0
T_iter: 0.088391 0.078226 0.079971 0.079348 0.075863 
T_stage 0: 0.013011 0.013056 0.013078 0.013088 0.013026 
T_stage 1: 0.075254 0.065022 0.066760 0.066147 0.062692 
Config: granularity=100000, SDR=1000, ADR=0, Rigid=1, Capture_Method=0
Stage 0: PT=0, T_stage=0.012350, bytes=0, T_capped=0
Stage 1: PT=6, T_stage=0.000000, bytes=33176880, T_capped=0
Group 0: Iters=5, Procs=364, Factors=1.000000, Dist=2, RM=0, SM=0, RS=0, SS=0, parents=0, children=312
Async_Iters: 0
T_iter: 0.088590 0.072623 0.077370 0.074920 0.072289 
T_stage 0: 0.013078 0.013130 0.013082 0.013117 0.013132 
T_stage 1: 0.075398 0.059364 0.064234 0.061734 0.059064 
Config: granularity=100000, SDR=1000, ADR=0, Rigid=1, Capture_Method=0
Stage 0: PT=0, T_stage=0.012350, bytes=0, T_capped=0
Stage 1: PT=6, T_stage=0.000000, bytes=33176880, T_capped=0
Group 0: Iters=5, Procs=364, Factors=1.000000, Dist=2, RM=0, SM=0, RS=0, SS=0, parents=0, children=312
Async_Iters: 0
T_iter: 0.090316 0.074663 0.080504 0.080980 0.082302 
T_stage 0: 0.012966 0.013316 0.012996 0.013011 0.012981 
T_stage 1: 0.077168 0.061173 0.067327 0.067912 0.069253 
Config: granularity=100000, SDR=1000, ADR=0, Rigid=1, Capture_Method=0
Stage 0: PT=0, T_stage=0.012350, bytes=0, T_capped=0
Stage 1: PT=6, T_stage=0.000000, bytes=33176880, T_capped=0
Group 0: Iters=5, Procs=364, Factors=1.000000, Dist=2, RM=0, SM=0, RS=0, SS=0, parents=0, children=312
Async_Iters: 0
T_iter: 0.090669 0.073925 0.079581 0.074220 0.073609 
T_stage 0: 0.014111 0.013440 0.013453 0.013417 0.013430 
T_stage 1: 0.077094 0.060382 0.060136 0.060639 0.060001 
Config: granularity=100000, SDR=1000, ADR=0, Rigid=1, Capture_Method=0
Stage 0: PT=0, T_stage=0.012350, bytes=0, T_capped=0
Stage 1: PT=6, T_stage=0.000000, bytes=33176880, T_capped=0
Group 0: Iters=5, Procs=364, Factors=1.000000, Dist=2, RM=0, SM=0, RS=0, SS=0, parents=0, children=312
Async_Iters: 0
T_iter: 0.093450 0.072891 0.073701 0.072785 0.072593 
T_stage 0: 0.013000 0.013015 0.012989 0.013026 0.012967 
T_stage 1: 0.080335 0.059793 0.060622 0.059646 0.059516 
Config: granularity=100000, SDR=1000, ADR=0, Rigid=1, Capture_Method=0
Stage 0: PT=0, T_stage=0.012350, bytes=0, T_capped=0
Stage 1: PT=6, T_stage=0.000000, bytes=33176880, T_capped=0
Group 0: Iters=5, Procs=364, Factors=1.000000, Dist=2, RM=0, SM=0, RS=0, SS=0, parents=0, children=312
Async_Iters: 0
T_iter: 0.087429 0.077026 0.073065 0.074765 0.074148 
T_stage 0: 0.013672 0.013713 0.013560 0.013565 0.013584 
T_stage 1: 0.073672 0.063240 0.059452 0.061094 0.060424 
Config: granularity=100000, SDR=1000, ADR=0, Rigid=1, Capture_Method=0
Stage 0: PT=0, T_stage=0.012350, bytes=0, T_capped=0
Stage 1: PT=6, T_stage=0.000000, bytes=33176880, T_capped=0
Group 0: Iters=5, Procs=364, Factors=1.000000, Dist=2, RM=0, SM=0, RS=0, SS=0, parents=0, children=312
Async_Iters: 0
T_iter: 0.090536 0.075717 0.075361 0.073556 0.075561 
T_stage 0: 0.012992 0.012983 0.013110 0.012978 0.012966 
T_stage 1: 0.077416 0.062605 0.062157 0.060435 0.062489 
Config: granularity=100000, SDR=1000, ADR=0, Rigid=1, Capture_Method=0
Stage 0: PT=0, T_stage=0.012350, bytes=0, T_capped=0
Stage 1: PT=6, T_stage=0.000000, bytes=33176880, T_capped=0
Group 0: Iters=5, Procs=364, Factors=1.000000, Dist=2, RM=0, SM=0, RS=0, SS=0, parents=0, children=312
Async_Iters: 0
T_iter: 0.099032 0.080439 0.080902 0.080089 0.081774 
T_stage 0: 0.013013 0.013043 0.013028 0.013057 0.013050 
T_stage 1: 0.085896 0.067252 0.067761 0.066914 0.068615 
Config: granularity=100000, SDR=1000, ADR=0, Rigid=1, Capture_Method=0
Stage 0: PT=0, T_stage=0.012350, bytes=0, T_capped=0
Stage 1: PT=6, T_stage=0.000000, bytes=33176880, T_capped=0
Group 0: Iters=5, Procs=364, Factors=1.000000, Dist=2, RM=0, SM=0, RS=0, SS=0, parents=0, children=312
Async_Iters: 0
T_iter: 0.089465 0.075929 0.074589 0.073406 0.075752 
T_stage 0: 0.012972 0.012980 0.012978 0.013073 0.012966 
T_stage 1: 0.076365 0.062875 0.061501 0.060201 0.062697 
Config: granularity=100000, SDR=1000, ADR=0, Rigid=1, Capture_Method=0
Stage 0: PT=0, T_stage=0.012350, bytes=0, T_capped=0
Stage 1: PT=6, T_stage=0.000000, bytes=33176880, T_capped=0
Group 0: Iters=5, Procs=364, Factors=1.000000, Dist=2, RM=0, SM=0, RS=0, SS=0, parents=0, children=312
Async_Iters: 0
T_iter: 0.094707 0.090325 0.088378 0.080152 0.078460 
T_stage 0: 0.013030 0.024576 0.016616 0.016489 0.013004 
T_stage 1: 0.081557 0.065640 0.071675 0.064477 0.065283 
Config: granularity=100000, SDR=1000, ADR=0, Rigid=1, Capture_Method=0
Stage 0: PT=0, T_stage=0.012350, bytes=0, T_capped=0
Stage 1: PT=6, T_stage=0.000000, bytes=33176880, T_capped=0
Group 0: Iters=5, Procs=364, Factors=1.000000, Dist=2, RM=0, SM=0, RS=0, SS=0, parents=0, children=312
Async_Iters: 0
T_iter: 0.094580 0.076036 0.075866 0.080367 0.075443 
T_stage 0: 0.012993 0.013513 0.013088 0.013023 0.013038 
T_stage 1: 0.081407 0.062424 0.062655 0.067140 0.062276 
Config: granularity=100000, SDR=1000, ADR=0, Rigid=1, Capture_Method=0
Stage 0: PT=0, T_stage=0.012350, bytes=0, T_capped=0
Stage 1: PT=6, T_stage=0.000000, bytes=33176880, T_capped=0
Group 0: Iters=5, Procs=364, Factors=1.000000, Dist=2, RM=0, SM=0, RS=0, SS=0, parents=0, children=312
Async_Iters: 0
T_iter: 0.089435 0.075857 0.075453 0.075599 0.075307 
T_stage 0: 0.013162 0.013203 0.013211 0.013235 0.013181 
T_stage 1: 0.076087 0.062454 0.062070 0.062223 0.061928 
