Config: granularity=100000, SDR=1000, ADR=0, Rigid=1, Capture_Method=0
Stage 0: PT=0, T_stage=0.012350, bytes=0, T_capped=0
Stage 1: PT=6, T_stage=0.000000, bytes=33176880, T_capped=0
Group 1: Iters=10, Procs=312, Factors=1.000000, Dist=2, RM=0, SM=0, RS=0, SS=5, parents=416, children=0
Async_Iters: 0
T_iter: 0.157380 0.107944 0.088942 0.087665 0.087816 0.095831 0.087288 0.087054 0.087416 0.087619 
T_stage 0: 0.039855 0.023049 0.014451 0.015641 0.013787 0.023028 0.013930 0.013292 0.013324 0.014942 
T_stage 1: 0.119398 0.087835 0.074747 0.073725 0.074047 0.073322 0.073510 0.073569 0.072961 0.073418 
Config: granularity=100000, SDR=1000, ADR=0, Rigid=1, Capture_Method=0
Stage 0: PT=0, T_stage=0.012350, bytes=0, T_capped=0
Stage 1: PT=6, T_stage=0.000000, bytes=33176880, T_capped=0
Group 1: Iters=10, Procs=312, Factors=1.000000, Dist=2, RM=0, SM=0, RS=0, SS=5, parents=416, children=0
Async_Iters: 0
T_iter: 0.125067 0.097956 0.115469 0.150440 0.097810 0.079559 0.080178 0.081596 0.080094 0.079519 
T_stage 0: 0.013674 0.019249 0.021543 0.013958 0.032157 0.013709 0.014454 0.014877 0.013241 0.013216 
T_stage 1: 0.111096 0.078615 0.095307 0.133262 0.066252 0.066183 0.066281 0.067166 0.066790 0.066177 
Config: granularity=100000, SDR=1000, ADR=0, Rigid=1, Capture_Method=0
Stage 0: PT=0, T_stage=0.012350, bytes=0, T_capped=0
Stage 1: PT=6, T_stage=0.000000, bytes=33176880, T_capped=0
Group 1: Iters=10, Procs=312, Factors=1.000000, Dist=2, RM=0, SM=0, RS=0, SS=5, parents=416, children=0
Async_Iters: 0
T_iter: 0.158663 0.095093 0.089983 0.085282 0.084733 0.092037 0.084353 0.083377 0.083298 0.084706 
T_stage 0: 0.031630 0.014483 0.018662 0.014099 0.013790 0.013409 0.013543 0.013310 0.014709 0.014348 
T_stage 1: 0.129611 0.075778 0.071164 0.071269 0.070727 0.078596 0.070898 0.069948 0.069869 0.070687 
Config: granularity=100000, SDR=1000, ADR=0, Rigid=1, Capture_Method=0
Stage 0: PT=0, T_stage=0.012350, bytes=0, T_capped=0
Stage 1: PT=6, T_stage=0.000000, bytes=33176880, T_capped=0
Group 1: Iters=10, Procs=312, Factors=1.000000, Dist=2, RM=0, SM=0, RS=0, SS=5, parents=416, children=0
Async_Iters: 0
T_iter: 0.105294 0.084788 0.093180 0.112416 0.084923 0.080766 0.084929 0.085244 0.084848 0.086282 
T_stage 0: 0.016779 0.015200 0.014301 0.019522 0.014639 0.014031 0.013459 0.014967 0.014113 0.014942 
T_stage 1: 0.087861 0.070082 0.078817 0.094733 0.070765 0.067245 0.071279 0.070640 0.071280 0.071537 
Config: granularity=100000, SDR=1000, ADR=0, Rigid=1, Capture_Method=0
Stage 0: PT=0, T_stage=0.012350, bytes=0, T_capped=0
Stage 1: PT=6, T_stage=0.000000, bytes=33176880, T_capped=0
Group 1: Iters=10, Procs=312, Factors=1.000000, Dist=2, RM=0, SM=0, RS=0, SS=5, parents=416, children=0
Async_Iters: 0
T_iter: 0.108443 0.086421 0.098282 0.092541 0.084583 0.084810 0.084757 0.084395 0.084589 0.084643 
T_stage 0: 0.019363 0.013881 0.015215 0.018909 0.014949 0.013212 0.013482 0.015012 0.013229 0.013288 
T_stage 1: 0.088891 0.072690 0.078179 0.076185 0.071203 0.071402 0.071081 0.070909 0.071169 0.071127 
Config: granularity=100000, SDR=1000, ADR=0, Rigid=1, Capture_Method=0
Stage 0: PT=0, T_stage=0.012350, bytes=0, T_capped=0
Stage 1: PT=6, T_stage=0.000000, bytes=33176880, T_capped=0
Group 1: Iters=10, Procs=312, Factors=1.000000, Dist=2, RM=0, SM=0, RS=0, SS=5, parents=416, children=0
Async_Iters: 0
T_iter: 0.134715 0.079790 0.097643 0.081188 0.079357 0.079321 0.082058 0.079387 0.084695 0.079669 
T_stage 0: 0.030071 0.014306 0.020372 0.015334 0.013778 0.013847 0.013777 0.013872 0.014196 0.014115 
T_stage 1: 0.106289 0.065755 0.077880 0.065703 0.065429 0.065347 0.068043 0.065417 0.070042 0.065747 
Config: granularity=100000, SDR=1000, ADR=0, Rigid=1, Capture_Method=0
Stage 0: PT=0, T_stage=0.012350, bytes=0, T_capped=0
Stage 1: PT=6, T_stage=0.000000, bytes=33176880, T_capped=0
Group 1: Iters=10, Procs=312, Factors=1.000000, Dist=2, RM=0, SM=0, RS=0, SS=5, parents=416, children=0
Async_Iters: 0
T_iter: 0.263467 0.159091 0.087193 0.086724 0.086372 0.086081 0.086470 0.086577 0.086854 0.086389 
T_stage 0: 0.044042 0.031861 0.014944 0.013886 0.013265 0.013469 0.013309 0.013781 0.013853 0.013253 
T_stage 1: 0.203859 0.129327 0.073725 0.073170 0.073003 0.072620 0.072456 0.073125 0.073432 0.072917 
Config: granularity=100000, SDR=1000, ADR=0, Rigid=1, Capture_Method=0
Stage 0: PT=0, T_stage=0.012350, bytes=0, T_capped=0
Stage 1: PT=6, T_stage=0.000000, bytes=33176880, T_capped=0
Group 1: Iters=10, Procs=312, Factors=1.000000, Dist=2, RM=0, SM=0, RS=0, SS=5, parents=416, children=0
Async_Iters: 0
T_iter: 0.111498 0.088501 0.099752 0.088022 0.085351 0.097018 0.085740 0.085703 0.086556 0.087968 
T_stage 0: 0.022963 0.014601 0.017724 0.018329 0.013492 0.025665 0.014210 0.014203 0.013744 0.015500 
T_stage 1: 0.088200 0.073906 0.080057 0.070874 0.071912 0.072601 0.072163 0.072189 0.073106 0.074256 
Config: granularity=100000, SDR=1000, ADR=0, Rigid=1, Capture_Method=0
Stage 0: PT=0, T_stage=0.012350, bytes=0, T_capped=0
Stage 1: PT=6, T_stage=0.000000, bytes=33176880, T_capped=0
Group 1: Iters=10, Procs=312, Factors=1.000000, Dist=2, RM=0, SM=0, RS=0, SS=5, parents=416, children=0
Async_Iters: 0
T_iter: 0.223952 0.104549 0.147003 0.084409 0.084666 0.083280 0.084696 0.083119 0.084982 0.083698 
T_stage 0: 0.031534 0.032045 0.031804 0.013493 0.013795 0.015279 0.013884 0.013887 0.014997 0.013263 
T_stage 1: 0.178752 0.071535 0.116874 0.070615 0.070318 0.069474 0.070948 0.069231 0.071536 0.070213 
Config: granularity=100000, SDR=1000, ADR=0, Rigid=1, Capture_Method=0
Stage 0: PT=0, T_stage=0.012350, bytes=0, T_capped=0
Stage 1: PT=6, T_stage=0.000000, bytes=33176880, T_capped=0
Group 1: Iters=10, Procs=312, Factors=1.000000, Dist=2, RM=0, SM=0, RS=0, SS=5, parents=416, children=0
Async_Iters: 0
T_iter: 0.105984 0.085704 0.152842 0.188066 0.127606 0.084889 0.084587 0.082876 0.085799 0.082981 
T_stage 0: 0.017788 0.015598 0.020722 0.032261 0.032080 0.013820 0.014085 0.014443 0.013576 0.013316 
T_stage 1: 0.087964 0.071627 0.101037 0.142251 0.098535 0.071118 0.071188 0.068999 0.072278 0.069509 
Config: granularity=100000, SDR=1000, ADR=0, Rigid=1, Capture_Method=0
Stage 0: PT=0, T_stage=0.012350, bytes=0, T_capped=0
Stage 1: PT=6, T_stage=0.000000, bytes=33176880, T_capped=0
Group 1: Iters=10, Procs=312, Factors=1.000000, Dist=2, RM=0, SM=0, RS=0, SS=5, parents=416, children=0
Async_Iters: 0
T_iter: 0.136427 0.086103 0.096572 0.140061 0.101886 0.105118 0.085247 0.085928 0.085951 0.085743 
T_stage 0: 0.027681 0.015292 0.013839 0.020075 0.031478 0.033249 0.014326 0.014036 0.013549 0.013856 
T_stage 1: 0.117770 0.071636 0.083055 0.104636 0.072361 0.073398 0.071206 0.071882 0.072109 0.072342 
Config: granularity=100000, SDR=1000, ADR=0, Rigid=1, Capture_Method=0
Stage 0: PT=0, T_stage=0.012350, bytes=0, T_capped=0
Stage 1: PT=6, T_stage=0.000000, bytes=33176880, T_capped=0
Group 1: Iters=10, Procs=312, Factors=1.000000, Dist=2, RM=0, SM=0, RS=0, SS=5, parents=416, children=0
Async_Iters: 0
T_iter: 0.125614 0.094035 0.113220 0.087139 0.087708 0.085176 0.090701 0.086058 0.086322 0.085934 
T_stage 0: 0.031745 0.021535 0.030986 0.015746 0.014211 0.013715 0.013560 0.013789 0.013251 0.014563 
T_stage 1: 0.093685 0.072370 0.082620 0.071172 0.072417 0.071655 0.077005 0.072333 0.071777 0.071983 
Config: granularity=100000, SDR=1000, ADR=0, Rigid=1, Capture_Method=0
Stage 0: PT=0, T_stage=0.012350, bytes=0, T_capped=0
Stage 1: PT=6, T_stage=0.000000, bytes=33176880, T_capped=0
Group 1: Iters=10, Procs=312, Factors=1.000000, Dist=2, RM=0, SM=0, RS=0, SS=5, parents=416, children=0
Async_Iters: 0
T_iter: 0.173785 0.095733 0.089383 0.083477 0.083454 0.083202 0.083586 0.084258 0.083545 0.082338 
T_stage 0: 0.030977 0.021438 0.019063 0.014352 0.014717 0.013661 0.013828 0.014459 0.013697 0.013632 
T_stage 1: 0.143034 0.074555 0.070130 0.069637 0.069700 0.069402 0.069774 0.070464 0.069786 0.068539 
Config: granularity=100000, SDR=1000, ADR=0, Rigid=1, Capture_Method=0
Stage 0: PT=0, T_stage=0.012350, bytes=0, T_capped=0
Stage 1: PT=6, T_stage=0.000000, bytes=33176880, T_capped=0
Group 1: Iters=10, Procs=312, Factors=1.000000, Dist=2, RM=0, SM=0, RS=0, SS=5, parents=416, children=0
Async_Iters: 0
T_iter: 0.121712 0.089979 0.109331 0.177829 0.108443 0.089116 0.091353 0.090200 0.090947 0.089982 
T_stage 0: 0.024971 0.014404 0.013930 0.021531 0.033977 0.014003 0.014723 0.013218 0.013546 0.014190 
T_stage 1: 0.096110 0.075475 0.094636 0.147212 0.076711 0.075667 0.077892 0.076734 0.077471 0.076503 
Config: granularity=100000, SDR=1000, ADR=0, Rigid=1, Capture_Method=0
Stage 0: PT=0, T_stage=0.012350, bytes=0, T_capped=0
Stage 1: PT=6, T_stage=0.000000, bytes=33176880, T_capped=0
Group 1: Iters=10, Procs=312, Factors=1.000000, Dist=2, RM=0, SM=0, RS=0, SS=5, parents=416, children=0
Async_Iters: 0
T_iter: 0.147972 0.084934 0.115615 0.178810 0.137288 0.084183 0.083650 0.084160 0.084834 0.084381 
T_stage 0: 0.043620 0.018384 0.026659 0.019623 0.031915 0.018302 0.018366 0.018335 0.018363 0.018347 
T_stage 1: 0.104228 0.066411 0.097191 0.145199 0.112066 0.065723 0.065189 0.065680 0.065870 0.065771 
Config: granularity=100000, SDR=1000, ADR=0, Rigid=1, Capture_Method=0
Stage 0: PT=0, T_stage=0.012350, bytes=0, T_capped=0
Stage 1: PT=6, T_stage=0.000000, bytes=33176880, T_capped=0
Group 1: Iters=10, Procs=312, Factors=1.000000, Dist=2, RM=0, SM=0, RS=0, SS=5, parents=416, children=0
Async_Iters: 0
T_iter: 0.145811 0.132436 0.113138 0.107767 0.082386 0.083860 0.082893 0.084961 0.083741 0.083369 
T_stage 0: 0.032552 0.031967 0.026653 0.016469 0.014493 0.014179 0.014502 0.013495 0.013357 0.015488 
T_stage 1: 0.116136 0.105997 0.093916 0.094001 0.068843 0.070195 0.069275 0.071256 0.070173 0.069778 
Config: granularity=100000, SDR=1000, ADR=0, Rigid=1, Capture_Method=0
Stage 0: PT=0, T_stage=0.012350, bytes=0, T_capped=0
Stage 1: PT=6, T_stage=0.000000, bytes=33176880, T_capped=0
Group 1: Iters=10, Procs=312, Factors=1.000000, Dist=2, RM=0, SM=0, RS=0, SS=5, parents=416, children=0
Async_Iters: 0
T_iter: 0.131349 0.085424 0.112387 0.084944 0.184396 0.081908 0.079587 0.083767 0.084545 0.085163 
T_stage 0: 0.037155 0.015842 0.025343 0.013393 0.013543 0.014490 0.013266 0.014085 0.014244 0.013712 
T_stage 1: 0.094145 0.070894 0.087359 0.066515 0.170120 0.067242 0.066011 0.070085 0.070944 0.071289 
Config: granularity=100000, SDR=1000, ADR=0, Rigid=1, Capture_Method=0
Stage 0: PT=0, T_stage=0.012350, bytes=0, T_capped=0
Stage 1: PT=6, T_stage=0.000000, bytes=33176880, T_capped=0
Group 1: Iters=10, Procs=312, Factors=1.000000, Dist=2, RM=0, SM=0, RS=0, SS=5, parents=416, children=0
Async_Iters: 0
T_iter: 0.117159 0.085961 0.100620 0.085740 0.085669 0.085116 0.086126 0.085275 0.085282 0.085072 
T_stage 0: 0.028902 0.013848 0.015375 0.014564 0.013748 0.014563 0.013760 0.013238 0.013304 0.014341 
T_stage 1: 0.088093 0.071966 0.085981 0.071729 0.072249 0.071618 0.071527 0.071827 0.071802 0.071587 
Config: granularity=100000, SDR=1000, ADR=0, Rigid=1, Capture_Method=0
Stage 0: PT=0, T_stage=0.012350, bytes=0, T_capped=0
Stage 1: PT=6, T_stage=0.000000, bytes=33176880, T_capped=0
Group 1: Iters=10, Procs=312, Factors=1.000000, Dist=2, RM=0, SM=0, RS=0, SS=5, parents=416, children=0
Async_Iters: 0
T_iter: 0.115875 0.090021 0.098463 0.088820 0.085800 0.087137 0.085085 0.085202 0.085469 0.084526 
T_stage 0: 0.026065 0.013804 0.020787 0.019089 0.014317 0.015738 0.013308 0.013280 0.013869 0.014757 
T_stage 1: 0.088655 0.075875 0.073319 0.071745 0.072157 0.072788 0.071607 0.071762 0.071884 0.071047 
Config: granularity=100000, SDR=1000, ADR=0, Rigid=1, Capture_Method=0
Stage 0: PT=0, T_stage=0.012350, bytes=0, T_capped=0
Stage 1: PT=6, T_stage=0.000000, bytes=33176880, T_capped=0
Group 1: Iters=10, Procs=312, Factors=1.000000, Dist=2, RM=0, SM=0, RS=0, SS=5, parents=416, children=0
Async_Iters: 0
T_iter: 0.232487 0.110698 0.085129 0.085350 0.084588 0.084650 0.085280 0.085171 0.085045 0.085059 
T_stage 0: 0.033150 0.041732 0.013904 0.013845 0.013807 0.014080 0.014497 0.014455 0.016609 0.013901 
T_stage 1: 0.169950 0.080295 0.071320 0.071338 0.071216 0.071117 0.071822 0.071712 0.071555 0.071357 
