Config: granularity=100000, SDR=1000, ADR=0, Rigid=1, Capture_Method=0
Stage 0: PT=0, T_stage=0.012350, bytes=0, T_capped=0
Stage 1: PT=6, T_stage=0.000000, bytes=33176880, T_capped=0
Group 0: Iters=5, Procs=416, Factors=1.000000, Dist=2, RM=0, SM=0, RS=0, SS=0, parents=0, children=312
Async_Iters: 0
T_iter: 0.096084 0.077399 0.079576 0.077782 0.083089 
T_stage 0: 0.015506 0.012991 0.013044 0.013073 0.012974 
T_stage 1: 0.080472 0.064298 0.066496 0.064590 0.069992 
Config: granularity=100000, SDR=1000, ADR=0, Rigid=1, Capture_Method=0
Stage 0: PT=0, T_stage=0.012350, bytes=0, T_capped=0
Stage 1: PT=6, T_stage=0.000000, bytes=33176880, T_capped=0
Group 0: Iters=5, Procs=416, Factors=1.000000, Dist=2, RM=0, SM=0, RS=0, SS=0, parents=0, children=312
Async_Iters: 0
T_iter: 0.094982 0.080518 0.076808 0.075892 0.072665 
T_stage 0: 0.012998 0.013081 0.012946 0.012971 0.012970 
T_stage 1: 0.081861 0.067388 0.063748 0.062754 0.059524 
Config: granularity=100000, SDR=1000, ADR=0, Rigid=1, Capture_Method=0
Stage 0: PT=0, T_stage=0.012350, bytes=0, T_capped=0
Stage 1: PT=6, T_stage=0.000000, bytes=33176880, T_capped=0
Group 0: Iters=5, Procs=416, Factors=1.000000, Dist=2, RM=0, SM=0, RS=0, SS=0, parents=0, children=312
Async_Iters: 0
T_iter: 0.094382 0.077907 0.077262 0.079721 0.075684 
T_stage 0: 0.013003 0.013046 0.013037 0.013069 0.012983 
T_stage 1: 0.081207 0.064719 0.064116 0.066473 0.062527 
Config: granularity=100000, SDR=1000, ADR=0, Rigid=1, Capture_Method=0
Stage 0: PT=0, T_stage=0.012350, bytes=0, T_capped=0
Stage 1: PT=6, T_stage=0.000000, bytes=33176880, T_capped=0
Group 0: Iters=5, Procs=416, Factors=1.000000, Dist=2, RM=0, SM=0, RS=0, SS=0, parents=0, children=312
Async_Iters: 0
T_iter: 0.095769 0.078920 0.076448 0.078546 0.080933 
T_stage 0: 0.013015 0.013008 0.013026 0.013056 0.012964 
T_stage 1: 0.082614 0.065817 0.063266 0.065400 0.067833 
Config: granularity=100000, SDR=1000, ADR=0, Rigid=1, Capture_Method=0
Stage 0: PT=0, T_stage=0.012350, bytes=0, T_capped=0
Stage 1: PT=6, T_stage=0.000000, bytes=33176880, T_capped=0
Group 0: Iters=5, Procs=416, Factors=1.000000, Dist=2, RM=0, SM=0, RS=0, SS=0, parents=0, children=312
Async_Iters: 0
T_iter: 0.094868 0.077006 0.076036 0.086800 0.076330 
T_stage 0: 0.013096 0.013290 0.013116 0.023031 0.013109 
T_stage 1: 0.081644 0.063635 0.062830 0.063681 0.063044 
Config: granularity=100000, SDR=1000, ADR=0, Rigid=1, Capture_Method=0
Stage 0: PT=0, T_stage=0.012350, bytes=0, T_capped=0
Stage 1: PT=6, T_stage=0.000000, bytes=33176880, T_capped=0
Group 0: Iters=5, Procs=416, Factors=1.000000, Dist=2, RM=0, SM=0, RS=0, SS=0, parents=0, children=312
Async_Iters: 0
T_iter: 0.094987 0.077150 0.076542 0.077130 0.078208 
T_stage 0: 0.013052 0.013080 0.013129 0.013096 0.013126 
T_stage 1: 0.081748 0.063876 0.063318 0.063856 0.064948 
Config: granularity=100000, SDR=1000, ADR=0, Rigid=1, Capture_Method=0
Stage 0: PT=0, T_stage=0.012350, bytes=0, T_capped=0
Stage 1: PT=6, T_stage=0.000000, bytes=33176880, T_capped=0
Group 0: Iters=5, Procs=416, Factors=1.000000, Dist=2, RM=0, SM=0, RS=0, SS=0, parents=0, children=312
Async_Iters: 0
T_iter: 0.094697 0.077639 0.077765 0.076824 0.081479 
T_stage 0: 0.012962 0.013106 0.013024 0.013000 0.013009 
T_stage 1: 0.081621 0.064399 0.064617 0.063664 0.068347 
Config: granularity=100000, SDR=1000, ADR=0, Rigid=1, Capture_Method=0
Stage 0: PT=0, T_stage=0.012350, bytes=0, T_capped=0
Stage 1: PT=6, T_stage=0.000000, bytes=33176880, T_capped=0
Group 0: Iters=5, Procs=416, Factors=1.000000, Dist=2, RM=0, SM=0, RS=0, SS=0, parents=0, children=312
Async_Iters: 0
T_iter: 0.095482 0.077723 0.076283 0.076424 0.077384 
T_stage 0: 0.013256 0.013215 0.013239 0.013210 0.013226 
T_stage 1: 0.082182 0.064436 0.062909 0.063061 0.064022 
Config: granularity=100000, SDR=1000, ADR=0, Rigid=1, Capture_Method=0
Stage 0: PT=0, T_stage=0.012350, bytes=0, T_capped=0
Stage 1: PT=6, T_stage=0.000000, bytes=33176880, T_capped=0
Group 0: Iters=5, Procs=416, Factors=1.000000, Dist=2, RM=0, SM=0, RS=0, SS=0, parents=0, children=312
Async_Iters: 0
T_iter: 0.094260 0.077540 0.079286 0.076520 0.076936 
T_stage 0: 0.013004 0.013061 0.013141 0.013908 0.012985 
T_stage 1: 0.081123 0.064376 0.066078 0.063446 0.063806 
Config: granularity=100000, SDR=1000, ADR=0, Rigid=1, Capture_Method=0
Stage 0: PT=0, T_stage=0.012350, bytes=0, T_capped=0
Stage 1: PT=6, T_stage=0.000000, bytes=33176880, T_capped=0
Group 0: Iters=5, Procs=416, Factors=1.000000, Dist=2, RM=0, SM=0, RS=0, SS=0, parents=0, children=312
Async_Iters: 0
T_iter: 0.094510 0.078397 0.078580 0.078989 0.078914 
T_stage 0: 0.012984 0.013004 0.012986 0.013060 0.012966 
T_stage 1: 0.081413 0.065263 0.065434 0.065799 0.065821 
Config: granularity=100000, SDR=1000, ADR=0, Rigid=1, Capture_Method=0
Stage 0: PT=0, T_stage=0.012350, bytes=0, T_capped=0
Stage 1: PT=6, T_stage=0.000000, bytes=33176880, T_capped=0
Group 0: Iters=5, Procs=416, Factors=1.000000, Dist=2, RM=0, SM=0, RS=0, SS=0, parents=0, children=312
Async_Iters: 0
T_iter: 0.094388 0.079126 0.078933 0.078505 0.084258 
T_stage 0: 0.013201 0.013199 0.013161 0.013204 0.013206 
T_stage 1: 0.081088 0.065822 0.065695 0.065172 0.070906 
Config: granularity=100000, SDR=1000, ADR=0, Rigid=1, Capture_Method=0
Stage 0: PT=0, T_stage=0.012350, bytes=0, T_capped=0
Stage 1: PT=6, T_stage=0.000000, bytes=33176880, T_capped=0
Group 0: Iters=5, Procs=416, Factors=1.000000, Dist=2, RM=0, SM=0, RS=0, SS=0, parents=0, children=312
Async_Iters: 0
T_iter: 0.095121 0.078276 0.079171 0.078600 0.085253 
T_stage 0: 0.013566 0.013549 0.013581 0.013568 0.013586 
T_stage 1: 0.081425 0.064494 0.065389 0.064906 0.071554 
Config: granularity=100000, SDR=1000, ADR=0, Rigid=1, Capture_Method=0
Stage 0: PT=0, T_stage=0.012350, bytes=0, T_capped=0
Stage 1: PT=6, T_stage=0.000000, bytes=33176880, T_capped=0
Group 0: Iters=5, Procs=416, Factors=1.000000, Dist=2, RM=0, SM=0, RS=0, SS=0, parents=0, children=312
Async_Iters: 0
T_iter: 0.166272 0.193811 0.078383 0.078810 0.077607 
T_stage 0: 0.013018 0.057718 0.012974 0.012989 0.013005 
T_stage 1: 0.143212 0.136054 0.065333 0.065679 0.064476 
Config: granularity=100000, SDR=1000, ADR=0, Rigid=1, Capture_Method=0
Stage 0: PT=0, T_stage=0.012350, bytes=0, T_capped=0
Stage 1: PT=6, T_stage=0.000000, bytes=33176880, T_capped=0
Group 0: Iters=5, Procs=416, Factors=1.000000, Dist=2, RM=0, SM=0, RS=0, SS=0, parents=0, children=312
Async_Iters: 0
T_iter: 0.094828 0.079756 0.076053 0.075335 0.081465 
T_stage 0: 0.012948 0.012969 0.012989 0.013025 0.012998 
T_stage 1: 0.081631 0.066709 0.062913 0.062182 0.068354 
Config: granularity=100000, SDR=1000, ADR=0, Rigid=1, Capture_Method=0
Stage 0: PT=0, T_stage=0.012350, bytes=0, T_capped=0
Stage 1: PT=6, T_stage=0.000000, bytes=33176880, T_capped=0
Group 0: Iters=5, Procs=416, Factors=1.000000, Dist=2, RM=0, SM=0, RS=0, SS=0, parents=0, children=312
Async_Iters: 0
T_iter: 0.099812 0.081089 0.080749 0.079704 0.078652 
T_stage 0: 0.012993 0.012996 0.012993 0.013018 0.013009 
T_stage 1: 0.086684 0.068051 0.067660 0.066545 0.065508 
Config: granularity=100000, SDR=1000, ADR=0, Rigid=1, Capture_Method=0
Stage 0: PT=0, T_stage=0.012350, bytes=0, T_capped=0
Stage 1: PT=6, T_stage=0.000000, bytes=33176880, T_capped=0
Group 0: Iters=5, Procs=416, Factors=1.000000, Dist=2, RM=0, SM=0, RS=0, SS=0, parents=0, children=312
Async_Iters: 0
T_iter: 0.091021 0.080884 0.077160 0.074661 0.075181 
T_stage 0: 0.013047 0.013084 0.013060 0.013077 0.013058 
T_stage 1: 0.077858 0.067719 0.063922 0.061530 0.062066 
Config: granularity=100000, SDR=1000, ADR=0, Rigid=1, Capture_Method=0
Stage 0: PT=0, T_stage=0.012350, bytes=0, T_capped=0
Stage 1: PT=6, T_stage=0.000000, bytes=33176880, T_capped=0
Group 0: Iters=5, Procs=416, Factors=1.000000, Dist=2, RM=0, SM=0, RS=0, SS=0, parents=0, children=312
Async_Iters: 0
T_iter: 0.093450 0.082946 0.076470 0.106706 0.084105 
T_stage 0: 0.013200 0.013171 0.013201 0.018241 0.019967 
T_stage 1: 0.080098 0.069548 0.063048 0.088308 0.063984 
Config: granularity=100000, SDR=1000, ADR=0, Rigid=1, Capture_Method=0
Stage 0: PT=0, T_stage=0.012350, bytes=0, T_capped=0
Stage 1: PT=6, T_stage=0.000000, bytes=33176880, T_capped=0
Group 0: Iters=5, Procs=416, Factors=1.000000, Dist=2, RM=0, SM=0, RS=0, SS=0, parents=0, children=312
Async_Iters: 0
T_iter: 0.095296 0.080792 0.078744 0.079215 0.077575 
T_stage 0: 0.012961 0.012980 0.012997 0.014183 0.012970 
T_stage 1: 0.082199 0.067611 0.065559 0.064946 0.064449 
Config: granularity=100000, SDR=1000, ADR=0, Rigid=1, Capture_Method=0
Stage 0: PT=0, T_stage=0.012350, bytes=0, T_capped=0
Stage 1: PT=6, T_stage=0.000000, bytes=33176880, T_capped=0
Group 0: Iters=5, Procs=416, Factors=1.000000, Dist=2, RM=0, SM=0, RS=0, SS=0, parents=0, children=312
Async_Iters: 0
T_iter: 0.093965 0.081048 0.077231 0.078015 0.077298 
T_stage 0: 0.013017 0.012986 0.012945 0.013028 0.012942 
T_stage 1: 0.080816 0.067999 0.064139 0.064870 0.064123 
Config: granularity=100000, SDR=1000, ADR=0, Rigid=1, Capture_Method=0
Stage 0: PT=0, T_stage=0.012350, bytes=0, T_capped=0
Stage 1: PT=6, T_stage=0.000000, bytes=33176880, T_capped=0
Group 0: Iters=5, Procs=416, Factors=1.000000, Dist=2, RM=0, SM=0, RS=0, SS=0, parents=0, children=312
Async_Iters: 0
T_iter: 0.094849 0.081009 0.077724 0.082300 0.079463 
T_stage 0: 0.012951 0.013001 0.012992 0.013472 0.012995 
T_stage 1: 0.081755 0.067940 0.064608 0.069083 0.066297 
