Config: granularity=100000, SDR=1000, ADR=0, Rigid=1, Capture_Method=0
Stage 0: PT=0, T_stage=0.012350, bytes=0, T_capped=0
Stage 1: PT=6, T_stage=0.000000, bytes=33176880, T_capped=0
Group 1: Iters=10, Procs=364, Factors=1.000000, Dist=2, RM=0, SM=0, RS=0, SS=5, parents=20, children=0
Async_Iters: 0
T_iter: 0.111812 0.082279 0.085356 0.079867 0.079626 0.077684 0.081141 0.082552 0.079695 0.082128 
T_stage 0: 0.029180 0.015006 0.014572 0.013280 0.014785 0.013250 0.014400 0.017183 0.014191 0.014372 
T_stage 1: 0.082697 0.067811 0.071636 0.065923 0.065590 0.064198 0.067578 0.066223 0.066031 0.068680 
Config: granularity=100000, SDR=1000, ADR=0, Rigid=1, Capture_Method=0
Stage 0: PT=0, T_stage=0.012350, bytes=0, T_capped=0
Stage 1: PT=6, T_stage=0.000000, bytes=33176880, T_capped=0
Group 1: Iters=10, Procs=364, Factors=1.000000, Dist=2, RM=0, SM=0, RS=0, SS=5, parents=20, children=0
Async_Iters: 0
T_iter: 0.098410 0.082987 0.081022 0.080972 0.083111 0.081552 0.083459 0.081238 0.081361 0.080565 
T_stage 0: 0.014093 0.014656 0.014348 0.013456 0.014553 0.014449 0.015595 0.013770 0.014095 0.014694 
T_stage 1: 0.083673 0.067780 0.067351 0.067282 0.068837 0.067612 0.069876 0.067624 0.067866 0.066959 
Config: granularity=100000, SDR=1000, ADR=0, Rigid=1, Capture_Method=0
Stage 0: PT=0, T_stage=0.012350, bytes=0, T_capped=0
Stage 1: PT=6, T_stage=0.000000, bytes=33176880, T_capped=0
Group 1: Iters=10, Procs=364, Factors=1.000000, Dist=2, RM=0, SM=0, RS=0, SS=5, parents=20, children=0
Async_Iters: 0
T_iter: 0.104160 0.085240 0.083817 0.084513 0.083606 0.083243 0.084309 0.084623 0.084235 0.082888 
T_stage 0: 0.015388 0.015901 0.013749 0.019807 0.020265 0.014895 0.014414 0.013797 0.014216 0.016137 
T_stage 1: 0.089183 0.071245 0.069918 0.066538 0.069585 0.068983 0.070374 0.070680 0.070275 0.068922 
Config: granularity=100000, SDR=1000, ADR=0, Rigid=1, Capture_Method=0
Stage 0: PT=0, T_stage=0.012350, bytes=0, T_capped=0
Stage 1: PT=6, T_stage=0.000000, bytes=33176880, T_capped=0
Group 1: Iters=10, Procs=364, Factors=1.000000, Dist=2, RM=0, SM=0, RS=0, SS=5, parents=20, children=0
Async_Iters: 0
T_iter: 0.096627 0.084918 0.081359 0.082087 0.081240 0.081428 0.082040 0.081246 0.081932 0.081351 
T_stage 0: 0.015517 0.014171 0.013481 0.013954 0.013514 0.014461 0.014394 0.013398 0.013327 0.017216 
T_stage 1: 0.082652 0.070503 0.067658 0.068231 0.067672 0.067940 0.068542 0.067762 0.068383 0.067564 
Config: granularity=100000, SDR=1000, ADR=0, Rigid=1, Capture_Method=0
Stage 0: PT=0, T_stage=0.012350, bytes=0, T_capped=0
Stage 1: PT=6, T_stage=0.000000, bytes=33176880, T_capped=0
Group 1: Iters=10, Procs=364, Factors=1.000000, Dist=2, RM=0, SM=0, RS=0, SS=5, parents=20, children=0
Async_Iters: 0
T_iter: 0.104183 0.079958 0.081609 0.081006 0.079450 0.079463 0.079513 0.079735 0.079263 0.079497 
T_stage 0: 0.013688 0.013604 0.015569 0.015559 0.013232 0.014254 0.014040 0.013690 0.014373 0.013209 
T_stage 1: 0.089994 0.066612 0.067593 0.067196 0.066057 0.065806 0.066067 0.066300 0.065876 0.066133 
Config: granularity=100000, SDR=1000, ADR=0, Rigid=1, Capture_Method=0
Stage 0: PT=0, T_stage=0.012350, bytes=0, T_capped=0
Stage 1: PT=6, T_stage=0.000000, bytes=33176880, T_capped=0
Group 1: Iters=10, Procs=364, Factors=1.000000, Dist=2, RM=0, SM=0, RS=0, SS=5, parents=20, children=0
Async_Iters: 0
T_iter: 0.107864 0.083189 0.080670 0.080016 0.080126 0.080782 0.081464 0.080439 0.080039 0.080369 
T_stage 0: 0.014830 0.016588 0.014264 0.013534 0.014484 0.014125 0.015552 0.013834 0.014241 0.013791 
T_stage 1: 0.093838 0.068320 0.067139 0.066530 0.066496 0.067232 0.066340 0.066961 0.066519 0.066821 
Config: granularity=100000, SDR=1000, ADR=0, Rigid=1, Capture_Method=0
Stage 0: PT=0, T_stage=0.012350, bytes=0, T_capped=0
Stage 1: PT=6, T_stage=0.000000, bytes=33176880, T_capped=0
Group 1: Iters=10, Procs=364, Factors=1.000000, Dist=2, RM=0, SM=0, RS=0, SS=5, parents=20, children=0
Async_Iters: 0
T_iter: 0.102364 0.081980 0.083435 0.079703 0.088079 0.078574 0.080094 0.081318 0.080286 0.082372 
T_stage 0: 0.017149 0.013412 0.015261 0.014621 0.014922 0.013772 0.013556 0.015868 0.013461 0.014752 
T_stage 1: 0.085023 0.068597 0.067667 0.065695 0.074710 0.064915 0.066754 0.067474 0.066894 0.069003 
Config: granularity=100000, SDR=1000, ADR=0, Rigid=1, Capture_Method=0
Stage 0: PT=0, T_stage=0.012350, bytes=0, T_capped=0
Stage 1: PT=6, T_stage=0.000000, bytes=33176880, T_capped=0
Group 1: Iters=10, Procs=364, Factors=1.000000, Dist=2, RM=0, SM=0, RS=0, SS=5, parents=20, children=0
Async_Iters: 0
T_iter: 0.104303 0.080974 0.085027 0.084215 0.081727 0.080956 0.082536 0.078686 0.082094 0.081958 
T_stage 0: 0.014608 0.015705 0.016252 0.014626 0.013931 0.013746 0.014414 0.015339 0.014626 0.014133 
T_stage 1: 0.089574 0.066649 0.070917 0.070588 0.068163 0.067399 0.066909 0.065130 0.068362 0.068242 
Config: granularity=100000, SDR=1000, ADR=0, Rigid=1, Capture_Method=0
Stage 0: PT=0, T_stage=0.012350, bytes=0, T_capped=0
Stage 1: PT=6, T_stage=0.000000, bytes=33176880, T_capped=0
Group 1: Iters=10, Procs=364, Factors=1.000000, Dist=2, RM=0, SM=0, RS=0, SS=5, parents=20, children=0
Async_Iters: 0
T_iter: 0.100415 0.085836 0.083829 0.079632 0.080659 0.079939 0.080246 0.079893 0.078965 0.079545 
T_stage 0: 0.015480 0.016987 0.015097 0.013859 0.014854 0.013702 0.015678 0.014201 0.014690 0.013848 
T_stage 1: 0.086392 0.070583 0.070392 0.066151 0.067212 0.066486 0.066633 0.066351 0.065603 0.066138 
Config: granularity=100000, SDR=1000, ADR=0, Rigid=1, Capture_Method=0
Stage 0: PT=0, T_stage=0.012350, bytes=0, T_capped=0
Stage 1: PT=6, T_stage=0.000000, bytes=33176880, T_capped=0
Group 1: Iters=10, Procs=364, Factors=1.000000, Dist=2, RM=0, SM=0, RS=0, SS=5, parents=20, children=0
Async_Iters: 0
T_iter: 0.095583 0.081471 0.080439 0.078864 0.079762 0.080310 0.080597 0.079611 0.079755 0.079143 
T_stage 0: 0.013882 0.016204 0.014435 0.014414 0.016090 0.014510 0.013402 0.013460 0.014564 0.014242 
T_stage 1: 0.081173 0.066831 0.066870 0.065349 0.066243 0.066739 0.067044 0.066073 0.065868 0.065612 
Config: granularity=100000, SDR=1000, ADR=0, Rigid=1, Capture_Method=0
Stage 0: PT=0, T_stage=0.012350, bytes=0, T_capped=0
Stage 1: PT=6, T_stage=0.000000, bytes=33176880, T_capped=0
Group 1: Iters=10, Procs=364, Factors=1.000000, Dist=2, RM=0, SM=0, RS=0, SS=5, parents=20, children=0
Async_Iters: 0
T_iter: 0.105858 0.088597 0.088891 0.085863 0.082729 0.085363 0.084552 0.082906 0.083627 0.083287 
T_stage 0: 0.021171 0.017025 0.015225 0.016706 0.013694 0.017146 0.015106 0.014492 0.014239 0.013876 
T_stage 1: 0.090670 0.071004 0.074169 0.068784 0.069099 0.069467 0.070488 0.069220 0.070098 0.069749 
Config: granularity=100000, SDR=1000, ADR=0, Rigid=1, Capture_Method=0
Stage 0: PT=0, T_stage=0.012350, bytes=0, T_capped=0
Stage 1: PT=6, T_stage=0.000000, bytes=33176880, T_capped=0
Group 1: Iters=10, Procs=364, Factors=1.000000, Dist=2, RM=0, SM=0, RS=0, SS=5, parents=20, children=0
Async_Iters: 0
T_iter: 0.100434 0.084860 0.089141 0.083510 0.082433 0.083148 0.082536 0.081888 0.082981 0.083483 
T_stage 0: 0.013837 0.015728 0.015423 0.014507 0.014121 0.014918 0.014922 0.014637 0.014946 0.014938 
T_stage 1: 0.086260 0.070944 0.074716 0.068314 0.068936 0.069648 0.068481 0.068418 0.069290 0.069540 
Config: granularity=100000, SDR=1000, ADR=0, Rigid=1, Capture_Method=0
Stage 0: PT=0, T_stage=0.012350, bytes=0, T_capped=0
Stage 1: PT=6, T_stage=0.000000, bytes=33176880, T_capped=0
Group 1: Iters=10, Procs=364, Factors=1.000000, Dist=2, RM=0, SM=0, RS=0, SS=5, parents=20, children=0
Async_Iters: 0
T_iter: 0.125917 0.080802 0.084895 0.081221 0.081131 0.080819 0.079588 0.082799 0.080586 0.081671 
T_stage 0: 0.038799 0.013296 0.017096 0.014001 0.014207 0.013811 0.013743 0.015405 0.013221 0.013741 
T_stage 1: 0.086966 0.067024 0.071284 0.067816 0.067721 0.067407 0.065977 0.068776 0.067154 0.068276 
Config: granularity=100000, SDR=1000, ADR=0, Rigid=1, Capture_Method=0
Stage 0: PT=0, T_stage=0.012350, bytes=0, T_capped=0
Stage 1: PT=6, T_stage=0.000000, bytes=33176880, T_capped=0
Group 1: Iters=10, Procs=364, Factors=1.000000, Dist=2, RM=0, SM=0, RS=0, SS=5, parents=20, children=0
Async_Iters: 0
T_iter: 0.098061 0.082192 0.081852 0.081242 0.081556 0.081366 0.082958 0.081008 0.080996 0.080774 
T_stage 0: 0.015615 0.014938 0.013787 0.013688 0.014666 0.013999 0.013865 0.013785 0.013464 0.013350 
T_stage 1: 0.084231 0.067386 0.067793 0.067634 0.067650 0.067428 0.068913 0.067536 0.067443 0.067295 
Config: granularity=100000, SDR=1000, ADR=0, Rigid=1, Capture_Method=0
Stage 0: PT=0, T_stage=0.012350, bytes=0, T_capped=0
Stage 1: PT=6, T_stage=0.000000, bytes=33176880, T_capped=0
Group 1: Iters=10, Procs=364, Factors=1.000000, Dist=2, RM=0, SM=0, RS=0, SS=5, parents=20, children=0
Async_Iters: 0
T_iter: 0.098632 0.081579 0.079940 0.082360 0.080014 0.080403 0.078149 0.078452 0.078865 0.077615 
T_stage 0: 0.018019 0.015021 0.015432 0.013421 0.014016 0.015834 0.013909 0.014342 0.013314 0.015368 
T_stage 1: 0.080439 0.067815 0.065617 0.068448 0.066500 0.066952 0.064706 0.065041 0.065357 0.063774 
Config: granularity=100000, SDR=1000, ADR=0, Rigid=1, Capture_Method=0
Stage 0: PT=0, T_stage=0.012350, bytes=0, T_capped=0
Stage 1: PT=6, T_stage=0.000000, bytes=33176880, T_capped=0
Group 1: Iters=10, Procs=364, Factors=1.000000, Dist=2, RM=0, SM=0, RS=0, SS=5, parents=20, children=0
Async_Iters: 0
T_iter: 0.097877 0.081813 0.082218 0.081377 0.080114 0.081008 0.081004 0.092687 0.083490 0.081262 
T_stage 0: 0.013793 0.014040 0.015644 0.015298 0.014694 0.013828 0.014730 0.014380 0.014263 0.016027 
T_stage 1: 0.083003 0.067817 0.068653 0.067740 0.066532 0.067370 0.067377 0.079005 0.069795 0.066522 
Config: granularity=100000, SDR=1000, ADR=0, Rigid=1, Capture_Method=0
Stage 0: PT=0, T_stage=0.012350, bytes=0, T_capped=0
Stage 1: PT=6, T_stage=0.000000, bytes=33176880, T_capped=0
Group 1: Iters=10, Procs=364, Factors=1.000000, Dist=2, RM=0, SM=0, RS=0, SS=5, parents=20, children=0
Async_Iters: 0
T_iter: 0.099533 0.080771 0.081843 0.081407 0.083822 0.082527 0.081116 0.081159 0.079444 0.080359 
T_stage 0: 0.015571 0.015611 0.014130 0.015063 0.015025 0.013696 0.015415 0.014575 0.014349 0.013603 
T_stage 1: 0.085741 0.066835 0.067697 0.067103 0.070412 0.068662 0.065753 0.067700 0.065527 0.066941 
Config: granularity=100000, SDR=1000, ADR=0, Rigid=1, Capture_Method=0
Stage 0: PT=0, T_stage=0.012350, bytes=0, T_capped=0
Stage 1: PT=6, T_stage=0.000000, bytes=33176880, T_capped=0
Group 1: Iters=10, Procs=364, Factors=1.000000, Dist=2, RM=0, SM=0, RS=0, SS=5, parents=20, children=0
Async_Iters: 0
T_iter: 0.104333 0.083980 0.084011 0.085532 0.082997 0.082695 0.083435 0.082396 0.083619 0.082817 
T_stage 0: 0.018507 0.013786 0.022535 0.014642 0.015051 0.014974 0.013802 0.015586 0.014601 0.013777 
T_stage 1: 0.085644 0.070573 0.070316 0.071827 0.069606 0.069295 0.070012 0.068940 0.070093 0.069089 
Config: granularity=100000, SDR=1000, ADR=0, Rigid=1, Capture_Method=0
Stage 0: PT=0, T_stage=0.012350, bytes=0, T_capped=0
Stage 1: PT=6, T_stage=0.000000, bytes=33176880, T_capped=0
Group 1: Iters=10, Procs=364, Factors=1.000000, Dist=2, RM=0, SM=0, RS=0, SS=5, parents=20, children=0
Async_Iters: 0
T_iter: 0.101920 0.085091 0.081514 0.081956 0.080922 0.081595 0.081084 0.086102 0.080487 0.079884 
T_stage 0: 0.014351 0.013854 0.013374 0.014461 0.014792 0.014064 0.014875 0.015452 0.013797 0.013380 
T_stage 1: 0.087659 0.071160 0.067977 0.067750 0.067419 0.067802 0.066767 0.071385 0.067021 0.066437 
Config: granularity=100000, SDR=1000, ADR=0, Rigid=1, Capture_Method=0
Stage 0: PT=0, T_stage=0.012350, bytes=0, T_capped=0
Stage 1: PT=6, T_stage=0.000000, bytes=33176880, T_capped=0
Group 1: Iters=10, Procs=364, Factors=1.000000, Dist=2, RM=0, SM=0, RS=0, SS=5, parents=20, children=0
Async_Iters: 0
T_iter: 0.101519 0.084874 0.085716 0.081605 0.081889 0.080258 0.080708 0.080090 0.079378 0.080176 
T_stage 0: 0.013330 0.014253 0.016902 0.015776 0.015901 0.014013 0.014117 0.013828 0.013325 0.013245 
T_stage 1: 0.084027 0.070638 0.069646 0.067541 0.067966 0.066257 0.067119 0.066691 0.066007 0.066841 
