Config: granularity=100000, SDR=1000, ADR=0, Rigid=1, Capture_Method=0
Stage 0: PT=0, T_stage=0.012350, bytes=0, T_capped=0
Stage 1: PT=6, T_stage=0.000000, bytes=33176880, T_capped=0
Group 0: Iters=5, Procs=52, Factors=1.000000, Dist=2, RM=0, SM=0, RS=0, SS=0, parents=0, children=364
Async_Iters: 0
T_iter: 0.078607 0.055243 0.049501 0.049938 0.049810 
T_stage 0: 0.012522 0.012601 0.012559 0.012526 0.012561 
T_stage 1: 0.066056 0.042577 0.036882 0.037365 0.037183 
Config: granularity=100000, SDR=1000, ADR=0, Rigid=1, Capture_Method=0
Stage 0: PT=0, T_stage=0.012350, bytes=0, T_capped=0
Stage 1: PT=6, T_stage=0.000000, bytes=33176880, T_capped=0
Group 0: Iters=5, Procs=52, Factors=1.000000, Dist=2, RM=0, SM=0, RS=0, SS=0, parents=0, children=364
Async_Iters: 0
T_iter: 0.076406 0.061986 0.060678 0.060751 0.060497 
T_stage 0: 0.012554 0.012556 0.012560 0.012526 0.012565 
T_stage 1: 0.063833 0.049410 0.048074 0.048178 0.047905 
Config: granularity=100000, SDR=1000, ADR=0, Rigid=1, Capture_Method=0
Stage 0: PT=0, T_stage=0.012350, bytes=0, T_capped=0
Stage 1: PT=6, T_stage=0.000000, bytes=33176880, T_capped=0
Group 0: Iters=5, Procs=52, Factors=1.000000, Dist=2, RM=0, SM=0, RS=0, SS=0, parents=0, children=364
Async_Iters: 0
T_iter: 0.070868 0.058794 0.053610 0.054113 0.054186 
T_stage 0: 0.012551 0.012607 0.012571 0.012601 0.012621 
T_stage 1: 0.058289 0.046140 0.041024 0.041487 0.041515 
Config: granularity=100000, SDR=1000, ADR=0, Rigid=1, Capture_Method=0
Stage 0: PT=0, T_stage=0.012350, bytes=0, T_capped=0
Stage 1: PT=6, T_stage=0.000000, bytes=33176880, T_capped=0
Group 0: Iters=5, Procs=52, Factors=1.000000, Dist=2, RM=0, SM=0, RS=0, SS=0, parents=0, children=364
Async_Iters: 0
T_iter: 0.074537 0.069170 0.049994 0.049627 0.049528 
T_stage 0: 0.012552 0.012528 0.012545 0.012540 0.012541 
T_stage 1: 0.061973 0.056551 0.037431 0.037004 0.036890 
Config: granularity=100000, SDR=1000, ADR=0, Rigid=1, Capture_Method=0
Stage 0: PT=0, T_stage=0.012350, bytes=0, T_capped=0
Stage 1: PT=6, T_stage=0.000000, bytes=33176880, T_capped=0
Group 0: Iters=5, Procs=52, Factors=1.000000, Dist=2, RM=0, SM=0, RS=0, SS=0, parents=0, children=364
Async_Iters: 0
T_iter: 0.071058 0.055431 0.055474 0.055606 0.054739 
T_stage 0: 0.012543 0.012574 0.012562 0.012612 0.012557 
T_stage 1: 0.058424 0.042849 0.042890 0.042951 0.042162 
Config: granularity=100000, SDR=1000, ADR=0, Rigid=1, Capture_Method=0
Stage 0: PT=0, T_stage=0.012350, bytes=0, T_capped=0
Stage 1: PT=6, T_stage=0.000000, bytes=33176880, T_capped=0
Group 0: Iters=5, Procs=52, Factors=1.000000, Dist=2, RM=0, SM=0, RS=0, SS=0, parents=0, children=364
Async_Iters: 0
T_iter: 0.071710 0.056898 0.062665 0.055773 0.055530 
T_stage 0: 0.012533 0.012527 0.012567 0.012566 0.012538 
T_stage 1: 0.059133 0.044319 0.050040 0.043150 0.042946 
Config: granularity=100000, SDR=1000, ADR=0, Rigid=1, Capture_Method=0
Stage 0: PT=0, T_stage=0.012350, bytes=0, T_capped=0
Stage 1: PT=6, T_stage=0.000000, bytes=33176880, T_capped=0
Group 0: Iters=5, Procs=52, Factors=1.000000, Dist=2, RM=0, SM=0, RS=0, SS=0, parents=0, children=364
Async_Iters: 0
T_iter: 0.082653 0.061104 0.061479 0.061367 0.061448 
T_stage 0: 0.012534 0.012556 0.012559 0.012560 0.012592 
T_stage 1: 0.070060 0.048537 0.048852 0.048797 0.048781 
Config: granularity=100000, SDR=1000, ADR=0, Rigid=1, Capture_Method=0
Stage 0: PT=0, T_stage=0.012350, bytes=0, T_capped=0
Stage 1: PT=6, T_stage=0.000000, bytes=33176880, T_capped=0
Group 0: Iters=5, Procs=52, Factors=1.000000, Dist=2, RM=0, SM=0, RS=0, SS=0, parents=0, children=364
Async_Iters: 0
T_iter: 0.073608 0.057131 0.056960 0.056687 0.056523 
T_stage 0: 0.012518 0.012547 0.012541 0.012558 0.012561 
T_stage 1: 0.061017 0.044479 0.044374 0.044105 0.043903 
Config: granularity=100000, SDR=1000, ADR=0, Rigid=1, Capture_Method=0
Stage 0: PT=0, T_stage=0.012350, bytes=0, T_capped=0
Stage 1: PT=6, T_stage=0.000000, bytes=33176880, T_capped=0
Group 0: Iters=5, Procs=52, Factors=1.000000, Dist=2, RM=0, SM=0, RS=0, SS=0, parents=0, children=364
Async_Iters: 0
T_iter: 0.066655 0.053097 0.052819 0.053143 0.052779 
T_stage 0: 0.012544 0.012535 0.012573 0.012535 0.012589 
T_stage 1: 0.054098 0.040500 0.040220 0.040561 0.040121 
Config: granularity=100000, SDR=1000, ADR=0, Rigid=1, Capture_Method=0
Stage 0: PT=0, T_stage=0.012350, bytes=0, T_capped=0
Stage 1: PT=6, T_stage=0.000000, bytes=33176880, T_capped=0
Group 0: Iters=5, Procs=52, Factors=1.000000, Dist=2, RM=0, SM=0, RS=0, SS=0, parents=0, children=364
Async_Iters: 0
T_iter: 0.090500 0.070236 0.073195 0.073286 0.073748 
T_stage 0: 0.012553 0.012529 0.012528 0.012570 0.012530 
T_stage 1: 0.077914 0.057647 0.060577 0.060611 0.061173 
Config: granularity=100000, SDR=1000, ADR=0, Rigid=1, Capture_Method=0
Stage 0: PT=0, T_stage=0.012350, bytes=0, T_capped=0
Stage 1: PT=6, T_stage=0.000000, bytes=33176880, T_capped=0
Group 0: Iters=5, Procs=52, Factors=1.000000, Dist=2, RM=0, SM=0, RS=0, SS=0, parents=0, children=364
Async_Iters: 0
T_iter: 0.083502 0.060214 0.060370 0.060352 0.060092 
T_stage 0: 0.012528 0.012532 0.012594 0.012577 0.012555 
T_stage 1: 0.070880 0.047572 0.047680 0.047722 0.047480 
Config: granularity=100000, SDR=1000, ADR=0, Rigid=1, Capture_Method=0
Stage 0: PT=0, T_stage=0.012350, bytes=0, T_capped=0
Stage 1: PT=6, T_stage=0.000000, bytes=33176880, T_capped=0
Group 0: Iters=5, Procs=52, Factors=1.000000, Dist=2, RM=0, SM=0, RS=0, SS=0, parents=0, children=364
Async_Iters: 0
T_iter: 0.083107 0.057470 0.057837 0.057190 0.057404 
T_stage 0: 0.012567 0.012907 0.012569 0.012569 0.012577 
T_stage 1: 0.070515 0.044518 0.045210 0.044498 0.044795 
Config: granularity=100000, SDR=1000, ADR=0, Rigid=1, Capture_Method=0
Stage 0: PT=0, T_stage=0.012350, bytes=0, T_capped=0
Stage 1: PT=6, T_stage=0.000000, bytes=33176880, T_capped=0
Group 0: Iters=5, Procs=52, Factors=1.000000, Dist=2, RM=0, SM=0, RS=0, SS=0, parents=0, children=364
Async_Iters: 0
T_iter: 0.080522 0.055294 0.054489 0.055067 0.055175 
T_stage 0: 0.012546 0.012527 0.012520 0.012529 0.012573 
T_stage 1: 0.067954 0.042716 0.041920 0.042524 0.042570 
Config: granularity=100000, SDR=1000, ADR=0, Rigid=1, Capture_Method=0
Stage 0: PT=0, T_stage=0.012350, bytes=0, T_capped=0
Stage 1: PT=6, T_stage=0.000000, bytes=33176880, T_capped=0
Group 0: Iters=5, Procs=52, Factors=1.000000, Dist=2, RM=0, SM=0, RS=0, SS=0, parents=0, children=364
Async_Iters: 0
T_iter: 0.079461 0.063656 0.061574 0.061308 0.061534 
T_stage 0: 0.012570 0.012557 0.012564 0.012564 0.012574 
T_stage 1: 0.066827 0.051083 0.048999 0.048668 0.048894 
Config: granularity=100000, SDR=1000, ADR=0, Rigid=1, Capture_Method=0
Stage 0: PT=0, T_stage=0.012350, bytes=0, T_capped=0
Stage 1: PT=6, T_stage=0.000000, bytes=33176880, T_capped=0
Group 0: Iters=5, Procs=52, Factors=1.000000, Dist=2, RM=0, SM=0, RS=0, SS=0, parents=0, children=364
Async_Iters: 0
T_iter: 0.076676 0.064706 0.060834 0.061270 0.061147 
T_stage 0: 0.012539 0.012550 0.012553 0.012555 0.012541 
T_stage 1: 0.064102 0.052112 0.048228 0.048699 0.048542 
Config: granularity=100000, SDR=1000, ADR=0, Rigid=1, Capture_Method=0
Stage 0: PT=0, T_stage=0.012350, bytes=0, T_capped=0
Stage 1: PT=6, T_stage=0.000000, bytes=33176880, T_capped=0
Group 0: Iters=5, Procs=52, Factors=1.000000, Dist=2, RM=0, SM=0, RS=0, SS=0, parents=0, children=364
Async_Iters: 0
T_iter: 0.084428 0.068555 0.068367 0.068900 0.069149 
T_stage 0: 0.012532 0.012528 0.012627 0.012559 0.012578 
T_stage 1: 0.071858 0.055985 0.055725 0.056323 0.056467 
Config: granularity=100000, SDR=1000, ADR=0, Rigid=1, Capture_Method=0
Stage 0: PT=0, T_stage=0.012350, bytes=0, T_capped=0
Stage 1: PT=6, T_stage=0.000000, bytes=33176880, T_capped=0
Group 0: Iters=5, Procs=52, Factors=1.000000, Dist=2, RM=0, SM=0, RS=0, SS=0, parents=0, children=364
Async_Iters: 0
T_iter: 0.075951 0.060786 0.060318 0.060616 0.060480 
T_stage 0: 0.012544 0.012587 0.012618 0.012574 0.012558 
T_stage 1: 0.063359 0.048129 0.047621 0.047949 0.047864 
Config: granularity=100000, SDR=1000, ADR=0, Rigid=1, Capture_Method=0
Stage 0: PT=0, T_stage=0.012350, bytes=0, T_capped=0
Stage 1: PT=6, T_stage=0.000000, bytes=33176880, T_capped=0
Group 0: Iters=5, Procs=52, Factors=1.000000, Dist=2, RM=0, SM=0, RS=0, SS=0, parents=0, children=364
Async_Iters: 0
T_iter: 0.073751 0.056660 0.055667 0.057303 0.057161 
T_stage 0: 0.012529 0.012605 0.012550 0.012606 0.012526 
T_stage 1: 0.061172 0.043951 0.043059 0.044612 0.044546 
Config: granularity=100000, SDR=1000, ADR=0, Rigid=1, Capture_Method=0
Stage 0: PT=0, T_stage=0.012350, bytes=0, T_capped=0
Stage 1: PT=6, T_stage=0.000000, bytes=33176880, T_capped=0
Group 0: Iters=5, Procs=52, Factors=1.000000, Dist=2, RM=0, SM=0, RS=0, SS=0, parents=0, children=364
Async_Iters: 0
T_iter: 0.081190 0.057812 0.057210 0.057567 0.057101 
T_stage 0: 0.012544 0.012539 0.012616 0.012566 0.012585 
T_stage 1: 0.068596 0.045207 0.044564 0.044989 0.044418 
Config: granularity=100000, SDR=1000, ADR=0, Rigid=1, Capture_Method=0
Stage 0: PT=0, T_stage=0.012350, bytes=0, T_capped=0
Stage 1: PT=6, T_stage=0.000000, bytes=33176880, T_capped=0
Group 0: Iters=5, Procs=52, Factors=1.000000, Dist=2, RM=0, SM=0, RS=0, SS=0, parents=0, children=364
Async_Iters: 0
T_iter: 0.086866 0.061486 0.061821 0.062740 0.061730 
T_stage 0: 0.012547 0.012592 0.012541 0.012523 0.012596 
T_stage 1: 0.074296 0.048882 0.049240 0.050056 0.049082 
