Config: granularity=100000, SDR=1000, ADR=0, Rigid=1, Capture_Method=0
Stage 0: PT=0, T_stage=0.012350, bytes=0, T_capped=0
Stage 1: PT=6, T_stage=0.000000, bytes=33176880, T_capped=0
Group 1: Iters=10, Procs=364, Factors=1.000000, Dist=2, RM=0, SM=0, RS=0, SS=5, parents=52, children=0
Async_Iters: 0
T_iter: 0.099515 0.084141 0.081258 0.083933 0.084625 0.083475 0.082178 0.083411 0.082760 0.083864 
T_stage 0: 0.013765 0.015248 0.013361 0.013344 0.015651 0.014518 0.013347 0.013886 0.013401 0.013404 
T_stage 1: 0.085566 0.070422 0.067621 0.070445 0.070986 0.069616 0.068629 0.069805 0.069308 0.070377 
Config: granularity=100000, SDR=1000, ADR=0, Rigid=1, Capture_Method=0
Stage 0: PT=0, T_stage=0.012350, bytes=0, T_capped=0
Stage 1: PT=6, T_stage=0.000000, bytes=33176880, T_capped=0
Group 1: Iters=10, Procs=364, Factors=1.000000, Dist=2, RM=0, SM=0, RS=0, SS=5, parents=52, children=0
Async_Iters: 0
T_iter: 0.105161 0.085002 0.084346 0.085342 0.084422 0.084502 0.084038 0.083798 0.083809 0.085057 
T_stage 0: 0.015823 0.015607 0.013364 0.014910 0.014357 0.015462 0.013496 0.013380 0.013483 0.014214 
T_stage 1: 0.091355 0.071096 0.070809 0.071823 0.070964 0.070866 0.070433 0.070245 0.070227 0.071163 
Config: granularity=100000, SDR=1000, ADR=0, Rigid=1, Capture_Method=0
Stage 0: PT=0, T_stage=0.012350, bytes=0, T_capped=0
Stage 1: PT=6, T_stage=0.000000, bytes=33176880, T_capped=0
Group 1: Iters=10, Procs=364, Factors=1.000000, Dist=2, RM=0, SM=0, RS=0, SS=5, parents=52, children=0
Async_Iters: 0
T_iter: 0.105916 0.081890 0.083688 0.083180 0.091757 0.090247 0.087968 0.083033 0.088330 0.082915 
T_stage 0: 0.017839 0.013453 0.015655 0.015627 0.021680 0.023342 0.016361 0.014002 0.018871 0.014278 
T_stage 1: 0.088593 0.068041 0.069896 0.068537 0.072196 0.074962 0.074497 0.069266 0.074880 0.069173 
Config: granularity=100000, SDR=1000, ADR=0, Rigid=1, Capture_Method=0
Stage 0: PT=0, T_stage=0.012350, bytes=0, T_capped=0
Stage 1: PT=6, T_stage=0.000000, bytes=33176880, T_capped=0
Group 1: Iters=10, Procs=364, Factors=1.000000, Dist=2, RM=0, SM=0, RS=0, SS=5, parents=52, children=0
Async_Iters: 0
T_iter: 0.099232 0.081500 0.081678 0.083628 0.088453 0.081308 0.082695 0.083298 0.083883 0.081275 
T_stage 0: 0.015274 0.015226 0.013694 0.015578 0.020324 0.014603 0.014549 0.016098 0.017825 0.014262 
T_stage 1: 0.083717 0.067069 0.067995 0.070020 0.071591 0.067666 0.068920 0.067935 0.067121 0.067801 
Config: granularity=100000, SDR=1000, ADR=0, Rigid=1, Capture_Method=0
Stage 0: PT=0, T_stage=0.012350, bytes=0, T_capped=0
Stage 1: PT=6, T_stage=0.000000, bytes=33176880, T_capped=0
Group 1: Iters=10, Procs=364, Factors=1.000000, Dist=2, RM=0, SM=0, RS=0, SS=5, parents=52, children=0
Async_Iters: 0
T_iter: 0.100716 0.082455 0.083084 0.081484 0.081833 0.081506 0.078811 0.081310 0.081836 0.080637 
T_stage 0: 0.015700 0.015201 0.015411 0.014571 0.013320 0.014609 0.014272 0.013595 0.014020 0.014238 
T_stage 1: 0.085197 0.068860 0.069510 0.068038 0.068369 0.068057 0.065328 0.067556 0.068163 0.067140 
Config: granularity=100000, SDR=1000, ADR=0, Rigid=1, Capture_Method=0
Stage 0: PT=0, T_stage=0.012350, bytes=0, T_capped=0
Stage 1: PT=6, T_stage=0.000000, bytes=33176880, T_capped=0
Group 1: Iters=10, Procs=364, Factors=1.000000, Dist=2, RM=0, SM=0, RS=0, SS=5, parents=52, children=0
Async_Iters: 0
T_iter: 0.099628 0.078652 0.079082 0.086036 0.079302 0.084483 0.078895 0.077345 0.078120 0.096603 
T_stage 0: 0.015671 0.013644 0.015766 0.014752 0.015032 0.014126 0.015334 0.013608 0.014580 0.019344 
T_stage 1: 0.082901 0.064381 0.065167 0.072358 0.065037 0.070673 0.063860 0.063864 0.064788 0.078165 
Config: granularity=100000, SDR=1000, ADR=0, Rigid=1, Capture_Method=0
Stage 0: PT=0, T_stage=0.012350, bytes=0, T_capped=0
Stage 1: PT=6, T_stage=0.000000, bytes=33176880, T_capped=0
Group 1: Iters=10, Procs=364, Factors=1.000000, Dist=2, RM=0, SM=0, RS=0, SS=5, parents=52, children=0
Async_Iters: 0
T_iter: 0.116492 0.082643 0.083724 0.080715 0.082189 0.081609 0.081629 0.080904 0.090392 0.081121 
T_stage 0: 0.031792 0.014813 0.016778 0.015248 0.013669 0.014867 0.013824 0.014086 0.022822 0.014010 
T_stage 1: 0.087331 0.068817 0.070019 0.067230 0.068275 0.068159 0.067928 0.067422 0.076861 0.067315 
Config: granularity=100000, SDR=1000, ADR=0, Rigid=1, Capture_Method=0
Stage 0: PT=0, T_stage=0.012350, bytes=0, T_capped=0
Stage 1: PT=6, T_stage=0.000000, bytes=33176880, T_capped=0
Group 1: Iters=10, Procs=364, Factors=1.000000, Dist=2, RM=0, SM=0, RS=0, SS=5, parents=52, children=0
Async_Iters: 0
T_iter: 0.112924 0.086124 0.090955 0.096040 0.089324 0.090092 0.084747 0.088966 0.091510 0.091130 
T_stage 0: 0.019652 0.015972 0.015974 0.016629 0.014174 0.025371 0.014968 0.014362 0.013680 0.013369 
T_stage 1: 0.096353 0.072489 0.077359 0.079243 0.075779 0.073076 0.071224 0.074990 0.077995 0.077603 
Config: granularity=100000, SDR=1000, ADR=0, Rigid=1, Capture_Method=0
Stage 0: PT=0, T_stage=0.012350, bytes=0, T_capped=0
Stage 1: PT=6, T_stage=0.000000, bytes=33176880, T_capped=0
Group 1: Iters=10, Procs=364, Factors=1.000000, Dist=2, RM=0, SM=0, RS=0, SS=5, parents=52, children=0
Async_Iters: 0
T_iter: 0.097388 0.080448 0.080993 0.082035 0.080801 0.080880 0.081028 0.080591 0.080467 0.081510 
T_stage 0: 0.013731 0.013592 0.013827 0.015101 0.013234 0.014397 0.013770 0.013640 0.014478 0.014724 
T_stage 1: 0.083406 0.066655 0.067588 0.068555 0.067099 0.067458 0.067596 0.067149 0.067081 0.067254 
Config: granularity=100000, SDR=1000, ADR=0, Rigid=1, Capture_Method=0
Stage 0: PT=0, T_stage=0.012350, bytes=0, T_capped=0
Stage 1: PT=6, T_stage=0.000000, bytes=33176880, T_capped=0
Group 1: Iters=10, Procs=364, Factors=1.000000, Dist=2, RM=0, SM=0, RS=0, SS=5, parents=52, children=0
Async_Iters: 0
T_iter: 0.104210 0.080626 0.082501 0.082669 0.082638 0.083459 0.081754 0.082527 0.082759 0.082269 
T_stage 0: 0.013789 0.013564 0.014330 0.014361 0.013976 0.015007 0.013820 0.015128 0.013715 0.013800 
T_stage 1: 0.089974 0.066419 0.068808 0.068995 0.068873 0.070012 0.068248 0.069073 0.069298 0.068835 
Config: granularity=100000, SDR=1000, ADR=0, Rigid=1, Capture_Method=0
Stage 0: PT=0, T_stage=0.012350, bytes=0, T_capped=0
Stage 1: PT=6, T_stage=0.000000, bytes=33176880, T_capped=0
Group 1: Iters=10, Procs=364, Factors=1.000000, Dist=2, RM=0, SM=0, RS=0, SS=5, parents=52, children=0
Async_Iters: 0
T_iter: 0.100811 0.092942 0.098361 0.102984 0.118968 0.159862 0.159869 0.187945 0.188062 0.191859 
T_stage 0: 0.015551 0.015489 0.014774 0.037260 0.013963 0.031857 0.031916 0.031884 0.041594 0.031899 
T_stage 1: 0.085190 0.079256 0.084518 0.065963 0.097426 0.114823 0.114820 0.142938 0.123217 0.146637 
Config: granularity=100000, SDR=1000, ADR=0, Rigid=1, Capture_Method=0
Stage 0: PT=0, T_stage=0.012350, bytes=0, T_capped=0
Stage 1: PT=6, T_stage=0.000000, bytes=33176880, T_capped=0
Group 1: Iters=10, Procs=364, Factors=1.000000, Dist=2, RM=0, SM=0, RS=0, SS=5, parents=52, children=0
Async_Iters: 0
T_iter: 0.096158 0.081770 0.081089 0.081696 0.081785 0.081906 0.081219 0.083295 0.085371 0.081347 
T_stage 0: 0.013769 0.015356 0.014156 0.014254 0.014229 0.013826 0.014302 0.014956 0.015252 0.014159 
T_stage 1: 0.081890 0.068340 0.067610 0.068149 0.068322 0.068452 0.067803 0.069552 0.071179 0.067686 
Config: granularity=100000, SDR=1000, ADR=0, Rigid=1, Capture_Method=0
Stage 0: PT=0, T_stage=0.012350, bytes=0, T_capped=0
Stage 1: PT=6, T_stage=0.000000, bytes=33176880, T_capped=0
Group 1: Iters=10, Procs=364, Factors=1.000000, Dist=2, RM=0, SM=0, RS=0, SS=5, parents=52, children=0
Async_Iters: 0
T_iter: 0.098821 0.080529 0.080541 0.081049 0.082576 0.081490 0.080792 0.080940 0.080821 0.081013 
T_stage 0: 0.015523 0.013577 0.014239 0.013999 0.015557 0.013830 0.014690 0.014329 0.014030 0.013634 
T_stage 1: 0.083129 0.066806 0.066950 0.067164 0.068895 0.068058 0.067441 0.066926 0.066937 0.067149 
Config: granularity=100000, SDR=1000, ADR=0, Rigid=1, Capture_Method=0
Stage 0: PT=0, T_stage=0.012350, bytes=0, T_capped=0
Stage 1: PT=6, T_stage=0.000000, bytes=33176880, T_capped=0
Group 1: Iters=10, Procs=364, Factors=1.000000, Dist=2, RM=0, SM=0, RS=0, SS=5, parents=52, children=0
Async_Iters: 0
T_iter: 0.099105 0.088161 0.082999 0.083773 0.085109 0.080875 0.083049 0.086108 0.126051 0.081307 
T_stage 0: 0.015218 0.017513 0.015513 0.013253 0.017141 0.013395 0.015607 0.018220 0.014201 0.013761 
T_stage 1: 0.083625 0.071431 0.068741 0.070341 0.067777 0.067380 0.068919 0.068027 0.112720 0.067874 
Config: granularity=100000, SDR=1000, ADR=0, Rigid=1, Capture_Method=0
Stage 0: PT=0, T_stage=0.012350, bytes=0, T_capped=0
Stage 1: PT=6, T_stage=0.000000, bytes=33176880, T_capped=0
Group 1: Iters=10, Procs=364, Factors=1.000000, Dist=2, RM=0, SM=0, RS=0, SS=5, parents=52, children=0
Async_Iters: 0
T_iter: 0.099446 0.083311 0.081779 0.080102 0.079413 0.082503 0.081341 0.081232 0.077772 0.077188 
T_stage 0: 0.013954 0.013906 0.013962 0.014325 0.014090 0.013692 0.014194 0.013838 0.014450 0.013617 
T_stage 1: 0.085467 0.068752 0.067990 0.066511 0.065896 0.068604 0.067957 0.067741 0.064325 0.063782 
Config: granularity=100000, SDR=1000, ADR=0, Rigid=1, Capture_Method=0
Stage 0: PT=0, T_stage=0.012350, bytes=0, T_capped=0
Stage 1: PT=6, T_stage=0.000000, bytes=33176880, T_capped=0
Group 1: Iters=10, Procs=364, Factors=1.000000, Dist=2, RM=0, SM=0, RS=0, SS=5, parents=52, children=0
Async_Iters: 0
T_iter: 0.108581 0.089186 0.091512 0.096667 0.087584 0.089097 0.089551 0.088071 0.088444 0.087496 
T_stage 0: 0.017189 0.015899 0.017823 0.021728 0.014720 0.014516 0.013663 0.013414 0.014352 0.013561 
T_stage 1: 0.091352 0.075175 0.077886 0.076948 0.074036 0.075624 0.075942 0.074583 0.074857 0.073846 
Config: granularity=100000, SDR=1000, ADR=0, Rigid=1, Capture_Method=0
Stage 0: PT=0, T_stage=0.012350, bytes=0, T_capped=0
Stage 1: PT=6, T_stage=0.000000, bytes=33176880, T_capped=0
Group 1: Iters=10, Procs=364, Factors=1.000000, Dist=2, RM=0, SM=0, RS=0, SS=5, parents=52, children=0
Async_Iters: 0
T_iter: 0.095104 0.087415 0.079570 0.084431 0.081315 0.078274 0.077615 0.082976 0.080583 0.080457 
T_stage 0: 0.013695 0.015728 0.014016 0.013427 0.015261 0.013811 0.014711 0.014018 0.013789 0.014057 
T_stage 1: 0.080899 0.074064 0.065076 0.070745 0.067822 0.064883 0.064309 0.068876 0.066648 0.066981 
Config: granularity=100000, SDR=1000, ADR=0, Rigid=1, Capture_Method=0
Stage 0: PT=0, T_stage=0.012350, bytes=0, T_capped=0
Stage 1: PT=6, T_stage=0.000000, bytes=33176880, T_capped=0
Group 1: Iters=10, Procs=364, Factors=1.000000, Dist=2, RM=0, SM=0, RS=0, SS=5, parents=52, children=0
Async_Iters: 0
T_iter: 0.099656 0.083143 0.084633 0.092318 0.082570 0.080129 0.087251 0.085935 0.084912 0.080709 
T_stage 0: 0.015536 0.015139 0.014291 0.015409 0.016288 0.014922 0.013857 0.016068 0.017137 0.014108 
T_stage 1: 0.083838 0.067209 0.070363 0.073832 0.067510 0.066283 0.073471 0.070809 0.067679 0.066475 
Config: granularity=100000, SDR=1000, ADR=0, Rigid=1, Capture_Method=0
Stage 0: PT=0, T_stage=0.012350, bytes=0, T_capped=0
Stage 1: PT=6, T_stage=0.000000, bytes=33176880, T_capped=0
Group 1: Iters=10, Procs=364, Factors=1.000000, Dist=2, RM=0, SM=0, RS=0, SS=5, parents=52, children=0
Async_Iters: 0
T_iter: 0.100975 0.080381 0.082224 0.083686 0.080323 0.086966 0.080102 0.080301 0.080202 0.080739 
T_stage 0: 0.016017 0.013433 0.013573 0.017250 0.014143 0.023414 0.013874 0.014926 0.014118 0.020070 
T_stage 1: 0.083735 0.065846 0.068674 0.066303 0.066773 0.073519 0.065991 0.066838 0.066799 0.066988 
Config: granularity=100000, SDR=1000, ADR=0, Rigid=1, Capture_Method=0
Stage 0: PT=0, T_stage=0.012350, bytes=0, T_capped=0
Stage 1: PT=6, T_stage=0.000000, bytes=33176880, T_capped=0
Group 1: Iters=10, Procs=364, Factors=1.000000, Dist=2, RM=0, SM=0, RS=0, SS=5, parents=52, children=0
Async_Iters: 0
T_iter: 0.100698 0.086621 0.081972 0.083545 0.090427 0.083675 0.088204 0.088686 0.087187 0.082655 
T_stage 0: 0.013938 0.014540 0.013438 0.014408 0.017975 0.013492 0.013995 0.023234 0.013836 0.013356 
T_stage 1: 0.086355 0.073083 0.067870 0.069226 0.073387 0.070307 0.074763 0.075234 0.073743 0.069132 
