Config: granularity=100000, SDR=1000, ADR=0, Rigid=1, Capture_Method=0
Stage 0: PT=0, T_stage=0.012350, bytes=0, T_capped=0
Stage 1: PT=6, T_stage=0.000000, bytes=33176880, T_capped=0
Group 1: Iters=10, Procs=364, Factors=1.000000, Dist=2, RM=0, SM=0, RS=0, SS=5, parents=416, children=0
Async_Iters: 0
T_iter: 0.196071 0.268800 0.127297 0.079414 0.080442 0.079596 0.079584 0.078194 0.075820 0.077414 
T_stage 0: 0.056555 0.047341 0.031982 0.013826 0.015462 0.013366 0.014641 0.013220 0.013283 0.013841 
T_stage 1: 0.154835 0.212400 0.097278 0.066003 0.066499 0.065228 0.066129 0.064771 0.062390 0.063141 
Config: granularity=100000, SDR=1000, ADR=0, Rigid=1, Capture_Method=0
Stage 0: PT=0, T_stage=0.012350, bytes=0, T_capped=0
Stage 1: PT=6, T_stage=0.000000, bytes=33176880, T_capped=0
Group 1: Iters=10, Procs=364, Factors=1.000000, Dist=2, RM=0, SM=0, RS=0, SS=5, parents=416, children=0
Async_Iters: 0
T_iter: 0.104575 0.074235 0.085010 0.099826 0.071659 0.074319 0.072520 0.072454 0.073523 0.072865 
T_stage 0: 0.021165 0.013697 0.013712 0.024084 0.013324 0.013344 0.013792 0.013767 0.013861 0.014781 
T_stage 1: 0.082119 0.059935 0.066564 0.079792 0.058206 0.060785 0.058954 0.059087 0.058459 0.059346 
Config: granularity=100000, SDR=1000, ADR=0, Rigid=1, Capture_Method=0
Stage 0: PT=0, T_stage=0.012350, bytes=0, T_capped=0
Stage 1: PT=6, T_stage=0.000000, bytes=33176880, T_capped=0
Group 1: Iters=10, Procs=364, Factors=1.000000, Dist=2, RM=0, SM=0, RS=0, SS=5, parents=416, children=0
Async_Iters: 0
T_iter: 0.180031 0.155936 0.095602 0.087547 0.083323 0.083789 0.083573 0.078454 0.088132 0.080392 
T_stage 0: 0.032053 0.032001 0.031801 0.013795 0.015462 0.014000 0.019398 0.013843 0.018108 0.015031 
T_stage 1: 0.134718 0.128553 0.064368 0.072408 0.069675 0.070449 0.064292 0.064339 0.069750 0.064000 
Config: granularity=100000, SDR=1000, ADR=0, Rigid=1, Capture_Method=0
Stage 0: PT=0, T_stage=0.012350, bytes=0, T_capped=0
Stage 1: PT=6, T_stage=0.000000, bytes=33176880, T_capped=0
Group 1: Iters=10, Procs=364, Factors=1.000000, Dist=2, RM=0, SM=0, RS=0, SS=5, parents=416, children=0
Async_Iters: 0
T_iter: 0.141682 0.082631 0.089533 0.122745 0.081159 0.080238 0.080130 0.082798 0.080883 0.080370 
T_stage 0: 0.033343 0.013972 0.018921 0.017918 0.015304 0.013369 0.013280 0.015138 0.014268 0.013320 
T_stage 1: 0.115954 0.068512 0.070470 0.109268 0.067747 0.066174 0.066676 0.068846 0.067412 0.066802 
Config: granularity=100000, SDR=1000, ADR=0, Rigid=1, Capture_Method=0
Stage 0: PT=0, T_stage=0.012350, bytes=0, T_capped=0
Stage 1: PT=6, T_stage=0.000000, bytes=33176880, T_capped=0
Group 1: Iters=10, Procs=364, Factors=1.000000, Dist=2, RM=0, SM=0, RS=0, SS=5, parents=416, children=0
Async_Iters: 0
T_iter: 0.223491 0.124897 0.081757 0.082068 0.086208 0.083296 0.081639 0.080904 0.080968 0.082479 
T_stage 0: 0.032884 0.031869 0.014055 0.015169 0.015272 0.015992 0.014090 0.013792 0.013796 0.015343 
T_stage 1: 0.179860 0.092667 0.067597 0.068091 0.070620 0.067163 0.068006 0.067314 0.067303 0.068632 
Config: granularity=100000, SDR=1000, ADR=0, Rigid=1, Capture_Method=0
Stage 0: PT=0, T_stage=0.012350, bytes=0, T_capped=0
Stage 1: PT=6, T_stage=0.000000, bytes=33176880, T_capped=0
Group 1: Iters=10, Procs=364, Factors=1.000000, Dist=2, RM=0, SM=0, RS=0, SS=5, parents=416, children=0
Async_Iters: 0
T_iter: 0.153949 0.082713 0.086057 0.081643 0.080524 0.081036 0.078182 0.079489 0.080922 0.081126 
T_stage 0: 0.031481 0.014043 0.019043 0.015134 0.013832 0.015203 0.013218 0.013809 0.015705 0.013491 
T_stage 1: 0.125340 0.067600 0.066954 0.067906 0.066470 0.066874 0.064726 0.065795 0.067469 0.067451 
Config: granularity=100000, SDR=1000, ADR=0, Rigid=1, Capture_Method=0
Stage 0: PT=0, T_stage=0.012350, bytes=0, T_capped=0
Stage 1: PT=6, T_stage=0.000000, bytes=33176880, T_capped=0
Group 1: Iters=10, Procs=364, Factors=1.000000, Dist=2, RM=0, SM=0, RS=0, SS=5, parents=416, children=0
Async_Iters: 0
T_iter: 0.138890 0.166261 0.109986 0.107733 0.106913 0.108282 0.108829 0.108806 0.108346 0.107763 
T_stage 0: 0.022876 0.036932 0.015599 0.013327 0.014616 0.014867 0.014042 0.015151 0.014210 0.014844 
T_stage 1: 0.115483 0.129275 0.095265 0.094239 0.093238 0.094916 0.094710 0.095277 0.094919 0.094265 
Config: granularity=100000, SDR=1000, ADR=0, Rigid=1, Capture_Method=0
Stage 0: PT=0, T_stage=0.012350, bytes=0, T_capped=0
Stage 1: PT=6, T_stage=0.000000, bytes=33176880, T_capped=0
Group 1: Iters=10, Procs=364, Factors=1.000000, Dist=2, RM=0, SM=0, RS=0, SS=5, parents=416, children=0
Async_Iters: 0
T_iter: 0.101816 0.081206 0.090049 0.085980 0.082169 0.082040 0.080341 0.097157 0.118188 0.131974 
T_stage 0: 0.017214 0.014056 0.020900 0.020450 0.016115 0.015630 0.013894 0.019399 0.014078 0.030963 
T_stage 1: 0.084467 0.066987 0.070812 0.067964 0.068543 0.068262 0.066597 0.082775 0.087196 0.103420 
Config: granularity=100000, SDR=1000, ADR=0, Rigid=1, Capture_Method=0
Stage 0: PT=0, T_stage=0.012350, bytes=0, T_capped=0
Stage 1: PT=6, T_stage=0.000000, bytes=33176880, T_capped=0
Group 1: Iters=10, Procs=364, Factors=1.000000, Dist=2, RM=0, SM=0, RS=0, SS=5, parents=416, children=0
Async_Iters: 0
T_iter: 0.127406 0.086842 0.094245 0.087497 0.084296 0.101166 0.085275 0.085143 0.083379 0.082999 
T_stage 0: 0.032012 0.016775 0.015818 0.015644 0.013527 0.031397 0.014963 0.015768 0.014007 0.013606 
T_stage 1: 0.098354 0.072413 0.079709 0.073095 0.069523 0.069359 0.071135 0.071491 0.069151 0.069173 
Config: granularity=100000, SDR=1000, ADR=0, Rigid=1, Capture_Method=0
Stage 0: PT=0, T_stage=0.012350, bytes=0, T_capped=0
Stage 1: PT=6, T_stage=0.000000, bytes=33176880, T_capped=0
Group 1: Iters=10, Procs=364, Factors=1.000000, Dist=2, RM=0, SM=0, RS=0, SS=5, parents=416, children=0
Async_Iters: 0
T_iter: 0.263288 0.220629 0.099225 0.082609 0.081429 0.092008 0.081475 0.081376 0.082030 0.081374 
T_stage 0: 0.051282 0.042412 0.032247 0.014636 0.013843 0.013735 0.013827 0.014404 0.015172 0.013909 
T_stage 1: 0.196236 0.158154 0.067498 0.067816 0.067435 0.078077 0.067558 0.067367 0.068135 0.067417 
Config: granularity=100000, SDR=1000, ADR=0, Rigid=1, Capture_Method=0
Stage 0: PT=0, T_stage=0.012350, bytes=0, T_capped=0
Stage 1: PT=6, T_stage=0.000000, bytes=33176880, T_capped=0
Group 1: Iters=10, Procs=364, Factors=1.000000, Dist=2, RM=0, SM=0, RS=0, SS=5, parents=416, children=0
Async_Iters: 0
T_iter: 0.223449 0.203078 0.126299 0.082576 0.081449 0.085021 0.085661 0.086528 0.097074 0.089030 
T_stage 0: 0.032036 0.030839 0.032841 0.013870 0.014541 0.013965 0.016572 0.016654 0.019247 0.019604 
T_stage 1: 0.178215 0.158369 0.097033 0.068623 0.067970 0.069985 0.068959 0.069776 0.076696 0.069464 
Config: granularity=100000, SDR=1000, ADR=0, Rigid=1, Capture_Method=0
Stage 0: PT=0, T_stage=0.012350, bytes=0, T_capped=0
Stage 1: PT=6, T_stage=0.000000, bytes=33176880, T_capped=0
Group 1: Iters=10, Procs=364, Factors=1.000000, Dist=2, RM=0, SM=0, RS=0, SS=5, parents=416, children=0
Async_Iters: 0
T_iter: 0.123037 0.155332 0.114850 0.107899 0.114558 0.107671 0.106714 0.106768 0.107131 0.106137 
T_stage 0: 0.014633 0.013889 0.021489 0.015830 0.015667 0.015105 0.014040 0.013876 0.015714 0.013416 
T_stage 1: 0.107960 0.125438 0.092701 0.093670 0.099145 0.092568 0.093266 0.093266 0.093396 0.092647 
Config: granularity=100000, SDR=1000, ADR=0, Rigid=1, Capture_Method=0
Stage 0: PT=0, T_stage=0.012350, bytes=0, T_capped=0
Stage 1: PT=6, T_stage=0.000000, bytes=33176880, T_capped=0
Group 1: Iters=10, Procs=364, Factors=1.000000, Dist=2, RM=0, SM=0, RS=0, SS=5, parents=416, children=0
Async_Iters: 0
T_iter: 0.105427 0.081706 0.091509 0.151956 0.110270 0.081723 0.083139 0.079529 0.079482 0.079128 
T_stage 0: 0.021291 0.014113 0.014619 0.024198 0.039883 0.015312 0.015528 0.014589 0.013429 0.013765 
T_stage 1: 0.085295 0.068102 0.076858 0.115627 0.077628 0.068327 0.069344 0.066122 0.066043 0.065719 
Config: granularity=100000, SDR=1000, ADR=0, Rigid=1, Capture_Method=0
Stage 0: PT=0, T_stage=0.012350, bytes=0, T_capped=0
Stage 1: PT=6, T_stage=0.000000, bytes=33176880, T_capped=0
Group 1: Iters=10, Procs=364, Factors=1.000000, Dist=2, RM=0, SM=0, RS=0, SS=5, parents=416, children=0
Async_Iters: 0
T_iter: 0.257142 0.179917 0.120784 0.083790 0.082407 0.081686 0.082268 0.083420 0.082799 0.083117 
T_stage 0: 0.054187 0.037584 0.035530 0.014248 0.014737 0.013859 0.013252 0.014308 0.014592 0.013262 
T_stage 1: 0.206830 0.132114 0.085089 0.070004 0.068394 0.068117 0.068817 0.069697 0.069392 0.069692 
Config: granularity=100000, SDR=1000, ADR=0, Rigid=1, Capture_Method=0
Stage 0: PT=0, T_stage=0.012350, bytes=0, T_capped=0
Stage 1: PT=6, T_stage=0.000000, bytes=33176880, T_capped=0
Group 1: Iters=10, Procs=364, Factors=1.000000, Dist=2, RM=0, SM=0, RS=0, SS=5, parents=416, children=0
Async_Iters: 0
T_iter: 0.150956 0.087759 0.089739 0.083634 0.113866 0.099625 0.081495 0.081641 0.082054 0.087487 
T_stage 0: 0.040344 0.016271 0.017841 0.015861 0.018409 0.030865 0.013170 0.013931 0.013292 0.013727 
T_stage 1: 0.110361 0.071389 0.074249 0.068858 0.100244 0.068377 0.068037 0.067726 0.068050 0.073730 
Config: granularity=100000, SDR=1000, ADR=0, Rigid=1, Capture_Method=0
Stage 0: PT=0, T_stage=0.012350, bytes=0, T_capped=0
Stage 1: PT=6, T_stage=0.000000, bytes=33176880, T_capped=0
Group 1: Iters=10, Procs=364, Factors=1.000000, Dist=2, RM=0, SM=0, RS=0, SS=5, parents=416, children=0
Async_Iters: 0
T_iter: 0.129220 0.083009 0.107321 0.083274 0.081107 0.083602 0.081565 0.082745 0.082592 0.082550 
T_stage 0: 0.031969 0.013818 0.024142 0.013972 0.015312 0.015663 0.015651 0.015125 0.019758 0.015126 
T_stage 1: 0.098145 0.069029 0.082919 0.068946 0.067647 0.069866 0.067752 0.069178 0.069114 0.069144 
Config: granularity=100000, SDR=1000, ADR=0, Rigid=1, Capture_Method=0
Stage 0: PT=0, T_stage=0.012350, bytes=0, T_capped=0
Stage 1: PT=6, T_stage=0.000000, bytes=33176880, T_capped=0
Group 1: Iters=10, Procs=364, Factors=1.000000, Dist=2, RM=0, SM=0, RS=0, SS=5, parents=416, children=0
Async_Iters: 0
T_iter: 0.126752 0.090197 0.091138 0.085491 0.081306 0.080288 0.080390 0.084633 0.096013 0.080459 
T_stage 0: 0.051000 0.017875 0.020356 0.021610 0.015241 0.013824 0.014343 0.016803 0.031548 0.014028 
T_stage 1: 0.089279 0.072446 0.073138 0.067589 0.067688 0.066338 0.066699 0.071069 0.066211 0.066889 
Config: granularity=100000, SDR=1000, ADR=0, Rigid=1, Capture_Method=0
Stage 0: PT=0, T_stage=0.012350, bytes=0, T_capped=0
Stage 1: PT=6, T_stage=0.000000, bytes=33176880, T_capped=0
Group 1: Iters=10, Procs=364, Factors=1.000000, Dist=2, RM=0, SM=0, RS=0, SS=5, parents=416, children=0
Async_Iters: 0
T_iter: 0.133089 0.085233 0.092957 0.091858 0.087988 0.081455 0.088818 0.086227 0.086444 0.082771 
T_stage 0: 0.031871 0.015363 0.016260 0.025529 0.018972 0.013847 0.015306 0.014780 0.013895 0.013853 
T_stage 1: 0.103747 0.070661 0.077906 0.071655 0.068776 0.067060 0.075254 0.071691 0.072692 0.069201 
Config: granularity=100000, SDR=1000, ADR=0, Rigid=1, Capture_Method=0
Stage 0: PT=0, T_stage=0.012350, bytes=0, T_capped=0
Stage 1: PT=6, T_stage=0.000000, bytes=33176880, T_capped=0
Group 1: Iters=10, Procs=364, Factors=1.000000, Dist=2, RM=0, SM=0, RS=0, SS=5, parents=416, children=0
Async_Iters: 0
T_iter: 0.150136 0.119533 0.111713 0.115901 0.105941 0.105902 0.106101 0.104548 0.105539 0.104853 
T_stage 0: 0.031429 0.019985 0.020802 0.026988 0.014864 0.013779 0.015972 0.014336 0.013778 0.014325 
T_stage 1: 0.120517 0.101240 0.090881 0.091229 0.092660 0.091954 0.092115 0.090777 0.091968 0.091161 
Config: granularity=100000, SDR=1000, ADR=0, Rigid=1, Capture_Method=0
Stage 0: PT=0, T_stage=0.012350, bytes=0, T_capped=0
Stage 1: PT=6, T_stage=0.000000, bytes=33176880, T_capped=0
Group 1: Iters=10, Procs=364, Factors=1.000000, Dist=2, RM=0, SM=0, RS=0, SS=5, parents=416, children=0
Async_Iters: 0
T_iter: 0.095786 0.076807 0.075955 0.089239 0.076972 0.076353 0.075055 0.073697 0.073239 0.071624 
T_stage 0: 0.014009 0.014867 0.015446 0.017825 0.015635 0.014429 0.015665 0.013291 0.013278 0.013813 
T_stage 1: 0.081620 0.062091 0.061152 0.075105 0.063513 0.062282 0.061540 0.060171 0.059770 0.057837 
