Config: granularity=100000, SDR=1000, ADR=0, Rigid=1, Capture_Method=0
Stage 0: PT=0, T_stage=0.012350, bytes=0, T_capped=0
Stage 1: PT=6, T_stage=0.000000, bytes=33176880, T_capped=0
Group 1: Iters=10, Procs=416, Factors=1.000000, Dist=2, RM=0, SM=0, RS=0, SS=5, parents=20, children=0
Async_Iters: 0
T_iter: 0.100184 0.084242 0.084448 0.087899 0.085838 0.086623 0.083543 0.085973 0.083487 0.082853 
T_stage 0: 0.013368 0.013350 0.014417 0.018554 0.014979 0.015859 0.013440 0.016126 0.014362 0.013866 
T_stage 1: 0.086199 0.070195 0.070596 0.071390 0.071540 0.071077 0.069845 0.071530 0.069850 0.069169 
Config: granularity=100000, SDR=1000, ADR=0, Rigid=1, Capture_Method=0
Stage 0: PT=0, T_stage=0.012350, bytes=0, T_capped=0
Stage 1: PT=6, T_stage=0.000000, bytes=33176880, T_capped=0
Group 1: Iters=10, Procs=416, Factors=1.000000, Dist=2, RM=0, SM=0, RS=0, SS=5, parents=20, children=0
Async_Iters: 0
T_iter: 0.100547 0.087216 0.084356 0.083140 0.084976 0.084677 0.083744 0.085628 0.083312 0.084838 
T_stage 0: 0.017294 0.018315 0.014871 0.014030 0.013883 0.014776 0.014352 0.017330 0.013335 0.013606 
T_stage 1: 0.083070 0.070391 0.070880 0.069660 0.071498 0.071172 0.070037 0.072206 0.069912 0.071311 
Config: granularity=100000, SDR=1000, ADR=0, Rigid=1, Capture_Method=0
Stage 0: PT=0, T_stage=0.012350, bytes=0, T_capped=0
Stage 1: PT=6, T_stage=0.000000, bytes=33176880, T_capped=0
Group 1: Iters=10, Procs=416, Factors=1.000000, Dist=2, RM=0, SM=0, RS=0, SS=5, parents=20, children=0
Async_Iters: 0
T_iter: 0.105395 0.086186 0.093855 0.087013 0.085881 0.091095 0.086310 0.085867 0.086145 0.086454 
T_stage 0: 0.015491 0.013509 0.016006 0.015038 0.013589 0.019036 0.015383 0.013481 0.013834 0.014194 
T_stage 1: 0.091058 0.071931 0.078882 0.073266 0.072182 0.072500 0.072417 0.072193 0.072537 0.072807 
Config: granularity=100000, SDR=1000, ADR=0, Rigid=1, Capture_Method=0
Stage 0: PT=0, T_stage=0.012350, bytes=0, T_capped=0
Stage 1: PT=6, T_stage=0.000000, bytes=33176880, T_capped=0
Group 1: Iters=10, Procs=416, Factors=1.000000, Dist=2, RM=0, SM=0, RS=0, SS=5, parents=20, children=0
Async_Iters: 0
T_iter: 0.105535 0.091788 0.086027 0.087000 0.086980 0.086390 0.091270 0.089285 0.090723 0.086266 
T_stage 0: 0.015358 0.015452 0.014362 0.020745 0.014675 0.014129 0.018799 0.014659 0.019394 0.014093 
T_stage 1: 0.090338 0.077687 0.072130 0.073123 0.073033 0.071929 0.073049 0.072135 0.072318 0.072400 
Config: granularity=100000, SDR=1000, ADR=0, Rigid=1, Capture_Method=0
Stage 0: PT=0, T_stage=0.012350, bytes=0, T_capped=0
Stage 1: PT=6, T_stage=0.000000, bytes=33176880, T_capped=0
Group 1: Iters=10, Procs=416, Factors=1.000000, Dist=2, RM=0, SM=0, RS=0, SS=5, parents=20, children=0
Async_Iters: 0
T_iter: 0.117833 0.084511 0.085360 0.088172 0.084211 0.083660 0.086385 0.084368 0.083904 0.084436 
T_stage 0: 0.029966 0.013257 0.014827 0.017445 0.013896 0.013325 0.018375 0.013303 0.014205 0.013729 
T_stage 1: 0.088280 0.071130 0.071326 0.071211 0.070387 0.070216 0.072911 0.070619 0.069681 0.070988 
Config: granularity=100000, SDR=1000, ADR=0, Rigid=1, Capture_Method=0
Stage 0: PT=0, T_stage=0.012350, bytes=0, T_capped=0
Stage 1: PT=6, T_stage=0.000000, bytes=33176880, T_capped=0
Group 1: Iters=10, Procs=416, Factors=1.000000, Dist=2, RM=0, SM=0, RS=0, SS=5, parents=20, children=0
Async_Iters: 0
T_iter: 0.102230 0.087315 0.087021 0.094871 0.087487 0.087853 0.087645 0.087177 0.088111 0.088923 
T_stage 0: 0.013677 0.013592 0.013290 0.021969 0.013716 0.015011 0.014182 0.014396 0.014328 0.015161 
T_stage 1: 0.088418 0.073175 0.073579 0.074130 0.074016 0.073832 0.074224 0.073736 0.074690 0.075181 
Config: granularity=100000, SDR=1000, ADR=0, Rigid=1, Capture_Method=0
Stage 0: PT=0, T_stage=0.012350, bytes=0, T_capped=0
Stage 1: PT=6, T_stage=0.000000, bytes=33176880, T_capped=0
Group 1: Iters=10, Procs=416, Factors=1.000000, Dist=2, RM=0, SM=0, RS=0, SS=5, parents=20, children=0
Async_Iters: 0
T_iter: 0.102067 0.084614 0.085556 0.088179 0.084344 0.086317 0.086143 0.083230 0.085009 0.084695 
T_stage 0: 0.013867 0.014125 0.014591 0.016603 0.014828 0.014905 0.015018 0.013447 0.013782 0.013704 
T_stage 1: 0.087860 0.071232 0.071593 0.071019 0.070599 0.072909 0.072586 0.069717 0.071519 0.071213 
Config: granularity=100000, SDR=1000, ADR=0, Rigid=1, Capture_Method=0
Stage 0: PT=0, T_stage=0.012350, bytes=0, T_capped=0
Stage 1: PT=6, T_stage=0.000000, bytes=33176880, T_capped=0
Group 1: Iters=10, Procs=416, Factors=1.000000, Dist=2, RM=0, SM=0, RS=0, SS=5, parents=20, children=0
Async_Iters: 0
T_iter: 0.096903 0.088796 0.083127 0.085490 0.081171 0.082253 0.081908 0.083224 0.080955 0.081963 
T_stage 0: 0.015927 0.016123 0.014603 0.014652 0.014492 0.013832 0.014591 0.014406 0.013894 0.014948 
T_stage 1: 0.083005 0.072240 0.069318 0.071532 0.067761 0.068375 0.068376 0.069767 0.067441 0.068054 
Config: granularity=100000, SDR=1000, ADR=0, Rigid=1, Capture_Method=0
Stage 0: PT=0, T_stage=0.012350, bytes=0, T_capped=0
Stage 1: PT=6, T_stage=0.000000, bytes=33176880, T_capped=0
Group 1: Iters=10, Procs=416, Factors=1.000000, Dist=2, RM=0, SM=0, RS=0, SS=5, parents=20, children=0
Async_Iters: 0
T_iter: 0.138261 0.110743 0.110535 0.111368 0.109121 0.110843 0.110039 0.109682 0.109979 0.109804 
T_stage 0: 0.025325 0.013339 0.013779 0.014071 0.014543 0.014763 0.013271 0.014324 0.013573 0.013375 
T_stage 1: 0.112732 0.097160 0.096382 0.097333 0.095669 0.097431 0.096550 0.096331 0.096256 0.096416 
Config: granularity=100000, SDR=1000, ADR=0, Rigid=1, Capture_Method=0
Stage 0: PT=0, T_stage=0.012350, bytes=0, T_capped=0
Stage 1: PT=6, T_stage=0.000000, bytes=33176880, T_capped=0
Group 1: Iters=10, Procs=416, Factors=1.000000, Dist=2, RM=0, SM=0, RS=0, SS=5, parents=20, children=0
Async_Iters: 0
T_iter: 0.101645 0.084259 0.083347 0.083104 0.084985 0.082782 0.083667 0.083441 0.083054 0.083428 
T_stage 0: 0.015064 0.013621 0.013547 0.013453 0.014868 0.014160 0.013871 0.013287 0.013298 0.013407 
T_stage 1: 0.087659 0.070290 0.069699 0.069358 0.071644 0.069318 0.069854 0.069943 0.069565 0.069947 
Config: granularity=100000, SDR=1000, ADR=0, Rigid=1, Capture_Method=0
Stage 0: PT=0, T_stage=0.012350, bytes=0, T_capped=0
Stage 1: PT=6, T_stage=0.000000, bytes=33176880, T_capped=0
Group 1: Iters=10, Procs=416, Factors=1.000000, Dist=2, RM=0, SM=0, RS=0, SS=5, parents=20, children=0
Async_Iters: 0
T_iter: 0.116102 0.093960 0.093402 0.092995 0.091687 0.092978 0.091894 0.092328 0.092772 0.091452 
T_stage 0: 0.021187 0.015020 0.013935 0.014749 0.013392 0.014833 0.015040 0.013725 0.014903 0.013280 
T_stage 1: 0.094740 0.079830 0.079279 0.079450 0.077790 0.079468 0.078300 0.078679 0.078974 0.077944 
Config: granularity=100000, SDR=1000, ADR=0, Rigid=1, Capture_Method=0
Stage 0: PT=0, T_stage=0.012350, bytes=0, T_capped=0
Stage 1: PT=6, T_stage=0.000000, bytes=33176880, T_capped=0
Group 1: Iters=10, Procs=416, Factors=1.000000, Dist=2, RM=0, SM=0, RS=0, SS=5, parents=20, children=0
Async_Iters: 0
T_iter: 0.113517 0.086357 0.088290 0.087735 0.090003 0.083549 0.085493 0.091476 0.118424 0.080455 
T_stage 0: 0.019671 0.015271 0.014450 0.014813 0.015668 0.015337 0.015356 0.015172 0.014913 0.014271 
T_stage 1: 0.093222 0.072238 0.074811 0.071448 0.075689 0.069616 0.070279 0.074118 0.103615 0.067075 
Config: granularity=100000, SDR=1000, ADR=0, Rigid=1, Capture_Method=0
Stage 0: PT=0, T_stage=0.012350, bytes=0, T_capped=0
Stage 1: PT=6, T_stage=0.000000, bytes=33176880, T_capped=0
Group 1: Iters=10, Procs=416, Factors=1.000000, Dist=2, RM=0, SM=0, RS=0, SS=5, parents=20, children=0
Async_Iters: 0
T_iter: 0.104190 0.086016 0.085611 0.085882 0.085530 0.085550 0.084509 0.085026 0.084879 0.085906 
T_stage 0: 0.014297 0.015052 0.014187 0.013758 0.013777 0.014377 0.014367 0.014126 0.013737 0.014062 
T_stage 1: 0.088334 0.072288 0.070730 0.071888 0.072061 0.072086 0.071084 0.071500 0.071313 0.072433 
Config: granularity=100000, SDR=1000, ADR=0, Rigid=1, Capture_Method=0
Stage 0: PT=0, T_stage=0.012350, bytes=0, T_capped=0
Stage 1: PT=6, T_stage=0.000000, bytes=33176880, T_capped=0
Group 1: Iters=10, Procs=416, Factors=1.000000, Dist=2, RM=0, SM=0, RS=0, SS=5, parents=20, children=0
Async_Iters: 0
T_iter: 0.101879 0.085045 0.084147 0.085001 0.081541 0.084685 0.084354 0.086678 0.084671 0.084356 
T_stage 0: 0.013273 0.014057 0.014391 0.014379 0.014485 0.014536 0.013291 0.015046 0.014380 0.013947 
T_stage 1: 0.087379 0.071024 0.070698 0.070670 0.068121 0.070717 0.070854 0.072279 0.070594 0.070846 
Config: granularity=100000, SDR=1000, ADR=0, Rigid=1, Capture_Method=0
Stage 0: PT=0, T_stage=0.012350, bytes=0, T_capped=0
Stage 1: PT=6, T_stage=0.000000, bytes=33176880, T_capped=0
Group 1: Iters=10, Procs=416, Factors=1.000000, Dist=2, RM=0, SM=0, RS=0, SS=5, parents=20, children=0
Async_Iters: 0
T_iter: 0.105194 0.088346 0.086913 0.088929 0.086141 0.087130 0.085196 0.085582 0.086035 0.085777 
T_stage 0: 0.014914 0.014965 0.014580 0.018537 0.014417 0.015028 0.013199 0.014236 0.013237 0.013977 
T_stage 1: 0.091450 0.074189 0.072037 0.071478 0.072672 0.073133 0.071807 0.072125 0.072329 0.072145 
Config: granularity=100000, SDR=1000, ADR=0, Rigid=1, Capture_Method=0
Stage 0: PT=0, T_stage=0.012350, bytes=0, T_capped=0
Stage 1: PT=6, T_stage=0.000000, bytes=33176880, T_capped=0
Group 1: Iters=10, Procs=416, Factors=1.000000, Dist=2, RM=0, SM=0, RS=0, SS=5, parents=20, children=0
Async_Iters: 0
T_iter: 0.113650 0.084533 0.086775 0.085450 0.085610 0.086581 0.088547 0.084618 0.086004 0.084852 
T_stage 0: 0.025214 0.013987 0.014665 0.014330 0.013317 0.014931 0.016624 0.014115 0.014033 0.013391 
T_stage 1: 0.087965 0.070838 0.073258 0.071776 0.071914 0.073136 0.071915 0.071272 0.072490 0.071424 
Config: granularity=100000, SDR=1000, ADR=0, Rigid=1, Capture_Method=0
Stage 0: PT=0, T_stage=0.012350, bytes=0, T_capped=0
Stage 1: PT=6, T_stage=0.000000, bytes=33176880, T_capped=0
Group 1: Iters=10, Procs=416, Factors=1.000000, Dist=2, RM=0, SM=0, RS=0, SS=5, parents=20, children=0
Async_Iters: 0
T_iter: 0.117590 0.093057 0.093526 0.092170 0.093408 0.095669 0.094476 0.092032 0.098529 0.092579 
T_stage 0: 0.019834 0.014641 0.014918 0.014067 0.013978 0.014609 0.014278 0.014328 0.021852 0.013716 
T_stage 1: 0.096385 0.078684 0.079527 0.078520 0.079201 0.081956 0.079121 0.077673 0.084805 0.078888 
Config: granularity=100000, SDR=1000, ADR=0, Rigid=1, Capture_Method=0
Stage 0: PT=0, T_stage=0.012350, bytes=0, T_capped=0
Stage 1: PT=6, T_stage=0.000000, bytes=33176880, T_capped=0
Group 1: Iters=10, Procs=416, Factors=1.000000, Dist=2, RM=0, SM=0, RS=0, SS=5, parents=20, children=0
Async_Iters: 0
T_iter: 0.117554 0.085913 0.087769 0.086713 0.087078 0.085622 0.085748 0.086810 0.087537 0.086134 
T_stage 0: 0.028320 0.013356 0.014609 0.014048 0.015022 0.014052 0.013758 0.014746 0.014583 0.013593 
T_stage 1: 0.089131 0.072444 0.074178 0.072516 0.073567 0.072191 0.072347 0.073126 0.073402 0.072661 
Config: granularity=100000, SDR=1000, ADR=0, Rigid=1, Capture_Method=0
Stage 0: PT=0, T_stage=0.012350, bytes=0, T_capped=0
Stage 1: PT=6, T_stage=0.000000, bytes=33176880, T_capped=0
Group 1: Iters=10, Procs=416, Factors=1.000000, Dist=2, RM=0, SM=0, RS=0, SS=5, parents=20, children=0
Async_Iters: 0
T_iter: 0.105337 0.087007 0.086630 0.085566 0.086915 0.085736 0.085449 0.085306 0.085642 0.085749 
T_stage 0: 0.018875 0.015738 0.013588 0.013392 0.014065 0.014733 0.014632 0.013417 0.014390 0.016305 
T_stage 1: 0.088199 0.073339 0.072368 0.071877 0.072907 0.072130 0.071860 0.071706 0.072030 0.072186 
Config: granularity=100000, SDR=1000, ADR=0, Rigid=1, Capture_Method=0
Stage 0: PT=0, T_stage=0.012350, bytes=0, T_capped=0
Stage 1: PT=6, T_stage=0.000000, bytes=33176880, T_capped=0
Group 1: Iters=10, Procs=416, Factors=1.000000, Dist=2, RM=0, SM=0, RS=0, SS=5, parents=20, children=0
Async_Iters: 0
T_iter: 0.100084 0.084262 0.084919 0.082706 0.085188 0.080590 0.083841 0.083264 0.083108 0.082492 
T_stage 0: 0.013563 0.014673 0.015256 0.014094 0.015147 0.014596 0.014087 0.013555 0.013833 0.014105 
T_stage 1: 0.086104 0.069982 0.071002 0.069138 0.071306 0.066596 0.069964 0.069447 0.069331 0.068724 
