Config: granularity=100000, SDR=1000, ADR=0, Rigid=1, Capture_Method=0
Stage 0: PT=0, T_stage=0.012350, bytes=0, T_capped=0
Stage 1: PT=6, T_stage=0.000000, bytes=33176880, T_capped=0
Group 1: Iters=10, Procs=416, Factors=1.000000, Dist=2, RM=0, SM=0, RS=0, SS=5, parents=52, children=0
Async_Iters: 0
T_iter: 0.104161 0.086422 0.085754 0.092330 0.085932 0.087172 0.084581 0.087823 0.088047 0.085675 
T_stage 0: 0.015816 0.013476 0.014346 0.018118 0.013390 0.013379 0.014638 0.017422 0.016694 0.014592 
T_stage 1: 0.089513 0.071920 0.070893 0.078579 0.072119 0.072720 0.070912 0.071464 0.074412 0.072028 
Config: granularity=100000, SDR=1000, ADR=0, Rigid=1, Capture_Method=0
Stage 0: PT=0, T_stage=0.012350, bytes=0, T_capped=0
Stage 1: PT=6, T_stage=0.000000, bytes=33176880, T_capped=0
Group 1: Iters=10, Procs=416, Factors=1.000000, Dist=2, RM=0, SM=0, RS=0, SS=5, parents=52, children=0
Async_Iters: 0
T_iter: 0.109168 0.089902 0.089122 0.087746 0.088441 0.087704 0.088053 0.087085 0.087491 0.087903 
T_stage 0: 0.014394 0.014917 0.014185 0.013765 0.013362 0.013232 0.013793 0.014200 0.013479 0.013531 
T_stage 1: 0.092947 0.075363 0.075470 0.074301 0.075005 0.074304 0.074567 0.073603 0.074022 0.074452 
Config: granularity=100000, SDR=1000, ADR=0, Rigid=1, Capture_Method=0
Stage 0: PT=0, T_stage=0.012350, bytes=0, T_capped=0
Stage 1: PT=6, T_stage=0.000000, bytes=33176880, T_capped=0
Group 1: Iters=10, Procs=416, Factors=1.000000, Dist=2, RM=0, SM=0, RS=0, SS=5, parents=52, children=0
Async_Iters: 0
T_iter: 0.102245 0.084683 0.085581 0.085377 0.084515 0.085999 0.086218 0.086379 0.085691 0.088776 
T_stage 0: 0.014975 0.013611 0.013878 0.013400 0.013300 0.013899 0.015053 0.015662 0.013664 0.019039 
T_stage 1: 0.088715 0.071036 0.070989 0.071335 0.071097 0.071953 0.072429 0.072549 0.071610 0.070733 
Config: granularity=100000, SDR=1000, ADR=0, Rigid=1, Capture_Method=0
Stage 0: PT=0, T_stage=0.012350, bytes=0, T_capped=0
Stage 1: PT=6, T_stage=0.000000, bytes=33176880, T_capped=0
Group 1: Iters=10, Procs=416, Factors=1.000000, Dist=2, RM=0, SM=0, RS=0, SS=5, parents=52, children=0
Async_Iters: 0
T_iter: 0.125087 0.107409 0.109789 0.108179 0.107399 0.106793 0.107254 0.107382 0.106895 0.107059 
T_stage 0: 0.013880 0.014998 0.017728 0.013637 0.013920 0.014386 0.014768 0.014223 0.014245 0.014074 
T_stage 1: 0.110981 0.093901 0.093723 0.094388 0.093829 0.093278 0.093667 0.093388 0.093295 0.093423 
Config: granularity=100000, SDR=1000, ADR=0, Rigid=1, Capture_Method=0
Stage 0: PT=0, T_stage=0.012350, bytes=0, T_capped=0
Stage 1: PT=6, T_stage=0.000000, bytes=33176880, T_capped=0
Group 1: Iters=10, Procs=416, Factors=1.000000, Dist=2, RM=0, SM=0, RS=0, SS=5, parents=52, children=0
Async_Iters: 0
T_iter: 0.132065 0.111450 0.115324 0.114680 0.111315 0.109920 0.110357 0.108658 0.108933 0.109240 
T_stage 0: 0.017214 0.015280 0.019926 0.018190 0.014871 0.014369 0.014389 0.015477 0.015332 0.014040 
T_stage 1: 0.114674 0.096054 0.096705 0.096834 0.097434 0.096392 0.096325 0.094925 0.095226 0.095517 
Config: granularity=100000, SDR=1000, ADR=0, Rigid=1, Capture_Method=0
Stage 0: PT=0, T_stage=0.012350, bytes=0, T_capped=0
Stage 1: PT=6, T_stage=0.000000, bytes=33176880, T_capped=0
Group 1: Iters=10, Procs=416, Factors=1.000000, Dist=2, RM=0, SM=0, RS=0, SS=5, parents=52, children=0
Async_Iters: 0
T_iter: 0.111347 0.089720 0.090213 0.093396 0.090570 0.091402 0.091600 0.090518 0.090299 0.090207 
T_stage 0: 0.015045 0.013477 0.014019 0.017363 0.014451 0.015034 0.013780 0.014678 0.013357 0.013796 
T_stage 1: 0.096020 0.076103 0.076589 0.076439 0.076958 0.076954 0.077024 0.076957 0.076817 0.076680 
Config: granularity=100000, SDR=1000, ADR=0, Rigid=1, Capture_Method=0
Stage 0: PT=0, T_stage=0.012350, bytes=0, T_capped=0
Stage 1: PT=6, T_stage=0.000000, bytes=33176880, T_capped=0
Group 1: Iters=10, Procs=416, Factors=1.000000, Dist=2, RM=0, SM=0, RS=0, SS=5, parents=52, children=0
Async_Iters: 0
T_iter: 0.106169 0.083299 0.086737 0.087986 0.084340 0.083904 0.084530 0.087201 0.103747 0.100512 
T_stage 0: 0.017660 0.014624 0.014486 0.013563 0.013717 0.013438 0.013997 0.013605 0.028658 0.026138 
T_stage 1: 0.088321 0.069767 0.072157 0.074421 0.070865 0.070292 0.071024 0.070606 0.075988 0.074000 
Config: granularity=100000, SDR=1000, ADR=0, Rigid=1, Capture_Method=0
Stage 0: PT=0, T_stage=0.012350, bytes=0, T_capped=0
Stage 1: PT=6, T_stage=0.000000, bytes=33176880, T_capped=0
Group 1: Iters=10, Procs=416, Factors=1.000000, Dist=2, RM=0, SM=0, RS=0, SS=5, parents=52, children=0
Async_Iters: 0
T_iter: 0.107656 0.086573 0.087492 0.092072 0.087040 0.086747 0.086687 0.086061 0.085546 0.090414 
T_stage 0: 0.018595 0.013458 0.014631 0.021927 0.015187 0.013305 0.013492 0.013471 0.013296 0.018194 
T_stage 1: 0.089910 0.072873 0.073541 0.072206 0.073379 0.072491 0.072973 0.072159 0.072131 0.072673 
Config: granularity=100000, SDR=1000, ADR=0, Rigid=1, Capture_Method=0
Stage 0: PT=0, T_stage=0.012350, bytes=0, T_capped=0
Stage 1: PT=6, T_stage=0.000000, bytes=33176880, T_capped=0
Group 1: Iters=10, Procs=416, Factors=1.000000, Dist=2, RM=0, SM=0, RS=0, SS=5, parents=52, children=0
Async_Iters: 0
T_iter: 0.109087 0.086023 0.112705 0.087315 0.085312 0.086879 0.085322 0.085137 0.085154 0.085672 
T_stage 0: 0.017672 0.013814 0.013481 0.014935 0.013674 0.013986 0.013325 0.014616 0.013260 0.014155 
T_stage 1: 0.090691 0.072122 0.098836 0.073416 0.071663 0.071843 0.071778 0.071605 0.071654 0.071870 
Config: granularity=100000, SDR=1000, ADR=0, Rigid=1, Capture_Method=0
Stage 0: PT=0, T_stage=0.012350, bytes=0, T_capped=0
Stage 1: PT=6, T_stage=0.000000, bytes=33176880, T_capped=0
Group 1: Iters=10, Procs=416, Factors=1.000000, Dist=2, RM=0, SM=0, RS=0, SS=5, parents=52, children=0
Async_Iters: 0
T_iter: 0.104074 0.083483 0.084361 0.084060 0.083377 0.083225 0.082846 0.083007 0.082742 0.083193 
T_stage 0: 0.013886 0.013570 0.015196 0.014651 0.014398 0.014951 0.013412 0.013887 0.013346 0.014217 
T_stage 1: 0.089931 0.069945 0.070164 0.068934 0.069575 0.068867 0.068874 0.069491 0.069104 0.069094 
Config: granularity=100000, SDR=1000, ADR=0, Rigid=1, Capture_Method=0
Stage 0: PT=0, T_stage=0.012350, bytes=0, T_capped=0
Stage 1: PT=6, T_stage=0.000000, bytes=33176880, T_capped=0
Group 1: Iters=10, Procs=416, Factors=1.000000, Dist=2, RM=0, SM=0, RS=0, SS=5, parents=52, children=0
Async_Iters: 0
T_iter: 0.107188 0.082168 0.082067 0.086472 0.083360 0.083140 0.085289 0.083944 0.086283 0.083973 
T_stage 0: 0.017207 0.014780 0.014143 0.013887 0.014648 0.013434 0.014127 0.014394 0.014919 0.013399 
T_stage 1: 0.087871 0.068416 0.068005 0.072434 0.069111 0.068885 0.071137 0.070170 0.072196 0.070361 
Config: granularity=100000, SDR=1000, ADR=0, Rigid=1, Capture_Method=0
Stage 0: PT=0, T_stage=0.012350, bytes=0, T_capped=0
Stage 1: PT=6, T_stage=0.000000, bytes=33176880, T_capped=0
Group 1: Iters=10, Procs=416, Factors=1.000000, Dist=2, RM=0, SM=0, RS=0, SS=5, parents=52, children=0
Async_Iters: 0
T_iter: 0.124815 0.109821 0.109396 0.109183 0.109658 0.109386 0.108794 0.110149 0.108547 0.108810 
T_stage 0: 0.013439 0.014973 0.013861 0.014144 0.014040 0.013446 0.013378 0.013478 0.013323 0.014143 
T_stage 1: 0.111183 0.096140 0.095537 0.095175 0.095512 0.095530 0.095298 0.095190 0.095035 0.095302 
Config: granularity=100000, SDR=1000, ADR=0, Rigid=1, Capture_Method=0
Stage 0: PT=0, T_stage=0.012350, bytes=0, T_capped=0
Stage 1: PT=6, T_stage=0.000000, bytes=33176880, T_capped=0
Group 1: Iters=10, Procs=416, Factors=1.000000, Dist=2, RM=0, SM=0, RS=0, SS=5, parents=52, children=0
Async_Iters: 0
T_iter: 0.108491 0.084838 0.084451 0.085682 0.084823 0.084372 0.084349 0.082280 0.081956 0.084682 
T_stage 0: 0.015633 0.014361 0.016437 0.015024 0.013994 0.013987 0.014465 0.013240 0.013871 0.014173 
T_stage 1: 0.092550 0.070973 0.070255 0.071928 0.071255 0.070773 0.070840 0.068793 0.068603 0.071068 
Config: granularity=100000, SDR=1000, ADR=0, Rigid=1, Capture_Method=0
Stage 0: PT=0, T_stage=0.012350, bytes=0, T_capped=0
Stage 1: PT=6, T_stage=0.000000, bytes=33176880, T_capped=0
Group 1: Iters=10, Procs=416, Factors=1.000000, Dist=2, RM=0, SM=0, RS=0, SS=5, parents=52, children=0
Async_Iters: 0
T_iter: 0.104559 0.088765 0.085013 0.098064 0.086586 0.081355 0.084191 0.083773 0.084158 0.083956 
T_stage 0: 0.013664 0.013388 0.013793 0.020768 0.014873 0.015133 0.014355 0.015028 0.014646 0.014553 
T_stage 1: 0.090961 0.073574 0.070895 0.076557 0.072393 0.067777 0.070837 0.069907 0.070720 0.070458 
Config: granularity=100000, SDR=1000, ADR=0, Rigid=1, Capture_Method=0
Stage 0: PT=0, T_stage=0.012350, bytes=0, T_capped=0
Stage 1: PT=6, T_stage=0.000000, bytes=33176880, T_capped=0
Group 1: Iters=10, Procs=416, Factors=1.000000, Dist=2, RM=0, SM=0, RS=0, SS=5, parents=52, children=0
Async_Iters: 0
T_iter: 0.104446 0.085972 0.086280 0.091023 0.085699 0.085342 0.086153 0.086272 0.086171 0.086070 
T_stage 0: 0.014697 0.014709 0.015723 0.015343 0.014783 0.014682 0.014688 0.015430 0.015279 0.014650 
T_stage 1: 0.088756 0.071095 0.071380 0.076102 0.070818 0.070468 0.070648 0.071567 0.071358 0.071181 
Config: granularity=100000, SDR=1000, ADR=0, Rigid=1, Capture_Method=0
Stage 0: PT=0, T_stage=0.012350, bytes=0, T_capped=0
Stage 1: PT=6, T_stage=0.000000, bytes=33176880, T_capped=0
Group 1: Iters=10, Procs=416, Factors=1.000000, Dist=2, RM=0, SM=0, RS=0, SS=5, parents=52, children=0
Async_Iters: 0
T_iter: 0.109672 0.086307 0.088879 0.084509 0.085427 0.084798 0.084671 0.084650 0.084534 0.085791 
T_stage 0: 0.017255 0.017838 0.016135 0.014387 0.013847 0.014327 0.014482 0.013825 0.013523 0.015400 
T_stage 1: 0.090937 0.071326 0.075465 0.070807 0.071656 0.071140 0.071079 0.071116 0.071040 0.072131 
Config: granularity=100000, SDR=1000, ADR=0, Rigid=1, Capture_Method=0
Stage 0: PT=0, T_stage=0.012350, bytes=0, T_capped=0
Stage 1: PT=6, T_stage=0.000000, bytes=33176880, T_capped=0
Group 1: Iters=10, Procs=416, Factors=1.000000, Dist=2, RM=0, SM=0, RS=0, SS=5, parents=52, children=0
Async_Iters: 0
T_iter: 0.108894 0.086771 0.085219 0.084986 0.085653 0.085083 0.085002 0.085607 0.085657 0.085521 
T_stage 0: 0.020879 0.015844 0.013855 0.014327 0.013236 0.015129 0.013877 0.014859 0.015009 0.015189 
T_stage 1: 0.089159 0.072417 0.071589 0.071519 0.071731 0.071645 0.071337 0.072195 0.071278 0.071837 
Config: granularity=100000, SDR=1000, ADR=0, Rigid=1, Capture_Method=0
Stage 0: PT=0, T_stage=0.012350, bytes=0, T_capped=0
Stage 1: PT=6, T_stage=0.000000, bytes=33176880, T_capped=0
Group 1: Iters=10, Procs=416, Factors=1.000000, Dist=2, RM=0, SM=0, RS=0, SS=5, parents=52, children=0
Async_Iters: 0
T_iter: 0.101659 0.082406 0.083604 0.085040 0.080501 0.082682 0.082531 0.080925 0.081824 0.080089 
T_stage 0: 0.013615 0.013560 0.018353 0.017930 0.014284 0.015041 0.015226 0.013499 0.014807 0.013511 
T_stage 1: 0.087438 0.068388 0.069431 0.068216 0.067070 0.068535 0.068815 0.067444 0.068421 0.066336 
Config: granularity=100000, SDR=1000, ADR=0, Rigid=1, Capture_Method=0
Stage 0: PT=0, T_stage=0.012350, bytes=0, T_capped=0
Stage 1: PT=6, T_stage=0.000000, bytes=33176880, T_capped=0
Group 1: Iters=10, Procs=416, Factors=1.000000, Dist=2, RM=0, SM=0, RS=0, SS=5, parents=52, children=0
Async_Iters: 0
T_iter: 0.106664 0.088452 0.099191 0.098463 0.091760 0.090867 0.091146 0.090712 0.089048 0.090106 
T_stage 0: 0.013671 0.013995 0.017201 0.024575 0.014378 0.015265 0.014022 0.013721 0.014725 0.013743 
T_stage 1: 0.092730 0.074446 0.076071 0.078458 0.077144 0.077141 0.077438 0.077052 0.075372 0.076339 
Config: granularity=100000, SDR=1000, ADR=0, Rigid=1, Capture_Method=0
Stage 0: PT=0, T_stage=0.012350, bytes=0, T_capped=0
Stage 1: PT=6, T_stage=0.000000, bytes=33176880, T_capped=0
Group 1: Iters=10, Procs=416, Factors=1.000000, Dist=2, RM=0, SM=0, RS=0, SS=5, parents=52, children=0
Async_Iters: 0
T_iter: 0.100222 0.083015 0.084142 0.085089 0.084134 0.081555 0.083509 0.084062 0.083472 0.083954 
T_stage 0: 0.013393 0.014225 0.013875 0.015051 0.014356 0.013919 0.014198 0.014258 0.013582 0.013341 
T_stage 1: 0.086698 0.069314 0.070590 0.071157 0.070502 0.068131 0.069999 0.070556 0.069695 0.069861 
