Config loaded: R=1, S=2, granularity=100000, SDR=1000, ADR=0, Rigid=1, Capture_Method=0
Stage 0: PT=0, T_stage=0.012350, bytes=0, T_capped=0
Stage 1: PT=6, T_stage=0.000000, bytes=33176880, T_capped=0
Group 0: Iters=5, Procs=52, Factors=1.000000, Dist=2, RM=0, SM=0, RS=0, SS=0
Group 1: Iters=10, Procs=416, Factors=1.000000, Dist=2, RM=0, SM=0, RS=0, SS=5
T_spawn: 4.482372 
T_SR: 0.104040 
T_AR: 0.000000 
T_US: 0.179955 
T_Malleability: 5.074852 
T_total: 6.302506
Config loaded: R=1, S=2, granularity=100000, SDR=1000, ADR=0, Rigid=1, Capture_Method=0
Stage 0: PT=0, T_stage=0.012350, bytes=0, T_capped=0
Stage 1: PT=6, T_stage=0.000000, bytes=33176880, T_capped=0
Group 0: Iters=5, Procs=52, Factors=1.000000, Dist=2, RM=0, SM=0, RS=0, SS=0
Group 1: Iters=10, Procs=416, Factors=1.000000, Dist=2, RM=0, SM=0, RS=0, SS=5
T_spawn: 5.294184 
T_SR: 0.084164 
T_AR: 0.000000 
T_US: 0.231739 
T_Malleability: 5.960299 
T_total: 7.160131
Config loaded: R=1, S=2, granularity=100000, SDR=1000, ADR=0, Rigid=1, Capture_Method=0
Stage 0: PT=0, T_stage=0.012350, bytes=0, T_capped=0
Stage 1: PT=6, T_stage=0.000000, bytes=33176880, T_capped=0
Group 0: Iters=5, Procs=52, Factors=1.000000, Dist=2, RM=0, SM=0, RS=0, SS=0
Group 1: Iters=10, Procs=416, Factors=1.000000, Dist=2, RM=0, SM=0, RS=0, SS=5
T_spawn: 4.544121 
T_SR: 0.119803 
T_AR: 0.000000 
T_US: 0.253245 
T_Malleability: 5.228828 
T_total: 6.391498
Config loaded: R=1, S=2, granularity=100000, SDR=1000, ADR=0, Rigid=1, Capture_Method=0
Stage 0: PT=0, T_stage=0.012350, bytes=0, T_capped=0
Stage 1: PT=6, T_stage=0.000000, bytes=33176880, T_capped=0
Group 0: Iters=5, Procs=52, Factors=1.000000, Dist=2, RM=0, SM=0, RS=0, SS=0
Group 1: Iters=10, Procs=416, Factors=1.000000, Dist=2, RM=0, SM=0, RS=0, SS=5
T_spawn: 4.520383 
T_SR: 0.068196 
T_AR: 0.000000 
T_US: 0.167716 
T_Malleability: 5.153185 
T_total: 6.569664
Config loaded: R=1, S=2, granularity=100000, SDR=1000, ADR=0, Rigid=1, Capture_Method=0
Stage 0: PT=0, T_stage=0.012350, bytes=0, T_capped=0
Stage 1: PT=6, T_stage=0.000000, bytes=33176880, T_capped=0
Group 0: Iters=5, Procs=52, Factors=1.000000, Dist=2, RM=0, SM=0, RS=0, SS=0
Group 1: Iters=10, Procs=416, Factors=1.000000, Dist=2, RM=0, SM=0, RS=0, SS=5
T_spawn: 5.088109 
T_SR: 0.056114 
T_AR: 0.000000 
T_US: 0.307684 
T_Malleability: 5.860698 
T_total: 7.368019
Config loaded: R=1, S=2, granularity=100000, SDR=1000, ADR=0, Rigid=1, Capture_Method=0
Stage 0: PT=0, T_stage=0.012350, bytes=0, T_capped=0
Stage 1: PT=6, T_stage=0.000000, bytes=33176880, T_capped=0
Group 0: Iters=5, Procs=52, Factors=1.000000, Dist=2, RM=0, SM=0, RS=0, SS=0
Group 1: Iters=10, Procs=416, Factors=1.000000, Dist=2, RM=0, SM=0, RS=0, SS=5
T_spawn: 4.882818 
T_SR: 0.095745 
T_AR: 0.000000 
T_US: 0.233850 
T_Malleability: 5.525604 
T_total: 6.785417
Config loaded: R=1, S=2, granularity=100000, SDR=1000, ADR=0, Rigid=1, Capture_Method=0
Stage 0: PT=0, T_stage=0.012350, bytes=0, T_capped=0
Stage 1: PT=6, T_stage=0.000000, bytes=33176880, T_capped=0
Group 0: Iters=5, Procs=52, Factors=1.000000, Dist=2, RM=0, SM=0, RS=0, SS=0
Group 1: Iters=10, Procs=416, Factors=1.000000, Dist=2, RM=0, SM=0, RS=0, SS=5
T_spawn: 4.938986 
T_SR: 0.087971 
T_AR: 0.000000 
T_US: 0.212235 
T_Malleability: 5.630192 
T_total: 6.867817
Config loaded: R=1, S=2, granularity=100000, SDR=1000, ADR=0, Rigid=1, Capture_Method=0
Stage 0: PT=0, T_stage=0.012350, bytes=0, T_capped=0
Stage 1: PT=6, T_stage=0.000000, bytes=33176880, T_capped=0
Group 0: Iters=5, Procs=52, Factors=1.000000, Dist=2, RM=0, SM=0, RS=0, SS=0
Group 1: Iters=10, Procs=416, Factors=1.000000, Dist=2, RM=0, SM=0, RS=0, SS=5
T_spawn: 4.709269 
T_SR: 0.080069 
T_AR: 0.000000 
T_US: 0.174988 
T_Malleability: 5.374853 
T_total: 6.599654
Config loaded: R=1, S=2, granularity=100000, SDR=1000, ADR=0, Rigid=1, Capture_Method=0
Stage 0: PT=0, T_stage=0.012350, bytes=0, T_capped=0
Stage 1: PT=6, T_stage=0.000000, bytes=33176880, T_capped=0
Group 0: Iters=5, Procs=52, Factors=1.000000, Dist=2, RM=0, SM=0, RS=0, SS=0
Group 1: Iters=10, Procs=416, Factors=1.000000, Dist=2, RM=0, SM=0, RS=0, SS=5
T_spawn: 5.006619 
T_SR: 0.084113 
T_AR: 0.000000 
T_US: 0.207954 
T_Malleability: 5.650679 
T_total: 6.856093
Config loaded: R=1, S=2, granularity=100000, SDR=1000, ADR=0, Rigid=1, Capture_Method=0
Stage 0: PT=0, T_stage=0.012350, bytes=0, T_capped=0
Stage 1: PT=6, T_stage=0.000000, bytes=33176880, T_capped=0
Group 0: Iters=5, Procs=52, Factors=1.000000, Dist=2, RM=0, SM=0, RS=0, SS=0
Group 1: Iters=10, Procs=416, Factors=1.000000, Dist=2, RM=0, SM=0, RS=0, SS=5
T_spawn: 5.098055 
T_SR: 0.059837 
T_AR: 0.000000 
T_US: 0.227962 
T_Malleability: 5.763763 
T_total: 6.913918
Config loaded: R=1, S=2, granularity=100000, SDR=1000, ADR=0, Rigid=1, Capture_Method=0
Stage 0: PT=0, T_stage=0.012350, bytes=0, T_capped=0
Stage 1: PT=6, T_stage=0.000000, bytes=33176880, T_capped=0
Group 0: Iters=5, Procs=52, Factors=1.000000, Dist=2, RM=0, SM=0, RS=0, SS=0
Group 1: Iters=10, Procs=416, Factors=1.000000, Dist=2, RM=0, SM=0, RS=0, SS=5
T_spawn: 5.039325 
T_SR: 0.132018 
T_AR: 0.000000 
T_US: 0.195934 
T_Malleability: 5.750378 
T_total: 6.942362
Config loaded: R=1, S=2, granularity=100000, SDR=1000, ADR=0, Rigid=1, Capture_Method=0
Stage 0: PT=0, T_stage=0.012350, bytes=0, T_capped=0
Stage 1: PT=6, T_stage=0.000000, bytes=33176880, T_capped=0
Group 0: Iters=5, Procs=52, Factors=1.000000, Dist=2, RM=0, SM=0, RS=0, SS=0
Group 1: Iters=10, Procs=416, Factors=1.000000, Dist=2, RM=0, SM=0, RS=0, SS=5
T_spawn: 5.247608 
T_SR: 0.083993 
T_AR: 0.000000 
T_US: 0.167773 
T_Malleability: 5.883665 
T_total: 7.304178
Config loaded: R=1, S=2, granularity=100000, SDR=1000, ADR=0, Rigid=1, Capture_Method=0
Stage 0: PT=0, T_stage=0.012350, bytes=0, T_capped=0
Stage 1: PT=6, T_stage=0.000000, bytes=33176880, T_capped=0
Group 0: Iters=5, Procs=52, Factors=1.000000, Dist=2, RM=0, SM=0, RS=0, SS=0
Group 1: Iters=10, Procs=416, Factors=1.000000, Dist=2, RM=0, SM=0, RS=0, SS=5
T_spawn: 4.684321 
T_SR: 0.083800 
T_AR: 0.000000 
T_US: 0.211603 
T_Malleability: 5.273901 
T_total: 6.457065
Config loaded: R=1, S=2, granularity=100000, SDR=1000, ADR=0, Rigid=1, Capture_Method=0
Stage 0: PT=0, T_stage=0.012350, bytes=0, T_capped=0
Stage 1: PT=6, T_stage=0.000000, bytes=33176880, T_capped=0
Group 0: Iters=5, Procs=52, Factors=1.000000, Dist=2, RM=0, SM=0, RS=0, SS=0
Group 1: Iters=10, Procs=416, Factors=1.000000, Dist=2, RM=0, SM=0, RS=0, SS=5
T_spawn: 4.907748 
T_SR: 0.095996 
T_AR: 0.000000 
T_US: 0.240253 
T_Malleability: 5.666595 
T_total: 6.846012
Config loaded: R=1, S=2, granularity=100000, SDR=1000, ADR=0, Rigid=1, Capture_Method=0
Stage 0: PT=0, T_stage=0.012350, bytes=0, T_capped=0
Stage 1: PT=6, T_stage=0.000000, bytes=33176880, T_capped=0
Group 0: Iters=5, Procs=52, Factors=1.000000, Dist=2, RM=0, SM=0, RS=0, SS=0
Group 1: Iters=10, Procs=416, Factors=1.000000, Dist=2, RM=0, SM=0, RS=0, SS=5
T_spawn: 4.977025 
T_SR: 0.083663 
T_AR: 0.000000 
T_US: 0.207896 
T_Malleability: 5.630876 
T_total: 6.880872
Config loaded: R=1, S=2, granularity=100000, SDR=1000, ADR=0, Rigid=1, Capture_Method=0
Stage 0: PT=0, T_stage=0.012350, bytes=0, T_capped=0
Stage 1: PT=6, T_stage=0.000000, bytes=33176880, T_capped=0
Group 0: Iters=5, Procs=52, Factors=1.000000, Dist=2, RM=0, SM=0, RS=0, SS=0
Group 1: Iters=10, Procs=416, Factors=1.000000, Dist=2, RM=0, SM=0, RS=0, SS=5
T_spawn: 4.937666 
T_SR: 0.075690 
T_AR: 0.000000 
T_US: 0.183566 
T_Malleability: 5.582094 
T_total: 6.807428
Config loaded: R=1, S=2, granularity=100000, SDR=1000, ADR=0, Rigid=1, Capture_Method=0
Stage 0: PT=0, T_stage=0.012350, bytes=0, T_capped=0
Stage 1: PT=6, T_stage=0.000000, bytes=33176880, T_capped=0
Group 0: Iters=5, Procs=52, Factors=1.000000, Dist=2, RM=0, SM=0, RS=0, SS=0
Group 1: Iters=10, Procs=416, Factors=1.000000, Dist=2, RM=0, SM=0, RS=0, SS=5
T_spawn: 5.268266 
T_SR: 0.076375 
T_AR: 0.000000 
T_US: 0.303795 
T_Malleability: 6.031522 
T_total: 7.243749
Config loaded: R=1, S=2, granularity=100000, SDR=1000, ADR=0, Rigid=1, Capture_Method=0
Stage 0: PT=0, T_stage=0.012350, bytes=0, T_capped=0
Stage 1: PT=6, T_stage=0.000000, bytes=33176880, T_capped=0
Group 0: Iters=5, Procs=52, Factors=1.000000, Dist=2, RM=0, SM=0, RS=0, SS=0
Group 1: Iters=10, Procs=416, Factors=1.000000, Dist=2, RM=0, SM=0, RS=0, SS=5
T_spawn: 5.119643 
T_SR: 0.095645 
T_AR: 0.000000 
T_US: 0.208329 
T_Malleability: 5.812325 
T_total: 6.957141
Config loaded: R=1, S=2, granularity=100000, SDR=1000, ADR=0, Rigid=1, Capture_Method=0
Stage 0: PT=0, T_stage=0.012350, bytes=0, T_capped=0
Stage 1: PT=6, T_stage=0.000000, bytes=33176880, T_capped=0
Group 0: Iters=5, Procs=52, Factors=1.000000, Dist=2, RM=0, SM=0, RS=0, SS=0
Group 1: Iters=10, Procs=416, Factors=1.000000, Dist=2, RM=0, SM=0, RS=0, SS=5
T_spawn: 4.981343 
T_SR: 0.104066 
T_AR: 0.000000 
T_US: 0.232025 
T_Malleability: 5.647974 
T_total: 6.890664
Config loaded: R=1, S=2, granularity=100000, SDR=1000, ADR=0, Rigid=1, Capture_Method=0
Stage 0: PT=0, T_stage=0.012350, bytes=0, T_capped=0
Stage 1: PT=6, T_stage=0.000000, bytes=33176880, T_capped=0
Group 0: Iters=5, Procs=52, Factors=1.000000, Dist=2, RM=0, SM=0, RS=0, SS=0
Group 1: Iters=10, Procs=416, Factors=1.000000, Dist=2, RM=0, SM=0, RS=0, SS=5
T_spawn: 5.366429 
T_SR: 0.087598 
T_AR: 0.000000 
T_US: 0.212000 
T_Malleability: 6.050434 
T_total: 7.223781
