Config: granularity=100000, SDR=1000, ADR=0, Rigid=1, Capture_Method=0
Stage 0: PT=0, T_stage=0.012350, bytes=0, T_capped=0
Stage 1: PT=6, T_stage=0.000000, bytes=33176880, T_capped=0
Group 0: Iters=5, Procs=104, Factors=1.000000, Dist=2, RM=0, SM=0, RS=0, SS=0, parents=0, children=416
Async_Iters: 0
T_iter: 0.093176 0.065269 0.058499 0.058308 0.058275 
T_stage 0: 0.012596 0.012576 0.012601 0.012683 0.012587 
T_stage 1: 0.080516 0.052642 0.045861 0.045596 0.045596 
Config: granularity=100000, SDR=1000, ADR=0, Rigid=1, Capture_Method=0
Stage 0: PT=0, T_stage=0.012350, bytes=0, T_capped=0
Stage 1: PT=6, T_stage=0.000000, bytes=33176880, T_capped=0
Group 0: Iters=5, Procs=104, Factors=1.000000, Dist=2, RM=0, SM=0, RS=0, SS=0, parents=0, children=416
Async_Iters: 0
T_iter: 0.077472 0.060143 0.060085 0.060160 0.061525 
T_stage 0: 0.012569 0.012594 0.012637 0.012618 0.012660 
T_stage 1: 0.064783 0.047439 0.047413 0.047441 0.048803 
Config: granularity=100000, SDR=1000, ADR=0, Rigid=1, Capture_Method=0
Stage 0: PT=0, T_stage=0.012350, bytes=0, T_capped=0
Stage 1: PT=6, T_stage=0.000000, bytes=33176880, T_capped=0
Group 0: Iters=5, Procs=104, Factors=1.000000, Dist=2, RM=0, SM=0, RS=0, SS=0, parents=0, children=416
Async_Iters: 0
T_iter: 0.084074 0.076266 0.062632 0.061951 0.060594 
T_stage 0: 0.012564 0.012649 0.012564 0.012908 0.012581 
T_stage 1: 0.071453 0.063596 0.049992 0.048967 0.047943 
Config: granularity=100000, SDR=1000, ADR=0, Rigid=1, Capture_Method=0
Stage 0: PT=0, T_stage=0.012350, bytes=0, T_capped=0
Stage 1: PT=6, T_stage=0.000000, bytes=33176880, T_capped=0
Group 0: Iters=5, Procs=104, Factors=1.000000, Dist=2, RM=0, SM=0, RS=0, SS=0, parents=0, children=416
Async_Iters: 0
T_iter: 0.075473 0.065647 0.062171 0.062503 0.067540 
T_stage 0: 0.012638 0.012577 0.012933 0.012582 0.012578 
T_stage 1: 0.062763 0.053019 0.049211 0.049884 0.054871 
Config: granularity=100000, SDR=1000, ADR=0, Rigid=1, Capture_Method=0
Stage 0: PT=0, T_stage=0.012350, bytes=0, T_capped=0
Stage 1: PT=6, T_stage=0.000000, bytes=33176880, T_capped=0
Group 0: Iters=5, Procs=104, Factors=1.000000, Dist=2, RM=0, SM=0, RS=0, SS=0, parents=0, children=416
Async_Iters: 0
T_iter: 0.082211 0.082967 0.058014 0.055483 0.056658 
T_stage 0: 0.012562 0.012574 0.012596 0.012607 0.012633 
T_stage 1: 0.069530 0.070340 0.045395 0.042840 0.043986 
Config: granularity=100000, SDR=1000, ADR=0, Rigid=1, Capture_Method=0
Stage 0: PT=0, T_stage=0.012350, bytes=0, T_capped=0
Stage 1: PT=6, T_stage=0.000000, bytes=33176880, T_capped=0
Group 0: Iters=5, Procs=104, Factors=1.000000, Dist=2, RM=0, SM=0, RS=0, SS=0, parents=0, children=416
Async_Iters: 0
T_iter: 0.081684 0.059402 0.060928 0.057982 0.058468 
T_stage 0: 0.018465 0.012728 0.012603 0.012634 0.012708 
T_stage 1: 0.063171 0.046593 0.048253 0.045320 0.045718 
Config: granularity=100000, SDR=1000, ADR=0, Rigid=1, Capture_Method=0
Stage 0: PT=0, T_stage=0.012350, bytes=0, T_capped=0
Stage 1: PT=6, T_stage=0.000000, bytes=33176880, T_capped=0
Group 0: Iters=5, Procs=104, Factors=1.000000, Dist=2, RM=0, SM=0, RS=0, SS=0, parents=0, children=416
Async_Iters: 0
T_iter: 0.082229 0.057475 0.055604 0.058206 0.058099 
T_stage 0: 0.012575 0.012579 0.012675 0.012627 0.012656 
T_stage 1: 0.069568 0.044801 0.042953 0.045508 0.045411 
Config: granularity=100000, SDR=1000, ADR=0, Rigid=1, Capture_Method=0
Stage 0: PT=0, T_stage=0.012350, bytes=0, T_capped=0
Stage 1: PT=6, T_stage=0.000000, bytes=33176880, T_capped=0
Group 0: Iters=5, Procs=104, Factors=1.000000, Dist=2, RM=0, SM=0, RS=0, SS=0, parents=0, children=416
Async_Iters: 0
T_iter: 0.081427 0.058182 0.054193 0.054549 0.054509 
T_stage 0: 0.012561 0.012590 0.012576 0.012605 0.012644 
T_stage 1: 0.068815 0.045552 0.041592 0.041875 0.041814 
Config: granularity=100000, SDR=1000, ADR=0, Rigid=1, Capture_Method=0
Stage 0: PT=0, T_stage=0.012350, bytes=0, T_capped=0
Stage 1: PT=6, T_stage=0.000000, bytes=33176880, T_capped=0
Group 0: Iters=5, Procs=104, Factors=1.000000, Dist=2, RM=0, SM=0, RS=0, SS=0, parents=0, children=416
Async_Iters: 0
T_iter: 0.069079 0.056551 0.059009 0.054666 0.055582 
T_stage 0: 0.012635 0.012603 0.012565 0.012610 0.012873 
T_stage 1: 0.056349 0.043906 0.046383 0.041962 0.042679 
Config: granularity=100000, SDR=1000, ADR=0, Rigid=1, Capture_Method=0
Stage 0: PT=0, T_stage=0.012350, bytes=0, T_capped=0
Stage 1: PT=6, T_stage=0.000000, bytes=33176880, T_capped=0
Group 0: Iters=5, Procs=104, Factors=1.000000, Dist=2, RM=0, SM=0, RS=0, SS=0, parents=0, children=416
Async_Iters: 0
T_iter: 0.084400 0.058511 0.059832 0.057426 0.056245 
T_stage 0: 0.012592 0.012639 0.012608 0.012578 0.012578 
T_stage 1: 0.071718 0.045842 0.047144 0.044776 0.043552 
Config: granularity=100000, SDR=1000, ADR=0, Rigid=1, Capture_Method=0
Stage 0: PT=0, T_stage=0.012350, bytes=0, T_capped=0
Stage 1: PT=6, T_stage=0.000000, bytes=33176880, T_capped=0
Group 0: Iters=5, Procs=104, Factors=1.000000, Dist=2, RM=0, SM=0, RS=0, SS=0, parents=0, children=416
Async_Iters: 0
T_iter: 0.076912 0.061596 0.062749 0.062232 0.061752 
T_stage 0: 0.012567 0.012649 0.012606 0.013083 0.012724 
T_stage 1: 0.064284 0.048919 0.050022 0.049076 0.048896 
Config: granularity=100000, SDR=1000, ADR=0, Rigid=1, Capture_Method=0
Stage 0: PT=0, T_stage=0.012350, bytes=0, T_capped=0
Stage 1: PT=6, T_stage=0.000000, bytes=33176880, T_capped=0
Group 0: Iters=5, Procs=104, Factors=1.000000, Dist=2, RM=0, SM=0, RS=0, SS=0, parents=0, children=416
Async_Iters: 0
T_iter: 0.077860 0.064004 0.058208 0.058660 0.057121 
T_stage 0: 0.012586 0.012597 0.012592 0.012570 0.012621 
T_stage 1: 0.065221 0.051321 0.045507 0.046026 0.044417 
Config: granularity=100000, SDR=1000, ADR=0, Rigid=1, Capture_Method=0
Stage 0: PT=0, T_stage=0.012350, bytes=0, T_capped=0
Stage 1: PT=6, T_stage=0.000000, bytes=33176880, T_capped=0
Group 0: Iters=5, Procs=104, Factors=1.000000, Dist=2, RM=0, SM=0, RS=0, SS=0, parents=0, children=416
Async_Iters: 0
T_iter: 0.076778 0.060530 0.060495 0.061506 0.061830 
T_stage 0: 0.012566 0.012632 0.012964 0.012604 0.012659 
T_stage 1: 0.064127 0.047866 0.047456 0.048824 0.049077 
Config: granularity=100000, SDR=1000, ADR=0, Rigid=1, Capture_Method=0
Stage 0: PT=0, T_stage=0.012350, bytes=0, T_capped=0
Stage 1: PT=6, T_stage=0.000000, bytes=33176880, T_capped=0
Group 0: Iters=5, Procs=104, Factors=1.000000, Dist=2, RM=0, SM=0, RS=0, SS=0, parents=0, children=416
Async_Iters: 0
T_iter: 0.092464 0.073910 0.074130 0.074804 0.074696 
T_stage 0: 0.012570 0.012939 0.012620 0.012638 0.012614 
T_stage 1: 0.079866 0.060896 0.061479 0.062104 0.062036 
Config: granularity=100000, SDR=1000, ADR=0, Rigid=1, Capture_Method=0
Stage 0: PT=0, T_stage=0.012350, bytes=0, T_capped=0
Stage 1: PT=6, T_stage=0.000000, bytes=33176880, T_capped=0
Group 0: Iters=5, Procs=104, Factors=1.000000, Dist=2, RM=0, SM=0, RS=0, SS=0, parents=0, children=416
Async_Iters: 0
T_iter: 0.072966 0.058660 0.066399 0.053376 0.054974 
T_stage 0: 0.012592 0.012592 0.012629 0.012597 0.012573 
T_stage 1: 0.060227 0.046049 0.053698 0.040684 0.042316 
Config: granularity=100000, SDR=1000, ADR=0, Rigid=1, Capture_Method=0
Stage 0: PT=0, T_stage=0.012350, bytes=0, T_capped=0
Stage 1: PT=6, T_stage=0.000000, bytes=33176880, T_capped=0
Group 0: Iters=5, Procs=104, Factors=1.000000, Dist=2, RM=0, SM=0, RS=0, SS=0, parents=0, children=416
Async_Iters: 0
T_iter: 0.076096 0.065049 0.066403 0.062397 0.064610 
T_stage 0: 0.012565 0.012600 0.012554 0.012634 0.012584 
T_stage 1: 0.063471 0.052406 0.053797 0.049712 0.051955 
Config: granularity=100000, SDR=1000, ADR=0, Rigid=1, Capture_Method=0
Stage 0: PT=0, T_stage=0.012350, bytes=0, T_capped=0
Stage 1: PT=6, T_stage=0.000000, bytes=33176880, T_capped=0
Group 0: Iters=5, Procs=104, Factors=1.000000, Dist=2, RM=0, SM=0, RS=0, SS=0, parents=0, children=416
Async_Iters: 0
T_iter: 0.105129 0.056222 0.054887 0.057726 0.054434 
T_stage 0: 0.044477 0.012877 0.012578 0.012555 0.012697 
T_stage 1: 0.060627 0.043318 0.042258 0.045122 0.041636 
Config: granularity=100000, SDR=1000, ADR=0, Rigid=1, Capture_Method=0
Stage 0: PT=0, T_stage=0.012350, bytes=0, T_capped=0
Stage 1: PT=6, T_stage=0.000000, bytes=33176880, T_capped=0
Group 0: Iters=5, Procs=104, Factors=1.000000, Dist=2, RM=0, SM=0, RS=0, SS=0, parents=0, children=416
Async_Iters: 0
T_iter: 0.083190 0.070918 0.063200 0.062946 0.062818 
T_stage 0: 0.012613 0.012572 0.012581 0.012599 0.012579 
T_stage 1: 0.070503 0.058268 0.050474 0.050227 0.050214 
Config: granularity=100000, SDR=1000, ADR=0, Rigid=1, Capture_Method=0
Stage 0: PT=0, T_stage=0.012350, bytes=0, T_capped=0
Stage 1: PT=6, T_stage=0.000000, bytes=33176880, T_capped=0
Group 0: Iters=5, Procs=104, Factors=1.000000, Dist=2, RM=0, SM=0, RS=0, SS=0, parents=0, children=416
Async_Iters: 0
T_iter: 0.079848 0.062693 0.059333 0.061121 0.065194 
T_stage 0: 0.012587 0.012572 0.012566 0.012642 0.012629 
T_stage 1: 0.067233 0.050049 0.046703 0.048396 0.052537 
Config: granularity=100000, SDR=1000, ADR=0, Rigid=1, Capture_Method=0
Stage 0: PT=0, T_stage=0.012350, bytes=0, T_capped=0
Stage 1: PT=6, T_stage=0.000000, bytes=33176880, T_capped=0
Group 0: Iters=5, Procs=104, Factors=1.000000, Dist=2, RM=0, SM=0, RS=0, SS=0, parents=0, children=416
Async_Iters: 0
T_iter: 0.082621 0.061271 0.061894 0.061887 0.061534 
T_stage 0: 0.012579 0.012597 0.012593 0.012637 0.012605 
T_stage 1: 0.069937 0.048585 0.049159 0.049149 0.048876 
