Config: granularity=100000, SDR=1000, ADR=0, Rigid=1, Capture_Method=0
Stage 0: PT=0, T_stage=0.012350, bytes=0, T_capped=0
Stage 1: PT=6, T_stage=0.000000, bytes=33176880, T_capped=0
Group 1: Iters=10, Procs=416, Factors=1.000000, Dist=2, RM=0, SM=0, RS=0, SS=5, parents=104, children=0
Async_Iters: 0
T_iter: 0.107442 0.085824 0.087300 0.091122 0.085292 0.085089 0.090104 0.085812 0.089085 0.086085 
T_stage 0: 0.018502 0.013749 0.013576 0.020611 0.014057 0.014656 0.014582 0.014671 0.017151 0.014647 
T_stage 1: 0.088792 0.071919 0.072570 0.071530 0.071469 0.071228 0.076262 0.071501 0.072523 0.072214 
Config: granularity=100000, SDR=1000, ADR=0, Rigid=1, Capture_Method=0
Stage 0: PT=0, T_stage=0.012350, bytes=0, T_capped=0
Stage 1: PT=6, T_stage=0.000000, bytes=33176880, T_capped=0
Group 1: Iters=10, Procs=416, Factors=1.000000, Dist=2, RM=0, SM=0, RS=0, SS=5, parents=104, children=0
Async_Iters: 0
T_iter: 0.127371 0.085518 0.085717 0.086525 0.086779 0.086671 0.086128 0.086249 0.085413 0.085192 
T_stage 0: 0.039548 0.015579 0.013418 0.015463 0.017883 0.013941 0.014829 0.013328 0.014227 0.013590 
T_stage 1: 0.087656 0.071874 0.072280 0.071545 0.072389 0.073177 0.072666 0.072518 0.071554 0.071724 
Config: granularity=100000, SDR=1000, ADR=0, Rigid=1, Capture_Method=0
Stage 0: PT=0, T_stage=0.012350, bytes=0, T_capped=0
Stage 1: PT=6, T_stage=0.000000, bytes=33176880, T_capped=0
Group 1: Iters=10, Procs=416, Factors=1.000000, Dist=2, RM=0, SM=0, RS=0, SS=5, parents=104, children=0
Async_Iters: 0
T_iter: 0.103328 0.086091 0.086332 0.093525 0.086218 0.086168 0.086626 0.085728 0.086822 0.086433 
T_stage 0: 0.014834 0.014697 0.013333 0.021230 0.013531 0.013674 0.014285 0.014162 0.015831 0.013463 
T_stage 1: 0.087863 0.072166 0.072790 0.073521 0.072434 0.072779 0.073153 0.072324 0.073394 0.072991 
Config: granularity=100000, SDR=1000, ADR=0, Rigid=1, Capture_Method=0
Stage 0: PT=0, T_stage=0.012350, bytes=0, T_capped=0
Stage 1: PT=6, T_stage=0.000000, bytes=33176880, T_capped=0
Group 1: Iters=10, Procs=416, Factors=1.000000, Dist=2, RM=0, SM=0, RS=0, SS=5, parents=104, children=0
Async_Iters: 0
T_iter: 0.109297 0.089865 0.089884 0.094261 0.088179 0.093855 0.088436 0.090952 0.091758 0.090577 
T_stage 0: 0.018540 0.013411 0.014075 0.019075 0.014494 0.018507 0.014318 0.016873 0.014950 0.014461 
T_stage 1: 0.090902 0.076032 0.075844 0.075016 0.074738 0.075189 0.075006 0.074585 0.077239 0.077006 
Config: granularity=100000, SDR=1000, ADR=0, Rigid=1, Capture_Method=0
Stage 0: PT=0, T_stage=0.012350, bytes=0, T_capped=0
Stage 1: PT=6, T_stage=0.000000, bytes=33176880, T_capped=0
Group 1: Iters=10, Procs=416, Factors=1.000000, Dist=2, RM=0, SM=0, RS=0, SS=5, parents=104, children=0
Async_Iters: 0
T_iter: 0.103085 0.086557 0.089794 0.092403 0.085669 0.085627 0.084964 0.084948 0.085304 0.085398 
T_stage 0: 0.013810 0.014959 0.014115 0.020074 0.014155 0.014783 0.013319 0.014229 0.014542 0.013823 
T_stage 1: 0.088792 0.073001 0.075617 0.072715 0.072007 0.071949 0.071437 0.071518 0.071910 0.071698 
Config: granularity=100000, SDR=1000, ADR=0, Rigid=1, Capture_Method=0
Stage 0: PT=0, T_stage=0.012350, bytes=0, T_capped=0
Stage 1: PT=6, T_stage=0.000000, bytes=33176880, T_capped=0
Group 1: Iters=10, Procs=416, Factors=1.000000, Dist=2, RM=0, SM=0, RS=0, SS=5, parents=104, children=0
Async_Iters: 0
T_iter: 0.124670 0.086269 0.107072 0.087588 0.085317 0.085008 0.085190 0.086450 0.085536 0.086004 
T_stage 0: 0.036464 0.014128 0.013695 0.015814 0.014690 0.013816 0.015590 0.015450 0.013790 0.013728 
T_stage 1: 0.087940 0.071987 0.092932 0.070703 0.071280 0.071367 0.071108 0.072432 0.071995 0.072085 
Config: granularity=100000, SDR=1000, ADR=0, Rigid=1, Capture_Method=0
Stage 0: PT=0, T_stage=0.012350, bytes=0, T_capped=0
Stage 1: PT=6, T_stage=0.000000, bytes=33176880, T_capped=0
Group 1: Iters=10, Procs=416, Factors=1.000000, Dist=2, RM=0, SM=0, RS=0, SS=5, parents=104, children=0
Async_Iters: 0
T_iter: 0.114635 0.084989 0.094605 0.087668 0.084718 0.091485 0.086560 0.093268 0.089559 0.085246 
T_stage 0: 0.019513 0.013297 0.018599 0.015368 0.013346 0.020010 0.015142 0.014357 0.016167 0.013414 
T_stage 1: 0.094968 0.070841 0.075237 0.073861 0.071091 0.072641 0.072861 0.079824 0.074070 0.071260 
Config: granularity=100000, SDR=1000, ADR=0, Rigid=1, Capture_Method=0
Stage 0: PT=0, T_stage=0.012350, bytes=0, T_capped=0
Stage 1: PT=6, T_stage=0.000000, bytes=33176880, T_capped=0
Group 1: Iters=10, Procs=416, Factors=1.000000, Dist=2, RM=0, SM=0, RS=0, SS=5, parents=104, children=0
Async_Iters: 0
T_iter: 0.120210 0.086985 0.090431 0.088542 0.085339 0.086003 0.085076 0.084578 0.086256 0.085186 
T_stage 0: 0.029127 0.016674 0.017739 0.014717 0.016000 0.013773 0.013732 0.014490 0.014538 0.014485 
T_stage 1: 0.090214 0.073007 0.072403 0.073617 0.071734 0.071721 0.071154 0.070984 0.072186 0.071030 
Config: granularity=100000, SDR=1000, ADR=0, Rigid=1, Capture_Method=0
Stage 0: PT=0, T_stage=0.012350, bytes=0, T_capped=0
Stage 1: PT=6, T_stage=0.000000, bytes=33176880, T_capped=0
Group 1: Iters=10, Procs=416, Factors=1.000000, Dist=2, RM=0, SM=0, RS=0, SS=5, parents=104, children=0
Async_Iters: 0
T_iter: 0.118393 0.087953 0.092028 0.099105 0.087596 0.087733 0.087129 0.091975 0.089369 0.086108 
T_stage 0: 0.028938 0.013830 0.013552 0.013670 0.013811 0.015100 0.014742 0.013969 0.016518 0.013807 
T_stage 1: 0.088041 0.073423 0.077993 0.083839 0.072960 0.074110 0.073555 0.074437 0.073023 0.072609 
Config: granularity=100000, SDR=1000, ADR=0, Rigid=1, Capture_Method=0
Stage 0: PT=0, T_stage=0.012350, bytes=0, T_capped=0
Stage 1: PT=6, T_stage=0.000000, bytes=33176880, T_capped=0
Group 1: Iters=10, Procs=416, Factors=1.000000, Dist=2, RM=0, SM=0, RS=0, SS=5, parents=104, children=0
Async_Iters: 0
T_iter: 0.103076 0.086663 0.084758 0.085104 0.084304 0.086291 0.084897 0.084387 0.085740 0.084217 
T_stage 0: 0.013622 0.014751 0.013933 0.014680 0.014565 0.014920 0.013797 0.013227 0.014751 0.013146 
T_stage 1: 0.087476 0.070999 0.070665 0.071230 0.070826 0.072703 0.071358 0.070998 0.071634 0.070715 
Config: granularity=100000, SDR=1000, ADR=0, Rigid=1, Capture_Method=0
Stage 0: PT=0, T_stage=0.012350, bytes=0, T_capped=0
Stage 1: PT=6, T_stage=0.000000, bytes=33176880, T_capped=0
Group 1: Iters=10, Procs=416, Factors=1.000000, Dist=2, RM=0, SM=0, RS=0, SS=5, parents=104, children=0
Async_Iters: 0
T_iter: 0.109501 0.086175 0.086789 0.095533 0.086529 0.086525 0.085284 0.085664 0.086231 0.085748 
T_stage 0: 0.019558 0.013689 0.014789 0.024001 0.016147 0.014890 0.013250 0.014906 0.013814 0.013297 
T_stage 1: 0.089664 0.072300 0.071970 0.075577 0.072437 0.073133 0.071828 0.072240 0.072228 0.072369 
Config: granularity=100000, SDR=1000, ADR=0, Rigid=1, Capture_Method=0
Stage 0: PT=0, T_stage=0.012350, bytes=0, T_capped=0
Stage 1: PT=6, T_stage=0.000000, bytes=33176880, T_capped=0
Group 1: Iters=10, Procs=416, Factors=1.000000, Dist=2, RM=0, SM=0, RS=0, SS=5, parents=104, children=0
Async_Iters: 0
T_iter: 0.116465 0.085918 0.089110 0.092291 0.085081 0.089447 0.093632 0.086810 0.084619 0.102142 
T_stage 0: 0.029031 0.014068 0.014976 0.023116 0.013865 0.013869 0.013907 0.015168 0.013398 0.027104 
T_stage 1: 0.087285 0.071821 0.075110 0.072265 0.071302 0.075030 0.074010 0.072853 0.071147 0.077120 
Config: granularity=100000, SDR=1000, ADR=0, Rigid=1, Capture_Method=0
Stage 0: PT=0, T_stage=0.012350, bytes=0, T_capped=0
Stage 1: PT=6, T_stage=0.000000, bytes=33176880, T_capped=0
Group 1: Iters=10, Procs=416, Factors=1.000000, Dist=2, RM=0, SM=0, RS=0, SS=5, parents=104, children=0
Async_Iters: 0
T_iter: 0.103008 0.087459 0.087247 0.102135 0.087570 0.087134 0.086306 0.086489 0.088772 0.086347 
T_stage 0: 0.015706 0.014587 0.014104 0.013817 0.014445 0.013435 0.013578 0.013351 0.015764 0.013386 
T_stage 1: 0.086714 0.073741 0.073661 0.088599 0.074122 0.073674 0.072677 0.072983 0.075339 0.072797 
Config: granularity=100000, SDR=1000, ADR=0, Rigid=1, Capture_Method=0
Stage 0: PT=0, T_stage=0.012350, bytes=0, T_capped=0
Stage 1: PT=6, T_stage=0.000000, bytes=33176880, T_capped=0
Group 1: Iters=10, Procs=416, Factors=1.000000, Dist=2, RM=0, SM=0, RS=0, SS=5, parents=104, children=0
Async_Iters: 0
T_iter: 0.102105 0.086796 0.086449 0.091787 0.085222 0.086848 0.087138 0.086559 0.085705 0.085780 
T_stage 0: 0.013284 0.014859 0.013669 0.013370 0.014328 0.013964 0.015097 0.013750 0.014489 0.013281 
T_stage 1: 0.087831 0.073140 0.072283 0.077910 0.071762 0.072931 0.073183 0.072848 0.072298 0.072384 
Config: granularity=100000, SDR=1000, ADR=0, Rigid=1, Capture_Method=0
Stage 0: PT=0, T_stage=0.012350, bytes=0, T_capped=0
Stage 1: PT=6, T_stage=0.000000, bytes=33176880, T_capped=0
Group 1: Iters=10, Procs=416, Factors=1.000000, Dist=2, RM=0, SM=0, RS=0, SS=5, parents=104, children=0
Async_Iters: 0
T_iter: 0.111444 0.084143 0.084089 0.086577 0.083947 0.084036 0.086040 0.084748 0.084436 0.084192 
T_stage 0: 0.021993 0.013833 0.014265 0.015851 0.013471 0.014068 0.013609 0.013463 0.014621 0.013358 
T_stage 1: 0.090978 0.070568 0.070665 0.072848 0.070533 0.070631 0.072074 0.070978 0.070581 0.070692 
Config: granularity=100000, SDR=1000, ADR=0, Rigid=1, Capture_Method=0
Stage 0: PT=0, T_stage=0.012350, bytes=0, T_capped=0
Stage 1: PT=6, T_stage=0.000000, bytes=33176880, T_capped=0
Group 1: Iters=10, Procs=416, Factors=1.000000, Dist=2, RM=0, SM=0, RS=0, SS=5, parents=104, children=0
Async_Iters: 0
T_iter: 0.106413 0.085176 0.083985 0.088845 0.082307 0.082223 0.084218 0.085990 0.082959 0.084018 
T_stage 0: 0.017820 0.013690 0.014262 0.017160 0.014484 0.013702 0.014016 0.015639 0.013410 0.013289 
T_stage 1: 0.088594 0.071618 0.070417 0.070695 0.068203 0.068665 0.070302 0.071757 0.069403 0.070456 
Config: granularity=100000, SDR=1000, ADR=0, Rigid=1, Capture_Method=0
Stage 0: PT=0, T_stage=0.012350, bytes=0, T_capped=0
Stage 1: PT=6, T_stage=0.000000, bytes=33176880, T_capped=0
Group 1: Iters=10, Procs=416, Factors=1.000000, Dist=2, RM=0, SM=0, RS=0, SS=5, parents=104, children=0
Async_Iters: 0
T_iter: 0.118473 0.083927 0.084762 0.091050 0.085480 0.083888 0.084752 0.085630 0.083641 0.083842 
T_stage 0: 0.029776 0.013677 0.013918 0.013342 0.014919 0.013805 0.014063 0.014052 0.014374 0.013780 
T_stage 1: 0.088895 0.070160 0.071068 0.077274 0.071852 0.070425 0.071340 0.072232 0.070244 0.070397 
Config: granularity=100000, SDR=1000, ADR=0, Rigid=1, Capture_Method=0
Stage 0: PT=0, T_stage=0.012350, bytes=0, T_capped=0
Stage 1: PT=6, T_stage=0.000000, bytes=33176880, T_capped=0
Group 1: Iters=10, Procs=416, Factors=1.000000, Dist=2, RM=0, SM=0, RS=0, SS=5, parents=104, children=0
Async_Iters: 0
T_iter: 0.111048 0.090550 0.091094 0.099070 0.091559 0.091898 0.091673 0.096558 0.090590 0.090954 
T_stage 0: 0.015229 0.015066 0.013364 0.022322 0.013263 0.013355 0.015201 0.018200 0.014843 0.013317 
T_stage 1: 0.095245 0.076861 0.077054 0.077940 0.078063 0.077618 0.077815 0.082341 0.076930 0.077412 
Config: granularity=100000, SDR=1000, ADR=0, Rigid=1, Capture_Method=0
Stage 0: PT=0, T_stage=0.012350, bytes=0, T_capped=0
Stage 1: PT=6, T_stage=0.000000, bytes=33176880, T_capped=0
Group 1: Iters=10, Procs=416, Factors=1.000000, Dist=2, RM=0, SM=0, RS=0, SS=5, parents=104, children=0
Async_Iters: 0
T_iter: 0.103300 0.087662 0.084193 0.085801 0.082974 0.084872 0.083294 0.088603 0.083352 0.104680 
T_stage 0: 0.013922 0.014134 0.014742 0.013430 0.014492 0.014389 0.013405 0.014152 0.013450 0.035334 
T_stage 1: 0.088397 0.072758 0.070688 0.072297 0.068938 0.070782 0.069270 0.073561 0.069585 0.080416 
Config: granularity=100000, SDR=1000, ADR=0, Rigid=1, Capture_Method=0
Stage 0: PT=0, T_stage=0.012350, bytes=0, T_capped=0
Stage 1: PT=6, T_stage=0.000000, bytes=33176880, T_capped=0
Group 1: Iters=10, Procs=416, Factors=1.000000, Dist=2, RM=0, SM=0, RS=0, SS=5, parents=104, children=0
Async_Iters: 0
T_iter: 0.108639 0.090650 0.092766 0.097018 0.090481 0.095517 0.089375 0.091111 0.090929 0.091835 
T_stage 0: 0.015417 0.013595 0.013732 0.020645 0.013718 0.019545 0.015837 0.014617 0.013977 0.014827 
T_stage 1: 0.094030 0.076264 0.077018 0.076335 0.076579 0.081619 0.075553 0.077261 0.076958 0.077566 
