Config loaded: R=1, S=2, granularity=100000, SDR=1000, ADR=0, Rigid=1, Capture_Method=0
Stage 0: PT=0, T_stage=0.012350, bytes=0, T_capped=0
Stage 1: PT=6, T_stage=0.000000, bytes=33176880, T_capped=0
Group 0: Iters=5, Procs=260, Factors=1.000000, Dist=2, RM=0, SM=0, RS=0, SS=0
Group 1: Iters=10, Procs=416, Factors=1.000000, Dist=2, RM=0, SM=0, RS=0, SS=5
T_spawn: 7.840393 
T_SR: 0.120019 
T_AR: 0.000000 
T_US: 0.352675 
T_Malleability: 8.756761 
T_total: 10.121233
Config loaded: R=1, S=2, granularity=100000, SDR=1000, ADR=0, Rigid=1, Capture_Method=0
Stage 0: PT=0, T_stage=0.012350, bytes=0, T_capped=0
Stage 1: PT=6, T_stage=0.000000, bytes=33176880, T_capped=0
Group 0: Iters=5, Procs=260, Factors=1.000000, Dist=2, RM=0, SM=0, RS=0, SS=0
Group 1: Iters=10, Procs=416, Factors=1.000000, Dist=2, RM=0, SM=0, RS=0, SS=5
T_spawn: 8.696081 
T_SR: 0.127951 
T_AR: 0.000000 
T_US: 0.308731 
T_Malleability: 9.627478 
T_total: 11.125691
Config loaded: R=1, S=2, granularity=100000, SDR=1000, ADR=0, Rigid=1, Capture_Method=0
Stage 0: PT=0, T_stage=0.012350, bytes=0, T_capped=0
Stage 1: PT=6, T_stage=0.000000, bytes=33176880, T_capped=0
Group 0: Iters=5, Procs=260, Factors=1.000000, Dist=2, RM=0, SM=0, RS=0, SS=0
Group 1: Iters=10, Procs=416, Factors=1.000000, Dist=2, RM=0, SM=0, RS=0, SS=5
T_spawn: 8.645169 
T_SR: 0.136785 
T_AR: 0.000000 
T_US: 0.319080 
T_Malleability: 9.554543 
T_total: 11.152705
Config loaded: R=1, S=2, granularity=100000, SDR=1000, ADR=0, Rigid=1, Capture_Method=0
Stage 0: PT=0, T_stage=0.012350, bytes=0, T_capped=0
Stage 1: PT=6, T_stage=0.000000, bytes=33176880, T_capped=0
Group 0: Iters=5, Procs=260, Factors=1.000000, Dist=2, RM=0, SM=0, RS=0, SS=0
Group 1: Iters=10, Procs=416, Factors=1.000000, Dist=2, RM=0, SM=0, RS=0, SS=5
T_spawn: 7.981219 
T_SR: 0.115997 
T_AR: 0.000000 
T_US: 0.367935 
T_Malleability: 8.973751 
T_total: 10.272915
Config loaded: R=1, S=2, granularity=100000, SDR=1000, ADR=0, Rigid=1, Capture_Method=0
Stage 0: PT=0, T_stage=0.012350, bytes=0, T_capped=0
Stage 1: PT=6, T_stage=0.000000, bytes=33176880, T_capped=0
Group 0: Iters=5, Procs=260, Factors=1.000000, Dist=2, RM=0, SM=0, RS=0, SS=0
Group 1: Iters=10, Procs=416, Factors=1.000000, Dist=2, RM=0, SM=0, RS=0, SS=5
T_spawn: 8.235133 
T_SR: 0.137941 
T_AR: 0.000000 
T_US: 0.324738 
T_Malleability: 9.182280 
T_total: 10.587946
Config loaded: R=1, S=2, granularity=100000, SDR=1000, ADR=0, Rigid=1, Capture_Method=0
Stage 0: PT=0, T_stage=0.012350, bytes=0, T_capped=0
Stage 1: PT=6, T_stage=0.000000, bytes=33176880, T_capped=0
Group 0: Iters=5, Procs=260, Factors=1.000000, Dist=2, RM=0, SM=0, RS=0, SS=0
Group 1: Iters=10, Procs=416, Factors=1.000000, Dist=2, RM=0, SM=0, RS=0, SS=5
T_spawn: 8.299791 
T_SR: 0.145588 
T_AR: 0.000000 
T_US: 0.341703 
T_Malleability: 9.266034 
T_total: 10.531087
Config loaded: R=1, S=2, granularity=100000, SDR=1000, ADR=0, Rigid=1, Capture_Method=0
Stage 0: PT=0, T_stage=0.012350, bytes=0, T_capped=0
Stage 1: PT=6, T_stage=0.000000, bytes=33176880, T_capped=0
Group 0: Iters=5, Procs=260, Factors=1.000000, Dist=2, RM=0, SM=0, RS=0, SS=0
Group 1: Iters=10, Procs=416, Factors=1.000000, Dist=2, RM=0, SM=0, RS=0, SS=5
T_spawn: 8.518805 
T_SR: 0.144011 
T_AR: 0.000000 
T_US: 0.343964 
T_Malleability: 9.562168 
T_total: 10.864781
Config loaded: R=1, S=2, granularity=100000, SDR=1000, ADR=0, Rigid=1, Capture_Method=0
Stage 0: PT=0, T_stage=0.012350, bytes=0, T_capped=0
Stage 1: PT=6, T_stage=0.000000, bytes=33176880, T_capped=0
Group 0: Iters=5, Procs=260, Factors=1.000000, Dist=2, RM=0, SM=0, RS=0, SS=0
Group 1: Iters=10, Procs=416, Factors=1.000000, Dist=2, RM=0, SM=0, RS=0, SS=5
T_spawn: 8.838395 
T_SR: 0.104247 
T_AR: 0.000000 
T_US: 0.315747 
T_Malleability: 9.724263 
T_total: 11.232067
Config loaded: R=1, S=2, granularity=100000, SDR=1000, ADR=0, Rigid=1, Capture_Method=0
Stage 0: PT=0, T_stage=0.012350, bytes=0, T_capped=0
Stage 1: PT=6, T_stage=0.000000, bytes=33176880, T_capped=0
Group 0: Iters=5, Procs=260, Factors=1.000000, Dist=2, RM=0, SM=0, RS=0, SS=0
Group 1: Iters=10, Procs=416, Factors=1.000000, Dist=2, RM=0, SM=0, RS=0, SS=5
T_spawn: 8.512928 
T_SR: 0.147272 
T_AR: 0.000000 
T_US: 0.287789 
T_Malleability: 9.403672 
T_total: 10.735442
Config loaded: R=1, S=2, granularity=100000, SDR=1000, ADR=0, Rigid=1, Capture_Method=0
Stage 0: PT=0, T_stage=0.012350, bytes=0, T_capped=0
Stage 1: PT=6, T_stage=0.000000, bytes=33176880, T_capped=0
Group 0: Iters=5, Procs=260, Factors=1.000000, Dist=2, RM=0, SM=0, RS=0, SS=0
Group 1: Iters=10, Procs=416, Factors=1.000000, Dist=2, RM=0, SM=0, RS=0, SS=5
T_spawn: 8.208134 
T_SR: 0.109808 
T_AR: 0.000000 
T_US: 0.254097 
T_Malleability: 9.077472 
T_total: 10.380793
Config loaded: R=1, S=2, granularity=100000, SDR=1000, ADR=0, Rigid=1, Capture_Method=0
Stage 0: PT=0, T_stage=0.012350, bytes=0, T_capped=0
Stage 1: PT=6, T_stage=0.000000, bytes=33176880, T_capped=0
Group 0: Iters=5, Procs=260, Factors=1.000000, Dist=2, RM=0, SM=0, RS=0, SS=0
Group 1: Iters=10, Procs=416, Factors=1.000000, Dist=2, RM=0, SM=0, RS=0, SS=5
T_spawn: 8.457492 
T_SR: 0.116702 
T_AR: 0.000000 
T_US: 0.272620 
T_Malleability: 9.382136 
T_total: 10.724829
Config loaded: R=1, S=2, granularity=100000, SDR=1000, ADR=0, Rigid=1, Capture_Method=0
Stage 0: PT=0, T_stage=0.012350, bytes=0, T_capped=0
Stage 1: PT=6, T_stage=0.000000, bytes=33176880, T_capped=0
Group 0: Iters=5, Procs=260, Factors=1.000000, Dist=2, RM=0, SM=0, RS=0, SS=0
Group 1: Iters=10, Procs=416, Factors=1.000000, Dist=2, RM=0, SM=0, RS=0, SS=5
T_spawn: 8.147340 
T_SR: 0.127981 
T_AR: 0.000000 
T_US: 0.249799 
T_Malleability: 9.037682 
T_total: 10.387710
Config loaded: R=1, S=2, granularity=100000, SDR=1000, ADR=0, Rigid=1, Capture_Method=0
Stage 0: PT=0, T_stage=0.012350, bytes=0, T_capped=0
Stage 1: PT=6, T_stage=0.000000, bytes=33176880, T_capped=0
Group 0: Iters=5, Procs=260, Factors=1.000000, Dist=2, RM=0, SM=0, RS=0, SS=0
Group 1: Iters=10, Procs=416, Factors=1.000000, Dist=2, RM=0, SM=0, RS=0, SS=5
T_spawn: 8.276118 
T_SR: 0.121240 
T_AR: 0.000000 
T_US: 0.370310 
T_Malleability: 9.162821 
T_total: 10.452091
Config loaded: R=1, S=2, granularity=100000, SDR=1000, ADR=0, Rigid=1, Capture_Method=0
Stage 0: PT=0, T_stage=0.012350, bytes=0, T_capped=0
Stage 1: PT=6, T_stage=0.000000, bytes=33176880, T_capped=0
Group 0: Iters=5, Procs=260, Factors=1.000000, Dist=2, RM=0, SM=0, RS=0, SS=0
Group 1: Iters=10, Procs=416, Factors=1.000000, Dist=2, RM=0, SM=0, RS=0, SS=5
T_spawn: 8.168143 
T_SR: 0.123307 
T_AR: 0.000000 
T_US: 0.343933 
T_Malleability: 9.136358 
T_total: 10.479661
Config loaded: R=1, S=2, granularity=100000, SDR=1000, ADR=0, Rigid=1, Capture_Method=0
Stage 0: PT=0, T_stage=0.012350, bytes=0, T_capped=0
Stage 1: PT=6, T_stage=0.000000, bytes=33176880, T_capped=0
Group 0: Iters=5, Procs=260, Factors=1.000000, Dist=2, RM=0, SM=0, RS=0, SS=0
Group 1: Iters=10, Procs=416, Factors=1.000000, Dist=2, RM=0, SM=0, RS=0, SS=5
T_spawn: 8.219272 
T_SR: 0.116006 
T_AR: 0.000000 
T_US: 0.252791 
T_Malleability: 9.085948 
T_total: 10.841436
Config loaded: R=1, S=2, granularity=100000, SDR=1000, ADR=0, Rigid=1, Capture_Method=0
Stage 0: PT=0, T_stage=0.012350, bytes=0, T_capped=0
Stage 1: PT=6, T_stage=0.000000, bytes=33176880, T_capped=0
Group 0: Iters=5, Procs=260, Factors=1.000000, Dist=2, RM=0, SM=0, RS=0, SS=0
Group 1: Iters=10, Procs=416, Factors=1.000000, Dist=2, RM=0, SM=0, RS=0, SS=5
T_spawn: 8.446350 
T_SR: 0.100031 
T_AR: 0.000000 
T_US: 0.319761 
T_Malleability: 9.371360 
T_total: 10.693992
Config loaded: R=1, S=2, granularity=100000, SDR=1000, ADR=0, Rigid=1, Capture_Method=0
Stage 0: PT=0, T_stage=0.012350, bytes=0, T_capped=0
Stage 1: PT=6, T_stage=0.000000, bytes=33176880, T_capped=0
Group 0: Iters=5, Procs=260, Factors=1.000000, Dist=2, RM=0, SM=0, RS=0, SS=0
Group 1: Iters=10, Procs=416, Factors=1.000000, Dist=2, RM=0, SM=0, RS=0, SS=5
T_spawn: 8.047980 
T_SR: 0.164019 
T_AR: 0.000000 
T_US: 0.348386 
T_Malleability: 9.021812 
T_total: 10.368792
Config loaded: R=1, S=2, granularity=100000, SDR=1000, ADR=0, Rigid=1, Capture_Method=0
Stage 0: PT=0, T_stage=0.012350, bytes=0, T_capped=0
Stage 1: PT=6, T_stage=0.000000, bytes=33176880, T_capped=0
Group 0: Iters=5, Procs=260, Factors=1.000000, Dist=2, RM=0, SM=0, RS=0, SS=0
Group 1: Iters=10, Procs=416, Factors=1.000000, Dist=2, RM=0, SM=0, RS=0, SS=5
T_spawn: 8.231613 
T_SR: 0.112635 
T_AR: 0.000000 
T_US: 0.368207 
T_Malleability: 9.203592 
T_total: 10.754040
Config loaded: R=1, S=2, granularity=100000, SDR=1000, ADR=0, Rigid=1, Capture_Method=0
Stage 0: PT=0, T_stage=0.012350, bytes=0, T_capped=0
Stage 1: PT=6, T_stage=0.000000, bytes=33176880, T_capped=0
Group 0: Iters=5, Procs=260, Factors=1.000000, Dist=2, RM=0, SM=0, RS=0, SS=0
Group 1: Iters=10, Procs=416, Factors=1.000000, Dist=2, RM=0, SM=0, RS=0, SS=5
T_spawn: 8.510798 
T_SR: 0.097888 
T_AR: 0.000000 
T_US: 0.319608 
T_Malleability: 9.357049 
T_total: 10.796110
Config loaded: R=1, S=2, granularity=100000, SDR=1000, ADR=0, Rigid=1, Capture_Method=0
Stage 0: PT=0, T_stage=0.012350, bytes=0, T_capped=0
Stage 1: PT=6, T_stage=0.000000, bytes=33176880, T_capped=0
Group 0: Iters=5, Procs=260, Factors=1.000000, Dist=2, RM=0, SM=0, RS=0, SS=0
Group 1: Iters=10, Procs=416, Factors=1.000000, Dist=2, RM=0, SM=0, RS=0, SS=5
T_spawn: 8.531794 
T_SR: 0.135996 
T_AR: 0.000000 
T_US: 0.298095 
T_Malleability: 9.415103 
T_total: 10.782357
