Config: granularity=100000, SDR=1000, ADR=0, Rigid=1, Capture_Method=0
Stage 0: PT=0, T_stage=0.012350, bytes=0, T_capped=0
Stage 1: PT=6, T_stage=0.000000, bytes=33176880, T_capped=0
Group 0: Iters=5, Procs=20, Factors=1.000000, Dist=2, RM=0, SM=0, RS=0, SS=0, parents=0, children=52
Async_Iters: 0
T_iter: 0.054011 0.041425 0.041375 0.041295 0.041323 
T_stage 0: 0.012518 0.012512 0.012530 0.012525 0.012520 
T_stage 1: 0.041484 0.028885 0.028837 0.028761 0.028799 
Config: granularity=100000, SDR=1000, ADR=0, Rigid=1, Capture_Method=0
Stage 0: PT=0, T_stage=0.012350, bytes=0, T_capped=0
Stage 1: PT=6, T_stage=0.000000, bytes=33176880, T_capped=0
Group 0: Iters=5, Procs=20, Factors=1.000000, Dist=2, RM=0, SM=0, RS=0, SS=0, parents=0, children=52
Async_Iters: 0
T_iter: 0.052436 0.039601 0.039232 0.039236 0.039235 
T_stage 0: 0.012531 0.012814 0.012515 0.012512 0.012577 
T_stage 1: 0.039898 0.026754 0.026704 0.026717 0.026643 
Config: granularity=100000, SDR=1000, ADR=0, Rigid=1, Capture_Method=0
Stage 0: PT=0, T_stage=0.012350, bytes=0, T_capped=0
Stage 1: PT=6, T_stage=0.000000, bytes=33176880, T_capped=0
Group 0: Iters=5, Procs=20, Factors=1.000000, Dist=2, RM=0, SM=0, RS=0, SS=0, parents=0, children=52
Async_Iters: 0
T_iter: 0.052067 0.037906 0.038143 0.038051 0.037851 
T_stage 0: 0.012512 0.012520 0.012732 0.012532 0.012518 
T_stage 1: 0.039548 0.025379 0.025403 0.025510 0.025326 
Config: granularity=100000, SDR=1000, ADR=0, Rigid=1, Capture_Method=0
Stage 0: PT=0, T_stage=0.012350, bytes=0, T_capped=0
Stage 1: PT=6, T_stage=0.000000, bytes=33176880, T_capped=0
Group 0: Iters=5, Procs=20, Factors=1.000000, Dist=2, RM=0, SM=0, RS=0, SS=0, parents=0, children=52
Async_Iters: 0
T_iter: 0.052014 0.039838 0.039381 0.039511 0.039567 
T_stage 0: 0.012517 0.012659 0.012520 0.012572 0.012545 
T_stage 1: 0.039494 0.027153 0.026851 0.026930 0.027029 
Config: granularity=100000, SDR=1000, ADR=0, Rigid=1, Capture_Method=0
Stage 0: PT=0, T_stage=0.012350, bytes=0, T_capped=0
Stage 1: PT=6, T_stage=0.000000, bytes=33176880, T_capped=0
Group 0: Iters=5, Procs=20, Factors=1.000000, Dist=2, RM=0, SM=0, RS=0, SS=0, parents=0, children=52
Async_Iters: 0
T_iter: 0.054114 0.041468 0.041419 0.041707 0.041518 
T_stage 0: 0.012527 0.012523 0.012517 0.012820 0.012544 
T_stage 1: 0.041579 0.028937 0.028894 0.028880 0.028967 
Config: granularity=100000, SDR=1000, ADR=0, Rigid=1, Capture_Method=0
Stage 0: PT=0, T_stage=0.012350, bytes=0, T_capped=0
Stage 1: PT=6, T_stage=0.000000, bytes=33176880, T_capped=0
Group 0: Iters=5, Procs=20, Factors=1.000000, Dist=2, RM=0, SM=0, RS=0, SS=0, parents=0, children=52
Async_Iters: 0
T_iter: 0.053011 0.040297 0.040242 0.040199 0.040303 
T_stage 0: 0.012510 0.012575 0.012517 0.012526 0.012588 
T_stage 1: 0.040492 0.027714 0.027718 0.027665 0.027708 
Config: granularity=100000, SDR=1000, ADR=0, Rigid=1, Capture_Method=0
Stage 0: PT=0, T_stage=0.012350, bytes=0, T_capped=0
Stage 1: PT=6, T_stage=0.000000, bytes=33176880, T_capped=0
Group 0: Iters=5, Procs=20, Factors=1.000000, Dist=2, RM=0, SM=0, RS=0, SS=0, parents=0, children=52
Async_Iters: 0
T_iter: 0.052294 0.038943 0.038908 0.038930 0.038896 
T_stage 0: 0.012512 0.012548 0.012512 0.012533 0.012533 
T_stage 1: 0.039771 0.026394 0.026387 0.026382 0.026359 
Config: granularity=100000, SDR=1000, ADR=0, Rigid=1, Capture_Method=0
Stage 0: PT=0, T_stage=0.012350, bytes=0, T_capped=0
Stage 1: PT=6, T_stage=0.000000, bytes=33176880, T_capped=0
Group 0: Iters=5, Procs=20, Factors=1.000000, Dist=2, RM=0, SM=0, RS=0, SS=0, parents=0, children=52
Async_Iters: 0
T_iter: 0.053396 0.039118 0.039032 0.039126 0.038918 
T_stage 0: 0.012508 0.012566 0.012525 0.012516 0.012508 
T_stage 1: 0.040882 0.026542 0.026498 0.026599 0.026403 
Config: granularity=100000, SDR=1000, ADR=0, Rigid=1, Capture_Method=0
Stage 0: PT=0, T_stage=0.012350, bytes=0, T_capped=0
Stage 1: PT=6, T_stage=0.000000, bytes=33176880, T_capped=0
Group 0: Iters=5, Procs=20, Factors=1.000000, Dist=2, RM=0, SM=0, RS=0, SS=0, parents=0, children=52
Async_Iters: 0
T_iter: 0.053196 0.040148 0.040259 0.040193 0.040165 
T_stage 0: 0.012513 0.012510 0.012591 0.012550 0.012520 
T_stage 1: 0.040674 0.027631 0.027660 0.027655 0.027638 
Config: granularity=100000, SDR=1000, ADR=0, Rigid=1, Capture_Method=0
Stage 0: PT=0, T_stage=0.012350, bytes=0, T_capped=0
Stage 1: PT=6, T_stage=0.000000, bytes=33176880, T_capped=0
Group 0: Iters=5, Procs=20, Factors=1.000000, Dist=2, RM=0, SM=0, RS=0, SS=0, parents=0, children=52
Async_Iters: 0
T_iter: 0.052639 0.039198 0.039375 0.039148 0.039096 
T_stage 0: 0.012518 0.012525 0.012521 0.012529 0.012528 
T_stage 1: 0.040112 0.026663 0.026824 0.026610 0.026560 
Config: granularity=100000, SDR=1000, ADR=0, Rigid=1, Capture_Method=0
Stage 0: PT=0, T_stage=0.012350, bytes=0, T_capped=0
Stage 1: PT=6, T_stage=0.000000, bytes=33176880, T_capped=0
Group 0: Iters=5, Procs=20, Factors=1.000000, Dist=2, RM=0, SM=0, RS=0, SS=0, parents=0, children=52
Async_Iters: 0
T_iter: 0.054546 0.042933 0.042614 0.042637 0.042618 
T_stage 0: 0.012517 0.012774 0.012525 0.012576 0.012518 
T_stage 1: 0.042020 0.030151 0.030081 0.030083 0.030092 
Config: granularity=100000, SDR=1000, ADR=0, Rigid=1, Capture_Method=0
Stage 0: PT=0, T_stage=0.012350, bytes=0, T_capped=0
Stage 1: PT=6, T_stage=0.000000, bytes=33176880, T_capped=0
Group 0: Iters=5, Procs=20, Factors=1.000000, Dist=2, RM=0, SM=0, RS=0, SS=0, parents=0, children=52
Async_Iters: 0
T_iter: 0.052074 0.039455 0.039235 0.039072 0.039242 
T_stage 0: 0.012515 0.012540 0.012511 0.012519 0.012526 
T_stage 1: 0.039551 0.026920 0.026717 0.026544 0.026709 
Config: granularity=100000, SDR=1000, ADR=0, Rigid=1, Capture_Method=0
Stage 0: PT=0, T_stage=0.012350, bytes=0, T_capped=0
Stage 1: PT=6, T_stage=0.000000, bytes=33176880, T_capped=0
Group 0: Iters=5, Procs=20, Factors=1.000000, Dist=2, RM=0, SM=0, RS=0, SS=0, parents=0, children=52
Async_Iters: 0
T_iter: 0.053684 0.041411 0.041357 0.041300 0.041461 
T_stage 0: 0.012514 0.012517 0.012530 0.012515 0.012595 
T_stage 1: 0.041162 0.028886 0.028820 0.028774 0.028856 
Config: granularity=100000, SDR=1000, ADR=0, Rigid=1, Capture_Method=0
Stage 0: PT=0, T_stage=0.012350, bytes=0, T_capped=0
Stage 1: PT=6, T_stage=0.000000, bytes=33176880, T_capped=0
Group 0: Iters=5, Procs=20, Factors=1.000000, Dist=2, RM=0, SM=0, RS=0, SS=0, parents=0, children=52
Async_Iters: 0
T_iter: 0.053218 0.040280 0.040325 0.040318 0.040248 
T_stage 0: 0.012522 0.012519 0.012524 0.012586 0.012542 
T_stage 1: 0.040688 0.027738 0.027779 0.027724 0.027696 
Config: granularity=100000, SDR=1000, ADR=0, Rigid=1, Capture_Method=0
Stage 0: PT=0, T_stage=0.012350, bytes=0, T_capped=0
Stage 1: PT=6, T_stage=0.000000, bytes=33176880, T_capped=0
Group 0: Iters=5, Procs=20, Factors=1.000000, Dist=2, RM=0, SM=0, RS=0, SS=0, parents=0, children=52
Async_Iters: 0
T_iter: 0.053472 0.040575 0.040339 0.040262 0.040298 
T_stage 0: 0.012509 0.012730 0.012560 0.012518 0.012533 
T_stage 1: 0.040954 0.027838 0.027769 0.027737 0.027757 
Config: granularity=100000, SDR=1000, ADR=0, Rigid=1, Capture_Method=0
Stage 0: PT=0, T_stage=0.012350, bytes=0, T_capped=0
Stage 1: PT=6, T_stage=0.000000, bytes=33176880, T_capped=0
Group 0: Iters=5, Procs=20, Factors=1.000000, Dist=2, RM=0, SM=0, RS=0, SS=0, parents=0, children=52
Async_Iters: 0
T_iter: 0.053853 0.041670 0.041398 0.041453 0.041502 
T_stage 0: 0.012538 0.012528 0.012530 0.012583 0.012571 
T_stage 1: 0.041307 0.029134 0.028859 0.028861 0.028911 
Config: granularity=100000, SDR=1000, ADR=0, Rigid=1, Capture_Method=0
Stage 0: PT=0, T_stage=0.012350, bytes=0, T_capped=0
Stage 1: PT=6, T_stage=0.000000, bytes=33176880, T_capped=0
Group 0: Iters=5, Procs=20, Factors=1.000000, Dist=2, RM=0, SM=0, RS=0, SS=0, parents=0, children=52
Async_Iters: 0
T_iter: 0.053229 0.040391 0.040366 0.040434 0.040352 
T_stage 0: 0.012530 0.012514 0.012528 0.012537 0.012534 
T_stage 1: 0.040675 0.027856 0.027831 0.027878 0.027812 
Config: granularity=100000, SDR=1000, ADR=0, Rigid=1, Capture_Method=0
Stage 0: PT=0, T_stage=0.012350, bytes=0, T_capped=0
Stage 1: PT=6, T_stage=0.000000, bytes=33176880, T_capped=0
Group 0: Iters=5, Procs=20, Factors=1.000000, Dist=2, RM=0, SM=0, RS=0, SS=0, parents=0, children=52
Async_Iters: 0
T_iter: 0.054164 0.041421 0.041541 0.041508 0.041525 
T_stage 0: 0.012512 0.012524 0.012522 0.012513 0.012567 
T_stage 1: 0.041644 0.028887 0.029012 0.028986 0.028949 
Config: granularity=100000, SDR=1000, ADR=0, Rigid=1, Capture_Method=0
Stage 0: PT=0, T_stage=0.012350, bytes=0, T_capped=0
Stage 1: PT=6, T_stage=0.000000, bytes=33176880, T_capped=0
Group 0: Iters=5, Procs=20, Factors=1.000000, Dist=2, RM=0, SM=0, RS=0, SS=0, parents=0, children=52
Async_Iters: 0
T_iter: 0.051984 0.039485 0.039258 0.039358 0.039173 
T_stage 0: 0.012519 0.012516 0.012523 0.012534 0.012524 
T_stage 1: 0.039455 0.026961 0.026724 0.026816 0.026641 
Config: granularity=100000, SDR=1000, ADR=0, Rigid=1, Capture_Method=0
Stage 0: PT=0, T_stage=0.012350, bytes=0, T_capped=0
Stage 1: PT=6, T_stage=0.000000, bytes=33176880, T_capped=0
Group 0: Iters=5, Procs=20, Factors=1.000000, Dist=2, RM=0, SM=0, RS=0, SS=0, parents=0, children=52
Async_Iters: 0
T_iter: 0.052295 0.039399 0.039341 0.039737 0.039318 
T_stage 0: 0.012506 0.012565 0.012524 0.012868 0.012537 
T_stage 1: 0.039777 0.026826 0.026808 0.026860 0.026770 
