Config loaded: R=1, S=2, granularity=100000, SDR=1000, ADR=0, Rigid=1, Capture_Method=0
Stage 0: PT=0, T_stage=0.012350, bytes=0, T_capped=0
Stage 1: PT=6, T_stage=0.000000, bytes=33176880, T_capped=0
Group 0: Iters=5, Procs=20, Factors=1.000000, Dist=2, RM=0, SM=0, RS=0, SS=0
Group 1: Iters=10, Procs=52, Factors=1.000000, Dist=2, RM=0, SM=1, RS=0, SS=5
T_spawn: 1.727821 
T_SR: 0.000893 
T_AR: 0.000000 
T_US: 0.060060 
T_Malleability: 1.790835 
T_total: 2.962556
Config loaded: R=1, S=2, granularity=100000, SDR=1000, ADR=0, Rigid=1, Capture_Method=0
Stage 0: PT=0, T_stage=0.012350, bytes=0, T_capped=0
Stage 1: PT=6, T_stage=0.000000, bytes=33176880, T_capped=0
Group 0: Iters=5, Procs=20, Factors=1.000000, Dist=2, RM=0, SM=0, RS=0, SS=0
Group 1: Iters=10, Procs=52, Factors=1.000000, Dist=2, RM=0, SM=1, RS=0, SS=5
T_spawn: 1.948092 
T_SR: 0.000495 
T_AR: 0.000000 
T_US: 0.037589 
T_Malleability: 1.988472 
T_total: 2.851521
Config loaded: R=1, S=2, granularity=100000, SDR=1000, ADR=0, Rigid=1, Capture_Method=0
Stage 0: PT=0, T_stage=0.012350, bytes=0, T_capped=0
Stage 1: PT=6, T_stage=0.000000, bytes=33176880, T_capped=0
Group 0: Iters=5, Procs=20, Factors=1.000000, Dist=2, RM=0, SM=0, RS=0, SS=0
Group 1: Iters=10, Procs=52, Factors=1.000000, Dist=2, RM=0, SM=1, RS=0, SS=5
T_spawn: 1.821742 
T_SR: 0.000999 
T_AR: 0.000000 
T_US: 0.024372 
T_Malleability: 1.849369 
T_total: 2.663251
Config loaded: R=1, S=2, granularity=100000, SDR=1000, ADR=0, Rigid=1, Capture_Method=0
Stage 0: PT=0, T_stage=0.012350, bytes=0, T_capped=0
Stage 1: PT=6, T_stage=0.000000, bytes=33176880, T_capped=0
Group 0: Iters=5, Procs=20, Factors=1.000000, Dist=2, RM=0, SM=0, RS=0, SS=0
Group 1: Iters=10, Procs=52, Factors=1.000000, Dist=2, RM=0, SM=1, RS=0, SS=5
T_spawn: 1.798005 
T_SR: 0.001145 
T_AR: 0.000000 
T_US: 0.010920 
T_Malleability: 1.812302 
T_total: 2.639346
Config loaded: R=1, S=2, granularity=100000, SDR=1000, ADR=0, Rigid=1, Capture_Method=0
Stage 0: PT=0, T_stage=0.012350, bytes=0, T_capped=0
Stage 1: PT=6, T_stage=0.000000, bytes=33176880, T_capped=0
Group 0: Iters=5, Procs=20, Factors=1.000000, Dist=2, RM=0, SM=0, RS=0, SS=0
Group 1: Iters=10, Procs=52, Factors=1.000000, Dist=2, RM=0, SM=1, RS=0, SS=5
T_spawn: 1.944663 
T_SR: 0.000924 
T_AR: 0.000000 
T_US: 0.054825 
T_Malleability: 2.002698 
T_total: 2.783465
Config loaded: R=1, S=2, granularity=100000, SDR=1000, ADR=0, Rigid=1, Capture_Method=0
Stage 0: PT=0, T_stage=0.012350, bytes=0, T_capped=0
Stage 1: PT=6, T_stage=0.000000, bytes=33176880, T_capped=0
Group 0: Iters=5, Procs=20, Factors=1.000000, Dist=2, RM=0, SM=0, RS=0, SS=0
Group 1: Iters=10, Procs=52, Factors=1.000000, Dist=2, RM=0, SM=1, RS=0, SS=5
T_spawn: 1.730790 
T_SR: 0.000984 
T_AR: 0.000000 
T_US: 0.031651 
T_Malleability: 1.765566 
T_total: 2.570169
Config loaded: R=1, S=2, granularity=100000, SDR=1000, ADR=0, Rigid=1, Capture_Method=0
Stage 0: PT=0, T_stage=0.012350, bytes=0, T_capped=0
Stage 1: PT=6, T_stage=0.000000, bytes=33176880, T_capped=0
Group 0: Iters=5, Procs=20, Factors=1.000000, Dist=2, RM=0, SM=0, RS=0, SS=0
Group 1: Iters=10, Procs=52, Factors=1.000000, Dist=2, RM=0, SM=1, RS=0, SS=5
T_spawn: 1.985674 
T_SR: 0.000919 
T_AR: 0.000000 
T_US: 0.029836 
T_Malleability: 2.018998 
T_total: 2.881771
Config loaded: R=1, S=2, granularity=100000, SDR=1000, ADR=0, Rigid=1, Capture_Method=0
Stage 0: PT=0, T_stage=0.012350, bytes=0, T_capped=0
Stage 1: PT=6, T_stage=0.000000, bytes=33176880, T_capped=0
Group 0: Iters=5, Procs=20, Factors=1.000000, Dist=2, RM=0, SM=0, RS=0, SS=0
Group 1: Iters=10, Procs=52, Factors=1.000000, Dist=2, RM=0, SM=1, RS=0, SS=5
T_spawn: 1.960388 
T_SR: 0.000830 
T_AR: 0.000000 
T_US: 0.018051 
T_Malleability: 1.981708 
T_total: 2.737061
Config loaded: R=1, S=2, granularity=100000, SDR=1000, ADR=0, Rigid=1, Capture_Method=0
Stage 0: PT=0, T_stage=0.012350, bytes=0, T_capped=0
Stage 1: PT=6, T_stage=0.000000, bytes=33176880, T_capped=0
Group 0: Iters=5, Procs=20, Factors=1.000000, Dist=2, RM=0, SM=0, RS=0, SS=0
Group 1: Iters=10, Procs=52, Factors=1.000000, Dist=2, RM=0, SM=1, RS=0, SS=5
T_spawn: 1.921884 
T_SR: 0.000824 
T_AR: 0.000000 
T_US: 0.034446 
T_Malleability: 1.959561 
T_total: 2.750973
Config loaded: R=1, S=2, granularity=100000, SDR=1000, ADR=0, Rigid=1, Capture_Method=0
Stage 0: PT=0, T_stage=0.012350, bytes=0, T_capped=0
Stage 1: PT=6, T_stage=0.000000, bytes=33176880, T_capped=0
Group 0: Iters=5, Procs=20, Factors=1.000000, Dist=2, RM=0, SM=0, RS=0, SS=0
Group 1: Iters=10, Procs=52, Factors=1.000000, Dist=2, RM=0, SM=1, RS=0, SS=5
T_spawn: 1.789685 
T_SR: 0.000897 
T_AR: 0.000000 
T_US: 0.030326 
T_Malleability: 1.823832 
T_total: 2.802536
Config loaded: R=1, S=2, granularity=100000, SDR=1000, ADR=0, Rigid=1, Capture_Method=0
Stage 0: PT=0, T_stage=0.012350, bytes=0, T_capped=0
Stage 1: PT=6, T_stage=0.000000, bytes=33176880, T_capped=0
Group 0: Iters=5, Procs=20, Factors=1.000000, Dist=2, RM=0, SM=0, RS=0, SS=0
Group 1: Iters=10, Procs=52, Factors=1.000000, Dist=2, RM=0, SM=1, RS=0, SS=5
T_spawn: 1.740400 
T_SR: 0.000824 
T_AR: 0.000000 
T_US: 0.027327 
T_Malleability: 1.770787 
T_total: 2.645430
Config loaded: R=1, S=2, granularity=100000, SDR=1000, ADR=0, Rigid=1, Capture_Method=0
Stage 0: PT=0, T_stage=0.012350, bytes=0, T_capped=0
Stage 1: PT=6, T_stage=0.000000, bytes=33176880, T_capped=0
Group 0: Iters=5, Procs=20, Factors=1.000000, Dist=2, RM=0, SM=0, RS=0, SS=0
Group 1: Iters=10, Procs=52, Factors=1.000000, Dist=2, RM=0, SM=1, RS=0, SS=5
T_spawn: 1.773427 
T_SR: 0.000797 
T_AR: 0.000000 
T_US: 0.020721 
T_Malleability: 1.797287 
T_total: 2.595405
Config loaded: R=1, S=2, granularity=100000, SDR=1000, ADR=0, Rigid=1, Capture_Method=0
Stage 0: PT=0, T_stage=0.012350, bytes=0, T_capped=0
Stage 1: PT=6, T_stage=0.000000, bytes=33176880, T_capped=0
Group 0: Iters=5, Procs=20, Factors=1.000000, Dist=2, RM=0, SM=0, RS=0, SS=0
Group 1: Iters=10, Procs=52, Factors=1.000000, Dist=2, RM=0, SM=1, RS=0, SS=5
T_spawn: 1.818235 
T_SR: 0.000586 
T_AR: 0.000000 
T_US: 0.038727 
T_Malleability: 1.860073 
T_total: 2.699780
Config loaded: R=1, S=2, granularity=100000, SDR=1000, ADR=0, Rigid=1, Capture_Method=0
Stage 0: PT=0, T_stage=0.012350, bytes=0, T_capped=0
Stage 1: PT=6, T_stage=0.000000, bytes=33176880, T_capped=0
Group 0: Iters=5, Procs=20, Factors=1.000000, Dist=2, RM=0, SM=0, RS=0, SS=0
Group 1: Iters=10, Procs=52, Factors=1.000000, Dist=2, RM=0, SM=1, RS=0, SS=5
T_spawn: 1.867905 
T_SR: 0.000403 
T_AR: 0.000000 
T_US: 0.016266 
T_Malleability: 1.886664 
T_total: 2.755789
Config loaded: R=1, S=2, granularity=100000, SDR=1000, ADR=0, Rigid=1, Capture_Method=0
Stage 0: PT=0, T_stage=0.012350, bytes=0, T_capped=0
Stage 1: PT=6, T_stage=0.000000, bytes=33176880, T_capped=0
Group 0: Iters=5, Procs=20, Factors=1.000000, Dist=2, RM=0, SM=0, RS=0, SS=0
Group 1: Iters=10, Procs=52, Factors=1.000000, Dist=2, RM=0, SM=1, RS=0, SS=5
T_spawn: 1.839790 
T_SR: 0.000698 
T_AR: 0.000000 
T_US: 0.016716 
T_Malleability: 1.859474 
T_total: 2.677662
Config loaded: R=1, S=2, granularity=100000, SDR=1000, ADR=0, Rigid=1, Capture_Method=0
Stage 0: PT=0, T_stage=0.012350, bytes=0, T_capped=0
Stage 1: PT=6, T_stage=0.000000, bytes=33176880, T_capped=0
Group 0: Iters=5, Procs=20, Factors=1.000000, Dist=2, RM=0, SM=0, RS=0, SS=0
Group 1: Iters=10, Procs=52, Factors=1.000000, Dist=2, RM=0, SM=1, RS=0, SS=5
T_spawn: 1.736832 
T_SR: 0.000689 
T_AR: 0.000000 
T_US: 0.035956 
T_Malleability: 1.775684 
T_total: 2.615393
Config loaded: R=1, S=2, granularity=100000, SDR=1000, ADR=0, Rigid=1, Capture_Method=0
Stage 0: PT=0, T_stage=0.012350, bytes=0, T_capped=0
Stage 1: PT=6, T_stage=0.000000, bytes=33176880, T_capped=0
Group 0: Iters=5, Procs=20, Factors=1.000000, Dist=2, RM=0, SM=0, RS=0, SS=0
Group 1: Iters=10, Procs=52, Factors=1.000000, Dist=2, RM=0, SM=1, RS=0, SS=5
T_spawn: 1.877858 
T_SR: 0.000986 
T_AR: 0.000000 
T_US: 0.029776 
T_Malleability: 1.910753 
T_total: 2.765735
Config loaded: R=1, S=2, granularity=100000, SDR=1000, ADR=0, Rigid=1, Capture_Method=0
Stage 0: PT=0, T_stage=0.012350, bytes=0, T_capped=0
Stage 1: PT=6, T_stage=0.000000, bytes=33176880, T_capped=0
Group 0: Iters=5, Procs=20, Factors=1.000000, Dist=2, RM=0, SM=0, RS=0, SS=0
Group 1: Iters=10, Procs=52, Factors=1.000000, Dist=2, RM=0, SM=1, RS=0, SS=5
T_spawn: 1.807496 
T_SR: 0.000942 
T_AR: 0.000000 
T_US: 0.034103 
T_Malleability: 1.844605 
T_total: 2.638218
Config loaded: R=1, S=2, granularity=100000, SDR=1000, ADR=0, Rigid=1, Capture_Method=0
Stage 0: PT=0, T_stage=0.012350, bytes=0, T_capped=0
Stage 1: PT=6, T_stage=0.000000, bytes=33176880, T_capped=0
Group 0: Iters=5, Procs=20, Factors=1.000000, Dist=2, RM=0, SM=0, RS=0, SS=0
Group 1: Iters=10, Procs=52, Factors=1.000000, Dist=2, RM=0, SM=1, RS=0, SS=5
T_spawn: 1.641463 
T_SR: 0.000446 
T_AR: 0.000000 
T_US: 0.039260 
T_Malleability: 1.683562 
T_total: 2.958291
Config loaded: R=1, S=2, granularity=100000, SDR=1000, ADR=0, Rigid=1, Capture_Method=0
Stage 0: PT=0, T_stage=0.012350, bytes=0, T_capped=0
Stage 1: PT=6, T_stage=0.000000, bytes=33176880, T_capped=0
Group 0: Iters=5, Procs=20, Factors=1.000000, Dist=2, RM=0, SM=0, RS=0, SS=0
Group 1: Iters=10, Procs=52, Factors=1.000000, Dist=2, RM=0, SM=1, RS=0, SS=5
T_spawn: 1.875329 
T_SR: 0.000773 
T_AR: 0.000000 
T_US: 0.027192 
T_Malleability: 1.906011 
T_total: 2.735880
