Config loaded: R=1, S=2, granularity=100000, SDR=1000, ADR=0, Rigid=1, Capture_Method=0
Stage 0: PT=0, T_stage=0.012350, bytes=0, T_capped=0
Stage 1: PT=6, T_stage=0.000000, bytes=33176880, T_capped=0
Group 0: Iters=5, Procs=20, Factors=1.000000, Dist=2, RM=0, SM=0, RS=0, SS=0
Group 1: Iters=10, Procs=104, Factors=1.000000, Dist=2, RM=0, SM=1, RS=0, SS=5
T_spawn: 2.117303 
T_SR: 0.001040 
T_AR: 0.000000 
T_US: 0.062148 
T_Malleability: 2.183605 
T_total: 3.408773
Config loaded: R=1, S=2, granularity=100000, SDR=1000, ADR=0, Rigid=1, Capture_Method=0
Stage 0: PT=0, T_stage=0.012350, bytes=0, T_capped=0
Stage 1: PT=6, T_stage=0.000000, bytes=33176880, T_capped=0
Group 0: Iters=5, Procs=20, Factors=1.000000, Dist=2, RM=0, SM=0, RS=0, SS=0
Group 1: Iters=10, Procs=104, Factors=1.000000, Dist=2, RM=0, SM=1, RS=0, SS=5
T_spawn: 1.922592 
T_SR: 0.001111 
T_AR: 0.000000 
T_US: 0.016087 
T_Malleability: 1.942456 
T_total: 3.142642
Config loaded: R=1, S=2, granularity=100000, SDR=1000, ADR=0, Rigid=1, Capture_Method=0
Stage 0: PT=0, T_stage=0.012350, bytes=0, T_capped=0
Stage 1: PT=6, T_stage=0.000000, bytes=33176880, T_capped=0
Group 0: Iters=5, Procs=20, Factors=1.000000, Dist=2, RM=0, SM=0, RS=0, SS=0
Group 1: Iters=10, Procs=104, Factors=1.000000, Dist=2, RM=0, SM=1, RS=0, SS=5
T_spawn: 1.833444 
T_SR: 0.001265 
T_AR: 0.000000 
T_US: 0.016299 
T_Malleability: 1.853837 
T_total: 2.751356
Config loaded: R=1, S=2, granularity=100000, SDR=1000, ADR=0, Rigid=1, Capture_Method=0
Stage 0: PT=0, T_stage=0.012350, bytes=0, T_capped=0
Stage 1: PT=6, T_stage=0.000000, bytes=33176880, T_capped=0
Group 0: Iters=5, Procs=20, Factors=1.000000, Dist=2, RM=0, SM=0, RS=0, SS=0
Group 1: Iters=10, Procs=104, Factors=1.000000, Dist=2, RM=0, SM=1, RS=0, SS=5
T_spawn: 1.916187 
T_SR: 0.001185 
T_AR: 0.000000 
T_US: 0.017169 
T_Malleability: 1.937753 
T_total: 2.844444
Config loaded: R=1, S=2, granularity=100000, SDR=1000, ADR=0, Rigid=1, Capture_Method=0
Stage 0: PT=0, T_stage=0.012350, bytes=0, T_capped=0
Stage 1: PT=6, T_stage=0.000000, bytes=33176880, T_capped=0
Group 0: Iters=5, Procs=20, Factors=1.000000, Dist=2, RM=0, SM=0, RS=0, SS=0
Group 1: Iters=10, Procs=104, Factors=1.000000, Dist=2, RM=0, SM=1, RS=0, SS=5
T_spawn: 1.947142 
T_SR: 0.001274 
T_AR: 0.000000 
T_US: 0.025687 
T_Malleability: 1.977065 
T_total: 2.840210
Config loaded: R=1, S=2, granularity=100000, SDR=1000, ADR=0, Rigid=1, Capture_Method=0
Stage 0: PT=0, T_stage=0.012350, bytes=0, T_capped=0
Stage 1: PT=6, T_stage=0.000000, bytes=33176880, T_capped=0
Group 0: Iters=5, Procs=20, Factors=1.000000, Dist=2, RM=0, SM=0, RS=0, SS=0
Group 1: Iters=10, Procs=104, Factors=1.000000, Dist=2, RM=0, SM=1, RS=0, SS=5
T_spawn: 2.195269 
T_SR: 0.001272 
T_AR: 0.000000 
T_US: 0.018080 
T_Malleability: 2.217276 
T_total: 3.359172
Config loaded: R=1, S=2, granularity=100000, SDR=1000, ADR=0, Rigid=1, Capture_Method=0
Stage 0: PT=0, T_stage=0.012350, bytes=0, T_capped=0
Stage 1: PT=6, T_stage=0.000000, bytes=33176880, T_capped=0
Group 0: Iters=5, Procs=20, Factors=1.000000, Dist=2, RM=0, SM=0, RS=0, SS=0
Group 1: Iters=10, Procs=104, Factors=1.000000, Dist=2, RM=0, SM=1, RS=0, SS=5
T_spawn: 2.168623 
T_SR: 0.001240 
T_AR: 0.000000 
T_US: 0.018081 
T_Malleability: 2.190551 
T_total: 3.042723
Config loaded: R=1, S=2, granularity=100000, SDR=1000, ADR=0, Rigid=1, Capture_Method=0
Stage 0: PT=0, T_stage=0.012350, bytes=0, T_capped=0
Stage 1: PT=6, T_stage=0.000000, bytes=33176880, T_capped=0
Group 0: Iters=5, Procs=20, Factors=1.000000, Dist=2, RM=0, SM=0, RS=0, SS=0
Group 1: Iters=10, Procs=104, Factors=1.000000, Dist=2, RM=0, SM=1, RS=0, SS=5
T_spawn: 1.917643 
T_SR: 0.001036 
T_AR: 0.000000 
T_US: 0.014168 
T_Malleability: 1.935668 
T_total: 2.809264
Config loaded: R=1, S=2, granularity=100000, SDR=1000, ADR=0, Rigid=1, Capture_Method=0
Stage 0: PT=0, T_stage=0.012350, bytes=0, T_capped=0
Stage 1: PT=6, T_stage=0.000000, bytes=33176880, T_capped=0
Group 0: Iters=5, Procs=20, Factors=1.000000, Dist=2, RM=0, SM=0, RS=0, SS=0
Group 1: Iters=10, Procs=104, Factors=1.000000, Dist=2, RM=0, SM=1, RS=0, SS=5
T_spawn: 2.060130 
T_SR: 0.001199 
T_AR: 0.000000 
T_US: 0.028353 
T_Malleability: 2.092887 
T_total: 2.891627
Config loaded: R=1, S=2, granularity=100000, SDR=1000, ADR=0, Rigid=1, Capture_Method=0
Stage 0: PT=0, T_stage=0.012350, bytes=0, T_capped=0
Stage 1: PT=6, T_stage=0.000000, bytes=33176880, T_capped=0
Group 0: Iters=5, Procs=20, Factors=1.000000, Dist=2, RM=0, SM=0, RS=0, SS=0
Group 1: Iters=10, Procs=104, Factors=1.000000, Dist=2, RM=0, SM=1, RS=0, SS=5
T_spawn: 1.893087 
T_SR: 0.001125 
T_AR: 0.000000 
T_US: 0.016496 
T_Malleability: 1.913865 
T_total: 2.789860
Config loaded: R=1, S=2, granularity=100000, SDR=1000, ADR=0, Rigid=1, Capture_Method=0
Stage 0: PT=0, T_stage=0.012350, bytes=0, T_capped=0
Stage 1: PT=6, T_stage=0.000000, bytes=33176880, T_capped=0
Group 0: Iters=5, Procs=20, Factors=1.000000, Dist=2, RM=0, SM=0, RS=0, SS=0
Group 1: Iters=10, Procs=104, Factors=1.000000, Dist=2, RM=0, SM=1, RS=0, SS=5
T_spawn: 2.000414 
T_SR: 0.001111 
T_AR: 0.000000 
T_US: 0.009727 
T_Malleability: 2.014258 
T_total: 2.866777
Config loaded: R=1, S=2, granularity=100000, SDR=1000, ADR=0, Rigid=1, Capture_Method=0
Stage 0: PT=0, T_stage=0.012350, bytes=0, T_capped=0
Stage 1: PT=6, T_stage=0.000000, bytes=33176880, T_capped=0
Group 0: Iters=5, Procs=20, Factors=1.000000, Dist=2, RM=0, SM=0, RS=0, SS=0
Group 1: Iters=10, Procs=104, Factors=1.000000, Dist=2, RM=0, SM=1, RS=0, SS=5
T_spawn: 1.897321 
T_SR: 0.001150 
T_AR: 0.000000 
T_US: 0.020906 
T_Malleability: 1.922049 
T_total: 2.925893
Config loaded: R=1, S=2, granularity=100000, SDR=1000, ADR=0, Rigid=1, Capture_Method=0
Stage 0: PT=0, T_stage=0.012350, bytes=0, T_capped=0
Stage 1: PT=6, T_stage=0.000000, bytes=33176880, T_capped=0
Group 0: Iters=5, Procs=20, Factors=1.000000, Dist=2, RM=0, SM=0, RS=0, SS=0
Group 1: Iters=10, Procs=104, Factors=1.000000, Dist=2, RM=0, SM=1, RS=0, SS=5
T_spawn: 2.016443 
T_SR: 0.001342 
T_AR: 0.000000 
T_US: 0.029408 
T_Malleability: 2.052772 
T_total: 3.149756
Config loaded: R=1, S=2, granularity=100000, SDR=1000, ADR=0, Rigid=1, Capture_Method=0
Stage 0: PT=0, T_stage=0.012350, bytes=0, T_capped=0
Stage 1: PT=6, T_stage=0.000000, bytes=33176880, T_capped=0
Group 0: Iters=5, Procs=20, Factors=1.000000, Dist=2, RM=0, SM=0, RS=0, SS=0
Group 1: Iters=10, Procs=104, Factors=1.000000, Dist=2, RM=0, SM=1, RS=0, SS=5
T_spawn: 1.903460 
T_SR: 0.001293 
T_AR: 0.000000 
T_US: 0.016906 
T_Malleability: 1.924835 
T_total: 2.922972
Config loaded: R=1, S=2, granularity=100000, SDR=1000, ADR=0, Rigid=1, Capture_Method=0
Stage 0: PT=0, T_stage=0.012350, bytes=0, T_capped=0
Stage 1: PT=6, T_stage=0.000000, bytes=33176880, T_capped=0
Group 0: Iters=5, Procs=20, Factors=1.000000, Dist=2, RM=0, SM=0, RS=0, SS=0
Group 1: Iters=10, Procs=104, Factors=1.000000, Dist=2, RM=0, SM=1, RS=0, SS=5
T_spawn: 2.182201 
T_SR: 0.001146 
T_AR: 0.000000 
T_US: 0.013915 
T_Malleability: 2.199989 
T_total: 3.035259
Config loaded: R=1, S=2, granularity=100000, SDR=1000, ADR=0, Rigid=1, Capture_Method=0
Stage 0: PT=0, T_stage=0.012350, bytes=0, T_capped=0
Stage 1: PT=6, T_stage=0.000000, bytes=33176880, T_capped=0
Group 0: Iters=5, Procs=20, Factors=1.000000, Dist=2, RM=0, SM=0, RS=0, SS=0
Group 1: Iters=10, Procs=104, Factors=1.000000, Dist=2, RM=0, SM=1, RS=0, SS=5
T_spawn: 1.909253 
T_SR: 0.001222 
T_AR: 0.000000 
T_US: 0.034261 
T_Malleability: 1.947505 
T_total: 2.845010
Config loaded: R=1, S=2, granularity=100000, SDR=1000, ADR=0, Rigid=1, Capture_Method=0
Stage 0: PT=0, T_stage=0.012350, bytes=0, T_capped=0
Stage 1: PT=6, T_stage=0.000000, bytes=33176880, T_capped=0
Group 0: Iters=5, Procs=20, Factors=1.000000, Dist=2, RM=0, SM=0, RS=0, SS=0
Group 1: Iters=10, Procs=104, Factors=1.000000, Dist=2, RM=0, SM=1, RS=0, SS=5
T_spawn: 1.852672 
T_SR: 0.001336 
T_AR: 0.000000 
T_US: 0.017179 
T_Malleability: 1.873890 
T_total: 2.763911
Config loaded: R=1, S=2, granularity=100000, SDR=1000, ADR=0, Rigid=1, Capture_Method=0
Stage 0: PT=0, T_stage=0.012350, bytes=0, T_capped=0
Stage 1: PT=6, T_stage=0.000000, bytes=33176880, T_capped=0
Group 0: Iters=5, Procs=20, Factors=1.000000, Dist=2, RM=0, SM=0, RS=0, SS=0
Group 1: Iters=10, Procs=104, Factors=1.000000, Dist=2, RM=0, SM=1, RS=0, SS=5
T_spawn: 2.015090 
T_SR: 0.001286 
T_AR: 0.000000 
T_US: 0.026279 
T_Malleability: 2.045234 
T_total: 2.916452
Config loaded: R=1, S=2, granularity=100000, SDR=1000, ADR=0, Rigid=1, Capture_Method=0
Stage 0: PT=0, T_stage=0.012350, bytes=0, T_capped=0
Stage 1: PT=6, T_stage=0.000000, bytes=33176880, T_capped=0
Group 0: Iters=5, Procs=20, Factors=1.000000, Dist=2, RM=0, SM=0, RS=0, SS=0
Group 1: Iters=10, Procs=104, Factors=1.000000, Dist=2, RM=0, SM=1, RS=0, SS=5
T_spawn: 2.149408 
T_SR: 0.001228 
T_AR: 0.000000 
T_US: 0.014104 
T_Malleability: 2.167306 
T_total: 3.115587
Config loaded: R=1, S=2, granularity=100000, SDR=1000, ADR=0, Rigid=1, Capture_Method=0
Stage 0: PT=0, T_stage=0.012350, bytes=0, T_capped=0
Stage 1: PT=6, T_stage=0.000000, bytes=33176880, T_capped=0
Group 0: Iters=5, Procs=20, Factors=1.000000, Dist=2, RM=0, SM=0, RS=0, SS=0
Group 1: Iters=10, Procs=104, Factors=1.000000, Dist=2, RM=0, SM=1, RS=0, SS=5
T_spawn: 1.900958 
T_SR: 0.001140 
T_AR: 0.000000 
T_US: 0.017132 
T_Malleability: 1.921981 
T_total: 2.833385
