Config loaded: R=1, S=2, granularity=100000, SDR=1000, ADR=0, Rigid=1, Capture_Method=0
Stage 0: PT=0, T_stage=0.012350, bytes=0, T_capped=0
Stage 1: PT=6, T_stage=0.000000, bytes=33176880, T_capped=0
Group 0: Iters=5, Procs=20, Factors=1.000000, Dist=2, RM=0, SM=0, RS=0, SS=0
Group 1: Iters=10, Procs=156, Factors=1.000000, Dist=2, RM=0, SM=1, RS=0, SS=5
T_spawn: 2.079655 
T_SR: 0.001337 
T_AR: 0.000000 
T_US: 0.055950 
T_Malleability: 2.139470 
T_total: 3.378159
Config loaded: R=1, S=2, granularity=100000, SDR=1000, ADR=0, Rigid=1, Capture_Method=0
Stage 0: PT=0, T_stage=0.012350, bytes=0, T_capped=0
Stage 1: PT=6, T_stage=0.000000, bytes=33176880, T_capped=0
Group 0: Iters=5, Procs=20, Factors=1.000000, Dist=2, RM=0, SM=0, RS=0, SS=0
Group 1: Iters=10, Procs=156, Factors=1.000000, Dist=2, RM=0, SM=1, RS=0, SS=5
T_spawn: 2.090941 
T_SR: 0.001464 
T_AR: 0.000000 
T_US: 0.065798 
T_Malleability: 2.160678 
T_total: 3.102155
Config loaded: R=1, S=2, granularity=100000, SDR=1000, ADR=0, Rigid=1, Capture_Method=0
Stage 0: PT=0, T_stage=0.012350, bytes=0, T_capped=0
Stage 1: PT=6, T_stage=0.000000, bytes=33176880, T_capped=0
Group 0: Iters=5, Procs=20, Factors=1.000000, Dist=2, RM=0, SM=0, RS=0, SS=0
Group 1: Iters=10, Procs=156, Factors=1.000000, Dist=2, RM=0, SM=1, RS=0, SS=5
T_spawn: 2.033908 
T_SR: 0.001393 
T_AR: 0.000000 
T_US: 0.031537 
T_Malleability: 2.069579 
T_total: 3.246340
Config loaded: R=1, S=2, granularity=100000, SDR=1000, ADR=0, Rigid=1, Capture_Method=0
Stage 0: PT=0, T_stage=0.012350, bytes=0, T_capped=0
Stage 1: PT=6, T_stage=0.000000, bytes=33176880, T_capped=0
Group 0: Iters=5, Procs=20, Factors=1.000000, Dist=2, RM=0, SM=0, RS=0, SS=0
Group 1: Iters=10, Procs=156, Factors=1.000000, Dist=2, RM=0, SM=1, RS=0, SS=5
T_spawn: 2.050428 
T_SR: 0.001538 
T_AR: 0.000000 
T_US: 0.024156 
T_Malleability: 2.079261 
T_total: 3.219922
Config loaded: R=1, S=2, granularity=100000, SDR=1000, ADR=0, Rigid=1, Capture_Method=0
Stage 0: PT=0, T_stage=0.012350, bytes=0, T_capped=0
Stage 1: PT=6, T_stage=0.000000, bytes=33176880, T_capped=0
Group 0: Iters=5, Procs=20, Factors=1.000000, Dist=2, RM=0, SM=0, RS=0, SS=0
Group 1: Iters=10, Procs=156, Factors=1.000000, Dist=2, RM=0, SM=1, RS=0, SS=5
T_spawn: 2.143337 
T_SR: 0.001497 
T_AR: 0.000000 
T_US: 0.038391 
T_Malleability: 2.185773 
T_total: 3.110409
Config loaded: R=1, S=2, granularity=100000, SDR=1000, ADR=0, Rigid=1, Capture_Method=0
Stage 0: PT=0, T_stage=0.012350, bytes=0, T_capped=0
Stage 1: PT=6, T_stage=0.000000, bytes=33176880, T_capped=0
Group 0: Iters=5, Procs=20, Factors=1.000000, Dist=2, RM=0, SM=0, RS=0, SS=0
Group 1: Iters=10, Procs=156, Factors=1.000000, Dist=2, RM=0, SM=1, RS=0, SS=5
T_spawn: 2.029732 
T_SR: 0.001391 
T_AR: 0.000000 
T_US: 0.022942 
T_Malleability: 2.056704 
T_total: 3.023288
Config loaded: R=1, S=2, granularity=100000, SDR=1000, ADR=0, Rigid=1, Capture_Method=0
Stage 0: PT=0, T_stage=0.012350, bytes=0, T_capped=0
Stage 1: PT=6, T_stage=0.000000, bytes=33176880, T_capped=0
Group 0: Iters=5, Procs=20, Factors=1.000000, Dist=2, RM=0, SM=0, RS=0, SS=0
Group 1: Iters=10, Procs=156, Factors=1.000000, Dist=2, RM=0, SM=1, RS=0, SS=5
T_spawn: 2.076198 
T_SR: 0.001755 
T_AR: 0.000000 
T_US: 0.037644 
T_Malleability: 2.118243 
T_total: 2.983455
Config loaded: R=1, S=2, granularity=100000, SDR=1000, ADR=0, Rigid=1, Capture_Method=0
Stage 0: PT=0, T_stage=0.012350, bytes=0, T_capped=0
Stage 1: PT=6, T_stage=0.000000, bytes=33176880, T_capped=0
Group 0: Iters=5, Procs=20, Factors=1.000000, Dist=2, RM=0, SM=0, RS=0, SS=0
Group 1: Iters=10, Procs=156, Factors=1.000000, Dist=2, RM=0, SM=1, RS=0, SS=5
T_spawn: 1.942322 
T_SR: 0.001449 
T_AR: 0.000000 
T_US: 0.028378 
T_Malleability: 1.974572 
T_total: 2.876148
Config loaded: R=1, S=2, granularity=100000, SDR=1000, ADR=0, Rigid=1, Capture_Method=0
Stage 0: PT=0, T_stage=0.012350, bytes=0, T_capped=0
Stage 1: PT=6, T_stage=0.000000, bytes=33176880, T_capped=0
Group 0: Iters=5, Procs=20, Factors=1.000000, Dist=2, RM=0, SM=0, RS=0, SS=0
Group 1: Iters=10, Procs=156, Factors=1.000000, Dist=2, RM=0, SM=1, RS=0, SS=5
T_spawn: 1.973074 
T_SR: 0.001494 
T_AR: 0.000000 
T_US: 0.031081 
T_Malleability: 2.008004 
T_total: 2.930661
Config loaded: R=1, S=2, granularity=100000, SDR=1000, ADR=0, Rigid=1, Capture_Method=0
Stage 0: PT=0, T_stage=0.012350, bytes=0, T_capped=0
Stage 1: PT=6, T_stage=0.000000, bytes=33176880, T_capped=0
Group 0: Iters=5, Procs=20, Factors=1.000000, Dist=2, RM=0, SM=0, RS=0, SS=0
Group 1: Iters=10, Procs=156, Factors=1.000000, Dist=2, RM=0, SM=1, RS=0, SS=5
T_spawn: 2.035074 
T_SR: 0.001365 
T_AR: 0.000000 
T_US: 0.014975 
T_Malleability: 2.053765 
T_total: 2.993063
Config loaded: R=1, S=2, granularity=100000, SDR=1000, ADR=0, Rigid=1, Capture_Method=0
Stage 0: PT=0, T_stage=0.012350, bytes=0, T_capped=0
Stage 1: PT=6, T_stage=0.000000, bytes=33176880, T_capped=0
Group 0: Iters=5, Procs=20, Factors=1.000000, Dist=2, RM=0, SM=0, RS=0, SS=0
Group 1: Iters=10, Procs=156, Factors=1.000000, Dist=2, RM=0, SM=1, RS=0, SS=5
T_spawn: 1.949309 
T_SR: 0.001537 
T_AR: 0.000000 
T_US: 0.003386 
T_Malleability: 1.956498 
T_total: 2.863443
Config loaded: R=1, S=2, granularity=100000, SDR=1000, ADR=0, Rigid=1, Capture_Method=0
Stage 0: PT=0, T_stage=0.012350, bytes=0, T_capped=0
Stage 1: PT=6, T_stage=0.000000, bytes=33176880, T_capped=0
Group 0: Iters=5, Procs=20, Factors=1.000000, Dist=2, RM=0, SM=0, RS=0, SS=0
Group 1: Iters=10, Procs=156, Factors=1.000000, Dist=2, RM=0, SM=1, RS=0, SS=5
T_spawn: 2.043803 
T_SR: 0.001601 
T_AR: 0.000000 
T_US: 0.039702 
T_Malleability: 2.087814 
T_total: 2.988458
Config loaded: R=1, S=2, granularity=100000, SDR=1000, ADR=0, Rigid=1, Capture_Method=0
Stage 0: PT=0, T_stage=0.012350, bytes=0, T_capped=0
Stage 1: PT=6, T_stage=0.000000, bytes=33176880, T_capped=0
Group 0: Iters=5, Procs=20, Factors=1.000000, Dist=2, RM=0, SM=0, RS=0, SS=0
Group 1: Iters=10, Procs=156, Factors=1.000000, Dist=2, RM=0, SM=1, RS=0, SS=5
T_spawn: 2.151190 
T_SR: 0.001616 
T_AR: 0.000000 
T_US: 0.044744 
T_Malleability: 2.201077 
T_total: 3.128126
Config loaded: R=1, S=2, granularity=100000, SDR=1000, ADR=0, Rigid=1, Capture_Method=0
Stage 0: PT=0, T_stage=0.012350, bytes=0, T_capped=0
Stage 1: PT=6, T_stage=0.000000, bytes=33176880, T_capped=0
Group 0: Iters=5, Procs=20, Factors=1.000000, Dist=2, RM=0, SM=0, RS=0, SS=0
Group 1: Iters=10, Procs=156, Factors=1.000000, Dist=2, RM=0, SM=1, RS=0, SS=5
T_spawn: 2.037161 
T_SR: 0.001528 
T_AR: 0.000000 
T_US: 0.020149 
T_Malleability: 2.062065 
T_total: 2.920513
Config loaded: R=1, S=2, granularity=100000, SDR=1000, ADR=0, Rigid=1, Capture_Method=0
Stage 0: PT=0, T_stage=0.012350, bytes=0, T_capped=0
Stage 1: PT=6, T_stage=0.000000, bytes=33176880, T_capped=0
Group 0: Iters=5, Procs=20, Factors=1.000000, Dist=2, RM=0, SM=0, RS=0, SS=0
Group 1: Iters=10, Procs=156, Factors=1.000000, Dist=2, RM=0, SM=1, RS=0, SS=5
T_spawn: 1.915904 
T_SR: 0.001461 
T_AR: 0.000000 
T_US: 0.018064 
T_Malleability: 1.938368 
T_total: 3.261140
Config loaded: R=1, S=2, granularity=100000, SDR=1000, ADR=0, Rigid=1, Capture_Method=0
Stage 0: PT=0, T_stage=0.012350, bytes=0, T_capped=0
Stage 1: PT=6, T_stage=0.000000, bytes=33176880, T_capped=0
Group 0: Iters=5, Procs=20, Factors=1.000000, Dist=2, RM=0, SM=0, RS=0, SS=0
Group 1: Iters=10, Procs=156, Factors=1.000000, Dist=2, RM=0, SM=1, RS=0, SS=5
T_spawn: 2.042167 
T_SR: 0.001536 
T_AR: 0.000000 
T_US: 0.023430 
T_Malleability: 2.069891 
T_total: 3.114197
Config loaded: R=1, S=2, granularity=100000, SDR=1000, ADR=0, Rigid=1, Capture_Method=0
Stage 0: PT=0, T_stage=0.012350, bytes=0, T_capped=0
Stage 1: PT=6, T_stage=0.000000, bytes=33176880, T_capped=0
Group 0: Iters=5, Procs=20, Factors=1.000000, Dist=2, RM=0, SM=0, RS=0, SS=0
Group 1: Iters=10, Procs=156, Factors=1.000000, Dist=2, RM=0, SM=1, RS=0, SS=5
T_spawn: 2.005980 
T_SR: 0.001565 
T_AR: 0.000000 
T_US: 0.015765 
T_Malleability: 2.025867 
T_total: 3.029691
Config loaded: R=1, S=2, granularity=100000, SDR=1000, ADR=0, Rigid=1, Capture_Method=0
Stage 0: PT=0, T_stage=0.012350, bytes=0, T_capped=0
Stage 1: PT=6, T_stage=0.000000, bytes=33176880, T_capped=0
Group 0: Iters=5, Procs=20, Factors=1.000000, Dist=2, RM=0, SM=0, RS=0, SS=0
Group 1: Iters=10, Procs=156, Factors=1.000000, Dist=2, RM=0, SM=1, RS=0, SS=5
T_spawn: 1.857274 
T_SR: 0.001549 
T_AR: 0.000000 
T_US: 0.003380 
T_Malleability: 1.864556 
T_total: 2.801121
Config loaded: R=1, S=2, granularity=100000, SDR=1000, ADR=0, Rigid=1, Capture_Method=0
Stage 0: PT=0, T_stage=0.012350, bytes=0, T_capped=0
Stage 1: PT=6, T_stage=0.000000, bytes=33176880, T_capped=0
Group 0: Iters=5, Procs=20, Factors=1.000000, Dist=2, RM=0, SM=0, RS=0, SS=0
Group 1: Iters=10, Procs=156, Factors=1.000000, Dist=2, RM=0, SM=1, RS=0, SS=5
T_spawn: 2.067775 
T_SR: 0.001552 
T_AR: 0.000000 
T_US: 0.022253 
T_Malleability: 2.094105 
T_total: 3.069408
Config loaded: R=1, S=2, granularity=100000, SDR=1000, ADR=0, Rigid=1, Capture_Method=0
Stage 0: PT=0, T_stage=0.012350, bytes=0, T_capped=0
Stage 1: PT=6, T_stage=0.000000, bytes=33176880, T_capped=0
Group 0: Iters=5, Procs=20, Factors=1.000000, Dist=2, RM=0, SM=0, RS=0, SS=0
Group 1: Iters=10, Procs=156, Factors=1.000000, Dist=2, RM=0, SM=1, RS=0, SS=5
T_spawn: 1.968933 
T_SR: 0.001538 
T_AR: 0.000000 
T_US: 0.018502 
T_Malleability: 1.991551 
T_total: 2.888883
