Config: granularity=100000, SDR=1000, ADR=0, Rigid=1, Capture_Method=0
Stage 0: PT=0, T_stage=0.012350, bytes=0, T_capped=0
Stage 1: PT=6, T_stage=0.000000, bytes=33176880, T_capped=0
Group 1: Iters=10, Procs=156, Factors=1.000000, Dist=2, RM=0, SM=1, RS=0, SS=5, parents=52, children=0
Async_Iters: 0
T_iter: 0.147653 0.117780 0.077151 0.077051 0.073475 0.074954 0.072528 0.076925 0.285303 0.073140 
T_stage 0: 0.024721 0.012951 0.012993 0.013826 0.012920 0.014255 0.013080 0.013575 0.014034 0.012853 
T_stage 1: 0.122649 0.104264 0.064061 0.063430 0.060509 0.061960 0.059291 0.063923 0.272243 0.060088 
Config: granularity=100000, SDR=1000, ADR=0, Rigid=1, Capture_Method=0
Stage 0: PT=0, T_stage=0.012350, bytes=0, T_capped=0
Stage 1: PT=6, T_stage=0.000000, bytes=33176880, T_capped=0
Group 1: Iters=10, Procs=156, Factors=1.000000, Dist=2, RM=0, SM=1, RS=0, SS=5, parents=52, children=0
Async_Iters: 0
T_iter: 0.137595 0.089223 0.303178 0.301411 0.073693 0.085944 0.075813 0.075708 0.073427 0.077408 
T_stage 0: 0.029270 0.012945 0.012914 0.014312 0.013735 0.012912 0.012853 0.013597 0.012901 0.012920 
T_stage 1: 0.111340 0.076203 0.289903 0.288295 0.060575 0.072977 0.062782 0.062698 0.060429 0.064380 
Config: granularity=100000, SDR=1000, ADR=0, Rigid=1, Capture_Method=0
Stage 0: PT=0, T_stage=0.012350, bytes=0, T_capped=0
Stage 1: PT=6, T_stage=0.000000, bytes=33176880, T_capped=0
Group 1: Iters=10, Procs=156, Factors=1.000000, Dist=2, RM=0, SM=1, RS=0, SS=5, parents=52, children=0
Async_Iters: 0
T_iter: 0.101997 0.100630 0.107339 0.126615 0.114660 0.079409 0.072600 0.076172 0.074237 0.075188 
T_stage 0: 0.012875 0.012857 0.014674 0.013013 0.014002 0.014502 0.012874 0.012859 0.014089 0.012843 
T_stage 1: 0.088974 0.087623 0.094457 0.113085 0.101681 0.065977 0.059599 0.063125 0.061226 0.062148 
Config: granularity=100000, SDR=1000, ADR=0, Rigid=1, Capture_Method=0
Stage 0: PT=0, T_stage=0.012350, bytes=0, T_capped=0
Stage 1: PT=6, T_stage=0.000000, bytes=33176880, T_capped=0
Group 1: Iters=10, Procs=156, Factors=1.000000, Dist=2, RM=0, SM=1, RS=0, SS=5, parents=52, children=0
Async_Iters: 0
T_iter: 0.095437 0.083325 0.078383 0.284909 0.103039 0.113167 0.074521 0.079360 0.075302 0.076764 
T_stage 0: 0.012862 0.012880 0.012858 0.014322 0.012877 0.012862 0.014252 0.012931 0.014045 0.013715 
T_stage 1: 0.082386 0.070244 0.065347 0.271841 0.089983 0.099414 0.061422 0.066328 0.062183 0.063667 
Config: granularity=100000, SDR=1000, ADR=0, Rigid=1, Capture_Method=0
Stage 0: PT=0, T_stage=0.012350, bytes=0, T_capped=0
Stage 1: PT=6, T_stage=0.000000, bytes=33176880, T_capped=0
Group 1: Iters=10, Procs=156, Factors=1.000000, Dist=2, RM=0, SM=1, RS=0, SS=5, parents=52, children=0
Async_Iters: 0
T_iter: 0.160688 0.094336 0.083593 0.079754 0.075895 0.075072 0.075202 0.074061 0.075911 0.083973 
T_stage 0: 0.047729 0.013185 0.012861 0.012891 0.015332 0.013014 0.013938 0.014077 0.013819 0.013787 
T_stage 1: 0.116849 0.081044 0.070572 0.066747 0.062919 0.062019 0.062263 0.061035 0.062875 0.070887 
Config: granularity=100000, SDR=1000, ADR=0, Rigid=1, Capture_Method=0
Stage 0: PT=0, T_stage=0.012350, bytes=0, T_capped=0
Stage 1: PT=6, T_stage=0.000000, bytes=33176880, T_capped=0
Group 1: Iters=10, Procs=156, Factors=1.000000, Dist=2, RM=0, SM=1, RS=0, SS=5, parents=52, children=0
Async_Iters: 0
T_iter: 0.091163 0.081084 0.074834 0.075034 0.078058 0.080289 0.279769 0.082470 0.073242 0.075076 
T_stage 0: 0.012876 0.012861 0.014188 0.013472 0.012947 0.014998 0.014211 0.015337 0.013782 0.013780 
T_stage 1: 0.078078 0.068023 0.061707 0.061496 0.065030 0.067249 0.266537 0.069516 0.060227 0.062086 
Config: granularity=100000, SDR=1000, ADR=0, Rigid=1, Capture_Method=0
Stage 0: PT=0, T_stage=0.012350, bytes=0, T_capped=0
Stage 1: PT=6, T_stage=0.000000, bytes=33176880, T_capped=0
Group 1: Iters=10, Procs=156, Factors=1.000000, Dist=2, RM=0, SM=1, RS=0, SS=5, parents=52, children=0
Async_Iters: 0
T_iter: 0.103933 0.074553 0.081939 0.078550 0.079533 0.077588 0.074914 0.074052 0.073803 0.075042 
T_stage 0: 0.012959 0.012864 0.012861 0.012881 0.012925 0.013197 0.013108 0.014941 0.014068 0.014119 
T_stage 1: 0.090916 0.061571 0.068964 0.065061 0.066390 0.064250 0.061720 0.060744 0.060523 0.061744 
Config: granularity=100000, SDR=1000, ADR=0, Rigid=1, Capture_Method=0
Stage 0: PT=0, T_stage=0.012350, bytes=0, T_capped=0
Stage 1: PT=6, T_stage=0.000000, bytes=33176880, T_capped=0
Group 1: Iters=10, Procs=156, Factors=1.000000, Dist=2, RM=0, SM=1, RS=0, SS=5, parents=52, children=0
Async_Iters: 0
T_iter: 0.131465 0.084792 0.082806 0.086215 0.080507 0.073825 0.072957 0.077796 0.074009 0.073803 
T_stage 0: 0.030182 0.012974 0.014589 0.014231 0.014393 0.012925 0.012938 0.014031 0.012918 0.013010 
T_stage 1: 0.104351 0.071203 0.069421 0.072871 0.067195 0.060705 0.059823 0.064640 0.060826 0.060639 
Config: granularity=100000, SDR=1000, ADR=0, Rigid=1, Capture_Method=0
Stage 0: PT=0, T_stage=0.012350, bytes=0, T_capped=0
Stage 1: PT=6, T_stage=0.000000, bytes=33176880, T_capped=0
Group 1: Iters=10, Procs=156, Factors=1.000000, Dist=2, RM=0, SM=1, RS=0, SS=5, parents=52, children=0
Async_Iters: 0
T_iter: 0.097811 0.076649 0.093291 0.077515 0.074019 0.078087 0.076974 0.083582 0.078879 0.075545 
T_stage 0: 0.012837 0.012869 0.012821 0.012830 0.012836 0.012873 0.013334 0.014251 0.014375 0.015332 
T_stage 1: 0.084790 0.063625 0.080362 0.064538 0.061023 0.064660 0.063673 0.070146 0.065829 0.062421 
Config: granularity=100000, SDR=1000, ADR=0, Rigid=1, Capture_Method=0
Stage 0: PT=0, T_stage=0.012350, bytes=0, T_capped=0
Stage 1: PT=6, T_stage=0.000000, bytes=33176880, T_capped=0
Group 1: Iters=10, Procs=156, Factors=1.000000, Dist=2, RM=0, SM=1, RS=0, SS=5, parents=52, children=0
Async_Iters: 0
T_iter: 0.093030 0.291647 0.080861 0.081806 0.080995 0.075959 0.082862 0.075291 0.072297 0.076368 
T_stage 0: 0.012853 0.012823 0.012804 0.014833 0.013201 0.013236 0.014036 0.012794 0.012846 0.012883 
T_stage 1: 0.080037 0.278709 0.067360 0.067842 0.067633 0.062699 0.069917 0.062248 0.059215 0.063354 
Config: granularity=100000, SDR=1000, ADR=0, Rigid=1, Capture_Method=0
Stage 0: PT=0, T_stage=0.012350, bytes=0, T_capped=0
Stage 1: PT=6, T_stage=0.000000, bytes=33176880, T_capped=0
Group 1: Iters=10, Procs=156, Factors=1.000000, Dist=2, RM=0, SM=1, RS=0, SS=5, parents=52, children=0
Async_Iters: 0
T_iter: 0.148561 0.074513 0.083359 0.078758 0.093840 0.081549 0.075850 0.074928 0.075847 0.073940 
T_stage 0: 0.030268 0.013083 0.013770 0.013019 0.013807 0.014993 0.012991 0.012930 0.013065 0.012976 
T_stage 1: 0.121233 0.061259 0.070016 0.065620 0.080737 0.068230 0.062756 0.061784 0.062781 0.060788 
Config: granularity=100000, SDR=1000, ADR=0, Rigid=1, Capture_Method=0
Stage 0: PT=0, T_stage=0.012350, bytes=0, T_capped=0
Stage 1: PT=6, T_stage=0.000000, bytes=33176880, T_capped=0
Group 1: Iters=10, Procs=156, Factors=1.000000, Dist=2, RM=0, SM=1, RS=0, SS=5, parents=52, children=0
Async_Iters: 0
T_iter: 0.099273 0.081362 0.076812 0.079326 0.082495 0.076202 0.073786 0.076636 0.076311 0.074911 
T_stage 0: 0.012822 0.014680 0.013774 0.014477 0.016221 0.013265 0.013868 0.013103 0.012822 0.012813 
T_stage 1: 0.086233 0.066581 0.063490 0.066097 0.066962 0.062908 0.060785 0.063396 0.063346 0.061880 
Config: granularity=100000, SDR=1000, ADR=0, Rigid=1, Capture_Method=0
Stage 0: PT=0, T_stage=0.012350, bytes=0, T_capped=0
Stage 1: PT=6, T_stage=0.000000, bytes=33176880, T_capped=0
Group 1: Iters=10, Procs=156, Factors=1.000000, Dist=2, RM=0, SM=1, RS=0, SS=5, parents=52, children=0
Async_Iters: 0
T_iter: 0.189078 0.297224 0.077019 0.076158 0.074626 0.073994 0.072996 0.074334 0.077785 0.075455 
T_stage 0: 0.050057 0.013212 0.013112 0.013917 0.014163 0.012873 0.012857 0.014317 0.013061 0.012855 
T_stage 1: 0.146199 0.283778 0.063714 0.063162 0.061649 0.060985 0.060035 0.061330 0.064769 0.062417 
Config: granularity=100000, SDR=1000, ADR=0, Rigid=1, Capture_Method=0
Stage 0: PT=0, T_stage=0.012350, bytes=0, T_capped=0
Stage 1: PT=6, T_stage=0.000000, bytes=33176880, T_capped=0
Group 1: Iters=10, Procs=156, Factors=1.000000, Dist=2, RM=0, SM=1, RS=0, SS=5, parents=52, children=0
Async_Iters: 0
T_iter: 0.119484 0.083920 0.075801 0.122693 0.137394 0.124816 0.368258 0.127633 0.132073 0.078895 
T_stage 0: 0.013214 0.012886 0.013187 0.013290 0.014083 0.014431 0.219841 0.013044 0.014028 0.014229 
T_stage 1: 0.106368 0.070862 0.062525 0.109503 0.124471 0.111691 0.354993 0.114526 0.119097 0.065772 
Config: granularity=100000, SDR=1000, ADR=0, Rigid=1, Capture_Method=0
Stage 0: PT=0, T_stage=0.012350, bytes=0, T_capped=0
Stage 1: PT=6, T_stage=0.000000, bytes=33176880, T_capped=0
Group 1: Iters=10, Procs=156, Factors=1.000000, Dist=2, RM=0, SM=1, RS=0, SS=5, parents=52, children=0
Async_Iters: 0
T_iter: 0.089334 0.084154 0.077568 0.098812 0.107478 0.076167 0.075970 0.097473 0.108746 0.081739 
T_stage 0: 0.012906 0.012924 0.012911 0.012841 0.012979 0.013175 0.012995 0.014560 0.013312 0.012857 
T_stage 1: 0.076224 0.071075 0.064489 0.085553 0.094385 0.063014 0.062806 0.083967 0.095263 0.068771 
Config: granularity=100000, SDR=1000, ADR=0, Rigid=1, Capture_Method=0
Stage 0: PT=0, T_stage=0.012350, bytes=0, T_capped=0
Stage 1: PT=6, T_stage=0.000000, bytes=33176880, T_capped=0
Group 1: Iters=10, Procs=156, Factors=1.000000, Dist=2, RM=0, SM=1, RS=0, SS=5, parents=52, children=0
Async_Iters: 0
T_iter: 0.106273 0.080321 0.079504 0.081466 0.080555 0.076710 0.077465 0.074215 0.078354 0.075198 
T_stage 0: 0.026334 0.012836 0.012769 0.015166 0.014370 0.012843 0.013892 0.013519 0.013415 0.012800 
T_stage 1: 0.079745 0.067283 0.066562 0.068321 0.067053 0.063707 0.064481 0.061319 0.065411 0.062280 
Config: granularity=100000, SDR=1000, ADR=0, Rigid=1, Capture_Method=0
Stage 0: PT=0, T_stage=0.012350, bytes=0, T_capped=0
Stage 1: PT=6, T_stage=0.000000, bytes=33176880, T_capped=0
Group 1: Iters=10, Procs=156, Factors=1.000000, Dist=2, RM=0, SM=1, RS=0, SS=5, parents=52, children=0
Async_Iters: 0
T_iter: 0.098885 0.079281 0.083745 0.074888 0.076611 0.080558 0.075443 0.075586 0.075159 0.074283 
T_stage 0: 0.012867 0.012903 0.012851 0.012885 0.013127 0.012878 0.012815 0.014112 0.014439 0.012858 
T_stage 1: 0.085813 0.066080 0.070802 0.061798 0.063267 0.067620 0.062471 0.062511 0.062219 0.061338 
Config: granularity=100000, SDR=1000, ADR=0, Rigid=1, Capture_Method=0
Stage 0: PT=0, T_stage=0.012350, bytes=0, T_capped=0
Stage 1: PT=6, T_stage=0.000000, bytes=33176880, T_capped=0
Group 1: Iters=10, Procs=156, Factors=1.000000, Dist=2, RM=0, SM=1, RS=0, SS=5, parents=52, children=0
Async_Iters: 0
T_iter: 0.142426 0.080299 0.089277 0.100812 0.170085 0.121313 0.104415 0.075177 0.075117 0.075808 
T_stage 0: 0.042717 0.013067 0.013849 0.014771 0.012837 0.022549 0.014202 0.013174 0.013551 0.012833 
T_stage 1: 0.099137 0.067203 0.075268 0.085002 0.157067 0.099460 0.091513 0.061841 0.062118 0.062875 
Config: granularity=100000, SDR=1000, ADR=0, Rigid=1, Capture_Method=0
Stage 0: PT=0, T_stage=0.012350, bytes=0, T_capped=0
Stage 1: PT=6, T_stage=0.000000, bytes=33176880, T_capped=0
Group 1: Iters=10, Procs=156, Factors=1.000000, Dist=2, RM=0, SM=1, RS=0, SS=5, parents=52, children=0
Async_Iters: 0
T_iter: 0.184592 0.130218 0.126226 0.091022 0.074914 0.076307 0.075945 0.075753 0.075695 0.077568 
T_stage 0: 0.034670 0.012824 0.012855 0.012804 0.013947 0.014707 0.012810 0.012829 0.012808 0.013027 
T_stage 1: 0.155730 0.116668 0.113199 0.077985 0.061895 0.063334 0.062998 0.062795 0.062707 0.064648 
Config: granularity=100000, SDR=1000, ADR=0, Rigid=1, Capture_Method=0
Stage 0: PT=0, T_stage=0.012350, bytes=0, T_capped=0
Stage 1: PT=6, T_stage=0.000000, bytes=33176880, T_capped=0
Group 1: Iters=10, Procs=156, Factors=1.000000, Dist=2, RM=0, SM=1, RS=0, SS=5, parents=52, children=0
Async_Iters: 0
T_iter: 0.363275 0.078520 0.091860 0.078829 0.077722 0.078990 0.075447 0.074303 0.078098 0.075396 
T_stage 0: 0.030727 0.012965 0.012861 0.013571 0.012811 0.012852 0.012802 0.012940 0.012808 0.013070 
T_stage 1: 0.335794 0.065525 0.078893 0.065808 0.064787 0.066037 0.062537 0.061339 0.065154 0.062192 
