Config: granularity=100000, SDR=1000, ADR=0, Rigid=1, Capture_Method=0
Stage 0: PT=0, T_stage=0.012350, bytes=0, T_capped=0
Stage 1: PT=6, T_stage=0.000000, bytes=33176880, T_capped=0
Group 1: Iters=10, Procs=156, Factors=1.000000, Dist=2, RM=0, SM=1, RS=0, SS=5, parents=104, children=0
Async_Iters: 0
T_iter: 0.188266 0.082936 0.075154 0.077204 0.074374 0.074830 0.076477 0.077343 0.073261 0.073617 
T_stage 0: 0.042623 0.013169 0.012837 0.013741 0.012818 0.013183 0.012902 0.012858 0.012820 0.012961 
T_stage 1: 0.145479 0.069650 0.062170 0.064225 0.061508 0.061920 0.063467 0.064488 0.060313 0.060611 
Config: granularity=100000, SDR=1000, ADR=0, Rigid=1, Capture_Method=0
Stage 0: PT=0, T_stage=0.012350, bytes=0, T_capped=0
Stage 1: PT=6, T_stage=0.000000, bytes=33176880, T_capped=0
Group 1: Iters=10, Procs=156, Factors=1.000000, Dist=2, RM=0, SM=1, RS=0, SS=5, parents=104, children=0
Async_Iters: 0
T_iter: 0.187785 0.085958 0.078596 0.076192 0.079619 0.076101 0.075470 0.076138 0.076519 0.076475 
T_stage 0: 0.041856 0.012814 0.014072 0.013020 0.012927 0.013908 0.013157 0.013838 0.012848 0.013958 
T_stage 1: 0.145701 0.072943 0.065622 0.063222 0.066551 0.063130 0.062195 0.063099 0.063569 0.063517 
Config: granularity=100000, SDR=1000, ADR=0, Rigid=1, Capture_Method=0
Stage 0: PT=0, T_stage=0.012350, bytes=0, T_capped=0
Stage 1: PT=6, T_stage=0.000000, bytes=33176880, T_capped=0
Group 1: Iters=10, Procs=156, Factors=1.000000, Dist=2, RM=0, SM=1, RS=0, SS=5, parents=104, children=0
Async_Iters: 0
T_iter: 0.304106 0.111876 0.079383 0.074859 0.076544 0.079856 0.078158 0.075821 0.078896 0.074449 
T_stage 0: 0.028231 0.045037 0.013722 0.013201 0.013803 0.014045 0.012924 0.014289 0.013015 0.013636 
T_stage 1: 0.259573 0.067522 0.065599 0.060804 0.063334 0.066741 0.064982 0.062670 0.065713 0.061402 
Config: granularity=100000, SDR=1000, ADR=0, Rigid=1, Capture_Method=0
Stage 0: PT=0, T_stage=0.012350, bytes=0, T_capped=0
Stage 1: PT=6, T_stage=0.000000, bytes=33176880, T_capped=0
Group 1: Iters=10, Procs=156, Factors=1.000000, Dist=2, RM=0, SM=1, RS=0, SS=5, parents=104, children=0
Async_Iters: 0
T_iter: 0.290896 0.087093 0.078804 0.077835 0.072704 0.073991 0.076014 0.075989 0.075701 0.075480 
T_stage 0: 0.037529 0.019245 0.013846 0.013039 0.013003 0.014226 0.012974 0.013756 0.012930 0.012955 
T_stage 1: 0.253138 0.067570 0.064814 0.064621 0.059538 0.060634 0.062942 0.063013 0.062479 0.062325 
Config: granularity=100000, SDR=1000, ADR=0, Rigid=1, Capture_Method=0
Stage 0: PT=0, T_stage=0.012350, bytes=0, T_capped=0
Stage 1: PT=6, T_stage=0.000000, bytes=33176880, T_capped=0
Group 1: Iters=10, Procs=156, Factors=1.000000, Dist=2, RM=0, SM=1, RS=0, SS=5, parents=104, children=0
Async_Iters: 0
T_iter: 0.283999 0.094813 0.078870 0.081683 0.077647 0.074131 0.072749 0.073845 0.077792 0.078597 
T_stage 0: 0.029224 0.030954 0.012832 0.014037 0.012894 0.013214 0.014258 0.012802 0.012940 0.012980 
T_stage 1: 0.251884 0.063845 0.065853 0.068610 0.064584 0.061081 0.059740 0.060885 0.064862 0.065648 
Config: granularity=100000, SDR=1000, ADR=0, Rigid=1, Capture_Method=0
Stage 0: PT=0, T_stage=0.012350, bytes=0, T_capped=0
Stage 1: PT=6, T_stage=0.000000, bytes=33176880, T_capped=0
Group 1: Iters=10, Procs=156, Factors=1.000000, Dist=2, RM=0, SM=1, RS=0, SS=5, parents=104, children=0
Async_Iters: 0
T_iter: 0.108913 0.081780 0.077109 0.074436 0.079452 0.080617 0.076124 0.082025 0.085431 0.072964 
T_stage 0: 0.029749 0.013267 0.014623 0.013062 0.016168 0.012908 0.012888 0.014052 0.012876 0.012982 
T_stage 1: 0.078660 0.068416 0.063583 0.061286 0.064457 0.067520 0.063132 0.067839 0.072469 0.060045 
Config: granularity=100000, SDR=1000, ADR=0, Rigid=1, Capture_Method=0
Stage 0: PT=0, T_stage=0.012350, bytes=0, T_capped=0
Stage 1: PT=6, T_stage=0.000000, bytes=33176880, T_capped=0
Group 1: Iters=10, Procs=156, Factors=1.000000, Dist=2, RM=0, SM=1, RS=0, SS=5, parents=104, children=0
Async_Iters: 0
T_iter: 0.187958 0.075465 0.078474 0.079020 0.073930 0.074978 0.074953 0.072868 0.286241 0.074947 
T_stage 0: 0.032742 0.014165 0.012942 0.013746 0.012860 0.013820 0.013810 0.012848 0.012866 0.013741 
T_stage 1: 0.162119 0.061181 0.065111 0.065986 0.060944 0.062052 0.061993 0.059869 0.273241 0.061981 
Config: granularity=100000, SDR=1000, ADR=0, Rigid=1, Capture_Method=0
Stage 0: PT=0, T_stage=0.012350, bytes=0, T_capped=0
Stage 1: PT=6, T_stage=0.000000, bytes=33176880, T_capped=0
Group 1: Iters=10, Procs=156, Factors=1.000000, Dist=2, RM=0, SM=1, RS=0, SS=5, parents=104, children=0
Async_Iters: 0
T_iter: 0.112675 0.084598 0.087929 0.078741 0.080095 0.076466 0.081462 0.080080 0.077101 0.076811 
T_stage 0: 0.025701 0.014657 0.014668 0.014572 0.014637 0.014637 0.014634 0.014589 0.014665 0.014726 
T_stage 1: 0.087918 0.069899 0.073115 0.064040 0.064819 0.061680 0.066708 0.065312 0.062349 0.061982 
Config: granularity=100000, SDR=1000, ADR=0, Rigid=1, Capture_Method=0
Stage 0: PT=0, T_stage=0.012350, bytes=0, T_capped=0
Stage 1: PT=6, T_stage=0.000000, bytes=33176880, T_capped=0
Group 1: Iters=10, Procs=156, Factors=1.000000, Dist=2, RM=0, SM=1, RS=0, SS=5, parents=104, children=0
Async_Iters: 0
T_iter: 0.131054 0.281029 0.073578 0.075480 0.102160 0.107025 0.297968 0.080003 0.074154 0.077372 
T_stage 0: 0.033070 0.014804 0.013136 0.014665 0.012894 0.013660 0.012977 0.014381 0.012907 0.012898 
T_stage 1: 0.103067 0.267906 0.059644 0.062412 0.089079 0.094017 0.284961 0.066969 0.061159 0.064336 
Config: granularity=100000, SDR=1000, ADR=0, Rigid=1, Capture_Method=0
Stage 0: PT=0, T_stage=0.012350, bytes=0, T_capped=0
Stage 1: PT=6, T_stage=0.000000, bytes=33176880, T_capped=0
Group 1: Iters=10, Procs=156, Factors=1.000000, Dist=2, RM=0, SM=1, RS=0, SS=5, parents=104, children=0
Async_Iters: 0
T_iter: 0.147372 0.080713 0.081163 0.082056 0.073801 0.076240 0.073550 0.075193 0.076685 0.075244 
T_stage 0: 0.046334 0.012929 0.013013 0.014063 0.012852 0.012983 0.012957 0.013758 0.013346 0.013942 
T_stage 1: 0.115385 0.067695 0.068058 0.069040 0.060617 0.063097 0.060504 0.062170 0.063708 0.062288 
Config: granularity=100000, SDR=1000, ADR=0, Rigid=1, Capture_Method=0
Stage 0: PT=0, T_stage=0.012350, bytes=0, T_capped=0
Stage 1: PT=6, T_stage=0.000000, bytes=33176880, T_capped=0
Group 1: Iters=10, Procs=156, Factors=1.000000, Dist=2, RM=0, SM=1, RS=0, SS=5, parents=104, children=0
Async_Iters: 0
T_iter: 0.101837 0.088997 0.078703 0.294788 0.074347 0.075591 0.078731 0.083088 0.077197 0.077580 
T_stage 0: 0.023516 0.014150 0.012932 0.014022 0.014293 0.012966 0.012946 0.012936 0.012932 0.013055 
T_stage 1: 0.077613 0.075829 0.065580 0.281357 0.061291 0.062429 0.065540 0.070028 0.064112 0.064302 
Config: granularity=100000, SDR=1000, ADR=0, Rigid=1, Capture_Method=0
Stage 0: PT=0, T_stage=0.012350, bytes=0, T_capped=0
Stage 1: PT=6, T_stage=0.000000, bytes=33176880, T_capped=0
Group 1: Iters=10, Procs=156, Factors=1.000000, Dist=2, RM=0, SM=1, RS=0, SS=5, parents=104, children=0
Async_Iters: 0
T_iter: 0.266219 0.092365 0.081474 0.074848 0.072284 0.074322 0.072305 0.073252 0.071778 0.075065 
T_stage 0: 0.042047 0.029002 0.013080 0.012939 0.012952 0.013635 0.012838 0.012873 0.012823 0.012824 
T_stage 1: 0.239267 0.063201 0.068235 0.061762 0.059126 0.061348 0.059292 0.060313 0.058772 0.062104 
Config: granularity=100000, SDR=1000, ADR=0, Rigid=1, Capture_Method=0
Stage 0: PT=0, T_stage=0.012350, bytes=0, T_capped=0
Stage 1: PT=6, T_stage=0.000000, bytes=33176880, T_capped=0
Group 1: Iters=10, Procs=156, Factors=1.000000, Dist=2, RM=0, SM=1, RS=0, SS=5, parents=104, children=0
Async_Iters: 0
T_iter: 0.437676 0.141338 0.117284 0.133469 0.089547 0.078318 0.084478 0.106731 0.129738 0.131511 
T_stage 0: 0.037629 0.013069 0.013332 0.012912 0.012880 0.012886 0.013702 0.012876 0.013396 0.013022 
T_stage 1: 0.406149 0.128057 0.104024 0.120384 0.076482 0.065309 0.071412 0.093641 0.116577 0.118378 
Config: granularity=100000, SDR=1000, ADR=0, Rigid=1, Capture_Method=0
Stage 0: PT=0, T_stage=0.012350, bytes=0, T_capped=0
Stage 1: PT=6, T_stage=0.000000, bytes=33176880, T_capped=0
Group 1: Iters=10, Procs=156, Factors=1.000000, Dist=2, RM=0, SM=1, RS=0, SS=5, parents=104, children=0
Async_Iters: 0
T_iter: 0.464890 0.322602 0.075283 0.073009 0.077258 0.074847 0.078645 0.075178 0.076180 0.076019 
T_stage 0: 0.039385 0.013319 0.013798 0.012899 0.013919 0.012792 0.013968 0.013895 0.012974 0.012937 
T_stage 1: 0.422002 0.309188 0.062334 0.060035 0.064257 0.061917 0.065618 0.062099 0.063154 0.063087 
Config: granularity=100000, SDR=1000, ADR=0, Rigid=1, Capture_Method=0
Stage 0: PT=0, T_stage=0.012350, bytes=0, T_capped=0
Stage 1: PT=6, T_stage=0.000000, bytes=33176880, T_capped=0
Group 1: Iters=10, Procs=156, Factors=1.000000, Dist=2, RM=0, SM=1, RS=0, SS=5, parents=104, children=0
Async_Iters: 0
T_iter: 0.112300 0.080738 0.078265 0.077991 0.080063 0.074578 0.073803 0.078727 0.076228 0.075032 
T_stage 0: 0.026465 0.013964 0.012956 0.012802 0.012865 0.012831 0.012896 0.012812 0.012803 0.013060 
T_stage 1: 0.088959 0.067826 0.065143 0.065052 0.067132 0.061577 0.060750 0.065801 0.063293 0.061721 
Config: granularity=100000, SDR=1000, ADR=0, Rigid=1, Capture_Method=0
Stage 0: PT=0, T_stage=0.012350, bytes=0, T_capped=0
Stage 1: PT=6, T_stage=0.000000, bytes=33176880, T_capped=0
Group 1: Iters=10, Procs=156, Factors=1.000000, Dist=2, RM=0, SM=1, RS=0, SS=5, parents=104, children=0
Async_Iters: 0
T_iter: 0.221187 0.292198 0.291745 0.078467 0.082751 0.075436 0.074309 0.077536 0.076682 0.074470 
T_stage 0: 0.040031 0.017935 0.012963 0.012944 0.012903 0.013978 0.013311 0.012899 0.012850 0.012845 
T_stage 1: 0.180962 0.274105 0.278812 0.065417 0.069649 0.062406 0.061255 0.064481 0.063692 0.061511 
Config: granularity=100000, SDR=1000, ADR=0, Rigid=1, Capture_Method=0
Stage 0: PT=0, T_stage=0.012350, bytes=0, T_capped=0
Stage 1: PT=6, T_stage=0.000000, bytes=33176880, T_capped=0
Group 1: Iters=10, Procs=156, Factors=1.000000, Dist=2, RM=0, SM=1, RS=0, SS=5, parents=104, children=0
Async_Iters: 0
T_iter: 0.110430 0.083118 0.082465 0.075364 0.073505 0.074101 0.075933 0.073093 0.077386 0.074651 
T_stage 0: 0.024463 0.013479 0.013508 0.013851 0.014207 0.014001 0.013325 0.012978 0.012957 0.012949 
T_stage 1: 0.085687 0.069306 0.069439 0.062120 0.060405 0.060940 0.062776 0.059964 0.064249 0.061544 
Config: granularity=100000, SDR=1000, ADR=0, Rigid=1, Capture_Method=0
Stage 0: PT=0, T_stage=0.012350, bytes=0, T_capped=0
Stage 1: PT=6, T_stage=0.000000, bytes=33176880, T_capped=0
Group 1: Iters=10, Procs=156, Factors=1.000000, Dist=2, RM=0, SM=1, RS=0, SS=5, parents=104, children=0
Async_Iters: 0
T_iter: 0.246141 0.078782 0.080194 0.079648 0.083753 0.084620 0.079587 0.073632 0.078088 0.081209 
T_stage 0: 0.067988 0.015439 0.013874 0.012803 0.012926 0.012873 0.012878 0.012847 0.014065 0.014393 
T_stage 1: 0.198955 0.063310 0.067232 0.066710 0.070713 0.071682 0.066629 0.060620 0.065079 0.068222 
Config: granularity=100000, SDR=1000, ADR=0, Rigid=1, Capture_Method=0
Stage 0: PT=0, T_stage=0.012350, bytes=0, T_capped=0
Stage 1: PT=6, T_stage=0.000000, bytes=33176880, T_capped=0
Group 1: Iters=10, Procs=156, Factors=1.000000, Dist=2, RM=0, SM=1, RS=0, SS=5, parents=104, children=0
Async_Iters: 0
T_iter: 0.182955 0.291678 0.083482 0.077423 0.082358 0.073194 0.074183 0.076186 0.074943 0.073529 
T_stage 0: 0.032161 0.013235 0.014448 0.012922 0.014046 0.014866 0.013917 0.012870 0.012926 0.014054 
T_stage 1: 0.150673 0.277800 0.070424 0.064412 0.069255 0.060116 0.061153 0.063214 0.061816 0.060521 
Config: granularity=100000, SDR=1000, ADR=0, Rigid=1, Capture_Method=0
Stage 0: PT=0, T_stage=0.012350, bytes=0, T_capped=0
Stage 1: PT=6, T_stage=0.000000, bytes=33176880, T_capped=0
Group 1: Iters=10, Procs=156, Factors=1.000000, Dist=2, RM=0, SM=1, RS=0, SS=5, parents=104, children=0
Async_Iters: 0
T_iter: 0.452001 0.118172 0.089606 0.073120 0.074068 0.079034 0.075205 0.079435 0.072553 0.076122 
T_stage 0: 0.050941 0.041785 0.012827 0.012798 0.013882 0.014388 0.012899 0.013497 0.013376 0.013721 
T_stage 1: 0.388282 0.076156 0.076601 0.060125 0.061093 0.066072 0.062108 0.066459 0.059523 0.062901 
