Config loaded: R=1, S=2, granularity=100000, SDR=1000, ADR=0, Rigid=1, Capture_Method=0
Stage 0: PT=0, T_stage=0.012350, bytes=0, T_capped=0
Stage 1: PT=6, T_stage=0.000000, bytes=33176880, T_capped=0
Group 0: Iters=5, Procs=364, Factors=1.000000, Dist=2, RM=0, SM=0, RS=0, SS=0
Group 1: Iters=10, Procs=52, Factors=1.000000, Dist=2, RM=0, SM=1, RS=0, SS=0
T_spawn: 0.129371 
T_SR: 0.032555 
T_AR: 0.000000 
T_US: 0.051721 
T_Malleability: 0.354113 
T_total: 1.666607
Config loaded: R=1, S=2, granularity=100000, SDR=1000, ADR=0, Rigid=1, Capture_Method=0
Stage 0: PT=0, T_stage=0.012350, bytes=0, T_capped=0
Stage 1: PT=6, T_stage=0.000000, bytes=33176880, T_capped=0
Group 0: Iters=5, Procs=364, Factors=1.000000, Dist=2, RM=0, SM=0, RS=0, SS=0
Group 1: Iters=10, Procs=52, Factors=1.000000, Dist=2, RM=0, SM=1, RS=0, SS=0
T_spawn: 0.089023 
T_SR: 0.063196 
T_AR: 0.000000 
T_US: 0.032126 
T_Malleability: 0.348325 
T_total: 1.892023
Config loaded: R=1, S=2, granularity=100000, SDR=1000, ADR=0, Rigid=1, Capture_Method=0
Stage 0: PT=0, T_stage=0.012350, bytes=0, T_capped=0
Stage 1: PT=6, T_stage=0.000000, bytes=33176880, T_capped=0
Group 0: Iters=5, Procs=364, Factors=1.000000, Dist=2, RM=0, SM=0, RS=0, SS=0
Group 1: Iters=10, Procs=52, Factors=1.000000, Dist=2, RM=0, SM=1, RS=0, SS=0
T_spawn: 0.109758 
T_SR: 0.062929 
T_AR: 0.000000 
T_US: 0.037582 
T_Malleability: 0.476569 
T_total: 1.996918
Config loaded: R=1, S=2, granularity=100000, SDR=1000, ADR=0, Rigid=1, Capture_Method=0
Stage 0: PT=0, T_stage=0.012350, bytes=0, T_capped=0
Stage 1: PT=6, T_stage=0.000000, bytes=33176880, T_capped=0
Group 0: Iters=5, Procs=364, Factors=1.000000, Dist=2, RM=0, SM=0, RS=0, SS=0
Group 1: Iters=10, Procs=52, Factors=1.000000, Dist=2, RM=0, SM=1, RS=0, SS=0
T_spawn: 0.130933 
T_SR: 0.030752 
T_AR: 0.000000 
T_US: 0.030527 
T_Malleability: 0.379672 
T_total: 1.728717
Config loaded: R=1, S=2, granularity=100000, SDR=1000, ADR=0, Rigid=1, Capture_Method=0
Stage 0: PT=0, T_stage=0.012350, bytes=0, T_capped=0
Stage 1: PT=6, T_stage=0.000000, bytes=33176880, T_capped=0
Group 0: Iters=5, Procs=364, Factors=1.000000, Dist=2, RM=0, SM=0, RS=0, SS=0
Group 1: Iters=10, Procs=52, Factors=1.000000, Dist=2, RM=0, SM=1, RS=0, SS=0
T_spawn: 0.101204 
T_SR: 0.063789 
T_AR: 0.000000 
T_US: 0.031518 
T_Malleability: 0.489467 
T_total: 1.779069
Config loaded: R=1, S=2, granularity=100000, SDR=1000, ADR=0, Rigid=1, Capture_Method=0
Stage 0: PT=0, T_stage=0.012350, bytes=0, T_capped=0
Stage 1: PT=6, T_stage=0.000000, bytes=33176880, T_capped=0
Group 0: Iters=5, Procs=364, Factors=1.000000, Dist=2, RM=0, SM=0, RS=0, SS=0
Group 1: Iters=10, Procs=52, Factors=1.000000, Dist=2, RM=0, SM=1, RS=0, SS=0
T_spawn: 0.133201 
T_SR: 0.045088 
T_AR: 0.000000 
T_US: 0.025523 
T_Malleability: 0.343306 
T_total: 1.663794
Config loaded: R=1, S=2, granularity=100000, SDR=1000, ADR=0, Rigid=1, Capture_Method=0
Stage 0: PT=0, T_stage=0.012350, bytes=0, T_capped=0
Stage 1: PT=6, T_stage=0.000000, bytes=33176880, T_capped=0
Group 0: Iters=5, Procs=364, Factors=1.000000, Dist=2, RM=0, SM=0, RS=0, SS=0
Group 1: Iters=10, Procs=52, Factors=1.000000, Dist=2, RM=0, SM=1, RS=0, SS=0
T_spawn: 0.170085 
T_SR: 0.062394 
T_AR: 0.000000 
T_US: 0.014880 
T_Malleability: 0.383306 
T_total: 1.837465
Config loaded: R=1, S=2, granularity=100000, SDR=1000, ADR=0, Rigid=1, Capture_Method=0
Stage 0: PT=0, T_stage=0.012350, bytes=0, T_capped=0
Stage 1: PT=6, T_stage=0.000000, bytes=33176880, T_capped=0
Group 0: Iters=5, Procs=364, Factors=1.000000, Dist=2, RM=0, SM=0, RS=0, SS=0
Group 1: Iters=10, Procs=52, Factors=1.000000, Dist=2, RM=0, SM=1, RS=0, SS=0
T_spawn: 0.150958 
T_SR: 0.055893 
T_AR: 0.000000 
T_US: 0.023012 
T_Malleability: 0.379532 
T_total: 1.701579
Config loaded: R=1, S=2, granularity=100000, SDR=1000, ADR=0, Rigid=1, Capture_Method=0
Stage 0: PT=0, T_stage=0.012350, bytes=0, T_capped=0
Stage 1: PT=6, T_stage=0.000000, bytes=33176880, T_capped=0
Group 0: Iters=5, Procs=364, Factors=1.000000, Dist=2, RM=0, SM=0, RS=0, SS=0
Group 1: Iters=10, Procs=52, Factors=1.000000, Dist=2, RM=0, SM=1, RS=0, SS=0
T_spawn: 0.079513 
T_SR: 0.048829 
T_AR: 0.000000 
T_US: 0.028733 
T_Malleability: 0.336366 
T_total: 1.750243
Config loaded: R=1, S=2, granularity=100000, SDR=1000, ADR=0, Rigid=1, Capture_Method=0
Stage 0: PT=0, T_stage=0.012350, bytes=0, T_capped=0
Stage 1: PT=6, T_stage=0.000000, bytes=33176880, T_capped=0
Group 0: Iters=5, Procs=364, Factors=1.000000, Dist=2, RM=0, SM=0, RS=0, SS=0
Group 1: Iters=10, Procs=52, Factors=1.000000, Dist=2, RM=0, SM=1, RS=0, SS=0
T_spawn: 0.132954 
T_SR: 0.032249 
T_AR: 0.000000 
T_US: 0.015335 
T_Malleability: 0.372450 
T_total: 1.735786
Config loaded: R=1, S=2, granularity=100000, SDR=1000, ADR=0, Rigid=1, Capture_Method=0
Stage 0: PT=0, T_stage=0.012350, bytes=0, T_capped=0
Stage 1: PT=6, T_stage=0.000000, bytes=33176880, T_capped=0
Group 0: Iters=5, Procs=364, Factors=1.000000, Dist=2, RM=0, SM=0, RS=0, SS=0
Group 1: Iters=10, Procs=52, Factors=1.000000, Dist=2, RM=0, SM=1, RS=0, SS=0
T_spawn: 0.175999 
T_SR: 0.032619 
T_AR: 0.000000 
T_US: 0.014787 
T_Malleability: 0.392502 
T_total: 1.710569
Config loaded: R=1, S=2, granularity=100000, SDR=1000, ADR=0, Rigid=1, Capture_Method=0
Stage 0: PT=0, T_stage=0.012350, bytes=0, T_capped=0
Stage 1: PT=6, T_stage=0.000000, bytes=33176880, T_capped=0
Group 0: Iters=5, Procs=364, Factors=1.000000, Dist=2, RM=0, SM=0, RS=0, SS=0
Group 1: Iters=10, Procs=52, Factors=1.000000, Dist=2, RM=0, SM=1, RS=0, SS=0
T_spawn: 0.110075 
T_SR: 0.046918 
T_AR: 0.000000 
T_US: 0.015003 
T_Malleability: 0.424151 
T_total: 1.877989
Config loaded: R=1, S=2, granularity=100000, SDR=1000, ADR=0, Rigid=1, Capture_Method=0
Stage 0: PT=0, T_stage=0.012350, bytes=0, T_capped=0
Stage 1: PT=6, T_stage=0.000000, bytes=33176880, T_capped=0
Group 0: Iters=5, Procs=364, Factors=1.000000, Dist=2, RM=0, SM=0, RS=0, SS=0
Group 1: Iters=10, Procs=52, Factors=1.000000, Dist=2, RM=0, SM=1, RS=0, SS=0
T_spawn: 0.127813 
T_SR: 0.030939 
T_AR: 0.000000 
T_US: 0.014784 
T_Malleability: 0.471453 
T_total: 1.930674
Config loaded: R=1, S=2, granularity=100000, SDR=1000, ADR=0, Rigid=1, Capture_Method=0
Stage 0: PT=0, T_stage=0.012350, bytes=0, T_capped=0
Stage 1: PT=6, T_stage=0.000000, bytes=33176880, T_capped=0
Group 0: Iters=5, Procs=364, Factors=1.000000, Dist=2, RM=0, SM=0, RS=0, SS=0
Group 1: Iters=10, Procs=52, Factors=1.000000, Dist=2, RM=0, SM=1, RS=0, SS=0
T_spawn: 0.129254 
T_SR: 0.045401 
T_AR: 0.000000 
T_US: 0.014964 
T_Malleability: 0.363423 
T_total: 1.710987
Config loaded: R=1, S=2, granularity=100000, SDR=1000, ADR=0, Rigid=1, Capture_Method=0
Stage 0: PT=0, T_stage=0.012350, bytes=0, T_capped=0
Stage 1: PT=6, T_stage=0.000000, bytes=33176880, T_capped=0
Group 0: Iters=5, Procs=364, Factors=1.000000, Dist=2, RM=0, SM=0, RS=0, SS=0
Group 1: Iters=10, Procs=52, Factors=1.000000, Dist=2, RM=0, SM=1, RS=0, SS=0
T_spawn: 0.096005 
T_SR: 0.032571 
T_AR: 0.000000 
T_US: 0.021428 
T_Malleability: 0.338585 
T_total: 1.655862
Config loaded: R=1, S=2, granularity=100000, SDR=1000, ADR=0, Rigid=1, Capture_Method=0
Stage 0: PT=0, T_stage=0.012350, bytes=0, T_capped=0
Stage 1: PT=6, T_stage=0.000000, bytes=33176880, T_capped=0
Group 0: Iters=5, Procs=364, Factors=1.000000, Dist=2, RM=0, SM=0, RS=0, SS=0
Group 1: Iters=10, Procs=52, Factors=1.000000, Dist=2, RM=0, SM=1, RS=0, SS=0
T_spawn: 0.142078 
T_SR: 0.031344 
T_AR: 0.000000 
T_US: 0.021002 
T_Malleability: 0.462355 
T_total: 2.243886
Config loaded: R=1, S=2, granularity=100000, SDR=1000, ADR=0, Rigid=1, Capture_Method=0
Stage 0: PT=0, T_stage=0.012350, bytes=0, T_capped=0
Stage 1: PT=6, T_stage=0.000000, bytes=33176880, T_capped=0
Group 0: Iters=5, Procs=364, Factors=1.000000, Dist=2, RM=0, SM=0, RS=0, SS=0
Group 1: Iters=10, Procs=52, Factors=1.000000, Dist=2, RM=0, SM=1, RS=0, SS=0
T_spawn: 0.129665 
T_SR: 0.062880 
T_AR: 0.000000 
T_US: 0.020711 
T_Malleability: 0.377724 
T_total: 1.825869
Config loaded: R=1, S=2, granularity=100000, SDR=1000, ADR=0, Rigid=1, Capture_Method=0
Stage 0: PT=0, T_stage=0.012350, bytes=0, T_capped=0
Stage 1: PT=6, T_stage=0.000000, bytes=33176880, T_capped=0
Group 0: Iters=5, Procs=364, Factors=1.000000, Dist=2, RM=0, SM=0, RS=0, SS=0
Group 1: Iters=10, Procs=52, Factors=1.000000, Dist=2, RM=0, SM=1, RS=0, SS=0
T_spawn: 0.105422 
T_SR: 0.061297 
T_AR: 0.000000 
T_US: 0.017800 
T_Malleability: 0.311404 
T_total: 1.716347
Config loaded: R=1, S=2, granularity=100000, SDR=1000, ADR=0, Rigid=1, Capture_Method=0
Stage 0: PT=0, T_stage=0.012350, bytes=0, T_capped=0
Stage 1: PT=6, T_stage=0.000000, bytes=33176880, T_capped=0
Group 0: Iters=5, Procs=364, Factors=1.000000, Dist=2, RM=0, SM=0, RS=0, SS=0
Group 1: Iters=10, Procs=52, Factors=1.000000, Dist=2, RM=0, SM=1, RS=0, SS=0
T_spawn: 0.112304 
T_SR: 0.048185 
T_AR: 0.000000 
T_US: 0.019838 
T_Malleability: 0.342531 
T_total: 1.896331
Config loaded: R=1, S=2, granularity=100000, SDR=1000, ADR=0, Rigid=1, Capture_Method=0
Stage 0: PT=0, T_stage=0.012350, bytes=0, T_capped=0
Stage 1: PT=6, T_stage=0.000000, bytes=33176880, T_capped=0
Group 0: Iters=5, Procs=364, Factors=1.000000, Dist=2, RM=0, SM=0, RS=0, SS=0
Group 1: Iters=10, Procs=52, Factors=1.000000, Dist=2, RM=0, SM=1, RS=0, SS=0
T_spawn: 0.108010 
T_SR: 0.032649 
T_AR: 0.000000 
T_US: 0.018234 
T_Malleability: 0.308522 
T_total: 1.667079
