Config: granularity=100000, SDR=1000, ADR=0, Rigid=1, Capture_Method=0
Stage 0: PT=0, T_stage=0.012350, bytes=0, T_capped=0
Stage 1: PT=6, T_stage=0.000000, bytes=33176880, T_capped=0
Group 1: Iters=10, Procs=208, Factors=1.000000, Dist=2, RM=0, SM=1, RS=0, SS=5, parents=20, children=0
Async_Iters: 0
T_iter: 0.091555 0.070055 0.067269 0.068039 0.065807 0.066525 0.072978 0.067637 0.079268 0.067774 
T_stage 0: 0.012990 0.013301 0.012971 0.013156 0.014407 0.012952 0.014496 0.014074 0.014667 0.013743 
T_stage 1: 0.078321 0.056590 0.054078 0.054698 0.052446 0.053333 0.059647 0.054440 0.066178 0.054535 
Config: granularity=100000, SDR=1000, ADR=0, Rigid=1, Capture_Method=0
Stage 0: PT=0, T_stage=0.012350, bytes=0, T_capped=0
Stage 1: PT=6, T_stage=0.000000, bytes=33176880, T_capped=0
Group 1: Iters=10, Procs=208, Factors=1.000000, Dist=2, RM=0, SM=1, RS=0, SS=5, parents=20, children=0
Async_Iters: 0
T_iter: 0.096849 0.073369 0.066214 0.063902 0.070946 0.066224 0.066800 0.066238 0.064659 0.068377 
T_stage 0: 0.012818 0.012945 0.012984 0.012857 0.015568 0.014513 0.013970 0.014394 0.013728 0.014786 
T_stage 1: 0.083813 0.060353 0.053012 0.050961 0.057857 0.052877 0.053468 0.052848 0.051426 0.055371 
Config: granularity=100000, SDR=1000, ADR=0, Rigid=1, Capture_Method=0
Stage 0: PT=0, T_stage=0.012350, bytes=0, T_capped=0
Stage 1: PT=6, T_stage=0.000000, bytes=33176880, T_capped=0
Group 1: Iters=10, Procs=208, Factors=1.000000, Dist=2, RM=0, SM=1, RS=0, SS=5, parents=20, children=0
Async_Iters: 0
T_iter: 0.144447 0.282600 0.080588 0.106516 0.065077 0.067243 0.062506 0.062857 0.061322 0.066494 
T_stage 0: 0.012868 0.013210 0.021617 0.035748 0.014357 0.014507 0.013717 0.013194 0.014613 0.014608 
T_stage 1: 0.131460 0.269239 0.060320 0.077504 0.051712 0.054245 0.049192 0.049562 0.048247 0.053492 
Config: granularity=100000, SDR=1000, ADR=0, Rigid=1, Capture_Method=0
Stage 0: PT=0, T_stage=0.012350, bytes=0, T_capped=0
Stage 1: PT=6, T_stage=0.000000, bytes=33176880, T_capped=0
Group 1: Iters=10, Procs=208, Factors=1.000000, Dist=2, RM=0, SM=1, RS=0, SS=5, parents=20, children=0
Async_Iters: 0
T_iter: 0.116288 0.069537 0.072867 0.064306 0.064239 0.066712 0.065165 0.065484 0.064767 0.065056 
T_stage 0: 0.012837 0.012920 0.012896 0.012850 0.013240 0.014360 0.013244 0.014981 0.013014 0.013971 
T_stage 1: 0.103270 0.056547 0.059860 0.051288 0.050932 0.053365 0.051886 0.052277 0.051597 0.051924 
Config: granularity=100000, SDR=1000, ADR=0, Rigid=1, Capture_Method=0
Stage 0: PT=0, T_stage=0.012350, bytes=0, T_capped=0
Stage 1: PT=6, T_stage=0.000000, bytes=33176880, T_capped=0
Group 1: Iters=10, Procs=208, Factors=1.000000, Dist=2, RM=0, SM=1, RS=0, SS=5, parents=20, children=0
Async_Iters: 0
T_iter: 0.091468 0.077584 0.080810 0.076669 0.074594 0.074594 0.074325 0.075566 0.075043 0.074165 
T_stage 0: 0.012871 0.012921 0.013217 0.014561 0.013602 0.015117 0.013108 0.014400 0.014364 0.015572 
T_stage 1: 0.078409 0.064570 0.067363 0.063461 0.061590 0.061531 0.061069 0.062551 0.062080 0.061150 
Config: granularity=100000, SDR=1000, ADR=0, Rigid=1, Capture_Method=0
Stage 0: PT=0, T_stage=0.012350, bytes=0, T_capped=0
Stage 1: PT=6, T_stage=0.000000, bytes=33176880, T_capped=0
Group 1: Iters=10, Procs=208, Factors=1.000000, Dist=2, RM=0, SM=1, RS=0, SS=5, parents=20, children=0
Async_Iters: 0
T_iter: 0.092454 0.074461 0.064009 0.063211 0.063786 0.064433 0.065481 0.062367 0.064859 0.062260 
T_stage 0: 0.012852 0.014161 0.012890 0.013205 0.014878 0.015653 0.013026 0.013817 0.014882 0.014119 
T_stage 1: 0.079444 0.061396 0.050955 0.049851 0.050740 0.051211 0.052257 0.049304 0.051854 0.049258 
Config: granularity=100000, SDR=1000, ADR=0, Rigid=1, Capture_Method=0
Stage 0: PT=0, T_stage=0.012350, bytes=0, T_capped=0
Stage 1: PT=6, T_stage=0.000000, bytes=33176880, T_capped=0
Group 1: Iters=10, Procs=208, Factors=1.000000, Dist=2, RM=0, SM=1, RS=0, SS=5, parents=20, children=0
Async_Iters: 0
T_iter: 0.091612 0.068143 0.071447 0.069641 0.068323 0.066690 0.063959 0.066024 0.069470 0.068134 
T_stage 0: 0.012871 0.012877 0.014098 0.014251 0.014173 0.013334 0.014946 0.014115 0.013897 0.012927 
T_stage 1: 0.078635 0.055127 0.058471 0.056639 0.054705 0.053325 0.050646 0.052998 0.055970 0.055033 
Config: granularity=100000, SDR=1000, ADR=0, Rigid=1, Capture_Method=0
Stage 0: PT=0, T_stage=0.012350, bytes=0, T_capped=0
Stage 1: PT=6, T_stage=0.000000, bytes=33176880, T_capped=0
Group 1: Iters=10, Procs=208, Factors=1.000000, Dist=2, RM=0, SM=1, RS=0, SS=5, parents=20, children=0
Async_Iters: 0
T_iter: 0.098023 0.080580 0.071845 0.065645 0.064406 0.068958 0.067644 0.066394 0.069551 0.068011 
T_stage 0: 0.012900 0.014263 0.014209 0.014862 0.014536 0.014348 0.012898 0.013734 0.012929 0.014102 
T_stage 1: 0.084761 0.066556 0.058571 0.051880 0.051093 0.056019 0.054581 0.053328 0.056442 0.054925 
Config: granularity=100000, SDR=1000, ADR=0, Rigid=1, Capture_Method=0
Stage 0: PT=0, T_stage=0.012350, bytes=0, T_capped=0
Stage 1: PT=6, T_stage=0.000000, bytes=33176880, T_capped=0
Group 1: Iters=10, Procs=208, Factors=1.000000, Dist=2, RM=0, SM=1, RS=0, SS=5, parents=20, children=0
Async_Iters: 0
T_iter: 0.122196 0.110426 0.106082 0.075993 0.095214 0.098204 0.278879 0.069551 0.065980 0.070639 
T_stage 0: 0.013093 0.013877 0.013080 0.013065 0.013694 0.013072 0.224673 0.017152 0.012977 0.014546 
T_stage 1: 0.108883 0.096525 0.092444 0.062693 0.081389 0.084870 0.265777 0.056536 0.052779 0.057447 
Config: granularity=100000, SDR=1000, ADR=0, Rigid=1, Capture_Method=0
Stage 0: PT=0, T_stage=0.012350, bytes=0, T_capped=0
Stage 1: PT=6, T_stage=0.000000, bytes=33176880, T_capped=0
Group 1: Iters=10, Procs=208, Factors=1.000000, Dist=2, RM=0, SM=1, RS=0, SS=5, parents=20, children=0
Async_Iters: 0
T_iter: 0.115155 0.100719 0.123829 0.067143 0.066078 0.069580 0.079873 0.082102 0.073105 0.094672 
T_stage 0: 0.012871 0.013038 0.013237 0.013252 0.013271 0.014229 0.013553 0.012935 0.014697 0.014221 
T_stage 1: 0.102146 0.087596 0.110629 0.053530 0.052373 0.056300 0.066372 0.069089 0.060044 0.081680 
Config: granularity=100000, SDR=1000, ADR=0, Rigid=1, Capture_Method=0
Stage 0: PT=0, T_stage=0.012350, bytes=0, T_capped=0
Stage 1: PT=6, T_stage=0.000000, bytes=33176880, T_capped=0
Group 1: Iters=10, Procs=208, Factors=1.000000, Dist=2, RM=0, SM=1, RS=0, SS=5, parents=20, children=0
Async_Iters: 0
T_iter: 0.090942 0.082482 0.079210 0.079835 0.078756 0.077998 0.078531 0.078403 0.078150 0.076287 
T_stage 0: 0.012981 0.015271 0.013306 0.013965 0.013756 0.014032 0.013012 0.014065 0.014389 0.014041 
T_stage 1: 0.077780 0.069021 0.065804 0.066351 0.065553 0.065032 0.065354 0.065416 0.065104 0.063106 
Config: granularity=100000, SDR=1000, ADR=0, Rigid=1, Capture_Method=0
Stage 0: PT=0, T_stage=0.012350, bytes=0, T_capped=0
Stage 1: PT=6, T_stage=0.000000, bytes=33176880, T_capped=0
Group 1: Iters=10, Procs=208, Factors=1.000000, Dist=2, RM=0, SM=1, RS=0, SS=5, parents=20, children=0
Async_Iters: 0
T_iter: 0.098497 0.067975 0.066949 0.069143 0.068987 0.065912 0.073173 0.065336 0.068462 0.073409 
T_stage 0: 0.012927 0.012892 0.012915 0.012956 0.014290 0.014355 0.015030 0.014689 0.014575 0.014076 
T_stage 1: 0.085389 0.054862 0.053913 0.055995 0.055610 0.052814 0.060108 0.052128 0.055298 0.060397 
Config: granularity=100000, SDR=1000, ADR=0, Rigid=1, Capture_Method=0
Stage 0: PT=0, T_stage=0.012350, bytes=0, T_capped=0
Stage 1: PT=6, T_stage=0.000000, bytes=33176880, T_capped=0
Group 1: Iters=10, Procs=208, Factors=1.000000, Dist=2, RM=0, SM=1, RS=0, SS=5, parents=20, children=0
Async_Iters: 0
T_iter: 0.093572 0.073678 0.074740 0.076245 0.075695 0.074076 0.073726 0.073629 0.085428 0.074238 
T_stage 0: 0.013062 0.012902 0.012874 0.015320 0.014335 0.014150 0.013250 0.014577 0.012996 0.014578 
T_stage 1: 0.079814 0.060617 0.061671 0.062936 0.061901 0.060784 0.060343 0.060532 0.072373 0.061298 
Config: granularity=100000, SDR=1000, ADR=0, Rigid=1, Capture_Method=0
Stage 0: PT=0, T_stage=0.012350, bytes=0, T_capped=0
Stage 1: PT=6, T_stage=0.000000, bytes=33176880, T_capped=0
Group 1: Iters=10, Procs=208, Factors=1.000000, Dist=2, RM=0, SM=1, RS=0, SS=5, parents=20, children=0
Async_Iters: 0
T_iter: 0.094557 0.073072 0.065592 0.065901 0.065435 0.069186 0.067543 0.065141 0.066244 0.066586 
T_stage 0: 0.012946 0.012914 0.014048 0.012912 0.014082 0.014762 0.014651 0.014306 0.012919 0.014211 
T_stage 1: 0.081340 0.059525 0.052627 0.052811 0.052108 0.055765 0.054005 0.051851 0.053284 0.053290 
Config: granularity=100000, SDR=1000, ADR=0, Rigid=1, Capture_Method=0
Stage 0: PT=0, T_stage=0.012350, bytes=0, T_capped=0
Stage 1: PT=6, T_stage=0.000000, bytes=33176880, T_capped=0
Group 1: Iters=10, Procs=208, Factors=1.000000, Dist=2, RM=0, SM=1, RS=0, SS=5, parents=20, children=0
Async_Iters: 0
T_iter: 0.096716 0.076762 0.070654 0.071083 0.069718 0.071440 0.072446 0.074187 0.071727 0.072744 
T_stage 0: 0.012817 0.012955 0.013560 0.014084 0.013160 0.014397 0.015190 0.015842 0.014061 0.013803 
T_stage 1: 0.083658 0.063749 0.057534 0.057828 0.056381 0.058127 0.059228 0.060952 0.058691 0.059775 
Config: granularity=100000, SDR=1000, ADR=0, Rigid=1, Capture_Method=0
Stage 0: PT=0, T_stage=0.012350, bytes=0, T_capped=0
Stage 1: PT=6, T_stage=0.000000, bytes=33176880, T_capped=0
Group 1: Iters=10, Procs=208, Factors=1.000000, Dist=2, RM=0, SM=1, RS=0, SS=5, parents=20, children=0
Async_Iters: 0
T_iter: 0.095401 0.067594 0.071281 0.068405 0.063681 0.063075 0.067861 0.064224 0.065600 0.064579 
T_stage 0: 0.012855 0.012930 0.012949 0.012937 0.013015 0.014318 0.014083 0.014655 0.016420 0.015303 
T_stage 1: 0.082390 0.054526 0.058233 0.055356 0.050572 0.049695 0.054894 0.051042 0.052576 0.051525 
Config: granularity=100000, SDR=1000, ADR=0, Rigid=1, Capture_Method=0
Stage 0: PT=0, T_stage=0.012350, bytes=0, T_capped=0
Stage 1: PT=6, T_stage=0.000000, bytes=33176880, T_capped=0
Group 1: Iters=10, Procs=208, Factors=1.000000, Dist=2, RM=0, SM=1, RS=0, SS=5, parents=20, children=0
Async_Iters: 0
T_iter: 0.092525 0.072286 0.068385 0.069565 0.072965 0.063792 0.072175 0.069997 0.072127 0.068994 
T_stage 0: 0.013045 0.012859 0.012884 0.013523 0.015078 0.014361 0.014914 0.012874 0.014096 0.014165 
T_stage 1: 0.079311 0.059257 0.054883 0.056328 0.059466 0.050568 0.058263 0.056983 0.059056 0.056015 
Config: granularity=100000, SDR=1000, ADR=0, Rigid=1, Capture_Method=0
Stage 0: PT=0, T_stage=0.012350, bytes=0, T_capped=0
Stage 1: PT=6, T_stage=0.000000, bytes=33176880, T_capped=0
Group 1: Iters=10, Procs=208, Factors=1.000000, Dist=2, RM=0, SM=1, RS=0, SS=5, parents=20, children=0
Async_Iters: 0
T_iter: 0.095800 0.074503 0.085483 0.080792 0.080789 0.080564 0.079035 0.080202 0.080148 0.080372 
T_stage 0: 0.012915 0.013288 0.017938 0.013248 0.014862 0.014470 0.014534 0.014650 0.013751 0.012860 
T_stage 1: 0.082749 0.061408 0.066785 0.067384 0.067492 0.067409 0.065977 0.067204 0.066237 0.067368 
Config: granularity=100000, SDR=1000, ADR=0, Rigid=1, Capture_Method=0
Stage 0: PT=0, T_stage=0.012350, bytes=0, T_capped=0
Stage 1: PT=6, T_stage=0.000000, bytes=33176880, T_capped=0
Group 1: Iters=10, Procs=208, Factors=1.000000, Dist=2, RM=0, SM=1, RS=0, SS=5, parents=20, children=0
Async_Iters: 0
T_iter: 0.092733 0.073069 0.064071 0.064357 0.065800 0.065331 0.065648 0.065563 0.065179 0.064379 
T_stage 0: 0.013052 0.012856 0.012885 0.014035 0.013016 0.013110 0.013418 0.014075 0.014180 0.013012 
T_stage 1: 0.079025 0.060066 0.051092 0.051339 0.052603 0.052086 0.052228 0.052585 0.052039 0.051285 
Config: granularity=100000, SDR=1000, ADR=0, Rigid=1, Capture_Method=0
Stage 0: PT=0, T_stage=0.012350, bytes=0, T_capped=0
Stage 1: PT=6, T_stage=0.000000, bytes=33176880, T_capped=0
Group 1: Iters=10, Procs=208, Factors=1.000000, Dist=2, RM=0, SM=1, RS=0, SS=5, parents=20, children=0
Async_Iters: 0
T_iter: 0.115893 0.086292 0.108222 0.073947 0.073933 0.075043 0.074482 0.072504 0.072399 0.071515 
T_stage 0: 0.013055 0.013892 0.015626 0.014970 0.014560 0.014379 0.014454 0.013125 0.012914 0.013193 
T_stage 1: 0.102607 0.072630 0.094875 0.060606 0.060781 0.062033 0.061427 0.059471 0.059342 0.057697 
