Config: granularity=100000, SDR=1000, ADR=0, Rigid=1, Capture_Method=0
Stage 0: PT=0, T_stage=0.012350, bytes=0, T_capped=0
Stage 1: PT=6, T_stage=0.000000, bytes=33176880, T_capped=0
Group 1: Iters=10, Procs=208, Factors=1.000000, Dist=2, RM=0, SM=1, RS=0, SS=5, parents=52, children=0
Async_Iters: 0
T_iter: 0.334811 0.088544 0.075660 0.082393 0.077673 0.077043 0.076164 0.075717 0.076011 0.076614 
T_stage 0: 0.013239 0.013257 0.017232 0.013206 0.016512 0.014983 0.015281 0.013222 0.013211 0.013303 
T_stage 1: 0.321382 0.075076 0.062209 0.068990 0.063695 0.063676 0.062558 0.062373 0.062642 0.063323 
Config: granularity=100000, SDR=1000, ADR=0, Rigid=1, Capture_Method=0
Stage 0: PT=0, T_stage=0.012350, bytes=0, T_capped=0
Stage 1: PT=6, T_stage=0.000000, bytes=33176880, T_capped=0
Group 1: Iters=10, Procs=208, Factors=1.000000, Dist=2, RM=0, SM=1, RS=0, SS=5, parents=52, children=0
Async_Iters: 0
T_iter: 0.102871 0.076777 0.076509 0.077137 0.077169 0.078242 0.081493 0.075749 0.076797 0.075313 
T_stage 0: 0.013215 0.013233 0.013181 0.013181 0.013239 0.015328 0.013097 0.013195 0.013650 0.014829 
T_stage 1: 0.089365 0.063375 0.063245 0.063750 0.063398 0.064964 0.068267 0.062466 0.063283 0.061816 
Config: granularity=100000, SDR=1000, ADR=0, Rigid=1, Capture_Method=0
Stage 0: PT=0, T_stage=0.012350, bytes=0, T_capped=0
Stage 1: PT=6, T_stage=0.000000, bytes=33176880, T_capped=0
Group 1: Iters=10, Procs=208, Factors=1.000000, Dist=2, RM=0, SM=1, RS=0, SS=5, parents=52, children=0
Async_Iters: 0
T_iter: 0.105902 0.292923 0.076159 0.074708 0.081544 0.075802 0.082030 0.077883 0.076165 0.076901 
T_stage 0: 0.013235 0.013339 0.013300 0.013209 0.013382 0.013298 0.013235 0.013293 0.013221 0.014435 
T_stage 1: 0.091930 0.279301 0.061987 0.061264 0.068080 0.062236 0.068586 0.064554 0.062750 0.063480 
Config: granularity=100000, SDR=1000, ADR=0, Rigid=1, Capture_Method=0
Stage 0: PT=0, T_stage=0.012350, bytes=0, T_capped=0
Stage 1: PT=6, T_stage=0.000000, bytes=33176880, T_capped=0
Group 1: Iters=10, Procs=208, Factors=1.000000, Dist=2, RM=0, SM=1, RS=0, SS=5, parents=52, children=0
Async_Iters: 0
T_iter: 0.113664 0.078499 0.079352 0.085146 0.079470 0.076367 0.079850 0.076606 0.077106 0.077592 
T_stage 0: 0.013109 0.013264 0.013145 0.013134 0.013153 0.013123 0.013145 0.013667 0.013151 0.015957 
T_stage 1: 0.100382 0.065135 0.066181 0.071876 0.066109 0.063075 0.066515 0.063225 0.063758 0.064298 
Config: granularity=100000, SDR=1000, ADR=0, Rigid=1, Capture_Method=0
Stage 0: PT=0, T_stage=0.012350, bytes=0, T_capped=0
Stage 1: PT=6, T_stage=0.000000, bytes=33176880, T_capped=0
Group 1: Iters=10, Procs=208, Factors=1.000000, Dist=2, RM=0, SM=1, RS=0, SS=5, parents=52, children=0
Async_Iters: 0
T_iter: 0.094042 0.078005 0.080924 0.079620 0.077047 0.078022 0.076789 0.077011 0.077294 0.075428 
T_stage 0: 0.013485 0.013613 0.013550 0.014867 0.013634 0.013525 0.015043 0.014620 0.014378 0.014567 
T_stage 1: 0.080380 0.064375 0.067297 0.065992 0.062672 0.064335 0.063172 0.063424 0.063716 0.061696 
Config: granularity=100000, SDR=1000, ADR=0, Rigid=1, Capture_Method=0
Stage 0: PT=0, T_stage=0.012350, bytes=0, T_capped=0
Stage 1: PT=6, T_stage=0.000000, bytes=33176880, T_capped=0
Group 1: Iters=10, Procs=208, Factors=1.000000, Dist=2, RM=0, SM=1, RS=0, SS=5, parents=52, children=0
Async_Iters: 0
T_iter: 0.106437 0.079848 0.078068 0.080608 0.077123 0.077291 0.076261 0.076276 0.077449 0.077675 
T_stage 0: 0.013142 0.013196 0.013245 0.013268 0.013795 0.016238 0.015058 0.014798 0.015758 0.013163 
T_stage 1: 0.093030 0.066482 0.064690 0.067266 0.063106 0.063754 0.062810 0.062967 0.064052 0.064303 
Config: granularity=100000, SDR=1000, ADR=0, Rigid=1, Capture_Method=0
Stage 0: PT=0, T_stage=0.012350, bytes=0, T_capped=0
Stage 1: PT=6, T_stage=0.000000, bytes=33176880, T_capped=0
Group 1: Iters=10, Procs=208, Factors=1.000000, Dist=2, RM=0, SM=1, RS=0, SS=5, parents=52, children=0
Async_Iters: 0
T_iter: 0.100604 0.088132 0.083079 0.076772 0.079583 0.081987 0.288586 0.279745 0.082057 0.289178 
T_stage 0: 0.013160 0.013108 0.013377 0.013509 0.013833 0.013549 0.015283 0.014068 0.017250 0.013776 
T_stage 1: 0.086620 0.074906 0.068879 0.062971 0.066089 0.068302 0.275187 0.266466 0.065661 0.275754 
Config: granularity=100000, SDR=1000, ADR=0, Rigid=1, Capture_Method=0
Stage 0: PT=0, T_stage=0.012350, bytes=0, T_capped=0
Stage 1: PT=6, T_stage=0.000000, bytes=33176880, T_capped=0
Group 1: Iters=10, Procs=208, Factors=1.000000, Dist=2, RM=0, SM=1, RS=0, SS=5, parents=52, children=0
Async_Iters: 0
T_iter: 0.101136 0.078864 0.082449 0.094153 0.110321 0.101740 0.120598 0.100206 0.113928 0.080136 
T_stage 0: 0.013193 0.013189 0.013191 0.013188 0.014503 0.013555 0.013149 0.013216 0.013123 0.013119 
T_stage 1: 0.087713 0.065554 0.069061 0.080733 0.096997 0.088195 0.107323 0.086859 0.100652 0.066872 
Config: granularity=100000, SDR=1000, ADR=0, Rigid=1, Capture_Method=0
Stage 0: PT=0, T_stage=0.012350, bytes=0, T_capped=0
Stage 1: PT=6, T_stage=0.000000, bytes=33176880, T_capped=0
Group 1: Iters=10, Procs=208, Factors=1.000000, Dist=2, RM=0, SM=1, RS=0, SS=5, parents=52, children=0
Async_Iters: 0
T_iter: 0.094445 0.104505 0.108318 0.102582 0.318169 0.115770 0.113509 0.075986 0.074190 0.074637 
T_stage 0: 0.013219 0.013257 0.013190 0.013204 0.224984 0.013166 0.015658 0.013156 0.013219 0.013138 
T_stage 1: 0.080974 0.091024 0.094771 0.088851 0.304788 0.102442 0.100150 0.062440 0.060795 0.061296 
Config: granularity=100000, SDR=1000, ADR=0, Rigid=1, Capture_Method=0
Stage 0: PT=0, T_stage=0.012350, bytes=0, T_capped=0
Stage 1: PT=6, T_stage=0.000000, bytes=33176880, T_capped=0
Group 1: Iters=10, Procs=208, Factors=1.000000, Dist=2, RM=0, SM=1, RS=0, SS=5, parents=52, children=0
Async_Iters: 0
T_iter: 0.127642 0.083564 0.080637 0.080521 0.283382 0.077559 0.285440 0.077128 0.077391 0.075819 
T_stage 0: 0.013258 0.014169 0.013366 0.013740 0.014823 0.013280 0.013333 0.013289 0.013308 0.013277 
T_stage 1: 0.114172 0.070106 0.066406 0.066253 0.269778 0.064066 0.271971 0.063647 0.063970 0.062387 
Config: granularity=100000, SDR=1000, ADR=0, Rigid=1, Capture_Method=0
Stage 0: PT=0, T_stage=0.012350, bytes=0, T_capped=0
Stage 1: PT=6, T_stage=0.000000, bytes=33176880, T_capped=0
Group 1: Iters=10, Procs=208, Factors=1.000000, Dist=2, RM=0, SM=1, RS=0, SS=5, parents=52, children=0
Async_Iters: 0
T_iter: 0.100746 0.289805 0.079604 0.078223 0.075717 0.286651 0.287585 0.077665 0.075988 0.076314 
T_stage 0: 0.013183 0.013165 0.013499 0.014743 0.013181 0.013094 0.014212 0.013239 0.014516 0.013466 
T_stage 1: 0.086938 0.276362 0.066066 0.064940 0.062412 0.273299 0.274301 0.064385 0.062476 0.062721 
Config: granularity=100000, SDR=1000, ADR=0, Rigid=1, Capture_Method=0
Stage 0: PT=0, T_stage=0.012350, bytes=0, T_capped=0
Stage 1: PT=6, T_stage=0.000000, bytes=33176880, T_capped=0
Group 1: Iters=10, Procs=208, Factors=1.000000, Dist=2, RM=0, SM=1, RS=0, SS=5, parents=52, children=0
Async_Iters: 0
T_iter: 0.097972 0.083692 0.086911 0.082251 0.079165 0.081650 0.077854 0.079583 0.077890 0.079720 
T_stage 0: 0.013161 0.013179 0.013170 0.013725 0.013163 0.014682 0.013155 0.013405 0.014645 0.014259 
T_stage 1: 0.084622 0.070403 0.073539 0.068901 0.065803 0.068304 0.064523 0.065964 0.064570 0.066371 
Config: granularity=100000, SDR=1000, ADR=0, Rigid=1, Capture_Method=0
Stage 0: PT=0, T_stage=0.012350, bytes=0, T_capped=0
Stage 1: PT=6, T_stage=0.000000, bytes=33176880, T_capped=0
Group 1: Iters=10, Procs=208, Factors=1.000000, Dist=2, RM=0, SM=1, RS=0, SS=5, parents=52, children=0
Async_Iters: 0
T_iter: 0.094233 0.086147 0.080660 0.077596 0.078711 0.075654 0.075554 0.078192 0.075180 0.081965 
T_stage 0: 0.013223 0.013271 0.013269 0.013229 0.013277 0.013208 0.013295 0.014887 0.013207 0.014046 
T_stage 1: 0.080759 0.072709 0.066700 0.063639 0.065296 0.062233 0.062141 0.064770 0.061739 0.068503 
Config: granularity=100000, SDR=1000, ADR=0, Rigid=1, Capture_Method=0
Stage 0: PT=0, T_stage=0.012350, bytes=0, T_capped=0
Stage 1: PT=6, T_stage=0.000000, bytes=33176880, T_capped=0
Group 1: Iters=10, Procs=208, Factors=1.000000, Dist=2, RM=0, SM=1, RS=0, SS=5, parents=52, children=0
Async_Iters: 0
T_iter: 0.099811 0.092022 0.081603 0.078094 0.077512 0.080296 0.075573 0.083801 0.283519 0.077865 
T_stage 0: 0.013194 0.013146 0.013193 0.013539 0.014733 0.013142 0.013177 0.013527 0.016779 0.013266 
T_stage 1: 0.086430 0.078677 0.068261 0.064487 0.064079 0.066954 0.061612 0.069763 0.269915 0.064579 
Config: granularity=100000, SDR=1000, ADR=0, Rigid=1, Capture_Method=0
Stage 0: PT=0, T_stage=0.012350, bytes=0, T_capped=0
Stage 1: PT=6, T_stage=0.000000, bytes=33176880, T_capped=0
Group 1: Iters=10, Procs=208, Factors=1.000000, Dist=2, RM=0, SM=1, RS=0, SS=5, parents=52, children=0
Async_Iters: 0
T_iter: 0.097493 0.077943 0.283570 0.076313 0.077848 0.077798 0.076573 0.079514 0.076962 0.075561 
T_stage 0: 0.013306 0.013345 0.013337 0.013347 0.015059 0.015270 0.014951 0.014304 0.015068 0.013514 
T_stage 1: 0.083971 0.064016 0.269414 0.062781 0.064212 0.064248 0.062421 0.065960 0.063428 0.062003 
Config: granularity=100000, SDR=1000, ADR=0, Rigid=1, Capture_Method=0
Stage 0: PT=0, T_stage=0.012350, bytes=0, T_capped=0
Stage 1: PT=6, T_stage=0.000000, bytes=33176880, T_capped=0
Group 1: Iters=10, Procs=208, Factors=1.000000, Dist=2, RM=0, SM=1, RS=0, SS=5, parents=52, children=0
Async_Iters: 0
T_iter: 0.105950 0.082608 0.080830 0.081997 0.079743 0.081505 0.080499 0.083032 0.080373 0.081564 
T_stage 0: 0.013210 0.013176 0.013676 0.013144 0.013396 0.013135 0.013100 0.015325 0.013718 0.013152 
T_stage 1: 0.092540 0.068692 0.067434 0.068681 0.065387 0.068293 0.067099 0.069723 0.067102 0.068225 
Config: granularity=100000, SDR=1000, ADR=0, Rigid=1, Capture_Method=0
Stage 0: PT=0, T_stage=0.012350, bytes=0, T_capped=0
Stage 1: PT=6, T_stage=0.000000, bytes=33176880, T_capped=0
Group 1: Iters=10, Procs=208, Factors=1.000000, Dist=2, RM=0, SM=1, RS=0, SS=5, parents=52, children=0
Async_Iters: 0
T_iter: 0.113662 0.089337 0.085359 0.080086 0.077989 0.075390 0.078498 0.075022 0.076958 0.079746 
T_stage 0: 0.013227 0.013440 0.013201 0.013283 0.014689 0.013153 0.013907 0.013180 0.013164 0.013157 
T_stage 1: 0.099983 0.074932 0.072010 0.066598 0.064079 0.062038 0.065131 0.061646 0.063630 0.066413 
Config: granularity=100000, SDR=1000, ADR=0, Rigid=1, Capture_Method=0
Stage 0: PT=0, T_stage=0.012350, bytes=0, T_capped=0
Stage 1: PT=6, T_stage=0.000000, bytes=33176880, T_capped=0
Group 1: Iters=10, Procs=208, Factors=1.000000, Dist=2, RM=0, SM=1, RS=0, SS=5, parents=52, children=0
Async_Iters: 0
T_iter: 0.100243 0.086599 0.079919 0.076173 0.076074 0.075864 0.076229 0.096500 0.113274 0.097243 
T_stage 0: 0.013309 0.014762 0.013321 0.013331 0.013348 0.014663 0.013451 0.013288 0.014028 0.014860 
T_stage 1: 0.086750 0.071143 0.065635 0.062731 0.062653 0.062214 0.062602 0.083113 0.099845 0.083882 
Config: granularity=100000, SDR=1000, ADR=0, Rigid=1, Capture_Method=0
Stage 0: PT=0, T_stage=0.012350, bytes=0, T_capped=0
Stage 1: PT=6, T_stage=0.000000, bytes=33176880, T_capped=0
Group 1: Iters=10, Procs=208, Factors=1.000000, Dist=2, RM=0, SM=1, RS=0, SS=5, parents=52, children=0
Async_Iters: 0
T_iter: 0.097348 0.080669 0.085835 0.139800 0.118152 0.080665 0.076282 0.079130 0.076339 0.079229 
T_stage 0: 0.013243 0.014344 0.013203 0.019252 0.059042 0.013758 0.014690 0.013189 0.013641 0.013825 
T_stage 1: 0.082847 0.067144 0.072415 0.098636 0.061265 0.067396 0.062937 0.065806 0.063030 0.065985 
Config: granularity=100000, SDR=1000, ADR=0, Rigid=1, Capture_Method=0
Stage 0: PT=0, T_stage=0.012350, bytes=0, T_capped=0
Stage 1: PT=6, T_stage=0.000000, bytes=33176880, T_capped=0
Group 1: Iters=10, Procs=208, Factors=1.000000, Dist=2, RM=0, SM=1, RS=0, SS=5, parents=52, children=0
Async_Iters: 0
T_iter: 0.100960 0.078721 0.081060 0.080286 0.080160 0.080395 0.086372 0.080706 0.085740 0.083317 
T_stage 0: 0.013258 0.013346 0.013411 0.013395 0.013269 0.013357 0.015012 0.013670 0.016643 0.013955 
T_stage 1: 0.087510 0.065255 0.067150 0.066769 0.066728 0.065567 0.072795 0.066855 0.072263 0.069884 
