Config: granularity=100000, SDR=1000, ADR=0, Rigid=1, Capture_Method=0
Stage 0: PT=0, T_stage=0.012350, bytes=0, T_capped=0
Stage 1: PT=6, T_stage=0.000000, bytes=33176880, T_capped=0
Group 1: Iters=10, Procs=260, Factors=1.000000, Dist=2, RM=0, SM=1, RS=0, SS=5, parents=52, children=0
Async_Iters: 0
T_iter: 0.093531 0.092820 0.080444 0.089489 0.079465 0.082311 0.080343 0.077218 0.077561 0.077976 
T_stage 0: 0.013122 0.013143 0.013793 0.013201 0.013604 0.013765 0.013158 0.015896 0.013725 0.013148 
T_stage 1: 0.080164 0.079575 0.067100 0.074608 0.065634 0.068783 0.064642 0.063371 0.064110 0.064595 
Config: granularity=100000, SDR=1000, ADR=0, Rigid=1, Capture_Method=0
Stage 0: PT=0, T_stage=0.012350, bytes=0, T_capped=0
Stage 1: PT=6, T_stage=0.000000, bytes=33176880, T_capped=0
Group 1: Iters=10, Procs=260, Factors=1.000000, Dist=2, RM=0, SM=1, RS=0, SS=5, parents=52, children=0
Async_Iters: 0
T_iter: 0.134966 0.079926 0.081051 0.082036 0.078935 0.078265 0.080185 0.081545 0.080020 0.080455 
T_stage 0: 0.032012 0.013361 0.013435 0.014616 0.013300 0.013338 0.013279 0.013310 0.013854 0.013246 
T_stage 1: 0.106107 0.066430 0.066986 0.067831 0.065472 0.064798 0.066700 0.067140 0.066530 0.067045 
Config: granularity=100000, SDR=1000, ADR=0, Rigid=1, Capture_Method=0
Stage 0: PT=0, T_stage=0.012350, bytes=0, T_capped=0
Stage 1: PT=6, T_stage=0.000000, bytes=33176880, T_capped=0
Group 1: Iters=10, Procs=260, Factors=1.000000, Dist=2, RM=0, SM=1, RS=0, SS=5, parents=52, children=0
Async_Iters: 0
T_iter: 0.105665 0.080317 0.080839 0.084072 0.078763 0.082786 0.077097 0.086148 0.077449 0.077114 
T_stage 0: 0.013173 0.014635 0.013565 0.013161 0.014447 0.013267 0.013197 0.015264 0.013154 0.013209 
T_stage 1: 0.091724 0.066695 0.066542 0.069693 0.065488 0.069373 0.063722 0.072113 0.062992 0.063835 
Config: granularity=100000, SDR=1000, ADR=0, Rigid=1, Capture_Method=0
Stage 0: PT=0, T_stage=0.012350, bytes=0, T_capped=0
Stage 1: PT=6, T_stage=0.000000, bytes=33176880, T_capped=0
Group 1: Iters=10, Procs=260, Factors=1.000000, Dist=2, RM=0, SM=1, RS=0, SS=5, parents=52, children=0
Async_Iters: 0
T_iter: 0.096946 0.088272 0.078499 0.287673 0.284183 0.082390 0.076373 0.079023 0.078485 0.084307 
T_stage 0: 0.013158 0.013113 0.015892 0.013960 0.013741 0.014629 0.013240 0.013168 0.013234 0.013191 
T_stage 1: 0.083669 0.074885 0.064133 0.271787 0.270861 0.069124 0.062979 0.065227 0.065033 0.070647 
Config: granularity=100000, SDR=1000, ADR=0, Rigid=1, Capture_Method=0
Stage 0: PT=0, T_stage=0.012350, bytes=0, T_capped=0
Stage 1: PT=6, T_stage=0.000000, bytes=33176880, T_capped=0
Group 1: Iters=10, Procs=260, Factors=1.000000, Dist=2, RM=0, SM=1, RS=0, SS=5, parents=52, children=0
Async_Iters: 0
T_iter: 0.107137 0.085405 0.089328 0.083728 0.079420 0.081156 0.081041 0.080841 0.088040 0.079916 
T_stage 0: 0.013144 0.014374 0.013142 0.013573 0.013444 0.014638 0.013210 0.013214 0.014110 0.013970 
T_stage 1: 0.093830 0.071169 0.075388 0.070458 0.065807 0.067543 0.067704 0.067502 0.074283 0.066543 
Config: granularity=100000, SDR=1000, ADR=0, Rigid=1, Capture_Method=0
Stage 0: PT=0, T_stage=0.012350, bytes=0, T_capped=0
Stage 1: PT=6, T_stage=0.000000, bytes=33176880, T_capped=0
Group 1: Iters=10, Procs=260, Factors=1.000000, Dist=2, RM=0, SM=1, RS=0, SS=5, parents=52, children=0
Async_Iters: 0
T_iter: 0.094923 0.082144 0.080633 0.079920 0.079351 0.079094 0.080482 0.079923 0.078220 0.077985 
T_stage 0: 0.013150 0.013160 0.013198 0.013169 0.014681 0.013394 0.013671 0.016034 0.013623 0.013172 
T_stage 1: 0.081562 0.068812 0.067275 0.066356 0.065725 0.065502 0.067120 0.066684 0.064855 0.064600 
Config: granularity=100000, SDR=1000, ADR=0, Rigid=1, Capture_Method=0
Stage 0: PT=0, T_stage=0.012350, bytes=0, T_capped=0
Stage 1: PT=6, T_stage=0.000000, bytes=33176880, T_capped=0
Group 1: Iters=10, Procs=260, Factors=1.000000, Dist=2, RM=0, SM=1, RS=0, SS=5, parents=52, children=0
Async_Iters: 0
T_iter: 0.096032 0.079669 0.092824 0.080696 0.083133 0.078104 0.080623 0.076727 0.082706 0.283682 
T_stage 0: 0.014445 0.013223 0.013350 0.014364 0.014674 0.013259 0.013296 0.013258 0.014082 0.013321 
T_stage 1: 0.082616 0.066268 0.079447 0.066590 0.068081 0.064696 0.066127 0.063221 0.069233 0.267896 
Config: granularity=100000, SDR=1000, ADR=0, Rigid=1, Capture_Method=0
Stage 0: PT=0, T_stage=0.012350, bytes=0, T_capped=0
Stage 1: PT=6, T_stage=0.000000, bytes=33176880, T_capped=0
Group 1: Iters=10, Procs=260, Factors=1.000000, Dist=2, RM=0, SM=1, RS=0, SS=5, parents=52, children=0
Async_Iters: 0
T_iter: 0.096091 0.078686 0.080297 0.285141 0.087344 0.077696 0.079794 0.077435 0.077843 0.078494 
T_stage 0: 0.015081 0.016507 0.013302 0.015215 0.013281 0.013335 0.013329 0.013332 0.013220 0.013321 
T_stage 1: 0.082007 0.062512 0.066042 0.269789 0.073886 0.064169 0.066293 0.063955 0.064430 0.064991 
Config: granularity=100000, SDR=1000, ADR=0, Rigid=1, Capture_Method=0
Stage 0: PT=0, T_stage=0.012350, bytes=0, T_capped=0
Stage 1: PT=6, T_stage=0.000000, bytes=33176880, T_capped=0
Group 1: Iters=10, Procs=260, Factors=1.000000, Dist=2, RM=0, SM=1, RS=0, SS=5, parents=52, children=0
Async_Iters: 0
T_iter: 0.202212 0.079129 0.080355 0.087370 0.083021 0.078420 0.079096 0.081741 0.083107 0.078913 
T_stage 0: 0.029817 0.013425 0.014078 0.013788 0.013980 0.013286 0.013164 0.013153 0.015470 0.013148 
T_stage 1: 0.163305 0.065570 0.065936 0.073473 0.069761 0.064935 0.065742 0.068403 0.067807 0.065588 
Config: granularity=100000, SDR=1000, ADR=0, Rigid=1, Capture_Method=0
Stage 0: PT=0, T_stage=0.012350, bytes=0, T_capped=0
Stage 1: PT=6, T_stage=0.000000, bytes=33176880, T_capped=0
Group 1: Iters=10, Procs=260, Factors=1.000000, Dist=2, RM=0, SM=1, RS=0, SS=5, parents=52, children=0
Async_Iters: 0
T_iter: 0.102701 0.095915 0.086762 0.079057 0.083996 0.078513 0.079482 0.079401 0.079362 0.079420 
T_stage 0: 0.014861 0.014416 0.013514 0.013652 0.013565 0.013526 0.013631 0.013777 0.013658 0.013662 
T_stage 1: 0.088986 0.082206 0.072373 0.065314 0.070243 0.064813 0.065691 0.065524 0.065669 0.065594 
Config: granularity=100000, SDR=1000, ADR=0, Rigid=1, Capture_Method=0
Stage 0: PT=0, T_stage=0.012350, bytes=0, T_capped=0
Stage 1: PT=6, T_stage=0.000000, bytes=33176880, T_capped=0
Group 1: Iters=10, Procs=260, Factors=1.000000, Dist=2, RM=0, SM=1, RS=0, SS=5, parents=52, children=0
Async_Iters: 0
T_iter: 0.098078 0.085470 0.088435 0.085992 0.084555 0.083098 0.083978 0.084709 0.084962 0.084737 
T_stage 0: 0.013146 0.014413 0.015693 0.013200 0.014424 0.013156 0.013251 0.013833 0.013303 0.013205 
T_stage 1: 0.084665 0.071615 0.074221 0.072655 0.070422 0.069676 0.070560 0.071395 0.071561 0.071350 
Config: granularity=100000, SDR=1000, ADR=0, Rigid=1, Capture_Method=0
Stage 0: PT=0, T_stage=0.012350, bytes=0, T_capped=0
Stage 1: PT=6, T_stage=0.000000, bytes=33176880, T_capped=0
Group 1: Iters=10, Procs=260, Factors=1.000000, Dist=2, RM=0, SM=1, RS=0, SS=5, parents=52, children=0
Async_Iters: 0
T_iter: 0.106333 0.082699 0.080839 0.079207 0.077005 0.078601 0.077504 0.081468 0.081160 0.080379 
T_stage 0: 0.014374 0.013197 0.013663 0.013924 0.013733 0.014403 0.013148 0.013725 0.013147 0.013128 
T_stage 1: 0.093056 0.069355 0.066907 0.065629 0.063738 0.064771 0.064078 0.068141 0.067796 0.067039 
Config: granularity=100000, SDR=1000, ADR=0, Rigid=1, Capture_Method=0
Stage 0: PT=0, T_stage=0.012350, bytes=0, T_capped=0
Stage 1: PT=6, T_stage=0.000000, bytes=33176880, T_capped=0
Group 1: Iters=10, Procs=260, Factors=1.000000, Dist=2, RM=0, SM=1, RS=0, SS=5, parents=52, children=0
Async_Iters: 0
T_iter: 0.111832 0.086298 0.086646 0.080225 0.079909 0.078635 0.084292 0.083469 0.078387 0.078344 
T_stage 0: 0.013146 0.015245 0.014383 0.014461 0.013194 0.013762 0.013156 0.013195 0.013137 0.013176 
T_stage 1: 0.098487 0.072029 0.073261 0.066870 0.066562 0.064774 0.070993 0.070151 0.065055 0.065008 
Config: granularity=100000, SDR=1000, ADR=0, Rigid=1, Capture_Method=0
Stage 0: PT=0, T_stage=0.012350, bytes=0, T_capped=0
Stage 1: PT=6, T_stage=0.000000, bytes=33176880, T_capped=0
Group 1: Iters=10, Procs=260, Factors=1.000000, Dist=2, RM=0, SM=1, RS=0, SS=5, parents=52, children=0
Async_Iters: 0
T_iter: 0.137951 0.340508 0.079950 0.079735 0.079773 0.080118 0.082944 0.079730 0.079416 0.080708 
T_stage 0: 0.042096 0.015168 0.013732 0.013747 0.013784 0.013747 0.013724 0.013698 0.013780 0.013691 
T_stage 1: 0.096362 0.326336 0.066065 0.065793 0.065899 0.066179 0.068996 0.065846 0.065435 0.066527 
Config: granularity=100000, SDR=1000, ADR=0, Rigid=1, Capture_Method=0
Stage 0: PT=0, T_stage=0.012350, bytes=0, T_capped=0
Stage 1: PT=6, T_stage=0.000000, bytes=33176880, T_capped=0
Group 1: Iters=10, Procs=260, Factors=1.000000, Dist=2, RM=0, SM=1, RS=0, SS=5, parents=52, children=0
Async_Iters: 0
T_iter: 0.141596 0.081755 0.082908 0.097112 0.078917 0.078134 0.078290 0.078777 0.078956 0.078316 
T_stage 0: 0.047023 0.013639 0.015031 0.013663 0.013446 0.013390 0.013463 0.013480 0.013448 0.014367 
T_stage 1: 0.094319 0.068062 0.068445 0.082224 0.065256 0.064332 0.064698 0.065129 0.064870 0.064398 
Config: granularity=100000, SDR=1000, ADR=0, Rigid=1, Capture_Method=0
Stage 0: PT=0, T_stage=0.012350, bytes=0, T_capped=0
Stage 1: PT=6, T_stage=0.000000, bytes=33176880, T_capped=0
Group 1: Iters=10, Procs=260, Factors=1.000000, Dist=2, RM=0, SM=1, RS=0, SS=5, parents=52, children=0
Async_Iters: 0
T_iter: 0.095415 0.083406 0.083976 0.082493 0.092439 0.087841 0.078686 0.078320 0.078927 0.079470 
T_stage 0: 0.014034 0.014183 0.013249 0.014230 0.014135 0.013322 0.014658 0.014421 0.013299 0.014697 
T_stage 1: 0.081960 0.069884 0.070611 0.068818 0.078750 0.074451 0.065320 0.064879 0.065483 0.066068 
Config: granularity=100000, SDR=1000, ADR=0, Rigid=1, Capture_Method=0
Stage 0: PT=0, T_stage=0.012350, bytes=0, T_capped=0
Stage 1: PT=6, T_stage=0.000000, bytes=33176880, T_capped=0
Group 1: Iters=10, Procs=260, Factors=1.000000, Dist=2, RM=0, SM=1, RS=0, SS=5, parents=52, children=0
Async_Iters: 0
T_iter: 0.097742 0.079092 0.083841 0.077993 0.078081 0.080501 0.080792 0.081108 0.078856 0.078483 
T_stage 0: 0.013125 0.013157 0.013206 0.013165 0.013186 0.013282 0.015061 0.015117 0.013137 0.013115 
T_stage 1: 0.084374 0.065709 0.070513 0.064682 0.064721 0.066440 0.067234 0.067813 0.065285 0.065216 
Config: granularity=100000, SDR=1000, ADR=0, Rigid=1, Capture_Method=0
Stage 0: PT=0, T_stage=0.012350, bytes=0, T_capped=0
Stage 1: PT=6, T_stage=0.000000, bytes=33176880, T_capped=0
Group 1: Iters=10, Procs=260, Factors=1.000000, Dist=2, RM=0, SM=1, RS=0, SS=5, parents=52, children=0
Async_Iters: 0
T_iter: 0.098821 0.078754 0.081702 0.079431 0.080630 0.078588 0.078129 0.080166 0.080296 0.079024 
T_stage 0: 0.013110 0.013400 0.014363 0.014078 0.013182 0.014835 0.013178 0.013237 0.013378 0.013179 
T_stage 1: 0.085453 0.064703 0.068169 0.065350 0.067265 0.064631 0.064707 0.066840 0.065962 0.064664 
Config: granularity=100000, SDR=1000, ADR=0, Rigid=1, Capture_Method=0
Stage 0: PT=0, T_stage=0.012350, bytes=0, T_capped=0
Stage 1: PT=6, T_stage=0.000000, bytes=33176880, T_capped=0
Group 1: Iters=10, Procs=260, Factors=1.000000, Dist=2, RM=0, SM=1, RS=0, SS=5, parents=52, children=0
Async_Iters: 0
T_iter: 0.092183 0.087174 0.075886 0.083380 0.079599 0.077495 0.080779 0.076183 0.076211 0.076830 
T_stage 0: 0.013533 0.014861 0.013159 0.014222 0.013172 0.013222 0.014912 0.013261 0.013184 0.013242 
T_stage 1: 0.078386 0.073743 0.062623 0.068722 0.066212 0.064121 0.066952 0.062729 0.062749 0.063396 
Config: granularity=100000, SDR=1000, ADR=0, Rigid=1, Capture_Method=0
Stage 0: PT=0, T_stage=0.012350, bytes=0, T_capped=0
Stage 1: PT=6, T_stage=0.000000, bytes=33176880, T_capped=0
Group 1: Iters=10, Procs=260, Factors=1.000000, Dist=2, RM=0, SM=1, RS=0, SS=5, parents=52, children=0
Async_Iters: 0
T_iter: 0.094904 0.080926 0.082133 0.082414 0.085771 0.078535 0.080742 0.077698 0.079548 0.078007 
T_stage 0: 0.013925 0.013886 0.013769 0.013478 0.013236 0.013213 0.013173 0.013174 0.013173 0.013180 
T_stage 1: 0.079854 0.067455 0.068294 0.068818 0.072417 0.064979 0.067351 0.064360 0.065668 0.064533 
