Config: granularity=100000, SDR=1000, ADR=0, Rigid=1, Capture_Method=0
Stage 0: PT=0, T_stage=0.012350, bytes=0, T_capped=0
Stage 1: PT=6, T_stage=0.000000, bytes=33176880, T_capped=0
Group 1: Iters=10, Procs=364, Factors=1.000000, Dist=2, RM=0, SM=1, RS=0, SS=5, parents=52, children=0
Async_Iters: 0
T_iter: 0.104002 0.292215 0.086426 0.080951 0.081770 0.080464 0.082108 0.079534 0.080514 0.082384 
T_stage 0: 0.016957 0.015884 0.015300 0.013457 0.013735 0.013491 0.014961 0.015668 0.013463 0.015324 
T_stage 1: 0.089844 0.278464 0.072755 0.066807 0.066902 0.066695 0.068532 0.065954 0.066989 0.067575 
Config: granularity=100000, SDR=1000, ADR=0, Rigid=1, Capture_Method=0
Stage 0: PT=0, T_stage=0.012350, bytes=0, T_capped=0
Stage 1: PT=6, T_stage=0.000000, bytes=33176880, T_capped=0
Group 1: Iters=10, Procs=364, Factors=1.000000, Dist=2, RM=0, SM=1, RS=0, SS=5, parents=52, children=0
Async_Iters: 0
T_iter: 0.102638 0.083715 0.082330 0.083458 0.082404 0.081289 0.082678 0.085188 0.082681 0.082218 
T_stage 0: 0.013783 0.014094 0.013849 0.014925 0.014278 0.014800 0.014923 0.016287 0.014971 0.013836 
T_stage 1: 0.087413 0.068709 0.068366 0.069612 0.068129 0.067325 0.068860 0.071277 0.068757 0.068294 
Config: granularity=100000, SDR=1000, ADR=0, Rigid=1, Capture_Method=0
Stage 0: PT=0, T_stage=0.012350, bytes=0, T_capped=0
Stage 1: PT=6, T_stage=0.000000, bytes=33176880, T_capped=0
Group 1: Iters=10, Procs=364, Factors=1.000000, Dist=2, RM=0, SM=1, RS=0, SS=5, parents=52, children=0
Async_Iters: 0
T_iter: 0.113091 0.086838 0.089648 0.088039 0.087862 0.283363 0.089615 0.088256 0.088046 0.086844 
T_stage 0: 0.016998 0.013794 0.013857 0.013614 0.015532 0.015749 0.015900 0.013330 0.015019 0.013820 
T_stage 1: 0.098518 0.073153 0.073982 0.074488 0.074203 0.269554 0.074880 0.074704 0.074069 0.072623 
Config: granularity=100000, SDR=1000, ADR=0, Rigid=1, Capture_Method=0
Stage 0: PT=0, T_stage=0.012350, bytes=0, T_capped=0
Stage 1: PT=6, T_stage=0.000000, bytes=33176880, T_capped=0
Group 1: Iters=10, Procs=364, Factors=1.000000, Dist=2, RM=0, SM=1, RS=0, SS=5, parents=52, children=0
Async_Iters: 0
T_iter: 0.101655 0.084792 0.080866 0.085490 0.085202 0.086546 0.082602 0.082746 0.084674 0.083865 
T_stage 0: 0.013821 0.014983 0.013333 0.016611 0.015647 0.018680 0.013800 0.013392 0.017728 0.015874 
T_stage 1: 0.087645 0.070801 0.066958 0.071444 0.070497 0.068375 0.069202 0.069228 0.067625 0.070370 
Config: granularity=100000, SDR=1000, ADR=0, Rigid=1, Capture_Method=0
Stage 0: PT=0, T_stage=0.012350, bytes=0, T_capped=0
Stage 1: PT=6, T_stage=0.000000, bytes=33176880, T_capped=0
Group 1: Iters=10, Procs=364, Factors=1.000000, Dist=2, RM=0, SM=1, RS=0, SS=5, parents=52, children=0
Async_Iters: 0
T_iter: 0.111589 0.084548 0.088689 0.116153 0.082861 0.083058 0.083908 0.112099 0.116107 0.082309 
T_stage 0: 0.024651 0.017176 0.016346 0.013562 0.013634 0.015109 0.013831 0.014951 0.033166 0.013368 
T_stage 1: 0.086845 0.070920 0.072965 0.102477 0.068986 0.069297 0.069158 0.083476 0.086850 0.068847 
Config: granularity=100000, SDR=1000, ADR=0, Rigid=1, Capture_Method=0
Stage 0: PT=0, T_stage=0.012350, bytes=0, T_capped=0
Stage 1: PT=6, T_stage=0.000000, bytes=33176880, T_capped=0
Group 1: Iters=10, Procs=364, Factors=1.000000, Dist=2, RM=0, SM=1, RS=0, SS=5, parents=52, children=0
Async_Iters: 0
T_iter: 0.096174 0.086632 0.086840 0.081602 0.082241 0.084850 0.078920 0.087667 0.277172 0.084548 
T_stage 0: 0.013876 0.013889 0.015219 0.015130 0.015551 0.014734 0.013259 0.013784 0.013784 0.013854 
T_stage 1: 0.081187 0.073111 0.073155 0.067880 0.068251 0.070655 0.065522 0.073423 0.260951 0.070550 
Config: granularity=100000, SDR=1000, ADR=0, Rigid=1, Capture_Method=0
Stage 0: PT=0, T_stage=0.012350, bytes=0, T_capped=0
Stage 1: PT=6, T_stage=0.000000, bytes=33176880, T_capped=0
Group 1: Iters=10, Procs=364, Factors=1.000000, Dist=2, RM=0, SM=1, RS=0, SS=5, parents=52, children=0
Async_Iters: 0
T_iter: 0.109040 0.079727 0.081050 0.080254 0.080448 0.084143 0.081931 0.084091 0.084421 0.100885 
T_stage 0: 0.013345 0.015603 0.013766 0.013400 0.015124 0.013576 0.015477 0.015834 0.014100 0.014755 
T_stage 1: 0.094490 0.066020 0.067478 0.066854 0.065702 0.070649 0.068261 0.070590 0.070611 0.087514 
Config: granularity=100000, SDR=1000, ADR=0, Rigid=1, Capture_Method=0
Stage 0: PT=0, T_stage=0.012350, bytes=0, T_capped=0
Stage 1: PT=6, T_stage=0.000000, bytes=33176880, T_capped=0
Group 1: Iters=10, Procs=364, Factors=1.000000, Dist=2, RM=0, SM=1, RS=0, SS=5, parents=52, children=0
Async_Iters: 0
T_iter: 0.112749 0.088683 0.082780 0.082602 0.079052 0.085529 0.078545 0.085998 0.078320 0.078796 
T_stage 0: 0.016086 0.015010 0.013570 0.013499 0.013435 0.015545 0.015240 0.015316 0.014708 0.013213 
T_stage 1: 0.098060 0.074800 0.069037 0.068613 0.065477 0.072021 0.065111 0.072567 0.064788 0.065134 
Config: granularity=100000, SDR=1000, ADR=0, Rigid=1, Capture_Method=0
Stage 0: PT=0, T_stage=0.012350, bytes=0, T_capped=0
Stage 1: PT=6, T_stage=0.000000, bytes=33176880, T_capped=0
Group 1: Iters=10, Procs=364, Factors=1.000000, Dist=2, RM=0, SM=1, RS=0, SS=5, parents=52, children=0
Async_Iters: 0
T_iter: 0.161300 0.102570 0.098882 0.098400 0.098647 0.098689 0.097641 0.098385 0.098688 0.099231 
T_stage 0: 0.035950 0.016074 0.013854 0.013333 0.014618 0.015117 0.014659 0.014173 0.013715 0.013752 
T_stage 1: 0.132699 0.086990 0.084848 0.084952 0.085203 0.085306 0.084092 0.084973 0.085051 0.085688 
Config: granularity=100000, SDR=1000, ADR=0, Rigid=1, Capture_Method=0
Stage 0: PT=0, T_stage=0.012350, bytes=0, T_capped=0
Stage 1: PT=6, T_stage=0.000000, bytes=33176880, T_capped=0
Group 1: Iters=10, Procs=364, Factors=1.000000, Dist=2, RM=0, SM=1, RS=0, SS=5, parents=52, children=0
Async_Iters: 0
T_iter: 0.096796 0.085133 0.081236 0.084989 0.082293 0.082658 0.080902 0.084869 0.080349 0.081625 
T_stage 0: 0.013756 0.015164 0.016668 0.014004 0.015647 0.014857 0.014602 0.013712 0.013837 0.014595 
T_stage 1: 0.082779 0.070496 0.067427 0.071446 0.068000 0.067880 0.067191 0.070751 0.066514 0.068091 
Config: granularity=100000, SDR=1000, ADR=0, Rigid=1, Capture_Method=0
Stage 0: PT=0, T_stage=0.012350, bytes=0, T_capped=0
Stage 1: PT=6, T_stage=0.000000, bytes=33176880, T_capped=0
Group 1: Iters=10, Procs=364, Factors=1.000000, Dist=2, RM=0, SM=1, RS=0, SS=5, parents=52, children=0
Async_Iters: 0
T_iter: 0.105708 0.088208 0.091101 0.083871 0.083752 0.278732 0.084346 0.083149 0.082543 0.083063 
T_stage 0: 0.013796 0.015211 0.014845 0.013604 0.016742 0.016284 0.016726 0.014729 0.014386 0.013812 
T_stage 1: 0.091662 0.074376 0.075420 0.069727 0.069434 0.264894 0.070407 0.069222 0.068557 0.068698 
Config: granularity=100000, SDR=1000, ADR=0, Rigid=1, Capture_Method=0
Stage 0: PT=0, T_stage=0.012350, bytes=0, T_capped=0
Stage 1: PT=6, T_stage=0.000000, bytes=33176880, T_capped=0
Group 1: Iters=10, Procs=364, Factors=1.000000, Dist=2, RM=0, SM=1, RS=0, SS=5, parents=52, children=0
Async_Iters: 0
T_iter: 0.151009 0.083423 0.083640 0.082512 0.085561 0.081216 0.079644 0.080059 0.079125 0.080074 
T_stage 0: 0.048626 0.016678 0.015523 0.016506 0.015107 0.015762 0.015362 0.013840 0.014587 0.013669 
T_stage 1: 0.102071 0.068764 0.070017 0.067146 0.071832 0.067814 0.066130 0.066485 0.065266 0.065870 
Config: granularity=100000, SDR=1000, ADR=0, Rigid=1, Capture_Method=0
Stage 0: PT=0, T_stage=0.012350, bytes=0, T_capped=0
Stage 1: PT=6, T_stage=0.000000, bytes=33176880, T_capped=0
Group 1: Iters=10, Procs=364, Factors=1.000000, Dist=2, RM=0, SM=1, RS=0, SS=5, parents=52, children=0
Async_Iters: 0
T_iter: 0.101399 0.080129 0.300248 0.075666 0.083510 0.078971 0.077641 0.082928 0.077521 0.080023 
T_stage 0: 0.016196 0.014438 0.016285 0.013490 0.020534 0.014841 0.014139 0.014958 0.013678 0.013564 
T_stage 1: 0.087980 0.066619 0.286189 0.061502 0.069398 0.065399 0.064143 0.069471 0.064146 0.066550 
Config: granularity=100000, SDR=1000, ADR=0, Rigid=1, Capture_Method=0
Stage 0: PT=0, T_stage=0.012350, bytes=0, T_capped=0
Stage 1: PT=6, T_stage=0.000000, bytes=33176880, T_capped=0
Group 1: Iters=10, Procs=364, Factors=1.000000, Dist=2, RM=0, SM=1, RS=0, SS=5, parents=52, children=0
Async_Iters: 0
T_iter: 0.098608 0.087440 0.087148 0.079629 0.087156 0.083302 0.081330 0.081469 0.079733 0.080943 
T_stage 0: 0.013812 0.014491 0.013785 0.013997 0.014163 0.017421 0.018510 0.015316 0.013907 0.015577 
T_stage 1: 0.084193 0.073379 0.073142 0.065368 0.071828 0.068390 0.067008 0.067573 0.065713 0.066398 
Config: granularity=100000, SDR=1000, ADR=0, Rigid=1, Capture_Method=0
Stage 0: PT=0, T_stage=0.012350, bytes=0, T_capped=0
Stage 1: PT=6, T_stage=0.000000, bytes=33176880, T_capped=0
Group 1: Iters=10, Procs=364, Factors=1.000000, Dist=2, RM=0, SM=1, RS=0, SS=5, parents=52, children=0
Async_Iters: 0
T_iter: 0.099315 0.083415 0.088707 0.083775 0.079342 0.080082 0.078428 0.079842 0.079461 0.088612 
T_stage 0: 0.015814 0.015012 0.015956 0.014468 0.015971 0.013972 0.013635 0.013476 0.014157 0.013659 
T_stage 1: 0.085293 0.069109 0.074076 0.070260 0.065825 0.066576 0.065008 0.066434 0.065941 0.075153 
Config: granularity=100000, SDR=1000, ADR=0, Rigid=1, Capture_Method=0
Stage 0: PT=0, T_stage=0.012350, bytes=0, T_capped=0
Stage 1: PT=6, T_stage=0.000000, bytes=33176880, T_capped=0
Group 1: Iters=10, Procs=364, Factors=1.000000, Dist=2, RM=0, SM=1, RS=0, SS=5, parents=52, children=0
Async_Iters: 0
T_iter: 0.098321 0.095405 0.084554 0.082201 0.087798 0.080640 0.081043 0.080752 0.080198 0.083891 
T_stage 0: 0.016055 0.014581 0.013722 0.017161 0.014574 0.013438 0.014846 0.013856 0.014211 0.014935 
T_stage 1: 0.084775 0.081930 0.070708 0.068425 0.074119 0.066479 0.066941 0.067332 0.066715 0.070453 
Config: granularity=100000, SDR=1000, ADR=0, Rigid=1, Capture_Method=0
Stage 0: PT=0, T_stage=0.012350, bytes=0, T_capped=0
Stage 1: PT=6, T_stage=0.000000, bytes=33176880, T_capped=0
Group 1: Iters=10, Procs=364, Factors=1.000000, Dist=2, RM=0, SM=1, RS=0, SS=5, parents=52, children=0
Async_Iters: 0
T_iter: 0.161980 0.085742 0.086444 0.079193 0.082007 0.081300 0.294950 0.080503 0.080161 0.080069 
T_stage 0: 0.034165 0.015145 0.015180 0.014682 0.015712 0.013275 0.015369 0.015276 0.013944 0.013309 
T_stage 1: 0.132447 0.071807 0.072405 0.065671 0.068545 0.067546 0.281499 0.066990 0.066723 0.066427 
Config: granularity=100000, SDR=1000, ADR=0, Rigid=1, Capture_Method=0
Stage 0: PT=0, T_stage=0.012350, bytes=0, T_capped=0
Stage 1: PT=6, T_stage=0.000000, bytes=33176880, T_capped=0
Group 1: Iters=10, Procs=364, Factors=1.000000, Dist=2, RM=0, SM=1, RS=0, SS=5, parents=52, children=0
Async_Iters: 0
T_iter: 0.107900 0.080431 0.079839 0.079801 0.079635 0.079506 0.278336 0.282055 0.077846 0.079011 
T_stage 0: 0.016839 0.015485 0.015379 0.013674 0.015162 0.015742 0.013714 0.013807 0.016451 0.013756 
T_stage 1: 0.093596 0.066711 0.066229 0.065991 0.065881 0.065870 0.264931 0.268036 0.064370 0.065590 
Config: granularity=100000, SDR=1000, ADR=0, Rigid=1, Capture_Method=0
Stage 0: PT=0, T_stage=0.012350, bytes=0, T_capped=0
Stage 1: PT=6, T_stage=0.000000, bytes=33176880, T_capped=0
Group 1: Iters=10, Procs=364, Factors=1.000000, Dist=2, RM=0, SM=1, RS=0, SS=5, parents=52, children=0
Async_Iters: 0
T_iter: 0.095921 0.081808 0.091448 0.079246 0.284146 0.078904 0.086229 0.076968 0.075334 0.077485 
T_stage 0: 0.013764 0.016090 0.013571 0.015581 0.014439 0.015009 0.015114 0.014000 0.013756 0.013780 
T_stage 1: 0.081935 0.067874 0.077329 0.065563 0.270759 0.065489 0.072787 0.063414 0.061876 0.064131 
Config: granularity=100000, SDR=1000, ADR=0, Rigid=1, Capture_Method=0
Stage 0: PT=0, T_stage=0.012350, bytes=0, T_capped=0
Stage 1: PT=6, T_stage=0.000000, bytes=33176880, T_capped=0
Group 1: Iters=10, Procs=364, Factors=1.000000, Dist=2, RM=0, SM=1, RS=0, SS=5, parents=52, children=0
Async_Iters: 0
T_iter: 0.114558 0.098933 0.080861 0.079591 0.079269 0.078796 0.076612 0.078064 0.080997 0.084771 
T_stage 0: 0.026746 0.016222 0.013552 0.015232 0.013757 0.013264 0.014418 0.013916 0.015585 0.015834 
T_stage 1: 0.087562 0.085132 0.067170 0.065920 0.065822 0.065306 0.063141 0.063963 0.066142 0.071229 
