Config: granularity=100000, SDR=1000, ADR=0, Rigid=1, Capture_Method=0
Stage 0: PT=0, T_stage=0.012350, bytes=0, T_capped=0
Stage 1: PT=6, T_stage=0.000000, bytes=33176880, T_capped=0
Group 1: Iters=10, Procs=364, Factors=1.000000, Dist=2, RM=0, SM=1, RS=0, SS=5, parents=104, children=0
Async_Iters: 0
T_iter: 0.195753 0.097115 0.097195 0.099413 0.099103 0.097304 0.097606 0.096513 0.096670 0.096781 
T_stage 0: 0.067763 0.013793 0.013830 0.016047 0.014470 0.014912 0.014609 0.014009 0.014203 0.013288 
T_stage 1: 0.144806 0.083086 0.083653 0.085189 0.084605 0.083816 0.083262 0.083054 0.083152 0.083356 
Config: granularity=100000, SDR=1000, ADR=0, Rigid=1, Capture_Method=0
Stage 0: PT=0, T_stage=0.012350, bytes=0, T_capped=0
Stage 1: PT=6, T_stage=0.000000, bytes=33176880, T_capped=0
Group 1: Iters=10, Procs=364, Factors=1.000000, Dist=2, RM=0, SM=1, RS=0, SS=5, parents=104, children=0
Async_Iters: 0
T_iter: 0.220096 0.313493 0.079275 0.085840 0.079701 0.079293 0.078215 0.080352 0.082893 0.283033 
T_stage 0: 0.056821 0.031831 0.015484 0.014180 0.014506 0.013917 0.013380 0.013568 0.014669 0.013322 
T_stage 1: 0.169410 0.284050 0.065640 0.072231 0.066056 0.065278 0.064639 0.065860 0.069385 0.269635 
Config: granularity=100000, SDR=1000, ADR=0, Rigid=1, Capture_Method=0
Stage 0: PT=0, T_stage=0.012350, bytes=0, T_capped=0
Stage 1: PT=6, T_stage=0.000000, bytes=33176880, T_capped=0
Group 1: Iters=10, Procs=364, Factors=1.000000, Dist=2, RM=0, SM=1, RS=0, SS=5, parents=104, children=0
Async_Iters: 0
T_iter: 0.222940 0.089140 0.088124 0.085567 0.090611 0.087995 0.087446 0.087550 0.088611 0.087038 
T_stage 0: 0.043284 0.016390 0.014729 0.015825 0.016895 0.014455 0.014686 0.015231 0.015198 0.014404 
T_stage 1: 0.179562 0.074931 0.074725 0.072097 0.073576 0.074536 0.073485 0.073970 0.074838 0.073546 
Config: granularity=100000, SDR=1000, ADR=0, Rigid=1, Capture_Method=0
Stage 0: PT=0, T_stage=0.012350, bytes=0, T_capped=0
Stage 1: PT=6, T_stage=0.000000, bytes=33176880, T_capped=0
Group 1: Iters=10, Procs=364, Factors=1.000000, Dist=2, RM=0, SM=1, RS=0, SS=5, parents=104, children=0
Async_Iters: 0
T_iter: 0.179684 0.104430 0.103856 0.103865 0.104787 0.104115 0.104296 0.103614 0.104417 0.104945 
T_stage 0: 0.052467 0.013990 0.014195 0.014605 0.015278 0.015371 0.015761 0.014480 0.013274 0.014266 
T_stage 1: 0.136175 0.090518 0.090433 0.090423 0.091240 0.090609 0.090852 0.090224 0.091004 0.091143 
Config: granularity=100000, SDR=1000, ADR=0, Rigid=1, Capture_Method=0
Stage 0: PT=0, T_stage=0.012350, bytes=0, T_capped=0
Stage 1: PT=6, T_stage=0.000000, bytes=33176880, T_capped=0
Group 1: Iters=10, Procs=364, Factors=1.000000, Dist=2, RM=0, SM=1, RS=0, SS=5, parents=104, children=0
Async_Iters: 0
T_iter: 0.175568 0.102124 0.101960 0.102323 0.102928 0.101422 0.101582 0.102770 0.105162 0.101322 
T_stage 0: 0.032011 0.014113 0.013958 0.016693 0.014935 0.013260 0.013718 0.013992 0.013958 0.014077 
T_stage 1: 0.147133 0.088224 0.088541 0.088991 0.089575 0.088072 0.088098 0.089378 0.090187 0.087811 
Config: granularity=100000, SDR=1000, ADR=0, Rigid=1, Capture_Method=0
Stage 0: PT=0, T_stage=0.012350, bytes=0, T_capped=0
Stage 1: PT=6, T_stage=0.000000, bytes=33176880, T_capped=0
Group 1: Iters=10, Procs=364, Factors=1.000000, Dist=2, RM=0, SM=1, RS=0, SS=5, parents=104, children=0
Async_Iters: 0
T_iter: 0.142271 0.081386 0.092200 0.081121 0.079750 0.079865 0.081143 0.080921 0.084185 0.078870 
T_stage 0: 0.029580 0.014478 0.016034 0.013706 0.013729 0.014487 0.014649 0.013286 0.013759 0.013614 
T_stage 1: 0.115666 0.067351 0.078730 0.067723 0.065836 0.066387 0.067589 0.067450 0.070779 0.065401 
Config: granularity=100000, SDR=1000, ADR=0, Rigid=1, Capture_Method=0
Stage 0: PT=0, T_stage=0.012350, bytes=0, T_capped=0
Stage 1: PT=6, T_stage=0.000000, bytes=33176880, T_capped=0
Group 1: Iters=10, Procs=364, Factors=1.000000, Dist=2, RM=0, SM=1, RS=0, SS=5, parents=104, children=0
Async_Iters: 0
T_iter: 0.156503 0.090323 0.087506 0.081360 0.084533 0.080750 0.080435 0.080912 0.286533 0.081875 
T_stage 0: 0.038765 0.014291 0.014507 0.014483 0.013357 0.013750 0.014791 0.013697 0.013741 0.015629 
T_stage 1: 0.117590 0.076821 0.073447 0.067821 0.071018 0.067309 0.066974 0.066381 0.272629 0.068205 
Config: granularity=100000, SDR=1000, ADR=0, Rigid=1, Capture_Method=0
Stage 0: PT=0, T_stage=0.012350, bytes=0, T_capped=0
Stage 1: PT=6, T_stage=0.000000, bytes=33176880, T_capped=0
Group 1: Iters=10, Procs=364, Factors=1.000000, Dist=2, RM=0, SM=1, RS=0, SS=5, parents=104, children=0
Async_Iters: 0
T_iter: 0.137980 0.087043 0.087854 0.086633 0.086939 0.086782 0.088651 0.086686 0.086406 0.086106 
T_stage 0: 0.042781 0.013810 0.014494 0.015006 0.013272 0.013817 0.015059 0.014627 0.014780 0.014898 
T_stage 1: 0.094012 0.072598 0.073136 0.072718 0.073437 0.073224 0.074685 0.073172 0.072934 0.072615 
Config: granularity=100000, SDR=1000, ADR=0, Rigid=1, Capture_Method=0
Stage 0: PT=0, T_stage=0.012350, bytes=0, T_capped=0
Stage 1: PT=6, T_stage=0.000000, bytes=33176880, T_capped=0
Group 1: Iters=10, Procs=364, Factors=1.000000, Dist=2, RM=0, SM=1, RS=0, SS=5, parents=104, children=0
Async_Iters: 0
T_iter: 0.130453 0.082839 0.081360 0.080555 0.080641 0.079245 0.082648 0.079633 0.079758 0.081001 
T_stage 0: 0.034302 0.014862 0.014374 0.014569 0.014098 0.014252 0.015744 0.013333 0.014987 0.013771 
T_stage 1: 0.101514 0.069365 0.067882 0.066650 0.066613 0.065659 0.068278 0.066065 0.065379 0.067371 
Config: granularity=100000, SDR=1000, ADR=0, Rigid=1, Capture_Method=0
Stage 0: PT=0, T_stage=0.012350, bytes=0, T_capped=0
Stage 1: PT=6, T_stage=0.000000, bytes=33176880, T_capped=0
Group 1: Iters=10, Procs=364, Factors=1.000000, Dist=2, RM=0, SM=1, RS=0, SS=5, parents=104, children=0
Async_Iters: 0
T_iter: 0.190667 0.098070 0.091352 0.083401 0.081826 0.088508 0.081050 0.079544 0.083206 0.120674 
T_stage 0: 0.032037 0.026605 0.014506 0.014229 0.014517 0.013800 0.013932 0.016664 0.014119 0.013777 
T_stage 1: 0.162691 0.070918 0.077368 0.070004 0.068329 0.075052 0.066628 0.065419 0.068910 0.091503 
Config: granularity=100000, SDR=1000, ADR=0, Rigid=1, Capture_Method=0
Stage 0: PT=0, T_stage=0.012350, bytes=0, T_capped=0
Stage 1: PT=6, T_stage=0.000000, bytes=33176880, T_capped=0
Group 1: Iters=10, Procs=364, Factors=1.000000, Dist=2, RM=0, SM=1, RS=0, SS=5, parents=104, children=0
Async_Iters: 0
T_iter: 0.219063 0.082631 0.081121 0.080123 0.079895 0.080060 0.080562 0.079425 0.080286 0.079243 
T_stage 0: 0.074576 0.016028 0.015937 0.013470 0.013279 0.013926 0.013851 0.013931 0.013332 0.014210 
T_stage 1: 0.169504 0.066660 0.067594 0.066286 0.066455 0.066174 0.067039 0.066048 0.065888 0.065753 
Config: granularity=100000, SDR=1000, ADR=0, Rigid=1, Capture_Method=0
Stage 0: PT=0, T_stage=0.012350, bytes=0, T_capped=0
Stage 1: PT=6, T_stage=0.000000, bytes=33176880, T_capped=0
Group 1: Iters=10, Procs=364, Factors=1.000000, Dist=2, RM=0, SM=1, RS=0, SS=5, parents=104, children=0
Async_Iters: 0
T_iter: 0.182009 0.086817 0.084374 0.081836 0.081079 0.083610 0.080386 0.079101 0.081374 0.080380 
T_stage 0: 0.051939 0.014438 0.014637 0.015299 0.016728 0.014894 0.013317 0.013698 0.014088 0.013769 
T_stage 1: 0.138620 0.072826 0.070901 0.068383 0.067718 0.070168 0.066942 0.065660 0.067756 0.066743 
Config: granularity=100000, SDR=1000, ADR=0, Rigid=1, Capture_Method=0
Stage 0: PT=0, T_stage=0.012350, bytes=0, T_capped=0
Stage 1: PT=6, T_stage=0.000000, bytes=33176880, T_capped=0
Group 1: Iters=10, Procs=364, Factors=1.000000, Dist=2, RM=0, SM=1, RS=0, SS=5, parents=104, children=0
Async_Iters: 0
T_iter: 0.230184 0.103140 0.081883 0.080412 0.080946 0.089718 0.080020 0.085514 0.079748 0.079757 
T_stage 0: 0.042735 0.030405 0.013788 0.014833 0.014497 0.016027 0.013579 0.014935 0.013785 0.013774 
T_stage 1: 0.171399 0.074076 0.068000 0.067066 0.066499 0.075532 0.065595 0.072028 0.066333 0.066332 
Config: granularity=100000, SDR=1000, ADR=0, Rigid=1, Capture_Method=0
Stage 0: PT=0, T_stage=0.012350, bytes=0, T_capped=0
Stage 1: PT=6, T_stage=0.000000, bytes=33176880, T_capped=0
Group 1: Iters=10, Procs=364, Factors=1.000000, Dist=2, RM=0, SM=1, RS=0, SS=5, parents=104, children=0
Async_Iters: 0
T_iter: 0.159692 0.104755 0.103374 0.119797 0.103326 0.104630 0.104017 0.102104 0.103252 0.103622 
T_stage 0: 0.029209 0.013881 0.018472 0.015971 0.013990 0.013822 0.014888 0.014635 0.013949 0.014096 
T_stage 1: 0.132223 0.088901 0.089772 0.106380 0.089303 0.090730 0.089488 0.088576 0.089388 0.089891 
Config: granularity=100000, SDR=1000, ADR=0, Rigid=1, Capture_Method=0
Stage 0: PT=0, T_stage=0.012350, bytes=0, T_capped=0
Stage 1: PT=6, T_stage=0.000000, bytes=33176880, T_capped=0
Group 1: Iters=10, Procs=364, Factors=1.000000, Dist=2, RM=0, SM=1, RS=0, SS=5, parents=104, children=0
Async_Iters: 0
T_iter: 0.143429 0.103527 0.105110 0.105530 0.104203 0.109658 0.103656 0.107971 0.106523 0.104229 
T_stage 0: 0.030582 0.014683 0.014786 0.015412 0.014595 0.020493 0.015437 0.014087 0.016888 0.014413 
T_stage 1: 0.114992 0.089888 0.090914 0.090533 0.090633 0.090792 0.090033 0.093865 0.089943 0.090096 
Config: granularity=100000, SDR=1000, ADR=0, Rigid=1, Capture_Method=0
Stage 0: PT=0, T_stage=0.012350, bytes=0, T_capped=0
Stage 1: PT=6, T_stage=0.000000, bytes=33176880, T_capped=0
Group 1: Iters=10, Procs=364, Factors=1.000000, Dist=2, RM=0, SM=1, RS=0, SS=5, parents=104, children=0
Async_Iters: 0
T_iter: 0.182188 0.294288 0.081731 0.082472 0.079069 0.277349 0.080325 0.079023 0.081489 0.084467 
T_stage 0: 0.062466 0.016484 0.013864 0.016108 0.013666 0.016386 0.014168 0.013387 0.015015 0.014321 
T_stage 1: 0.138888 0.280743 0.067755 0.068860 0.065374 0.263579 0.066480 0.065451 0.067583 0.070597 
Config: granularity=100000, SDR=1000, ADR=0, Rigid=1, Capture_Method=0
Stage 0: PT=0, T_stage=0.012350, bytes=0, T_capped=0
Stage 1: PT=6, T_stage=0.000000, bytes=33176880, T_capped=0
Group 1: Iters=10, Procs=364, Factors=1.000000, Dist=2, RM=0, SM=1, RS=0, SS=5, parents=104, children=0
Async_Iters: 0
T_iter: 0.184695 0.087372 0.085025 0.084501 0.081447 0.083119 0.079956 0.079240 0.082766 0.082492 
T_stage 0: 0.064055 0.013800 0.015455 0.013932 0.015733 0.015595 0.013806 0.014449 0.014626 0.014588 
T_stage 1: 0.142623 0.073168 0.071639 0.071114 0.067977 0.069248 0.066504 0.065580 0.069293 0.068995 
Config: granularity=100000, SDR=1000, ADR=0, Rigid=1, Capture_Method=0
Stage 0: PT=0, T_stage=0.012350, bytes=0, T_capped=0
Stage 1: PT=6, T_stage=0.000000, bytes=33176880, T_capped=0
Group 1: Iters=10, Procs=364, Factors=1.000000, Dist=2, RM=0, SM=1, RS=0, SS=5, parents=104, children=0
Async_Iters: 0
T_iter: 0.173633 0.103955 0.104611 0.103929 0.104019 0.103477 0.104092 0.104770 0.103740 0.105080 
T_stage 0: 0.044100 0.014951 0.015006 0.013990 0.013810 0.014290 0.013364 0.015638 0.014444 0.015479 
T_stage 1: 0.144721 0.090061 0.091203 0.090544 0.090576 0.090133 0.090080 0.091247 0.089633 0.090973 
Config: granularity=100000, SDR=1000, ADR=0, Rigid=1, Capture_Method=0
Stage 0: PT=0, T_stage=0.012350, bytes=0, T_capped=0
Stage 1: PT=6, T_stage=0.000000, bytes=33176880, T_capped=0
Group 1: Iters=10, Procs=364, Factors=1.000000, Dist=2, RM=0, SM=1, RS=0, SS=5, parents=104, children=0
Async_Iters: 0
T_iter: 0.206629 0.167743 0.104225 0.103945 0.104250 0.101790 0.102672 0.102757 0.102182 0.102790 
T_stage 0: 0.032043 0.077778 0.014704 0.015717 0.016898 0.013356 0.014111 0.013697 0.014136 0.014202 
T_stage 1: 0.162066 0.138396 0.089995 0.089348 0.090633 0.088221 0.089075 0.088655 0.088455 0.089233 
Config: granularity=100000, SDR=1000, ADR=0, Rigid=1, Capture_Method=0
Stage 0: PT=0, T_stage=0.012350, bytes=0, T_capped=0
Stage 1: PT=6, T_stage=0.000000, bytes=33176880, T_capped=0
Group 1: Iters=10, Procs=364, Factors=1.000000, Dist=2, RM=0, SM=1, RS=0, SS=5, parents=104, children=0
Async_Iters: 0
T_iter: 0.189887 0.122114 0.084356 0.283998 0.080498 0.080987 0.079556 0.081783 0.080261 0.089553 
T_stage 0: 0.057774 0.031881 0.015345 0.013751 0.014557 0.014056 0.014912 0.014159 0.014137 0.013777 
T_stage 1: 0.143941 0.092857 0.070494 0.270495 0.067020 0.067210 0.066062 0.067666 0.066745 0.076137 
