Config loaded: R=1, S=2, granularity=100000, SDR=1000, ADR=0, Rigid=1, Capture_Method=0
Stage 0: PT=0, T_stage=0.012350, bytes=0, T_capped=0
Stage 1: PT=6, T_stage=0.000000, bytes=33176880, T_capped=0
Group 0: Iters=5, Procs=156, Factors=1.000000, Dist=2, RM=0, SM=0, RS=0, SS=0
Group 1: Iters=10, Procs=364, Factors=1.000000, Dist=2, RM=0, SM=1, RS=0, SS=5
T_spawn: 2.305285 
T_SR: 0.031937 
T_AR: 0.000000 
T_US: 0.074148 
T_Malleability: 2.559116 
T_total: 3.816030
Config loaded: R=1, S=2, granularity=100000, SDR=1000, ADR=0, Rigid=1, Capture_Method=0
Stage 0: PT=0, T_stage=0.012350, bytes=0, T_capped=0
Stage 1: PT=6, T_stage=0.000000, bytes=33176880, T_capped=0
Group 0: Iters=5, Procs=156, Factors=1.000000, Dist=2, RM=0, SM=0, RS=0, SS=0
Group 1: Iters=10, Procs=364, Factors=1.000000, Dist=2, RM=0, SM=1, RS=0, SS=5
T_spawn: 2.361381 
T_SR: 0.035679 
T_AR: 0.000000 
T_US: 0.091924 
T_Malleability: 2.707651 
T_total: 4.197562
Config loaded: R=1, S=2, granularity=100000, SDR=1000, ADR=0, Rigid=1, Capture_Method=0
Stage 0: PT=0, T_stage=0.012350, bytes=0, T_capped=0
Stage 1: PT=6, T_stage=0.000000, bytes=33176880, T_capped=0
Group 0: Iters=5, Procs=156, Factors=1.000000, Dist=2, RM=0, SM=0, RS=0, SS=0
Group 1: Iters=10, Procs=364, Factors=1.000000, Dist=2, RM=0, SM=1, RS=0, SS=5
T_spawn: 2.367032 
T_SR: 0.059619 
T_AR: 0.000000 
T_US: 0.070249 
T_Malleability: 2.609274 
T_total: 4.108900
Config loaded: R=1, S=2, granularity=100000, SDR=1000, ADR=0, Rigid=1, Capture_Method=0
Stage 0: PT=0, T_stage=0.012350, bytes=0, T_capped=0
Stage 1: PT=6, T_stage=0.000000, bytes=33176880, T_capped=0
Group 0: Iters=5, Procs=156, Factors=1.000000, Dist=2, RM=0, SM=0, RS=0, SS=0
Group 1: Iters=10, Procs=364, Factors=1.000000, Dist=2, RM=0, SM=1, RS=0, SS=5
T_spawn: 2.232577 
T_SR: 0.032299 
T_AR: 0.000000 
T_US: 0.098885 
T_Malleability: 2.516550 
T_total: 4.009154
Config loaded: R=1, S=2, granularity=100000, SDR=1000, ADR=0, Rigid=1, Capture_Method=0
Stage 0: PT=0, T_stage=0.012350, bytes=0, T_capped=0
Stage 1: PT=6, T_stage=0.000000, bytes=33176880, T_capped=0
Group 0: Iters=5, Procs=156, Factors=1.000000, Dist=2, RM=0, SM=0, RS=0, SS=0
Group 1: Iters=10, Procs=364, Factors=1.000000, Dist=2, RM=0, SM=1, RS=0, SS=5
T_spawn: 2.365598 
T_SR: 0.024147 
T_AR: 0.000000 
T_US: 0.063858 
T_Malleability: 2.597857 
T_total: 4.425539
Config loaded: R=1, S=2, granularity=100000, SDR=1000, ADR=0, Rigid=1, Capture_Method=0
Stage 0: PT=0, T_stage=0.012350, bytes=0, T_capped=0
Stage 1: PT=6, T_stage=0.000000, bytes=33176880, T_capped=0
Group 0: Iters=5, Procs=156, Factors=1.000000, Dist=2, RM=0, SM=0, RS=0, SS=0
Group 1: Iters=10, Procs=364, Factors=1.000000, Dist=2, RM=0, SM=1, RS=0, SS=5
T_spawn: 2.160300 
T_SR: 0.031664 
T_AR: 0.000000 
T_US: 0.075526 
T_Malleability: 2.339502 
T_total: 3.572810
Config loaded: R=1, S=2, granularity=100000, SDR=1000, ADR=0, Rigid=1, Capture_Method=0
Stage 0: PT=0, T_stage=0.012350, bytes=0, T_capped=0
Stage 1: PT=6, T_stage=0.000000, bytes=33176880, T_capped=0
Group 0: Iters=5, Procs=156, Factors=1.000000, Dist=2, RM=0, SM=0, RS=0, SS=0
Group 1: Iters=10, Procs=364, Factors=1.000000, Dist=2, RM=0, SM=1, RS=0, SS=5
T_spawn: 2.351274 
T_SR: 0.016194 
T_AR: 0.000000 
T_US: 0.136777 
T_Malleability: 2.640943 
T_total: 4.307843
Config loaded: R=1, S=2, granularity=100000, SDR=1000, ADR=0, Rigid=1, Capture_Method=0
Stage 0: PT=0, T_stage=0.012350, bytes=0, T_capped=0
Stage 1: PT=6, T_stage=0.000000, bytes=33176880, T_capped=0
Group 0: Iters=5, Procs=156, Factors=1.000000, Dist=2, RM=0, SM=0, RS=0, SS=0
Group 1: Iters=10, Procs=364, Factors=1.000000, Dist=2, RM=0, SM=1, RS=0, SS=5
T_spawn: 2.353391 
T_SR: 0.032015 
T_AR: 0.000000 
T_US: 0.066353 
T_Malleability: 2.581579 
T_total: 4.486038
Config loaded: R=1, S=2, granularity=100000, SDR=1000, ADR=0, Rigid=1, Capture_Method=0
Stage 0: PT=0, T_stage=0.012350, bytes=0, T_capped=0
Stage 1: PT=6, T_stage=0.000000, bytes=33176880, T_capped=0
Group 0: Iters=5, Procs=156, Factors=1.000000, Dist=2, RM=0, SM=0, RS=0, SS=0
Group 1: Iters=10, Procs=364, Factors=1.000000, Dist=2, RM=0, SM=1, RS=0, SS=5
T_spawn: 2.491366 
T_SR: 0.048008 
T_AR: 0.000000 
T_US: 0.114656 
T_Malleability: 2.875369 
T_total: 4.717114
Config loaded: R=1, S=2, granularity=100000, SDR=1000, ADR=0, Rigid=1, Capture_Method=0
Stage 0: PT=0, T_stage=0.012350, bytes=0, T_capped=0
Stage 1: PT=6, T_stage=0.000000, bytes=33176880, T_capped=0
Group 0: Iters=5, Procs=156, Factors=1.000000, Dist=2, RM=0, SM=0, RS=0, SS=0
Group 1: Iters=10, Procs=364, Factors=1.000000, Dist=2, RM=0, SM=1, RS=0, SS=5
T_spawn: 2.308077 
T_SR: 0.042105 
T_AR: 0.000000 
T_US: 0.083123 
T_Malleability: 2.565370 
T_total: 4.140031
Config loaded: R=1, S=2, granularity=100000, SDR=1000, ADR=0, Rigid=1, Capture_Method=0
Stage 0: PT=0, T_stage=0.012350, bytes=0, T_capped=0
Stage 1: PT=6, T_stage=0.000000, bytes=33176880, T_capped=0
Group 0: Iters=5, Procs=156, Factors=1.000000, Dist=2, RM=0, SM=0, RS=0, SS=0
Group 1: Iters=10, Procs=364, Factors=1.000000, Dist=2, RM=0, SM=1, RS=0, SS=5
T_spawn: 2.060260 
T_SR: 0.027895 
T_AR: 0.000000 
T_US: 0.046770 
T_Malleability: 2.269016 
T_total: 4.001804
Config loaded: R=1, S=2, granularity=100000, SDR=1000, ADR=0, Rigid=1, Capture_Method=0
Stage 0: PT=0, T_stage=0.012350, bytes=0, T_capped=0
Stage 1: PT=6, T_stage=0.000000, bytes=33176880, T_capped=0
Group 0: Iters=5, Procs=156, Factors=1.000000, Dist=2, RM=0, SM=0, RS=0, SS=0
Group 1: Iters=10, Procs=364, Factors=1.000000, Dist=2, RM=0, SM=1, RS=0, SS=5
T_spawn: 2.546292 
T_SR: 0.031994 
T_AR: 0.000000 
T_US: 0.103838 
T_Malleability: 2.812593 
T_total: 4.423113
Config loaded: R=1, S=2, granularity=100000, SDR=1000, ADR=0, Rigid=1, Capture_Method=0
Stage 0: PT=0, T_stage=0.012350, bytes=0, T_capped=0
Stage 1: PT=6, T_stage=0.000000, bytes=33176880, T_capped=0
Group 0: Iters=5, Procs=156, Factors=1.000000, Dist=2, RM=0, SM=0, RS=0, SS=0
Group 1: Iters=10, Procs=364, Factors=1.000000, Dist=2, RM=0, SM=1, RS=0, SS=5
T_spawn: 2.544006 
T_SR: 0.014899 
T_AR: 0.000000 
T_US: 0.092495 
T_Malleability: 2.782503 
T_total: 4.755084
Config loaded: R=1, S=2, granularity=100000, SDR=1000, ADR=0, Rigid=1, Capture_Method=0
Stage 0: PT=0, T_stage=0.012350, bytes=0, T_capped=0
Stage 1: PT=6, T_stage=0.000000, bytes=33176880, T_capped=0
Group 0: Iters=5, Procs=156, Factors=1.000000, Dist=2, RM=0, SM=0, RS=0, SS=0
Group 1: Iters=10, Procs=364, Factors=1.000000, Dist=2, RM=0, SM=1, RS=0, SS=5
T_spawn: 1.984848 
T_SR: 0.025525 
T_AR: 0.000000 
T_US: 0.057915 
T_Malleability: 2.210555 
T_total: 3.497837
Config loaded: R=1, S=2, granularity=100000, SDR=1000, ADR=0, Rigid=1, Capture_Method=0
Stage 0: PT=0, T_stage=0.012350, bytes=0, T_capped=0
Stage 1: PT=6, T_stage=0.000000, bytes=33176880, T_capped=0
Group 0: Iters=5, Procs=156, Factors=1.000000, Dist=2, RM=0, SM=0, RS=0, SS=0
Group 1: Iters=10, Procs=364, Factors=1.000000, Dist=2, RM=0, SM=1, RS=0, SS=5
T_spawn: 2.531761 
T_SR: 0.071340 
T_AR: 0.000000 
T_US: 0.080378 
T_Malleability: 2.885914 
T_total: 4.560277
Config loaded: R=1, S=2, granularity=100000, SDR=1000, ADR=0, Rigid=1, Capture_Method=0
Stage 0: PT=0, T_stage=0.012350, bytes=0, T_capped=0
Stage 1: PT=6, T_stage=0.000000, bytes=33176880, T_capped=0
Group 0: Iters=5, Procs=156, Factors=1.000000, Dist=2, RM=0, SM=0, RS=0, SS=0
Group 1: Iters=10, Procs=364, Factors=1.000000, Dist=2, RM=0, SM=1, RS=0, SS=5
T_spawn: 2.328961 
T_SR: 0.058907 
T_AR: 0.000000 
T_US: 0.081231 
T_Malleability: 2.616645 
T_total: 4.286286
Config loaded: R=1, S=2, granularity=100000, SDR=1000, ADR=0, Rigid=1, Capture_Method=0
Stage 0: PT=0, T_stage=0.012350, bytes=0, T_capped=0
Stage 1: PT=6, T_stage=0.000000, bytes=33176880, T_capped=0
Group 0: Iters=5, Procs=156, Factors=1.000000, Dist=2, RM=0, SM=0, RS=0, SS=0
Group 1: Iters=10, Procs=364, Factors=1.000000, Dist=2, RM=0, SM=1, RS=0, SS=5
T_spawn: 2.467706 
T_SR: 0.031799 
T_AR: 0.000000 
T_US: 0.069428 
T_Malleability: 2.694282 
T_total: 4.450288
Config loaded: R=1, S=2, granularity=100000, SDR=1000, ADR=0, Rigid=1, Capture_Method=0
Stage 0: PT=0, T_stage=0.012350, bytes=0, T_capped=0
Stage 1: PT=6, T_stage=0.000000, bytes=33176880, T_capped=0
Group 0: Iters=5, Procs=156, Factors=1.000000, Dist=2, RM=0, SM=0, RS=0, SS=0
Group 1: Iters=10, Procs=364, Factors=1.000000, Dist=2, RM=0, SM=1, RS=0, SS=5
T_spawn: 2.442994 
T_SR: 0.032000 
T_AR: 0.000000 
T_US: 0.106986 
T_Malleability: 2.700267 
T_total: 4.120562
Config loaded: R=1, S=2, granularity=100000, SDR=1000, ADR=0, Rigid=1, Capture_Method=0
Stage 0: PT=0, T_stage=0.012350, bytes=0, T_capped=0
Stage 1: PT=6, T_stage=0.000000, bytes=33176880, T_capped=0
Group 0: Iters=5, Procs=156, Factors=1.000000, Dist=2, RM=0, SM=0, RS=0, SS=0
Group 1: Iters=10, Procs=364, Factors=1.000000, Dist=2, RM=0, SM=1, RS=0, SS=5
T_spawn: 2.396958 
T_SR: 0.057574 
T_AR: 0.000000 
T_US: 0.074340 
T_Malleability: 2.657064 
T_total: 4.002945
Config loaded: R=1, S=2, granularity=100000, SDR=1000, ADR=0, Rigid=1, Capture_Method=0
Stage 0: PT=0, T_stage=0.012350, bytes=0, T_capped=0
Stage 1: PT=6, T_stage=0.000000, bytes=33176880, T_capped=0
Group 0: Iters=5, Procs=156, Factors=1.000000, Dist=2, RM=0, SM=0, RS=0, SS=0
Group 1: Iters=10, Procs=364, Factors=1.000000, Dist=2, RM=0, SM=1, RS=0, SS=5
T_spawn: 2.040027 
T_SR: 0.031998 
T_AR: 0.000000 
T_US: 0.092658 
T_Malleability: 2.326591 
T_total: 3.563914
