Config: granularity=100000, SDR=1000, ADR=0, Rigid=1, Capture_Method=0
Stage 0: PT=0, T_stage=0.012350, bytes=0, T_capped=0
Stage 1: PT=6, T_stage=0.000000, bytes=33176880, T_capped=0
Group 0: Iters=5, Procs=208, Factors=1.000000, Dist=2, RM=0, SM=0, RS=0, SS=0, parents=0, children=364
Async_Iters: 0
T_iter: 0.089282 0.066798 0.066223 0.067008 0.068255 
T_stage 0: 0.012652 0.012616 0.012611 0.012686 0.012618 
T_stage 1: 0.076513 0.054125 0.053556 0.054281 0.055583 
Config: granularity=100000, SDR=1000, ADR=0, Rigid=1, Capture_Method=0
Stage 0: PT=0, T_stage=0.012350, bytes=0, T_capped=0
Stage 1: PT=6, T_stage=0.000000, bytes=33176880, T_capped=0
Group 0: Iters=5, Procs=208, Factors=1.000000, Dist=2, RM=0, SM=0, RS=0, SS=0, parents=0, children=364
Async_Iters: 0
T_iter: 0.080287 0.070094 0.067560 0.066223 0.064777 
T_stage 0: 0.012622 0.012616 0.012680 0.012961 0.012630 
T_stage 1: 0.067576 0.057384 0.054840 0.053179 0.052073 
Config: granularity=100000, SDR=1000, ADR=0, Rigid=1, Capture_Method=0
Stage 0: PT=0, T_stage=0.012350, bytes=0, T_capped=0
Stage 1: PT=6, T_stage=0.000000, bytes=33176880, T_capped=0
Group 0: Iters=5, Procs=208, Factors=1.000000, Dist=2, RM=0, SM=0, RS=0, SS=0, parents=0, children=364
Async_Iters: 0
T_iter: 0.082105 0.070155 0.062017 0.063157 0.063244 
T_stage 0: 0.012622 0.012739 0.012632 0.012666 0.012657 
T_stage 1: 0.069377 0.057230 0.049301 0.050395 0.050448 
Config: granularity=100000, SDR=1000, ADR=0, Rigid=1, Capture_Method=0
Stage 0: PT=0, T_stage=0.012350, bytes=0, T_capped=0
Stage 1: PT=6, T_stage=0.000000, bytes=33176880, T_capped=0
Group 0: Iters=5, Procs=208, Factors=1.000000, Dist=2, RM=0, SM=0, RS=0, SS=0, parents=0, children=364
Async_Iters: 0
T_iter: 0.081126 0.068796 0.067587 0.060364 0.068777 
T_stage 0: 0.012616 0.012624 0.012692 0.012641 0.012696 
T_stage 1: 0.068437 0.056017 0.054800 0.047613 0.055967 
Config: granularity=100000, SDR=1000, ADR=0, Rigid=1, Capture_Method=0
Stage 0: PT=0, T_stage=0.012350, bytes=0, T_capped=0
Stage 1: PT=6, T_stage=0.000000, bytes=33176880, T_capped=0
Group 0: Iters=5, Procs=208, Factors=1.000000, Dist=2, RM=0, SM=0, RS=0, SS=0, parents=0, children=364
Async_Iters: 0
T_iter: 0.079842 0.062692 0.066655 0.064689 0.067846 
T_stage 0: 0.012602 0.012595 0.012685 0.012610 0.012647 
T_stage 1: 0.067167 0.049989 0.053935 0.051986 0.055099 
Config: granularity=100000, SDR=1000, ADR=0, Rigid=1, Capture_Method=0
Stage 0: PT=0, T_stage=0.012350, bytes=0, T_capped=0
Stage 1: PT=6, T_stage=0.000000, bytes=33176880, T_capped=0
Group 0: Iters=5, Procs=208, Factors=1.000000, Dist=2, RM=0, SM=0, RS=0, SS=0, parents=0, children=364
Async_Iters: 0
T_iter: 0.087345 0.072480 0.061826 0.066320 0.067114 
T_stage 0: 0.012626 0.012637 0.012664 0.012942 0.012619 
T_stage 1: 0.074655 0.059737 0.049101 0.053280 0.054443 
Config: granularity=100000, SDR=1000, ADR=0, Rigid=1, Capture_Method=0
Stage 0: PT=0, T_stage=0.012350, bytes=0, T_capped=0
Stage 1: PT=6, T_stage=0.000000, bytes=33176880, T_capped=0
Group 0: Iters=5, Procs=208, Factors=1.000000, Dist=2, RM=0, SM=0, RS=0, SS=0, parents=0, children=364
Async_Iters: 0
T_iter: 0.086994 0.073262 0.073534 0.072921 0.072824 
T_stage 0: 0.012614 0.012647 0.012975 0.012731 0.012639 
T_stage 1: 0.074272 0.060526 0.060517 0.060136 0.060148 
Config: granularity=100000, SDR=1000, ADR=0, Rigid=1, Capture_Method=0
Stage 0: PT=0, T_stage=0.012350, bytes=0, T_capped=0
Stage 1: PT=6, T_stage=0.000000, bytes=33176880, T_capped=0
Group 0: Iters=5, Procs=208, Factors=1.000000, Dist=2, RM=0, SM=0, RS=0, SS=0, parents=0, children=364
Async_Iters: 0
T_iter: 0.079407 0.073170 0.063271 0.067324 0.066046 
T_stage 0: 0.012617 0.012966 0.012652 0.012634 0.012673 
T_stage 1: 0.066690 0.060107 0.050505 0.054591 0.053317 
Config: granularity=100000, SDR=1000, ADR=0, Rigid=1, Capture_Method=0
Stage 0: PT=0, T_stage=0.012350, bytes=0, T_capped=0
Stage 1: PT=6, T_stage=0.000000, bytes=33176880, T_capped=0
Group 0: Iters=5, Procs=208, Factors=1.000000, Dist=2, RM=0, SM=0, RS=0, SS=0, parents=0, children=364
Async_Iters: 0
T_iter: 0.088281 0.069456 0.066999 0.066795 0.067836 
T_stage 0: 0.012612 0.012675 0.012674 0.012655 0.012662 
T_stage 1: 0.075584 0.056670 0.054236 0.054107 0.055102 
Config: granularity=100000, SDR=1000, ADR=0, Rigid=1, Capture_Method=0
Stage 0: PT=0, T_stage=0.012350, bytes=0, T_capped=0
Stage 1: PT=6, T_stage=0.000000, bytes=33176880, T_capped=0
Group 0: Iters=5, Procs=208, Factors=1.000000, Dist=2, RM=0, SM=0, RS=0, SS=0, parents=0, children=364
Async_Iters: 0
T_iter: 0.084362 0.070312 0.072625 0.072916 0.071716 
T_stage 0: 0.012614 0.012652 0.012662 0.012633 0.012698 
T_stage 1: 0.071666 0.057561 0.059881 0.060235 0.058967 
Config: granularity=100000, SDR=1000, ADR=0, Rigid=1, Capture_Method=0
Stage 0: PT=0, T_stage=0.012350, bytes=0, T_capped=0
Stage 1: PT=6, T_stage=0.000000, bytes=33176880, T_capped=0
Group 0: Iters=5, Procs=208, Factors=1.000000, Dist=2, RM=0, SM=0, RS=0, SS=0, parents=0, children=364
Async_Iters: 0
T_iter: 0.077362 0.064077 0.067243 0.080908 0.068000 
T_stage 0: 0.012895 0.012620 0.012616 0.012655 0.012699 
T_stage 1: 0.064428 0.051345 0.054582 0.068164 0.055215 
Config: granularity=100000, SDR=1000, ADR=0, Rigid=1, Capture_Method=0
Stage 0: PT=0, T_stage=0.012350, bytes=0, T_capped=0
Stage 1: PT=6, T_stage=0.000000, bytes=33176880, T_capped=0
Group 0: Iters=5, Procs=208, Factors=1.000000, Dist=2, RM=0, SM=0, RS=0, SS=0, parents=0, children=364
Async_Iters: 0
T_iter: 0.084866 0.072301 0.075634 0.072899 0.073746 
T_stage 0: 0.012607 0.012673 0.012616 0.012655 0.012688 
T_stage 1: 0.072161 0.059581 0.062904 0.060147 0.060991 
Config: granularity=100000, SDR=1000, ADR=0, Rigid=1, Capture_Method=0
Stage 0: PT=0, T_stage=0.012350, bytes=0, T_capped=0
Stage 1: PT=6, T_stage=0.000000, bytes=33176880, T_capped=0
Group 0: Iters=5, Procs=208, Factors=1.000000, Dist=2, RM=0, SM=0, RS=0, SS=0, parents=0, children=364
Async_Iters: 0
T_iter: 0.086599 0.060760 0.064770 0.066976 0.060647 
T_stage 0: 0.012862 0.012604 0.013754 0.012656 0.012598 
T_stage 1: 0.073671 0.048094 0.050930 0.054243 0.047971 
Config: granularity=100000, SDR=1000, ADR=0, Rigid=1, Capture_Method=0
Stage 0: PT=0, T_stage=0.012350, bytes=0, T_capped=0
Stage 1: PT=6, T_stage=0.000000, bytes=33176880, T_capped=0
Group 0: Iters=5, Procs=208, Factors=1.000000, Dist=2, RM=0, SM=0, RS=0, SS=0, parents=0, children=364
Async_Iters: 0
T_iter: 0.079186 0.070157 0.069272 0.071179 0.073780 
T_stage 0: 0.012609 0.012659 0.012626 0.012610 0.012960 
T_stage 1: 0.066472 0.057400 0.056458 0.058452 0.060762 
Config: granularity=100000, SDR=1000, ADR=0, Rigid=1, Capture_Method=0
Stage 0: PT=0, T_stage=0.012350, bytes=0, T_capped=0
Stage 1: PT=6, T_stage=0.000000, bytes=33176880, T_capped=0
Group 0: Iters=5, Procs=208, Factors=1.000000, Dist=2, RM=0, SM=0, RS=0, SS=0, parents=0, children=364
Async_Iters: 0
T_iter: 0.075083 0.059429 0.060952 0.062087 0.067864 
T_stage 0: 0.012612 0.012724 0.012623 0.012614 0.012622 
T_stage 1: 0.062387 0.046664 0.048244 0.049372 0.055142 
Config: granularity=100000, SDR=1000, ADR=0, Rigid=1, Capture_Method=0
Stage 0: PT=0, T_stage=0.012350, bytes=0, T_capped=0
Stage 1: PT=6, T_stage=0.000000, bytes=33176880, T_capped=0
Group 0: Iters=5, Procs=208, Factors=1.000000, Dist=2, RM=0, SM=0, RS=0, SS=0, parents=0, children=364
Async_Iters: 0
T_iter: 0.089613 0.068683 0.074935 0.063121 0.065984 
T_stage 0: 0.012609 0.012619 0.012687 0.012687 0.012654 
T_stage 1: 0.076846 0.055971 0.062210 0.050368 0.053247 
Config: granularity=100000, SDR=1000, ADR=0, Rigid=1, Capture_Method=0
Stage 0: PT=0, T_stage=0.012350, bytes=0, T_capped=0
Stage 1: PT=6, T_stage=0.000000, bytes=33176880, T_capped=0
Group 0: Iters=5, Procs=208, Factors=1.000000, Dist=2, RM=0, SM=0, RS=0, SS=0, parents=0, children=364
Async_Iters: 0
T_iter: 0.077973 0.068667 0.061289 0.063582 0.062851 
T_stage 0: 0.012596 0.012671 0.012605 0.012659 0.012674 
T_stage 1: 0.065275 0.055949 0.048588 0.050816 0.050129 
Config: granularity=100000, SDR=1000, ADR=0, Rigid=1, Capture_Method=0
Stage 0: PT=0, T_stage=0.012350, bytes=0, T_capped=0
Stage 1: PT=6, T_stage=0.000000, bytes=33176880, T_capped=0
Group 0: Iters=5, Procs=208, Factors=1.000000, Dist=2, RM=0, SM=0, RS=0, SS=0, parents=0, children=364
Async_Iters: 0
T_iter: 0.077086 0.059962 0.059189 0.057961 0.057182 
T_stage 0: 0.012643 0.012677 0.012623 0.012778 0.012689 
T_stage 1: 0.064385 0.047232 0.046462 0.045224 0.044331 
Config: granularity=100000, SDR=1000, ADR=0, Rigid=1, Capture_Method=0
Stage 0: PT=0, T_stage=0.012350, bytes=0, T_capped=0
Stage 1: PT=6, T_stage=0.000000, bytes=33176880, T_capped=0
Group 0: Iters=5, Procs=208, Factors=1.000000, Dist=2, RM=0, SM=0, RS=0, SS=0, parents=0, children=364
Async_Iters: 0
T_iter: 0.082529 0.072144 0.071731 0.072349 0.074492 
T_stage 0: 0.012865 0.012891 0.012674 0.012676 0.012682 
T_stage 1: 0.069618 0.059205 0.059025 0.059640 0.061761 
Config: granularity=100000, SDR=1000, ADR=0, Rigid=1, Capture_Method=0
Stage 0: PT=0, T_stage=0.012350, bytes=0, T_capped=0
Stage 1: PT=6, T_stage=0.000000, bytes=33176880, T_capped=0
Group 0: Iters=5, Procs=208, Factors=1.000000, Dist=2, RM=0, SM=0, RS=0, SS=0, parents=0, children=364
Async_Iters: 0
T_iter: 0.085339 0.071793 0.072402 0.073026 0.070176 
T_stage 0: 0.012621 0.012612 0.012749 0.012647 0.012637 
T_stage 1: 0.072515 0.059075 0.059554 0.060280 0.057437 
