Config loaded: R=1, S=2, granularity=100000, SDR=1000, ADR=0, Rigid=1, Capture_Method=0
Stage 0: PT=0, T_stage=0.012350, bytes=0, T_capped=0
Stage 1: PT=6, T_stage=0.000000, bytes=33176880, T_capped=0
Group 0: Iters=5, Procs=20, Factors=1.000000, Dist=2, RM=0, SM=0, RS=0, SS=0
Group 1: Iters=10, Procs=104, Factors=1.000000, Dist=2, RM=0, SM=1, RS=0, SS=0
T_spawn: 1.925612 
T_SR: 0.001161 
T_AR: 0.000000 
T_US: 0.082739 
T_Malleability: 2.012913 
T_total: 2.823035
Config loaded: R=1, S=2, granularity=100000, SDR=1000, ADR=0, Rigid=1, Capture_Method=0
Stage 0: PT=0, T_stage=0.012350, bytes=0, T_capped=0
Stage 1: PT=6, T_stage=0.000000, bytes=33176880, T_capped=0
Group 0: Iters=5, Procs=20, Factors=1.000000, Dist=2, RM=0, SM=0, RS=0, SS=0
Group 1: Iters=10, Procs=104, Factors=1.000000, Dist=2, RM=0, SM=1, RS=0, SS=0
T_spawn: 2.067863 
T_SR: 0.001132 
T_AR: 0.000000 
T_US: 0.051476 
T_Malleability: 2.156115 
T_total: 3.078127
Config loaded: R=1, S=2, granularity=100000, SDR=1000, ADR=0, Rigid=1, Capture_Method=0
Stage 0: PT=0, T_stage=0.012350, bytes=0, T_capped=0
Stage 1: PT=6, T_stage=0.000000, bytes=33176880, T_capped=0
Group 0: Iters=5, Procs=20, Factors=1.000000, Dist=2, RM=0, SM=0, RS=0, SS=0
Group 1: Iters=10, Procs=104, Factors=1.000000, Dist=2, RM=0, SM=1, RS=0, SS=0
T_spawn: 2.183530 
T_SR: 0.001195 
T_AR: 0.000000 
T_US: 0.056842 
T_Malleability: 2.256957 
T_total: 3.457197
Config loaded: R=1, S=2, granularity=100000, SDR=1000, ADR=0, Rigid=1, Capture_Method=0
Stage 0: PT=0, T_stage=0.012350, bytes=0, T_capped=0
Stage 1: PT=6, T_stage=0.000000, bytes=33176880, T_capped=0
Group 0: Iters=5, Procs=20, Factors=1.000000, Dist=2, RM=0, SM=0, RS=0, SS=0
Group 1: Iters=10, Procs=104, Factors=1.000000, Dist=2, RM=0, SM=1, RS=0, SS=0
T_spawn: 1.900660 
T_SR: 0.001162 
T_AR: 0.000000 
T_US: 0.031385 
T_Malleability: 1.940335 
T_total: 2.858753
Config loaded: R=1, S=2, granularity=100000, SDR=1000, ADR=0, Rigid=1, Capture_Method=0
Stage 0: PT=0, T_stage=0.012350, bytes=0, T_capped=0
Stage 1: PT=6, T_stage=0.000000, bytes=33176880, T_capped=0
Group 0: Iters=5, Procs=20, Factors=1.000000, Dist=2, RM=0, SM=0, RS=0, SS=0
Group 1: Iters=10, Procs=104, Factors=1.000000, Dist=2, RM=0, SM=1, RS=0, SS=0
T_spawn: 1.905956 
T_SR: 0.001201 
T_AR: 0.000000 
T_US: 0.050112 
T_Malleability: 1.961124 
T_total: 2.838181
Config loaded: R=1, S=2, granularity=100000, SDR=1000, ADR=0, Rigid=1, Capture_Method=0
Stage 0: PT=0, T_stage=0.012350, bytes=0, T_capped=0
Stage 1: PT=6, T_stage=0.000000, bytes=33176880, T_capped=0
Group 0: Iters=5, Procs=20, Factors=1.000000, Dist=2, RM=0, SM=0, RS=0, SS=0
Group 1: Iters=10, Procs=104, Factors=1.000000, Dist=2, RM=0, SM=1, RS=0, SS=0
T_spawn: 1.882793 
T_SR: 0.031971 
T_AR: 0.000000 
T_US: 0.064913 
T_Malleability: 2.102035 
T_total: 2.977064
Config loaded: R=1, S=2, granularity=100000, SDR=1000, ADR=0, Rigid=1, Capture_Method=0
Stage 0: PT=0, T_stage=0.012350, bytes=0, T_capped=0
Stage 1: PT=6, T_stage=0.000000, bytes=33176880, T_capped=0
Group 0: Iters=5, Procs=20, Factors=1.000000, Dist=2, RM=0, SM=0, RS=0, SS=0
Group 1: Iters=10, Procs=104, Factors=1.000000, Dist=2, RM=0, SM=1, RS=0, SS=0
T_spawn: 1.965920 
T_SR: 0.001135 
T_AR: 0.000000 
T_US: 0.082640 
T_Malleability: 2.077287 
T_total: 3.006787
Config loaded: R=1, S=2, granularity=100000, SDR=1000, ADR=0, Rigid=1, Capture_Method=0
Stage 0: PT=0, T_stage=0.012350, bytes=0, T_capped=0
Stage 1: PT=6, T_stage=0.000000, bytes=33176880, T_capped=0
Group 0: Iters=5, Procs=20, Factors=1.000000, Dist=2, RM=0, SM=0, RS=0, SS=0
Group 1: Iters=10, Procs=104, Factors=1.000000, Dist=2, RM=0, SM=1, RS=0, SS=0
T_spawn: 1.808441 
T_SR: 0.001087 
T_AR: 0.000000 
T_US: 0.035062 
T_Malleability: 1.871654 
T_total: 2.816060
Config loaded: R=1, S=2, granularity=100000, SDR=1000, ADR=0, Rigid=1, Capture_Method=0
Stage 0: PT=0, T_stage=0.012350, bytes=0, T_capped=0
Stage 1: PT=6, T_stage=0.000000, bytes=33176880, T_capped=0
Group 0: Iters=5, Procs=20, Factors=1.000000, Dist=2, RM=0, SM=0, RS=0, SS=0
Group 1: Iters=10, Procs=104, Factors=1.000000, Dist=2, RM=0, SM=1, RS=0, SS=0
T_spawn: 1.863644 
T_SR: 0.001097 
T_AR: 0.000000 
T_US: 0.065187 
T_Malleability: 1.933544 
T_total: 2.830628
Config loaded: R=1, S=2, granularity=100000, SDR=1000, ADR=0, Rigid=1, Capture_Method=0
Stage 0: PT=0, T_stage=0.012350, bytes=0, T_capped=0
Stage 1: PT=6, T_stage=0.000000, bytes=33176880, T_capped=0
Group 0: Iters=5, Procs=20, Factors=1.000000, Dist=2, RM=0, SM=0, RS=0, SS=0
Group 1: Iters=10, Procs=104, Factors=1.000000, Dist=2, RM=0, SM=1, RS=0, SS=0
T_spawn: 1.914182 
T_SR: 0.001217 
T_AR: 0.000000 
T_US: 0.020877 
T_Malleability: 1.939397 
T_total: 2.842554
Config loaded: R=1, S=2, granularity=100000, SDR=1000, ADR=0, Rigid=1, Capture_Method=0
Stage 0: PT=0, T_stage=0.012350, bytes=0, T_capped=0
Stage 1: PT=6, T_stage=0.000000, bytes=33176880, T_capped=0
Group 0: Iters=5, Procs=20, Factors=1.000000, Dist=2, RM=0, SM=0, RS=0, SS=0
Group 1: Iters=10, Procs=104, Factors=1.000000, Dist=2, RM=0, SM=1, RS=0, SS=0
T_spawn: 1.950105 
T_SR: 0.001122 
T_AR: 0.000000 
T_US: 0.069150 
T_Malleability: 2.024134 
T_total: 2.928188
Config loaded: R=1, S=2, granularity=100000, SDR=1000, ADR=0, Rigid=1, Capture_Method=0
Stage 0: PT=0, T_stage=0.012350, bytes=0, T_capped=0
Stage 1: PT=6, T_stage=0.000000, bytes=33176880, T_capped=0
Group 0: Iters=5, Procs=20, Factors=1.000000, Dist=2, RM=0, SM=0, RS=0, SS=0
Group 1: Iters=10, Procs=104, Factors=1.000000, Dist=2, RM=0, SM=1, RS=0, SS=0
T_spawn: 1.840288 
T_SR: 0.001397 
T_AR: 0.000000 
T_US: 0.043180 
T_Malleability: 1.910530 
T_total: 2.807331
Config loaded: R=1, S=2, granularity=100000, SDR=1000, ADR=0, Rigid=1, Capture_Method=0
Stage 0: PT=0, T_stage=0.012350, bytes=0, T_capped=0
Stage 1: PT=6, T_stage=0.000000, bytes=33176880, T_capped=0
Group 0: Iters=5, Procs=20, Factors=1.000000, Dist=2, RM=0, SM=0, RS=0, SS=0
Group 1: Iters=10, Procs=104, Factors=1.000000, Dist=2, RM=0, SM=1, RS=0, SS=0
T_spawn: 1.934745 
T_SR: 0.001189 
T_AR: 0.000000 
T_US: 0.021592 
T_Malleability: 1.968446 
T_total: 2.881892
Config loaded: R=1, S=2, granularity=100000, SDR=1000, ADR=0, Rigid=1, Capture_Method=0
Stage 0: PT=0, T_stage=0.012350, bytes=0, T_capped=0
Stage 1: PT=6, T_stage=0.000000, bytes=33176880, T_capped=0
Group 0: Iters=5, Procs=20, Factors=1.000000, Dist=2, RM=0, SM=0, RS=0, SS=0
Group 1: Iters=10, Procs=104, Factors=1.000000, Dist=2, RM=0, SM=1, RS=0, SS=0
T_spawn: 1.951192 
T_SR: 0.001164 
T_AR: 0.000000 
T_US: 0.037369 
T_Malleability: 1.994110 
T_total: 2.925662
Config loaded: R=1, S=2, granularity=100000, SDR=1000, ADR=0, Rigid=1, Capture_Method=0
Stage 0: PT=0, T_stage=0.012350, bytes=0, T_capped=0
Stage 1: PT=6, T_stage=0.000000, bytes=33176880, T_capped=0
Group 0: Iters=5, Procs=20, Factors=1.000000, Dist=2, RM=0, SM=0, RS=0, SS=0
Group 1: Iters=10, Procs=104, Factors=1.000000, Dist=2, RM=0, SM=1, RS=0, SS=0
T_spawn: 1.963075 
T_SR: 0.001217 
T_AR: 0.000000 
T_US: 0.024968 
T_Malleability: 1.992649 
T_total: 2.992146
Config loaded: R=1, S=2, granularity=100000, SDR=1000, ADR=0, Rigid=1, Capture_Method=0
Stage 0: PT=0, T_stage=0.012350, bytes=0, T_capped=0
Stage 1: PT=6, T_stage=0.000000, bytes=33176880, T_capped=0
Group 0: Iters=5, Procs=20, Factors=1.000000, Dist=2, RM=0, SM=0, RS=0, SS=0
Group 1: Iters=10, Procs=104, Factors=1.000000, Dist=2, RM=0, SM=1, RS=0, SS=0
T_spawn: 1.934985 
T_SR: 0.001218 
T_AR: 0.000000 
T_US: 0.027225 
T_Malleability: 1.978615 
T_total: 2.909262
Config loaded: R=1, S=2, granularity=100000, SDR=1000, ADR=0, Rigid=1, Capture_Method=0
Stage 0: PT=0, T_stage=0.012350, bytes=0, T_capped=0
Stage 1: PT=6, T_stage=0.000000, bytes=33176880, T_capped=0
Group 0: Iters=5, Procs=20, Factors=1.000000, Dist=2, RM=0, SM=0, RS=0, SS=0
Group 1: Iters=10, Procs=104, Factors=1.000000, Dist=2, RM=0, SM=1, RS=0, SS=0
T_spawn: 2.080813 
T_SR: 0.015719 
T_AR: 0.000000 
T_US: 0.077817 
T_Malleability: 2.213510 
T_total: 3.106265
Config loaded: R=1, S=2, granularity=100000, SDR=1000, ADR=0, Rigid=1, Capture_Method=0
Stage 0: PT=0, T_stage=0.012350, bytes=0, T_capped=0
Stage 1: PT=6, T_stage=0.000000, bytes=33176880, T_capped=0
Group 0: Iters=5, Procs=20, Factors=1.000000, Dist=2, RM=0, SM=0, RS=0, SS=0
Group 1: Iters=10, Procs=104, Factors=1.000000, Dist=2, RM=0, SM=1, RS=0, SS=0
T_spawn: 1.943045 
T_SR: 0.001253 
T_AR: 0.000000 
T_US: 0.016370 
T_Malleability: 1.983967 
T_total: 2.846280
Config loaded: R=1, S=2, granularity=100000, SDR=1000, ADR=0, Rigid=1, Capture_Method=0
Stage 0: PT=0, T_stage=0.012350, bytes=0, T_capped=0
Stage 1: PT=6, T_stage=0.000000, bytes=33176880, T_capped=0
Group 0: Iters=5, Procs=20, Factors=1.000000, Dist=2, RM=0, SM=0, RS=0, SS=0
Group 1: Iters=10, Procs=104, Factors=1.000000, Dist=2, RM=0, SM=1, RS=0, SS=0
T_spawn: 2.112634 
T_SR: 0.001148 
T_AR: 0.000000 
T_US: 0.025669 
T_Malleability: 2.142791 
T_total: 3.024813
Config loaded: R=1, S=2, granularity=100000, SDR=1000, ADR=0, Rigid=1, Capture_Method=0
Stage 0: PT=0, T_stage=0.012350, bytes=0, T_capped=0
Stage 1: PT=6, T_stage=0.000000, bytes=33176880, T_capped=0
Group 0: Iters=5, Procs=20, Factors=1.000000, Dist=2, RM=0, SM=0, RS=0, SS=0
Group 1: Iters=10, Procs=104, Factors=1.000000, Dist=2, RM=0, SM=1, RS=0, SS=0
T_spawn: 2.046157 
T_SR: 0.001300 
T_AR: 0.000000 
T_US: 0.025617 
T_Malleability: 2.084885 
T_total: 2.977874
