Config: granularity=100000, SDR=1000, ADR=0, Rigid=1, Capture_Method=0
Stage 0: PT=0, T_stage=0.012350, bytes=0, T_capped=0
Stage 1: PT=6, T_stage=0.000000, bytes=33176880, T_capped=0
Group 1: Iters=10, Procs=416, Factors=1.000000, Dist=2, RM=0, SM=1, RS=0, SS=5, parents=52, children=0
Async_Iters: 0
T_iter: 0.105231 0.086264 0.089672 0.089563 0.086534 0.087087 0.086934 0.086832 0.086723 0.086837 
T_stage 0: 0.015439 0.013705 0.014513 0.015621 0.016775 0.013964 0.013695 0.013789 0.013590 0.014290 
T_stage 1: 0.091063 0.072415 0.073915 0.075773 0.072708 0.073640 0.073539 0.073469 0.072851 0.073420 
Config: granularity=100000, SDR=1000, ADR=0, Rigid=1, Capture_Method=0
Stage 0: PT=0, T_stage=0.012350, bytes=0, T_capped=0
Stage 1: PT=6, T_stage=0.000000, bytes=33176880, T_capped=0
Group 1: Iters=10, Procs=416, Factors=1.000000, Dist=2, RM=0, SM=1, RS=0, SS=5, parents=52, children=0
Async_Iters: 0
T_iter: 0.128912 0.109160 0.109562 0.108746 0.109555 0.108931 0.108833 0.110506 0.109085 0.108860 
T_stage 0: 0.015176 0.014026 0.014010 0.015010 0.015760 0.014790 0.014011 0.014808 0.013915 0.013846 
T_stage 1: 0.113831 0.095115 0.095563 0.094317 0.095481 0.094866 0.094767 0.095390 0.095082 0.094816 
Config: granularity=100000, SDR=1000, ADR=0, Rigid=1, Capture_Method=0
Stage 0: PT=0, T_stage=0.012350, bytes=0, T_capped=0
Stage 1: PT=6, T_stage=0.000000, bytes=33176880, T_capped=0
Group 1: Iters=10, Procs=416, Factors=1.000000, Dist=2, RM=0, SM=1, RS=0, SS=5, parents=52, children=0
Async_Iters: 0
T_iter: 0.102810 0.085561 0.083611 0.089140 0.084022 0.084438 0.083319 0.082396 0.084035 0.084113 
T_stage 0: 0.015602 0.016277 0.015248 0.013580 0.013640 0.013642 0.013883 0.013796 0.013686 0.013824 
T_stage 1: 0.088976 0.071282 0.069801 0.075461 0.070108 0.070585 0.069434 0.068540 0.070082 0.069826 
Config: granularity=100000, SDR=1000, ADR=0, Rigid=1, Capture_Method=0
Stage 0: PT=0, T_stage=0.012350, bytes=0, T_capped=0
Stage 1: PT=6, T_stage=0.000000, bytes=33176880, T_capped=0
Group 1: Iters=10, Procs=416, Factors=1.000000, Dist=2, RM=0, SM=1, RS=0, SS=5, parents=52, children=0
Async_Iters: 0
T_iter: 0.253326 0.088521 0.083966 0.087927 0.083767 0.084083 0.084541 0.084394 0.084779 0.084363 
T_stage 0: 0.029172 0.015496 0.014833 0.013801 0.013795 0.014602 0.013805 0.013847 0.013843 0.014495 
T_stage 1: 0.226798 0.074477 0.069950 0.073955 0.069773 0.070056 0.070524 0.070368 0.070817 0.070385 
Config: granularity=100000, SDR=1000, ADR=0, Rigid=1, Capture_Method=0
Stage 0: PT=0, T_stage=0.012350, bytes=0, T_capped=0
Stage 1: PT=6, T_stage=0.000000, bytes=33176880, T_capped=0
Group 1: Iters=10, Procs=416, Factors=1.000000, Dist=2, RM=0, SM=1, RS=0, SS=5, parents=52, children=0
Async_Iters: 0
T_iter: 0.114180 0.098764 0.099167 0.093595 0.090941 0.088889 0.090642 0.091217 0.089779 0.090832 
T_stage 0: 0.019145 0.019304 0.020580 0.020554 0.021530 0.019350 0.019287 0.019329 0.019457 0.019289 
T_stage 1: 0.094707 0.079271 0.079159 0.072548 0.071400 0.069439 0.071246 0.071349 0.070319 0.071450 
Config: granularity=100000, SDR=1000, ADR=0, Rigid=1, Capture_Method=0
Stage 0: PT=0, T_stage=0.012350, bytes=0, T_capped=0
Stage 1: PT=6, T_stage=0.000000, bytes=33176880, T_capped=0
Group 1: Iters=10, Procs=416, Factors=1.000000, Dist=2, RM=0, SM=1, RS=0, SS=5, parents=52, children=0
Async_Iters: 0
T_iter: 0.107167 0.085792 0.086648 0.086800 0.085129 0.085040 0.084917 0.084790 0.084332 0.084616 
T_stage 0: 0.014023 0.015339 0.013563 0.014831 0.014545 0.014558 0.013503 0.014639 0.014636 0.013454 
T_stage 1: 0.091610 0.071952 0.071498 0.072222 0.071235 0.070824 0.070726 0.070699 0.070599 0.070966 
Config: granularity=100000, SDR=1000, ADR=0, Rigid=1, Capture_Method=0
Stage 0: PT=0, T_stage=0.012350, bytes=0, T_capped=0
Stage 1: PT=6, T_stage=0.000000, bytes=33176880, T_capped=0
Group 1: Iters=10, Procs=416, Factors=1.000000, Dist=2, RM=0, SM=1, RS=0, SS=5, parents=52, children=0
Async_Iters: 0
T_iter: 0.110743 0.084504 0.083688 0.085897 0.086531 0.085916 0.084582 0.083081 0.084805 0.083866 
T_stage 0: 0.013831 0.014600 0.013656 0.013808 0.015219 0.014908 0.013649 0.013392 0.014369 0.013205 
T_stage 1: 0.095885 0.070779 0.069947 0.071373 0.071653 0.071957 0.070938 0.069516 0.070902 0.070367 
Config: granularity=100000, SDR=1000, ADR=0, Rigid=1, Capture_Method=0
Stage 0: PT=0, T_stage=0.012350, bytes=0, T_capped=0
Stage 1: PT=6, T_stage=0.000000, bytes=33176880, T_capped=0
Group 1: Iters=10, Procs=416, Factors=1.000000, Dist=2, RM=0, SM=1, RS=0, SS=5, parents=52, children=0
Async_Iters: 0
T_iter: 0.109020 0.091405 0.091617 0.091695 0.092433 0.092134 0.091638 0.092160 0.092014 0.091390 
T_stage 0: 0.015408 0.015658 0.013944 0.013908 0.015588 0.013469 0.013498 0.013461 0.013816 0.014564 
T_stage 1: 0.095265 0.077701 0.077567 0.077609 0.078335 0.078466 0.077922 0.078560 0.078261 0.077783 
Config: granularity=100000, SDR=1000, ADR=0, Rigid=1, Capture_Method=0
Stage 0: PT=0, T_stage=0.012350, bytes=0, T_capped=0
Stage 1: PT=6, T_stage=0.000000, bytes=33176880, T_capped=0
Group 1: Iters=10, Procs=416, Factors=1.000000, Dist=2, RM=0, SM=1, RS=0, SS=5, parents=52, children=0
Async_Iters: 0
T_iter: 0.100704 0.085081 0.086758 0.088029 0.085215 0.085904 0.084991 0.084840 0.085271 0.086381 
T_stage 0: 0.014151 0.015323 0.015072 0.014642 0.015078 0.013980 0.013436 0.014318 0.014722 0.013436 
T_stage 1: 0.086507 0.071126 0.073189 0.073750 0.070818 0.071308 0.071344 0.071201 0.071355 0.072713 
Config: granularity=100000, SDR=1000, ADR=0, Rigid=1, Capture_Method=0
Stage 0: PT=0, T_stage=0.012350, bytes=0, T_capped=0
Stage 1: PT=6, T_stage=0.000000, bytes=33176880, T_capped=0
Group 1: Iters=10, Procs=416, Factors=1.000000, Dist=2, RM=0, SM=1, RS=0, SS=5, parents=52, children=0
Async_Iters: 0
T_iter: 0.103025 0.086737 0.086629 0.084044 0.088966 0.085212 0.083780 0.083753 0.083728 0.083824 
T_stage 0: 0.014875 0.015648 0.015178 0.013606 0.015729 0.013852 0.013240 0.017221 0.014872 0.013243 
T_stage 1: 0.087106 0.072611 0.072274 0.070349 0.075592 0.071814 0.070314 0.070253 0.070286 0.070320 
Config: granularity=100000, SDR=1000, ADR=0, Rigid=1, Capture_Method=0
Stage 0: PT=0, T_stage=0.012350, bytes=0, T_capped=0
Stage 1: PT=6, T_stage=0.000000, bytes=33176880, T_capped=0
Group 1: Iters=10, Procs=416, Factors=1.000000, Dist=2, RM=0, SM=1, RS=0, SS=5, parents=52, children=0
Async_Iters: 0
T_iter: 0.108433 0.085283 0.084155 0.086162 0.086062 0.085210 0.086604 0.084806 0.084733 0.085371 
T_stage 0: 0.013523 0.013987 0.015914 0.014555 0.014848 0.013275 0.013400 0.013307 0.013257 0.013294 
T_stage 1: 0.094140 0.071058 0.070186 0.072729 0.072591 0.071688 0.073152 0.071313 0.071169 0.071904 
Config: granularity=100000, SDR=1000, ADR=0, Rigid=1, Capture_Method=0
Stage 0: PT=0, T_stage=0.012350, bytes=0, T_capped=0
Stage 1: PT=6, T_stage=0.000000, bytes=33176880, T_capped=0
Group 1: Iters=10, Procs=416, Factors=1.000000, Dist=2, RM=0, SM=1, RS=0, SS=5, parents=52, children=0
Async_Iters: 0
T_iter: 0.100854 0.084440 0.086433 0.085216 0.086102 0.083688 0.084659 0.083916 0.084351 0.084143 
T_stage 0: 0.013721 0.013306 0.015223 0.015101 0.015600 0.014825 0.013353 0.014357 0.014815 0.013256 
T_stage 1: 0.086062 0.070884 0.072392 0.070567 0.072090 0.070194 0.070154 0.070410 0.070840 0.070172 
Config: granularity=100000, SDR=1000, ADR=0, Rigid=1, Capture_Method=0
Stage 0: PT=0, T_stage=0.012350, bytes=0, T_capped=0
Stage 1: PT=6, T_stage=0.000000, bytes=33176880, T_capped=0
Group 1: Iters=10, Procs=416, Factors=1.000000, Dist=2, RM=0, SM=1, RS=0, SS=5, parents=52, children=0
Async_Iters: 0
T_iter: 0.113784 0.093467 0.089620 0.283289 0.089011 0.088486 0.088831 0.088984 0.088350 0.090897 
T_stage 0: 0.019234 0.020255 0.015224 0.017712 0.014620 0.015092 0.015157 0.015462 0.013544 0.013481 
T_stage 1: 0.094266 0.074060 0.074828 0.269706 0.075362 0.074743 0.074751 0.075344 0.074738 0.074994 
Config: granularity=100000, SDR=1000, ADR=0, Rigid=1, Capture_Method=0
Stage 0: PT=0, T_stage=0.012350, bytes=0, T_capped=0
Stage 1: PT=6, T_stage=0.000000, bytes=33176880, T_capped=0
Group 1: Iters=10, Procs=416, Factors=1.000000, Dist=2, RM=0, SM=1, RS=0, SS=5, parents=52, children=0
Async_Iters: 0
T_iter: 0.099715 0.086846 0.087976 0.087498 0.086737 0.086940 0.087170 0.087272 0.087304 0.087200 
T_stage 0: 0.015206 0.015661 0.015794 0.013784 0.013687 0.013966 0.013415 0.014735 0.014002 0.013822 
T_stage 1: 0.086031 0.073288 0.074206 0.073157 0.072960 0.073356 0.073121 0.073329 0.073611 0.073135 
Config: granularity=100000, SDR=1000, ADR=0, Rigid=1, Capture_Method=0
Stage 0: PT=0, T_stage=0.012350, bytes=0, T_capped=0
Stage 1: PT=6, T_stage=0.000000, bytes=33176880, T_capped=0
Group 1: Iters=10, Procs=416, Factors=1.000000, Dist=2, RM=0, SM=1, RS=0, SS=5, parents=52, children=0
Async_Iters: 0
T_iter: 0.098309 0.088860 0.086285 0.079787 0.085269 0.079330 0.083484 0.078976 0.274110 0.078333 
T_stage 0: 0.015436 0.015146 0.013942 0.013503 0.014145 0.014093 0.015218 0.013677 0.218847 0.013918 
T_stage 1: 0.084138 0.073791 0.072315 0.065748 0.071400 0.065397 0.069704 0.065546 0.260686 0.064952 
Config: granularity=100000, SDR=1000, ADR=0, Rigid=1, Capture_Method=0
Stage 0: PT=0, T_stage=0.012350, bytes=0, T_capped=0
Stage 1: PT=6, T_stage=0.000000, bytes=33176880, T_capped=0
Group 1: Iters=10, Procs=416, Factors=1.000000, Dist=2, RM=0, SM=1, RS=0, SS=5, parents=52, children=0
Async_Iters: 0
T_iter: 0.122360 0.087130 0.093668 0.294961 0.088929 0.087665 0.089233 0.084154 0.087091 0.087163 
T_stage 0: 0.026885 0.015336 0.018020 0.220313 0.015019 0.014010 0.015157 0.014500 0.014474 0.014720 
T_stage 1: 0.095272 0.071698 0.076135 0.280087 0.074790 0.073305 0.074885 0.070130 0.073222 0.073253 
Config: granularity=100000, SDR=1000, ADR=0, Rigid=1, Capture_Method=0
Stage 0: PT=0, T_stage=0.012350, bytes=0, T_capped=0
Stage 1: PT=6, T_stage=0.000000, bytes=33176880, T_capped=0
Group 1: Iters=10, Procs=416, Factors=1.000000, Dist=2, RM=0, SM=1, RS=0, SS=5, parents=52, children=0
Async_Iters: 0
T_iter: 0.104706 0.093567 0.087087 0.091982 0.086120 0.095875 0.112588 0.091703 0.089977 0.085256 
T_stage 0: 0.015047 0.023051 0.015706 0.020001 0.014986 0.023168 0.017002 0.020125 0.018041 0.013479 
T_stage 1: 0.090696 0.071613 0.072977 0.072675 0.072425 0.075518 0.094274 0.072291 0.072448 0.071688 
Config: granularity=100000, SDR=1000, ADR=0, Rigid=1, Capture_Method=0
Stage 0: PT=0, T_stage=0.012350, bytes=0, T_capped=0
Stage 1: PT=6, T_stage=0.000000, bytes=33176880, T_capped=0
Group 1: Iters=10, Procs=416, Factors=1.000000, Dist=2, RM=0, SM=1, RS=0, SS=5, parents=52, children=0
Async_Iters: 0
T_iter: 0.105399 0.095649 0.088920 0.087481 0.086731 0.086358 0.087267 0.086659 0.089329 0.086980 
T_stage 0: 0.013774 0.015093 0.015016 0.015811 0.014015 0.013383 0.014723 0.014933 0.013820 0.013828 
T_stage 1: 0.091311 0.082163 0.074304 0.073767 0.073151 0.072915 0.072412 0.073141 0.075803 0.073551 
Config: granularity=100000, SDR=1000, ADR=0, Rigid=1, Capture_Method=0
Stage 0: PT=0, T_stage=0.012350, bytes=0, T_capped=0
Stage 1: PT=6, T_stage=0.000000, bytes=33176880, T_capped=0
Group 1: Iters=10, Procs=416, Factors=1.000000, Dist=2, RM=0, SM=1, RS=0, SS=5, parents=52, children=0
Async_Iters: 0
T_iter: 0.114103 0.085879 0.089014 0.088460 0.083860 0.085441 0.085264 0.085313 0.086049 0.085531 
T_stage 0: 0.015072 0.013814 0.015269 0.015368 0.014923 0.013498 0.013484 0.013298 0.013434 0.014793 
T_stage 1: 0.099953 0.071293 0.075121 0.073562 0.070409 0.071846 0.071907 0.071159 0.072411 0.071986 
Config: granularity=100000, SDR=1000, ADR=0, Rigid=1, Capture_Method=0
Stage 0: PT=0, T_stage=0.012350, bytes=0, T_capped=0
Stage 1: PT=6, T_stage=0.000000, bytes=33176880, T_capped=0
Group 1: Iters=10, Procs=416, Factors=1.000000, Dist=2, RM=0, SM=1, RS=0, SS=5, parents=52, children=0
Async_Iters: 0
T_iter: 0.102932 0.085527 0.087230 0.085186 0.085626 0.085787 0.085157 0.085022 0.085617 0.084180 
T_stage 0: 0.015238 0.013841 0.015253 0.013481 0.015566 0.013685 0.013781 0.014903 0.014239 0.013605 
T_stage 1: 0.089115 0.071550 0.073047 0.071465 0.071753 0.071928 0.071785 0.071567 0.071526 0.070652 
