Config loaded: R=1, S=2, granularity=100000, SDR=1000, ADR=0, Rigid=1, Capture_Method=0
Stage 0: PT=0, T_stage=0.012350, bytes=0, T_capped=0
Stage 1: PT=6, T_stage=0.000000, bytes=33176880, T_capped=0
Group 0: Iters=5, Procs=156, Factors=1.000000, Dist=2, RM=0, SM=0, RS=0, SS=0
Group 1: Iters=10, Procs=416, Factors=1.000000, Dist=2, RM=0, SM=1, RS=0, SS=5
T_spawn: 2.475723 
T_SR: 0.079476 
T_AR: 0.000000 
T_US: 0.055535 
T_Malleability: 2.745991 
T_total: 4.125749
Config loaded: R=1, S=2, granularity=100000, SDR=1000, ADR=0, Rigid=1, Capture_Method=0
Stage 0: PT=0, T_stage=0.012350, bytes=0, T_capped=0
Stage 1: PT=6, T_stage=0.000000, bytes=33176880, T_capped=0
Group 0: Iters=5, Procs=156, Factors=1.000000, Dist=2, RM=0, SM=0, RS=0, SS=0
Group 1: Iters=10, Procs=416, Factors=1.000000, Dist=2, RM=0, SM=1, RS=0, SS=5
T_spawn: 2.336371 
T_SR: 0.041046 
T_AR: 0.000000 
T_US: 0.028145 
T_Malleability: 2.520201 
T_total: 3.876773
Config loaded: R=1, S=2, granularity=100000, SDR=1000, ADR=0, Rigid=1, Capture_Method=0
Stage 0: PT=0, T_stage=0.012350, bytes=0, T_capped=0
Stage 1: PT=6, T_stage=0.000000, bytes=33176880, T_capped=0
Group 0: Iters=5, Procs=156, Factors=1.000000, Dist=2, RM=0, SM=0, RS=0, SS=0
Group 1: Iters=10, Procs=416, Factors=1.000000, Dist=2, RM=0, SM=1, RS=0, SS=5
T_spawn: 2.258941 
T_SR: 0.063269 
T_AR: 0.000000 
T_US: 0.029671 
T_Malleability: 2.493694 
T_total: 4.017051
Config loaded: R=1, S=2, granularity=100000, SDR=1000, ADR=0, Rigid=1, Capture_Method=0
Stage 0: PT=0, T_stage=0.012350, bytes=0, T_capped=0
Stage 1: PT=6, T_stage=0.000000, bytes=33176880, T_capped=0
Group 0: Iters=5, Procs=156, Factors=1.000000, Dist=2, RM=0, SM=0, RS=0, SS=0
Group 1: Iters=10, Procs=416, Factors=1.000000, Dist=2, RM=0, SM=1, RS=0, SS=5
T_spawn: 2.224225 
T_SR: 0.032146 
T_AR: 0.000000 
T_US: 0.011157 
T_Malleability: 2.405370 
T_total: 3.909724
Config loaded: R=1, S=2, granularity=100000, SDR=1000, ADR=0, Rigid=1, Capture_Method=0
Stage 0: PT=0, T_stage=0.012350, bytes=0, T_capped=0
Stage 1: PT=6, T_stage=0.000000, bytes=33176880, T_capped=0
Group 0: Iters=5, Procs=156, Factors=1.000000, Dist=2, RM=0, SM=0, RS=0, SS=0
Group 1: Iters=10, Procs=416, Factors=1.000000, Dist=2, RM=0, SM=1, RS=0, SS=5
T_spawn: 2.185981 
T_SR: 0.073002 
T_AR: 0.000000 
T_US: 0.057232 
T_Malleability: 2.534375 
T_total: 4.101885
Config loaded: R=1, S=2, granularity=100000, SDR=1000, ADR=0, Rigid=1, Capture_Method=0
Stage 0: PT=0, T_stage=0.012350, bytes=0, T_capped=0
Stage 1: PT=6, T_stage=0.000000, bytes=33176880, T_capped=0
Group 0: Iters=5, Procs=156, Factors=1.000000, Dist=2, RM=0, SM=0, RS=0, SS=0
Group 1: Iters=10, Procs=416, Factors=1.000000, Dist=2, RM=0, SM=1, RS=0, SS=5
T_spawn: 2.436892 
T_SR: 0.049790 
T_AR: 0.000000 
T_US: 0.059277 
T_Malleability: 2.701853 
T_total: 4.025710
Config loaded: R=1, S=2, granularity=100000, SDR=1000, ADR=0, Rigid=1, Capture_Method=0
Stage 0: PT=0, T_stage=0.012350, bytes=0, T_capped=0
Stage 1: PT=6, T_stage=0.000000, bytes=33176880, T_capped=0
Group 0: Iters=5, Procs=156, Factors=1.000000, Dist=2, RM=0, SM=0, RS=0, SS=0
Group 1: Iters=10, Procs=416, Factors=1.000000, Dist=2, RM=0, SM=1, RS=0, SS=5
T_spawn: 2.364705 
T_SR: 0.048840 
T_AR: 0.000000 
T_US: 0.037415 
T_Malleability: 2.613584 
T_total: 4.008965
Config loaded: R=1, S=2, granularity=100000, SDR=1000, ADR=0, Rigid=1, Capture_Method=0
Stage 0: PT=0, T_stage=0.012350, bytes=0, T_capped=0
Stage 1: PT=6, T_stage=0.000000, bytes=33176880, T_capped=0
Group 0: Iters=5, Procs=156, Factors=1.000000, Dist=2, RM=0, SM=0, RS=0, SS=0
Group 1: Iters=10, Procs=416, Factors=1.000000, Dist=2, RM=0, SM=1, RS=0, SS=5
T_spawn: 2.562227 
T_SR: 0.049182 
T_AR: 0.000000 
T_US: 0.033773 
T_Malleability: 2.780078 
T_total: 4.022850
Config loaded: R=1, S=2, granularity=100000, SDR=1000, ADR=0, Rigid=1, Capture_Method=0
Stage 0: PT=0, T_stage=0.012350, bytes=0, T_capped=0
Stage 1: PT=6, T_stage=0.000000, bytes=33176880, T_capped=0
Group 0: Iters=5, Procs=156, Factors=1.000000, Dist=2, RM=0, SM=0, RS=0, SS=0
Group 1: Iters=10, Procs=416, Factors=1.000000, Dist=2, RM=0, SM=1, RS=0, SS=5
T_spawn: 2.393679 
T_SR: 0.075556 
T_AR: 0.000000 
T_US: 0.051861 
T_Malleability: 2.709532 
T_total: 4.347659
Config loaded: R=1, S=2, granularity=100000, SDR=1000, ADR=0, Rigid=1, Capture_Method=0
Stage 0: PT=0, T_stage=0.012350, bytes=0, T_capped=0
Stage 1: PT=6, T_stage=0.000000, bytes=33176880, T_capped=0
Group 0: Iters=5, Procs=156, Factors=1.000000, Dist=2, RM=0, SM=0, RS=0, SS=0
Group 1: Iters=10, Procs=416, Factors=1.000000, Dist=2, RM=0, SM=1, RS=0, SS=5
T_spawn: 2.221172 
T_SR: 0.043913 
T_AR: 0.000000 
T_US: 0.021270 
T_Malleability: 2.514143 
T_total: 3.932830
Config loaded: R=1, S=2, granularity=100000, SDR=1000, ADR=0, Rigid=1, Capture_Method=0
Stage 0: PT=0, T_stage=0.012350, bytes=0, T_capped=0
Stage 1: PT=6, T_stage=0.000000, bytes=33176880, T_capped=0
Group 0: Iters=5, Procs=156, Factors=1.000000, Dist=2, RM=0, SM=0, RS=0, SS=0
Group 1: Iters=10, Procs=416, Factors=1.000000, Dist=2, RM=0, SM=1, RS=0, SS=5
T_spawn: 2.259321 
T_SR: 0.058751 
T_AR: 0.000000 
T_US: 0.039385 
T_Malleability: 2.491774 
T_total: 3.948777
Config loaded: R=1, S=2, granularity=100000, SDR=1000, ADR=0, Rigid=1, Capture_Method=0
Stage 0: PT=0, T_stage=0.012350, bytes=0, T_capped=0
Stage 1: PT=6, T_stage=0.000000, bytes=33176880, T_capped=0
Group 0: Iters=5, Procs=156, Factors=1.000000, Dist=2, RM=0, SM=0, RS=0, SS=0
Group 1: Iters=10, Procs=416, Factors=1.000000, Dist=2, RM=0, SM=1, RS=0, SS=5
T_spawn: 2.390375 
T_SR: 0.049167 
T_AR: 0.000000 
T_US: 0.074821 
T_Malleability: 2.712488 
T_total: 4.216531
Config loaded: R=1, S=2, granularity=100000, SDR=1000, ADR=0, Rigid=1, Capture_Method=0
Stage 0: PT=0, T_stage=0.012350, bytes=0, T_capped=0
Stage 1: PT=6, T_stage=0.000000, bytes=33176880, T_capped=0
Group 0: Iters=5, Procs=156, Factors=1.000000, Dist=2, RM=0, SM=0, RS=0, SS=0
Group 1: Iters=10, Procs=416, Factors=1.000000, Dist=2, RM=0, SM=1, RS=0, SS=5
T_spawn: 2.203163 
T_SR: 0.049574 
T_AR: 0.000000 
T_US: 0.025707 
T_Malleability: 2.511874 
T_total: 4.103333
Config loaded: R=1, S=2, granularity=100000, SDR=1000, ADR=0, Rigid=1, Capture_Method=0
Stage 0: PT=0, T_stage=0.012350, bytes=0, T_capped=0
Stage 1: PT=6, T_stage=0.000000, bytes=33176880, T_capped=0
Group 0: Iters=5, Procs=156, Factors=1.000000, Dist=2, RM=0, SM=0, RS=0, SS=0
Group 1: Iters=10, Procs=416, Factors=1.000000, Dist=2, RM=0, SM=1, RS=0, SS=5
T_spawn: 2.311329 
T_SR: 0.035661 
T_AR: 0.000000 
T_US: 0.022375 
T_Malleability: 2.479388 
T_total: 4.022805
Config loaded: R=1, S=2, granularity=100000, SDR=1000, ADR=0, Rigid=1, Capture_Method=0
Stage 0: PT=0, T_stage=0.012350, bytes=0, T_capped=0
Stage 1: PT=6, T_stage=0.000000, bytes=33176880, T_capped=0
Group 0: Iters=5, Procs=156, Factors=1.000000, Dist=2, RM=0, SM=0, RS=0, SS=0
Group 1: Iters=10, Procs=416, Factors=1.000000, Dist=2, RM=0, SM=1, RS=0, SS=5
T_spawn: 2.372761 
T_SR: 0.049142 
T_AR: 0.000000 
T_US: 0.033542 
T_Malleability: 2.656955 
T_total: 4.018021
Config loaded: R=1, S=2, granularity=100000, SDR=1000, ADR=0, Rigid=1, Capture_Method=0
Stage 0: PT=0, T_stage=0.012350, bytes=0, T_capped=0
Stage 1: PT=6, T_stage=0.000000, bytes=33176880, T_capped=0
Group 0: Iters=5, Procs=156, Factors=1.000000, Dist=2, RM=0, SM=0, RS=0, SS=0
Group 1: Iters=10, Procs=416, Factors=1.000000, Dist=2, RM=0, SM=1, RS=0, SS=5
T_spawn: 2.514002 
T_SR: 0.047224 
T_AR: 0.000000 
T_US: 0.068313 
T_Malleability: 2.848970 
T_total: 4.426375
Config loaded: R=1, S=2, granularity=100000, SDR=1000, ADR=0, Rigid=1, Capture_Method=0
Stage 0: PT=0, T_stage=0.012350, bytes=0, T_capped=0
Stage 1: PT=6, T_stage=0.000000, bytes=33176880, T_capped=0
Group 0: Iters=5, Procs=156, Factors=1.000000, Dist=2, RM=0, SM=0, RS=0, SS=0
Group 1: Iters=10, Procs=416, Factors=1.000000, Dist=2, RM=0, SM=1, RS=0, SS=5
T_spawn: 2.330005 
T_SR: 0.078614 
T_AR: 0.000000 
T_US: 0.046584 
T_Malleability: 2.586919 
T_total: 4.427020
Config loaded: R=1, S=2, granularity=100000, SDR=1000, ADR=0, Rigid=1, Capture_Method=0
Stage 0: PT=0, T_stage=0.012350, bytes=0, T_capped=0
Stage 1: PT=6, T_stage=0.000000, bytes=33176880, T_capped=0
Group 0: Iters=5, Procs=156, Factors=1.000000, Dist=2, RM=0, SM=0, RS=0, SS=0
Group 1: Iters=10, Procs=416, Factors=1.000000, Dist=2, RM=0, SM=1, RS=0, SS=5
T_spawn: 2.538974 
T_SR: 0.050260 
T_AR: 0.000000 
T_US: 0.060663 
T_Malleability: 2.803925 
T_total: 4.223948
Config loaded: R=1, S=2, granularity=100000, SDR=1000, ADR=0, Rigid=1, Capture_Method=0
Stage 0: PT=0, T_stage=0.012350, bytes=0, T_capped=0
Stage 1: PT=6, T_stage=0.000000, bytes=33176880, T_capped=0
Group 0: Iters=5, Procs=156, Factors=1.000000, Dist=2, RM=0, SM=0, RS=0, SS=0
Group 1: Iters=10, Procs=416, Factors=1.000000, Dist=2, RM=0, SM=1, RS=0, SS=5
T_spawn: 2.251135 
T_SR: 0.074599 
T_AR: 0.000000 
T_US: 0.012740 
T_Malleability: 2.467256 
T_total: 3.996823
Config loaded: R=1, S=2, granularity=100000, SDR=1000, ADR=0, Rigid=1, Capture_Method=0
Stage 0: PT=0, T_stage=0.012350, bytes=0, T_capped=0
Stage 1: PT=6, T_stage=0.000000, bytes=33176880, T_capped=0
Group 0: Iters=5, Procs=156, Factors=1.000000, Dist=2, RM=0, SM=0, RS=0, SS=0
Group 1: Iters=10, Procs=416, Factors=1.000000, Dist=2, RM=0, SM=1, RS=0, SS=5
T_spawn: 2.228075 
T_SR: 0.054765 
T_AR: 0.000000 
T_US: 0.039251 
T_Malleability: 2.438779 
T_total: 3.762974
