Config: granularity=100000, SDR=1000, ADR=0, Rigid=1, Capture_Method=0
Stage 0: PT=0, T_stage=0.012350, bytes=0, T_capped=0
Stage 1: PT=6, T_stage=0.000000, bytes=33176880, T_capped=0
Group 1: Iters=10, Procs=416, Factors=1.000000, Dist=2, RM=0, SM=1, RS=0, SS=5, parents=208, children=0
Async_Iters: 0
T_iter: 0.544028 0.125818 0.084761 0.088505 0.084335 0.085135 0.094649 0.287963 0.097776 0.085179 
T_stage 0: 0.072011 0.032631 0.014121 0.014224 0.013735 0.013292 0.019551 0.014545 0.028612 0.015120 
T_stage 1: 0.479118 0.096656 0.070692 0.073355 0.070665 0.071711 0.075778 0.274227 0.071716 0.071830 
Config: granularity=100000, SDR=1000, ADR=0, Rigid=1, Capture_Method=0
Stage 0: PT=0, T_stage=0.012350, bytes=0, T_capped=0
Stage 1: PT=6, T_stage=0.000000, bytes=33176880, T_capped=0
Group 1: Iters=10, Procs=416, Factors=1.000000, Dist=2, RM=0, SM=1, RS=0, SS=5, parents=208, children=0
Async_Iters: 0
T_iter: 0.144020 0.092136 0.092353 0.300267 0.092535 0.095019 0.091840 0.092294 0.092380 0.109301 
T_stage 0: 0.034188 0.021269 0.022142 0.021749 0.022101 0.021098 0.021281 0.020498 0.021856 0.021255 
T_stage 1: 0.108068 0.070654 0.070978 0.277965 0.071878 0.073777 0.071175 0.070961 0.071544 0.088581 
Config: granularity=100000, SDR=1000, ADR=0, Rigid=1, Capture_Method=0
Stage 0: PT=0, T_stage=0.012350, bytes=0, T_capped=0
Stage 1: PT=6, T_stage=0.000000, bytes=33176880, T_capped=0
Group 1: Iters=10, Procs=416, Factors=1.000000, Dist=2, RM=0, SM=1, RS=0, SS=5, parents=208, children=0
Async_Iters: 0
T_iter: 0.275706 0.087393 0.084766 0.079305 0.082952 0.078094 0.079509 0.082800 0.081859 0.079025 
T_stage 0: 0.032681 0.014828 0.014809 0.013841 0.014109 0.014055 0.014322 0.015416 0.014168 0.013493 
T_stage 1: 0.249880 0.073952 0.070816 0.065820 0.069512 0.064711 0.065787 0.069386 0.068316 0.065327 
Config: granularity=100000, SDR=1000, ADR=0, Rigid=1, Capture_Method=0
Stage 0: PT=0, T_stage=0.012350, bytes=0, T_capped=0
Stage 1: PT=6, T_stage=0.000000, bytes=33176880, T_capped=0
Group 1: Iters=10, Procs=416, Factors=1.000000, Dist=2, RM=0, SM=1, RS=0, SS=5, parents=208, children=0
Async_Iters: 0
T_iter: 0.199614 0.090782 0.086315 0.085322 0.085253 0.084532 0.086396 0.086034 0.085638 0.299902 
T_stage 0: 0.041428 0.013715 0.013419 0.014757 0.013325 0.013395 0.014098 0.013351 0.014840 0.014464 
T_stage 1: 0.157438 0.077260 0.072388 0.071795 0.071677 0.070992 0.072598 0.072408 0.071791 0.285536 
Config: granularity=100000, SDR=1000, ADR=0, Rigid=1, Capture_Method=0
Stage 0: PT=0, T_stage=0.012350, bytes=0, T_capped=0
Stage 1: PT=6, T_stage=0.000000, bytes=33176880, T_capped=0
Group 1: Iters=10, Procs=416, Factors=1.000000, Dist=2, RM=0, SM=1, RS=0, SS=5, parents=208, children=0
Async_Iters: 0
T_iter: 0.283321 0.103950 0.092340 0.085947 0.086379 0.085812 0.085660 0.084474 0.086383 0.088459 
T_stage 0: 0.032326 0.030203 0.015168 0.019816 0.013802 0.013756 0.013910 0.013686 0.014245 0.015453 
T_stage 1: 0.254546 0.073784 0.078391 0.072387 0.072523 0.072377 0.072114 0.070916 0.072051 0.074356 
Config: granularity=100000, SDR=1000, ADR=0, Rigid=1, Capture_Method=0
Stage 0: PT=0, T_stage=0.012350, bytes=0, T_capped=0
Stage 1: PT=6, T_stage=0.000000, bytes=33176880, T_capped=0
Group 1: Iters=10, Procs=416, Factors=1.000000, Dist=2, RM=0, SM=1, RS=0, SS=5, parents=208, children=0
Async_Iters: 0
T_iter: 0.177338 0.086583 0.085803 0.086242 0.086524 0.085903 0.086822 0.086981 0.086412 0.087437 
T_stage 0: 0.032704 0.013845 0.014858 0.015272 0.014579 0.014265 0.013792 0.014005 0.013297 0.013240 
T_stage 1: 0.145259 0.072934 0.072196 0.072555 0.073048 0.072351 0.072697 0.073488 0.072891 0.073374 
Config: granularity=100000, SDR=1000, ADR=0, Rigid=1, Capture_Method=0
Stage 0: PT=0, T_stage=0.012350, bytes=0, T_capped=0
Stage 1: PT=6, T_stage=0.000000, bytes=33176880, T_capped=0
Group 1: Iters=10, Procs=416, Factors=1.000000, Dist=2, RM=0, SM=1, RS=0, SS=5, parents=208, children=0
Async_Iters: 0
T_iter: 0.221141 0.128711 0.091516 0.088633 0.088228 0.088772 0.088219 0.087533 0.088382 0.087640 
T_stage 0: 0.046600 0.029596 0.013405 0.014844 0.013256 0.013788 0.013207 0.013342 0.014478 0.013676 
T_stage 1: 0.179330 0.099264 0.077712 0.075184 0.074468 0.075349 0.074852 0.074081 0.074704 0.073970 
Config: granularity=100000, SDR=1000, ADR=0, Rigid=1, Capture_Method=0
Stage 0: PT=0, T_stage=0.012350, bytes=0, T_capped=0
Stage 1: PT=6, T_stage=0.000000, bytes=33176880, T_capped=0
Group 1: Iters=10, Procs=416, Factors=1.000000, Dist=2, RM=0, SM=1, RS=0, SS=5, parents=208, children=0
Async_Iters: 0
T_iter: 0.161148 0.090501 0.085856 0.085816 0.085725 0.084525 0.084898 0.084964 0.084681 0.086208 
T_stage 0: 0.032434 0.016647 0.013414 0.014980 0.013775 0.013864 0.015544 0.014607 0.014613 0.014602 
T_stage 1: 0.132404 0.073299 0.071885 0.072276 0.072280 0.071066 0.071337 0.071506 0.071145 0.072453 
Config: granularity=100000, SDR=1000, ADR=0, Rigid=1, Capture_Method=0
Stage 0: PT=0, T_stage=0.012350, bytes=0, T_capped=0
Stage 1: PT=6, T_stage=0.000000, bytes=33176880, T_capped=0
Group 1: Iters=10, Procs=416, Factors=1.000000, Dist=2, RM=0, SM=1, RS=0, SS=5, parents=208, children=0
Async_Iters: 0
T_iter: 0.450824 0.106247 0.089248 0.088273 0.088002 0.087220 0.087367 0.087804 0.088750 0.086366 
T_stage 0: 0.058936 0.031605 0.015052 0.016369 0.016358 0.014810 0.013415 0.014043 0.015670 0.013456 
T_stage 1: 0.405308 0.074473 0.075729 0.074758 0.074404 0.073561 0.073767 0.073978 0.075030 0.072721 
Config: granularity=100000, SDR=1000, ADR=0, Rigid=1, Capture_Method=0
Stage 0: PT=0, T_stage=0.012350, bytes=0, T_capped=0
Stage 1: PT=6, T_stage=0.000000, bytes=33176880, T_capped=0
Group 1: Iters=10, Procs=416, Factors=1.000000, Dist=2, RM=0, SM=1, RS=0, SS=5, parents=208, children=0
Async_Iters: 0
T_iter: 0.278871 0.175893 0.156043 0.108288 0.086199 0.084952 0.086073 0.086735 0.084716 0.084480 
T_stage 0: 0.058868 0.031734 0.031609 0.032732 0.014292 0.014531 0.014489 0.013306 0.015032 0.014772 
T_stage 1: 0.226515 0.127927 0.126670 0.075517 0.072815 0.071534 0.072654 0.073413 0.071339 0.071078 
Config: granularity=100000, SDR=1000, ADR=0, Rigid=1, Capture_Method=0
Stage 0: PT=0, T_stage=0.012350, bytes=0, T_capped=0
Stage 1: PT=6, T_stage=0.000000, bytes=33176880, T_capped=0
Group 1: Iters=10, Procs=416, Factors=1.000000, Dist=2, RM=0, SM=1, RS=0, SS=5, parents=208, children=0
Async_Iters: 0
T_iter: 0.296078 0.183893 0.103201 0.086204 0.084499 0.087717 0.086900 0.291770 0.086696 0.087160 
T_stage 0: 0.060417 0.044580 0.030627 0.013958 0.013823 0.015470 0.013765 0.014035 0.013841 0.014849 
T_stage 1: 0.254726 0.150531 0.074215 0.072152 0.070513 0.073722 0.072913 0.277587 0.072190 0.072824 
Config: granularity=100000, SDR=1000, ADR=0, Rigid=1, Capture_Method=0
Stage 0: PT=0, T_stage=0.012350, bytes=0, T_capped=0
Stage 1: PT=6, T_stage=0.000000, bytes=33176880, T_capped=0
Group 1: Iters=10, Procs=416, Factors=1.000000, Dist=2, RM=0, SM=1, RS=0, SS=5, parents=208, children=0
Async_Iters: 0
T_iter: 0.202277 0.106399 0.086991 0.085705 0.087162 0.089020 0.087288 0.086505 0.086623 0.086151 
T_stage 0: 0.035538 0.033222 0.013944 0.014230 0.013875 0.013389 0.015314 0.015608 0.013633 0.013302 
T_stage 1: 0.166634 0.073213 0.073452 0.072209 0.073132 0.075499 0.073778 0.072916 0.072949 0.072668 
Config: granularity=100000, SDR=1000, ADR=0, Rigid=1, Capture_Method=0
Stage 0: PT=0, T_stage=0.012350, bytes=0, T_capped=0
Stage 1: PT=6, T_stage=0.000000, bytes=33176880, T_capped=0
Group 1: Iters=10, Procs=416, Factors=1.000000, Dist=2, RM=0, SM=1, RS=0, SS=5, parents=208, children=0
Async_Iters: 0
T_iter: 0.301511 0.160316 0.191829 0.103332 0.090636 0.088722 0.086865 0.088091 0.085613 0.086463 
T_stage 0: 0.051124 0.031892 0.049103 0.029188 0.015462 0.014413 0.013594 0.014994 0.014586 0.013457 
T_stage 1: 0.235335 0.130141 0.143987 0.073464 0.076408 0.075345 0.073181 0.074544 0.072205 0.072738 
Config: granularity=100000, SDR=1000, ADR=0, Rigid=1, Capture_Method=0
Stage 0: PT=0, T_stage=0.012350, bytes=0, T_capped=0
Stage 1: PT=6, T_stage=0.000000, bytes=33176880, T_capped=0
Group 1: Iters=10, Procs=416, Factors=1.000000, Dist=2, RM=0, SM=1, RS=0, SS=5, parents=208, children=0
Async_Iters: 0
T_iter: 0.192741 0.087061 0.083687 0.085140 0.087415 0.083882 0.083224 0.085206 0.084288 0.084335 
T_stage 0: 0.059935 0.015001 0.014525 0.014895 0.014485 0.014186 0.014784 0.013872 0.014830 0.013285 
T_stage 1: 0.147933 0.073077 0.070242 0.071727 0.072796 0.070593 0.069924 0.071302 0.070713 0.070702 
Config: granularity=100000, SDR=1000, ADR=0, Rigid=1, Capture_Method=0
Stage 0: PT=0, T_stage=0.012350, bytes=0, T_capped=0
Stage 1: PT=6, T_stage=0.000000, bytes=33176880, T_capped=0
Group 1: Iters=10, Procs=416, Factors=1.000000, Dist=2, RM=0, SM=1, RS=0, SS=5, parents=208, children=0
Async_Iters: 0
T_iter: 0.311098 0.207855 0.097059 0.087685 0.085193 0.084722 0.084891 0.084102 0.085784 0.086586 
T_stage 0: 0.052490 0.036795 0.025854 0.014290 0.013844 0.014503 0.013833 0.013310 0.014167 0.013878 
T_stage 1: 0.247511 0.153270 0.071777 0.073615 0.071773 0.071012 0.071152 0.070213 0.072469 0.072655 
Config: granularity=100000, SDR=1000, ADR=0, Rigid=1, Capture_Method=0
Stage 0: PT=0, T_stage=0.012350, bytes=0, T_capped=0
Stage 1: PT=6, T_stage=0.000000, bytes=33176880, T_capped=0
Group 1: Iters=10, Procs=416, Factors=1.000000, Dist=2, RM=0, SM=1, RS=0, SS=5, parents=208, children=0
Async_Iters: 0
T_iter: 0.330661 0.208577 0.096061 0.085803 0.087732 0.084868 0.085629 0.087193 0.083594 0.086207 
T_stage 0: 0.082681 0.041214 0.024800 0.013835 0.013297 0.014136 0.015181 0.013693 0.013624 0.013448 
T_stage 1: 0.250614 0.151952 0.071385 0.072294 0.074261 0.071057 0.071502 0.073700 0.070031 0.072702 
Config: granularity=100000, SDR=1000, ADR=0, Rigid=1, Capture_Method=0
Stage 0: PT=0, T_stage=0.012350, bytes=0, T_capped=0
Stage 1: PT=6, T_stage=0.000000, bytes=33176880, T_capped=0
Group 1: Iters=10, Procs=416, Factors=1.000000, Dist=2, RM=0, SM=1, RS=0, SS=5, parents=208, children=0
Async_Iters: 0
T_iter: 0.224898 0.087014 0.091197 0.078907 0.295603 0.080914 0.079853 0.084068 0.080397 0.080359 
T_stage 0: 0.032088 0.015364 0.015606 0.014773 0.013319 0.014711 0.013224 0.014252 0.014253 0.013797 
T_stage 1: 0.195331 0.073380 0.076476 0.064997 0.282108 0.067444 0.065911 0.070387 0.066661 0.066894 
Config: granularity=100000, SDR=1000, ADR=0, Rigid=1, Capture_Method=0
Stage 0: PT=0, T_stage=0.012350, bytes=0, T_capped=0
Stage 1: PT=6, T_stage=0.000000, bytes=33176880, T_capped=0
Group 1: Iters=10, Procs=416, Factors=1.000000, Dist=2, RM=0, SM=1, RS=0, SS=5, parents=208, children=0
Async_Iters: 0
T_iter: 0.203133 0.102996 0.095592 0.093830 0.092368 0.096037 0.090971 0.124481 0.114034 0.092038 
T_stage 0: 0.047057 0.023960 0.013353 0.014955 0.013856 0.017741 0.013311 0.013743 0.032324 0.014385 
T_stage 1: 0.166571 0.078828 0.079665 0.078757 0.078931 0.078105 0.077007 0.094352 0.085120 0.078489 
Config: granularity=100000, SDR=1000, ADR=0, Rigid=1, Capture_Method=0
Stage 0: PT=0, T_stage=0.012350, bytes=0, T_capped=0
Stage 1: PT=6, T_stage=0.000000, bytes=33176880, T_capped=0
Group 1: Iters=10, Procs=416, Factors=1.000000, Dist=2, RM=0, SM=1, RS=0, SS=5, parents=208, children=0
Async_Iters: 0
T_iter: 0.232412 0.215993 0.110596 0.087638 0.085337 0.085794 0.085969 0.085682 0.084201 0.086028 
T_stage 0: 0.056372 0.032448 0.034609 0.014632 0.014737 0.013600 0.014239 0.014881 0.013483 0.014544 
T_stage 1: 0.190437 0.170544 0.075906 0.072127 0.071339 0.071089 0.072152 0.072106 0.070645 0.072423 
Config: granularity=100000, SDR=1000, ADR=0, Rigid=1, Capture_Method=0
Stage 0: PT=0, T_stage=0.012350, bytes=0, T_capped=0
Stage 1: PT=6, T_stage=0.000000, bytes=33176880, T_capped=0
Group 1: Iters=10, Procs=416, Factors=1.000000, Dist=2, RM=0, SM=1, RS=0, SS=5, parents=208, children=0
Async_Iters: 0
T_iter: 0.319904 0.188270 0.096982 0.084383 0.083158 0.083563 0.082101 0.083529 0.082928 0.090142 
T_stage 0: 0.063900 0.032113 0.025612 0.015066 0.014118 0.013401 0.014908 0.014191 0.013993 0.018310 
T_stage 1: 0.247623 0.156070 0.070732 0.070416 0.069600 0.070012 0.068468 0.069860 0.069420 0.071690 
