Config: granularity=100000, SDR=1000, ADR=0, Rigid=1, Capture_Method=0
Stage 0: PT=0, T_stage=0.012350, bytes=0, T_capped=0
Stage 1: PT=6, T_stage=0.000000, bytes=33176880, T_capped=0
Group 1: Iters=10, Procs=104, Factors=1.000000, Dist=2, RM=0, SM=1, RS=0, SS=0, parents=52, children=0
Async_Iters: 0
T_iter: 0.098430 0.084702 0.073710 0.074122 0.078208 0.079195 0.283016 0.284051 0.073159 0.078639 
T_stage 0: 0.012802 0.012755 0.012764 0.012741 0.012745 0.013042 0.012754 0.012737 0.012742 0.012761 
T_stage 1: 0.085566 0.071844 0.060856 0.061243 0.065320 0.066041 0.270110 0.271192 0.060304 0.065711 
Config: granularity=100000, SDR=1000, ADR=0, Rigid=1, Capture_Method=0
Stage 0: PT=0, T_stage=0.012350, bytes=0, T_capped=0
Stage 1: PT=6, T_stage=0.000000, bytes=33176880, T_capped=0
Group 1: Iters=10, Procs=104, Factors=1.000000, Dist=2, RM=0, SM=1, RS=0, SS=0, parents=52, children=0
Async_Iters: 0
T_iter: 0.095612 0.079933 0.081187 0.077504 0.071776 0.075954 0.075217 0.073800 0.072785 0.071103 
T_stage 0: 0.012731 0.012834 0.012846 0.012734 0.012726 0.012761 0.012742 0.012759 0.012767 0.012759 
T_stage 1: 0.082698 0.066927 0.068205 0.064647 0.058948 0.063138 0.062342 0.060938 0.059870 0.058168 
Config: granularity=100000, SDR=1000, ADR=0, Rigid=1, Capture_Method=0
Stage 0: PT=0, T_stage=0.012350, bytes=0, T_capped=0
Stage 1: PT=6, T_stage=0.000000, bytes=33176880, T_capped=0
Group 1: Iters=10, Procs=104, Factors=1.000000, Dist=2, RM=0, SM=1, RS=0, SS=0, parents=52, children=0
Async_Iters: 0
T_iter: 0.105862 0.082838 0.074084 0.077136 0.079890 0.072145 0.073836 0.075183 0.073882 0.072481 
T_stage 0: 0.012957 0.012767 0.012800 0.012788 0.012789 0.012784 0.014102 0.012734 0.012749 0.012837 
T_stage 1: 0.092765 0.069997 0.061157 0.064185 0.066901 0.059225 0.060924 0.062332 0.061056 0.059501 
Config: granularity=100000, SDR=1000, ADR=0, Rigid=1, Capture_Method=0
Stage 0: PT=0, T_stage=0.012350, bytes=0, T_capped=0
Stage 1: PT=6, T_stage=0.000000, bytes=33176880, T_capped=0
Group 1: Iters=10, Procs=104, Factors=1.000000, Dist=2, RM=0, SM=1, RS=0, SS=0, parents=52, children=0
Async_Iters: 0
T_iter: 0.099431 0.081609 0.071086 0.072947 0.074699 0.078091 0.078656 0.073145 0.070439 0.071813 
T_stage 0: 0.012734 0.012796 0.012785 0.012778 0.012723 0.012747 0.013973 0.012732 0.012754 0.012741 
T_stage 1: 0.086504 0.068715 0.058184 0.060034 0.061865 0.065229 0.065826 0.060324 0.057545 0.058981 
Config: granularity=100000, SDR=1000, ADR=0, Rigid=1, Capture_Method=0
Stage 0: PT=0, T_stage=0.012350, bytes=0, T_capped=0
Stage 1: PT=6, T_stage=0.000000, bytes=33176880, T_capped=0
Group 1: Iters=10, Procs=104, Factors=1.000000, Dist=2, RM=0, SM=1, RS=0, SS=0, parents=52, children=0
Async_Iters: 0
T_iter: 0.083481 0.081077 0.073205 0.073784 0.277444 0.074461 0.074203 0.073157 0.072262 0.074478 
T_stage 0: 0.012855 0.012827 0.013789 0.012784 0.012806 0.012792 0.012947 0.012814 0.012786 0.012740 
T_stage 1: 0.070538 0.068068 0.060261 0.060879 0.264471 0.061640 0.061200 0.060327 0.059336 0.061590 
Config: granularity=100000, SDR=1000, ADR=0, Rigid=1, Capture_Method=0
Stage 0: PT=0, T_stage=0.012350, bytes=0, T_capped=0
Stage 1: PT=6, T_stage=0.000000, bytes=33176880, T_capped=0
Group 1: Iters=10, Procs=104, Factors=1.000000, Dist=2, RM=0, SM=1, RS=0, SS=0, parents=52, children=0
Async_Iters: 0
T_iter: 0.124347 0.127546 0.079555 0.074006 0.076017 0.078352 0.106239 0.093404 0.117507 0.106118 
T_stage 0: 0.012861 0.012834 0.012742 0.012780 0.012769 0.012726 0.012738 0.012796 0.012735 0.012764 
T_stage 1: 0.111383 0.114573 0.066669 0.061056 0.063121 0.064900 0.093314 0.080455 0.104673 0.093189 
Config: granularity=100000, SDR=1000, ADR=0, Rigid=1, Capture_Method=0
Stage 0: PT=0, T_stage=0.012350, bytes=0, T_capped=0
Stage 1: PT=6, T_stage=0.000000, bytes=33176880, T_capped=0
Group 1: Iters=10, Procs=104, Factors=1.000000, Dist=2, RM=0, SM=1, RS=0, SS=0, parents=52, children=0
Async_Iters: 0
T_iter: 0.120759 0.115018 0.073564 0.079380 0.075378 0.077140 0.072848 0.077395 0.071249 0.072381 
T_stage 0: 0.012764 0.013120 0.012756 0.012742 0.012771 0.012796 0.013074 0.012804 0.012711 0.012735 
T_stage 1: 0.107842 0.101826 0.060664 0.066533 0.062394 0.064200 0.059697 0.064509 0.058415 0.059487 
Config: granularity=100000, SDR=1000, ADR=0, Rigid=1, Capture_Method=0
Stage 0: PT=0, T_stage=0.012350, bytes=0, T_capped=0
Stage 1: PT=6, T_stage=0.000000, bytes=33176880, T_capped=0
Group 1: Iters=10, Procs=104, Factors=1.000000, Dist=2, RM=0, SM=1, RS=0, SS=0, parents=52, children=0
Async_Iters: 0
T_iter: 0.081468 0.077766 0.276958 0.075730 0.075601 0.076649 0.074721 0.074484 0.072183 0.285881 
T_stage 0: 0.012743 0.012773 0.012794 0.012819 0.012760 0.012787 0.012759 0.012743 0.012771 0.012751 
T_stage 1: 0.068510 0.064831 0.264044 0.062774 0.062703 0.063751 0.061874 0.061558 0.059366 0.272997 
Config: granularity=100000, SDR=1000, ADR=0, Rigid=1, Capture_Method=0
Stage 0: PT=0, T_stage=0.012350, bytes=0, T_capped=0
Stage 1: PT=6, T_stage=0.000000, bytes=33176880, T_capped=0
Group 1: Iters=10, Procs=104, Factors=1.000000, Dist=2, RM=0, SM=1, RS=0, SS=0, parents=52, children=0
Async_Iters: 0
T_iter: 0.088611 0.081582 0.076291 0.073669 0.078436 0.076273 0.073286 0.072960 0.075701 0.080511 
T_stage 0: 0.012745 0.012804 0.012749 0.012769 0.012775 0.012757 0.012869 0.012840 0.012785 0.013975 
T_stage 1: 0.075732 0.068716 0.063468 0.060764 0.065551 0.063395 0.060251 0.059993 0.062784 0.067545 
Config: granularity=100000, SDR=1000, ADR=0, Rigid=1, Capture_Method=0
Stage 0: PT=0, T_stage=0.012350, bytes=0, T_capped=0
Stage 1: PT=6, T_stage=0.000000, bytes=33176880, T_capped=0
Group 1: Iters=10, Procs=104, Factors=1.000000, Dist=2, RM=0, SM=1, RS=0, SS=0, parents=52, children=0
Async_Iters: 0
T_iter: 0.107981 0.073228 0.080214 0.074489 0.278922 0.074662 0.072501 0.074956 0.074696 0.073574 
T_stage 0: 0.013090 0.012780 0.013013 0.012797 0.012868 0.012839 0.014054 0.012808 0.012827 0.012764 
T_stage 1: 0.094783 0.060294 0.067336 0.061502 0.265956 0.061741 0.059585 0.062014 0.061776 0.060664 
Config: granularity=100000, SDR=1000, ADR=0, Rigid=1, Capture_Method=0
Stage 0: PT=0, T_stage=0.012350, bytes=0, T_capped=0
Stage 1: PT=6, T_stage=0.000000, bytes=33176880, T_capped=0
Group 1: Iters=10, Procs=104, Factors=1.000000, Dist=2, RM=0, SM=1, RS=0, SS=0, parents=52, children=0
Async_Iters: 0
T_iter: 0.088624 0.079466 0.079852 0.075424 0.074150 0.072664 0.077687 0.071458 0.072207 0.074843 
T_stage 0: 0.012794 0.012790 0.012780 0.012763 0.012797 0.012834 0.012758 0.012778 0.012799 0.012762 
T_stage 1: 0.075697 0.066563 0.066927 0.062563 0.061256 0.059748 0.064830 0.058586 0.059318 0.061959 
Config: granularity=100000, SDR=1000, ADR=0, Rigid=1, Capture_Method=0
Stage 0: PT=0, T_stage=0.012350, bytes=0, T_capped=0
Stage 1: PT=6, T_stage=0.000000, bytes=33176880, T_capped=0
Group 1: Iters=10, Procs=104, Factors=1.000000, Dist=2, RM=0, SM=1, RS=0, SS=0, parents=52, children=0
Async_Iters: 0
T_iter: 0.114613 0.101669 0.072769 0.073939 0.075978 0.074372 0.074857 0.072772 0.073593 0.071703 
T_stage 0: 0.012818 0.012933 0.012874 0.012823 0.012862 0.012769 0.012810 0.012895 0.012772 0.012809 
T_stage 1: 0.101558 0.088675 0.059864 0.060987 0.063053 0.061521 0.061907 0.059923 0.060583 0.058746 
Config: granularity=100000, SDR=1000, ADR=0, Rigid=1, Capture_Method=0
Stage 0: PT=0, T_stage=0.012350, bytes=0, T_capped=0
Stage 1: PT=6, T_stage=0.000000, bytes=33176880, T_capped=0
Group 1: Iters=10, Procs=104, Factors=1.000000, Dist=2, RM=0, SM=1, RS=0, SS=0, parents=52, children=0
Async_Iters: 0
T_iter: 0.129523 0.100927 0.102550 0.096926 0.093821 0.097385 0.083484 0.099428 0.100405 0.089694 
T_stage 0: 0.012813 0.012806 0.014006 0.012827 0.013048 0.012767 0.012764 0.012851 0.012760 0.012816 
T_stage 1: 0.116650 0.087990 0.089650 0.084038 0.080905 0.084535 0.070576 0.086524 0.087390 0.076718 
Config: granularity=100000, SDR=1000, ADR=0, Rigid=1, Capture_Method=0
Stage 0: PT=0, T_stage=0.012350, bytes=0, T_capped=0
Stage 1: PT=6, T_stage=0.000000, bytes=33176880, T_capped=0
Group 1: Iters=10, Procs=104, Factors=1.000000, Dist=2, RM=0, SM=1, RS=0, SS=0, parents=52, children=0
Async_Iters: 0
T_iter: 0.097060 0.088420 0.075384 0.072982 0.072387 0.072101 0.075599 0.075338 0.077776 0.072602 
T_stage 0: 0.012868 0.013101 0.012795 0.012794 0.012785 0.012803 0.012786 0.012794 0.013099 0.012797 
T_stage 1: 0.084078 0.075523 0.062440 0.060029 0.059476 0.059143 0.062704 0.062343 0.064591 0.059682 
Config: granularity=100000, SDR=1000, ADR=0, Rigid=1, Capture_Method=0
Stage 0: PT=0, T_stage=0.012350, bytes=0, T_capped=0
Stage 1: PT=6, T_stage=0.000000, bytes=33176880, T_capped=0
Group 1: Iters=10, Procs=104, Factors=1.000000, Dist=2, RM=0, SM=1, RS=0, SS=0, parents=52, children=0
Async_Iters: 0
T_iter: 0.079307 0.074924 0.081768 0.079159 0.077918 0.074062 0.074195 0.079224 0.073379 0.072303 
T_stage 0: 0.012760 0.012758 0.013824 0.012735 0.012713 0.012802 0.012768 0.012787 0.012699 0.012733 
T_stage 1: 0.066403 0.061991 0.068887 0.066260 0.065054 0.061120 0.061356 0.066444 0.060554 0.059462 
Config: granularity=100000, SDR=1000, ADR=0, Rigid=1, Capture_Method=0
Stage 0: PT=0, T_stage=0.012350, bytes=0, T_capped=0
Stage 1: PT=6, T_stage=0.000000, bytes=33176880, T_capped=0
Group 1: Iters=10, Procs=104, Factors=1.000000, Dist=2, RM=0, SM=1, RS=0, SS=0, parents=52, children=0
Async_Iters: 0
T_iter: 0.096795 0.282899 0.073620 0.079300 0.089516 0.072848 0.283609 0.073561 0.072745 0.074214 
T_stage 0: 0.013066 0.012873 0.012785 0.012860 0.024675 0.012763 0.012833 0.012766 0.012826 0.013990 
T_stage 1: 0.083543 0.269943 0.060735 0.066333 0.064764 0.060002 0.270563 0.060704 0.059822 0.061319 
Config: granularity=100000, SDR=1000, ADR=0, Rigid=1, Capture_Method=0
Stage 0: PT=0, T_stage=0.012350, bytes=0, T_capped=0
Stage 1: PT=6, T_stage=0.000000, bytes=33176880, T_capped=0
Group 1: Iters=10, Procs=104, Factors=1.000000, Dist=2, RM=0, SM=1, RS=0, SS=0, parents=52, children=0
Async_Iters: 0
T_iter: 0.174935 0.082154 0.080585 0.077433 0.073021 0.080317 0.078001 0.093732 0.104120 0.099474 
T_stage 0: 0.034039 0.012753 0.012785 0.012835 0.012721 0.012998 0.012742 0.012841 0.012758 0.012800 
T_stage 1: 0.146122 0.069245 0.067742 0.064550 0.060180 0.067285 0.065160 0.080825 0.091255 0.086340 
Config: granularity=100000, SDR=1000, ADR=0, Rigid=1, Capture_Method=0
Stage 0: PT=0, T_stage=0.012350, bytes=0, T_capped=0
Stage 1: PT=6, T_stage=0.000000, bytes=33176880, T_capped=0
Group 1: Iters=10, Procs=104, Factors=1.000000, Dist=2, RM=0, SM=1, RS=0, SS=0, parents=52, children=0
Async_Iters: 0
T_iter: 0.082977 0.084368 0.084314 0.077030 0.075565 0.283567 0.072718 0.079174 0.073818 0.071328 
T_stage 0: 0.012765 0.013167 0.013634 0.012765 0.013756 0.013877 0.013075 0.012815 0.012759 0.012812 
T_stage 1: 0.069954 0.071035 0.071412 0.064140 0.062710 0.270634 0.059528 0.066263 0.060893 0.058431 
Config: granularity=100000, SDR=1000, ADR=0, Rigid=1, Capture_Method=0
Stage 0: PT=0, T_stage=0.012350, bytes=0, T_capped=0
Stage 1: PT=6, T_stage=0.000000, bytes=33176880, T_capped=0
Group 1: Iters=10, Procs=104, Factors=1.000000, Dist=2, RM=0, SM=1, RS=0, SS=0, parents=52, children=0
Async_Iters: 0
T_iter: 0.079700 0.086482 0.074812 0.080595 0.073138 0.072469 0.073240 0.073296 0.073479 0.071934 
T_stage 0: 0.012796 0.012924 0.012760 0.012886 0.012908 0.012936 0.012915 0.012764 0.014064 0.012746 
T_stage 1: 0.066754 0.073543 0.061844 0.067732 0.060289 0.059531 0.060363 0.060472 0.060575 0.059031 
Config: granularity=100000, SDR=1000, ADR=0, Rigid=1, Capture_Method=0
Stage 0: PT=0, T_stage=0.012350, bytes=0, T_capped=0
Stage 1: PT=6, T_stage=0.000000, bytes=33176880, T_capped=0
Group 1: Iters=10, Procs=104, Factors=1.000000, Dist=2, RM=0, SM=1, RS=0, SS=0, parents=52, children=0
Async_Iters: 0
T_iter: 0.081917 0.075049 0.074118 0.080941 0.079238 0.071928 0.073385 0.074609 0.076792 0.078965 
T_stage 0: 0.012776 0.012846 0.012812 0.012790 0.012952 0.012845 0.012813 0.012847 0.014186 0.012917 
T_stage 1: 0.069051 0.062009 0.061155 0.067988 0.066328 0.058989 0.060435 0.061617 0.063857 0.065981 
