Config loaded: R=1, S=2, granularity=100000, SDR=1000, ADR=0, Rigid=1, Capture_Method=0
Stage 0: PT=0, T_stage=0.012350, bytes=0, T_capped=0
Stage 1: PT=6, T_stage=0.000000, bytes=33176880, T_capped=0
Group 0: Iters=5, Procs=208, Factors=1.000000, Dist=2, RM=0, SM=0, RS=0, SS=0
Group 1: Iters=10, Procs=104, Factors=1.000000, Dist=2, RM=0, SM=1, RS=0, SS=0
T_spawn: 0.121707 
T_SR: 0.047968 
T_AR: 0.000000 
T_US: 0.034195 
T_Malleability: 0.484243 
T_total: 1.744395
Config loaded: R=1, S=2, granularity=100000, SDR=1000, ADR=0, Rigid=1, Capture_Method=0
Stage 0: PT=0, T_stage=0.012350, bytes=0, T_capped=0
Stage 1: PT=6, T_stage=0.000000, bytes=33176880, T_capped=0
Group 0: Iters=5, Procs=208, Factors=1.000000, Dist=2, RM=0, SM=0, RS=0, SS=0
Group 1: Iters=10, Procs=104, Factors=1.000000, Dist=2, RM=0, SM=1, RS=0, SS=0
T_spawn: 0.112013 
T_SR: 0.031712 
T_AR: 0.000000 
T_US: 0.029559 
T_Malleability: 0.381787 
T_total: 1.571154
Config loaded: R=1, S=2, granularity=100000, SDR=1000, ADR=0, Rigid=1, Capture_Method=0
Stage 0: PT=0, T_stage=0.012350, bytes=0, T_capped=0
Stage 1: PT=6, T_stage=0.000000, bytes=33176880, T_capped=0
Group 0: Iters=5, Procs=208, Factors=1.000000, Dist=2, RM=0, SM=0, RS=0, SS=0
Group 1: Iters=10, Procs=104, Factors=1.000000, Dist=2, RM=0, SM=1, RS=0, SS=0
T_spawn: 0.139989 
T_SR: 0.036246 
T_AR: 0.000000 
T_US: 0.035590 
T_Malleability: 0.503758 
T_total: 2.042983
Config loaded: R=1, S=2, granularity=100000, SDR=1000, ADR=0, Rigid=1, Capture_Method=0
Stage 0: PT=0, T_stage=0.012350, bytes=0, T_capped=0
Stage 1: PT=6, T_stage=0.000000, bytes=33176880, T_capped=0
Group 0: Iters=5, Procs=208, Factors=1.000000, Dist=2, RM=0, SM=0, RS=0, SS=0
Group 1: Iters=10, Procs=104, Factors=1.000000, Dist=2, RM=0, SM=1, RS=0, SS=0
T_spawn: 0.155999 
T_SR: 0.048275 
T_AR: 0.000000 
T_US: 0.034895 
T_Malleability: 0.447903 
T_total: 1.731595
Config loaded: R=1, S=2, granularity=100000, SDR=1000, ADR=0, Rigid=1, Capture_Method=0
Stage 0: PT=0, T_stage=0.012350, bytes=0, T_capped=0
Stage 1: PT=6, T_stage=0.000000, bytes=33176880, T_capped=0
Group 0: Iters=5, Procs=208, Factors=1.000000, Dist=2, RM=0, SM=0, RS=0, SS=0
Group 1: Iters=10, Procs=104, Factors=1.000000, Dist=2, RM=0, SM=1, RS=0, SS=0
T_spawn: 0.117696 
T_SR: 0.062612 
T_AR: 0.000000 
T_US: 0.035560 
T_Malleability: 0.472302 
T_total: 1.758573
Config loaded: R=1, S=2, granularity=100000, SDR=1000, ADR=0, Rigid=1, Capture_Method=0
Stage 0: PT=0, T_stage=0.012350, bytes=0, T_capped=0
Stage 1: PT=6, T_stage=0.000000, bytes=33176880, T_capped=0
Group 0: Iters=5, Procs=208, Factors=1.000000, Dist=2, RM=0, SM=0, RS=0, SS=0
Group 1: Iters=10, Procs=104, Factors=1.000000, Dist=2, RM=0, SM=1, RS=0, SS=0
T_spawn: 0.064154 
T_SR: 0.033358 
T_AR: 0.000000 
T_US: 0.049363 
T_Malleability: 0.486626 
T_total: 1.869912
Config loaded: R=1, S=2, granularity=100000, SDR=1000, ADR=0, Rigid=1, Capture_Method=0
Stage 0: PT=0, T_stage=0.012350, bytes=0, T_capped=0
Stage 1: PT=6, T_stage=0.000000, bytes=33176880, T_capped=0
Group 0: Iters=5, Procs=208, Factors=1.000000, Dist=2, RM=0, SM=0, RS=0, SS=0
Group 1: Iters=10, Procs=104, Factors=1.000000, Dist=2, RM=0, SM=1, RS=0, SS=0
T_spawn: 0.121671 
T_SR: 0.048366 
T_AR: 0.000000 
T_US: 0.064238 
T_Malleability: 0.595968 
T_total: 3.509289
Config loaded: R=1, S=2, granularity=100000, SDR=1000, ADR=0, Rigid=1, Capture_Method=0
Stage 0: PT=0, T_stage=0.012350, bytes=0, T_capped=0
Stage 1: PT=6, T_stage=0.000000, bytes=33176880, T_capped=0
Group 0: Iters=5, Procs=208, Factors=1.000000, Dist=2, RM=0, SM=0, RS=0, SS=0
Group 1: Iters=10, Procs=104, Factors=1.000000, Dist=2, RM=0, SM=1, RS=0, SS=0
T_spawn: 0.144001 
T_SR: 0.030995 
T_AR: 0.000000 
T_US: 0.027724 
T_Malleability: 0.393679 
T_total: 1.654238
Config loaded: R=1, S=2, granularity=100000, SDR=1000, ADR=0, Rigid=1, Capture_Method=0
Stage 0: PT=0, T_stage=0.012350, bytes=0, T_capped=0
Stage 1: PT=6, T_stage=0.000000, bytes=33176880, T_capped=0
Group 0: Iters=5, Procs=208, Factors=1.000000, Dist=2, RM=0, SM=0, RS=0, SS=0
Group 1: Iters=10, Procs=104, Factors=1.000000, Dist=2, RM=0, SM=1, RS=0, SS=0
T_spawn: 0.098725 
T_SR: 0.062835 
T_AR: 0.000000 
T_US: 0.037855 
T_Malleability: 0.469989 
T_total: 1.805994
Config loaded: R=1, S=2, granularity=100000, SDR=1000, ADR=0, Rigid=1, Capture_Method=0
Stage 0: PT=0, T_stage=0.012350, bytes=0, T_capped=0
Stage 1: PT=6, T_stage=0.000000, bytes=33176880, T_capped=0
Group 0: Iters=5, Procs=208, Factors=1.000000, Dist=2, RM=0, SM=0, RS=0, SS=0
Group 1: Iters=10, Procs=104, Factors=1.000000, Dist=2, RM=0, SM=1, RS=0, SS=0
T_spawn: 0.137250 
T_SR: 0.030940 
T_AR: 0.000000 
T_US: 0.036656 
T_Malleability: 0.501956 
T_total: 1.744371
Config loaded: R=1, S=2, granularity=100000, SDR=1000, ADR=0, Rigid=1, Capture_Method=0
Stage 0: PT=0, T_stage=0.012350, bytes=0, T_capped=0
Stage 1: PT=6, T_stage=0.000000, bytes=33176880, T_capped=0
Group 0: Iters=5, Procs=208, Factors=1.000000, Dist=2, RM=0, SM=0, RS=0, SS=0
Group 1: Iters=10, Procs=104, Factors=1.000000, Dist=2, RM=0, SM=1, RS=0, SS=0
T_spawn: 0.090569 
T_SR: 0.047460 
T_AR: 0.000000 
T_US: 0.018236 
T_Malleability: 0.433414 
T_total: 1.714666
Config loaded: R=1, S=2, granularity=100000, SDR=1000, ADR=0, Rigid=1, Capture_Method=0
Stage 0: PT=0, T_stage=0.012350, bytes=0, T_capped=0
Stage 1: PT=6, T_stage=0.000000, bytes=33176880, T_capped=0
Group 0: Iters=5, Procs=208, Factors=1.000000, Dist=2, RM=0, SM=0, RS=0, SS=0
Group 1: Iters=10, Procs=104, Factors=1.000000, Dist=2, RM=0, SM=1, RS=0, SS=0
T_spawn: 0.144008 
T_SR: 0.048285 
T_AR: 0.000000 
T_US: 0.013103 
T_Malleability: 0.529324 
T_total: 1.940500
Config loaded: R=1, S=2, granularity=100000, SDR=1000, ADR=0, Rigid=1, Capture_Method=0
Stage 0: PT=0, T_stage=0.012350, bytes=0, T_capped=0
Stage 1: PT=6, T_stage=0.000000, bytes=33176880, T_capped=0
Group 0: Iters=5, Procs=208, Factors=1.000000, Dist=2, RM=0, SM=0, RS=0, SS=0
Group 1: Iters=10, Procs=104, Factors=1.000000, Dist=2, RM=0, SM=1, RS=0, SS=0
T_spawn: 0.136003 
T_SR: 0.030961 
T_AR: 0.000000 
T_US: 0.013768 
T_Malleability: 0.443263 
T_total: 1.651860
Config loaded: R=1, S=2, granularity=100000, SDR=1000, ADR=0, Rigid=1, Capture_Method=0
Stage 0: PT=0, T_stage=0.012350, bytes=0, T_capped=0
Stage 1: PT=6, T_stage=0.000000, bytes=33176880, T_capped=0
Group 0: Iters=5, Procs=208, Factors=1.000000, Dist=2, RM=0, SM=0, RS=0, SS=0
Group 1: Iters=10, Procs=104, Factors=1.000000, Dist=2, RM=0, SM=1, RS=0, SS=0
T_spawn: 0.104003 
T_SR: 0.070589 
T_AR: 0.000000 
T_US: 0.026127 
T_Malleability: 0.379211 
T_total: 1.579803
Config loaded: R=1, S=2, granularity=100000, SDR=1000, ADR=0, Rigid=1, Capture_Method=0
Stage 0: PT=0, T_stage=0.012350, bytes=0, T_capped=0
Stage 1: PT=6, T_stage=0.000000, bytes=33176880, T_capped=0
Group 0: Iters=5, Procs=208, Factors=1.000000, Dist=2, RM=0, SM=0, RS=0, SS=0
Group 1: Iters=10, Procs=104, Factors=1.000000, Dist=2, RM=0, SM=1, RS=0, SS=0
T_spawn: 0.125708 
T_SR: 0.035766 
T_AR: 0.000000 
T_US: 0.038928 
T_Malleability: 0.558553 
T_total: 1.831769
Config loaded: R=1, S=2, granularity=100000, SDR=1000, ADR=0, Rigid=1, Capture_Method=0
Stage 0: PT=0, T_stage=0.012350, bytes=0, T_capped=0
Stage 1: PT=6, T_stage=0.000000, bytes=33176880, T_capped=0
Group 0: Iters=5, Procs=208, Factors=1.000000, Dist=2, RM=0, SM=0, RS=0, SS=0
Group 1: Iters=10, Procs=104, Factors=1.000000, Dist=2, RM=0, SM=1, RS=0, SS=0
T_spawn: 0.139882 
T_SR: 0.045401 
T_AR: 0.000000 
T_US: 0.032662 
T_Malleability: 0.481235 
T_total: 1.716182
Config loaded: R=1, S=2, granularity=100000, SDR=1000, ADR=0, Rigid=1, Capture_Method=0
Stage 0: PT=0, T_stage=0.012350, bytes=0, T_capped=0
Stage 1: PT=6, T_stage=0.000000, bytes=33176880, T_capped=0
Group 0: Iters=5, Procs=208, Factors=1.000000, Dist=2, RM=0, SM=0, RS=0, SS=0
Group 1: Iters=10, Procs=104, Factors=1.000000, Dist=2, RM=0, SM=1, RS=0, SS=0
T_spawn: 0.130139 
T_SR: 0.031886 
T_AR: 0.000000 
T_US: 0.038509 
T_Malleability: 0.470551 
T_total: 1.681408
Config loaded: R=1, S=2, granularity=100000, SDR=1000, ADR=0, Rigid=1, Capture_Method=0
Stage 0: PT=0, T_stage=0.012350, bytes=0, T_capped=0
Stage 1: PT=6, T_stage=0.000000, bytes=33176880, T_capped=0
Group 0: Iters=5, Procs=208, Factors=1.000000, Dist=2, RM=0, SM=0, RS=0, SS=0
Group 1: Iters=10, Procs=104, Factors=1.000000, Dist=2, RM=0, SM=1, RS=0, SS=0
T_spawn: 0.115772 
T_SR: 0.031748 
T_AR: 0.000000 
T_US: 0.035470 
T_Malleability: 0.547269 
T_total: 1.872409
Config loaded: R=1, S=2, granularity=100000, SDR=1000, ADR=0, Rigid=1, Capture_Method=0
Stage 0: PT=0, T_stage=0.012350, bytes=0, T_capped=0
Stage 1: PT=6, T_stage=0.000000, bytes=33176880, T_capped=0
Group 0: Iters=5, Procs=208, Factors=1.000000, Dist=2, RM=0, SM=0, RS=0, SS=0
Group 1: Iters=10, Procs=104, Factors=1.000000, Dist=2, RM=0, SM=1, RS=0, SS=0
T_spawn: 0.102692 
T_SR: 0.033019 
T_AR: 0.000000 
T_US: 0.031090 
T_Malleability: 0.432306 
T_total: 1.786585
Config loaded: R=1, S=2, granularity=100000, SDR=1000, ADR=0, Rigid=1, Capture_Method=0
Stage 0: PT=0, T_stage=0.012350, bytes=0, T_capped=0
Stage 1: PT=6, T_stage=0.000000, bytes=33176880, T_capped=0
Group 0: Iters=5, Procs=208, Factors=1.000000, Dist=2, RM=0, SM=0, RS=0, SS=0
Group 1: Iters=10, Procs=104, Factors=1.000000, Dist=2, RM=0, SM=1, RS=0, SS=0
T_spawn: 0.081339 
T_SR: 0.062135 
T_AR: 0.000000 
T_US: 0.028308 
T_Malleability: 0.463798 
T_total: 1.748227
