Config: granularity=100000, SDR=1000, ADR=0, Rigid=1, Capture_Method=0
Stage 0: PT=0, T_stage=0.012350, bytes=0, T_capped=0
Stage 1: PT=6, T_stage=0.000000, bytes=33176880, T_capped=0
Group 0: Iters=5, Procs=208, Factors=1.000000, Dist=2, RM=0, SM=0, RS=0, SS=0, parents=0, children=104
Async_Iters: 0
T_iter: 0.097668 0.082879 0.075361 0.077917 0.074092 
T_stage 0: 0.013041 0.013093 0.013057 0.013041 0.013051 
T_stage 1: 0.084569 0.069714 0.062238 0.064823 0.060941 
Config: granularity=100000, SDR=1000, ADR=0, Rigid=1, Capture_Method=0
Stage 0: PT=0, T_stage=0.012350, bytes=0, T_capped=0
Stage 1: PT=6, T_stage=0.000000, bytes=33176880, T_capped=0
Group 0: Iters=5, Procs=208, Factors=1.000000, Dist=2, RM=0, SM=0, RS=0, SS=0, parents=0, children=104
Async_Iters: 0
T_iter: 0.094104 0.075069 0.076138 0.076493 0.077514 
T_stage 0: 0.013121 0.013205 0.013145 0.013137 0.013177 
T_stage 1: 0.080887 0.061833 0.062942 0.063265 0.064305 
Config: granularity=100000, SDR=1000, ADR=0, Rigid=1, Capture_Method=0
Stage 0: PT=0, T_stage=0.012350, bytes=0, T_capped=0
Stage 1: PT=6, T_stage=0.000000, bytes=33176880, T_capped=0
Group 0: Iters=5, Procs=208, Factors=1.000000, Dist=2, RM=0, SM=0, RS=0, SS=0, parents=0, children=104
Async_Iters: 0
T_iter: 0.092561 0.077592 0.075597 0.078932 0.079635 
T_stage 0: 0.012934 0.013243 0.013289 0.012952 0.013005 
T_stage 1: 0.079491 0.064251 0.062208 0.065834 0.066531 
Config: granularity=100000, SDR=1000, ADR=0, Rigid=1, Capture_Method=0
Stage 0: PT=0, T_stage=0.012350, bytes=0, T_capped=0
Stage 1: PT=6, T_stage=0.000000, bytes=33176880, T_capped=0
Group 0: Iters=5, Procs=208, Factors=1.000000, Dist=2, RM=0, SM=0, RS=0, SS=0, parents=0, children=104
Async_Iters: 0
T_iter: 0.092845 0.071780 0.076103 0.077788 0.078141 
T_stage 0: 0.012986 0.012938 0.012952 0.012973 0.012942 
T_stage 1: 0.079795 0.058781 0.063075 0.064690 0.065064 
Config: granularity=100000, SDR=1000, ADR=0, Rigid=1, Capture_Method=0
Stage 0: PT=0, T_stage=0.012350, bytes=0, T_capped=0
Stage 1: PT=6, T_stage=0.000000, bytes=33176880, T_capped=0
Group 0: Iters=5, Procs=208, Factors=1.000000, Dist=2, RM=0, SM=0, RS=0, SS=0, parents=0, children=104
Async_Iters: 0
T_iter: 0.097103 0.073996 0.073946 0.075732 0.076620 
T_stage 0: 0.014238 0.013594 0.013559 0.013587 0.013575 
T_stage 1: 0.083436 0.060328 0.060297 0.062052 0.062978 
Config: granularity=100000, SDR=1000, ADR=0, Rigid=1, Capture_Method=0
Stage 0: PT=0, T_stage=0.012350, bytes=0, T_capped=0
Stage 1: PT=6, T_stage=0.000000, bytes=33176880, T_capped=0
Group 0: Iters=5, Procs=208, Factors=1.000000, Dist=2, RM=0, SM=0, RS=0, SS=0, parents=0, children=104
Async_Iters: 0
T_iter: 0.086735 0.078405 0.074731 0.073798 0.071026 
T_stage 0: 0.012970 0.013230 0.013210 0.012936 0.012960 
T_stage 1: 0.073642 0.065071 0.061474 0.060810 0.057986 
Config: granularity=100000, SDR=1000, ADR=0, Rigid=1, Capture_Method=0
Stage 0: PT=0, T_stage=0.012350, bytes=0, T_capped=0
Stage 1: PT=6, T_stage=0.000000, bytes=33176880, T_capped=0
Group 0: Iters=5, Procs=208, Factors=1.000000, Dist=2, RM=0, SM=0, RS=0, SS=0, parents=0, children=104
Async_Iters: 0
T_iter: 0.181306 0.150318 0.166058 0.243717 0.235986 
T_stage 0: 0.041486 0.039943 0.026741 0.027751 0.044510 
T_stage 1: 0.163382 0.112211 0.139215 0.190816 0.159496 
Config: granularity=100000, SDR=1000, ADR=0, Rigid=1, Capture_Method=0
Stage 0: PT=0, T_stage=0.012350, bytes=0, T_capped=0
Stage 1: PT=6, T_stage=0.000000, bytes=33176880, T_capped=0
Group 0: Iters=5, Procs=208, Factors=1.000000, Dist=2, RM=0, SM=0, RS=0, SS=0, parents=0, children=104
Async_Iters: 0
T_iter: 0.104877 0.092190 0.077945 0.083275 0.079405 
T_stage 0: 0.012944 0.012969 0.013012 0.017362 0.012939 
T_stage 1: 0.091838 0.079169 0.064793 0.067039 0.066380 
Config: granularity=100000, SDR=1000, ADR=0, Rigid=1, Capture_Method=0
Stage 0: PT=0, T_stage=0.012350, bytes=0, T_capped=0
Stage 1: PT=6, T_stage=0.000000, bytes=33176880, T_capped=0
Group 0: Iters=5, Procs=208, Factors=1.000000, Dist=2, RM=0, SM=0, RS=0, SS=0, parents=0, children=104
Async_Iters: 0
T_iter: 0.089532 0.074169 0.075433 0.074656 0.075177 
T_stage 0: 0.012940 0.013367 0.013214 0.012963 0.012968 
T_stage 1: 0.076422 0.060785 0.062117 0.061561 0.062094 
Config: granularity=100000, SDR=1000, ADR=0, Rigid=1, Capture_Method=0
Stage 0: PT=0, T_stage=0.012350, bytes=0, T_capped=0
Stage 1: PT=6, T_stage=0.000000, bytes=33176880, T_capped=0
Group 0: Iters=5, Procs=208, Factors=1.000000, Dist=2, RM=0, SM=0, RS=0, SS=0, parents=0, children=104
Async_Iters: 0
T_iter: 0.088018 0.080228 0.073337 0.074866 0.072481 
T_stage 0: 0.012996 0.012994 0.013232 0.013031 0.012950 
T_stage 1: 0.074916 0.067133 0.060018 0.061736 0.059376 
Config: granularity=100000, SDR=1000, ADR=0, Rigid=1, Capture_Method=0
Stage 0: PT=0, T_stage=0.012350, bytes=0, T_capped=0
Stage 1: PT=6, T_stage=0.000000, bytes=33176880, T_capped=0
Group 0: Iters=5, Procs=208, Factors=1.000000, Dist=2, RM=0, SM=0, RS=0, SS=0, parents=0, children=104
Async_Iters: 0
T_iter: 0.094741 0.080767 0.079596 0.075251 0.076409 
T_stage 0: 0.013072 0.013544 0.013078 0.013246 0.013081 
T_stage 1: 0.081557 0.067450 0.066446 0.061958 0.063223 
Config: granularity=100000, SDR=1000, ADR=0, Rigid=1, Capture_Method=0
Stage 0: PT=0, T_stage=0.012350, bytes=0, T_capped=0
Stage 1: PT=6, T_stage=0.000000, bytes=33176880, T_capped=0
Group 0: Iters=5, Procs=208, Factors=1.000000, Dist=2, RM=0, SM=0, RS=0, SS=0, parents=0, children=104
Async_Iters: 0
T_iter: 0.089206 0.074068 0.073989 0.074162 0.074507 
T_stage 0: 0.012947 0.013194 0.012962 0.012956 0.012939 
T_stage 1: 0.076111 0.060778 0.060914 0.060994 0.061438 
Config: granularity=100000, SDR=1000, ADR=0, Rigid=1, Capture_Method=0
Stage 0: PT=0, T_stage=0.012350, bytes=0, T_capped=0
Stage 1: PT=6, T_stage=0.000000, bytes=33176880, T_capped=0
Group 0: Iters=5, Procs=208, Factors=1.000000, Dist=2, RM=0, SM=0, RS=0, SS=0, parents=0, children=104
Async_Iters: 0
T_iter: 0.105254 0.077837 0.076515 0.076978 0.075367 
T_stage 0: 0.013551 0.013598 0.014444 0.013513 0.013544 
T_stage 1: 0.091606 0.064140 0.061964 0.063342 0.061709 
Config: granularity=100000, SDR=1000, ADR=0, Rigid=1, Capture_Method=0
Stage 0: PT=0, T_stage=0.012350, bytes=0, T_capped=0
Stage 1: PT=6, T_stage=0.000000, bytes=33176880, T_capped=0
Group 0: Iters=5, Procs=208, Factors=1.000000, Dist=2, RM=0, SM=0, RS=0, SS=0, parents=0, children=104
Async_Iters: 0
T_iter: 0.089258 0.071961 0.073118 0.078032 0.076352 
T_stage 0: 0.013303 0.013161 0.012921 0.012958 0.012958 
T_stage 1: 0.075592 0.058670 0.060081 0.064989 0.063273 
Config: granularity=100000, SDR=1000, ADR=0, Rigid=1, Capture_Method=0
Stage 0: PT=0, T_stage=0.012350, bytes=0, T_capped=0
Stage 1: PT=6, T_stage=0.000000, bytes=33176880, T_capped=0
Group 0: Iters=5, Procs=208, Factors=1.000000, Dist=2, RM=0, SM=0, RS=0, SS=0, parents=0, children=104
Async_Iters: 0
T_iter: 0.088439 0.073224 0.073386 0.073455 0.073114 
T_stage 0: 0.013048 0.012949 0.012951 0.012981 0.012940 
T_stage 1: 0.075247 0.060166 0.060335 0.060340 0.060054 
Config: granularity=100000, SDR=1000, ADR=0, Rigid=1, Capture_Method=0
Stage 0: PT=0, T_stage=0.012350, bytes=0, T_capped=0
Stage 1: PT=6, T_stage=0.000000, bytes=33176880, T_capped=0
Group 0: Iters=5, Procs=208, Factors=1.000000, Dist=2, RM=0, SM=0, RS=0, SS=0, parents=0, children=104
Async_Iters: 0
T_iter: 0.086441 0.078098 0.080166 0.078056 0.078823 
T_stage 0: 0.012907 0.012953 0.012966 0.013232 0.012942 
T_stage 1: 0.073399 0.065097 0.067109 0.064692 0.065749 
Config: granularity=100000, SDR=1000, ADR=0, Rigid=1, Capture_Method=0
Stage 0: PT=0, T_stage=0.012350, bytes=0, T_capped=0
Stage 1: PT=6, T_stage=0.000000, bytes=33176880, T_capped=0
Group 0: Iters=5, Procs=208, Factors=1.000000, Dist=2, RM=0, SM=0, RS=0, SS=0, parents=0, children=104
Async_Iters: 0
T_iter: 0.091915 0.076892 0.075052 0.072693 0.087128 
T_stage 0: 0.017900 0.013229 0.013249 0.013059 0.012957 
T_stage 1: 0.074283 0.063606 0.061632 0.059407 0.074041 
Config: granularity=100000, SDR=1000, ADR=0, Rigid=1, Capture_Method=0
Stage 0: PT=0, T_stage=0.012350, bytes=0, T_capped=0
Stage 1: PT=6, T_stage=0.000000, bytes=33176880, T_capped=0
Group 0: Iters=5, Procs=208, Factors=1.000000, Dist=2, RM=0, SM=0, RS=0, SS=0, parents=0, children=104
Async_Iters: 0
T_iter: 0.105980 0.088807 0.073588 0.076835 0.074313 
T_stage 0: 0.022110 0.018428 0.012913 0.012929 0.013007 
T_stage 1: 0.083743 0.070344 0.060596 0.063798 0.061219 
Config: granularity=100000, SDR=1000, ADR=0, Rigid=1, Capture_Method=0
Stage 0: PT=0, T_stage=0.012350, bytes=0, T_capped=0
Stage 1: PT=6, T_stage=0.000000, bytes=33176880, T_capped=0
Group 0: Iters=5, Procs=208, Factors=1.000000, Dist=2, RM=0, SM=0, RS=0, SS=0, parents=0, children=104
Async_Iters: 0
T_iter: 0.095888 0.076836 0.078003 0.078370 0.078314 
T_stage 0: 0.012971 0.012934 0.012952 0.012965 0.013028 
T_stage 1: 0.082744 0.063793 0.064943 0.065268 0.065179 
Config: granularity=100000, SDR=1000, ADR=0, Rigid=1, Capture_Method=0
Stage 0: PT=0, T_stage=0.012350, bytes=0, T_capped=0
Stage 1: PT=6, T_stage=0.000000, bytes=33176880, T_capped=0
Group 0: Iters=5, Procs=208, Factors=1.000000, Dist=2, RM=0, SM=0, RS=0, SS=0, parents=0, children=104
Async_Iters: 0
T_iter: 0.089195 0.075147 0.074120 0.074222 0.074271 
T_stage 0: 0.013018 0.012967 0.013215 0.012975 0.012968 
T_stage 1: 0.076055 0.061994 0.060774 0.061137 0.061224 
