Config: granularity=100000, SDR=1000, ADR=0, Rigid=1, Capture_Method=0
Stage 0: PT=0, T_stage=0.012350, bytes=0, T_capped=0
Stage 1: PT=6, T_stage=0.000000, bytes=33176880, T_capped=0
Group 1: Iters=10, Procs=20, Factors=1.000000, Dist=2, RM=0, SM=1, RS=0, SS=0, parents=104, children=0
Async_Iters: 0
T_iter: 0.052578 0.041696 0.041621 0.041661 0.041696 0.041729 0.041635 0.041641 0.041621 0.041632 
T_stage 0: 0.012525 0.012542 0.012507 0.012521 0.012538 0.012516 0.012515 0.012575 0.012517 0.012511 
T_stage 1: 0.040045 0.029149 0.029104 0.029133 0.029151 0.029190 0.029107 0.029046 0.029094 0.029088 
Config: granularity=100000, SDR=1000, ADR=0, Rigid=1, Capture_Method=0
Stage 0: PT=0, T_stage=0.012350, bytes=0, T_capped=0
Stage 1: PT=6, T_stage=0.000000, bytes=33176880, T_capped=0
Group 1: Iters=10, Procs=20, Factors=1.000000, Dist=2, RM=0, SM=1, RS=0, SS=0, parents=104, children=0
Async_Iters: 0
T_iter: 0.053649 0.043624 0.043594 0.043667 0.043673 0.043571 0.043647 0.043681 0.043776 0.043671 
T_stage 0: 0.012525 0.012510 0.012515 0.012516 0.012517 0.012535 0.012560 0.012516 0.012700 0.012531 
T_stage 1: 0.041099 0.031097 0.031071 0.031142 0.031144 0.031029 0.031063 0.031157 0.031069 0.031128 
Config: granularity=100000, SDR=1000, ADR=0, Rigid=1, Capture_Method=0
Stage 0: PT=0, T_stage=0.012350, bytes=0, T_capped=0
Stage 1: PT=6, T_stage=0.000000, bytes=33176880, T_capped=0
Group 1: Iters=10, Procs=20, Factors=1.000000, Dist=2, RM=0, SM=1, RS=0, SS=0, parents=104, children=0
Async_Iters: 0
T_iter: 0.052000 0.042270 0.042160 0.042054 0.042135 0.042270 0.042097 0.042573 0.042146 0.042045 
T_stage 0: 0.012527 0.012551 0.012528 0.012512 0.012594 0.012605 0.012591 0.012517 0.012526 0.012537 
T_stage 1: 0.039465 0.029705 0.029624 0.029531 0.029552 0.029653 0.029492 0.030036 0.029610 0.029499 
Config: granularity=100000, SDR=1000, ADR=0, Rigid=1, Capture_Method=0
Stage 0: PT=0, T_stage=0.012350, bytes=0, T_capped=0
Stage 1: PT=6, T_stage=0.000000, bytes=33176880, T_capped=0
Group 1: Iters=10, Procs=20, Factors=1.000000, Dist=2, RM=0, SM=1, RS=0, SS=0, parents=104, children=0
Async_Iters: 0
T_iter: 0.053354 0.042996 0.043017 0.042955 0.042967 0.043110 0.042994 0.043053 0.042950 0.042913 
T_stage 0: 0.012517 0.012549 0.012528 0.012513 0.012520 0.012614 0.012541 0.012596 0.012527 0.012541 
T_stage 1: 0.040813 0.030442 0.030483 0.030437 0.030440 0.030489 0.030447 0.030462 0.030414 0.030368 
Config: granularity=100000, SDR=1000, ADR=0, Rigid=1, Capture_Method=0
Stage 0: PT=0, T_stage=0.012350, bytes=0, T_capped=0
Stage 1: PT=6, T_stage=0.000000, bytes=33176880, T_capped=0
Group 1: Iters=10, Procs=20, Factors=1.000000, Dist=2, RM=0, SM=1, RS=0, SS=0, parents=104, children=0
Async_Iters: 0
T_iter: 0.056116 0.046109 0.046102 0.046081 0.046061 0.046161 0.046031 0.046068 0.046755 0.046039 
T_stage 0: 0.012520 0.012515 0.012544 0.012550 0.012516 0.012585 0.012526 0.012540 0.012523 0.012521 
T_stage 1: 0.043588 0.033565 0.033549 0.033533 0.033530 0.033554 0.033493 0.033516 0.034210 0.033510 
Config: granularity=100000, SDR=1000, ADR=0, Rigid=1, Capture_Method=0
Stage 0: PT=0, T_stage=0.012350, bytes=0, T_capped=0
Stage 1: PT=6, T_stage=0.000000, bytes=33176880, T_capped=0
Group 1: Iters=10, Procs=20, Factors=1.000000, Dist=2, RM=0, SM=1, RS=0, SS=0, parents=104, children=0
Async_Iters: 0
T_iter: 0.054515 0.043422 0.043325 0.043324 0.043488 0.043380 0.043296 0.043462 0.043293 0.043251 
T_stage 0: 0.012548 0.012556 0.012534 0.012531 0.012589 0.012552 0.012519 0.012534 0.012538 0.012524 
T_stage 1: 0.041953 0.030858 0.030778 0.030784 0.030890 0.030819 0.030768 0.030914 0.030750 0.030727 
Config: granularity=100000, SDR=1000, ADR=0, Rigid=1, Capture_Method=0
Stage 0: PT=0, T_stage=0.012350, bytes=0, T_capped=0
Stage 1: PT=6, T_stage=0.000000, bytes=33176880, T_capped=0
Group 1: Iters=10, Procs=20, Factors=1.000000, Dist=2, RM=0, SM=1, RS=0, SS=0, parents=104, children=0
Async_Iters: 0
T_iter: 0.053063 0.043015 0.042940 0.042952 0.042914 0.043010 0.042944 0.043192 0.043104 0.042990 
T_stage 0: 0.012548 0.012529 0.012524 0.012537 0.012567 0.012532 0.012563 0.012583 0.012515 0.012527 
T_stage 1: 0.040507 0.030478 0.030403 0.030406 0.030381 0.030483 0.030376 0.030589 0.030570 0.030429 
Config: granularity=100000, SDR=1000, ADR=0, Rigid=1, Capture_Method=0
Stage 0: PT=0, T_stage=0.012350, bytes=0, T_capped=0
Stage 1: PT=6, T_stage=0.000000, bytes=33176880, T_capped=0
Group 1: Iters=10, Procs=20, Factors=1.000000, Dist=2, RM=0, SM=1, RS=0, SS=0, parents=104, children=0
Async_Iters: 0
T_iter: 0.052410 0.041938 0.041922 0.041904 0.043026 0.041956 0.042201 0.042469 0.041822 0.042008 
T_stage 0: 0.012572 0.012529 0.012529 0.012516 0.013659 0.012561 0.012764 0.012859 0.012518 0.012524 
T_stage 1: 0.039826 0.029383 0.029372 0.029369 0.029355 0.029376 0.029421 0.029602 0.029296 0.029472 
Config: granularity=100000, SDR=1000, ADR=0, Rigid=1, Capture_Method=0
Stage 0: PT=0, T_stage=0.012350, bytes=0, T_capped=0
Stage 1: PT=6, T_stage=0.000000, bytes=33176880, T_capped=0
Group 1: Iters=10, Procs=20, Factors=1.000000, Dist=2, RM=0, SM=1, RS=0, SS=0, parents=104, children=0
Async_Iters: 0
T_iter: 0.056070 0.045557 0.045500 0.045471 0.045512 0.045558 0.045620 0.045589 0.045452 0.045477 
T_stage 0: 0.012543 0.012532 0.012539 0.012535 0.012523 0.012539 0.012591 0.012544 0.012519 0.012523 
T_stage 1: 0.043507 0.032997 0.032941 0.032925 0.032967 0.033028 0.033019 0.033048 0.032926 0.032945 
Config: granularity=100000, SDR=1000, ADR=0, Rigid=1, Capture_Method=0
Stage 0: PT=0, T_stage=0.012350, bytes=0, T_capped=0
Stage 1: PT=6, T_stage=0.000000, bytes=33176880, T_capped=0
Group 1: Iters=10, Procs=20, Factors=1.000000, Dist=2, RM=0, SM=1, RS=0, SS=0, parents=104, children=0
Async_Iters: 0
T_iter: 0.056060 0.046689 0.046614 0.046690 0.046507 0.046972 0.046603 0.047457 0.046610 0.046552 
T_stage 0: 0.012543 0.012566 0.012526 0.012566 0.012510 0.012522 0.012518 0.012990 0.012536 0.012523 
T_stage 1: 0.043498 0.034118 0.034074 0.034104 0.033987 0.034442 0.034078 0.034484 0.034057 0.034003 
Config: granularity=100000, SDR=1000, ADR=0, Rigid=1, Capture_Method=0
Stage 0: PT=0, T_stage=0.012350, bytes=0, T_capped=0
Stage 1: PT=6, T_stage=0.000000, bytes=33176880, T_capped=0
Group 1: Iters=10, Procs=20, Factors=1.000000, Dist=2, RM=0, SM=1, RS=0, SS=0, parents=104, children=0
Async_Iters: 0
T_iter: 0.053453 0.043230 0.043164 0.043157 0.043097 0.043209 0.043098 0.043112 0.043228 0.043086 
T_stage 0: 0.012522 0.012595 0.012525 0.012606 0.012517 0.012518 0.012532 0.012534 0.012535 0.012528 
T_stage 1: 0.040920 0.030608 0.030614 0.030535 0.030569 0.030670 0.030547 0.030553 0.030674 0.030548 
Config: granularity=100000, SDR=1000, ADR=0, Rigid=1, Capture_Method=0
Stage 0: PT=0, T_stage=0.012350, bytes=0, T_capped=0
Stage 1: PT=6, T_stage=0.000000, bytes=33176880, T_capped=0
Group 1: Iters=10, Procs=20, Factors=1.000000, Dist=2, RM=0, SM=1, RS=0, SS=0, parents=104, children=0
Async_Iters: 0
T_iter: 0.051821 0.042202 0.042145 0.042168 0.042091 0.042098 0.042148 0.042092 0.042107 0.042133 
T_stage 0: 0.012516 0.012591 0.012525 0.012621 0.012517 0.012554 0.012529 0.012526 0.012549 0.012514 
T_stage 1: 0.039283 0.029602 0.029605 0.029534 0.029563 0.029537 0.029609 0.029556 0.029542 0.029604 
Config: granularity=100000, SDR=1000, ADR=0, Rigid=1, Capture_Method=0
Stage 0: PT=0, T_stage=0.012350, bytes=0, T_capped=0
Stage 1: PT=6, T_stage=0.000000, bytes=33176880, T_capped=0
Group 1: Iters=10, Procs=20, Factors=1.000000, Dist=2, RM=0, SM=1, RS=0, SS=0, parents=104, children=0
Async_Iters: 0
T_iter: 0.053057 0.043923 0.043882 0.043954 0.043890 0.043878 0.043933 0.043874 0.043870 0.043914 
T_stage 0: 0.012575 0.012541 0.012510 0.012584 0.012553 0.012522 0.012610 0.012537 0.012534 0.012541 
T_stage 1: 0.040468 0.031366 0.031344 0.031377 0.031343 0.031338 0.031302 0.031329 0.031314 0.031362 
Config: granularity=100000, SDR=1000, ADR=0, Rigid=1, Capture_Method=0
Stage 0: PT=0, T_stage=0.012350, bytes=0, T_capped=0
Stage 1: PT=6, T_stage=0.000000, bytes=33176880, T_capped=0
Group 1: Iters=10, Procs=20, Factors=1.000000, Dist=2, RM=0, SM=1, RS=0, SS=0, parents=104, children=0
Async_Iters: 0
T_iter: 0.052663 0.041732 0.041766 0.041749 0.041781 0.041762 0.041766 0.041710 0.041713 0.041753 
T_stage 0: 0.012518 0.012519 0.012525 0.012515 0.012597 0.012551 0.012592 0.012541 0.012521 0.012517 
T_stage 1: 0.040136 0.029203 0.029232 0.029224 0.029178 0.029202 0.029166 0.029162 0.029177 0.029229 
Config: granularity=100000, SDR=1000, ADR=0, Rigid=1, Capture_Method=0
Stage 0: PT=0, T_stage=0.012350, bytes=0, T_capped=0
Stage 1: PT=6, T_stage=0.000000, bytes=33176880, T_capped=0
Group 1: Iters=10, Procs=20, Factors=1.000000, Dist=2, RM=0, SM=1, RS=0, SS=0, parents=104, children=0
Async_Iters: 0
T_iter: 0.055072 0.044775 0.044728 0.044773 0.044779 0.044718 0.044769 0.044971 0.044750 0.044756 
T_stage 0: 0.012555 0.012535 0.012524 0.012520 0.012550 0.012530 0.012509 0.012549 0.012606 0.012566 
T_stage 1: 0.042513 0.032225 0.032190 0.032244 0.032212 0.032170 0.032253 0.032431 0.032145 0.032194 
Config: granularity=100000, SDR=1000, ADR=0, Rigid=1, Capture_Method=0
Stage 0: PT=0, T_stage=0.012350, bytes=0, T_capped=0
Stage 1: PT=6, T_stage=0.000000, bytes=33176880, T_capped=0
Group 1: Iters=10, Procs=20, Factors=1.000000, Dist=2, RM=0, SM=1, RS=0, SS=0, parents=104, children=0
Async_Iters: 0
T_iter: 0.055110 0.045611 0.045587 0.045551 0.045703 0.045594 0.045607 0.046038 0.045610 0.045526 
T_stage 0: 0.012524 0.012550 0.012526 0.012510 0.012553 0.012536 0.012549 0.012999 0.012526 0.012516 
T_stage 1: 0.042568 0.033036 0.033043 0.033019 0.033131 0.033048 0.033036 0.033033 0.033062 0.033001 
Config: granularity=100000, SDR=1000, ADR=0, Rigid=1, Capture_Method=0
Stage 0: PT=0, T_stage=0.012350, bytes=0, T_capped=0
Stage 1: PT=6, T_stage=0.000000, bytes=33176880, T_capped=0
Group 1: Iters=10, Procs=20, Factors=1.000000, Dist=2, RM=0, SM=1, RS=0, SS=0, parents=104, children=0
Async_Iters: 0
T_iter: 0.049999 0.039514 0.039654 0.039527 0.039487 0.039569 0.039723 0.039688 0.039553 0.039534 
T_stage 0: 0.012517 0.012524 0.012521 0.012540 0.012516 0.012551 0.012606 0.012527 0.012615 0.012532 
T_stage 1: 0.037470 0.026993 0.027127 0.026976 0.026945 0.027006 0.027091 0.027148 0.026928 0.026984 
Config: granularity=100000, SDR=1000, ADR=0, Rigid=1, Capture_Method=0
Stage 0: PT=0, T_stage=0.012350, bytes=0, T_capped=0
Stage 1: PT=6, T_stage=0.000000, bytes=33176880, T_capped=0
Group 1: Iters=10, Procs=20, Factors=1.000000, Dist=2, RM=0, SM=1, RS=0, SS=0, parents=104, children=0
Async_Iters: 0
T_iter: 0.051762 0.043011 0.042989 0.043037 0.045312 0.042977 0.043039 0.043004 0.042995 0.042977 
T_stage 0: 0.012573 0.012521 0.012551 0.012539 0.014813 0.012539 0.012530 0.012519 0.012544 0.012528 
T_stage 1: 0.039181 0.030482 0.030428 0.030489 0.030490 0.030428 0.030500 0.030474 0.030443 0.030439 
Config: granularity=100000, SDR=1000, ADR=0, Rigid=1, Capture_Method=0
Stage 0: PT=0, T_stage=0.012350, bytes=0, T_capped=0
Stage 1: PT=6, T_stage=0.000000, bytes=33176880, T_capped=0
Group 1: Iters=10, Procs=20, Factors=1.000000, Dist=2, RM=0, SM=1, RS=0, SS=0, parents=104, children=0
Async_Iters: 0
T_iter: 0.054950 0.045993 0.046010 0.046051 0.046016 0.046447 0.045939 0.046023 0.045941 0.046026 
T_stage 0: 0.012541 0.012525 0.012541 0.012587 0.012531 0.013007 0.012523 0.012528 0.012514 0.012517 
T_stage 1: 0.042394 0.033457 0.033462 0.033456 0.033480 0.033438 0.033404 0.033487 0.033420 0.033481 
Config: granularity=100000, SDR=1000, ADR=0, Rigid=1, Capture_Method=0
Stage 0: PT=0, T_stage=0.012350, bytes=0, T_capped=0
Stage 1: PT=6, T_stage=0.000000, bytes=33176880, T_capped=0
Group 1: Iters=10, Procs=20, Factors=1.000000, Dist=2, RM=0, SM=1, RS=0, SS=0, parents=104, children=0
Async_Iters: 0
T_iter: 0.052271 0.043698 0.043743 0.043699 0.043717 0.043797 0.043692 0.043672 0.043708 0.043663 
T_stage 0: 0.012541 0.012518 0.012527 0.012538 0.012560 0.012606 0.012550 0.012553 0.012587 0.012534 
T_stage 1: 0.039718 0.031166 0.031204 0.031154 0.031150 0.031182 0.031151 0.031127 0.031115 0.031133 
