Config: granularity=100000, SDR=1000, ADR=0, Rigid=1, Capture_Method=0
Stage 0: PT=0, T_stage=0.012350, bytes=0, T_capped=0
Stage 1: PT=6, T_stage=0.000000, bytes=33176880, T_capped=0
Group 1: Iters=10, Procs=104, Factors=1.000000, Dist=2, RM=0, SM=1, RS=0, SS=0, parents=364, children=0
Async_Iters: 0
T_iter: 0.113514 0.088834 0.088592 0.088683 0.088458 0.088312 0.088121 0.088267 0.088798 0.088095 
T_stage 0: 0.012974 0.013289 0.013312 0.013093 0.013004 0.012975 0.012976 0.013009 0.013394 0.012964 
T_stage 1: 0.100388 0.075441 0.075214 0.075512 0.075353 0.075265 0.075029 0.075159 0.075296 0.075034 
Config: granularity=100000, SDR=1000, ADR=0, Rigid=1, Capture_Method=0
Stage 0: PT=0, T_stage=0.012350, bytes=0, T_capped=0
Stage 1: PT=6, T_stage=0.000000, bytes=33176880, T_capped=0
Group 1: Iters=10, Procs=104, Factors=1.000000, Dist=2, RM=0, SM=1, RS=0, SS=0, parents=364, children=0
Async_Iters: 0
T_iter: 0.107192 0.096978 0.092270 0.092653 0.091573 0.092225 0.091585 0.091658 0.091811 0.091970 
T_stage 0: 0.018288 0.018336 0.018333 0.018373 0.018353 0.018334 0.018355 0.018323 0.018326 0.018334 
T_stage 1: 0.088791 0.078572 0.073856 0.074224 0.073186 0.073878 0.073196 0.073312 0.073479 0.073614 
Config: granularity=100000, SDR=1000, ADR=0, Rigid=1, Capture_Method=0
Stage 0: PT=0, T_stage=0.012350, bytes=0, T_capped=0
Stage 1: PT=6, T_stage=0.000000, bytes=33176880, T_capped=0
Group 1: Iters=10, Procs=104, Factors=1.000000, Dist=2, RM=0, SM=1, RS=0, SS=0, parents=364, children=0
Async_Iters: 0
T_iter: 0.102593 0.086726 0.087051 0.086339 0.086401 0.086523 0.086331 0.090604 0.086480 0.085990 
T_stage 0: 0.012969 0.012983 0.013276 0.012967 0.012971 0.012962 0.012961 0.012990 0.013441 0.012991 
T_stage 1: 0.089464 0.073646 0.073678 0.073291 0.073336 0.073492 0.073294 0.077514 0.072964 0.072923 
Config: granularity=100000, SDR=1000, ADR=0, Rigid=1, Capture_Method=0
Stage 0: PT=0, T_stage=0.012350, bytes=0, T_capped=0
Stage 1: PT=6, T_stage=0.000000, bytes=33176880, T_capped=0
Group 1: Iters=10, Procs=104, Factors=1.000000, Dist=2, RM=0, SM=1, RS=0, SS=0, parents=364, children=0
Async_Iters: 0
T_iter: 0.105166 0.088061 0.088626 0.088990 0.088998 0.088225 0.087982 0.090460 0.088706 0.088483 
T_stage 0: 0.013024 0.013261 0.013309 0.013044 0.013011 0.013011 0.013014 0.015412 0.013124 0.012998 
T_stage 1: 0.092002 0.074724 0.075253 0.075852 0.075939 0.075120 0.074864 0.074947 0.075579 0.075402 
Config: granularity=100000, SDR=1000, ADR=0, Rigid=1, Capture_Method=0
Stage 0: PT=0, T_stage=0.012350, bytes=0, T_capped=0
Stage 1: PT=6, T_stage=0.000000, bytes=33176880, T_capped=0
Group 1: Iters=10, Procs=104, Factors=1.000000, Dist=2, RM=0, SM=1, RS=0, SS=0, parents=364, children=0
Async_Iters: 0
T_iter: 0.103685 0.085172 0.102222 0.077575 0.078034 0.078797 0.076742 0.078993 0.078269 0.078657 
T_stage 0: 0.013013 0.016796 0.012970 0.014426 0.012977 0.012974 0.012975 0.012979 0.012979 0.013413 
T_stage 1: 0.090547 0.068292 0.089172 0.063032 0.064946 0.065739 0.063691 0.065938 0.065200 0.065137 
Config: granularity=100000, SDR=1000, ADR=0, Rigid=1, Capture_Method=0
Stage 0: PT=0, T_stage=0.012350, bytes=0, T_capped=0
Stage 1: PT=6, T_stage=0.000000, bytes=33176880, T_capped=0
Group 1: Iters=10, Procs=104, Factors=1.000000, Dist=2, RM=0, SM=1, RS=0, SS=0, parents=364, children=0
Async_Iters: 0
T_iter: 0.105659 0.090136 0.090740 0.090528 0.090755 0.090782 0.090389 0.090415 0.090291 0.090736 
T_stage 0: 0.018096 0.018121 0.018168 0.018153 0.018130 0.018134 0.018148 0.018124 0.018128 0.018073 
T_stage 1: 0.087403 0.071925 0.072563 0.072366 0.072569 0.072596 0.072177 0.072228 0.072140 0.072568 
Config: granularity=100000, SDR=1000, ADR=0, Rigid=1, Capture_Method=0
Stage 0: PT=0, T_stage=0.012350, bytes=0, T_capped=0
Stage 1: PT=6, T_stage=0.000000, bytes=33176880, T_capped=0
Group 1: Iters=10, Procs=104, Factors=1.000000, Dist=2, RM=0, SM=1, RS=0, SS=0, parents=364, children=0
Async_Iters: 0
T_iter: 0.103239 0.082753 0.083254 0.082938 0.088887 0.082719 0.082952 0.082701 0.082683 0.082935 
T_stage 0: 0.012989 0.013103 0.013276 0.012976 0.012962 0.012970 0.013055 0.012970 0.013034 0.012976 
T_stage 1: 0.090179 0.069569 0.069880 0.069878 0.075833 0.069644 0.069800 0.069616 0.069588 0.069862 
Config: granularity=100000, SDR=1000, ADR=0, Rigid=1, Capture_Method=0
Stage 0: PT=0, T_stage=0.012350, bytes=0, T_capped=0
Stage 1: PT=6, T_stage=0.000000, bytes=33176880, T_capped=0
Group 1: Iters=10, Procs=104, Factors=1.000000, Dist=2, RM=0, SM=1, RS=0, SS=0, parents=364, children=0
Async_Iters: 0
T_iter: 0.099056 0.082945 0.084612 0.083431 0.083114 0.083339 0.083556 0.083523 0.083703 0.083342 
T_stage 0: 0.013065 0.013060 0.013468 0.013077 0.013254 0.013019 0.013032 0.013015 0.013023 0.013023 
T_stage 1: 0.085918 0.069775 0.071047 0.070257 0.069754 0.070242 0.070438 0.070412 0.070577 0.070225 
Config: granularity=100000, SDR=1000, ADR=0, Rigid=1, Capture_Method=0
Stage 0: PT=0, T_stage=0.012350, bytes=0, T_capped=0
Stage 1: PT=6, T_stage=0.000000, bytes=33176880, T_capped=0
Group 1: Iters=10, Procs=104, Factors=1.000000, Dist=2, RM=0, SM=1, RS=0, SS=0, parents=364, children=0
Async_Iters: 0
T_iter: 0.125579 0.110384 0.110194 0.109387 0.109577 0.110342 0.110693 0.113206 0.109600 0.128642 
T_stage 0: 0.013037 0.012971 0.013056 0.013014 0.012965 0.012955 0.012966 0.012961 0.012978 0.023176 
T_stage 1: 0.112434 0.097332 0.097102 0.096290 0.096533 0.097262 0.097615 0.100149 0.096517 0.105434 
Config: granularity=100000, SDR=1000, ADR=0, Rigid=1, Capture_Method=0
Stage 0: PT=0, T_stage=0.012350, bytes=0, T_capped=0
Stage 1: PT=6, T_stage=0.000000, bytes=33176880, T_capped=0
Group 1: Iters=10, Procs=104, Factors=1.000000, Dist=2, RM=0, SM=1, RS=0, SS=0, parents=364, children=0
Async_Iters: 0
T_iter: 0.099095 0.083364 0.084025 0.082797 0.084001 0.085928 0.083210 0.083344 0.085041 0.084085 
T_stage 0: 0.013138 0.013129 0.013425 0.013330 0.013177 0.013097 0.013118 0.013105 0.013088 0.013088 
T_stage 1: 0.085883 0.070174 0.070515 0.069391 0.070786 0.072777 0.070038 0.070194 0.071847 0.070903 
Config: granularity=100000, SDR=1000, ADR=0, Rigid=1, Capture_Method=0
Stage 0: PT=0, T_stage=0.012350, bytes=0, T_capped=0
Stage 1: PT=6, T_stage=0.000000, bytes=33176880, T_capped=0
Group 1: Iters=10, Procs=104, Factors=1.000000, Dist=2, RM=0, SM=1, RS=0, SS=0, parents=364, children=0
Async_Iters: 0
T_iter: 0.144627 0.091911 0.091742 0.091710 0.091927 0.091577 0.091501 0.090813 0.091628 0.091648 
T_stage 0: 0.032000 0.013059 0.013266 0.013004 0.013002 0.013474 0.013093 0.012975 0.012969 0.012964 
T_stage 1: 0.113917 0.078812 0.078400 0.078680 0.078909 0.078084 0.078420 0.077754 0.078590 0.078601 
Config: granularity=100000, SDR=1000, ADR=0, Rigid=1, Capture_Method=0
Stage 0: PT=0, T_stage=0.012350, bytes=0, T_capped=0
Stage 1: PT=6, T_stage=0.000000, bytes=33176880, T_capped=0
Group 1: Iters=10, Procs=104, Factors=1.000000, Dist=2, RM=0, SM=1, RS=0, SS=0, parents=364, children=0
Async_Iters: 0
T_iter: 0.096103 0.083001 0.083549 0.083295 0.083556 0.083283 0.083764 0.083711 0.084158 0.083706 
T_stage 0: 0.012993 0.013039 0.013004 0.013260 0.013234 0.012975 0.012955 0.012967 0.012979 0.012962 
T_stage 1: 0.082991 0.069912 0.070470 0.069979 0.070223 0.070224 0.070704 0.070676 0.071087 0.070650 
Config: granularity=100000, SDR=1000, ADR=0, Rigid=1, Capture_Method=0
Stage 0: PT=0, T_stage=0.012350, bytes=0, T_capped=0
Stage 1: PT=6, T_stage=0.000000, bytes=33176880, T_capped=0
Group 1: Iters=10, Procs=104, Factors=1.000000, Dist=2, RM=0, SM=1, RS=0, SS=0, parents=364, children=0
Async_Iters: 0
T_iter: 0.099776 0.079882 0.080034 0.080445 0.080473 0.080716 0.080317 0.079800 0.079712 0.080409 
T_stage 0: 0.013133 0.013290 0.013288 0.013133 0.013122 0.013135 0.013163 0.013118 0.013145 0.013148 
T_stage 1: 0.086548 0.066557 0.066692 0.067234 0.067303 0.067529 0.067098 0.066611 0.066514 0.067212 
Config: granularity=100000, SDR=1000, ADR=0, Rigid=1, Capture_Method=0
Stage 0: PT=0, T_stage=0.012350, bytes=0, T_capped=0
Stage 1: PT=6, T_stage=0.000000, bytes=33176880, T_capped=0
Group 1: Iters=10, Procs=104, Factors=1.000000, Dist=2, RM=0, SM=1, RS=0, SS=0, parents=364, children=0
Async_Iters: 0
T_iter: 0.118055 0.098969 0.099932 0.099883 0.099541 0.099310 0.099930 0.099972 0.099419 0.100004 
T_stage 0: 0.012979 0.013084 0.013330 0.013274 0.013037 0.013071 0.012969 0.012971 0.012966 0.012965 
T_stage 1: 0.104964 0.085848 0.086590 0.086546 0.086402 0.086109 0.086823 0.086907 0.086357 0.086926 
Config: granularity=100000, SDR=1000, ADR=0, Rigid=1, Capture_Method=0
Stage 0: PT=0, T_stage=0.012350, bytes=0, T_capped=0
Stage 1: PT=6, T_stage=0.000000, bytes=33176880, T_capped=0
Group 1: Iters=10, Procs=104, Factors=1.000000, Dist=2, RM=0, SM=1, RS=0, SS=0, parents=364, children=0
Async_Iters: 0
T_iter: 0.111171 0.085194 0.085891 0.085405 0.085560 0.085470 0.087628 0.085050 0.085002 0.084112 
T_stage 0: 0.012974 0.012986 0.013347 0.012974 0.013029 0.012961 0.012962 0.012962 0.012949 0.012961 
T_stage 1: 0.098115 0.072141 0.072448 0.072357 0.072447 0.072411 0.074581 0.072001 0.071950 0.071059 
Config: granularity=100000, SDR=1000, ADR=0, Rigid=1, Capture_Method=0
Stage 0: PT=0, T_stage=0.012350, bytes=0, T_capped=0
Stage 1: PT=6, T_stage=0.000000, bytes=33176880, T_capped=0
Group 1: Iters=10, Procs=104, Factors=1.000000, Dist=2, RM=0, SM=1, RS=0, SS=0, parents=364, children=0
Async_Iters: 0
T_iter: 0.092260 0.080309 0.080280 0.085084 0.079900 0.082698 0.079172 0.079752 0.100947 0.091289 
T_stage 0: 0.012976 0.013026 0.013422 0.013061 0.013064 0.013016 0.013032 0.013024 0.016846 0.013094 
T_stage 1: 0.079105 0.067247 0.066851 0.071974 0.066806 0.069560 0.066109 0.066740 0.084004 0.078122 
Config: granularity=100000, SDR=1000, ADR=0, Rigid=1, Capture_Method=0
Stage 0: PT=0, T_stage=0.012350, bytes=0, T_capped=0
Stage 1: PT=6, T_stage=0.000000, bytes=33176880, T_capped=0
Group 1: Iters=10, Procs=104, Factors=1.000000, Dist=2, RM=0, SM=1, RS=0, SS=0, parents=364, children=0
Async_Iters: 0
T_iter: 0.099520 0.078795 0.080702 0.081089 0.078762 0.079294 0.080989 0.078343 0.080946 0.081583 
T_stage 0: 0.013210 0.013186 0.013180 0.013200 0.013473 0.013257 0.013174 0.013167 0.013180 0.013197 
T_stage 1: 0.086223 0.065537 0.067442 0.067806 0.065225 0.065954 0.067682 0.065103 0.067673 0.068294 
Config: granularity=100000, SDR=1000, ADR=0, Rigid=1, Capture_Method=0
Stage 0: PT=0, T_stage=0.012350, bytes=0, T_capped=0
Stage 1: PT=6, T_stage=0.000000, bytes=33176880, T_capped=0
Group 1: Iters=10, Procs=104, Factors=1.000000, Dist=2, RM=0, SM=1, RS=0, SS=0, parents=364, children=0
Async_Iters: 0
T_iter: 0.107019 0.091224 0.090098 0.093188 0.090805 0.090090 0.089281 0.093533 0.096566 0.090435 
T_stage 0: 0.013023 0.013030 0.013231 0.013254 0.012962 0.012959 0.012966 0.016819 0.018028 0.013384 
T_stage 1: 0.093914 0.078175 0.076825 0.079865 0.077756 0.077067 0.076247 0.076639 0.078455 0.076947 
Config: granularity=100000, SDR=1000, ADR=0, Rigid=1, Capture_Method=0
Stage 0: PT=0, T_stage=0.012350, bytes=0, T_capped=0
Stage 1: PT=6, T_stage=0.000000, bytes=33176880, T_capped=0
Group 1: Iters=10, Procs=104, Factors=1.000000, Dist=2, RM=0, SM=1, RS=0, SS=0, parents=364, children=0
Async_Iters: 0
T_iter: 0.110765 0.094319 0.094486 0.094304 0.094217 0.094096 0.094169 0.094457 0.094023 0.093707 
T_stage 0: 0.012957 0.012986 0.013306 0.013015 0.012971 0.012984 0.012976 0.013016 0.012976 0.012964 
T_stage 1: 0.097603 0.081169 0.081080 0.081235 0.081130 0.081025 0.081110 0.081343 0.080956 0.080644 
Config: granularity=100000, SDR=1000, ADR=0, Rigid=1, Capture_Method=0
Stage 0: PT=0, T_stage=0.012350, bytes=0, T_capped=0
Stage 1: PT=6, T_stage=0.000000, bytes=33176880, T_capped=0
Group 1: Iters=10, Procs=104, Factors=1.000000, Dist=2, RM=0, SM=1, RS=0, SS=0, parents=364, children=0
Async_Iters: 0
T_iter: 0.099582 0.083755 0.084353 0.084313 0.084188 0.084547 0.084423 0.083049 0.084349 0.083776 
T_stage 0: 0.013175 0.013226 0.013154 0.013159 0.013245 0.013135 0.013159 0.013143 0.013150 0.013162 
T_stage 1: 0.086307 0.070435 0.071128 0.071085 0.070869 0.071324 0.071169 0.069825 0.071130 0.070572 
