Config: granularity=100000, SDR=1000, ADR=0, Rigid=1, Capture_Method=0
Stage 0: PT=0, T_stage=0.012350, bytes=0, T_capped=0
Stage 1: PT=6, T_stage=0.000000, bytes=33176880, T_capped=0
Group 1: Iters=10, Procs=156, Factors=1.000000, Dist=2, RM=0, SM=1, RS=0, SS=0, parents=20, children=0
Async_Iters: 0
T_iter: 0.101488 0.063157 0.060705 0.059579 0.060122 0.059880 0.060588 0.060438 0.061927 0.059730 
T_stage 0: 0.026736 0.013741 0.012848 0.012948 0.013080 0.012948 0.014272 0.014593 0.014222 0.013146 
T_stage 1: 0.074581 0.049287 0.047711 0.046619 0.047100 0.046757 0.047587 0.047441 0.048511 0.046402 
Config: granularity=100000, SDR=1000, ADR=0, Rigid=1, Capture_Method=0
Stage 0: PT=0, T_stage=0.012350, bytes=0, T_capped=0
Stage 1: PT=6, T_stage=0.000000, bytes=33176880, T_capped=0
Group 1: Iters=10, Procs=156, Factors=1.000000, Dist=2, RM=0, SM=1, RS=0, SS=0, parents=20, children=0
Async_Iters: 0
T_iter: 0.147060 0.070995 0.071291 0.068289 0.068600 0.065100 0.065966 0.069061 0.067344 0.063596 
T_stage 0: 0.032041 0.012872 0.012906 0.012857 0.012849 0.013268 0.013037 0.012928 0.013831 0.013168 
T_stage 1: 0.119714 0.057971 0.058223 0.055357 0.055592 0.052050 0.052661 0.056040 0.054431 0.050616 
Config: granularity=100000, SDR=1000, ADR=0, Rigid=1, Capture_Method=0
Stage 0: PT=0, T_stage=0.012350, bytes=0, T_capped=0
Stage 1: PT=6, T_stage=0.000000, bytes=33176880, T_capped=0
Group 1: Iters=10, Procs=156, Factors=1.000000, Dist=2, RM=0, SM=1, RS=0, SS=0, parents=20, children=0
Async_Iters: 0
T_iter: 0.112614 0.073015 0.064343 0.071142 0.065383 0.064387 0.064295 0.069068 0.062355 0.065902 
T_stage 0: 0.028103 0.013190 0.013352 0.012883 0.012823 0.013153 0.013004 0.013177 0.013313 0.013233 
T_stage 1: 0.084354 0.059712 0.051367 0.058118 0.052367 0.051357 0.051289 0.055700 0.049271 0.052816 
Config: granularity=100000, SDR=1000, ADR=0, Rigid=1, Capture_Method=0
Stage 0: PT=0, T_stage=0.012350, bytes=0, T_capped=0
Stage 1: PT=6, T_stage=0.000000, bytes=33176880, T_capped=0
Group 1: Iters=10, Procs=156, Factors=1.000000, Dist=2, RM=0, SM=1, RS=0, SS=0, parents=20, children=0
Async_Iters: 0
T_iter: 0.083886 0.074607 0.076944 0.066700 0.079110 0.073113 0.069341 0.065649 0.065874 0.065160 
T_stage 0: 0.012844 0.012863 0.012932 0.012820 0.014357 0.012896 0.014815 0.012914 0.012856 0.012963 
T_stage 1: 0.070816 0.061577 0.063655 0.053654 0.066101 0.059218 0.056334 0.052622 0.052786 0.051955 
Config: granularity=100000, SDR=1000, ADR=0, Rigid=1, Capture_Method=0
Stage 0: PT=0, T_stage=0.012350, bytes=0, T_capped=0
Stage 1: PT=6, T_stage=0.000000, bytes=33176880, T_capped=0
Group 1: Iters=10, Procs=156, Factors=1.000000, Dist=2, RM=0, SM=1, RS=0, SS=0, parents=20, children=0
Async_Iters: 0
T_iter: 0.152158 0.069803 0.071364 0.071734 0.070904 0.070187 0.069809 0.068268 0.071504 0.072139 
T_stage 0: 0.071022 0.012935 0.012842 0.012821 0.012990 0.013527 0.013054 0.013869 0.013199 0.013997 
T_stage 1: 0.081041 0.056677 0.058306 0.058725 0.057764 0.057119 0.056548 0.055240 0.058400 0.059049 
Config: granularity=100000, SDR=1000, ADR=0, Rigid=1, Capture_Method=0
Stage 0: PT=0, T_stage=0.012350, bytes=0, T_capped=0
Stage 1: PT=6, T_stage=0.000000, bytes=33176880, T_capped=0
Group 1: Iters=10, Procs=156, Factors=1.000000, Dist=2, RM=0, SM=1, RS=0, SS=0, parents=20, children=0
Async_Iters: 0
T_iter: 0.090623 0.076901 0.076181 0.075747 0.076588 0.076792 0.075685 0.076603 0.076490 0.074839 
T_stage 0: 0.012933 0.012880 0.012871 0.012822 0.012907 0.015038 0.012827 0.012842 0.013056 0.013863 
T_stage 1: 0.077545 0.063845 0.063180 0.062755 0.063491 0.063715 0.062560 0.063546 0.063332 0.061746 
Config: granularity=100000, SDR=1000, ADR=0, Rigid=1, Capture_Method=0
Stage 0: PT=0, T_stage=0.012350, bytes=0, T_capped=0
Stage 1: PT=6, T_stage=0.000000, bytes=33176880, T_capped=0
Group 1: Iters=10, Procs=156, Factors=1.000000, Dist=2, RM=0, SM=1, RS=0, SS=0, parents=20, children=0
Async_Iters: 0
T_iter: 0.108431 0.069213 0.069067 0.067465 0.072007 0.072183 0.069145 0.069074 0.069280 0.069322 
T_stage 0: 0.027134 0.012829 0.012908 0.012830 0.012991 0.012944 0.012839 0.012832 0.012870 0.014177 
T_stage 1: 0.081135 0.056218 0.056021 0.054485 0.058174 0.059167 0.056224 0.056047 0.056344 0.056178 
Config: granularity=100000, SDR=1000, ADR=0, Rigid=1, Capture_Method=0
Stage 0: PT=0, T_stage=0.012350, bytes=0, T_capped=0
Stage 1: PT=6, T_stage=0.000000, bytes=33176880, T_capped=0
Group 1: Iters=10, Procs=156, Factors=1.000000, Dist=2, RM=0, SM=1, RS=0, SS=0, parents=20, children=0
Async_Iters: 0
T_iter: 0.086556 0.065225 0.065664 0.065155 0.065615 0.065657 0.064785 0.064683 0.065236 0.069088 
T_stage 0: 0.012890 0.012875 0.015095 0.012905 0.012891 0.014782 0.013073 0.012839 0.014155 0.013278 
T_stage 1: 0.073128 0.052210 0.052578 0.052117 0.051935 0.052661 0.051780 0.051656 0.052211 0.056104 
Config: granularity=100000, SDR=1000, ADR=0, Rigid=1, Capture_Method=0
Stage 0: PT=0, T_stage=0.012350, bytes=0, T_capped=0
Stage 1: PT=6, T_stage=0.000000, bytes=33176880, T_capped=0
Group 1: Iters=10, Procs=156, Factors=1.000000, Dist=2, RM=0, SM=1, RS=0, SS=0, parents=20, children=0
Async_Iters: 0
T_iter: 0.092909 0.063002 0.078954 0.063914 0.061842 0.068521 0.064710 0.061093 0.067976 0.068128 
T_stage 0: 0.012808 0.012835 0.012848 0.013056 0.012902 0.012853 0.012807 0.013100 0.012868 0.012891 
T_stage 1: 0.079922 0.049999 0.065965 0.050899 0.048816 0.055538 0.051736 0.047872 0.054919 0.055053 
Config: granularity=100000, SDR=1000, ADR=0, Rigid=1, Capture_Method=0
Stage 0: PT=0, T_stage=0.012350, bytes=0, T_capped=0
Stage 1: PT=6, T_stage=0.000000, bytes=33176880, T_capped=0
Group 1: Iters=10, Procs=156, Factors=1.000000, Dist=2, RM=0, SM=1, RS=0, SS=0, parents=20, children=0
Async_Iters: 0
T_iter: 0.090854 0.068580 0.074230 0.065057 0.062446 0.061134 0.064504 0.067944 0.064647 0.062945 
T_stage 0: 0.012837 0.012914 0.012888 0.013898 0.012959 0.012878 0.014851 0.012910 0.013098 0.012837 
T_stage 1: 0.077841 0.055498 0.061238 0.052084 0.049441 0.048243 0.051472 0.054491 0.051619 0.049965 
Config: granularity=100000, SDR=1000, ADR=0, Rigid=1, Capture_Method=0
Stage 0: PT=0, T_stage=0.012350, bytes=0, T_capped=0
Stage 1: PT=6, T_stage=0.000000, bytes=33176880, T_capped=0
Group 1: Iters=10, Procs=156, Factors=1.000000, Dist=2, RM=0, SM=1, RS=0, SS=0, parents=20, children=0
Async_Iters: 0
T_iter: 0.105204 0.077223 0.066986 0.067406 0.071697 0.073528 0.072156 0.059767 0.075864 0.082781 
T_stage 0: 0.026463 0.013118 0.017818 0.012819 0.012913 0.013085 0.012850 0.013734 0.015943 0.012863 
T_stage 1: 0.078618 0.063973 0.049071 0.054440 0.058649 0.060274 0.059199 0.046805 0.060471 0.069715 
Config: granularity=100000, SDR=1000, ADR=0, Rigid=1, Capture_Method=0
Stage 0: PT=0, T_stage=0.012350, bytes=0, T_capped=0
Stage 1: PT=6, T_stage=0.000000, bytes=33176880, T_capped=0
Group 1: Iters=10, Procs=156, Factors=1.000000, Dist=2, RM=0, SM=1, RS=0, SS=0, parents=20, children=0
Async_Iters: 0
T_iter: 0.091999 0.065471 0.066623 0.067523 0.064812 0.063613 0.064535 0.063751 0.063625 0.063413 
T_stage 0: 0.012828 0.012929 0.014691 0.012855 0.012828 0.012981 0.014303 0.013039 0.012925 0.013193 
T_stage 1: 0.079010 0.052418 0.053605 0.054554 0.051161 0.050455 0.051236 0.050496 0.050609 0.050173 
Config: granularity=100000, SDR=1000, ADR=0, Rigid=1, Capture_Method=0
Stage 0: PT=0, T_stage=0.012350, bytes=0, T_capped=0
Stage 1: PT=6, T_stage=0.000000, bytes=33176880, T_capped=0
Group 1: Iters=10, Procs=156, Factors=1.000000, Dist=2, RM=0, SM=1, RS=0, SS=0, parents=20, children=0
Async_Iters: 0
T_iter: 0.104787 0.068967 0.073878 0.070999 0.070646 0.075534 0.076190 0.081077 0.084552 0.084094 
T_stage 0: 0.026323 0.012894 0.014717 0.012917 0.012897 0.014086 0.013152 0.012972 0.015906 0.013936 
T_stage 1: 0.078283 0.055955 0.059905 0.057950 0.057620 0.062519 0.062935 0.068025 0.071546 0.071118 
Config: granularity=100000, SDR=1000, ADR=0, Rigid=1, Capture_Method=0
Stage 0: PT=0, T_stage=0.012350, bytes=0, T_capped=0
Stage 1: PT=6, T_stage=0.000000, bytes=33176880, T_capped=0
Group 1: Iters=10, Procs=156, Factors=1.000000, Dist=2, RM=0, SM=1, RS=0, SS=0, parents=20, children=0
Async_Iters: 0
T_iter: 0.114966 0.071262 0.071715 0.077655 0.076746 0.074843 0.080763 0.068913 0.063226 0.062914 
T_stage 0: 0.013496 0.012969 0.012823 0.013194 0.014274 0.012951 0.012827 0.012935 0.012801 0.012828 
T_stage 1: 0.101427 0.058211 0.057551 0.063827 0.063703 0.061716 0.067795 0.055911 0.050213 0.049885 
Config: granularity=100000, SDR=1000, ADR=0, Rigid=1, Capture_Method=0
Stage 0: PT=0, T_stage=0.012350, bytes=0, T_capped=0
Stage 1: PT=6, T_stage=0.000000, bytes=33176880, T_capped=0
Group 1: Iters=10, Procs=156, Factors=1.000000, Dist=2, RM=0, SM=1, RS=0, SS=0, parents=20, children=0
Async_Iters: 0
T_iter: 0.117371 0.072702 0.070028 0.062570 0.070315 0.062364 0.063100 0.066167 0.067556 0.074102 
T_stage 0: 0.025967 0.015138 0.012876 0.012862 0.012826 0.013029 0.013465 0.013028 0.012908 0.014036 
T_stage 1: 0.091179 0.059438 0.057023 0.049564 0.057040 0.049361 0.049897 0.053151 0.054423 0.060404 
Config: granularity=100000, SDR=1000, ADR=0, Rigid=1, Capture_Method=0
Stage 0: PT=0, T_stage=0.012350, bytes=0, T_capped=0
Stage 1: PT=6, T_stage=0.000000, bytes=33176880, T_capped=0
Group 1: Iters=10, Procs=156, Factors=1.000000, Dist=2, RM=0, SM=1, RS=0, SS=0, parents=20, children=0
Async_Iters: 0
T_iter: 0.100869 0.070936 0.067339 0.064009 0.064210 0.067032 0.063182 0.063043 0.067571 0.063587 
T_stage 0: 0.013203 0.012963 0.014531 0.012974 0.013190 0.014557 0.012889 0.014011 0.015436 0.013094 
T_stage 1: 0.087494 0.057785 0.053425 0.050977 0.050883 0.053872 0.050077 0.049464 0.053527 0.050326 
Config: granularity=100000, SDR=1000, ADR=0, Rigid=1, Capture_Method=0
Stage 0: PT=0, T_stage=0.012350, bytes=0, T_capped=0
Stage 1: PT=6, T_stage=0.000000, bytes=33176880, T_capped=0
Group 1: Iters=10, Procs=156, Factors=1.000000, Dist=2, RM=0, SM=1, RS=0, SS=0, parents=20, children=0
Async_Iters: 0
T_iter: 0.116829 0.073030 0.064735 0.065046 0.066293 0.070381 0.071946 0.070958 0.070347 0.074944 
T_stage 0: 0.025085 0.012957 0.016528 0.013568 0.012882 0.012932 0.014252 0.013058 0.012849 0.013002 
T_stage 1: 0.091538 0.059954 0.048343 0.051918 0.053204 0.057316 0.058904 0.057924 0.057381 0.061804 
Config: granularity=100000, SDR=1000, ADR=0, Rigid=1, Capture_Method=0
Stage 0: PT=0, T_stage=0.012350, bytes=0, T_capped=0
Stage 1: PT=6, T_stage=0.000000, bytes=33176880, T_capped=0
Group 1: Iters=10, Procs=156, Factors=1.000000, Dist=2, RM=0, SM=1, RS=0, SS=0, parents=20, children=0
Async_Iters: 0
T_iter: 0.097630 0.070142 0.071078 0.067726 0.062933 0.066886 0.063743 0.066185 0.072021 0.065121 
T_stage 0: 0.012919 0.012912 0.012862 0.012796 0.012803 0.014413 0.012859 0.012850 0.012803 0.012802 
T_stage 1: 0.084076 0.057102 0.058058 0.054776 0.050007 0.053931 0.050726 0.053194 0.059078 0.052152 
Config: granularity=100000, SDR=1000, ADR=0, Rigid=1, Capture_Method=0
Stage 0: PT=0, T_stage=0.012350, bytes=0, T_capped=0
Stage 1: PT=6, T_stage=0.000000, bytes=33176880, T_capped=0
Group 1: Iters=10, Procs=156, Factors=1.000000, Dist=2, RM=0, SM=1, RS=0, SS=0, parents=20, children=0
Async_Iters: 0
T_iter: 0.104654 0.076602 0.067478 0.067834 0.065453 0.066166 0.068830 0.072887 0.065874 0.066987 
T_stage 0: 0.026756 0.012904 0.012847 0.012877 0.014314 0.012866 0.014183 0.015684 0.012842 0.012950 
T_stage 1: 0.077717 0.063458 0.054503 0.054777 0.052393 0.053176 0.055842 0.059855 0.052849 0.053958 
Config: granularity=100000, SDR=1000, ADR=0, Rigid=1, Capture_Method=0
Stage 0: PT=0, T_stage=0.012350, bytes=0, T_capped=0
Stage 1: PT=6, T_stage=0.000000, bytes=33176880, T_capped=0
Group 1: Iters=10, Procs=156, Factors=1.000000, Dist=2, RM=0, SM=1, RS=0, SS=0, parents=20, children=0
Async_Iters: 0
T_iter: 0.101487 0.068318 0.063765 0.064009 0.065051 0.063737 0.067232 0.063682 0.064243 0.064348 
T_stage 0: 0.012847 0.012870 0.012861 0.012873 0.012881 0.014613 0.014760 0.012893 0.014257 0.014139 
T_stage 1: 0.088464 0.055365 0.050749 0.050971 0.050826 0.050711 0.053927 0.050660 0.051203 0.051332 
