Config: granularity=100000, SDR=1000, ADR=0, Rigid=1, Capture_Method=0
Stage 0: PT=0, T_stage=0.012350, bytes=0, T_capped=0
Stage 1: PT=6, T_stage=0.000000, bytes=33176880, T_capped=0
Group 1: Iters=10, Procs=156, Factors=1.000000, Dist=2, RM=0, SM=1, RS=0, SS=0, parents=104, children=0
Async_Iters: 0
T_iter: 0.532931 0.097867 0.082810 0.080831 0.075827 0.076323 0.073212 0.072938 0.077383 0.080917 
T_stage 0: 0.065199 0.012841 0.014488 0.014207 0.013742 0.014147 0.012845 0.012922 0.012897 0.014267 
T_stage 1: 0.489924 0.084373 0.069789 0.067874 0.062660 0.063387 0.060285 0.060017 0.064370 0.067938 
Config: granularity=100000, SDR=1000, ADR=0, Rigid=1, Capture_Method=0
Stage 0: PT=0, T_stage=0.012350, bytes=0, T_capped=0
Stage 1: PT=6, T_stage=0.000000, bytes=33176880, T_capped=0
Group 1: Iters=10, Procs=156, Factors=1.000000, Dist=2, RM=0, SM=1, RS=0, SS=0, parents=104, children=0
Async_Iters: 0
T_iter: 0.299192 0.127443 0.321832 0.079468 0.085460 0.077454 0.077447 0.073842 0.076329 0.077978 
T_stage 0: 0.032998 0.026058 0.014266 0.014393 0.014502 0.012935 0.014108 0.012859 0.013845 0.013547 
T_stage 1: 0.270286 0.101247 0.308728 0.066259 0.071846 0.064342 0.064061 0.060820 0.063291 0.064906 
Config: granularity=100000, SDR=1000, ADR=0, Rigid=1, Capture_Method=0
Stage 0: PT=0, T_stage=0.012350, bytes=0, T_capped=0
Stage 1: PT=6, T_stage=0.000000, bytes=33176880, T_capped=0
Group 1: Iters=10, Procs=156, Factors=1.000000, Dist=2, RM=0, SM=1, RS=0, SS=0, parents=104, children=0
Async_Iters: 0
T_iter: 0.355608 0.106133 0.080363 0.081791 0.314539 0.076627 0.077232 0.073080 0.075262 0.282507 
T_stage 0: 0.030658 0.012844 0.012974 0.012863 0.013895 0.012907 0.014528 0.012912 0.014413 0.012839 
T_stage 1: 0.324805 0.093159 0.067379 0.068829 0.301475 0.063574 0.063904 0.059886 0.062261 0.269548 
Config: granularity=100000, SDR=1000, ADR=0, Rigid=1, Capture_Method=0
Stage 0: PT=0, T_stage=0.012350, bytes=0, T_capped=0
Stage 1: PT=6, T_stage=0.000000, bytes=33176880, T_capped=0
Group 1: Iters=10, Procs=156, Factors=1.000000, Dist=2, RM=0, SM=1, RS=0, SS=0, parents=104, children=0
Async_Iters: 0
T_iter: 0.119972 0.081417 0.080875 0.078954 0.077073 0.077466 0.077197 0.078411 0.076899 0.075707 
T_stage 0: 0.032032 0.012933 0.014424 0.013281 0.012896 0.012927 0.012923 0.012955 0.012887 0.012905 
T_stage 1: 0.087731 0.068272 0.067781 0.065536 0.064005 0.064399 0.064123 0.065348 0.063819 0.062527 
Config: granularity=100000, SDR=1000, ADR=0, Rigid=1, Capture_Method=0
Stage 0: PT=0, T_stage=0.012350, bytes=0, T_capped=0
Stage 1: PT=6, T_stage=0.000000, bytes=33176880, T_capped=0
Group 1: Iters=10, Procs=156, Factors=1.000000, Dist=2, RM=0, SM=1, RS=0, SS=0, parents=104, children=0
Async_Iters: 0
T_iter: 0.110560 0.093326 0.076780 0.075030 0.073820 0.079860 0.073334 0.078492 0.074461 0.075338 
T_stage 0: 0.028953 0.012914 0.012893 0.012913 0.013120 0.013003 0.012834 0.012861 0.015106 0.013034 
T_stage 1: 0.081588 0.080313 0.063797 0.061896 0.060547 0.066770 0.060395 0.065462 0.060321 0.062280 
Config: granularity=100000, SDR=1000, ADR=0, Rigid=1, Capture_Method=0
Stage 0: PT=0, T_stage=0.012350, bytes=0, T_capped=0
Stage 1: PT=6, T_stage=0.000000, bytes=33176880, T_capped=0
Group 1: Iters=10, Procs=156, Factors=1.000000, Dist=2, RM=0, SM=1, RS=0, SS=0, parents=104, children=0
Async_Iters: 0
T_iter: 0.177516 0.082777 0.077344 0.079927 0.079413 0.076841 0.073899 0.103120 0.080171 0.076165 
T_stage 0: 0.033132 0.012887 0.012903 0.016981 0.016925 0.013180 0.013047 0.013054 0.014244 0.015571 
T_stage 1: 0.150341 0.069663 0.064362 0.062902 0.062376 0.063077 0.060759 0.090005 0.067045 0.060543 
Config: granularity=100000, SDR=1000, ADR=0, Rigid=1, Capture_Method=0
Stage 0: PT=0, T_stage=0.012350, bytes=0, T_capped=0
Stage 1: PT=6, T_stage=0.000000, bytes=33176880, T_capped=0
Group 1: Iters=10, Procs=156, Factors=1.000000, Dist=2, RM=0, SM=1, RS=0, SS=0, parents=104, children=0
Async_Iters: 0
T_iter: 0.131163 0.137612 0.112640 0.078336 0.083126 0.080972 0.073100 0.078852 0.073560 0.073271 
T_stage 0: 0.030830 0.013896 0.012883 0.012939 0.012962 0.012815 0.012860 0.013850 0.012922 0.014037 
T_stage 1: 0.100252 0.124583 0.099578 0.065153 0.070173 0.068017 0.060008 0.065939 0.060584 0.060355 
Config: granularity=100000, SDR=1000, ADR=0, Rigid=1, Capture_Method=0
Stage 0: PT=0, T_stage=0.012350, bytes=0, T_capped=0
Stage 1: PT=6, T_stage=0.000000, bytes=33176880, T_capped=0
Group 1: Iters=10, Procs=156, Factors=1.000000, Dist=2, RM=0, SM=1, RS=0, SS=0, parents=104, children=0
Async_Iters: 0
T_iter: 0.196514 0.116455 0.085735 0.073935 0.073170 0.072204 0.085890 0.072447 0.074254 0.075608 
T_stage 0: 0.028647 0.012899 0.013653 0.013023 0.012937 0.013035 0.013519 0.013035 0.014039 0.012927 
T_stage 1: 0.167583 0.103480 0.072700 0.060838 0.060104 0.059183 0.072824 0.059355 0.060862 0.062530 
Config: granularity=100000, SDR=1000, ADR=0, Rigid=1, Capture_Method=0
Stage 0: PT=0, T_stage=0.012350, bytes=0, T_capped=0
Stage 1: PT=6, T_stage=0.000000, bytes=33176880, T_capped=0
Group 1: Iters=10, Procs=156, Factors=1.000000, Dist=2, RM=0, SM=1, RS=0, SS=0, parents=104, children=0
Async_Iters: 0
T_iter: 0.097244 0.089310 0.083210 0.073704 0.079675 0.076444 0.075301 0.075079 0.076124 0.073499 
T_stage 0: 0.023249 0.013863 0.013954 0.012870 0.012806 0.012861 0.012943 0.013062 0.012810 0.012839 
T_stage 1: 0.073818 0.076281 0.070243 0.060675 0.066736 0.063477 0.062195 0.061922 0.063138 0.060494 
Config: granularity=100000, SDR=1000, ADR=0, Rigid=1, Capture_Method=0
Stage 0: PT=0, T_stage=0.012350, bytes=0, T_capped=0
Stage 1: PT=6, T_stage=0.000000, bytes=33176880, T_capped=0
Group 1: Iters=10, Procs=156, Factors=1.000000, Dist=2, RM=0, SM=1, RS=0, SS=0, parents=104, children=0
Async_Iters: 0
T_iter: 0.125188 0.080699 0.084892 0.074501 0.078361 0.073907 0.073811 0.075456 0.077878 0.075099 
T_stage 0: 0.042590 0.012913 0.012972 0.012945 0.013424 0.012897 0.013145 0.013162 0.012832 0.012903 
T_stage 1: 0.094059 0.067250 0.071864 0.061481 0.064954 0.060796 0.060739 0.062093 0.064842 0.062126 
Config: granularity=100000, SDR=1000, ADR=0, Rigid=1, Capture_Method=0
Stage 0: PT=0, T_stage=0.012350, bytes=0, T_capped=0
Stage 1: PT=6, T_stage=0.000000, bytes=33176880, T_capped=0
Group 1: Iters=10, Procs=156, Factors=1.000000, Dist=2, RM=0, SM=1, RS=0, SS=0, parents=104, children=0
Async_Iters: 0
T_iter: 0.117029 0.088184 0.076876 0.078950 0.080759 0.078062 0.074025 0.077189 0.074085 0.075290 
T_stage 0: 0.029611 0.012966 0.012939 0.013096 0.013393 0.014466 0.014405 0.012841 0.013745 0.012907 
T_stage 1: 0.086781 0.075037 0.063720 0.065665 0.067351 0.064995 0.061039 0.064200 0.061061 0.062277 
Config: granularity=100000, SDR=1000, ADR=0, Rigid=1, Capture_Method=0
Stage 0: PT=0, T_stage=0.012350, bytes=0, T_capped=0
Stage 1: PT=6, T_stage=0.000000, bytes=33176880, T_capped=0
Group 1: Iters=10, Procs=156, Factors=1.000000, Dist=2, RM=0, SM=1, RS=0, SS=0, parents=104, children=0
Async_Iters: 0
T_iter: 0.446648 0.079163 0.075504 0.077087 0.073915 0.075402 0.073828 0.082946 0.089495 0.173405 
T_stage 0: 0.056260 0.012941 0.012906 0.012876 0.013930 0.012952 0.012868 0.014199 0.012879 0.013989 
T_stage 1: 0.406441 0.066118 0.062459 0.063653 0.060811 0.062318 0.060770 0.069422 0.075972 0.159735 
Config: granularity=100000, SDR=1000, ADR=0, Rigid=1, Capture_Method=0
Stage 0: PT=0, T_stage=0.012350, bytes=0, T_capped=0
Stage 1: PT=6, T_stage=0.000000, bytes=33176880, T_capped=0
Group 1: Iters=10, Procs=156, Factors=1.000000, Dist=2, RM=0, SM=1, RS=0, SS=0, parents=104, children=0
Async_Iters: 0
T_iter: 0.105517 0.296885 0.079580 0.074711 0.073699 0.074081 0.075084 0.075361 0.074557 0.076641 
T_stage 0: 0.026736 0.012839 0.012844 0.012941 0.012851 0.013436 0.013871 0.013882 0.012936 0.012917 
T_stage 1: 0.078627 0.283912 0.066550 0.061650 0.060697 0.061038 0.062104 0.062331 0.061514 0.063565 
Config: granularity=100000, SDR=1000, ADR=0, Rigid=1, Capture_Method=0
Stage 0: PT=0, T_stage=0.012350, bytes=0, T_capped=0
Stage 1: PT=6, T_stage=0.000000, bytes=33176880, T_capped=0
Group 1: Iters=10, Procs=156, Factors=1.000000, Dist=2, RM=0, SM=1, RS=0, SS=0, parents=104, children=0
Async_Iters: 0
T_iter: 0.295684 0.086866 0.085439 0.082076 0.073521 0.280073 0.072332 0.074945 0.085279 0.073922 
T_stage 0: 0.046392 0.022466 0.013023 0.018487 0.014182 0.012875 0.012992 0.013146 0.023814 0.012921 
T_stage 1: 0.263764 0.064343 0.072346 0.063423 0.060533 0.267035 0.059306 0.061683 0.061270 0.060806 
Config: granularity=100000, SDR=1000, ADR=0, Rigid=1, Capture_Method=0
Stage 0: PT=0, T_stage=0.012350, bytes=0, T_capped=0
Stage 1: PT=6, T_stage=0.000000, bytes=33176880, T_capped=0
Group 1: Iters=10, Procs=156, Factors=1.000000, Dist=2, RM=0, SM=1, RS=0, SS=0, parents=104, children=0
Async_Iters: 0
T_iter: 0.184086 0.083713 0.079755 0.079149 0.076456 0.074551 0.074440 0.087684 0.074792 0.076680 
T_stage 0: 0.040352 0.013050 0.012898 0.012845 0.012855 0.012961 0.012927 0.012933 0.013905 0.012947 
T_stage 1: 0.143532 0.070781 0.066779 0.066169 0.063461 0.061497 0.061369 0.074582 0.061697 0.062566 
Config: granularity=100000, SDR=1000, ADR=0, Rigid=1, Capture_Method=0
Stage 0: PT=0, T_stage=0.012350, bytes=0, T_capped=0
Stage 1: PT=6, T_stage=0.000000, bytes=33176880, T_capped=0
Group 1: Iters=10, Procs=156, Factors=1.000000, Dist=2, RM=0, SM=1, RS=0, SS=0, parents=104, children=0
Async_Iters: 0
T_iter: 0.163771 0.079230 0.074862 0.074619 0.082267 0.096003 0.089966 0.078574 0.085310 0.090551 
T_stage 0: 0.033343 0.012953 0.012867 0.012936 0.012910 0.012846 0.012852 0.012911 0.012817 0.012865 
T_stage 1: 0.133427 0.065929 0.061839 0.061615 0.069202 0.082960 0.076914 0.065522 0.072357 0.077501 
Config: granularity=100000, SDR=1000, ADR=0, Rigid=1, Capture_Method=0
Stage 0: PT=0, T_stage=0.012350, bytes=0, T_capped=0
Stage 1: PT=6, T_stage=0.000000, bytes=33176880, T_capped=0
Group 1: Iters=10, Procs=156, Factors=1.000000, Dist=2, RM=0, SM=1, RS=0, SS=0, parents=104, children=0
Async_Iters: 0
T_iter: 0.300872 0.127590 0.082945 0.079400 0.081341 0.080116 0.076387 0.073429 0.073918 0.078703 
T_stage 0: 0.032008 0.021691 0.013236 0.013152 0.013841 0.012842 0.014861 0.012853 0.012952 0.012839 
T_stage 1: 0.254462 0.106066 0.069184 0.066101 0.068254 0.067152 0.061485 0.060484 0.060989 0.065771 
Config: granularity=100000, SDR=1000, ADR=0, Rigid=1, Capture_Method=0
Stage 0: PT=0, T_stage=0.012350, bytes=0, T_capped=0
Stage 1: PT=6, T_stage=0.000000, bytes=33176880, T_capped=0
Group 1: Iters=10, Procs=156, Factors=1.000000, Dist=2, RM=0, SM=1, RS=0, SS=0, parents=104, children=0
Async_Iters: 0
T_iter: 0.105110 0.083057 0.074091 0.082693 0.074274 0.078575 0.085384 0.072600 0.073826 0.073996 
T_stage 0: 0.028620 0.012852 0.015500 0.012952 0.017165 0.012981 0.012943 0.014421 0.014209 0.012941 
T_stage 1: 0.076350 0.070037 0.061005 0.069622 0.061249 0.065547 0.072266 0.059618 0.060892 0.061019 
Config: granularity=100000, SDR=1000, ADR=0, Rigid=1, Capture_Method=0
Stage 0: PT=0, T_stage=0.012350, bytes=0, T_capped=0
Stage 1: PT=6, T_stage=0.000000, bytes=33176880, T_capped=0
Group 1: Iters=10, Procs=156, Factors=1.000000, Dist=2, RM=0, SM=1, RS=0, SS=0, parents=104, children=0
Async_Iters: 0
T_iter: 0.258693 0.090176 0.073837 0.075046 0.073969 0.077756 0.072673 0.083718 0.112631 0.115807 
T_stage 0: 0.044002 0.014567 0.014104 0.013376 0.013065 0.012979 0.013284 0.012998 0.013020 0.013194 
T_stage 1: 0.217736 0.075301 0.060573 0.061838 0.060672 0.064554 0.059444 0.070513 0.099378 0.102508 
Config: granularity=100000, SDR=1000, ADR=0, Rigid=1, Capture_Method=0
Stage 0: PT=0, T_stage=0.012350, bytes=0, T_capped=0
Stage 1: PT=6, T_stage=0.000000, bytes=33176880, T_capped=0
Group 1: Iters=10, Procs=156, Factors=1.000000, Dist=2, RM=0, SM=1, RS=0, SS=0, parents=104, children=0
Async_Iters: 0
T_iter: 0.111250 0.133403 0.107035 0.082248 0.082005 0.073931 0.074039 0.076848 0.073394 0.075118 
T_stage 0: 0.012892 0.013003 0.012887 0.013087 0.012860 0.012943 0.012851 0.012945 0.012889 0.012981 
T_stage 1: 0.098287 0.120314 0.094037 0.069058 0.068953 0.060841 0.061017 0.063312 0.060367 0.061972 
