Config: granularity=100000, SDR=1000, ADR=0, Rigid=1, Capture_Method=0
Stage 0: PT=0, T_stage=0.012350, bytes=0, T_capped=0
Stage 1: PT=6, T_stage=0.000000, bytes=33176880, T_capped=0
Group 1: Iters=10, Procs=156, Factors=1.000000, Dist=2, RM=0, SM=1, RS=0, SS=0, parents=260, children=0
Async_Iters: 0
T_iter: 0.091983 0.077119 0.077713 0.077065 0.076894 0.077034 0.076962 0.076778 0.077083 0.077357 
T_stage 0: 0.012999 0.012953 0.013278 0.012996 0.012966 0.012982 0.013066 0.013001 0.012995 0.012982 
T_stage 1: 0.078879 0.064026 0.064317 0.063986 0.063843 0.063939 0.063793 0.063646 0.063998 0.064285 
Config: granularity=100000, SDR=1000, ADR=0, Rigid=1, Capture_Method=0
Stage 0: PT=0, T_stage=0.012350, bytes=0, T_capped=0
Stage 1: PT=6, T_stage=0.000000, bytes=33176880, T_capped=0
Group 1: Iters=10, Procs=156, Factors=1.000000, Dist=2, RM=0, SM=1, RS=0, SS=0, parents=260, children=0
Async_Iters: 0
T_iter: 0.094857 0.078666 0.076643 0.079237 0.078409 0.078607 0.078667 0.101960 0.074727 0.077156 
T_stage 0: 0.013051 0.013000 0.013047 0.013257 0.012981 0.013035 0.012976 0.013292 0.013064 0.012971 
T_stage 1: 0.081685 0.065532 0.063476 0.065870 0.065315 0.065469 0.065573 0.088832 0.061638 0.064066 
Config: granularity=100000, SDR=1000, ADR=0, Rigid=1, Capture_Method=0
Stage 0: PT=0, T_stage=0.012350, bytes=0, T_capped=0
Stage 1: PT=6, T_stage=0.000000, bytes=33176880, T_capped=0
Group 1: Iters=10, Procs=156, Factors=1.000000, Dist=2, RM=0, SM=1, RS=0, SS=0, parents=260, children=0
Async_Iters: 0
T_iter: 0.115494 0.076016 0.078100 0.077027 0.077160 0.076084 0.076747 0.077117 0.076398 0.076847 
T_stage 0: 0.033714 0.012999 0.013277 0.013279 0.013259 0.013045 0.012998 0.013005 0.013003 0.012995 
T_stage 1: 0.081737 0.062900 0.064676 0.063580 0.063764 0.062920 0.063614 0.063993 0.063294 0.063737 
Config: granularity=100000, SDR=1000, ADR=0, Rigid=1, Capture_Method=0
Stage 0: PT=0, T_stage=0.012350, bytes=0, T_capped=0
Stage 1: PT=6, T_stage=0.000000, bytes=33176880, T_capped=0
Group 1: Iters=10, Procs=156, Factors=1.000000, Dist=2, RM=0, SM=1, RS=0, SS=0, parents=260, children=0
Async_Iters: 0
T_iter: 0.287920 0.108956 0.077571 0.077967 0.077846 0.077778 0.078150 0.078375 0.078324 0.078199 
T_stage 0: 0.043923 0.031927 0.013525 0.013548 0.013541 0.013646 0.013634 0.013562 0.013550 0.013561 
T_stage 1: 0.243915 0.083481 0.063930 0.064321 0.064195 0.064134 0.064475 0.064700 0.064664 0.064545 
Config: granularity=100000, SDR=1000, ADR=0, Rigid=1, Capture_Method=0
Stage 0: PT=0, T_stage=0.012350, bytes=0, T_capped=0
Stage 1: PT=6, T_stage=0.000000, bytes=33176880, T_capped=0
Group 1: Iters=10, Procs=156, Factors=1.000000, Dist=2, RM=0, SM=1, RS=0, SS=0, parents=260, children=0
Async_Iters: 0
T_iter: 0.296707 0.076555 0.077111 0.076957 0.076808 0.076901 0.076852 0.077021 0.076693 0.077303 
T_stage 0: 0.049941 0.012970 0.012981 0.012965 0.012969 0.012992 0.012964 0.012965 0.012990 0.012977 
T_stage 1: 0.262587 0.063491 0.064045 0.063906 0.063750 0.063814 0.063779 0.063958 0.063587 0.064226 
Config: granularity=100000, SDR=1000, ADR=0, Rigid=1, Capture_Method=0
Stage 0: PT=0, T_stage=0.012350, bytes=0, T_capped=0
Stage 1: PT=6, T_stage=0.000000, bytes=33176880, T_capped=0
Group 1: Iters=10, Procs=156, Factors=1.000000, Dist=2, RM=0, SM=1, RS=0, SS=0, parents=260, children=0
Async_Iters: 0
T_iter: 0.092543 0.078963 0.078383 0.078108 0.077181 0.081785 0.076818 0.077464 0.077925 0.079797 
T_stage 0: 0.012976 0.014439 0.013251 0.013255 0.012973 0.017408 0.012959 0.012986 0.012965 0.018793 
T_stage 1: 0.079444 0.064478 0.065005 0.064747 0.064050 0.064288 0.063745 0.064306 0.064859 0.063603 
Config: granularity=100000, SDR=1000, ADR=0, Rigid=1, Capture_Method=0
Stage 0: PT=0, T_stage=0.012350, bytes=0, T_capped=0
Stage 1: PT=6, T_stage=0.000000, bytes=33176880, T_capped=0
Group 1: Iters=10, Procs=156, Factors=1.000000, Dist=2, RM=0, SM=1, RS=0, SS=0, parents=260, children=0
Async_Iters: 0
T_iter: 0.091972 0.078996 0.079848 0.079257 0.079051 0.078831 0.078854 0.091262 0.079185 0.083873 
T_stage 0: 0.013051 0.013058 0.013046 0.013282 0.013018 0.013023 0.013026 0.025662 0.013026 0.017945 
T_stage 1: 0.078750 0.065816 0.066707 0.065833 0.065895 0.065711 0.065715 0.065516 0.066032 0.065833 
Config: granularity=100000, SDR=1000, ADR=0, Rigid=1, Capture_Method=0
Stage 0: PT=0, T_stage=0.012350, bytes=0, T_capped=0
Stage 1: PT=6, T_stage=0.000000, bytes=33176880, T_capped=0
Group 1: Iters=10, Procs=156, Factors=1.000000, Dist=2, RM=0, SM=1, RS=0, SS=0, parents=260, children=0
Async_Iters: 0
T_iter: 0.130093 0.076576 0.075872 0.075939 0.076104 0.075998 0.076454 0.077477 0.077345 0.075828 
T_stage 0: 0.031768 0.013227 0.013005 0.012972 0.012973 0.013034 0.012986 0.012992 0.012971 0.012966 
T_stage 1: 0.104696 0.063253 0.062771 0.062912 0.063091 0.062873 0.063372 0.064382 0.064275 0.062755 
Config: granularity=100000, SDR=1000, ADR=0, Rigid=1, Capture_Method=0
Stage 0: PT=0, T_stage=0.012350, bytes=0, T_capped=0
Stage 1: PT=6, T_stage=0.000000, bytes=33176880, T_capped=0
Group 1: Iters=10, Procs=156, Factors=1.000000, Dist=2, RM=0, SM=1, RS=0, SS=0, parents=260, children=0
Async_Iters: 0
T_iter: 0.179351 0.079026 0.078752 0.078718 0.078931 0.079423 0.078876 0.078890 0.078699 0.078833 
T_stage 0: 0.032000 0.013469 0.013090 0.013080 0.013108 0.013688 0.013109 0.013100 0.013080 0.013086 
T_stage 1: 0.147183 0.065520 0.065599 0.065612 0.065750 0.065654 0.065709 0.065761 0.065580 0.065698 
Config: granularity=100000, SDR=1000, ADR=0, Rigid=1, Capture_Method=0
Stage 0: PT=0, T_stage=0.012350, bytes=0, T_capped=0
Stage 1: PT=6, T_stage=0.000000, bytes=33176880, T_capped=0
Group 1: Iters=10, Procs=156, Factors=1.000000, Dist=2, RM=0, SM=1, RS=0, SS=0, parents=260, children=0
Async_Iters: 0
T_iter: 0.405892 0.076991 0.077384 0.077374 0.077749 0.077618 0.076936 0.077143 0.077296 0.077384 
T_stage 0: 0.029399 0.013549 0.013548 0.013559 0.013542 0.013568 0.013554 0.013574 0.013676 0.013552 
T_stage 1: 0.379807 0.063350 0.063738 0.063698 0.064087 0.063941 0.063220 0.063482 0.063525 0.063720 
Config: granularity=100000, SDR=1000, ADR=0, Rigid=1, Capture_Method=0
Stage 0: PT=0, T_stage=0.012350, bytes=0, T_capped=0
Stage 1: PT=6, T_stage=0.000000, bytes=33176880, T_capped=0
Group 1: Iters=10, Procs=156, Factors=1.000000, Dist=2, RM=0, SM=1, RS=0, SS=0, parents=260, children=0
Async_Iters: 0
T_iter: 0.090397 0.090606 0.077265 0.079870 0.075809 0.078523 0.077607 0.077298 0.077546 0.077021 
T_stage 0: 0.012986 0.028495 0.013196 0.015504 0.013094 0.015679 0.013082 0.013080 0.013048 0.012987 
T_stage 1: 0.077296 0.062131 0.064102 0.064407 0.062707 0.062865 0.064510 0.064171 0.064385 0.063913 
Config: granularity=100000, SDR=1000, ADR=0, Rigid=1, Capture_Method=0
Stage 0: PT=0, T_stage=0.012350, bytes=0, T_capped=0
Stage 1: PT=6, T_stage=0.000000, bytes=33176880, T_capped=0
Group 1: Iters=10, Procs=156, Factors=1.000000, Dist=2, RM=0, SM=1, RS=0, SS=0, parents=260, children=0
Async_Iters: 0
T_iter: 0.092016 0.084226 0.076021 0.075151 0.076703 0.074566 0.074954 0.074612 0.075850 0.076984 
T_stage 0: 0.012964 0.020486 0.012971 0.013313 0.012969 0.012961 0.012990 0.012965 0.012961 0.012968 
T_stage 1: 0.078945 0.063694 0.062950 0.061738 0.063630 0.061513 0.061915 0.061634 0.062779 0.063924 
Config: granularity=100000, SDR=1000, ADR=0, Rigid=1, Capture_Method=0
Stage 0: PT=0, T_stage=0.012350, bytes=0, T_capped=0
Stage 1: PT=6, T_stage=0.000000, bytes=33176880, T_capped=0
Group 1: Iters=10, Procs=156, Factors=1.000000, Dist=2, RM=0, SM=1, RS=0, SS=0, parents=260, children=0
Async_Iters: 0
T_iter: 0.095126 0.077204 0.082996 0.076706 0.076168 0.076438 0.083399 0.076639 0.076728 0.078145 
T_stage 0: 0.016655 0.013113 0.019404 0.013251 0.012950 0.012963 0.018745 0.012952 0.012970 0.012971 
T_stage 1: 0.078425 0.064086 0.063566 0.063361 0.063129 0.063371 0.064616 0.063586 0.063645 0.065088 
Config: granularity=100000, SDR=1000, ADR=0, Rigid=1, Capture_Method=0
Stage 0: PT=0, T_stage=0.012350, bytes=0, T_capped=0
Stage 1: PT=6, T_stage=0.000000, bytes=33176880, T_capped=0
Group 1: Iters=10, Procs=156, Factors=1.000000, Dist=2, RM=0, SM=1, RS=0, SS=0, parents=260, children=0
Async_Iters: 0
T_iter: 0.151979 0.082469 0.082803 0.082437 0.082248 0.082081 0.082477 0.082246 0.082364 0.082343 
T_stage 0: 0.032052 0.013274 0.013270 0.012968 0.012953 0.013055 0.012972 0.012960 0.012975 0.013004 
T_stage 1: 0.119862 0.069103 0.069434 0.069373 0.069186 0.068927 0.069354 0.069177 0.069283 0.069246 
Config: granularity=100000, SDR=1000, ADR=0, Rigid=1, Capture_Method=0
Stage 0: PT=0, T_stage=0.012350, bytes=0, T_capped=0
Stage 1: PT=6, T_stage=0.000000, bytes=33176880, T_capped=0
Group 1: Iters=10, Procs=156, Factors=1.000000, Dist=2, RM=0, SM=1, RS=0, SS=0, parents=260, children=0
Async_Iters: 0
T_iter: 0.089596 0.076432 0.076357 0.076571 0.076929 0.075964 0.076750 0.077014 0.076353 0.077156 
T_stage 0: 0.012972 0.013235 0.012980 0.013242 0.012977 0.012970 0.012977 0.012963 0.012980 0.013690 
T_stage 1: 0.076467 0.063044 0.063268 0.063230 0.063731 0.062890 0.063680 0.063952 0.063267 0.063399 
Config: granularity=100000, SDR=1000, ADR=0, Rigid=1, Capture_Method=0
Stage 0: PT=0, T_stage=0.012350, bytes=0, T_capped=0
Stage 1: PT=6, T_stage=0.000000, bytes=33176880, T_capped=0
Group 1: Iters=10, Procs=156, Factors=1.000000, Dist=2, RM=0, SM=1, RS=0, SS=0, parents=260, children=0
Async_Iters: 0
T_iter: 0.292060 0.081638 0.077057 0.079323 0.077087 0.078523 0.078797 0.082491 0.078531 0.079937 
T_stage 0: 0.033292 0.013135 0.013091 0.013131 0.013230 0.013139 0.013043 0.013039 0.013044 0.013024 
T_stage 1: 0.258703 0.068515 0.063977 0.066209 0.063940 0.065411 0.065717 0.069361 0.065381 0.066827 
Config: granularity=100000, SDR=1000, ADR=0, Rigid=1, Capture_Method=0
Stage 0: PT=0, T_stage=0.012350, bytes=0, T_capped=0
Stage 1: PT=6, T_stage=0.000000, bytes=33176880, T_capped=0
Group 1: Iters=10, Procs=156, Factors=1.000000, Dist=2, RM=0, SM=1, RS=0, SS=0, parents=260, children=0
Async_Iters: 0
T_iter: 0.092172 0.086277 0.077673 0.078261 0.077611 0.077142 0.076886 0.077297 0.077417 0.077380 
T_stage 0: 0.012977 0.022014 0.012979 0.013278 0.012980 0.012974 0.012985 0.012984 0.012967 0.012992 
T_stage 1: 0.079028 0.064220 0.064606 0.064873 0.064540 0.064083 0.063797 0.064182 0.064337 0.064275 
Config: granularity=100000, SDR=1000, ADR=0, Rigid=1, Capture_Method=0
Stage 0: PT=0, T_stage=0.012350, bytes=0, T_capped=0
Stage 1: PT=6, T_stage=0.000000, bytes=33176880, T_capped=0
Group 1: Iters=10, Procs=156, Factors=1.000000, Dist=2, RM=0, SM=1, RS=0, SS=0, parents=260, children=0
Async_Iters: 0
T_iter: 0.167618 0.075567 0.075758 0.075175 0.075286 0.074971 0.075218 0.074934 0.075221 0.075978 
T_stage 0: 0.043898 0.012983 0.013297 0.012968 0.012964 0.012969 0.013042 0.012989 0.012974 0.013686 
T_stage 1: 0.138882 0.062489 0.062385 0.062145 0.062260 0.061922 0.062124 0.061914 0.062167 0.062239 
Config: granularity=100000, SDR=1000, ADR=0, Rigid=1, Capture_Method=0
Stage 0: PT=0, T_stage=0.012350, bytes=0, T_capped=0
Stage 1: PT=6, T_stage=0.000000, bytes=33176880, T_capped=0
Group 1: Iters=10, Procs=156, Factors=1.000000, Dist=2, RM=0, SM=1, RS=0, SS=0, parents=260, children=0
Async_Iters: 0
T_iter: 0.090638 0.074960 0.074912 0.074589 0.074173 0.074107 0.074152 0.082250 0.073813 0.074220 
T_stage 0: 0.012968 0.012976 0.012959 0.012970 0.013258 0.013232 0.013397 0.021296 0.012968 0.013026 
T_stage 1: 0.077549 0.061843 0.061877 0.061540 0.060843 0.060834 0.060703 0.060904 0.060791 0.061120 
Config: granularity=100000, SDR=1000, ADR=0, Rigid=1, Capture_Method=0
Stage 0: PT=0, T_stage=0.012350, bytes=0, T_capped=0
Stage 1: PT=6, T_stage=0.000000, bytes=33176880, T_capped=0
Group 1: Iters=10, Procs=156, Factors=1.000000, Dist=2, RM=0, SM=1, RS=0, SS=0, parents=260, children=0
Async_Iters: 0
T_iter: 0.120225 0.077036 0.076969 0.076634 0.076543 0.076557 0.076593 0.076659 0.076510 0.076637 
T_stage 0: 0.032085 0.013252 0.012968 0.012964 0.012969 0.012964 0.012968 0.012969 0.012986 0.012973 
T_stage 1: 0.088142 0.063647 0.063920 0.063552 0.063467 0.063494 0.063490 0.063599 0.063383 0.063512 
