Config: granularity=100000, SDR=1000, ADR=0, Rigid=1, Capture_Method=0
Stage 0: PT=0, T_stage=0.012350, bytes=0, T_capped=0
Stage 1: PT=6, T_stage=0.000000, bytes=33176880, T_capped=0
Group 0: Iters=5, Procs=364, Factors=1.000000, Dist=2, RM=0, SM=0, RS=0, SS=0, parents=0, children=156
Async_Iters: 0
T_iter: 0.094850 0.074592 0.073036 0.077262 0.074409 
T_stage 0: 0.016570 0.013070 0.013075 0.016247 0.013165 
T_stage 1: 0.079093 0.061376 0.059813 0.060937 0.061105 
Config: granularity=100000, SDR=1000, ADR=0, Rigid=1, Capture_Method=0
Stage 0: PT=0, T_stage=0.012350, bytes=0, T_capped=0
Stage 1: PT=6, T_stage=0.000000, bytes=33176880, T_capped=0
Group 0: Iters=5, Procs=364, Factors=1.000000, Dist=2, RM=0, SM=0, RS=0, SS=0, parents=0, children=156
Async_Iters: 0
T_iter: 0.096129 0.074405 0.075048 0.075333 0.076128 
T_stage 0: 0.013098 0.013129 0.013131 0.013128 0.013094 
T_stage 1: 0.082915 0.061106 0.061805 0.062092 0.062921 
Config: granularity=100000, SDR=1000, ADR=0, Rigid=1, Capture_Method=0
Stage 0: PT=0, T_stage=0.012350, bytes=0, T_capped=0
Stage 1: PT=6, T_stage=0.000000, bytes=33176880, T_capped=0
Group 0: Iters=5, Procs=364, Factors=1.000000, Dist=2, RM=0, SM=0, RS=0, SS=0, parents=0, children=156
Async_Iters: 0
T_iter: 0.095217 0.076138 0.074511 0.074199 0.073596 
T_stage 0: 0.012957 0.013402 0.012957 0.013310 0.013044 
T_stage 1: 0.082071 0.062576 0.061413 0.060720 0.060403 
Config: granularity=100000, SDR=1000, ADR=0, Rigid=1, Capture_Method=0
Stage 0: PT=0, T_stage=0.012350, bytes=0, T_capped=0
Stage 1: PT=6, T_stage=0.000000, bytes=33176880, T_capped=0
Group 0: Iters=5, Procs=364, Factors=1.000000, Dist=2, RM=0, SM=0, RS=0, SS=0, parents=0, children=156
Async_Iters: 0
T_iter: 0.113267 0.078649 0.085097 0.076337 0.078969 
T_stage 0: 0.016645 0.018102 0.013183 0.013181 0.016651 
T_stage 1: 0.096480 0.062395 0.071823 0.063023 0.063028 
Config: granularity=100000, SDR=1000, ADR=0, Rigid=1, Capture_Method=0
Stage 0: PT=0, T_stage=0.012350, bytes=0, T_capped=0
Stage 1: PT=6, T_stage=0.000000, bytes=33176880, T_capped=0
Group 0: Iters=5, Procs=364, Factors=1.000000, Dist=2, RM=0, SM=0, RS=0, SS=0, parents=0, children=156
Async_Iters: 0
T_iter: 0.091741 0.091063 0.085076 0.096701 0.074804 
T_stage 0: 0.013195 0.013216 0.013213 0.034022 0.013233 
T_stage 1: 0.078401 0.077290 0.071780 0.062456 0.061454 
Config: granularity=100000, SDR=1000, ADR=0, Rigid=1, Capture_Method=0
Stage 0: PT=0, T_stage=0.012350, bytes=0, T_capped=0
Stage 1: PT=6, T_stage=0.000000, bytes=33176880, T_capped=0
Group 0: Iters=5, Procs=364, Factors=1.000000, Dist=2, RM=0, SM=0, RS=0, SS=0, parents=0, children=156
Async_Iters: 0
T_iter: 0.093549 0.075517 0.075064 0.075018 0.074983 
T_stage 0: 0.013098 0.013315 0.013104 0.013118 0.013162 
T_stage 1: 0.080363 0.062080 0.061820 0.061756 0.061644 
Config: granularity=100000, SDR=1000, ADR=0, Rigid=1, Capture_Method=0
Stage 0: PT=0, T_stage=0.012350, bytes=0, T_capped=0
Stage 1: PT=6, T_stage=0.000000, bytes=33176880, T_capped=0
Group 0: Iters=5, Procs=364, Factors=1.000000, Dist=2, RM=0, SM=0, RS=0, SS=0, parents=0, children=156
Async_Iters: 0
T_iter: 0.089794 0.074599 0.076136 0.076178 0.075948 
T_stage 0: 0.013432 0.013756 0.013441 0.013473 0.013460 
T_stage 1: 0.076244 0.060730 0.062570 0.062625 0.062378 
Config: granularity=100000, SDR=1000, ADR=0, Rigid=1, Capture_Method=0
Stage 0: PT=0, T_stage=0.012350, bytes=0, T_capped=0
Stage 1: PT=6, T_stage=0.000000, bytes=33176880, T_capped=0
Group 0: Iters=5, Procs=364, Factors=1.000000, Dist=2, RM=0, SM=0, RS=0, SS=0, parents=0, children=156
Async_Iters: 0
T_iter: 0.093249 0.074173 0.072685 0.072934 0.074016 
T_stage 0: 0.012950 0.012957 0.012971 0.013029 0.012972 
T_stage 1: 0.080144 0.061011 0.059484 0.059709 0.060971 
Config: granularity=100000, SDR=1000, ADR=0, Rigid=1, Capture_Method=0
Stage 0: PT=0, T_stage=0.012350, bytes=0, T_capped=0
Stage 1: PT=6, T_stage=0.000000, bytes=33176880, T_capped=0
Group 0: Iters=5, Procs=364, Factors=1.000000, Dist=2, RM=0, SM=0, RS=0, SS=0, parents=0, children=156
Async_Iters: 0
T_iter: 0.098544 0.074118 0.077917 0.074095 0.074227 
T_stage 0: 0.013165 0.013205 0.013281 0.013235 0.013215 
T_stage 1: 0.085239 0.060788 0.064501 0.060750 0.060868 
Config: granularity=100000, SDR=1000, ADR=0, Rigid=1, Capture_Method=0
Stage 0: PT=0, T_stage=0.012350, bytes=0, T_capped=0
Stage 1: PT=6, T_stage=0.000000, bytes=33176880, T_capped=0
Group 0: Iters=5, Procs=364, Factors=1.000000, Dist=2, RM=0, SM=0, RS=0, SS=0, parents=0, children=156
Async_Iters: 0
T_iter: 0.092388 0.074866 0.089989 0.073575 0.077094 
T_stage 0: 0.013067 0.013122 0.013122 0.013096 0.013094 
T_stage 1: 0.079184 0.061655 0.076786 0.060358 0.063856 
Config: granularity=100000, SDR=1000, ADR=0, Rigid=1, Capture_Method=0
Stage 0: PT=0, T_stage=0.012350, bytes=0, T_capped=0
Stage 1: PT=6, T_stage=0.000000, bytes=33176880, T_capped=0
Group 0: Iters=5, Procs=364, Factors=1.000000, Dist=2, RM=0, SM=0, RS=0, SS=0, parents=0, children=156
Async_Iters: 0
T_iter: 0.092488 0.072811 0.072982 0.073394 0.073290 
T_stage 0: 0.013010 0.012976 0.012960 0.012987 0.012978 
T_stage 1: 0.079343 0.059764 0.059869 0.060293 0.060149 
Config: granularity=100000, SDR=1000, ADR=0, Rigid=1, Capture_Method=0
Stage 0: PT=0, T_stage=0.012350, bytes=0, T_capped=0
Stage 1: PT=6, T_stage=0.000000, bytes=33176880, T_capped=0
Group 0: Iters=5, Procs=364, Factors=1.000000, Dist=2, RM=0, SM=0, RS=0, SS=0, parents=0, children=156
Async_Iters: 0
T_iter: 0.092166 0.082286 0.081542 0.081391 0.086074 
T_stage 0: 0.012986 0.012972 0.015459 0.018039 0.012974 
T_stage 1: 0.079133 0.069206 0.065965 0.063199 0.072998 
Config: granularity=100000, SDR=1000, ADR=0, Rigid=1, Capture_Method=0
Stage 0: PT=0, T_stage=0.012350, bytes=0, T_capped=0
Stage 1: PT=6, T_stage=0.000000, bytes=33176880, T_capped=0
Group 0: Iters=5, Procs=364, Factors=1.000000, Dist=2, RM=0, SM=0, RS=0, SS=0, parents=0, children=156
Async_Iters: 0
T_iter: 0.091123 0.075056 0.076077 0.075896 0.077002 
T_stage 0: 0.013345 0.013483 0.013356 0.013314 0.013335 
T_stage 1: 0.077608 0.061460 0.062545 0.062442 0.063599 
Config: granularity=100000, SDR=1000, ADR=0, Rigid=1, Capture_Method=0
Stage 0: PT=0, T_stage=0.012350, bytes=0, T_capped=0
Stage 1: PT=6, T_stage=0.000000, bytes=33176880, T_capped=0
Group 0: Iters=5, Procs=364, Factors=1.000000, Dist=2, RM=0, SM=0, RS=0, SS=0, parents=0, children=156
Async_Iters: 0
T_iter: 0.093780 0.073666 0.074120 0.075392 0.073955 
T_stage 0: 0.012977 0.013257 0.013002 0.012985 0.012967 
T_stage 1: 0.080619 0.060223 0.060989 0.062283 0.060786 
Config: granularity=100000, SDR=1000, ADR=0, Rigid=1, Capture_Method=0
Stage 0: PT=0, T_stage=0.012350, bytes=0, T_capped=0
Stage 1: PT=6, T_stage=0.000000, bytes=33176880, T_capped=0
Group 0: Iters=5, Procs=364, Factors=1.000000, Dist=2, RM=0, SM=0, RS=0, SS=0, parents=0, children=156
Async_Iters: 0
T_iter: 0.092978 0.073880 0.072369 0.072558 0.073407 
T_stage 0: 0.013180 0.013267 0.013220 0.013228 0.013206 
T_stage 1: 0.079614 0.060491 0.059010 0.059153 0.060006 
Config: granularity=100000, SDR=1000, ADR=0, Rigid=1, Capture_Method=0
Stage 0: PT=0, T_stage=0.012350, bytes=0, T_capped=0
Stage 1: PT=6, T_stage=0.000000, bytes=33176880, T_capped=0
Group 0: Iters=5, Procs=364, Factors=1.000000, Dist=2, RM=0, SM=0, RS=0, SS=0, parents=0, children=156
Async_Iters: 0
T_iter: 0.093766 0.079161 0.079107 0.076222 0.082074 
T_stage 0: 0.012998 0.015663 0.012977 0.012995 0.016934 
T_stage 1: 0.080622 0.063328 0.065974 0.063176 0.065044 
Config: granularity=100000, SDR=1000, ADR=0, Rigid=1, Capture_Method=0
Stage 0: PT=0, T_stage=0.012350, bytes=0, T_capped=0
Stage 1: PT=6, T_stage=0.000000, bytes=33176880, T_capped=0
Group 0: Iters=5, Procs=364, Factors=1.000000, Dist=2, RM=0, SM=0, RS=0, SS=0, parents=0, children=156
Async_Iters: 0
T_iter: 0.091422 0.073092 0.073435 0.073410 0.073383 
T_stage 0: 0.013094 0.013274 0.013121 0.013103 0.013101 
T_stage 1: 0.078181 0.059714 0.060201 0.060199 0.060132 
Config: granularity=100000, SDR=1000, ADR=0, Rigid=1, Capture_Method=0
Stage 0: PT=0, T_stage=0.012350, bytes=0, T_capped=0
Stage 1: PT=6, T_stage=0.000000, bytes=33176880, T_capped=0
Group 0: Iters=5, Procs=364, Factors=1.000000, Dist=2, RM=0, SM=0, RS=0, SS=0, parents=0, children=156
Async_Iters: 0
T_iter: 0.097357 0.080899 0.080497 0.080696 0.081286 
T_stage 0: 0.013010 0.013290 0.013017 0.013038 0.013064 
T_stage 1: 0.084181 0.067477 0.067354 0.067527 0.068016 
Config: granularity=100000, SDR=1000, ADR=0, Rigid=1, Capture_Method=0
Stage 0: PT=0, T_stage=0.012350, bytes=0, T_capped=0
Stage 1: PT=6, T_stage=0.000000, bytes=33176880, T_capped=0
Group 0: Iters=5, Procs=364, Factors=1.000000, Dist=2, RM=0, SM=0, RS=0, SS=0, parents=0, children=156
Async_Iters: 0
T_iter: 0.096812 0.079413 0.079829 0.079770 0.079954 
T_stage 0: 0.013096 0.013283 0.013116 0.013084 0.013133 
T_stage 1: 0.083517 0.066011 0.066522 0.066447 0.066642 
Config: granularity=100000, SDR=1000, ADR=0, Rigid=1, Capture_Method=0
Stage 0: PT=0, T_stage=0.012350, bytes=0, T_capped=0
Stage 1: PT=6, T_stage=0.000000, bytes=33176880, T_capped=0
Group 0: Iters=5, Procs=364, Factors=1.000000, Dist=2, RM=0, SM=0, RS=0, SS=0, parents=0, children=156
Async_Iters: 0
T_iter: 0.088859 0.075442 0.074690 0.075879 0.075121 
T_stage 0: 0.013086 0.013184 0.013138 0.013136 0.013130 
T_stage 1: 0.075571 0.062109 0.061406 0.062554 0.061882 
