Config: granularity=100000, SDR=1000, ADR=0, Rigid=1, Capture_Method=0
Stage 0: PT=0, T_stage=0.012350, bytes=0, T_capped=0
Stage 1: PT=6, T_stage=0.000000, bytes=33176880, T_capped=0
Group 1: Iters=10, Procs=156, Factors=1.000000, Dist=2, RM=0, SM=1, RS=0, SS=0, parents=364, children=0
Async_Iters: 0
T_iter: 0.126020 0.084487 0.084591 0.084624 0.088261 0.084781 0.088266 0.084434 0.084171 0.089746 
T_stage 0: 0.039111 0.013318 0.013098 0.013067 0.016456 0.013076 0.013064 0.013082 0.013049 0.018489 
T_stage 1: 0.086892 0.071145 0.071441 0.071439 0.071775 0.071629 0.075128 0.071259 0.070987 0.071197 
Config: granularity=100000, SDR=1000, ADR=0, Rigid=1, Capture_Method=0
Stage 0: PT=0, T_stage=0.012350, bytes=0, T_capped=0
Stage 1: PT=6, T_stage=0.000000, bytes=33176880, T_capped=0
Group 1: Iters=10, Procs=156, Factors=1.000000, Dist=2, RM=0, SM=1, RS=0, SS=0, parents=364, children=0
Async_Iters: 0
T_iter: 0.132223 0.086397 0.086098 0.085414 0.085521 0.085230 0.085445 0.085099 0.085382 0.086399 
T_stage 0: 0.032003 0.013421 0.013103 0.013068 0.013065 0.013116 0.013091 0.013069 0.013046 0.013100 
T_stage 1: 0.101702 0.072839 0.072875 0.072211 0.072334 0.072048 0.072275 0.071936 0.072201 0.073205 
Config: granularity=100000, SDR=1000, ADR=0, Rigid=1, Capture_Method=0
Stage 0: PT=0, T_stage=0.012350, bytes=0, T_capped=0
Stage 1: PT=6, T_stage=0.000000, bytes=33176880, T_capped=0
Group 1: Iters=10, Procs=156, Factors=1.000000, Dist=2, RM=0, SM=1, RS=0, SS=0, parents=364, children=0
Async_Iters: 0
T_iter: 0.100027 0.083867 0.083951 0.083740 0.083862 0.083711 0.083894 0.083558 0.083897 0.083786 
T_stage 0: 0.012955 0.012985 0.012999 0.012917 0.012960 0.012909 0.012982 0.013002 0.013085 0.012960 
T_stage 1: 0.086964 0.070805 0.070766 0.070716 0.070707 0.070580 0.070858 0.070466 0.070748 0.070736 
Config: granularity=100000, SDR=1000, ADR=0, Rigid=1, Capture_Method=0
Stage 0: PT=0, T_stage=0.012350, bytes=0, T_capped=0
Stage 1: PT=6, T_stage=0.000000, bytes=33176880, T_capped=0
Group 1: Iters=10, Procs=156, Factors=1.000000, Dist=2, RM=0, SM=1, RS=0, SS=0, parents=364, children=0
Async_Iters: 0
T_iter: 0.115534 0.082085 0.082284 0.082297 0.082084 0.082238 0.081676 0.081679 0.083780 0.081771 
T_stage 0: 0.035207 0.013304 0.012971 0.013004 0.012973 0.013488 0.012961 0.012973 0.012952 0.012984 
T_stage 1: 0.083192 0.068659 0.069230 0.069241 0.069045 0.068692 0.068630 0.068642 0.070762 0.068727 
Config: granularity=100000, SDR=1000, ADR=0, Rigid=1, Capture_Method=0
Stage 0: PT=0, T_stage=0.012350, bytes=0, T_capped=0
Stage 1: PT=6, T_stage=0.000000, bytes=33176880, T_capped=0
Group 1: Iters=10, Procs=156, Factors=1.000000, Dist=2, RM=0, SM=1, RS=0, SS=0, parents=364, children=0
Async_Iters: 0
T_iter: 0.284159 0.187497 0.098229 0.098490 0.098229 0.098307 0.098045 0.098718 0.098642 0.099451 
T_stage 0: 0.032015 0.039977 0.013059 0.013182 0.013049 0.013100 0.013068 0.013063 0.013054 0.013378 
T_stage 1: 0.247608 0.158836 0.085163 0.085346 0.085157 0.085180 0.084970 0.085642 0.085538 0.086082 
Config: granularity=100000, SDR=1000, ADR=0, Rigid=1, Capture_Method=0
Stage 0: PT=0, T_stage=0.012350, bytes=0, T_capped=0
Stage 1: PT=6, T_stage=0.000000, bytes=33176880, T_capped=0
Group 1: Iters=10, Procs=156, Factors=1.000000, Dist=2, RM=0, SM=1, RS=0, SS=0, parents=364, children=0
Async_Iters: 0
T_iter: 0.099126 0.100011 0.083861 0.083764 0.083886 0.083066 0.083588 0.083486 0.083434 0.084906 
T_stage 0: 0.013041 0.028990 0.013255 0.013071 0.013074 0.013106 0.013070 0.013054 0.013071 0.013127 
T_stage 1: 0.085952 0.070962 0.070514 0.070601 0.070722 0.069865 0.070404 0.070315 0.070240 0.071683 
Config: granularity=100000, SDR=1000, ADR=0, Rigid=1, Capture_Method=0
Stage 0: PT=0, T_stage=0.012350, bytes=0, T_capped=0
Stage 1: PT=6, T_stage=0.000000, bytes=33176880, T_capped=0
Group 1: Iters=10, Procs=156, Factors=1.000000, Dist=2, RM=0, SM=1, RS=0, SS=0, parents=364, children=0
Async_Iters: 0
T_iter: 0.136096 0.080986 0.080748 0.084076 0.081275 0.081061 0.081012 0.081033 0.080867 0.081200 
T_stage 0: 0.030489 0.012955 0.012976 0.012974 0.013286 0.013002 0.012977 0.013003 0.012957 0.013025 
T_stage 1: 0.108912 0.067847 0.067690 0.070987 0.067977 0.067996 0.067969 0.067971 0.067825 0.068103 
Config: granularity=100000, SDR=1000, ADR=0, Rigid=1, Capture_Method=0
Stage 0: PT=0, T_stage=0.012350, bytes=0, T_capped=0
Stage 1: PT=6, T_stage=0.000000, bytes=33176880, T_capped=0
Group 1: Iters=10, Procs=156, Factors=1.000000, Dist=2, RM=0, SM=1, RS=0, SS=0, parents=364, children=0
Async_Iters: 0
T_iter: 0.254977 0.078704 0.078884 0.079058 0.078650 0.078851 0.079542 0.078898 0.078422 0.079057 
T_stage 0: 0.032009 0.013297 0.012995 0.012982 0.012943 0.012961 0.012979 0.012935 0.012962 0.012997 
T_stage 1: 0.222888 0.065373 0.065777 0.065966 0.065612 0.065715 0.066443 0.065849 0.065366 0.065949 
Config: granularity=100000, SDR=1000, ADR=0, Rigid=1, Capture_Method=0
Stage 0: PT=0, T_stage=0.012350, bytes=0, T_capped=0
Stage 1: PT=6, T_stage=0.000000, bytes=33176880, T_capped=0
Group 1: Iters=10, Procs=156, Factors=1.000000, Dist=2, RM=0, SM=1, RS=0, SS=0, parents=364, children=0
Async_Iters: 0
T_iter: 0.102667 0.081305 0.081884 0.082123 0.082134 0.082024 0.082063 0.081715 0.081769 0.082124 
T_stage 0: 0.016590 0.012957 0.013079 0.013084 0.013026 0.012949 0.012972 0.012982 0.012974 0.012971 
T_stage 1: 0.085985 0.068115 0.068775 0.069003 0.069083 0.068989 0.069010 0.068645 0.068717 0.069069 
Config: granularity=100000, SDR=1000, ADR=0, Rigid=1, Capture_Method=0
Stage 0: PT=0, T_stage=0.012350, bytes=0, T_capped=0
Stage 1: PT=6, T_stage=0.000000, bytes=33176880, T_capped=0
Group 1: Iters=10, Procs=156, Factors=1.000000, Dist=2, RM=0, SM=1, RS=0, SS=0, parents=364, children=0
Async_Iters: 0
T_iter: 0.097082 0.081946 0.098383 0.081994 0.081872 0.080725 0.081166 0.081229 0.085236 0.080894 
T_stage 0: 0.012936 0.013028 0.029548 0.013343 0.013084 0.013094 0.013068 0.013118 0.016812 0.012950 
T_stage 1: 0.084021 0.068884 0.068753 0.068588 0.068751 0.067576 0.068064 0.068122 0.068386 0.067835 
Config: granularity=100000, SDR=1000, ADR=0, Rigid=1, Capture_Method=0
Stage 0: PT=0, T_stage=0.012350, bytes=0, T_capped=0
Stage 1: PT=6, T_stage=0.000000, bytes=33176880, T_capped=0
Group 1: Iters=10, Procs=156, Factors=1.000000, Dist=2, RM=0, SM=1, RS=0, SS=0, parents=364, children=0
Async_Iters: 0
T_iter: 0.119441 0.085858 0.085627 0.085264 0.085550 0.085656 0.086095 0.085791 0.085856 0.084763 
T_stage 0: 0.032567 0.013046 0.012997 0.012951 0.012983 0.012985 0.012950 0.012980 0.013054 0.012965 
T_stage 1: 0.086802 0.072721 0.072533 0.072215 0.072481 0.072559 0.073052 0.072712 0.072699 0.071703 
Config: granularity=100000, SDR=1000, ADR=0, Rigid=1, Capture_Method=0
Stage 0: PT=0, T_stage=0.012350, bytes=0, T_capped=0
Stage 1: PT=6, T_stage=0.000000, bytes=33176880, T_capped=0
Group 1: Iters=10, Procs=156, Factors=1.000000, Dist=2, RM=0, SM=1, RS=0, SS=0, parents=364, children=0
Async_Iters: 0
T_iter: 0.135298 0.085536 0.097332 0.085360 0.085315 0.085682 0.085818 0.085197 0.085439 0.085298 
T_stage 0: 0.046240 0.013342 0.025114 0.012991 0.013036 0.013039 0.012996 0.012982 0.012993 0.012967 
T_stage 1: 0.088984 0.072097 0.072181 0.072282 0.072218 0.072525 0.072729 0.072196 0.072357 0.072243 
Config: granularity=100000, SDR=1000, ADR=0, Rigid=1, Capture_Method=0
Stage 0: PT=0, T_stage=0.012350, bytes=0, T_capped=0
Stage 1: PT=6, T_stage=0.000000, bytes=33176880, T_capped=0
Group 1: Iters=10, Procs=156, Factors=1.000000, Dist=2, RM=0, SM=1, RS=0, SS=0, parents=364, children=0
Async_Iters: 0
T_iter: 0.102031 0.080344 0.085280 0.085237 0.080253 0.080355 0.080236 0.080537 0.079919 0.080202 
T_stage 0: 0.019244 0.013154 0.017799 0.013209 0.013083 0.013090 0.013102 0.013065 0.013108 0.013064 
T_stage 1: 0.082852 0.066925 0.067378 0.071970 0.067088 0.067192 0.067045 0.067211 0.066743 0.067041 
Config: granularity=100000, SDR=1000, ADR=0, Rigid=1, Capture_Method=0
Stage 0: PT=0, T_stage=0.012350, bytes=0, T_capped=0
Stage 1: PT=6, T_stage=0.000000, bytes=33176880, T_capped=0
Group 1: Iters=10, Procs=156, Factors=1.000000, Dist=2, RM=0, SM=1, RS=0, SS=0, parents=364, children=0
Async_Iters: 0
T_iter: 0.132457 0.078087 0.077622 0.078271 0.077520 0.077495 0.077468 0.077645 0.077470 0.077553 
T_stage 0: 0.053182 0.012930 0.013276 0.013721 0.012957 0.012964 0.012942 0.012995 0.012960 0.012981 
T_stage 1: 0.079244 0.065004 0.064271 0.064466 0.064466 0.064448 0.064418 0.064593 0.064428 0.064490 
Config: granularity=100000, SDR=1000, ADR=0, Rigid=1, Capture_Method=0
Stage 0: PT=0, T_stage=0.012350, bytes=0, T_capped=0
Stage 1: PT=6, T_stage=0.000000, bytes=33176880, T_capped=0
Group 1: Iters=10, Procs=156, Factors=1.000000, Dist=2, RM=0, SM=1, RS=0, SS=0, parents=364, children=0
Async_Iters: 0
T_iter: 0.162125 0.084907 0.086523 0.084110 0.084448 0.091501 0.084605 0.084701 0.084554 0.084354 
T_stage 0: 0.054250 0.012970 0.013021 0.012969 0.012966 0.020228 0.012953 0.012971 0.012952 0.012978 
T_stage 1: 0.107765 0.071869 0.073455 0.071064 0.071408 0.071235 0.071559 0.071648 0.071500 0.071284 
Config: granularity=100000, SDR=1000, ADR=0, Rigid=1, Capture_Method=0
Stage 0: PT=0, T_stage=0.012350, bytes=0, T_capped=0
Stage 1: PT=6, T_stage=0.000000, bytes=33176880, T_capped=0
Group 1: Iters=10, Procs=156, Factors=1.000000, Dist=2, RM=0, SM=1, RS=0, SS=0, parents=364, children=0
Async_Iters: 0
T_iter: 0.095351 0.080502 0.081979 0.081741 0.089851 0.081708 0.098774 0.081272 0.081526 0.081397 
T_stage 0: 0.012903 0.013600 0.013311 0.013242 0.021520 0.013000 0.030501 0.012944 0.013000 0.012971 
T_stage 1: 0.082174 0.066826 0.068587 0.068412 0.068302 0.068607 0.068254 0.068231 0.068417 0.068321 
Config: granularity=100000, SDR=1000, ADR=0, Rigid=1, Capture_Method=0
Stage 0: PT=0, T_stage=0.012350, bytes=0, T_capped=0
Stage 1: PT=6, T_stage=0.000000, bytes=33176880, T_capped=0
Group 1: Iters=10, Procs=156, Factors=1.000000, Dist=2, RM=0, SM=1, RS=0, SS=0, parents=364, children=0
Async_Iters: 0
T_iter: 0.126287 0.081179 0.081185 0.080946 0.081166 0.081014 0.080989 0.082038 0.080903 0.080920 
T_stage 0: 0.032000 0.013274 0.013210 0.013094 0.013117 0.013108 0.013152 0.013103 0.013098 0.013068 
T_stage 1: 0.097591 0.067816 0.067974 0.067758 0.067977 0.067800 0.067750 0.068867 0.067724 0.067754 
Config: granularity=100000, SDR=1000, ADR=0, Rigid=1, Capture_Method=0
Stage 0: PT=0, T_stage=0.012350, bytes=0, T_capped=0
Stage 1: PT=6, T_stage=0.000000, bytes=33176880, T_capped=0
Group 1: Iters=10, Procs=156, Factors=1.000000, Dist=2, RM=0, SM=1, RS=0, SS=0, parents=364, children=0
Async_Iters: 0
T_iter: 0.123343 0.078459 0.078139 0.078168 0.078029 0.077115 0.077996 0.077877 0.077745 0.077927 
T_stage 0: 0.043152 0.013250 0.012994 0.013051 0.013053 0.012999 0.013138 0.013051 0.013079 0.013061 
T_stage 1: 0.080151 0.065097 0.065076 0.065046 0.064891 0.064063 0.064791 0.064694 0.064607 0.064762 
Config: granularity=100000, SDR=1000, ADR=0, Rigid=1, Capture_Method=0
Stage 0: PT=0, T_stage=0.012350, bytes=0, T_capped=0
Stage 1: PT=6, T_stage=0.000000, bytes=33176880, T_capped=0
Group 1: Iters=10, Procs=156, Factors=1.000000, Dist=2, RM=0, SM=1, RS=0, SS=0, parents=364, children=0
Async_Iters: 0
T_iter: 0.107610 0.078642 0.077767 0.077874 0.077855 0.078187 0.077720 0.077982 0.077745 0.077952 
T_stage 0: 0.026893 0.013095 0.013120 0.013074 0.013149 0.013144 0.013114 0.013133 0.013079 0.013083 
T_stage 1: 0.080536 0.065401 0.064565 0.064665 0.064607 0.064923 0.064495 0.064741 0.064564 0.064758 
Config: granularity=100000, SDR=1000, ADR=0, Rigid=1, Capture_Method=0
Stage 0: PT=0, T_stage=0.012350, bytes=0, T_capped=0
Stage 1: PT=6, T_stage=0.000000, bytes=33176880, T_capped=0
Group 1: Iters=10, Procs=156, Factors=1.000000, Dist=2, RM=0, SM=1, RS=0, SS=0, parents=364, children=0
Async_Iters: 0
T_iter: 0.105373 0.082365 0.079708 0.078295 0.080511 0.078463 0.079285 0.078319 0.086350 0.078441 
T_stage 0: 0.024611 0.013151 0.014762 0.013269 0.013126 0.013079 0.014198 0.013096 0.017510 0.013107 
T_stage 1: 0.080616 0.069157 0.064901 0.064918 0.067297 0.065281 0.064993 0.065079 0.068750 0.065228 
