Config: granularity=100000, SDR=1000, ADR=0, Rigid=1, Capture_Method=0
Stage 0: PT=0, T_stage=0.012350, bytes=0, T_capped=0
Stage 1: PT=6, T_stage=0.000000, bytes=33176880, T_capped=0
Group 1: Iters=10, Procs=156, Factors=1.000000, Dist=2, RM=0, SM=1, RS=0, SS=0, parents=416, children=0
Async_Iters: 0
T_iter: 0.097172 0.081518 0.081533 0.081572 0.081243 0.081564 0.080970 0.081194 0.081141 0.081178 
T_stage 0: 0.012920 0.013010 0.013004 0.013351 0.012985 0.012963 0.012943 0.012963 0.012969 0.012970 
T_stage 1: 0.084055 0.068475 0.068431 0.068194 0.068200 0.068521 0.067912 0.068119 0.068092 0.068094 
Config: granularity=100000, SDR=1000, ADR=0, Rigid=1, Capture_Method=0
Stage 0: PT=0, T_stage=0.012350, bytes=0, T_capped=0
Stage 1: PT=6, T_stage=0.000000, bytes=33176880, T_capped=0
Group 1: Iters=10, Procs=156, Factors=1.000000, Dist=2, RM=0, SM=1, RS=0, SS=0, parents=416, children=0
Async_Iters: 0
T_iter: 0.158079 0.092242 0.088459 0.089904 0.088304 0.088415 0.088585 0.091872 0.088817 0.090878 
T_stage 0: 0.032001 0.016957 0.012981 0.013001 0.012947 0.012959 0.012996 0.013045 0.013094 0.012961 
T_stage 1: 0.126982 0.075209 0.075388 0.076819 0.075272 0.075357 0.075500 0.078742 0.075666 0.077815 
Config: granularity=100000, SDR=1000, ADR=0, Rigid=1, Capture_Method=0
Stage 0: PT=0, T_stage=0.012350, bytes=0, T_capped=0
Stage 1: PT=6, T_stage=0.000000, bytes=33176880, T_capped=0
Group 1: Iters=10, Procs=156, Factors=1.000000, Dist=2, RM=0, SM=1, RS=0, SS=0, parents=416, children=0
Async_Iters: 0
T_iter: 0.105970 0.088371 0.088645 0.088732 0.088322 0.088515 0.088583 0.088604 0.093081 0.089432 
T_stage 0: 0.012938 0.012950 0.012943 0.012955 0.012982 0.012974 0.012971 0.012992 0.012984 0.013809 
T_stage 1: 0.092922 0.075322 0.075611 0.075696 0.075193 0.075425 0.075414 0.075466 0.079714 0.075591 
Config: granularity=100000, SDR=1000, ADR=0, Rigid=1, Capture_Method=0
Stage 0: PT=0, T_stage=0.012350, bytes=0, T_capped=0
Stage 1: PT=6, T_stage=0.000000, bytes=33176880, T_capped=0
Group 1: Iters=10, Procs=156, Factors=1.000000, Dist=2, RM=0, SM=1, RS=0, SS=0, parents=416, children=0
Async_Iters: 0
T_iter: 0.104961 0.087425 0.088724 0.087023 0.087086 0.089682 0.087448 0.086964 0.087419 0.087357 
T_stage 0: 0.013001 0.013022 0.013336 0.013089 0.013029 0.013050 0.013030 0.013036 0.013029 0.013016 
T_stage 1: 0.091864 0.074272 0.075278 0.073863 0.073933 0.076576 0.074351 0.073860 0.074289 0.074217 
Config: granularity=100000, SDR=1000, ADR=0, Rigid=1, Capture_Method=0
Stage 0: PT=0, T_stage=0.012350, bytes=0, T_capped=0
Stage 1: PT=6, T_stage=0.000000, bytes=33176880, T_capped=0
Group 1: Iters=10, Procs=156, Factors=1.000000, Dist=2, RM=0, SM=1, RS=0, SS=0, parents=416, children=0
Async_Iters: 0
T_iter: 0.100787 0.084249 0.083994 0.083547 0.084051 0.082923 0.083435 0.083774 0.083719 0.083292 
T_stage 0: 0.013032 0.013250 0.012992 0.012963 0.012955 0.012972 0.012965 0.012978 0.012945 0.012966 
T_stage 1: 0.087654 0.070946 0.070904 0.070505 0.070995 0.069853 0.070371 0.070692 0.070669 0.070203 
Config: granularity=100000, SDR=1000, ADR=0, Rigid=1, Capture_Method=0
Stage 0: PT=0, T_stage=0.012350, bytes=0, T_capped=0
Stage 1: PT=6, T_stage=0.000000, bytes=33176880, T_capped=0
Group 1: Iters=10, Procs=156, Factors=1.000000, Dist=2, RM=0, SM=1, RS=0, SS=0, parents=416, children=0
Async_Iters: 0
T_iter: 0.151972 0.081605 0.080617 0.081482 0.080822 0.081209 0.081449 0.081368 0.081041 0.081016 
T_stage 0: 0.037464 0.013269 0.012961 0.012972 0.013019 0.012930 0.013439 0.012951 0.012962 0.012979 
T_stage 1: 0.114402 0.068247 0.067535 0.068310 0.067728 0.068191 0.067922 0.068355 0.067991 0.067952 
Config: granularity=100000, SDR=1000, ADR=0, Rigid=1, Capture_Method=0
Stage 0: PT=0, T_stage=0.012350, bytes=0, T_capped=0
Stage 1: PT=6, T_stage=0.000000, bytes=33176880, T_capped=0
Group 1: Iters=10, Procs=156, Factors=1.000000, Dist=2, RM=0, SM=1, RS=0, SS=0, parents=416, children=0
Async_Iters: 0
T_iter: 0.203975 0.092129 0.092239 0.091985 0.091815 0.091869 0.092158 0.091898 0.091916 0.092180 
T_stage 0: 0.037618 0.012980 0.013071 0.013011 0.012985 0.012990 0.012978 0.012952 0.012991 0.012959 
T_stage 1: 0.166221 0.079048 0.079092 0.078879 0.078776 0.078805 0.079097 0.078865 0.078869 0.079208 
Config: granularity=100000, SDR=1000, ADR=0, Rigid=1, Capture_Method=0
Stage 0: PT=0, T_stage=0.012350, bytes=0, T_capped=0
Stage 1: PT=6, T_stage=0.000000, bytes=33176880, T_capped=0
Group 1: Iters=10, Procs=156, Factors=1.000000, Dist=2, RM=0, SM=1, RS=0, SS=0, parents=416, children=0
Async_Iters: 0
T_iter: 0.106903 0.090398 0.089581 0.089465 0.089953 0.089742 0.089927 0.095533 0.090705 0.089815 
T_stage 0: 0.013380 0.013430 0.013428 0.013405 0.013460 0.013413 0.013437 0.018904 0.013434 0.013447 
T_stage 1: 0.093395 0.076836 0.076018 0.075962 0.076405 0.076223 0.076406 0.076553 0.077184 0.076285 
Config: granularity=100000, SDR=1000, ADR=0, Rigid=1, Capture_Method=0
Stage 0: PT=0, T_stage=0.012350, bytes=0, T_capped=0
Stage 1: PT=6, T_stage=0.000000, bytes=33176880, T_capped=0
Group 1: Iters=10, Procs=156, Factors=1.000000, Dist=2, RM=0, SM=1, RS=0, SS=0, parents=416, children=0
Async_Iters: 0
T_iter: 0.103715 0.086676 0.087402 0.086767 0.086545 0.086914 0.086965 0.086788 0.086637 0.086877 
T_stage 0: 0.012908 0.013018 0.013250 0.012968 0.012959 0.013105 0.012985 0.012969 0.012970 0.012956 
T_stage 1: 0.090692 0.073658 0.074053 0.073728 0.073498 0.073719 0.073900 0.073717 0.073585 0.073814 
Config: granularity=100000, SDR=1000, ADR=0, Rigid=1, Capture_Method=0
Stage 0: PT=0, T_stage=0.012350, bytes=0, T_capped=0
Stage 1: PT=6, T_stage=0.000000, bytes=33176880, T_capped=0
Group 1: Iters=10, Procs=156, Factors=1.000000, Dist=2, RM=0, SM=1, RS=0, SS=0, parents=416, children=0
Async_Iters: 0
T_iter: 0.274222 0.084882 0.084606 0.084491 0.084854 0.084511 0.084482 0.084648 0.084618 0.084596 
T_stage 0: 0.058181 0.012984 0.012938 0.012962 0.013425 0.012952 0.012965 0.012983 0.013031 0.012965 
T_stage 1: 0.229988 0.071806 0.071541 0.071446 0.071374 0.071488 0.071416 0.071614 0.071516 0.071561 
Config: granularity=100000, SDR=1000, ADR=0, Rigid=1, Capture_Method=0
Stage 0: PT=0, T_stage=0.012350, bytes=0, T_capped=0
Stage 1: PT=6, T_stage=0.000000, bytes=33176880, T_capped=0
Group 1: Iters=10, Procs=156, Factors=1.000000, Dist=2, RM=0, SM=1, RS=0, SS=0, parents=416, children=0
Async_Iters: 0
T_iter: 0.105075 0.087989 0.088106 0.088063 0.086867 0.087186 0.087200 0.086968 0.086846 0.086978 
T_stage 0: 0.013081 0.012968 0.013246 0.013060 0.013010 0.012958 0.012979 0.012962 0.012997 0.012961 
T_stage 1: 0.091879 0.074912 0.074784 0.074891 0.073801 0.074156 0.074086 0.073907 0.073789 0.073906 
Config: granularity=100000, SDR=1000, ADR=0, Rigid=1, Capture_Method=0
Stage 0: PT=0, T_stage=0.012350, bytes=0, T_capped=0
Stage 1: PT=6, T_stage=0.000000, bytes=33176880, T_capped=0
Group 1: Iters=10, Procs=156, Factors=1.000000, Dist=2, RM=0, SM=1, RS=0, SS=0, parents=416, children=0
Async_Iters: 0
T_iter: 0.141415 0.086811 0.087086 0.086923 0.086587 0.086417 0.086522 0.086608 0.086808 0.086860 
T_stage 0: 0.050701 0.013239 0.013327 0.013022 0.013084 0.012959 0.012963 0.012964 0.012948 0.012971 
T_stage 1: 0.090662 0.073488 0.073725 0.073723 0.073403 0.073373 0.073461 0.073570 0.073771 0.073810 
Config: granularity=100000, SDR=1000, ADR=0, Rigid=1, Capture_Method=0
Stage 0: PT=0, T_stage=0.012350, bytes=0, T_capped=0
Stage 1: PT=6, T_stage=0.000000, bytes=33176880, T_capped=0
Group 1: Iters=10, Procs=156, Factors=1.000000, Dist=2, RM=0, SM=1, RS=0, SS=0, parents=416, children=0
Async_Iters: 0
T_iter: 0.106798 0.090428 0.089055 0.090314 0.090806 0.090746 0.090064 0.090777 0.090733 0.090262 
T_stage 0: 0.013664 0.013259 0.013286 0.012978 0.012992 0.012983 0.012983 0.013025 0.012969 0.012971 
T_stage 1: 0.093030 0.077100 0.075646 0.077245 0.077703 0.077725 0.076965 0.077686 0.077667 0.077190 
Config: granularity=100000, SDR=1000, ADR=0, Rigid=1, Capture_Method=0
Stage 0: PT=0, T_stage=0.012350, bytes=0, T_capped=0
Stage 1: PT=6, T_stage=0.000000, bytes=33176880, T_capped=0
Group 1: Iters=10, Procs=156, Factors=1.000000, Dist=2, RM=0, SM=1, RS=0, SS=0, parents=416, children=0
Async_Iters: 0
T_iter: 0.139010 0.091915 0.091926 0.091397 0.091717 0.091828 0.092007 0.092290 0.091970 0.092045 
T_stage 0: 0.031996 0.012965 0.013176 0.012960 0.012908 0.012980 0.012959 0.012992 0.013002 0.012953 
T_stage 1: 0.110378 0.078850 0.078551 0.078336 0.078685 0.078766 0.078932 0.079198 0.078913 0.078988 
Config: granularity=100000, SDR=1000, ADR=0, Rigid=1, Capture_Method=0
Stage 0: PT=0, T_stage=0.012350, bytes=0, T_capped=0
Stage 1: PT=6, T_stage=0.000000, bytes=33176880, T_capped=0
Group 1: Iters=10, Procs=156, Factors=1.000000, Dist=2, RM=0, SM=1, RS=0, SS=0, parents=416, children=0
Async_Iters: 0
T_iter: 0.327975 0.099233 0.087696 0.087583 0.087575 0.087589 0.087618 0.087740 0.087364 0.087647 
T_stage 0: 0.059985 0.024532 0.013102 0.013127 0.013108 0.013127 0.013118 0.013123 0.013052 0.013359 
T_stage 1: 0.251482 0.074513 0.074491 0.074405 0.074405 0.074393 0.074435 0.074566 0.074187 0.074217 
Config: granularity=100000, SDR=1000, ADR=0, Rigid=1, Capture_Method=0
Stage 0: PT=0, T_stage=0.012350, bytes=0, T_capped=0
Stage 1: PT=6, T_stage=0.000000, bytes=33176880, T_capped=0
Group 1: Iters=10, Procs=156, Factors=1.000000, Dist=2, RM=0, SM=1, RS=0, SS=0, parents=416, children=0
Async_Iters: 0
T_iter: 0.120162 0.095822 0.096387 0.096149 0.094999 0.096423 0.096622 0.095541 0.095558 0.095343 
T_stage 0: 0.020633 0.013283 0.013290 0.013004 0.013092 0.013008 0.012986 0.012982 0.012979 0.012999 
T_stage 1: 0.099417 0.082403 0.082948 0.083051 0.081868 0.083283 0.083536 0.082428 0.082472 0.082280 
Config: granularity=100000, SDR=1000, ADR=0, Rigid=1, Capture_Method=0
Stage 0: PT=0, T_stage=0.012350, bytes=0, T_capped=0
Stage 1: PT=6, T_stage=0.000000, bytes=33176880, T_capped=0
Group 1: Iters=10, Procs=156, Factors=1.000000, Dist=2, RM=0, SM=1, RS=0, SS=0, parents=416, children=0
Async_Iters: 0
T_iter: 0.103816 0.099022 0.099113 0.100026 0.099903 0.100110 0.099942 0.100312 0.100026 0.100083 
T_stage 0: 0.013328 0.013353 0.013365 0.013333 0.013359 0.013453 0.013358 0.013741 0.013335 0.013341 
T_stage 1: 0.090372 0.085537 0.085611 0.086582 0.086445 0.086569 0.086509 0.086476 0.086602 0.086649 
Config: granularity=100000, SDR=1000, ADR=0, Rigid=1, Capture_Method=0
Stage 0: PT=0, T_stage=0.012350, bytes=0, T_capped=0
Stage 1: PT=6, T_stage=0.000000, bytes=33176880, T_capped=0
Group 1: Iters=10, Procs=156, Factors=1.000000, Dist=2, RM=0, SM=1, RS=0, SS=0, parents=416, children=0
Async_Iters: 0
T_iter: 0.156628 0.094494 0.094543 0.094452 0.094741 0.098599 0.094848 0.094528 0.094803 0.094976 
T_stage 0: 0.032011 0.012967 0.012957 0.012999 0.012995 0.012944 0.012978 0.012950 0.012982 0.012980 
T_stage 1: 0.124543 0.081410 0.081423 0.081430 0.081697 0.085530 0.081779 0.081460 0.081716 0.081878 
Config: granularity=100000, SDR=1000, ADR=0, Rigid=1, Capture_Method=0
Stage 0: PT=0, T_stage=0.012350, bytes=0, T_capped=0
Stage 1: PT=6, T_stage=0.000000, bytes=33176880, T_capped=0
Group 1: Iters=10, Procs=156, Factors=1.000000, Dist=2, RM=0, SM=1, RS=0, SS=0, parents=416, children=0
Async_Iters: 0
T_iter: 0.185027 0.091171 0.091583 0.090995 0.093391 0.091238 0.091052 0.090932 0.091385 0.094183 
T_stage 0: 0.031974 0.012988 0.013257 0.012990 0.013027 0.013025 0.012973 0.012991 0.012979 0.015985 
T_stage 1: 0.156382 0.078067 0.078228 0.077902 0.080296 0.078098 0.077960 0.077891 0.078314 0.078124 
Config: granularity=100000, SDR=1000, ADR=0, Rigid=1, Capture_Method=0
Stage 0: PT=0, T_stage=0.012350, bytes=0, T_capped=0
Stage 1: PT=6, T_stage=0.000000, bytes=33176880, T_capped=0
Group 1: Iters=10, Procs=156, Factors=1.000000, Dist=2, RM=0, SM=1, RS=0, SS=0, parents=416, children=0
Async_Iters: 0
T_iter: 0.186522 0.106120 0.106413 0.105907 0.105951 0.106362 0.106319 0.105557 0.105945 0.106045 
T_stage 0: 0.032004 0.013095 0.013087 0.013093 0.013091 0.013120 0.013099 0.013079 0.013079 0.013266 
T_stage 1: 0.157322 0.092962 0.093230 0.092706 0.092761 0.093164 0.093122 0.092381 0.092768 0.092864 
