Config: granularity=100000, SDR=1000, ADR=0, Rigid=1, Capture_Method=0
Stage 0: PT=0, T_stage=0.012350, bytes=0, T_capped=0
Stage 1: PT=6, T_stage=0.000000, bytes=33176880, T_capped=0
Group 1: Iters=10, Procs=208, Factors=1.000000, Dist=2, RM=0, SM=1, RS=0, SS=0, parents=52, children=0
Async_Iters: 0
T_iter: 0.109313 0.079508 0.084735 0.080175 0.074098 0.078321 0.076487 0.076213 0.084781 0.077566 
T_stage 0: 0.013175 0.013398 0.015823 0.014749 0.013183 0.014334 0.013202 0.013725 0.014245 0.013980 
T_stage 1: 0.095890 0.066047 0.071430 0.066360 0.060706 0.064921 0.063052 0.062451 0.071263 0.063433 
Config: granularity=100000, SDR=1000, ADR=0, Rigid=1, Capture_Method=0
Stage 0: PT=0, T_stage=0.012350, bytes=0, T_capped=0
Stage 1: PT=6, T_stage=0.000000, bytes=33176880, T_capped=0
Group 1: Iters=10, Procs=208, Factors=1.000000, Dist=2, RM=0, SM=1, RS=0, SS=0, parents=52, children=0
Async_Iters: 0
T_iter: 0.101009 0.081325 0.099495 0.079326 0.076445 0.084737 0.081451 0.079234 0.077916 0.079717 
T_stage 0: 0.013185 0.013174 0.013153 0.013163 0.013156 0.013128 0.013246 0.014782 0.013381 0.014922 
T_stage 1: 0.087614 0.068039 0.086225 0.066041 0.063134 0.071431 0.068156 0.065911 0.064305 0.066133 
Config: granularity=100000, SDR=1000, ADR=0, Rigid=1, Capture_Method=0
Stage 0: PT=0, T_stage=0.012350, bytes=0, T_capped=0
Stage 1: PT=6, T_stage=0.000000, bytes=33176880, T_capped=0
Group 1: Iters=10, Procs=208, Factors=1.000000, Dist=2, RM=0, SM=1, RS=0, SS=0, parents=52, children=0
Async_Iters: 0
T_iter: 0.107617 0.082176 0.081031 0.078866 0.079935 0.080847 0.080010 0.078536 0.079243 0.079547 
T_stage 0: 0.022959 0.013180 0.013230 0.013181 0.013230 0.013415 0.013362 0.013196 0.013183 0.013506 
T_stage 1: 0.084461 0.068909 0.067690 0.065489 0.066624 0.067287 0.066145 0.065197 0.065892 0.065956 
Config: granularity=100000, SDR=1000, ADR=0, Rigid=1, Capture_Method=0
Stage 0: PT=0, T_stage=0.012350, bytes=0, T_capped=0
Stage 1: PT=6, T_stage=0.000000, bytes=33176880, T_capped=0
Group 1: Iters=10, Procs=208, Factors=1.000000, Dist=2, RM=0, SM=1, RS=0, SS=0, parents=52, children=0
Async_Iters: 0
T_iter: 0.098708 0.077848 0.084372 0.076669 0.076571 0.076340 0.077114 0.076489 0.075308 0.076221 
T_stage 0: 0.013185 0.013174 0.013151 0.013123 0.013182 0.013407 0.015645 0.014470 0.013191 0.013141 
T_stage 1: 0.084925 0.064432 0.071041 0.063070 0.063276 0.062812 0.063580 0.062757 0.061996 0.062926 
Config: granularity=100000, SDR=1000, ADR=0, Rigid=1, Capture_Method=0
Stage 0: PT=0, T_stage=0.012350, bytes=0, T_capped=0
Stage 1: PT=6, T_stage=0.000000, bytes=33176880, T_capped=0
Group 1: Iters=10, Procs=208, Factors=1.000000, Dist=2, RM=0, SM=1, RS=0, SS=0, parents=52, children=0
Async_Iters: 0
T_iter: 0.101421 0.084440 0.080089 0.078339 0.076084 0.076021 0.075227 0.079014 0.076297 0.077723 
T_stage 0: 0.013112 0.013149 0.013100 0.013249 0.013169 0.014887 0.013147 0.014471 0.013170 0.013155 
T_stage 1: 0.088009 0.071055 0.066844 0.065020 0.062851 0.061690 0.061975 0.065709 0.062960 0.063894 
Config: granularity=100000, SDR=1000, ADR=0, Rigid=1, Capture_Method=0
Stage 0: PT=0, T_stage=0.012350, bytes=0, T_capped=0
Stage 1: PT=6, T_stage=0.000000, bytes=33176880, T_capped=0
Group 1: Iters=10, Procs=208, Factors=1.000000, Dist=2, RM=0, SM=1, RS=0, SS=0, parents=52, children=0
Async_Iters: 0
T_iter: 0.095349 0.084066 0.082088 0.080880 0.078598 0.078917 0.077292 0.078437 0.281700 0.279962 
T_stage 0: 0.013121 0.013122 0.013141 0.013142 0.014816 0.013123 0.013116 0.013665 0.014972 0.013132 
T_stage 1: 0.082039 0.070786 0.068774 0.067580 0.065263 0.065601 0.064012 0.065174 0.268090 0.266212 
Config: granularity=100000, SDR=1000, ADR=0, Rigid=1, Capture_Method=0
Stage 0: PT=0, T_stage=0.012350, bytes=0, T_capped=0
Stage 1: PT=6, T_stage=0.000000, bytes=33176880, T_capped=0
Group 1: Iters=10, Procs=208, Factors=1.000000, Dist=2, RM=0, SM=1, RS=0, SS=0, parents=52, children=0
Async_Iters: 0
T_iter: 0.096909 0.087257 0.079767 0.076786 0.288605 0.078764 0.076409 0.075103 0.285046 0.075524 
T_stage 0: 0.013213 0.013190 0.013259 0.013244 0.013233 0.013254 0.013190 0.014621 0.015502 0.013259 
T_stage 1: 0.083484 0.073867 0.066457 0.062960 0.275044 0.065331 0.063079 0.061448 0.271421 0.061702 
Config: granularity=100000, SDR=1000, ADR=0, Rigid=1, Capture_Method=0
Stage 0: PT=0, T_stage=0.012350, bytes=0, T_capped=0
Stage 1: PT=6, T_stage=0.000000, bytes=33176880, T_capped=0
Group 1: Iters=10, Procs=208, Factors=1.000000, Dist=2, RM=0, SM=1, RS=0, SS=0, parents=52, children=0
Async_Iters: 0
T_iter: 0.100189 0.076305 0.077773 0.077251 0.285125 0.078228 0.077029 0.078045 0.077377 0.075683 
T_stage 0: 0.013466 0.013475 0.013466 0.013471 0.013488 0.013514 0.013508 0.013548 0.013444 0.013439 
T_stage 1: 0.086521 0.062672 0.064071 0.063517 0.271379 0.064582 0.063283 0.064335 0.063785 0.062067 
Config: granularity=100000, SDR=1000, ADR=0, Rigid=1, Capture_Method=0
Stage 0: PT=0, T_stage=0.012350, bytes=0, T_capped=0
Stage 1: PT=6, T_stage=0.000000, bytes=33176880, T_capped=0
Group 1: Iters=10, Procs=208, Factors=1.000000, Dist=2, RM=0, SM=1, RS=0, SS=0, parents=52, children=0
Async_Iters: 0
T_iter: 0.100494 0.076146 0.078638 0.080343 0.087553 0.082016 0.076669 0.076078 0.076275 0.076222 
T_stage 0: 0.013193 0.013142 0.013173 0.013134 0.013143 0.013312 0.013213 0.013314 0.013226 0.013443 
T_stage 1: 0.087106 0.062877 0.065323 0.067035 0.074337 0.068683 0.063129 0.062669 0.062923 0.062634 
Config: granularity=100000, SDR=1000, ADR=0, Rigid=1, Capture_Method=0
Stage 0: PT=0, T_stage=0.012350, bytes=0, T_capped=0
Stage 1: PT=6, T_stage=0.000000, bytes=33176880, T_capped=0
Group 1: Iters=10, Procs=208, Factors=1.000000, Dist=2, RM=0, SM=1, RS=0, SS=0, parents=52, children=0
Async_Iters: 0
T_iter: 0.100909 0.078017 0.077201 0.077351 0.074487 0.080385 0.076494 0.285694 0.074335 0.078072 
T_stage 0: 0.013150 0.013123 0.013741 0.013277 0.013174 0.013551 0.013231 0.013333 0.014798 0.013186 
T_stage 1: 0.087485 0.064776 0.063895 0.064008 0.061110 0.066059 0.063123 0.271713 0.061019 0.064682 
Config: granularity=100000, SDR=1000, ADR=0, Rigid=1, Capture_Method=0
Stage 0: PT=0, T_stage=0.012350, bytes=0, T_capped=0
Stage 1: PT=6, T_stage=0.000000, bytes=33176880, T_capped=0
Group 1: Iters=10, Procs=208, Factors=1.000000, Dist=2, RM=0, SM=1, RS=0, SS=0, parents=52, children=0
Async_Iters: 0
T_iter: 0.093125 0.078369 0.079760 0.079767 0.080950 0.078595 0.077927 0.079784 0.150827 0.088835 
T_stage 0: 0.013321 0.013339 0.013382 0.013771 0.018094 0.014355 0.013845 0.017770 0.014646 0.018855 
T_stage 1: 0.079528 0.064886 0.066226 0.066088 0.063937 0.064765 0.064425 0.066221 0.137303 0.071302 
Config: granularity=100000, SDR=1000, ADR=0, Rigid=1, Capture_Method=0
Stage 0: PT=0, T_stage=0.012350, bytes=0, T_capped=0
Stage 1: PT=6, T_stage=0.000000, bytes=33176880, T_capped=0
Group 1: Iters=10, Procs=208, Factors=1.000000, Dist=2, RM=0, SM=1, RS=0, SS=0, parents=52, children=0
Async_Iters: 0
T_iter: 0.099789 0.077170 0.079703 0.078321 0.080076 0.086335 0.078385 0.076117 0.082968 0.079972 
T_stage 0: 0.013113 0.013156 0.013199 0.014609 0.013479 0.013210 0.013179 0.013104 0.013200 0.014512 
T_stage 1: 0.086372 0.063334 0.066380 0.065033 0.066490 0.073087 0.064691 0.062894 0.068544 0.066749 
Config: granularity=100000, SDR=1000, ADR=0, Rigid=1, Capture_Method=0
Stage 0: PT=0, T_stage=0.012350, bytes=0, T_capped=0
Stage 1: PT=6, T_stage=0.000000, bytes=33176880, T_capped=0
Group 1: Iters=10, Procs=208, Factors=1.000000, Dist=2, RM=0, SM=1, RS=0, SS=0, parents=52, children=0
Async_Iters: 0
T_iter: 0.102761 0.089856 0.077545 0.075937 0.075134 0.085046 0.082093 0.076150 0.082748 0.075434 
T_stage 0: 0.013723 0.014335 0.013711 0.013797 0.013709 0.013724 0.013667 0.013695 0.014258 0.013696 
T_stage 1: 0.088681 0.075754 0.063616 0.062020 0.061278 0.070579 0.068271 0.061720 0.068835 0.061077 
Config: granularity=100000, SDR=1000, ADR=0, Rigid=1, Capture_Method=0
Stage 0: PT=0, T_stage=0.012350, bytes=0, T_capped=0
Stage 1: PT=6, T_stage=0.000000, bytes=33176880, T_capped=0
Group 1: Iters=10, Procs=208, Factors=1.000000, Dist=2, RM=0, SM=1, RS=0, SS=0, parents=52, children=0
Async_Iters: 0
T_iter: 0.094012 0.078910 0.079071 0.297747 0.115301 0.110221 0.286318 0.098348 0.317310 0.078740 
T_stage 0: 0.013114 0.017808 0.016494 0.013211 0.013272 0.016950 0.015384 0.014169 0.015928 0.014101 
T_stage 1: 0.079979 0.065253 0.065750 0.284382 0.101883 0.095918 0.272920 0.084960 0.303906 0.064966 
Config: granularity=100000, SDR=1000, ADR=0, Rigid=1, Capture_Method=0
Stage 0: PT=0, T_stage=0.012350, bytes=0, T_capped=0
Stage 1: PT=6, T_stage=0.000000, bytes=33176880, T_capped=0
Group 1: Iters=10, Procs=208, Factors=1.000000, Dist=2, RM=0, SM=1, RS=0, SS=0, parents=52, children=0
Async_Iters: 0
T_iter: 0.096945 0.074028 0.087765 0.076847 0.079385 0.081699 0.080826 0.286947 0.080470 0.079067 
T_stage 0: 0.013135 0.013176 0.013145 0.013133 0.013150 0.013168 0.013417 0.013139 0.013157 0.013160 
T_stage 1: 0.083611 0.060718 0.074446 0.063530 0.066094 0.068413 0.067484 0.273615 0.067141 0.065260 
Config: granularity=100000, SDR=1000, ADR=0, Rigid=1, Capture_Method=0
Stage 0: PT=0, T_stage=0.012350, bytes=0, T_capped=0
Stage 1: PT=6, T_stage=0.000000, bytes=33176880, T_capped=0
Group 1: Iters=10, Procs=208, Factors=1.000000, Dist=2, RM=0, SM=1, RS=0, SS=0, parents=52, children=0
Async_Iters: 0
T_iter: 0.092462 0.083397 0.089444 0.077071 0.078141 0.083180 0.077439 0.077204 0.077496 0.077673 
T_stage 0: 0.013125 0.013162 0.013218 0.013299 0.013522 0.013113 0.013235 0.013437 0.013113 0.013142 
T_stage 1: 0.079100 0.070102 0.076111 0.063745 0.064840 0.069850 0.064107 0.063551 0.064194 0.064481 
Config: granularity=100000, SDR=1000, ADR=0, Rigid=1, Capture_Method=0
Stage 0: PT=0, T_stage=0.012350, bytes=0, T_capped=0
Stage 1: PT=6, T_stage=0.000000, bytes=33176880, T_capped=0
Group 1: Iters=10, Procs=208, Factors=1.000000, Dist=2, RM=0, SM=1, RS=0, SS=0, parents=52, children=0
Async_Iters: 0
T_iter: 0.111670 0.085431 0.077768 0.075865 0.080658 0.079081 0.083049 0.077386 0.077303 0.075916 
T_stage 0: 0.019407 0.013199 0.013208 0.013130 0.014938 0.015599 0.013169 0.013158 0.013156 0.013793 
T_stage 1: 0.092106 0.072036 0.064399 0.062530 0.067351 0.065460 0.069772 0.064036 0.063964 0.062620 
Config: granularity=100000, SDR=1000, ADR=0, Rigid=1, Capture_Method=0
Stage 0: PT=0, T_stage=0.012350, bytes=0, T_capped=0
Stage 1: PT=6, T_stage=0.000000, bytes=33176880, T_capped=0
Group 1: Iters=10, Procs=208, Factors=1.000000, Dist=2, RM=0, SM=1, RS=0, SS=0, parents=52, children=0
Async_Iters: 0
T_iter: 0.095922 0.078121 0.079029 0.081814 0.076452 0.074692 0.075485 0.076281 0.075156 0.075412 
T_stage 0: 0.013169 0.013218 0.013183 0.013162 0.013193 0.013207 0.013275 0.013207 0.013184 0.013241 
T_stage 1: 0.082580 0.064767 0.065691 0.068453 0.063124 0.061366 0.062105 0.062978 0.061825 0.061450 
Config: granularity=100000, SDR=1000, ADR=0, Rigid=1, Capture_Method=0
Stage 0: PT=0, T_stage=0.012350, bytes=0, T_capped=0
Stage 1: PT=6, T_stage=0.000000, bytes=33176880, T_capped=0
Group 1: Iters=10, Procs=208, Factors=1.000000, Dist=2, RM=0, SM=1, RS=0, SS=0, parents=52, children=0
Async_Iters: 0
T_iter: 0.102755 0.077075 0.086426 0.078000 0.077143 0.077865 0.076863 0.073630 0.075496 0.076096 
T_stage 0: 0.013126 0.013223 0.013145 0.013957 0.013375 0.015025 0.013182 0.013206 0.014310 0.013127 
T_stage 1: 0.089395 0.063686 0.073208 0.064677 0.063619 0.064345 0.063557 0.060251 0.062002 0.062839 
Config: granularity=100000, SDR=1000, ADR=0, Rigid=1, Capture_Method=0
Stage 0: PT=0, T_stage=0.012350, bytes=0, T_capped=0
Stage 1: PT=6, T_stage=0.000000, bytes=33176880, T_capped=0
Group 1: Iters=10, Procs=208, Factors=1.000000, Dist=2, RM=0, SM=1, RS=0, SS=0, parents=52, children=0
Async_Iters: 0
T_iter: 0.102011 0.083255 0.078042 0.076234 0.083143 0.076808 0.078923 0.075220 0.075795 0.072757 
T_stage 0: 0.013229 0.013319 0.013230 0.013197 0.013283 0.013240 0.013477 0.013729 0.014324 0.013238 
T_stage 1: 0.088602 0.069728 0.064658 0.062864 0.069711 0.063427 0.064892 0.061802 0.062385 0.059372 
