Config: granularity=100000, SDR=1000, ADR=0, Rigid=1, Capture_Method=0
Stage 0: PT=0, T_stage=0.012350, bytes=0, T_capped=0
Stage 1: PT=6, T_stage=0.000000, bytes=33176880, T_capped=0
Group 1: Iters=10, Procs=208, Factors=1.000000, Dist=2, RM=0, SM=1, RS=0, SS=0, parents=104, children=0
Async_Iters: 0
T_iter: 0.108638 0.081312 0.084681 0.080529 0.076242 0.074981 0.281801 0.076381 0.080296 0.077864 
T_stage 0: 0.027054 0.014353 0.015142 0.014038 0.014474 0.013932 0.014146 0.013058 0.017708 0.013068 
T_stage 1: 0.081345 0.068291 0.071712 0.067555 0.063062 0.062000 0.268858 0.063175 0.062042 0.064722 
Config: granularity=100000, SDR=1000, ADR=0, Rigid=1, Capture_Method=0
Stage 0: PT=0, T_stage=0.012350, bytes=0, T_capped=0
Stage 1: PT=6, T_stage=0.000000, bytes=33176880, T_capped=0
Group 1: Iters=10, Procs=208, Factors=1.000000, Dist=2, RM=0, SM=1, RS=0, SS=0, parents=104, children=0
Async_Iters: 0
T_iter: 0.106497 0.079840 0.077199 0.079301 0.282850 0.073582 0.077531 0.075734 0.076191 0.075506 
T_stage 0: 0.029687 0.013655 0.013749 0.012887 0.015559 0.013178 0.012917 0.012918 0.012836 0.015033 
T_stage 1: 0.076570 0.066842 0.064144 0.066326 0.269403 0.060507 0.064443 0.062724 0.063006 0.062528 
Config: granularity=100000, SDR=1000, ADR=0, Rigid=1, Capture_Method=0
Stage 0: PT=0, T_stage=0.012350, bytes=0, T_capped=0
Stage 1: PT=6, T_stage=0.000000, bytes=33176880, T_capped=0
Group 1: Iters=10, Procs=208, Factors=1.000000, Dist=2, RM=0, SM=1, RS=0, SS=0, parents=104, children=0
Async_Iters: 0
T_iter: 0.152692 0.080118 0.075328 0.076349 0.080236 0.289186 0.278619 0.080161 0.079128 0.078502 
T_stage 0: 0.061065 0.014523 0.012931 0.014455 0.014138 0.012845 0.012844 0.014325 0.013221 0.015199 
T_stage 1: 0.105937 0.067124 0.062361 0.063282 0.067238 0.276258 0.265674 0.067242 0.065813 0.065347 
Config: granularity=100000, SDR=1000, ADR=0, Rigid=1, Capture_Method=0
Stage 0: PT=0, T_stage=0.012350, bytes=0, T_capped=0
Stage 1: PT=6, T_stage=0.000000, bytes=33176880, T_capped=0
Group 1: Iters=10, Procs=208, Factors=1.000000, Dist=2, RM=0, SM=1, RS=0, SS=0, parents=104, children=0
Async_Iters: 0
T_iter: 0.116676 0.084965 0.093143 0.076095 0.079102 0.080538 0.077128 0.074431 0.078340 0.073709 
T_stage 0: 0.045980 0.014186 0.012924 0.014035 0.012985 0.012845 0.013387 0.012867 0.012866 0.012847 
T_stage 1: 0.073950 0.071970 0.080172 0.062620 0.066012 0.067531 0.064060 0.061382 0.065235 0.060678 
Config: granularity=100000, SDR=1000, ADR=0, Rigid=1, Capture_Method=0
Stage 0: PT=0, T_stage=0.012350, bytes=0, T_capped=0
Stage 1: PT=6, T_stage=0.000000, bytes=33176880, T_capped=0
Group 1: Iters=10, Procs=208, Factors=1.000000, Dist=2, RM=0, SM=1, RS=0, SS=0, parents=104, children=0
Async_Iters: 0
T_iter: 0.168487 0.080767 0.080573 0.076107 0.289157 0.079503 0.077908 0.078094 0.076048 0.075346 
T_stage 0: 0.052818 0.014192 0.014471 0.014384 0.012962 0.015207 0.013306 0.012976 0.012953 0.013953 
T_stage 1: 0.123371 0.067717 0.067007 0.063162 0.276105 0.066442 0.064927 0.064977 0.062923 0.062324 
Config: granularity=100000, SDR=1000, ADR=0, Rigid=1, Capture_Method=0
Stage 0: PT=0, T_stage=0.012350, bytes=0, T_capped=0
Stage 1: PT=6, T_stage=0.000000, bytes=33176880, T_capped=0
Group 1: Iters=10, Procs=208, Factors=1.000000, Dist=2, RM=0, SM=1, RS=0, SS=0, parents=104, children=0
Async_Iters: 0
T_iter: 0.099800 0.296068 0.075846 0.075919 0.082127 0.285603 0.077279 0.075305 0.077857 0.078422 
T_stage 0: 0.012922 0.014239 0.013503 0.012833 0.012848 0.014705 0.012887 0.012914 0.013219 0.013446 
T_stage 1: 0.086711 0.283126 0.062885 0.062916 0.069153 0.272628 0.064287 0.061778 0.064891 0.065331 
Config: granularity=100000, SDR=1000, ADR=0, Rigid=1, Capture_Method=0
Stage 0: PT=0, T_stage=0.012350, bytes=0, T_capped=0
Stage 1: PT=6, T_stage=0.000000, bytes=33176880, T_capped=0
Group 1: Iters=10, Procs=208, Factors=1.000000, Dist=2, RM=0, SM=1, RS=0, SS=0, parents=104, children=0
Async_Iters: 0
T_iter: 0.127448 0.082790 0.077169 0.083778 0.080730 0.075671 0.079487 0.079061 0.076268 0.078799 
T_stage 0: 0.036552 0.014835 0.014226 0.016071 0.013824 0.014245 0.014074 0.012917 0.012892 0.013404 
T_stage 1: 0.090632 0.069528 0.064161 0.070761 0.067770 0.062547 0.066377 0.066032 0.063132 0.065736 
Config: granularity=100000, SDR=1000, ADR=0, Rigid=1, Capture_Method=0
Stage 0: PT=0, T_stage=0.012350, bytes=0, T_capped=0
Stage 1: PT=6, T_stage=0.000000, bytes=33176880, T_capped=0
Group 1: Iters=10, Procs=208, Factors=1.000000, Dist=2, RM=0, SM=1, RS=0, SS=0, parents=104, children=0
Async_Iters: 0
T_iter: 0.131997 0.075045 0.078141 0.081788 0.078205 0.075524 0.074950 0.080336 0.076448 0.079662 
T_stage 0: 0.030141 0.012886 0.013896 0.015435 0.014554 0.014936 0.013004 0.014508 0.012933 0.014564 
T_stage 1: 0.104483 0.061984 0.065039 0.068311 0.064847 0.062416 0.061813 0.067267 0.063383 0.066583 
Config: granularity=100000, SDR=1000, ADR=0, Rigid=1, Capture_Method=0
Stage 0: PT=0, T_stage=0.012350, bytes=0, T_capped=0
Stage 1: PT=6, T_stage=0.000000, bytes=33176880, T_capped=0
Group 1: Iters=10, Procs=208, Factors=1.000000, Dist=2, RM=0, SM=1, RS=0, SS=0, parents=104, children=0
Async_Iters: 0
T_iter: 0.182217 0.080697 0.079900 0.086337 0.084571 0.076450 0.076008 0.080351 0.074224 0.077542 
T_stage 0: 0.032149 0.013110 0.013171 0.014222 0.016487 0.012792 0.013730 0.016506 0.012842 0.012860 
T_stage 1: 0.155223 0.067402 0.066640 0.071945 0.069473 0.063477 0.063118 0.067175 0.061183 0.064570 
Config: granularity=100000, SDR=1000, ADR=0, Rigid=1, Capture_Method=0
Stage 0: PT=0, T_stage=0.012350, bytes=0, T_capped=0
Stage 1: PT=6, T_stage=0.000000, bytes=33176880, T_capped=0
Group 1: Iters=10, Procs=208, Factors=1.000000, Dist=2, RM=0, SM=1, RS=0, SS=0, parents=104, children=0
Async_Iters: 0
T_iter: 0.162330 0.077374 0.084740 0.082190 0.117316 0.077792 0.079992 0.075153 0.076416 0.075244 
T_stage 0: 0.032096 0.013206 0.014503 0.013646 0.014512 0.014677 0.014049 0.016399 0.012945 0.012942 
T_stage 1: 0.133505 0.064141 0.071519 0.068390 0.103860 0.063041 0.066423 0.062154 0.063394 0.062152 
Config: granularity=100000, SDR=1000, ADR=0, Rigid=1, Capture_Method=0
Stage 0: PT=0, T_stage=0.012350, bytes=0, T_capped=0
Stage 1: PT=6, T_stage=0.000000, bytes=33176880, T_capped=0
Group 1: Iters=10, Procs=208, Factors=1.000000, Dist=2, RM=0, SM=1, RS=0, SS=0, parents=104, children=0
Async_Iters: 0
T_iter: 0.144312 0.076273 0.076215 0.125228 0.129315 0.142536 0.085171 0.081621 0.084627 0.077801 
T_stage 0: 0.041983 0.012964 0.014995 0.013117 0.013139 0.014084 0.014994 0.020372 0.012887 0.013761 
T_stage 1: 0.113688 0.062444 0.062228 0.111987 0.116161 0.129480 0.072116 0.062588 0.071544 0.064629 
Config: granularity=100000, SDR=1000, ADR=0, Rigid=1, Capture_Method=0
Stage 0: PT=0, T_stage=0.012350, bytes=0, T_capped=0
Stage 1: PT=6, T_stage=0.000000, bytes=33176880, T_capped=0
Group 1: Iters=10, Procs=208, Factors=1.000000, Dist=2, RM=0, SM=1, RS=0, SS=0, parents=104, children=0
Async_Iters: 0
T_iter: 0.195746 0.084936 0.078470 0.288152 0.284477 0.297018 0.140375 0.326901 0.117939 0.085780 
T_stage 0: 0.031947 0.018065 0.014833 0.014036 0.013436 0.014193 0.012936 0.014240 0.013422 0.012985 
T_stage 1: 0.166677 0.066800 0.065533 0.275237 0.271007 0.283961 0.127329 0.312679 0.104245 0.072718 
Config: granularity=100000, SDR=1000, ADR=0, Rigid=1, Capture_Method=0
Stage 0: PT=0, T_stage=0.012350, bytes=0, T_capped=0
Stage 1: PT=6, T_stage=0.000000, bytes=33176880, T_capped=0
Group 1: Iters=10, Procs=208, Factors=1.000000, Dist=2, RM=0, SM=1, RS=0, SS=0, parents=104, children=0
Async_Iters: 0
T_iter: 0.133929 0.095822 0.082048 0.078192 0.075509 0.078536 0.078025 0.077068 0.076246 0.078716 
T_stage 0: 0.040563 0.012860 0.014890 0.013663 0.014354 0.013995 0.013703 0.013186 0.012886 0.013453 
T_stage 1: 0.097161 0.082791 0.069037 0.065218 0.062480 0.065557 0.064886 0.063940 0.063238 0.065716 
Config: granularity=100000, SDR=1000, ADR=0, Rigid=1, Capture_Method=0
Stage 0: PT=0, T_stage=0.012350, bytes=0, T_capped=0
Stage 1: PT=6, T_stage=0.000000, bytes=33176880, T_capped=0
Group 1: Iters=10, Procs=208, Factors=1.000000, Dist=2, RM=0, SM=1, RS=0, SS=0, parents=104, children=0
Async_Iters: 0
T_iter: 0.119304 0.075796 0.078960 0.084661 0.079620 0.076780 0.080044 0.079775 0.083228 0.078174 
T_stage 0: 0.030107 0.013884 0.013897 0.014682 0.014326 0.012991 0.013054 0.013772 0.015618 0.014701 
T_stage 1: 0.091605 0.062716 0.065901 0.071003 0.066654 0.063592 0.067014 0.066743 0.070183 0.064985 
Config: granularity=100000, SDR=1000, ADR=0, Rigid=1, Capture_Method=0
Stage 0: PT=0, T_stage=0.012350, bytes=0, T_capped=0
Stage 1: PT=6, T_stage=0.000000, bytes=33176880, T_capped=0
Group 1: Iters=10, Procs=208, Factors=1.000000, Dist=2, RM=0, SM=1, RS=0, SS=0, parents=104, children=0
Async_Iters: 0
T_iter: 0.186618 0.078219 0.082392 0.075415 0.074802 0.074574 0.078912 0.078639 0.078706 0.077824 
T_stage 0: 0.058197 0.012935 0.012981 0.014556 0.014135 0.012878 0.013963 0.013858 0.013245 0.013918 
T_stage 1: 0.155694 0.064931 0.069273 0.062127 0.061802 0.061543 0.065930 0.065677 0.065663 0.064712 
Config: granularity=100000, SDR=1000, ADR=0, Rigid=1, Capture_Method=0
Stage 0: PT=0, T_stage=0.012350, bytes=0, T_capped=0
Stage 1: PT=6, T_stage=0.000000, bytes=33176880, T_capped=0
Group 1: Iters=10, Procs=208, Factors=1.000000, Dist=2, RM=0, SM=1, RS=0, SS=0, parents=104, children=0
Async_Iters: 0
T_iter: 0.123574 0.078386 0.284323 0.105550 0.302213 0.091007 0.080283 0.073803 0.076632 0.077279 
T_stage 0: 0.031196 0.014264 0.015602 0.015541 0.014228 0.013958 0.014347 0.014515 0.015291 0.014325 
T_stage 1: 0.091641 0.065307 0.270838 0.091694 0.288699 0.078014 0.067273 0.060274 0.063396 0.063945 
Config: granularity=100000, SDR=1000, ADR=0, Rigid=1, Capture_Method=0
Stage 0: PT=0, T_stage=0.012350, bytes=0, T_capped=0
Stage 1: PT=6, T_stage=0.000000, bytes=33176880, T_capped=0
Group 1: Iters=10, Procs=208, Factors=1.000000, Dist=2, RM=0, SM=1, RS=0, SS=0, parents=104, children=0
Async_Iters: 0
T_iter: 0.143637 0.084522 0.088830 0.284358 0.097096 0.092278 0.104722 0.086710 0.078302 0.082405 
T_stage 0: 0.029897 0.013912 0.013087 0.013820 0.014164 0.016950 0.013643 0.013537 0.012969 0.013026 
T_stage 1: 0.116875 0.071307 0.075683 0.271230 0.083990 0.075130 0.091658 0.073568 0.065241 0.068575 
Config: granularity=100000, SDR=1000, ADR=0, Rigid=1, Capture_Method=0
Stage 0: PT=0, T_stage=0.012350, bytes=0, T_capped=0
Stage 1: PT=6, T_stage=0.000000, bytes=33176880, T_capped=0
Group 1: Iters=10, Procs=208, Factors=1.000000, Dist=2, RM=0, SM=1, RS=0, SS=0, parents=104, children=0
Async_Iters: 0
T_iter: 0.122294 0.083400 0.076705 0.082523 0.078036 0.077276 0.281851 0.123361 0.291842 0.083299 
T_stage 0: 0.043364 0.013045 0.012923 0.013120 0.014059 0.013766 0.013266 0.012960 0.014152 0.014038 
T_stage 1: 0.083239 0.069729 0.063610 0.069228 0.064977 0.064282 0.268727 0.110095 0.278806 0.069980 
Config: granularity=100000, SDR=1000, ADR=0, Rigid=1, Capture_Method=0
Stage 0: PT=0, T_stage=0.012350, bytes=0, T_capped=0
Stage 1: PT=6, T_stage=0.000000, bytes=33176880, T_capped=0
Group 1: Iters=10, Procs=208, Factors=1.000000, Dist=2, RM=0, SM=1, RS=0, SS=0, parents=104, children=0
Async_Iters: 0
T_iter: 0.309011 0.085727 0.085540 0.078687 0.081701 0.080750 0.074376 0.075382 0.079724 0.135579 
T_stage 0: 0.033369 0.012817 0.012949 0.012915 0.012887 0.015448 0.014192 0.014574 0.014434 0.014037 
T_stage 1: 0.282263 0.072725 0.072559 0.065555 0.068238 0.067690 0.061061 0.062374 0.066728 0.122528 
Config: granularity=100000, SDR=1000, ADR=0, Rigid=1, Capture_Method=0
Stage 0: PT=0, T_stage=0.012350, bytes=0, T_capped=0
Stage 1: PT=6, T_stage=0.000000, bytes=33176880, T_capped=0
Group 1: Iters=10, Procs=208, Factors=1.000000, Dist=2, RM=0, SM=1, RS=0, SS=0, parents=104, children=0
Async_Iters: 0
T_iter: 0.105406 0.078166 0.087253 0.083284 0.080448 0.081247 0.079955 0.080885 0.077806 0.084430 
T_stage 0: 0.028412 0.018612 0.018572 0.016882 0.018457 0.019019 0.016957 0.016903 0.016913 0.016968 
T_stage 1: 0.076277 0.061087 0.069899 0.066251 0.063444 0.064031 0.062322 0.063833 0.060809 0.067396 
