Config: granularity=100000, SDR=1000, ADR=0, Rigid=1, Capture_Method=0
Stage 0: PT=0, T_stage=0.012350, bytes=0, T_capped=0
Stage 1: PT=6, T_stage=0.000000, bytes=33176880, T_capped=0
Group 0: Iters=5, Procs=104, Factors=1.000000, Dist=2, RM=0, SM=0, RS=0, SS=0, parents=0, children=208
Async_Iters: 0
T_iter: 0.078153 0.061428 0.060519 0.060727 0.060484 
T_stage 0: 0.012575 0.012625 0.012584 0.012592 0.012606 
T_stage 1: 0.065508 0.048782 0.047895 0.048012 0.047836 
Config: granularity=100000, SDR=1000, ADR=0, Rigid=1, Capture_Method=0
Stage 0: PT=0, T_stage=0.012350, bytes=0, T_capped=0
Stage 1: PT=6, T_stage=0.000000, bytes=33176880, T_capped=0
Group 0: Iters=5, Procs=104, Factors=1.000000, Dist=2, RM=0, SM=0, RS=0, SS=0, parents=0, children=208
Async_Iters: 0
T_iter: 0.087257 0.075673 0.074982 0.074587 0.075146 
T_stage 0: 0.012564 0.012575 0.012584 0.012679 0.012662 
T_stage 1: 0.074542 0.063011 0.062304 0.061897 0.062433 
Config: granularity=100000, SDR=1000, ADR=0, Rigid=1, Capture_Method=0
Stage 0: PT=0, T_stage=0.012350, bytes=0, T_capped=0
Stage 1: PT=6, T_stage=0.000000, bytes=33176880, T_capped=0
Group 0: Iters=5, Procs=104, Factors=1.000000, Dist=2, RM=0, SM=0, RS=0, SS=0, parents=0, children=208
Async_Iters: 0
T_iter: 0.080193 0.058809 0.059472 0.059433 0.059831 
T_stage 0: 0.012601 0.012619 0.012593 0.012595 0.012654 
T_stage 1: 0.067552 0.046123 0.046787 0.046772 0.047146 
Config: granularity=100000, SDR=1000, ADR=0, Rigid=1, Capture_Method=0
Stage 0: PT=0, T_stage=0.012350, bytes=0, T_capped=0
Stage 1: PT=6, T_stage=0.000000, bytes=33176880, T_capped=0
Group 0: Iters=5, Procs=104, Factors=1.000000, Dist=2, RM=0, SM=0, RS=0, SS=0, parents=0, children=208
Async_Iters: 0
T_iter: 0.074753 0.061048 0.059634 0.059688 0.059794 
T_stage 0: 0.012587 0.012571 0.012617 0.012579 0.012663 
T_stage 1: 0.062102 0.048419 0.046945 0.047022 0.047109 
Config: granularity=100000, SDR=1000, ADR=0, Rigid=1, Capture_Method=0
Stage 0: PT=0, T_stage=0.012350, bytes=0, T_capped=0
Stage 1: PT=6, T_stage=0.000000, bytes=33176880, T_capped=0
Group 0: Iters=5, Procs=104, Factors=1.000000, Dist=2, RM=0, SM=0, RS=0, SS=0, parents=0, children=208
Async_Iters: 0
T_iter: 0.070347 0.056433 0.056391 0.055302 0.055352 
T_stage 0: 0.012587 0.012922 0.012599 0.012617 0.012607 
T_stage 1: 0.057746 0.043421 0.043719 0.042607 0.042671 
Config: granularity=100000, SDR=1000, ADR=0, Rigid=1, Capture_Method=0
Stage 0: PT=0, T_stage=0.012350, bytes=0, T_capped=0
Stage 1: PT=6, T_stage=0.000000, bytes=33176880, T_capped=0
Group 0: Iters=5, Procs=104, Factors=1.000000, Dist=2, RM=0, SM=0, RS=0, SS=0, parents=0, children=208
Async_Iters: 0
T_iter: 0.078512 0.065448 0.062297 0.061341 0.060404 
T_stage 0: 0.012606 0.012676 0.012579 0.012653 0.012587 
T_stage 1: 0.065838 0.052680 0.049671 0.048607 0.047782 
Config: granularity=100000, SDR=1000, ADR=0, Rigid=1, Capture_Method=0
Stage 0: PT=0, T_stage=0.012350, bytes=0, T_capped=0
Stage 1: PT=6, T_stage=0.000000, bytes=33176880, T_capped=0
Group 0: Iters=5, Procs=104, Factors=1.000000, Dist=2, RM=0, SM=0, RS=0, SS=0, parents=0, children=208
Async_Iters: 0
T_iter: 0.109359 0.100701 0.067354 0.071602 0.071640 
T_stage 0: 0.012612 0.012577 0.012609 0.012644 0.012637 
T_stage 1: 0.096700 0.087924 0.054726 0.058912 0.058966 
Config: granularity=100000, SDR=1000, ADR=0, Rigid=1, Capture_Method=0
Stage 0: PT=0, T_stage=0.012350, bytes=0, T_capped=0
Stage 1: PT=6, T_stage=0.000000, bytes=33176880, T_capped=0
Group 0: Iters=5, Procs=104, Factors=1.000000, Dist=2, RM=0, SM=0, RS=0, SS=0, parents=0, children=208
Async_Iters: 0
T_iter: 0.083791 0.064522 0.064023 0.162251 0.079721 
T_stage 0: 0.014110 0.012589 0.012708 0.012621 0.012635 
T_stage 1: 0.069651 0.051814 0.051294 0.149431 0.066952 
Config: granularity=100000, SDR=1000, ADR=0, Rigid=1, Capture_Method=0
Stage 0: PT=0, T_stage=0.012350, bytes=0, T_capped=0
Stage 1: PT=6, T_stage=0.000000, bytes=33176880, T_capped=0
Group 0: Iters=5, Procs=104, Factors=1.000000, Dist=2, RM=0, SM=0, RS=0, SS=0, parents=0, children=208
Async_Iters: 0
T_iter: 0.073988 0.062881 0.059136 0.058972 0.058946 
T_stage 0: 0.012612 0.012581 0.012582 0.012612 0.012619 
T_stage 1: 0.061252 0.050273 0.046479 0.046274 0.046247 
Config: granularity=100000, SDR=1000, ADR=0, Rigid=1, Capture_Method=0
Stage 0: PT=0, T_stage=0.012350, bytes=0, T_capped=0
Stage 1: PT=6, T_stage=0.000000, bytes=33176880, T_capped=0
Group 0: Iters=5, Procs=104, Factors=1.000000, Dist=2, RM=0, SM=0, RS=0, SS=0, parents=0, children=208
Async_Iters: 0
T_iter: 0.071151 0.065422 0.066583 0.067182 0.067656 
T_stage 0: 0.012568 0.012629 0.012573 0.012622 0.012595 
T_stage 1: 0.058458 0.052699 0.053915 0.054464 0.054990 
Config: granularity=100000, SDR=1000, ADR=0, Rigid=1, Capture_Method=0
Stage 0: PT=0, T_stage=0.012350, bytes=0, T_capped=0
Stage 1: PT=6, T_stage=0.000000, bytes=33176880, T_capped=0
Group 0: Iters=5, Procs=104, Factors=1.000000, Dist=2, RM=0, SM=0, RS=0, SS=0, parents=0, children=208
Async_Iters: 0
T_iter: 0.097088 0.072983 0.071879 0.072475 0.072554 
T_stage 0: 0.012583 0.012645 0.012606 0.012644 0.012633 
T_stage 1: 0.084475 0.060216 0.059177 0.059695 0.059896 
Config: granularity=100000, SDR=1000, ADR=0, Rigid=1, Capture_Method=0
Stage 0: PT=0, T_stage=0.012350, bytes=0, T_capped=0
Stage 1: PT=6, T_stage=0.000000, bytes=33176880, T_capped=0
Group 0: Iters=5, Procs=104, Factors=1.000000, Dist=2, RM=0, SM=0, RS=0, SS=0, parents=0, children=208
Async_Iters: 0
T_iter: 0.079697 0.066935 0.061167 0.060878 0.060544 
T_stage 0: 0.012570 0.012602 0.012583 0.012683 0.012639 
T_stage 1: 0.067061 0.054245 0.048542 0.048176 0.047859 
Config: granularity=100000, SDR=1000, ADR=0, Rigid=1, Capture_Method=0
Stage 0: PT=0, T_stage=0.012350, bytes=0, T_capped=0
Stage 1: PT=6, T_stage=0.000000, bytes=33176880, T_capped=0
Group 0: Iters=5, Procs=104, Factors=1.000000, Dist=2, RM=0, SM=0, RS=0, SS=0, parents=0, children=208
Async_Iters: 0
T_iter: 0.072076 0.058657 0.059287 0.059980 0.060432 
T_stage 0: 0.012578 0.012583 0.012617 0.012609 0.012612 
T_stage 1: 0.059454 0.046048 0.046652 0.047255 0.047782 
Config: granularity=100000, SDR=1000, ADR=0, Rigid=1, Capture_Method=0
Stage 0: PT=0, T_stage=0.012350, bytes=0, T_capped=0
Stage 1: PT=6, T_stage=0.000000, bytes=33176880, T_capped=0
Group 0: Iters=5, Procs=104, Factors=1.000000, Dist=2, RM=0, SM=0, RS=0, SS=0, parents=0, children=208
Async_Iters: 0
T_iter: 0.076205 0.060719 0.061269 0.061389 0.060093 
T_stage 0: 0.012598 0.012610 0.012619 0.012652 0.012622 
T_stage 1: 0.063516 0.048078 0.048575 0.048636 0.047330 
Config: granularity=100000, SDR=1000, ADR=0, Rigid=1, Capture_Method=0
Stage 0: PT=0, T_stage=0.012350, bytes=0, T_capped=0
Stage 1: PT=6, T_stage=0.000000, bytes=33176880, T_capped=0
Group 0: Iters=5, Procs=104, Factors=1.000000, Dist=2, RM=0, SM=0, RS=0, SS=0, parents=0, children=208
Async_Iters: 0
T_iter: 0.076732 0.061459 0.061203 0.063785 0.060734 
T_stage 0: 0.012570 0.012594 0.012619 0.012589 0.012591 
T_stage 1: 0.064080 0.048811 0.048562 0.051127 0.048079 
Config: granularity=100000, SDR=1000, ADR=0, Rigid=1, Capture_Method=0
Stage 0: PT=0, T_stage=0.012350, bytes=0, T_capped=0
Stage 1: PT=6, T_stage=0.000000, bytes=33176880, T_capped=0
Group 0: Iters=5, Procs=104, Factors=1.000000, Dist=2, RM=0, SM=0, RS=0, SS=0, parents=0, children=208
Async_Iters: 0
T_iter: 0.082738 0.060311 0.061042 0.060574 0.060700 
T_stage 0: 0.012621 0.012627 0.012585 0.012627 0.012926 
T_stage 1: 0.070055 0.047620 0.048309 0.047879 0.047660 
Config: granularity=100000, SDR=1000, ADR=0, Rigid=1, Capture_Method=0
Stage 0: PT=0, T_stage=0.012350, bytes=0, T_capped=0
Stage 1: PT=6, T_stage=0.000000, bytes=33176880, T_capped=0
Group 0: Iters=5, Procs=104, Factors=1.000000, Dist=2, RM=0, SM=0, RS=0, SS=0, parents=0, children=208
Async_Iters: 0
T_iter: 0.072981 0.055899 0.054578 0.057212 0.055646 
T_stage 0: 0.012558 0.013005 0.012596 0.012630 0.012604 
T_stage 1: 0.060346 0.042801 0.041915 0.044457 0.042974 
Config: granularity=100000, SDR=1000, ADR=0, Rigid=1, Capture_Method=0
Stage 0: PT=0, T_stage=0.012350, bytes=0, T_capped=0
Stage 1: PT=6, T_stage=0.000000, bytes=33176880, T_capped=0
Group 0: Iters=5, Procs=104, Factors=1.000000, Dist=2, RM=0, SM=0, RS=0, SS=0, parents=0, children=208
Async_Iters: 0
T_iter: 0.080893 0.072195 0.058403 0.061390 0.064425 
T_stage 0: 0.012594 0.018741 0.012636 0.012901 0.012731 
T_stage 1: 0.068244 0.054120 0.045703 0.048339 0.051616 
Config: granularity=100000, SDR=1000, ADR=0, Rigid=1, Capture_Method=0
Stage 0: PT=0, T_stage=0.012350, bytes=0, T_capped=0
Stage 1: PT=6, T_stage=0.000000, bytes=33176880, T_capped=0
Group 0: Iters=5, Procs=104, Factors=1.000000, Dist=2, RM=0, SM=0, RS=0, SS=0, parents=0, children=208
Async_Iters: 0
T_iter: 0.080990 0.063951 0.065999 0.061476 0.061340 
T_stage 0: 0.012630 0.012584 0.012624 0.012567 0.012573 
T_stage 1: 0.068263 0.051328 0.053363 0.048828 0.048687 
Config: granularity=100000, SDR=1000, ADR=0, Rigid=1, Capture_Method=0
Stage 0: PT=0, T_stage=0.012350, bytes=0, T_capped=0
Stage 1: PT=6, T_stage=0.000000, bytes=33176880, T_capped=0
Group 0: Iters=5, Procs=104, Factors=1.000000, Dist=2, RM=0, SM=0, RS=0, SS=0, parents=0, children=208
Async_Iters: 0
T_iter: 0.072643 0.061368 0.057201 0.057122 0.057844 
T_stage 0: 0.012575 0.012649 0.012637 0.012565 0.012583 
T_stage 1: 0.060035 0.048664 0.044475 0.044509 0.045192 
