Config: granularity=100000, SDR=1000, ADR=0, Rigid=1, Capture_Method=0
Stage 0: PT=0, T_stage=0.012350, bytes=0, T_capped=0
Stage 1: PT=6, T_stage=0.000000, bytes=33176880, T_capped=0
Group 1: Iters=10, Procs=208, Factors=1.000000, Dist=2, RM=0, SM=1, RS=0, SS=0, parents=156, children=0
Async_Iters: 0
T_iter: 0.180664 0.084457 0.291037 0.087720 0.078790 0.075880 0.078703 0.079211 0.076614 0.079377 
T_stage 0: 0.033393 0.014360 0.221127 0.013178 0.013135 0.014663 0.013284 0.013201 0.013987 0.013310 
T_stage 1: 0.154888 0.070850 0.277700 0.074417 0.065494 0.062576 0.065423 0.065872 0.063292 0.066095 
Config: granularity=100000, SDR=1000, ADR=0, Rigid=1, Capture_Method=0
Stage 0: PT=0, T_stage=0.012350, bytes=0, T_capped=0
Stage 1: PT=6, T_stage=0.000000, bytes=33176880, T_capped=0
Group 1: Iters=10, Procs=208, Factors=1.000000, Dist=2, RM=0, SM=1, RS=0, SS=0, parents=156, children=0
Async_Iters: 0
T_iter: 0.441952 0.114879 0.077168 0.077420 0.074597 0.076670 0.078428 0.080040 0.076754 0.079690 
T_stage 0: 0.073932 0.032160 0.012355 0.013287 0.012304 0.012267 0.013616 0.012873 0.012627 0.012450 
T_stage 1: 0.364003 0.086149 0.064752 0.064950 0.062136 0.064270 0.066026 0.067640 0.064103 0.067049 
Config: granularity=100000, SDR=1000, ADR=0, Rigid=1, Capture_Method=0
Stage 0: PT=0, T_stage=0.012350, bytes=0, T_capped=0
Stage 1: PT=6, T_stage=0.000000, bytes=33176880, T_capped=0
Group 1: Iters=10, Procs=208, Factors=1.000000, Dist=2, RM=0, SM=1, RS=0, SS=0, parents=156, children=0
Async_Iters: 0
T_iter: 0.426541 0.166069 0.089063 0.076023 0.084675 0.078089 0.077527 0.075492 0.076826 0.079582 
T_stage 0: 0.064910 0.031882 0.025049 0.013898 0.013280 0.014710 0.013257 0.013340 0.014204 0.013376 
T_stage 1: 0.354505 0.136533 0.063866 0.062713 0.071222 0.064687 0.064129 0.062096 0.063438 0.066177 
Config: granularity=100000, SDR=1000, ADR=0, Rigid=1, Capture_Method=0
Stage 0: PT=0, T_stage=0.012350, bytes=0, T_capped=0
Stage 1: PT=6, T_stage=0.000000, bytes=33176880, T_capped=0
Group 1: Iters=10, Procs=208, Factors=1.000000, Dist=2, RM=0, SM=1, RS=0, SS=0, parents=156, children=0
Async_Iters: 0
T_iter: 0.194009 0.083717 0.081646 0.081504 0.083381 0.082015 0.081493 0.084655 0.088398 0.090015 
T_stage 0: 0.040402 0.018518 0.018565 0.018525 0.019436 0.018455 0.018517 0.018499 0.018496 0.018494 
T_stage 1: 0.153503 0.065054 0.062863 0.062778 0.064098 0.063377 0.062739 0.065928 0.069755 0.071417 
Config: granularity=100000, SDR=1000, ADR=0, Rigid=1, Capture_Method=0
Stage 0: PT=0, T_stage=0.012350, bytes=0, T_capped=0
Stage 1: PT=6, T_stage=0.000000, bytes=33176880, T_capped=0
Group 1: Iters=10, Procs=208, Factors=1.000000, Dist=2, RM=0, SM=1, RS=0, SS=0, parents=156, children=0
Async_Iters: 0
T_iter: 0.394627 0.133544 0.088204 0.082973 0.084646 0.082513 0.080860 0.083194 0.098724 0.109684 
T_stage 0: 0.068189 0.032434 0.013355 0.013252 0.013366 0.013206 0.014393 0.013128 0.013159 0.013231 
T_stage 1: 0.337345 0.104284 0.074636 0.069458 0.071145 0.069065 0.067515 0.069889 0.085372 0.096428 
Config: granularity=100000, SDR=1000, ADR=0, Rigid=1, Capture_Method=0
Stage 0: PT=0, T_stage=0.012350, bytes=0, T_capped=0
Stage 1: PT=6, T_stage=0.000000, bytes=33176880, T_capped=0
Group 1: Iters=10, Procs=208, Factors=1.000000, Dist=2, RM=0, SM=1, RS=0, SS=0, parents=156, children=0
Async_Iters: 0
T_iter: 0.156614 0.083659 0.289498 0.290409 0.100912 0.086726 0.095775 0.075085 0.285535 0.077023 
T_stage 0: 0.033890 0.013168 0.013247 0.013439 0.013252 0.013169 0.014380 0.013179 0.014427 0.013550 
T_stage 1: 0.123652 0.070258 0.275691 0.275840 0.087588 0.073398 0.082477 0.061432 0.272147 0.063556 
Config: granularity=100000, SDR=1000, ADR=0, Rigid=1, Capture_Method=0
Stage 0: PT=0, T_stage=0.012350, bytes=0, T_capped=0
Stage 1: PT=6, T_stage=0.000000, bytes=33176880, T_capped=0
Group 1: Iters=10, Procs=208, Factors=1.000000, Dist=2, RM=0, SM=1, RS=0, SS=0, parents=156, children=0
Async_Iters: 0
T_iter: 0.255904 0.103858 0.078473 0.081998 0.076068 0.079001 0.077701 0.075683 0.078150 0.075870 
T_stage 0: 0.033786 0.029042 0.013293 0.014932 0.015361 0.013336 0.013268 0.013314 0.013298 0.015044 
T_stage 1: 0.214296 0.074308 0.065009 0.068469 0.062320 0.065068 0.063784 0.062249 0.064649 0.062463 
Config: granularity=100000, SDR=1000, ADR=0, Rigid=1, Capture_Method=0
Stage 0: PT=0, T_stage=0.012350, bytes=0, T_capped=0
Stage 1: PT=6, T_stage=0.000000, bytes=33176880, T_capped=0
Group 1: Iters=10, Procs=208, Factors=1.000000, Dist=2, RM=0, SM=1, RS=0, SS=0, parents=156, children=0
Async_Iters: 0
T_iter: 0.294894 0.138225 0.081558 0.084228 0.083399 0.081980 0.082006 0.079775 0.081890 0.083056 
T_stage 0: 0.040440 0.049499 0.013362 0.013429 0.013519 0.013342 0.013314 0.013276 0.013572 0.014397 
T_stage 1: 0.238471 0.108668 0.068115 0.070654 0.069929 0.068495 0.068542 0.066327 0.068408 0.069415 
Config: granularity=100000, SDR=1000, ADR=0, Rigid=1, Capture_Method=0
Stage 0: PT=0, T_stage=0.012350, bytes=0, T_capped=0
Stage 1: PT=6, T_stage=0.000000, bytes=33176880, T_capped=0
Group 1: Iters=10, Procs=208, Factors=1.000000, Dist=2, RM=0, SM=1, RS=0, SS=0, parents=156, children=0
Async_Iters: 0
T_iter: 0.110440 0.082172 0.295193 0.132912 0.142200 0.127503 0.525113 0.079310 0.082155 0.076846 
T_stage 0: 0.030344 0.013229 0.017620 0.013375 0.013209 0.013402 0.257861 0.014305 0.013268 0.013170 
T_stage 1: 0.079935 0.068361 0.281475 0.119425 0.128782 0.113720 0.297581 0.065670 0.068758 0.063010 
Config: granularity=100000, SDR=1000, ADR=0, Rigid=1, Capture_Method=0
Stage 0: PT=0, T_stage=0.012350, bytes=0, T_capped=0
Stage 1: PT=6, T_stage=0.000000, bytes=33176880, T_capped=0
Group 1: Iters=10, Procs=208, Factors=1.000000, Dist=2, RM=0, SM=1, RS=0, SS=0, parents=156, children=0
Async_Iters: 0
T_iter: 0.141278 0.079579 0.079578 0.133993 0.136533 0.081775 0.080678 0.318321 0.085539 0.081023 
T_stage 0: 0.031946 0.017951 0.013269 0.013235 0.013388 0.016737 0.017921 0.017911 0.019437 0.017851 
T_stage 1: 0.111627 0.066203 0.066251 0.120626 0.123234 0.066482 0.062610 0.300266 0.067639 0.063069 
Config: granularity=100000, SDR=1000, ADR=0, Rigid=1, Capture_Method=0
Stage 0: PT=0, T_stage=0.012350, bytes=0, T_capped=0
Stage 1: PT=6, T_stage=0.000000, bytes=33176880, T_capped=0
Group 1: Iters=10, Procs=208, Factors=1.000000, Dist=2, RM=0, SM=1, RS=0, SS=0, parents=156, children=0
Async_Iters: 0
T_iter: 0.331786 0.078357 0.079909 0.082816 0.076235 0.076803 0.077570 0.081126 0.076102 0.073525 
T_stage 0: 0.249809 0.013952 0.013396 0.014408 0.013500 0.015077 0.013897 0.013294 0.013171 0.014466 
T_stage 1: 0.113413 0.064703 0.066409 0.069405 0.062571 0.063455 0.064205 0.067737 0.062314 0.060244 
Config: granularity=100000, SDR=1000, ADR=0, Rigid=1, Capture_Method=0
Stage 0: PT=0, T_stage=0.012350, bytes=0, T_capped=0
Stage 1: PT=6, T_stage=0.000000, bytes=33176880, T_capped=0
Group 1: Iters=10, Procs=208, Factors=1.000000, Dist=2, RM=0, SM=1, RS=0, SS=0, parents=156, children=0
Async_Iters: 0
T_iter: 0.165427 0.092906 0.087574 0.085064 0.084471 0.082191 0.083147 0.081242 0.083455 0.081771 
T_stage 0: 0.036724 0.013284 0.013353 0.013325 0.013527 0.014666 0.013400 0.013430 0.013561 0.013471 
T_stage 1: 0.128450 0.079440 0.074047 0.071622 0.070961 0.068771 0.069636 0.067753 0.070002 0.068325 
Config: granularity=100000, SDR=1000, ADR=0, Rigid=1, Capture_Method=0
Stage 0: PT=0, T_stage=0.012350, bytes=0, T_capped=0
Stage 1: PT=6, T_stage=0.000000, bytes=33176880, T_capped=0
Group 1: Iters=10, Procs=208, Factors=1.000000, Dist=2, RM=0, SM=1, RS=0, SS=0, parents=156, children=0
Async_Iters: 0
T_iter: 0.598756 0.273424 0.089797 0.079586 0.086051 0.077823 0.080228 0.079633 0.080226 0.283767 
T_stage 0: 0.056868 0.031884 0.025630 0.013173 0.013179 0.013207 0.014703 0.014632 0.017540 0.013485 
T_stage 1: 0.539387 0.244138 0.064103 0.066348 0.072703 0.064391 0.066851 0.066279 0.066662 0.270253 
Config: granularity=100000, SDR=1000, ADR=0, Rigid=1, Capture_Method=0
Stage 0: PT=0, T_stage=0.012350, bytes=0, T_capped=0
Stage 1: PT=6, T_stage=0.000000, bytes=33176880, T_capped=0
Group 1: Iters=10, Procs=208, Factors=1.000000, Dist=2, RM=0, SM=1, RS=0, SS=0, parents=156, children=0
Async_Iters: 0
T_iter: 0.177120 0.088159 0.078445 0.080961 0.079525 0.076811 0.076896 0.079978 0.075269 0.077938 
T_stage 0: 0.047533 0.013164 0.014343 0.013416 0.014077 0.013489 0.013161 0.013198 0.014512 0.014444 
T_stage 1: 0.145160 0.074827 0.065148 0.067255 0.066300 0.063220 0.063580 0.066706 0.061952 0.064574 
Config: granularity=100000, SDR=1000, ADR=0, Rigid=1, Capture_Method=0
Stage 0: PT=0, T_stage=0.012350, bytes=0, T_capped=0
Stage 1: PT=6, T_stage=0.000000, bytes=33176880, T_capped=0
Group 1: Iters=10, Procs=208, Factors=1.000000, Dist=2, RM=0, SM=1, RS=0, SS=0, parents=156, children=0
Async_Iters: 0
T_iter: 0.107264 0.083573 0.077901 0.076271 0.077253 0.078248 0.075953 0.074595 0.075881 0.080346 
T_stage 0: 0.013226 0.014649 0.013556 0.013302 0.013499 0.013303 0.013271 0.014689 0.013213 0.013229 
T_stage 1: 0.093513 0.070165 0.064176 0.062822 0.063580 0.064757 0.062456 0.061252 0.062518 0.066446 
Config: granularity=100000, SDR=1000, ADR=0, Rigid=1, Capture_Method=0
Stage 0: PT=0, T_stage=0.012350, bytes=0, T_capped=0
Stage 1: PT=6, T_stage=0.000000, bytes=33176880, T_capped=0
Group 1: Iters=10, Procs=208, Factors=1.000000, Dist=2, RM=0, SM=1, RS=0, SS=0, parents=156, children=0
Async_Iters: 0
T_iter: 0.224932 0.078505 0.277743 0.078060 0.074910 0.080420 0.076723 0.076604 0.074691 0.079552 
T_stage 0: 0.047521 0.013492 0.014662 0.014684 0.013397 0.014398 0.013523 0.013515 0.013653 0.013506 
T_stage 1: 0.184238 0.064790 0.264222 0.064434 0.061413 0.066730 0.063146 0.062826 0.061178 0.065942 
Config: granularity=100000, SDR=1000, ADR=0, Rigid=1, Capture_Method=0
Stage 0: PT=0, T_stage=0.012350, bytes=0, T_capped=0
Stage 1: PT=6, T_stage=0.000000, bytes=33176880, T_capped=0
Group 1: Iters=10, Procs=208, Factors=1.000000, Dist=2, RM=0, SM=1, RS=0, SS=0, parents=156, children=0
Async_Iters: 0
T_iter: 0.250438 0.079402 0.077826 0.082555 0.074859 0.074421 0.076235 0.078325 0.078184 0.083281 
T_stage 0: 0.055087 0.016611 0.013589 0.014589 0.013189 0.013184 0.013150 0.013849 0.014302 0.013183 
T_stage 1: 0.213749 0.062062 0.064271 0.069263 0.061517 0.061139 0.062936 0.065049 0.064867 0.069432 
Config: granularity=100000, SDR=1000, ADR=0, Rigid=1, Capture_Method=0
Stage 0: PT=0, T_stage=0.012350, bytes=0, T_capped=0
Stage 1: PT=6, T_stage=0.000000, bytes=33176880, T_capped=0
Group 1: Iters=10, Procs=208, Factors=1.000000, Dist=2, RM=0, SM=1, RS=0, SS=0, parents=156, children=0
Async_Iters: 0
T_iter: 0.239013 0.094812 0.091674 0.279100 0.078153 0.074897 0.076584 0.078220 0.076774 0.075430 
T_stage 0: 0.029931 0.030361 0.015009 0.015043 0.013665 0.015427 0.014578 0.013680 0.013736 0.013789 
T_stage 1: 0.211898 0.064349 0.077765 0.264942 0.064330 0.061074 0.062772 0.064481 0.062960 0.061567 
Config: granularity=100000, SDR=1000, ADR=0, Rigid=1, Capture_Method=0
Stage 0: PT=0, T_stage=0.012350, bytes=0, T_capped=0
Stage 1: PT=6, T_stage=0.000000, bytes=33176880, T_capped=0
Group 1: Iters=10, Procs=208, Factors=1.000000, Dist=2, RM=0, SM=1, RS=0, SS=0, parents=156, children=0
Async_Iters: 0
T_iter: 0.506303 0.157803 0.082644 0.079233 0.076288 0.072822 0.075763 0.078810 0.078593 0.076600 
T_stage 0: 0.063049 0.032515 0.014680 0.013160 0.014842 0.013144 0.014657 0.013954 0.013174 0.013128 
T_stage 1: 0.452002 0.128459 0.069230 0.065887 0.062884 0.059478 0.062437 0.065526 0.065269 0.062942 
Config: granularity=100000, SDR=1000, ADR=0, Rigid=1, Capture_Method=0
Stage 0: PT=0, T_stage=0.012350, bytes=0, T_capped=0
Stage 1: PT=6, T_stage=0.000000, bytes=33176880, T_capped=0
Group 1: Iters=10, Procs=208, Factors=1.000000, Dist=2, RM=0, SM=1, RS=0, SS=0, parents=156, children=0
Async_Iters: 0
T_iter: 0.308047 0.107122 0.075283 0.083892 0.080250 0.079064 0.075057 0.076340 0.077449 0.084866 
T_stage 0: 0.058936 0.031922 0.013193 0.013217 0.014649 0.014304 0.013175 0.014599 0.013185 0.013181 
T_stage 1: 0.257395 0.077801 0.061340 0.070589 0.066889 0.065717 0.061754 0.063078 0.064175 0.071581 
