Config: granularity=100000, SDR=1000, ADR=0, Rigid=1, Capture_Method=0
Stage 0: PT=0, T_stage=0.012350, bytes=0, T_capped=0
Stage 1: PT=6, T_stage=0.000000, bytes=33176880, T_capped=0
Group 1: Iters=10, Procs=208, Factors=1.000000, Dist=2, RM=0, SM=1, RS=0, SS=0, parents=312, children=0
Async_Iters: 0
T_iter: 0.236311 0.091390 0.075192 0.075196 0.075406 0.075486 0.075337 0.075568 0.075532 0.075010 
T_stage 0: 0.042634 0.028935 0.012992 0.013008 0.013019 0.013028 0.013047 0.013085 0.013082 0.013013 
T_stage 1: 0.193525 0.062314 0.062041 0.062039 0.062210 0.062287 0.062149 0.062294 0.062320 0.061802 
Config: granularity=100000, SDR=1000, ADR=0, Rigid=1, Capture_Method=0
Stage 0: PT=0, T_stage=0.012350, bytes=0, T_capped=0
Stage 1: PT=6, T_stage=0.000000, bytes=33176880, T_capped=0
Group 1: Iters=10, Procs=208, Factors=1.000000, Dist=2, RM=0, SM=1, RS=0, SS=0, parents=312, children=0
Async_Iters: 0
T_iter: 0.140097 0.075473 0.074812 0.075165 0.075790 0.074931 0.075056 0.074859 0.075138 0.075007 
T_stage 0: 0.031998 0.013558 0.013277 0.013280 0.013271 0.013313 0.013285 0.013280 0.013281 0.013287 
T_stage 1: 0.115690 0.061879 0.061458 0.061831 0.062391 0.061619 0.061791 0.061574 0.061830 0.061620 
Config: granularity=100000, SDR=1000, ADR=0, Rigid=1, Capture_Method=0
Stage 0: PT=0, T_stage=0.012350, bytes=0, T_capped=0
Stage 1: PT=6, T_stage=0.000000, bytes=33176880, T_capped=0
Group 1: Iters=10, Procs=208, Factors=1.000000, Dist=2, RM=0, SM=1, RS=0, SS=0, parents=312, children=0
Async_Iters: 0
T_iter: 0.162443 0.093069 0.076352 0.075853 0.075861 0.080145 0.076409 0.082716 0.080174 0.076799 
T_stage 0: 0.051571 0.030505 0.012960 0.012996 0.012986 0.012988 0.013014 0.013012 0.014777 0.013037 
T_stage 1: 0.120123 0.062371 0.063269 0.062775 0.062792 0.067064 0.063270 0.069582 0.065286 0.063695 
Config: granularity=100000, SDR=1000, ADR=0, Rigid=1, Capture_Method=0
Stage 0: PT=0, T_stage=0.012350, bytes=0, T_capped=0
Stage 1: PT=6, T_stage=0.000000, bytes=33176880, T_capped=0
Group 1: Iters=10, Procs=208, Factors=1.000000, Dist=2, RM=0, SM=1, RS=0, SS=0, parents=312, children=0
Async_Iters: 0
T_iter: 0.199316 0.078294 0.071781 0.071054 0.072520 0.072430 0.090395 0.070622 0.071314 0.071522 
T_stage 0: 0.028740 0.020138 0.013275 0.013022 0.013015 0.013039 0.031183 0.013007 0.013026 0.012985 
T_stage 1: 0.176259 0.058006 0.058392 0.057798 0.059400 0.059234 0.059163 0.057477 0.058227 0.058337 
Config: granularity=100000, SDR=1000, ADR=0, Rigid=1, Capture_Method=0
Stage 0: PT=0, T_stage=0.012350, bytes=0, T_capped=0
Stage 1: PT=6, T_stage=0.000000, bytes=33176880, T_capped=0
Group 1: Iters=10, Procs=208, Factors=1.000000, Dist=2, RM=0, SM=1, RS=0, SS=0, parents=312, children=0
Async_Iters: 0
T_iter: 0.255086 0.074876 0.075121 0.075546 0.074578 0.074864 0.074343 0.075186 0.075084 0.075356 
T_stage 0: 0.032004 0.013005 0.013019 0.012979 0.012978 0.013121 0.013039 0.013026 0.013076 0.013026 
T_stage 1: 0.226389 0.061769 0.061996 0.062417 0.061448 0.061691 0.061147 0.062065 0.061980 0.062193 
Config: granularity=100000, SDR=1000, ADR=0, Rigid=1, Capture_Method=0
Stage 0: PT=0, T_stage=0.012350, bytes=0, T_capped=0
Stage 1: PT=6, T_stage=0.000000, bytes=33176880, T_capped=0
Group 1: Iters=10, Procs=208, Factors=1.000000, Dist=2, RM=0, SM=1, RS=0, SS=0, parents=312, children=0
Async_Iters: 0
T_iter: 0.195695 0.076677 0.076606 0.076550 0.077296 0.076898 0.076739 0.076761 0.076494 0.083190 
T_stage 0: 0.039198 0.012991 0.013012 0.012984 0.013011 0.013025 0.013018 0.013019 0.013013 0.019393 
T_stage 1: 0.156381 0.063567 0.063527 0.063451 0.064165 0.063723 0.063614 0.063685 0.063420 0.063710 
Config: granularity=100000, SDR=1000, ADR=0, Rigid=1, Capture_Method=0
Stage 0: PT=0, T_stage=0.012350, bytes=0, T_capped=0
Stage 1: PT=6, T_stage=0.000000, bytes=33176880, T_capped=0
Group 1: Iters=10, Procs=208, Factors=1.000000, Dist=2, RM=0, SM=1, RS=0, SS=0, parents=312, children=0
Async_Iters: 0
T_iter: 0.173852 0.076509 0.077063 0.091821 0.076173 0.075630 0.080330 0.076782 0.083416 0.076257 
T_stage 0: 0.062611 0.013293 0.013004 0.028832 0.013012 0.012993 0.017385 0.013943 0.020386 0.012991 
T_stage 1: 0.117599 0.063084 0.063967 0.062899 0.063062 0.062518 0.062852 0.062746 0.062913 0.063131 
Config: granularity=100000, SDR=1000, ADR=0, Rigid=1, Capture_Method=0
Stage 0: PT=0, T_stage=0.012350, bytes=0, T_capped=0
Stage 1: PT=6, T_stage=0.000000, bytes=33176880, T_capped=0
Group 1: Iters=10, Procs=208, Factors=1.000000, Dist=2, RM=0, SM=1, RS=0, SS=0, parents=312, children=0
Async_Iters: 0
T_iter: 0.234931 0.090233 0.084162 0.077157 0.077776 0.077677 0.077648 0.077324 0.078092 0.077744 
T_stage 0: 0.030933 0.028045 0.019382 0.013149 0.013080 0.013139 0.013159 0.013085 0.013086 0.013099 
T_stage 1: 0.174208 0.064673 0.064699 0.063871 0.064556 0.064427 0.064396 0.064125 0.064915 0.064555 
Config: granularity=100000, SDR=1000, ADR=0, Rigid=1, Capture_Method=0
Stage 0: PT=0, T_stage=0.012350, bytes=0, T_capped=0
Stage 1: PT=6, T_stage=0.000000, bytes=33176880, T_capped=0
Group 1: Iters=10, Procs=208, Factors=1.000000, Dist=2, RM=0, SM=1, RS=0, SS=0, parents=312, children=0
Async_Iters: 0
T_iter: 0.287998 0.224006 0.169961 0.092022 0.073701 0.074379 0.073967 0.074410 0.074364 0.073967 
T_stage 0: 0.039999 0.041392 0.032004 0.030996 0.013189 0.013155 0.013170 0.013198 0.013176 0.013164 
T_stage 1: 0.244000 0.182560 0.144508 0.060886 0.060414 0.061111 0.060684 0.061113 0.061095 0.060719 
Config: granularity=100000, SDR=1000, ADR=0, Rigid=1, Capture_Method=0
Stage 0: PT=0, T_stage=0.012350, bytes=0, T_capped=0
Stage 1: PT=6, T_stage=0.000000, bytes=33176880, T_capped=0
Group 1: Iters=10, Procs=208, Factors=1.000000, Dist=2, RM=0, SM=1, RS=0, SS=0, parents=312, children=0
Async_Iters: 0
T_iter: 0.190707 0.090095 0.081702 0.075788 0.073419 0.074353 0.084598 0.077121 0.073637 0.073399 
T_stage 0: 0.032021 0.026040 0.016744 0.013179 0.013087 0.013141 0.020435 0.013151 0.013152 0.013105 
T_stage 1: 0.161183 0.063924 0.064832 0.062447 0.060167 0.061074 0.064065 0.063820 0.060391 0.060144 
Config: granularity=100000, SDR=1000, ADR=0, Rigid=1, Capture_Method=0
Stage 0: PT=0, T_stage=0.012350, bytes=0, T_capped=0
Stage 1: PT=6, T_stage=0.000000, bytes=33176880, T_capped=0
Group 1: Iters=10, Procs=208, Factors=1.000000, Dist=2, RM=0, SM=1, RS=0, SS=0, parents=312, children=0
Async_Iters: 0
T_iter: 0.101718 0.076207 0.093815 0.076661 0.076154 0.076030 0.076247 0.076085 0.076204 0.076187 
T_stage 0: 0.022077 0.013080 0.028600 0.013104 0.013081 0.013151 0.013046 0.013084 0.013110 0.013133 
T_stage 1: 0.079445 0.063010 0.065378 0.063477 0.062904 0.062779 0.063062 0.062894 0.062990 0.062962 
Config: granularity=100000, SDR=1000, ADR=0, Rigid=1, Capture_Method=0
Stage 0: PT=0, T_stage=0.012350, bytes=0, T_capped=0
Stage 1: PT=6, T_stage=0.000000, bytes=33176880, T_capped=0
Group 1: Iters=10, Procs=208, Factors=1.000000, Dist=2, RM=0, SM=1, RS=0, SS=0, parents=312, children=0
Async_Iters: 0
T_iter: 0.135257 0.082820 0.076402 0.094010 0.076742 0.085990 0.075981 0.076659 0.076367 0.076203 
T_stage 0: 0.029555 0.019058 0.013015 0.030789 0.013201 0.022808 0.013015 0.013092 0.012985 0.013028 
T_stage 1: 0.105432 0.063685 0.063274 0.063133 0.063418 0.063060 0.062843 0.063534 0.063264 0.063072 
Config: granularity=100000, SDR=1000, ADR=0, Rigid=1, Capture_Method=0
Stage 0: PT=0, T_stage=0.012350, bytes=0, T_capped=0
Stage 1: PT=6, T_stage=0.000000, bytes=33176880, T_capped=0
Group 1: Iters=10, Procs=208, Factors=1.000000, Dist=2, RM=0, SM=1, RS=0, SS=0, parents=312, children=0
Async_Iters: 0
T_iter: 0.189217 0.077796 0.076849 0.092255 0.076577 0.075600 0.076105 0.094581 0.076704 0.076552 
T_stage 0: 0.063644 0.013360 0.013340 0.029854 0.013373 0.013583 0.013376 0.031651 0.013351 0.013349 
T_stage 1: 0.152355 0.064329 0.063406 0.062306 0.063074 0.061906 0.062603 0.062817 0.063247 0.063119 
Config: granularity=100000, SDR=1000, ADR=0, Rigid=1, Capture_Method=0
Stage 0: PT=0, T_stage=0.012350, bytes=0, T_capped=0
Stage 1: PT=6, T_stage=0.000000, bytes=33176880, T_capped=0
Group 1: Iters=10, Procs=208, Factors=1.000000, Dist=2, RM=0, SM=1, RS=0, SS=0, parents=312, children=0
Async_Iters: 0
T_iter: 0.110994 0.078725 0.084941 0.078321 0.084795 0.078782 0.078138 0.078300 0.078327 0.078733 
T_stage 0: 0.031995 0.013330 0.019355 0.012997 0.019172 0.013029 0.013066 0.013080 0.013016 0.012993 
T_stage 1: 0.078859 0.065268 0.065432 0.065224 0.065500 0.065636 0.065021 0.065130 0.065232 0.065643 
Config: granularity=100000, SDR=1000, ADR=0, Rigid=1, Capture_Method=0
Stage 0: PT=0, T_stage=0.012350, bytes=0, T_capped=0
Stage 1: PT=6, T_stage=0.000000, bytes=33176880, T_capped=0
Group 1: Iters=10, Procs=208, Factors=1.000000, Dist=2, RM=0, SM=1, RS=0, SS=0, parents=312, children=0
Async_Iters: 0
T_iter: 0.197869 0.088671 0.075010 0.074393 0.075093 0.074371 0.074804 0.077103 0.074637 0.078564 
T_stage 0: 0.055871 0.027320 0.013024 0.013136 0.013122 0.013080 0.013065 0.013185 0.013072 0.013147 
T_stage 1: 0.167743 0.061171 0.061843 0.061209 0.061925 0.061234 0.061649 0.063876 0.061451 0.065366 
Config: granularity=100000, SDR=1000, ADR=0, Rigid=1, Capture_Method=0
Stage 0: PT=0, T_stage=0.012350, bytes=0, T_capped=0
Stage 1: PT=6, T_stage=0.000000, bytes=33176880, T_capped=0
Group 1: Iters=10, Procs=208, Factors=1.000000, Dist=2, RM=0, SM=1, RS=0, SS=0, parents=312, children=0
Async_Iters: 0
T_iter: 0.219992 0.162520 0.082321 0.076024 0.075705 0.075873 0.074694 0.076127 0.095080 0.075729 
T_stage 0: 0.032001 0.041574 0.019441 0.012981 0.012998 0.013024 0.013128 0.013060 0.032885 0.013048 
T_stage 1: 0.167969 0.120823 0.062769 0.062922 0.062643 0.062791 0.061592 0.063020 0.062092 0.062615 
Config: granularity=100000, SDR=1000, ADR=0, Rigid=1, Capture_Method=0
Stage 0: PT=0, T_stage=0.012350, bytes=0, T_capped=0
Stage 1: PT=6, T_stage=0.000000, bytes=33176880, T_capped=0
Group 1: Iters=10, Procs=208, Factors=1.000000, Dist=2, RM=0, SM=1, RS=0, SS=0, parents=312, children=0
Async_Iters: 0
T_iter: 0.148863 0.078384 0.078245 0.078028 0.081778 0.078438 0.078052 0.081345 0.078650 0.078305 
T_stage 0: 0.035998 0.012985 0.013285 0.012994 0.013083 0.012999 0.012955 0.013016 0.013004 0.013069 
T_stage 1: 0.122499 0.065204 0.064804 0.064921 0.068453 0.065369 0.065024 0.068221 0.065584 0.065159 
Config: granularity=100000, SDR=1000, ADR=0, Rigid=1, Capture_Method=0
Stage 0: PT=0, T_stage=0.012350, bytes=0, T_capped=0
Stage 1: PT=6, T_stage=0.000000, bytes=33176880, T_capped=0
Group 1: Iters=10, Procs=208, Factors=1.000000, Dist=2, RM=0, SM=1, RS=0, SS=0, parents=312, children=0
Async_Iters: 0
T_iter: 0.173493 0.082309 0.094323 0.089679 0.077689 0.076982 0.077075 0.077901 0.077341 0.077080 
T_stage 0: 0.040374 0.018034 0.030810 0.025844 0.013047 0.013047 0.013058 0.013076 0.013008 0.012961 
T_stage 1: 0.132951 0.064100 0.063339 0.063675 0.064450 0.063826 0.063885 0.064733 0.064264 0.064033 
Config: granularity=100000, SDR=1000, ADR=0, Rigid=1, Capture_Method=0
Stage 0: PT=0, T_stage=0.012350, bytes=0, T_capped=0
Stage 1: PT=6, T_stage=0.000000, bytes=33176880, T_capped=0
Group 1: Iters=10, Procs=208, Factors=1.000000, Dist=2, RM=0, SM=1, RS=0, SS=0, parents=312, children=0
Async_Iters: 0
T_iter: 0.278386 0.075557 0.075481 0.075127 0.075247 0.074999 0.075379 0.075928 0.075366 0.075653 
T_stage 0: 0.047887 0.013102 0.013071 0.013086 0.013097 0.013091 0.013193 0.013719 0.013096 0.013091 
T_stage 1: 0.237817 0.062366 0.062273 0.061903 0.062038 0.061788 0.062090 0.062092 0.062127 0.062398 
Config: granularity=100000, SDR=1000, ADR=0, Rigid=1, Capture_Method=0
Stage 0: PT=0, T_stage=0.012350, bytes=0, T_capped=0
Stage 1: PT=6, T_stage=0.000000, bytes=33176880, T_capped=0
Group 1: Iters=10, Procs=208, Factors=1.000000, Dist=2, RM=0, SM=1, RS=0, SS=0, parents=312, children=0
Async_Iters: 0
T_iter: 0.221341 0.076032 0.075991 0.084517 0.075901 0.076132 0.076069 0.081657 0.076046 0.075870 
T_stage 0: 0.032004 0.013194 0.013200 0.021794 0.013197 0.013216 0.013233 0.019009 0.013266 0.013192 
T_stage 1: 0.189202 0.062737 0.062687 0.062636 0.062597 0.062744 0.062688 0.062516 0.062676 0.062566 
