Config: granularity=100000, SDR=1000, ADR=0, Rigid=1, Capture_Method=0
Stage 0: PT=0, T_stage=0.012350, bytes=0, T_capped=0
Stage 1: PT=6, T_stage=0.000000, bytes=33176880, T_capped=0
Group 1: Iters=10, Procs=208, Factors=1.000000, Dist=2, RM=0, SM=1, RS=0, SS=0, parents=364, children=0
Async_Iters: 0
T_iter: 0.104690 0.076002 0.076026 0.075980 0.075701 0.075979 0.075957 0.076181 0.075974 0.076444 
T_stage 0: 0.027188 0.013068 0.013091 0.013104 0.013124 0.013054 0.013088 0.013066 0.013020 0.013048 
T_stage 1: 0.077419 0.062823 0.062825 0.062773 0.062536 0.062784 0.062794 0.063021 0.062838 0.063269 
Config: granularity=100000, SDR=1000, ADR=0, Rigid=1, Capture_Method=0
Stage 0: PT=0, T_stage=0.012350, bytes=0, T_capped=0
Stage 1: PT=6, T_stage=0.000000, bytes=33176880, T_capped=0
Group 1: Iters=10, Procs=208, Factors=1.000000, Dist=2, RM=0, SM=1, RS=0, SS=0, parents=364, children=0
Async_Iters: 0
T_iter: 0.147529 0.075493 0.075186 0.075160 0.075258 0.074960 0.075217 0.074926 0.077822 0.075357 
T_stage 0: 0.038965 0.013301 0.013154 0.013263 0.013219 0.013231 0.013183 0.013173 0.013203 0.013211 
T_stage 1: 0.116301 0.062102 0.061886 0.061770 0.061914 0.061498 0.061910 0.061638 0.064493 0.062049 
Config: granularity=100000, SDR=1000, ADR=0, Rigid=1, Capture_Method=0
Stage 0: PT=0, T_stage=0.012350, bytes=0, T_capped=0
Stage 1: PT=6, T_stage=0.000000, bytes=33176880, T_capped=0
Group 1: Iters=10, Procs=208, Factors=1.000000, Dist=2, RM=0, SM=1, RS=0, SS=0, parents=364, children=0
Async_Iters: 0
T_iter: 0.101002 0.084006 0.078474 0.081358 0.078436 0.078570 0.077736 0.078101 0.077783 0.078006 
T_stage 0: 0.020202 0.013368 0.013285 0.012985 0.013003 0.012991 0.012960 0.013038 0.012976 0.012973 
T_stage 1: 0.080638 0.070522 0.065150 0.068242 0.065283 0.065463 0.064622 0.064966 0.064681 0.064928 
Config: granularity=100000, SDR=1000, ADR=0, Rigid=1, Capture_Method=0
Stage 0: PT=0, T_stage=0.012350, bytes=0, T_capped=0
Stage 1: PT=6, T_stage=0.000000, bytes=33176880, T_capped=0
Group 1: Iters=10, Procs=208, Factors=1.000000, Dist=2, RM=0, SM=1, RS=0, SS=0, parents=364, children=0
Async_Iters: 0
T_iter: 0.123556 0.075748 0.076761 0.085363 0.076372 0.078009 0.076748 0.077606 0.076079 0.076979 
T_stage 0: 0.042421 0.013186 0.013184 0.021384 0.013237 0.013271 0.013216 0.013226 0.013223 0.013197 
T_stage 1: 0.080970 0.062432 0.063376 0.063823 0.063000 0.064620 0.063420 0.064234 0.062742 0.063678 
Config: granularity=100000, SDR=1000, ADR=0, Rigid=1, Capture_Method=0
Stage 0: PT=0, T_stage=0.012350, bytes=0, T_capped=0
Stage 1: PT=6, T_stage=0.000000, bytes=33176880, T_capped=0
Group 1: Iters=10, Procs=208, Factors=1.000000, Dist=2, RM=0, SM=1, RS=0, SS=0, parents=364, children=0
Async_Iters: 0
T_iter: 0.315996 0.098802 0.082832 0.082604 0.082724 0.082888 0.082548 0.082837 0.083201 0.083528 
T_stage 0: 0.048001 0.031931 0.013146 0.013080 0.013091 0.013177 0.013113 0.013101 0.013756 0.013120 
T_stage 1: 0.278569 0.073223 0.069549 0.069402 0.069517 0.069590 0.069347 0.069613 0.069301 0.070296 
Config: granularity=100000, SDR=1000, ADR=0, Rigid=1, Capture_Method=0
Stage 0: PT=0, T_stage=0.012350, bytes=0, T_capped=0
Stage 1: PT=6, T_stage=0.000000, bytes=33176880, T_capped=0
Group 1: Iters=10, Procs=208, Factors=1.000000, Dist=2, RM=0, SM=1, RS=0, SS=0, parents=364, children=0
Async_Iters: 0
T_iter: 0.191572 0.084722 0.077341 0.077658 0.077339 0.077075 0.078380 0.077272 0.076996 0.077822 
T_stage 0: 0.040058 0.020269 0.013054 0.013052 0.013047 0.013042 0.013470 0.013127 0.013055 0.013044 
T_stage 1: 0.151281 0.064296 0.064196 0.064557 0.064145 0.063955 0.064809 0.064080 0.063839 0.064687 
Config: granularity=100000, SDR=1000, ADR=0, Rigid=1, Capture_Method=0
Stage 0: PT=0, T_stage=0.012350, bytes=0, T_capped=0
Stage 1: PT=6, T_stage=0.000000, bytes=33176880, T_capped=0
Group 1: Iters=10, Procs=208, Factors=1.000000, Dist=2, RM=0, SM=1, RS=0, SS=0, parents=364, children=0
Async_Iters: 0
T_iter: 0.158344 0.079167 0.076115 0.075981 0.084177 0.075658 0.075827 0.075744 0.075842 0.075647 
T_stage 0: 0.032088 0.013332 0.013316 0.013106 0.021488 0.013069 0.013023 0.013013 0.013046 0.012967 
T_stage 1: 0.126197 0.065654 0.062718 0.062776 0.062628 0.062495 0.062727 0.062624 0.062672 0.062536 
Config: granularity=100000, SDR=1000, ADR=0, Rigid=1, Capture_Method=0
Stage 0: PT=0, T_stage=0.012350, bytes=0, T_capped=0
Stage 1: PT=6, T_stage=0.000000, bytes=33176880, T_capped=0
Group 1: Iters=10, Procs=208, Factors=1.000000, Dist=2, RM=0, SM=1, RS=0, SS=0, parents=364, children=0
Async_Iters: 0
T_iter: 0.251933 0.187171 0.080906 0.074600 0.074154 0.074434 0.074761 0.074281 0.075734 0.074656 
T_stage 0: 0.043941 0.032000 0.019670 0.013074 0.013049 0.013049 0.013019 0.013050 0.013411 0.013290 
T_stage 1: 0.192002 0.161702 0.061119 0.061444 0.061026 0.061291 0.061600 0.061127 0.062222 0.061236 
Config: granularity=100000, SDR=1000, ADR=0, Rigid=1, Capture_Method=0
Stage 0: PT=0, T_stage=0.012350, bytes=0, T_capped=0
Stage 1: PT=6, T_stage=0.000000, bytes=33176880, T_capped=0
Group 1: Iters=10, Procs=208, Factors=1.000000, Dist=2, RM=0, SM=1, RS=0, SS=0, parents=364, children=0
Async_Iters: 0
T_iter: 0.104451 0.089625 0.089705 0.089457 0.089528 0.089445 0.089583 0.089490 0.089469 0.104731 
T_stage 0: 0.013444 0.013510 0.013503 0.013507 0.013442 0.013448 0.013485 0.013438 0.013445 0.013447 
T_stage 1: 0.090817 0.076057 0.076080 0.075849 0.075973 0.075870 0.076014 0.075922 0.075922 0.091195 
Config: granularity=100000, SDR=1000, ADR=0, Rigid=1, Capture_Method=0
Stage 0: PT=0, T_stage=0.012350, bytes=0, T_capped=0
Stage 1: PT=6, T_stage=0.000000, bytes=33176880, T_capped=0
Group 1: Iters=10, Procs=208, Factors=1.000000, Dist=2, RM=0, SM=1, RS=0, SS=0, parents=364, children=0
Async_Iters: 0
T_iter: 0.310930 0.180957 0.080637 0.075265 0.075387 0.075288 0.075436 0.075280 0.075678 0.075705 
T_stage 0: 0.062930 0.031888 0.018578 0.013088 0.013129 0.013034 0.012986 0.013123 0.013002 0.013295 
T_stage 1: 0.264003 0.155462 0.062015 0.062120 0.062173 0.062243 0.062277 0.062078 0.062326 0.062289 
Config: granularity=100000, SDR=1000, ADR=0, Rigid=1, Capture_Method=0
Stage 0: PT=0, T_stage=0.012350, bytes=0, T_capped=0
Stage 1: PT=6, T_stage=0.000000, bytes=33176880, T_capped=0
Group 1: Iters=10, Procs=208, Factors=1.000000, Dist=2, RM=0, SM=1, RS=0, SS=0, parents=364, children=0
Async_Iters: 0
T_iter: 0.223997 0.142654 0.076928 0.076818 0.076935 0.076741 0.076992 0.077078 0.076860 0.076831 
T_stage 0: 0.039659 0.031939 0.013049 0.013024 0.013028 0.013034 0.012990 0.013051 0.013000 0.013029 
T_stage 1: 0.182594 0.117174 0.063698 0.063644 0.063773 0.063590 0.063912 0.063929 0.063764 0.063717 
Config: granularity=100000, SDR=1000, ADR=0, Rigid=1, Capture_Method=0
Stage 0: PT=0, T_stage=0.012350, bytes=0, T_capped=0
Stage 1: PT=6, T_stage=0.000000, bytes=33176880, T_capped=0
Group 1: Iters=10, Procs=208, Factors=1.000000, Dist=2, RM=0, SM=1, RS=0, SS=0, parents=364, children=0
Async_Iters: 0
T_iter: 0.256000 0.216561 0.097076 0.083020 0.083051 0.083094 0.082603 0.092887 0.083115 0.103927 
T_stage 0: 0.040440 0.041528 0.027836 0.012984 0.013012 0.013021 0.013053 0.020255 0.013034 0.023083 
T_stage 1: 0.198484 0.174769 0.069201 0.069823 0.069934 0.069936 0.069426 0.074756 0.069968 0.080701 
Config: granularity=100000, SDR=1000, ADR=0, Rigid=1, Capture_Method=0
Stage 0: PT=0, T_stage=0.012350, bytes=0, T_capped=0
Stage 1: PT=6, T_stage=0.000000, bytes=33176880, T_capped=0
Group 1: Iters=10, Procs=208, Factors=1.000000, Dist=2, RM=0, SM=1, RS=0, SS=0, parents=364, children=0
Async_Iters: 0
T_iter: 0.274617 0.075831 0.073156 0.078952 0.075920 0.075604 0.075729 0.076048 0.089049 0.076946 
T_stage 0: 0.049269 0.013229 0.013130 0.013198 0.013180 0.013194 0.013087 0.013142 0.013166 0.013141 
T_stage 1: 0.235834 0.062493 0.059842 0.065715 0.062629 0.062325 0.062519 0.062798 0.075812 0.063714 
Config: granularity=100000, SDR=1000, ADR=0, Rigid=1, Capture_Method=0
Stage 0: PT=0, T_stage=0.012350, bytes=0, T_capped=0
Stage 1: PT=6, T_stage=0.000000, bytes=33176880, T_capped=0
Group 1: Iters=10, Procs=208, Factors=1.000000, Dist=2, RM=0, SM=1, RS=0, SS=0, parents=364, children=0
Async_Iters: 0
T_iter: 0.133211 0.083420 0.082322 0.090031 0.082932 0.082803 0.082897 0.082677 0.082483 0.082683 
T_stage 0: 0.031796 0.013237 0.013264 0.020201 0.013228 0.013280 0.013270 0.013245 0.013256 0.013197 
T_stage 1: 0.104682 0.070100 0.069022 0.069797 0.069509 0.069387 0.069540 0.069350 0.069100 0.069342 
Config: granularity=100000, SDR=1000, ADR=0, Rigid=1, Capture_Method=0
Stage 0: PT=0, T_stage=0.012350, bytes=0, T_capped=0
Stage 1: PT=6, T_stage=0.000000, bytes=33176880, T_capped=0
Group 1: Iters=10, Procs=208, Factors=1.000000, Dist=2, RM=0, SM=1, RS=0, SS=0, parents=364, children=0
Async_Iters: 0
T_iter: 0.255999 0.111713 0.078998 0.078399 0.077787 0.078988 0.078329 0.078234 0.078140 0.078164 
T_stage 0: 0.047999 0.046478 0.013173 0.013171 0.013176 0.013173 0.013100 0.013122 0.013090 0.013166 
T_stage 1: 0.191997 0.065072 0.065807 0.065070 0.064504 0.065663 0.065142 0.065007 0.064913 0.064884 
Config: granularity=100000, SDR=1000, ADR=0, Rigid=1, Capture_Method=0
Stage 0: PT=0, T_stage=0.012350, bytes=0, T_capped=0
Stage 1: PT=6, T_stage=0.000000, bytes=33176880, T_capped=0
Group 1: Iters=10, Procs=208, Factors=1.000000, Dist=2, RM=0, SM=1, RS=0, SS=0, parents=364, children=0
Async_Iters: 0
T_iter: 0.268637 0.091311 0.091228 0.091303 0.091175 0.091786 0.091123 0.089871 0.089811 0.089915 
T_stage 0: 0.047819 0.013283 0.013307 0.013272 0.013258 0.013277 0.013288 0.013263 0.013301 0.013301 
T_stage 1: 0.235242 0.078013 0.077909 0.077984 0.077860 0.078455 0.077782 0.076534 0.076456 0.076575 
Config: granularity=100000, SDR=1000, ADR=0, Rigid=1, Capture_Method=0
Stage 0: PT=0, T_stage=0.012350, bytes=0, T_capped=0
Stage 1: PT=6, T_stage=0.000000, bytes=33176880, T_capped=0
Group 1: Iters=10, Procs=208, Factors=1.000000, Dist=2, RM=0, SM=1, RS=0, SS=0, parents=364, children=0
Async_Iters: 0
T_iter: 0.129565 0.078057 0.077976 0.077793 0.084441 0.077914 0.078085 0.078140 0.080045 0.078219 
T_stage 0: 0.051928 0.013652 0.013643 0.013627 0.017765 0.013584 0.013622 0.013564 0.013606 0.013600 
T_stage 1: 0.088037 0.064316 0.064213 0.064034 0.070696 0.064193 0.064352 0.064439 0.066324 0.064513 
Config: granularity=100000, SDR=1000, ADR=0, Rigid=1, Capture_Method=0
Stage 0: PT=0, T_stage=0.012350, bytes=0, T_capped=0
Stage 1: PT=6, T_stage=0.000000, bytes=33176880, T_capped=0
Group 1: Iters=10, Procs=208, Factors=1.000000, Dist=2, RM=0, SM=1, RS=0, SS=0, parents=364, children=0
Async_Iters: 0
T_iter: 0.255995 0.117768 0.083866 0.083527 0.083655 0.083573 0.083660 0.083464 0.083528 0.083603 
T_stage 0: 0.042272 0.044497 0.013011 0.013048 0.013105 0.012973 0.013054 0.013019 0.012969 0.013016 
T_stage 1: 0.195995 0.073137 0.070683 0.070365 0.070460 0.070511 0.070484 0.070293 0.070356 0.070523 
Config: granularity=100000, SDR=1000, ADR=0, Rigid=1, Capture_Method=0
Stage 0: PT=0, T_stage=0.012350, bytes=0, T_capped=0
Stage 1: PT=6, T_stage=0.000000, bytes=33176880, T_capped=0
Group 1: Iters=10, Procs=208, Factors=1.000000, Dist=2, RM=0, SM=1, RS=0, SS=0, parents=364, children=0
Async_Iters: 0
T_iter: 0.259925 0.137772 0.079306 0.080043 0.077648 0.078255 0.077238 0.077699 0.080026 0.078851 
T_stage 0: 0.039924 0.031938 0.013018 0.013002 0.013039 0.013033 0.013038 0.013026 0.013053 0.013002 
T_stage 1: 0.204005 0.112273 0.066129 0.066965 0.064488 0.065088 0.064071 0.064536 0.066866 0.065746 
Config: granularity=100000, SDR=1000, ADR=0, Rigid=1, Capture_Method=0
Stage 0: PT=0, T_stage=0.012350, bytes=0, T_capped=0
Stage 1: PT=6, T_stage=0.000000, bytes=33176880, T_capped=0
Group 1: Iters=10, Procs=208, Factors=1.000000, Dist=2, RM=0, SM=1, RS=0, SS=0, parents=364, children=0
Async_Iters: 0
T_iter: 0.203454 0.080375 0.080010 0.079852 0.079890 0.080096 0.079994 0.079995 0.085196 0.140034 
T_stage 0: 0.038902 0.013385 0.013357 0.013039 0.013053 0.013089 0.013055 0.013101 0.013061 0.013376 
T_stage 1: 0.164434 0.066867 0.066581 0.066724 0.066741 0.066941 0.066920 0.066873 0.070067 0.126558 
