Config: granularity=100000, SDR=1000, ADR=0, Rigid=1, Capture_Method=0
Stage 0: PT=0, T_stage=0.012350, bytes=0, T_capped=0
Stage 1: PT=6, T_stage=0.000000, bytes=33176880, T_capped=0
Group 1: Iters=10, Procs=260, Factors=1.000000, Dist=2, RM=0, SM=1, RS=0, SS=0, parents=20, children=0
Async_Iters: 0
T_iter: 0.097920 0.079147 0.075587 0.076357 0.074656 0.074635 0.074932 0.075448 0.075734 0.074833 
T_stage 0: 0.018787 0.013616 0.015259 0.013135 0.013226 0.013937 0.013191 0.014710 0.013203 0.013125 
T_stage 1: 0.078888 0.065252 0.062084 0.061507 0.061197 0.061240 0.061500 0.062118 0.062323 0.061543 
Config: granularity=100000, SDR=1000, ADR=0, Rigid=1, Capture_Method=0
Stage 0: PT=0, T_stage=0.012350, bytes=0, T_capped=0
Stage 1: PT=6, T_stage=0.000000, bytes=33176880, T_capped=0
Group 1: Iters=10, Procs=260, Factors=1.000000, Dist=2, RM=0, SM=1, RS=0, SS=0, parents=20, children=0
Async_Iters: 0
T_iter: 0.094871 0.079969 0.078382 0.077943 0.078500 0.080286 0.079562 0.078170 0.077943 0.078150 
T_stage 0: 0.013730 0.014612 0.013657 0.013601 0.013592 0.013618 0.013586 0.013557 0.013646 0.013551 
T_stage 1: 0.080991 0.065065 0.064461 0.064205 0.064177 0.065300 0.065212 0.064428 0.064142 0.064355 
Config: granularity=100000, SDR=1000, ADR=0, Rigid=1, Capture_Method=0
Stage 0: PT=0, T_stage=0.012350, bytes=0, T_capped=0
Stage 1: PT=6, T_stage=0.000000, bytes=33176880, T_capped=0
Group 1: Iters=10, Procs=260, Factors=1.000000, Dist=2, RM=0, SM=1, RS=0, SS=0, parents=20, children=0
Async_Iters: 0
T_iter: 0.101055 0.076658 0.075393 0.074318 0.074017 0.073049 0.074908 0.074537 0.075914 0.074609 
T_stage 0: 0.025947 0.013280 0.013305 0.013213 0.013201 0.015905 0.013236 0.013230 0.013225 0.013190 
T_stage 1: 0.074909 0.063245 0.061961 0.060934 0.060615 0.059613 0.061427 0.061076 0.062578 0.061272 
Config: granularity=100000, SDR=1000, ADR=0, Rigid=1, Capture_Method=0
Stage 0: PT=0, T_stage=0.012350, bytes=0, T_capped=0
Stage 1: PT=6, T_stage=0.000000, bytes=33176880, T_capped=0
Group 1: Iters=10, Procs=260, Factors=1.000000, Dist=2, RM=0, SM=1, RS=0, SS=0, parents=20, children=0
Async_Iters: 0
T_iter: 0.118933 0.091828 0.077644 0.077092 0.080527 0.077979 0.077134 0.075999 0.076664 0.076730 
T_stage 0: 0.024073 0.021240 0.013228 0.013221 0.013252 0.013768 0.013798 0.013230 0.013297 0.013275 
T_stage 1: 0.094718 0.070524 0.064313 0.063692 0.066358 0.064548 0.063752 0.062612 0.063227 0.063370 
Config: granularity=100000, SDR=1000, ADR=0, Rigid=1, Capture_Method=0
Stage 0: PT=0, T_stage=0.012350, bytes=0, T_capped=0
Stage 1: PT=6, T_stage=0.000000, bytes=33176880, T_capped=0
Group 1: Iters=10, Procs=260, Factors=1.000000, Dist=2, RM=0, SM=1, RS=0, SS=0, parents=20, children=0
Async_Iters: 0
T_iter: 0.109098 0.076350 0.080461 0.076094 0.075843 0.075756 0.075964 0.075377 0.076045 0.075761 
T_stage 0: 0.027635 0.013301 0.013288 0.013252 0.013259 0.013236 0.013230 0.013228 0.013204 0.013255 
T_stage 1: 0.081344 0.062781 0.066069 0.062677 0.062443 0.062335 0.062409 0.061935 0.062638 0.062317 
Config: granularity=100000, SDR=1000, ADR=0, Rigid=1, Capture_Method=0
Stage 0: PT=0, T_stage=0.012350, bytes=0, T_capped=0
Stage 1: PT=6, T_stage=0.000000, bytes=33176880, T_capped=0
Group 1: Iters=10, Procs=260, Factors=1.000000, Dist=2, RM=0, SM=1, RS=0, SS=0, parents=20, children=0
Async_Iters: 0
T_iter: 0.093570 0.081504 0.078302 0.083195 0.078054 0.078119 0.072391 0.071806 0.076634 0.073531 
T_stage 0: 0.014526 0.013192 0.014912 0.013163 0.014436 0.013132 0.014653 0.013114 0.013154 0.013167 
T_stage 1: 0.080181 0.068114 0.064950 0.069021 0.064437 0.064345 0.058966 0.058531 0.063289 0.060199 
Config: granularity=100000, SDR=1000, ADR=0, Rigid=1, Capture_Method=0
Stage 0: PT=0, T_stage=0.012350, bytes=0, T_capped=0
Stage 1: PT=6, T_stage=0.000000, bytes=33176880, T_capped=0
Group 1: Iters=10, Procs=260, Factors=1.000000, Dist=2, RM=0, SM=1, RS=0, SS=0, parents=20, children=0
Async_Iters: 0
T_iter: 0.109036 0.068556 0.071120 0.072108 0.087589 0.071827 0.076023 0.074517 0.071391 0.070675 
T_stage 0: 0.027387 0.013160 0.013180 0.013635 0.013171 0.013120 0.013146 0.013136 0.013365 0.013182 
T_stage 1: 0.081487 0.055154 0.057861 0.058790 0.074177 0.058477 0.062725 0.061199 0.058028 0.057298 
Config: granularity=100000, SDR=1000, ADR=0, Rigid=1, Capture_Method=0
Stage 0: PT=0, T_stage=0.012350, bytes=0, T_capped=0
Stage 1: PT=6, T_stage=0.000000, bytes=33176880, T_capped=0
Group 1: Iters=10, Procs=260, Factors=1.000000, Dist=2, RM=0, SM=1, RS=0, SS=0, parents=20, children=0
Async_Iters: 0
T_iter: 0.114757 0.075935 0.076915 0.075829 0.077072 0.078962 0.074878 0.077033 0.075988 0.075422 
T_stage 0: 0.025536 0.013248 0.013126 0.013173 0.013757 0.014727 0.014962 0.013207 0.013147 0.013127 
T_stage 1: 0.089037 0.062456 0.063659 0.062418 0.062833 0.064744 0.061655 0.062203 0.062623 0.062141 
Config: granularity=100000, SDR=1000, ADR=0, Rigid=1, Capture_Method=0
Stage 0: PT=0, T_stage=0.012350, bytes=0, T_capped=0
Stage 1: PT=6, T_stage=0.000000, bytes=33176880, T_capped=0
Group 1: Iters=10, Procs=260, Factors=1.000000, Dist=2, RM=0, SM=1, RS=0, SS=0, parents=20, children=0
Async_Iters: 0
T_iter: 0.096282 0.079134 0.079723 0.079443 0.079468 0.081919 0.078529 0.080698 0.289373 0.080041 
T_stage 0: 0.013109 0.013157 0.013130 0.014234 0.013154 0.013548 0.013968 0.013118 0.223553 0.013205 
T_stage 1: 0.082996 0.065748 0.065867 0.066019 0.065624 0.067677 0.065112 0.066845 0.275954 0.065793 
Config: granularity=100000, SDR=1000, ADR=0, Rigid=1, Capture_Method=0
Stage 0: PT=0, T_stage=0.012350, bytes=0, T_capped=0
Stage 1: PT=6, T_stage=0.000000, bytes=33176880, T_capped=0
Group 1: Iters=10, Procs=260, Factors=1.000000, Dist=2, RM=0, SM=1, RS=0, SS=0, parents=20, children=0
Async_Iters: 0
T_iter: 0.098534 0.077483 0.076519 0.073480 0.074184 0.080492 0.079185 0.078817 0.079259 0.086726 
T_stage 0: 0.013136 0.013822 0.014146 0.013227 0.013238 0.013137 0.013189 0.013166 0.013358 0.013147 
T_stage 1: 0.085138 0.064125 0.062168 0.059973 0.060697 0.066173 0.065859 0.065473 0.065808 0.073447 
Config: granularity=100000, SDR=1000, ADR=0, Rigid=1, Capture_Method=0
Stage 0: PT=0, T_stage=0.012350, bytes=0, T_capped=0
Stage 1: PT=6, T_stage=0.000000, bytes=33176880, T_capped=0
Group 1: Iters=10, Procs=260, Factors=1.000000, Dist=2, RM=0, SM=1, RS=0, SS=0, parents=20, children=0
Async_Iters: 0
T_iter: 0.110262 0.075606 0.075321 0.075450 0.075101 0.074681 0.075752 0.075182 0.075663 0.075291 
T_stage 0: 0.027203 0.013265 0.013304 0.013264 0.013302 0.014959 0.014077 0.013642 0.013402 0.013410 
T_stage 1: 0.082895 0.062120 0.061823 0.061899 0.061632 0.061177 0.062277 0.061737 0.061626 0.061832 
Config: granularity=100000, SDR=1000, ADR=0, Rigid=1, Capture_Method=0
Stage 0: PT=0, T_stage=0.012350, bytes=0, T_capped=0
Stage 1: PT=6, T_stage=0.000000, bytes=33176880, T_capped=0
Group 1: Iters=10, Procs=260, Factors=1.000000, Dist=2, RM=0, SM=1, RS=0, SS=0, parents=20, children=0
Async_Iters: 0
T_iter: 0.091328 0.076042 0.075070 0.074610 0.074946 0.074712 0.075703 0.075908 0.074833 0.074763 
T_stage 0: 0.013186 0.014943 0.013968 0.013239 0.013234 0.013329 0.013246 0.013219 0.013254 0.014708 
T_stage 1: 0.077900 0.062537 0.061603 0.061212 0.061473 0.061295 0.061631 0.061952 0.061344 0.061301 
Config: granularity=100000, SDR=1000, ADR=0, Rigid=1, Capture_Method=0
Stage 0: PT=0, T_stage=0.012350, bytes=0, T_capped=0
Stage 1: PT=6, T_stage=0.000000, bytes=33176880, T_capped=0
Group 1: Iters=10, Procs=260, Factors=1.000000, Dist=2, RM=0, SM=1, RS=0, SS=0, parents=20, children=0
Async_Iters: 0
T_iter: 0.097841 0.078694 0.078763 0.078190 0.079587 0.079115 0.077970 0.078852 0.079877 0.077611 
T_stage 0: 0.014488 0.013178 0.013112 0.013200 0.013206 0.013284 0.013171 0.013994 0.014503 0.013157 
T_stage 1: 0.084013 0.065250 0.065459 0.064811 0.066180 0.065749 0.064649 0.065508 0.066456 0.064310 
Config: granularity=100000, SDR=1000, ADR=0, Rigid=1, Capture_Method=0
Stage 0: PT=0, T_stage=0.012350, bytes=0, T_capped=0
Stage 1: PT=6, T_stage=0.000000, bytes=33176880, T_capped=0
Group 1: Iters=10, Procs=260, Factors=1.000000, Dist=2, RM=0, SM=1, RS=0, SS=0, parents=20, children=0
Async_Iters: 0
T_iter: 0.096850 0.087001 0.074753 0.075244 0.075333 0.074554 0.074928 0.074719 0.075160 0.074488 
T_stage 0: 0.013139 0.014670 0.014235 0.013722 0.013889 0.013194 0.013174 0.013296 0.014195 0.013168 
T_stage 1: 0.081616 0.073215 0.061383 0.061841 0.061795 0.061243 0.061487 0.061374 0.061772 0.061156 
Config: granularity=100000, SDR=1000, ADR=0, Rigid=1, Capture_Method=0
Stage 0: PT=0, T_stage=0.012350, bytes=0, T_capped=0
Stage 1: PT=6, T_stage=0.000000, bytes=33176880, T_capped=0
Group 1: Iters=10, Procs=260, Factors=1.000000, Dist=2, RM=0, SM=1, RS=0, SS=0, parents=20, children=0
Async_Iters: 0
T_iter: 0.099967 0.076512 0.076826 0.076366 0.077986 0.076083 0.077077 0.076215 0.077426 0.077058 
T_stage 0: 0.013104 0.013826 0.018445 0.014387 0.013763 0.016437 0.013730 0.013188 0.018083 0.013200 
T_stage 1: 0.086677 0.062795 0.063463 0.063000 0.063512 0.061777 0.063621 0.062815 0.064002 0.063507 
Config: granularity=100000, SDR=1000, ADR=0, Rigid=1, Capture_Method=0
Stage 0: PT=0, T_stage=0.012350, bytes=0, T_capped=0
Stage 1: PT=6, T_stage=0.000000, bytes=33176880, T_capped=0
Group 1: Iters=10, Procs=260, Factors=1.000000, Dist=2, RM=0, SM=1, RS=0, SS=0, parents=20, children=0
Async_Iters: 0
T_iter: 0.098212 0.083016 0.076659 0.076291 0.078945 0.077057 0.075488 0.076361 0.080596 0.079714 
T_stage 0: 0.016016 0.013921 0.013448 0.013274 0.016348 0.013304 0.013381 0.013276 0.017329 0.016723 
T_stage 1: 0.082064 0.064018 0.063236 0.062795 0.062635 0.063501 0.061930 0.062835 0.063325 0.062902 
Config: granularity=100000, SDR=1000, ADR=0, Rigid=1, Capture_Method=0
Stage 0: PT=0, T_stage=0.012350, bytes=0, T_capped=0
Stage 1: PT=6, T_stage=0.000000, bytes=33176880, T_capped=0
Group 1: Iters=10, Procs=260, Factors=1.000000, Dist=2, RM=0, SM=1, RS=0, SS=0, parents=20, children=0
Async_Iters: 0
T_iter: 0.107675 0.075598 0.076221 0.078151 0.077221 0.077007 0.076536 0.076535 0.076119 0.076848 
T_stage 0: 0.026263 0.013203 0.013150 0.014322 0.013818 0.013135 0.013166 0.013234 0.013194 0.013186 
T_stage 1: 0.081144 0.062175 0.062867 0.064779 0.063328 0.063702 0.063150 0.063228 0.062742 0.063406 
Config: granularity=100000, SDR=1000, ADR=0, Rigid=1, Capture_Method=0
Stage 0: PT=0, T_stage=0.012350, bytes=0, T_capped=0
Stage 1: PT=6, T_stage=0.000000, bytes=33176880, T_capped=0
Group 1: Iters=10, Procs=260, Factors=1.000000, Dist=2, RM=0, SM=1, RS=0, SS=0, parents=20, children=0
Async_Iters: 0
T_iter: 0.091351 0.072796 0.073233 0.073410 0.073086 0.076532 0.074196 0.074111 0.074074 0.074916 
T_stage 0: 0.013110 0.013195 0.013276 0.013761 0.013141 0.013828 0.013215 0.013177 0.013936 0.013192 
T_stage 1: 0.078016 0.059448 0.059838 0.060036 0.059700 0.061945 0.060725 0.060386 0.060180 0.061497 
Config: granularity=100000, SDR=1000, ADR=0, Rigid=1, Capture_Method=0
Stage 0: PT=0, T_stage=0.012350, bytes=0, T_capped=0
Stage 1: PT=6, T_stage=0.000000, bytes=33176880, T_capped=0
Group 1: Iters=10, Procs=260, Factors=1.000000, Dist=2, RM=0, SM=1, RS=0, SS=0, parents=20, children=0
Async_Iters: 0
T_iter: 0.126151 0.077493 0.075660 0.077378 0.075578 0.076851 0.075339 0.077106 0.078294 0.077850 
T_stage 0: 0.025559 0.013729 0.013253 0.013282 0.013702 0.013253 0.014378 0.013178 0.013145 0.014726 
T_stage 1: 0.100547 0.064131 0.062291 0.062865 0.062015 0.063441 0.061964 0.063722 0.064911 0.064464 
Config: granularity=100000, SDR=1000, ADR=0, Rigid=1, Capture_Method=0
Stage 0: PT=0, T_stage=0.012350, bytes=0, T_capped=0
Stage 1: PT=6, T_stage=0.000000, bytes=33176880, T_capped=0
Group 1: Iters=10, Procs=260, Factors=1.000000, Dist=2, RM=0, SM=1, RS=0, SS=0, parents=20, children=0
Async_Iters: 0
T_iter: 0.113342 0.079037 0.077746 0.076352 0.077943 0.077440 0.075649 0.077802 0.076863 0.077561 
T_stage 0: 0.024501 0.015763 0.013442 0.013306 0.013301 0.013330 0.013317 0.013293 0.013326 0.014547 
T_stage 1: 0.088652 0.065549 0.064264 0.062845 0.063807 0.063976 0.062156 0.064024 0.063320 0.064024 
