Config loaded: R=1, S=2, granularity=100000, SDR=1000, ADR=0, Rigid=1, Capture_Method=0
Stage 0: PT=0, T_stage=0.012350, bytes=0, T_capped=0
Stage 1: PT=6, T_stage=0.000000, bytes=33176880, T_capped=0
Group 0: Iters=5, Procs=20, Factors=1.000000, Dist=2, RM=0, SM=0, RS=0, SS=0
Group 1: Iters=10, Procs=260, Factors=1.000000, Dist=2, RM=0, SM=1, RS=0, SS=0
T_spawn: 2.018737 
T_SR: 0.002393 
T_AR: 0.000000 
T_US: 0.088826 
T_Malleability: 2.130015 
T_total: 3.137886
Config loaded: R=1, S=2, granularity=100000, SDR=1000, ADR=0, Rigid=1, Capture_Method=0
Stage 0: PT=0, T_stage=0.012350, bytes=0, T_capped=0
Stage 1: PT=6, T_stage=0.000000, bytes=33176880, T_capped=0
Group 0: Iters=5, Procs=20, Factors=1.000000, Dist=2, RM=0, SM=0, RS=0, SS=0
Group 1: Iters=10, Procs=260, Factors=1.000000, Dist=2, RM=0, SM=1, RS=0, SS=0
T_spawn: 1.908235 
T_SR: 0.001911 
T_AR: 0.000000 
T_US: 0.049716 
T_Malleability: 1.985371 
T_total: 3.012773
Config loaded: R=1, S=2, granularity=100000, SDR=1000, ADR=0, Rigid=1, Capture_Method=0
Stage 0: PT=0, T_stage=0.012350, bytes=0, T_capped=0
Stage 1: PT=6, T_stage=0.000000, bytes=33176880, T_capped=0
Group 0: Iters=5, Procs=20, Factors=1.000000, Dist=2, RM=0, SM=0, RS=0, SS=0
Group 1: Iters=10, Procs=260, Factors=1.000000, Dist=2, RM=0, SM=1, RS=0, SS=0
T_spawn: 1.957097 
T_SR: 0.002040 
T_AR: 0.000000 
T_US: 0.071642 
T_Malleability: 2.111863 
T_total: 3.100442
Config loaded: R=1, S=2, granularity=100000, SDR=1000, ADR=0, Rigid=1, Capture_Method=0
Stage 0: PT=0, T_stage=0.012350, bytes=0, T_capped=0
Stage 1: PT=6, T_stage=0.000000, bytes=33176880, T_capped=0
Group 0: Iters=5, Procs=20, Factors=1.000000, Dist=2, RM=0, SM=0, RS=0, SS=0
Group 1: Iters=10, Procs=260, Factors=1.000000, Dist=2, RM=0, SM=1, RS=0, SS=0
T_spawn: 1.911250 
T_SR: 0.002090 
T_AR: 0.000000 
T_US: 0.043701 
T_Malleability: 2.034248 
T_total: 3.088820
Config loaded: R=1, S=2, granularity=100000, SDR=1000, ADR=0, Rigid=1, Capture_Method=0
Stage 0: PT=0, T_stage=0.012350, bytes=0, T_capped=0
Stage 1: PT=6, T_stage=0.000000, bytes=33176880, T_capped=0
Group 0: Iters=5, Procs=20, Factors=1.000000, Dist=2, RM=0, SM=0, RS=0, SS=0
Group 1: Iters=10, Procs=260, Factors=1.000000, Dist=2, RM=0, SM=1, RS=0, SS=0
T_spawn: 2.083883 
T_SR: 0.031897 
T_AR: 0.000000 
T_US: 0.079141 
T_Malleability: 2.300350 
T_total: 3.326783
Config loaded: R=1, S=2, granularity=100000, SDR=1000, ADR=0, Rigid=1, Capture_Method=0
Stage 0: PT=0, T_stage=0.012350, bytes=0, T_capped=0
Stage 1: PT=6, T_stage=0.000000, bytes=33176880, T_capped=0
Group 0: Iters=5, Procs=20, Factors=1.000000, Dist=2, RM=0, SM=0, RS=0, SS=0
Group 1: Iters=10, Procs=260, Factors=1.000000, Dist=2, RM=0, SM=1, RS=0, SS=0
T_spawn: 2.122169 
T_SR: 0.002631 
T_AR: 0.000000 
T_US: 0.028753 
T_Malleability: 2.205369 
T_total: 3.215015
Config loaded: R=1, S=2, granularity=100000, SDR=1000, ADR=0, Rigid=1, Capture_Method=0
Stage 0: PT=0, T_stage=0.012350, bytes=0, T_capped=0
Stage 1: PT=6, T_stage=0.000000, bytes=33176880, T_capped=0
Group 0: Iters=5, Procs=20, Factors=1.000000, Dist=2, RM=0, SM=0, RS=0, SS=0
Group 1: Iters=10, Procs=260, Factors=1.000000, Dist=2, RM=0, SM=1, RS=0, SS=0
T_spawn: 2.051175 
T_SR: 0.024695 
T_AR: 0.000000 
T_US: 0.068497 
T_Malleability: 2.198245 
T_total: 3.194702
Config loaded: R=1, S=2, granularity=100000, SDR=1000, ADR=0, Rigid=1, Capture_Method=0
Stage 0: PT=0, T_stage=0.012350, bytes=0, T_capped=0
Stage 1: PT=6, T_stage=0.000000, bytes=33176880, T_capped=0
Group 0: Iters=5, Procs=20, Factors=1.000000, Dist=2, RM=0, SM=0, RS=0, SS=0
Group 1: Iters=10, Procs=260, Factors=1.000000, Dist=2, RM=0, SM=1, RS=0, SS=0
T_spawn: 1.942793 
T_SR: 0.005088 
T_AR: 0.000000 
T_US: 0.055221 
T_Malleability: 2.057693 
T_total: 3.083532
Config loaded: R=1, S=2, granularity=100000, SDR=1000, ADR=0, Rigid=1, Capture_Method=0
Stage 0: PT=0, T_stage=0.012350, bytes=0, T_capped=0
Stage 1: PT=6, T_stage=0.000000, bytes=33176880, T_capped=0
Group 0: Iters=5, Procs=20, Factors=1.000000, Dist=2, RM=0, SM=0, RS=0, SS=0
Group 1: Iters=10, Procs=260, Factors=1.000000, Dist=2, RM=0, SM=1, RS=0, SS=0
T_spawn: 2.046216 
T_SR: 0.002172 
T_AR: 0.000000 
T_US: 0.061246 
T_Malleability: 2.148133 
T_total: 3.395835
Config loaded: R=1, S=2, granularity=100000, SDR=1000, ADR=0, Rigid=1, Capture_Method=0
Stage 0: PT=0, T_stage=0.012350, bytes=0, T_capped=0
Stage 1: PT=6, T_stage=0.000000, bytes=33176880, T_capped=0
Group 0: Iters=5, Procs=20, Factors=1.000000, Dist=2, RM=0, SM=0, RS=0, SS=0
Group 1: Iters=10, Procs=260, Factors=1.000000, Dist=2, RM=0, SM=1, RS=0, SS=0
T_spawn: 2.046599 
T_SR: 0.002013 
T_AR: 0.000000 
T_US: 0.059661 
T_Malleability: 2.131632 
T_total: 3.171056
Config loaded: R=1, S=2, granularity=100000, SDR=1000, ADR=0, Rigid=1, Capture_Method=0
Stage 0: PT=0, T_stage=0.012350, bytes=0, T_capped=0
Stage 1: PT=6, T_stage=0.000000, bytes=33176880, T_capped=0
Group 0: Iters=5, Procs=20, Factors=1.000000, Dist=2, RM=0, SM=0, RS=0, SS=0
Group 1: Iters=10, Procs=260, Factors=1.000000, Dist=2, RM=0, SM=1, RS=0, SS=0
T_spawn: 2.003252 
T_SR: 0.002255 
T_AR: 0.000000 
T_US: 0.058215 
T_Malleability: 2.127227 
T_total: 3.133937
Config loaded: R=1, S=2, granularity=100000, SDR=1000, ADR=0, Rigid=1, Capture_Method=0
Stage 0: PT=0, T_stage=0.012350, bytes=0, T_capped=0
Stage 1: PT=6, T_stage=0.000000, bytes=33176880, T_capped=0
Group 0: Iters=5, Procs=20, Factors=1.000000, Dist=2, RM=0, SM=0, RS=0, SS=0
Group 1: Iters=10, Procs=260, Factors=1.000000, Dist=2, RM=0, SM=1, RS=0, SS=0
T_spawn: 1.864274 
T_SR: 0.002038 
T_AR: 0.000000 
T_US: 0.041914 
T_Malleability: 1.967308 
T_total: 2.964802
Config loaded: R=1, S=2, granularity=100000, SDR=1000, ADR=0, Rigid=1, Capture_Method=0
Stage 0: PT=0, T_stage=0.012350, bytes=0, T_capped=0
Stage 1: PT=6, T_stage=0.000000, bytes=33176880, T_capped=0
Group 0: Iters=5, Procs=20, Factors=1.000000, Dist=2, RM=0, SM=0, RS=0, SS=0
Group 1: Iters=10, Procs=260, Factors=1.000000, Dist=2, RM=0, SM=1, RS=0, SS=0
T_spawn: 2.087706 
T_SR: 0.002386 
T_AR: 0.000000 
T_US: 0.037558 
T_Malleability: 2.196680 
T_total: 3.226819
Config loaded: R=1, S=2, granularity=100000, SDR=1000, ADR=0, Rigid=1, Capture_Method=0
Stage 0: PT=0, T_stage=0.012350, bytes=0, T_capped=0
Stage 1: PT=6, T_stage=0.000000, bytes=33176880, T_capped=0
Group 0: Iters=5, Procs=20, Factors=1.000000, Dist=2, RM=0, SM=0, RS=0, SS=0
Group 1: Iters=10, Procs=260, Factors=1.000000, Dist=2, RM=0, SM=1, RS=0, SS=0
T_spawn: 1.979534 
T_SR: 0.002010 
T_AR: 0.000000 
T_US: 0.045799 
T_Malleability: 2.066399 
T_total: 3.072929
Config loaded: R=1, S=2, granularity=100000, SDR=1000, ADR=0, Rigid=1, Capture_Method=0
Stage 0: PT=0, T_stage=0.012350, bytes=0, T_capped=0
Stage 1: PT=6, T_stage=0.000000, bytes=33176880, T_capped=0
Group 0: Iters=5, Procs=20, Factors=1.000000, Dist=2, RM=0, SM=0, RS=0, SS=0
Group 1: Iters=10, Procs=260, Factors=1.000000, Dist=2, RM=0, SM=1, RS=0, SS=0
T_spawn: 1.956148 
T_SR: 0.002459 
T_AR: 0.000000 
T_US: 0.052191 
T_Malleability: 2.088295 
T_total: 3.097221
Config loaded: R=1, S=2, granularity=100000, SDR=1000, ADR=0, Rigid=1, Capture_Method=0
Stage 0: PT=0, T_stage=0.012350, bytes=0, T_capped=0
Stage 1: PT=6, T_stage=0.000000, bytes=33176880, T_capped=0
Group 0: Iters=5, Procs=20, Factors=1.000000, Dist=2, RM=0, SM=0, RS=0, SS=0
Group 1: Iters=10, Procs=260, Factors=1.000000, Dist=2, RM=0, SM=1, RS=0, SS=0
T_spawn: 1.954940 
T_SR: 0.002213 
T_AR: 0.000000 
T_US: 0.013055 
T_Malleability: 2.041387 
T_total: 3.067311
Config loaded: R=1, S=2, granularity=100000, SDR=1000, ADR=0, Rigid=1, Capture_Method=0
Stage 0: PT=0, T_stage=0.012350, bytes=0, T_capped=0
Stage 1: PT=6, T_stage=0.000000, bytes=33176880, T_capped=0
Group 0: Iters=5, Procs=20, Factors=1.000000, Dist=2, RM=0, SM=0, RS=0, SS=0
Group 1: Iters=10, Procs=260, Factors=1.000000, Dist=2, RM=0, SM=1, RS=0, SS=0
T_spawn: 1.970782 
T_SR: 0.016148 
T_AR: 0.000000 
T_US: 0.052569 
T_Malleability: 2.119911 
T_total: 3.136458
Config loaded: R=1, S=2, granularity=100000, SDR=1000, ADR=0, Rigid=1, Capture_Method=0
Stage 0: PT=0, T_stage=0.012350, bytes=0, T_capped=0
Stage 1: PT=6, T_stage=0.000000, bytes=33176880, T_capped=0
Group 0: Iters=5, Procs=20, Factors=1.000000, Dist=2, RM=0, SM=0, RS=0, SS=0
Group 1: Iters=10, Procs=260, Factors=1.000000, Dist=2, RM=0, SM=1, RS=0, SS=0
T_spawn: 1.900491 
T_SR: 0.002109 
T_AR: 0.000000 
T_US: 0.044843 
T_Malleability: 1.985370 
T_total: 2.960938
Config loaded: R=1, S=2, granularity=100000, SDR=1000, ADR=0, Rigid=1, Capture_Method=0
Stage 0: PT=0, T_stage=0.012350, bytes=0, T_capped=0
Stage 1: PT=6, T_stage=0.000000, bytes=33176880, T_capped=0
Group 0: Iters=5, Procs=20, Factors=1.000000, Dist=2, RM=0, SM=0, RS=0, SS=0
Group 1: Iters=10, Procs=260, Factors=1.000000, Dist=2, RM=0, SM=1, RS=0, SS=0
T_spawn: 2.001998 
T_SR: 0.006455 
T_AR: 0.000000 
T_US: 0.075687 
T_Malleability: 2.144506 
T_total: 3.198195
Config loaded: R=1, S=2, granularity=100000, SDR=1000, ADR=0, Rigid=1, Capture_Method=0
Stage 0: PT=0, T_stage=0.012350, bytes=0, T_capped=0
Stage 1: PT=6, T_stage=0.000000, bytes=33176880, T_capped=0
Group 0: Iters=5, Procs=20, Factors=1.000000, Dist=2, RM=0, SM=0, RS=0, SS=0
Group 1: Iters=10, Procs=260, Factors=1.000000, Dist=2, RM=0, SM=1, RS=0, SS=0
T_spawn: 1.956822 
T_SR: 0.002480 
T_AR: 0.000000 
T_US: 0.092992 
T_Malleability: 2.109282 
T_total: 3.132441
