Config: granularity=100000, SDR=1000, ADR=0, Rigid=1, Capture_Method=0
Stage 0: PT=0, T_stage=0.012350, bytes=0, T_capped=0
Stage 1: PT=6, T_stage=0.000000, bytes=33176880, T_capped=0
Group 0: Iters=5, Procs=104, Factors=1.000000, Dist=2, RM=0, SM=0, RS=0, SS=0, parents=0, children=260
Async_Iters: 0
T_iter: 0.084420 0.064825 0.072338 0.072116 0.072486 
T_stage 0: 0.012595 0.012605 0.012571 0.012624 0.012589 
T_stage 1: 0.071745 0.052119 0.059714 0.059426 0.059821 
Config: granularity=100000, SDR=1000, ADR=0, Rigid=1, Capture_Method=0
Stage 0: PT=0, T_stage=0.012350, bytes=0, T_capped=0
Stage 1: PT=6, T_stage=0.000000, bytes=33176880, T_capped=0
Group 0: Iters=5, Procs=104, Factors=1.000000, Dist=2, RM=0, SM=0, RS=0, SS=0, parents=0, children=260
Async_Iters: 0
T_iter: 0.086544 0.072886 0.070649 0.074686 0.072663 
T_stage 0: 0.012590 0.012637 0.012628 0.012585 0.012580 
T_stage 1: 0.073857 0.060132 0.057942 0.062013 0.060015 
Config: granularity=100000, SDR=1000, ADR=0, Rigid=1, Capture_Method=0
Stage 0: PT=0, T_stage=0.012350, bytes=0, T_capped=0
Stage 1: PT=6, T_stage=0.000000, bytes=33176880, T_capped=0
Group 0: Iters=5, Procs=104, Factors=1.000000, Dist=2, RM=0, SM=0, RS=0, SS=0, parents=0, children=260
Async_Iters: 0
T_iter: 0.076478 0.068329 0.061582 0.062027 0.061639 
T_stage 0: 0.012578 0.012608 0.012652 0.012613 0.012645 
T_stage 1: 0.063766 0.055647 0.048878 0.049352 0.048929 
Config: granularity=100000, SDR=1000, ADR=0, Rigid=1, Capture_Method=0
Stage 0: PT=0, T_stage=0.012350, bytes=0, T_capped=0
Stage 1: PT=6, T_stage=0.000000, bytes=33176880, T_capped=0
Group 0: Iters=5, Procs=104, Factors=1.000000, Dist=2, RM=0, SM=0, RS=0, SS=0, parents=0, children=260
Async_Iters: 0
T_iter: 0.077138 0.072578 0.067667 0.067979 0.067163 
T_stage 0: 0.012578 0.012879 0.012642 0.012613 0.012589 
T_stage 1: 0.064528 0.059665 0.054989 0.055325 0.054450 
Config: granularity=100000, SDR=1000, ADR=0, Rigid=1, Capture_Method=0
Stage 0: PT=0, T_stage=0.012350, bytes=0, T_capped=0
Stage 1: PT=6, T_stage=0.000000, bytes=33176880, T_capped=0
Group 0: Iters=5, Procs=104, Factors=1.000000, Dist=2, RM=0, SM=0, RS=0, SS=0, parents=0, children=260
Async_Iters: 0
T_iter: 0.078243 0.063280 0.065019 0.061120 0.060681 
T_stage 0: 0.012574 0.013021 0.012829 0.012633 0.012604 
T_stage 1: 0.065516 0.050167 0.052059 0.048377 0.048003 
Config: granularity=100000, SDR=1000, ADR=0, Rigid=1, Capture_Method=0
Stage 0: PT=0, T_stage=0.012350, bytes=0, T_capped=0
Stage 1: PT=6, T_stage=0.000000, bytes=33176880, T_capped=0
Group 0: Iters=5, Procs=104, Factors=1.000000, Dist=2, RM=0, SM=0, RS=0, SS=0, parents=0, children=260
Async_Iters: 0
T_iter: 0.085794 0.072195 0.073716 0.074366 0.073566 
T_stage 0: 0.012580 0.012578 0.012605 0.012613 0.012622 
T_stage 1: 0.073129 0.059505 0.061050 0.061701 0.060868 
Config: granularity=100000, SDR=1000, ADR=0, Rigid=1, Capture_Method=0
Stage 0: PT=0, T_stage=0.012350, bytes=0, T_capped=0
Stage 1: PT=6, T_stage=0.000000, bytes=33176880, T_capped=0
Group 0: Iters=5, Procs=104, Factors=1.000000, Dist=2, RM=0, SM=0, RS=0, SS=0, parents=0, children=260
Async_Iters: 0
T_iter: 0.077155 0.064399 0.068607 0.067872 0.057416 
T_stage 0: 0.012572 0.012688 0.012668 0.012656 0.012600 
T_stage 1: 0.064374 0.051726 0.055889 0.055118 0.044767 
Config: granularity=100000, SDR=1000, ADR=0, Rigid=1, Capture_Method=0
Stage 0: PT=0, T_stage=0.012350, bytes=0, T_capped=0
Stage 1: PT=6, T_stage=0.000000, bytes=33176880, T_capped=0
Group 0: Iters=5, Procs=104, Factors=1.000000, Dist=2, RM=0, SM=0, RS=0, SS=0, parents=0, children=260
Async_Iters: 0
T_iter: 0.075828 0.070336 0.062486 0.061512 0.065479 
T_stage 0: 0.012603 0.012860 0.013151 0.012606 0.012664 
T_stage 1: 0.063145 0.057410 0.049271 0.048873 0.052720 
Config: granularity=100000, SDR=1000, ADR=0, Rigid=1, Capture_Method=0
Stage 0: PT=0, T_stage=0.012350, bytes=0, T_capped=0
Stage 1: PT=6, T_stage=0.000000, bytes=33176880, T_capped=0
Group 0: Iters=5, Procs=104, Factors=1.000000, Dist=2, RM=0, SM=0, RS=0, SS=0, parents=0, children=260
Async_Iters: 0
T_iter: 0.082260 0.073039 0.072080 0.072055 0.073497 
T_stage 0: 0.012586 0.012825 0.012604 0.012603 0.012569 
T_stage 1: 0.069562 0.060185 0.059376 0.059409 0.060872 
Config: granularity=100000, SDR=1000, ADR=0, Rigid=1, Capture_Method=0
Stage 0: PT=0, T_stage=0.012350, bytes=0, T_capped=0
Stage 1: PT=6, T_stage=0.000000, bytes=33176880, T_capped=0
Group 0: Iters=5, Procs=104, Factors=1.000000, Dist=2, RM=0, SM=0, RS=0, SS=0, parents=0, children=260
Async_Iters: 0
T_iter: 0.076951 0.061284 0.061549 0.058461 0.061228 
T_stage 0: 0.012579 0.012572 0.012605 0.012580 0.012945 
T_stage 1: 0.064333 0.048666 0.048828 0.045830 0.048266 
Config: granularity=100000, SDR=1000, ADR=0, Rigid=1, Capture_Method=0
Stage 0: PT=0, T_stage=0.012350, bytes=0, T_capped=0
Stage 1: PT=6, T_stage=0.000000, bytes=33176880, T_capped=0
Group 0: Iters=5, Procs=104, Factors=1.000000, Dist=2, RM=0, SM=0, RS=0, SS=0, parents=0, children=260
Async_Iters: 0
T_iter: 0.079524 0.063007 0.061952 0.064343 0.066913 
T_stage 0: 0.012578 0.012853 0.012607 0.012626 0.012656 
T_stage 1: 0.066928 0.050033 0.049266 0.051674 0.054240 
Config: granularity=100000, SDR=1000, ADR=0, Rigid=1, Capture_Method=0
Stage 0: PT=0, T_stage=0.012350, bytes=0, T_capped=0
Stage 1: PT=6, T_stage=0.000000, bytes=33176880, T_capped=0
Group 0: Iters=5, Procs=104, Factors=1.000000, Dist=2, RM=0, SM=0, RS=0, SS=0, parents=0, children=260
Async_Iters: 0
T_iter: 0.076008 0.066560 0.058876 0.060362 0.060382 
T_stage 0: 0.012581 0.012577 0.012561 0.012601 0.012666 
T_stage 1: 0.063313 0.053901 0.046269 0.047719 0.047698 
Config: granularity=100000, SDR=1000, ADR=0, Rigid=1, Capture_Method=0
Stage 0: PT=0, T_stage=0.012350, bytes=0, T_capped=0
Stage 1: PT=6, T_stage=0.000000, bytes=33176880, T_capped=0
Group 0: Iters=5, Procs=104, Factors=1.000000, Dist=2, RM=0, SM=0, RS=0, SS=0, parents=0, children=260
Async_Iters: 0
T_iter: 0.092299 0.077235 0.077854 0.077233 0.077402 
T_stage 0: 0.012568 0.012945 0.012639 0.012586 0.012628 
T_stage 1: 0.079616 0.064222 0.065129 0.064545 0.064739 
Config: granularity=100000, SDR=1000, ADR=0, Rigid=1, Capture_Method=0
Stage 0: PT=0, T_stage=0.012350, bytes=0, T_capped=0
Stage 1: PT=6, T_stage=0.000000, bytes=33176880, T_capped=0
Group 0: Iters=5, Procs=104, Factors=1.000000, Dist=2, RM=0, SM=0, RS=0, SS=0, parents=0, children=260
Async_Iters: 0
T_iter: 0.074563 0.061791 0.064171 0.060514 0.060231 
T_stage 0: 0.012579 0.012594 0.012635 0.012591 0.012606 
T_stage 1: 0.061923 0.049090 0.051472 0.047843 0.047491 
Config: granularity=100000, SDR=1000, ADR=0, Rigid=1, Capture_Method=0
Stage 0: PT=0, T_stage=0.012350, bytes=0, T_capped=0
Stage 1: PT=6, T_stage=0.000000, bytes=33176880, T_capped=0
Group 0: Iters=5, Procs=104, Factors=1.000000, Dist=2, RM=0, SM=0, RS=0, SS=0, parents=0, children=260
Async_Iters: 0
T_iter: 0.076709 0.062292 0.063051 0.062073 0.062704 
T_stage 0: 0.012573 0.012573 0.012614 0.012597 0.012641 
T_stage 1: 0.064007 0.049680 0.050348 0.049397 0.050005 
Config: granularity=100000, SDR=1000, ADR=0, Rigid=1, Capture_Method=0
Stage 0: PT=0, T_stage=0.012350, bytes=0, T_capped=0
Stage 1: PT=6, T_stage=0.000000, bytes=33176880, T_capped=0
Group 0: Iters=5, Procs=104, Factors=1.000000, Dist=2, RM=0, SM=0, RS=0, SS=0, parents=0, children=260
Async_Iters: 0
T_iter: 0.076137 0.070961 0.059334 0.060278 0.059369 
T_stage 0: 0.012580 0.012572 0.012588 0.012625 0.012598 
T_stage 1: 0.063495 0.058290 0.046626 0.047530 0.046621 
Config: granularity=100000, SDR=1000, ADR=0, Rigid=1, Capture_Method=0
Stage 0: PT=0, T_stage=0.012350, bytes=0, T_capped=0
Stage 1: PT=6, T_stage=0.000000, bytes=33176880, T_capped=0
Group 0: Iters=5, Procs=104, Factors=1.000000, Dist=2, RM=0, SM=0, RS=0, SS=0, parents=0, children=260
Async_Iters: 0
T_iter: 0.082927 0.061494 0.062704 0.061617 0.061134 
T_stage 0: 0.012588 0.012595 0.012698 0.012611 0.012601 
T_stage 1: 0.070251 0.048787 0.049979 0.048983 0.048417 
Config: granularity=100000, SDR=1000, ADR=0, Rigid=1, Capture_Method=0
Stage 0: PT=0, T_stage=0.012350, bytes=0, T_capped=0
Stage 1: PT=6, T_stage=0.000000, bytes=33176880, T_capped=0
Group 0: Iters=5, Procs=104, Factors=1.000000, Dist=2, RM=0, SM=0, RS=0, SS=0, parents=0, children=260
Async_Iters: 0
T_iter: 0.083168 0.060466 0.068157 0.069453 0.068870 
T_stage 0: 0.012576 0.012626 0.012606 0.012635 0.012622 
T_stage 1: 0.070468 0.047783 0.055484 0.056704 0.056225 
Config: granularity=100000, SDR=1000, ADR=0, Rigid=1, Capture_Method=0
Stage 0: PT=0, T_stage=0.012350, bytes=0, T_capped=0
Stage 1: PT=6, T_stage=0.000000, bytes=33176880, T_capped=0
Group 0: Iters=5, Procs=104, Factors=1.000000, Dist=2, RM=0, SM=0, RS=0, SS=0, parents=0, children=260
Async_Iters: 0
T_iter: 0.075737 0.061721 0.062074 0.062190 0.061820 
T_stage 0: 0.012558 0.012590 0.012620 0.012562 0.012598 
T_stage 1: 0.063082 0.049054 0.049387 0.049492 0.049126 
Config: granularity=100000, SDR=1000, ADR=0, Rigid=1, Capture_Method=0
Stage 0: PT=0, T_stage=0.012350, bytes=0, T_capped=0
Stage 1: PT=6, T_stage=0.000000, bytes=33176880, T_capped=0
Group 0: Iters=5, Procs=104, Factors=1.000000, Dist=2, RM=0, SM=0, RS=0, SS=0, parents=0, children=260
Async_Iters: 0
T_iter: 0.236157 0.068937 0.066654 0.064221 0.064278 
T_stage 0: 0.044473 0.012568 0.012598 0.012594 0.012617 
T_stage 1: 0.191592 0.056256 0.053999 0.051551 0.051611 
