Config: granularity=100000, SDR=1000, ADR=0, Rigid=1, Capture_Method=0
Stage 0: PT=0, T_stage=0.012350, bytes=0, T_capped=0
Stage 1: PT=6, T_stage=0.000000, bytes=33176880, T_capped=0
Group 1: Iters=10, Procs=260, Factors=1.000000, Dist=2, RM=0, SM=1, RS=0, SS=0, parents=312, children=0
Async_Iters: 0
T_iter: 0.106833 0.084114 0.084100 0.083676 0.083282 0.095566 0.083900 0.083669 0.083824 0.083469 
T_stage 0: 0.021413 0.013750 0.013453 0.013454 0.013439 0.025503 0.013442 0.013426 0.013449 0.013456 
T_stage 1: 0.085339 0.070267 0.070497 0.070120 0.069704 0.070028 0.070356 0.070131 0.070261 0.069899 
Config: granularity=100000, SDR=1000, ADR=0, Rigid=1, Capture_Method=0
Stage 0: PT=0, T_stage=0.012350, bytes=0, T_capped=0
Stage 1: PT=6, T_stage=0.000000, bytes=33176880, T_capped=0
Group 1: Iters=10, Procs=260, Factors=1.000000, Dist=2, RM=0, SM=1, RS=0, SS=0, parents=312, children=0
Async_Iters: 0
T_iter: 0.106692 0.076833 0.076865 0.076183 0.076439 0.076724 0.076623 0.078784 0.076867 0.076631 
T_stage 0: 0.030119 0.012998 0.013114 0.013435 0.013100 0.013066 0.013013 0.013019 0.012989 0.013011 
T_stage 1: 0.076479 0.063670 0.063660 0.062644 0.063186 0.063550 0.063487 0.065662 0.063758 0.063348 
Config: granularity=100000, SDR=1000, ADR=0, Rigid=1, Capture_Method=0
Stage 0: PT=0, T_stage=0.012350, bytes=0, T_capped=0
Stage 1: PT=6, T_stage=0.000000, bytes=33176880, T_capped=0
Group 1: Iters=10, Procs=260, Factors=1.000000, Dist=2, RM=0, SM=1, RS=0, SS=0, parents=312, children=0
Async_Iters: 0
T_iter: 0.161236 0.074866 0.080520 0.073575 0.074230 0.085380 0.076650 0.073371 0.071458 0.071291 
T_stage 0: 0.064005 0.013098 0.020003 0.014254 0.013254 0.026631 0.014677 0.013419 0.012985 0.012989 
T_stage 1: 0.123596 0.061660 0.060430 0.059260 0.060839 0.058633 0.061860 0.060180 0.058377 0.058189 
Config: granularity=100000, SDR=1000, ADR=0, Rigid=1, Capture_Method=0
Stage 0: PT=0, T_stage=0.012350, bytes=0, T_capped=0
Stage 1: PT=6, T_stage=0.000000, bytes=33176880, T_capped=0
Group 1: Iters=10, Procs=260, Factors=1.000000, Dist=2, RM=0, SM=1, RS=0, SS=0, parents=312, children=0
Async_Iters: 0
T_iter: 0.156578 0.090398 0.083768 0.090881 0.081315 0.072425 0.078751 0.079774 0.077269 0.080574 
T_stage 0: 0.032001 0.028633 0.012996 0.026335 0.015248 0.013004 0.015776 0.014772 0.012993 0.016017 
T_stage 1: 0.132224 0.061759 0.070669 0.064585 0.065979 0.059332 0.062877 0.064894 0.064175 0.064456 
Config: granularity=100000, SDR=1000, ADR=0, Rigid=1, Capture_Method=0
Stage 0: PT=0, T_stage=0.012350, bytes=0, T_capped=0
Stage 1: PT=6, T_stage=0.000000, bytes=33176880, T_capped=0
Group 1: Iters=10, Procs=260, Factors=1.000000, Dist=2, RM=0, SM=1, RS=0, SS=0, parents=312, children=0
Async_Iters: 0
T_iter: 0.114812 0.076986 0.075766 0.075073 0.083560 0.075258 0.075041 0.078431 0.075657 0.076508 
T_stage 0: 0.030681 0.013204 0.013197 0.013272 0.019843 0.013186 0.013177 0.013238 0.013197 0.013213 
T_stage 1: 0.090570 0.063626 0.062335 0.061686 0.063624 0.061936 0.061685 0.065077 0.062322 0.063177 
Config: granularity=100000, SDR=1000, ADR=0, Rigid=1, Capture_Method=0
Stage 0: PT=0, T_stage=0.012350, bytes=0, T_capped=0
Stage 1: PT=6, T_stage=0.000000, bytes=33176880, T_capped=0
Group 1: Iters=10, Procs=260, Factors=1.000000, Dist=2, RM=0, SM=1, RS=0, SS=0, parents=312, children=0
Async_Iters: 0
T_iter: 0.097429 0.097937 0.074553 0.079726 0.075411 0.075983 0.076068 0.150362 0.075929 0.075971 
T_stage 0: 0.023190 0.031737 0.013319 0.013007 0.013031 0.015115 0.013063 0.013039 0.013060 0.013067 
T_stage 1: 0.074204 0.066184 0.061152 0.066557 0.062200 0.060809 0.062896 0.137213 0.062709 0.062845 
Config: granularity=100000, SDR=1000, ADR=0, Rigid=1, Capture_Method=0
Stage 0: PT=0, T_stage=0.012350, bytes=0, T_capped=0
Stage 1: PT=6, T_stage=0.000000, bytes=33176880, T_capped=0
Group 1: Iters=10, Procs=260, Factors=1.000000, Dist=2, RM=0, SM=1, RS=0, SS=0, parents=312, children=0
Async_Iters: 0
T_iter: 0.173887 0.076602 0.078815 0.076951 0.076525 0.075193 0.082942 0.080783 0.080683 0.083830 
T_stage 0: 0.040620 0.013564 0.013382 0.013001 0.013021 0.012994 0.020274 0.013072 0.016968 0.012975 
T_stage 1: 0.133151 0.063014 0.065338 0.063787 0.063376 0.062071 0.062515 0.067656 0.063617 0.070656 
Config: granularity=100000, SDR=1000, ADR=0, Rigid=1, Capture_Method=0
Stage 0: PT=0, T_stage=0.012350, bytes=0, T_capped=0
Stage 1: PT=6, T_stage=0.000000, bytes=33176880, T_capped=0
Group 1: Iters=10, Procs=260, Factors=1.000000, Dist=2, RM=0, SM=1, RS=0, SS=0, parents=312, children=0
Async_Iters: 0
T_iter: 0.106621 0.075328 0.075247 0.074988 0.094525 0.074576 0.084329 0.074956 0.074879 0.074834 
T_stage 0: 0.029556 0.013290 0.013339 0.013013 0.015999 0.012989 0.022363 0.012987 0.013004 0.012994 
T_stage 1: 0.076988 0.061871 0.061805 0.061866 0.078370 0.061482 0.061906 0.061857 0.061755 0.061714 
Config: granularity=100000, SDR=1000, ADR=0, Rigid=1, Capture_Method=0
Stage 0: PT=0, T_stage=0.012350, bytes=0, T_capped=0
Stage 1: PT=6, T_stage=0.000000, bytes=33176880, T_capped=0
Group 1: Iters=10, Procs=260, Factors=1.000000, Dist=2, RM=0, SM=1, RS=0, SS=0, parents=312, children=0
Async_Iters: 0
T_iter: 0.171030 0.097246 0.076125 0.076876 0.075730 0.074298 0.085795 0.079384 0.077201 0.078966 
T_stage 0: 0.026989 0.032152 0.012979 0.013015 0.012994 0.013053 0.021555 0.013002 0.012996 0.013033 
T_stage 1: 0.137414 0.065054 0.063015 0.063732 0.062615 0.061133 0.064145 0.066206 0.064110 0.065803 
Config: granularity=100000, SDR=1000, ADR=0, Rigid=1, Capture_Method=0
Stage 0: PT=0, T_stage=0.012350, bytes=0, T_capped=0
Stage 1: PT=6, T_stage=0.000000, bytes=33176880, T_capped=0
Group 1: Iters=10, Procs=260, Factors=1.000000, Dist=2, RM=0, SM=1, RS=0, SS=0, parents=312, children=0
Async_Iters: 0
T_iter: 0.119648 0.079794 0.077326 0.074495 0.074213 0.074849 0.090696 0.077442 0.074881 0.074602 
T_stage 0: 0.043140 0.017743 0.013198 0.013185 0.013208 0.013183 0.029117 0.013193 0.013197 0.013219 
T_stage 1: 0.076414 0.061920 0.063999 0.061137 0.060898 0.061523 0.061543 0.064139 0.061538 0.061273 
Config: granularity=100000, SDR=1000, ADR=0, Rigid=1, Capture_Method=0
Stage 0: PT=0, T_stage=0.012350, bytes=0, T_capped=0
Stage 1: PT=6, T_stage=0.000000, bytes=33176880, T_capped=0
Group 1: Iters=10, Procs=260, Factors=1.000000, Dist=2, RM=0, SM=1, RS=0, SS=0, parents=312, children=0
Async_Iters: 0
T_iter: 0.288018 0.223934 0.091998 0.074764 0.074916 0.075525 0.082328 0.075443 0.074820 0.076571 
T_stage 0: 0.051929 0.032012 0.030660 0.012955 0.012961 0.013014 0.013004 0.013397 0.012989 0.013272 
T_stage 1: 0.235934 0.160000 0.061243 0.061635 0.061838 0.062406 0.069142 0.061929 0.061718 0.063180 
Config: granularity=100000, SDR=1000, ADR=0, Rigid=1, Capture_Method=0
Stage 0: PT=0, T_stage=0.012350, bytes=0, T_capped=0
Stage 1: PT=6, T_stage=0.000000, bytes=33176880, T_capped=0
Group 1: Iters=10, Procs=260, Factors=1.000000, Dist=2, RM=0, SM=1, RS=0, SS=0, parents=312, children=0
Async_Iters: 0
T_iter: 0.255871 0.132169 0.076152 0.076037 0.089618 0.076158 0.076307 0.076015 0.076581 0.076144 
T_stage 0: 0.055999 0.041575 0.013051 0.013000 0.026347 0.012981 0.012990 0.012968 0.013021 0.013000 
T_stage 1: 0.191944 0.090504 0.063021 0.062971 0.063189 0.063060 0.063099 0.062942 0.063473 0.063021 
Config: granularity=100000, SDR=1000, ADR=0, Rigid=1, Capture_Method=0
Stage 0: PT=0, T_stage=0.012350, bytes=0, T_capped=0
Stage 1: PT=6, T_stage=0.000000, bytes=33176880, T_capped=0
Group 1: Iters=10, Procs=260, Factors=1.000000, Dist=2, RM=0, SM=1, RS=0, SS=0, parents=312, children=0
Async_Iters: 0
T_iter: 0.101148 0.075345 0.076141 0.086748 0.075517 0.075607 0.075377 0.075369 0.075332 0.076278 
T_stage 0: 0.022924 0.013088 0.013941 0.024267 0.013075 0.013034 0.012973 0.012977 0.013039 0.012987 
T_stage 1: 0.078126 0.062137 0.062650 0.062345 0.062324 0.062428 0.062287 0.062169 0.062163 0.063149 
Config: granularity=100000, SDR=1000, ADR=0, Rigid=1, Capture_Method=0
Stage 0: PT=0, T_stage=0.012350, bytes=0, T_capped=0
Stage 1: PT=6, T_stage=0.000000, bytes=33176880, T_capped=0
Group 1: Iters=10, Procs=260, Factors=1.000000, Dist=2, RM=0, SM=1, RS=0, SS=0, parents=312, children=0
Async_Iters: 0
T_iter: 0.099314 0.074843 0.075143 0.090575 0.074670 0.074413 0.074539 0.074024 0.074662 0.074683 
T_stage 0: 0.018165 0.012997 0.013303 0.029444 0.013022 0.012996 0.013057 0.013018 0.013009 0.012996 
T_stage 1: 0.081068 0.061720 0.061699 0.061048 0.061519 0.061246 0.061388 0.060837 0.061525 0.061571 
Config: granularity=100000, SDR=1000, ADR=0, Rigid=1, Capture_Method=0
Stage 0: PT=0, T_stage=0.012350, bytes=0, T_capped=0
Stage 1: PT=6, T_stage=0.000000, bytes=33176880, T_capped=0
Group 1: Iters=10, Procs=260, Factors=1.000000, Dist=2, RM=0, SM=1, RS=0, SS=0, parents=312, children=0
Async_Iters: 0
T_iter: 0.149088 0.087158 0.078405 0.077742 0.077964 0.077317 0.078652 0.078644 0.078633 0.078260 
T_stage 0: 0.031999 0.022336 0.013026 0.013019 0.012994 0.013054 0.012988 0.013020 0.013008 0.012997 
T_stage 1: 0.118150 0.064771 0.065221 0.064599 0.064841 0.064198 0.065586 0.065529 0.065521 0.065130 
Config: granularity=100000, SDR=1000, ADR=0, Rigid=1, Capture_Method=0
Stage 0: PT=0, T_stage=0.012350, bytes=0, T_capped=0
Stage 1: PT=6, T_stage=0.000000, bytes=33176880, T_capped=0
Group 1: Iters=10, Procs=260, Factors=1.000000, Dist=2, RM=0, SM=1, RS=0, SS=0, parents=312, children=0
Async_Iters: 0
T_iter: 0.112504 0.074963 0.079890 0.076539 0.076764 0.076463 0.077283 0.075376 0.074616 0.076789 
T_stage 0: 0.032573 0.013010 0.016546 0.013300 0.012987 0.012983 0.013001 0.013014 0.012984 0.013003 
T_stage 1: 0.079797 0.061884 0.063277 0.063144 0.063605 0.063362 0.064173 0.062267 0.061539 0.063687 
Config: granularity=100000, SDR=1000, ADR=0, Rigid=1, Capture_Method=0
Stage 0: PT=0, T_stage=0.012350, bytes=0, T_capped=0
Stage 1: PT=6, T_stage=0.000000, bytes=33176880, T_capped=0
Group 1: Iters=10, Procs=260, Factors=1.000000, Dist=2, RM=0, SM=1, RS=0, SS=0, parents=312, children=0
Async_Iters: 0
T_iter: 0.101077 0.081371 0.081849 0.081937 0.081648 0.081887 0.081534 0.081602 0.081613 0.081490 
T_stage 0: 0.019431 0.013003 0.013291 0.013003 0.012992 0.012982 0.012996 0.012999 0.012985 0.012975 
T_stage 1: 0.081596 0.068262 0.068461 0.068814 0.068524 0.068805 0.068446 0.068517 0.068542 0.068393 
Config: granularity=100000, SDR=1000, ADR=0, Rigid=1, Capture_Method=0
Stage 0: PT=0, T_stage=0.012350, bytes=0, T_capped=0
Stage 1: PT=6, T_stage=0.000000, bytes=33176880, T_capped=0
Group 1: Iters=10, Procs=260, Factors=1.000000, Dist=2, RM=0, SM=1, RS=0, SS=0, parents=312, children=0
Async_Iters: 0
T_iter: 0.139453 0.077335 0.077352 0.081975 0.084734 0.081837 0.074377 0.074300 0.078582 0.079992 
T_stage 0: 0.035873 0.013280 0.012966 0.018046 0.013007 0.015722 0.013779 0.013320 0.012998 0.013042 
T_stage 1: 0.106002 0.064011 0.064303 0.063741 0.071679 0.066837 0.060564 0.060885 0.065465 0.066871 
Config: granularity=100000, SDR=1000, ADR=0, Rigid=1, Capture_Method=0
Stage 0: PT=0, T_stage=0.012350, bytes=0, T_capped=0
Stage 1: PT=6, T_stage=0.000000, bytes=33176880, T_capped=0
Group 1: Iters=10, Procs=260, Factors=1.000000, Dist=2, RM=0, SM=1, RS=0, SS=0, parents=312, children=0
Async_Iters: 0
T_iter: 0.150334 0.076553 0.083595 0.075351 0.076553 0.079770 0.075686 0.075896 0.075464 0.075195 
T_stage 0: 0.032000 0.013732 0.021148 0.013484 0.013445 0.013467 0.013433 0.013433 0.013459 0.013446 
T_stage 1: 0.118104 0.062614 0.062396 0.061755 0.062993 0.066148 0.062151 0.062382 0.061899 0.061635 
Config: granularity=100000, SDR=1000, ADR=0, Rigid=1, Capture_Method=0
Stage 0: PT=0, T_stage=0.012350, bytes=0, T_capped=0
Stage 1: PT=6, T_stage=0.000000, bytes=33176880, T_capped=0
Group 1: Iters=10, Procs=260, Factors=1.000000, Dist=2, RM=0, SM=1, RS=0, SS=0, parents=312, children=0
Async_Iters: 0
T_iter: 0.120845 0.076931 0.087860 0.076640 0.076501 0.076603 0.076399 0.076421 0.076215 0.076008 
T_stage 0: 0.038702 0.013507 0.024582 0.013437 0.013462 0.013443 0.013515 0.013496 0.013430 0.013448 
T_stage 1: 0.082050 0.063361 0.063224 0.063094 0.062944 0.063026 0.062800 0.062757 0.062672 0.062471 
