Config: granularity=100000, SDR=1000, ADR=0, Rigid=1, Capture_Method=0
Stage 0: PT=0, T_stage=0.012350, bytes=0, T_capped=0
Stage 1: PT=6, T_stage=0.000000, bytes=33176880, T_capped=0
Group 1: Iters=10, Procs=312, Factors=1.000000, Dist=2, RM=0, SM=1, RS=0, SS=0, parents=52, children=0
Async_Iters: 0
T_iter: 0.105041 0.096834 0.085134 0.083980 0.080376 0.078952 0.078885 0.080783 0.080293 0.079183 
T_stage 0: 0.014844 0.013947 0.015579 0.013782 0.015015 0.013214 0.013256 0.013802 0.013242 0.014194 
T_stage 1: 0.091555 0.083305 0.071756 0.070528 0.066414 0.065525 0.065410 0.067337 0.066793 0.065739 
Config: granularity=100000, SDR=1000, ADR=0, Rigid=1, Capture_Method=0
Stage 0: PT=0, T_stage=0.012350, bytes=0, T_capped=0
Stage 1: PT=6, T_stage=0.000000, bytes=33176880, T_capped=0
Group 1: Iters=10, Procs=312, Factors=1.000000, Dist=2, RM=0, SM=1, RS=0, SS=0, parents=52, children=0
Async_Iters: 0
T_iter: 0.099030 0.094239 0.092239 0.081251 0.085225 0.081059 0.081809 0.083083 0.090273 0.087582 
T_stage 0: 0.015645 0.015385 0.014002 0.013798 0.013888 0.015075 0.015443 0.013909 0.015778 0.015578 
T_stage 1: 0.084003 0.079795 0.078251 0.067238 0.070459 0.067011 0.067785 0.069076 0.076246 0.073069 
Config: granularity=100000, SDR=1000, ADR=0, Rigid=1, Capture_Method=0
Stage 0: PT=0, T_stage=0.012350, bytes=0, T_capped=0
Stage 1: PT=6, T_stage=0.000000, bytes=33176880, T_capped=0
Group 1: Iters=10, Procs=312, Factors=1.000000, Dist=2, RM=0, SM=1, RS=0, SS=0, parents=52, children=0
Async_Iters: 0
T_iter: 0.112097 0.085316 0.082979 0.083221 0.086257 0.082214 0.082042 0.081493 0.082402 0.082256 
T_stage 0: 0.013783 0.014820 0.015398 0.015870 0.013888 0.013929 0.014934 0.014676 0.014035 0.013846 
T_stage 1: 0.098146 0.071906 0.069517 0.069352 0.072761 0.068781 0.068633 0.068093 0.068791 0.068758 
Config: granularity=100000, SDR=1000, ADR=0, Rigid=1, Capture_Method=0
Stage 0: PT=0, T_stage=0.012350, bytes=0, T_capped=0
Stage 1: PT=6, T_stage=0.000000, bytes=33176880, T_capped=0
Group 1: Iters=10, Procs=312, Factors=1.000000, Dist=2, RM=0, SM=1, RS=0, SS=0, parents=52, children=0
Async_Iters: 0
T_iter: 0.099131 0.088444 0.082108 0.083065 0.083866 0.081030 0.081465 0.081044 0.084301 0.085817 
T_stage 0: 0.013839 0.016120 0.015768 0.016241 0.014757 0.014970 0.014210 0.013326 0.014488 0.017392 
T_stage 1: 0.085177 0.074866 0.068662 0.069301 0.070425 0.067536 0.067315 0.067654 0.070827 0.070362 
Config: granularity=100000, SDR=1000, ADR=0, Rigid=1, Capture_Method=0
Stage 0: PT=0, T_stage=0.012350, bytes=0, T_capped=0
Stage 1: PT=6, T_stage=0.000000, bytes=33176880, T_capped=0
Group 1: Iters=10, Procs=312, Factors=1.000000, Dist=2, RM=0, SM=1, RS=0, SS=0, parents=52, children=0
Async_Iters: 0
T_iter: 0.149001 0.082342 0.087131 0.083496 0.082881 0.082886 0.080322 0.083607 0.082803 0.082211 
T_stage 0: 0.029713 0.013777 0.013743 0.014479 0.016498 0.014279 0.014573 0.013926 0.013276 0.013266 
T_stage 1: 0.121830 0.068121 0.072483 0.069938 0.068755 0.069411 0.066889 0.070072 0.069352 0.068787 
Config: granularity=100000, SDR=1000, ADR=0, Rigid=1, Capture_Method=0
Stage 0: PT=0, T_stage=0.012350, bytes=0, T_capped=0
Stage 1: PT=6, T_stage=0.000000, bytes=33176880, T_capped=0
Group 1: Iters=10, Procs=312, Factors=1.000000, Dist=2, RM=0, SM=1, RS=0, SS=0, parents=52, children=0
Async_Iters: 0
T_iter: 0.108145 0.291750 0.084175 0.082032 0.082851 0.082838 0.082104 0.083153 0.091761 0.102889 
T_stage 0: 0.015407 0.014698 0.014724 0.014620 0.013271 0.013768 0.013296 0.013328 0.023299 0.018691 
T_stage 1: 0.094114 0.278317 0.070728 0.068574 0.068331 0.069404 0.068662 0.069130 0.069466 0.085425 
Config: granularity=100000, SDR=1000, ADR=0, Rigid=1, Capture_Method=0
Stage 0: PT=0, T_stage=0.012350, bytes=0, T_capped=0
Stage 1: PT=6, T_stage=0.000000, bytes=33176880, T_capped=0
Group 1: Iters=10, Procs=312, Factors=1.000000, Dist=2, RM=0, SM=1, RS=0, SS=0, parents=52, children=0
Async_Iters: 0
T_iter: 0.113742 0.090623 0.083836 0.085297 0.086455 0.085494 0.084530 0.084383 0.083865 0.084913 
T_stage 0: 0.013724 0.014777 0.014632 0.013215 0.013261 0.014963 0.014749 0.015990 0.015157 0.014919 
T_stage 1: 0.099824 0.077267 0.070424 0.070864 0.070889 0.072017 0.071089 0.070933 0.070063 0.071439 
Config: granularity=100000, SDR=1000, ADR=0, Rigid=1, Capture_Method=0
Stage 0: PT=0, T_stage=0.012350, bytes=0, T_capped=0
Stage 1: PT=6, T_stage=0.000000, bytes=33176880, T_capped=0
Group 1: Iters=10, Procs=312, Factors=1.000000, Dist=2, RM=0, SM=1, RS=0, SS=0, parents=52, children=0
Async_Iters: 0
T_iter: 0.099803 0.086421 0.082744 0.087862 0.082505 0.080653 0.080883 0.080121 0.079717 0.080211 
T_stage 0: 0.013711 0.015693 0.013782 0.013864 0.014845 0.014271 0.013765 0.015390 0.014402 0.014215 
T_stage 1: 0.085753 0.072498 0.068286 0.074023 0.068993 0.067199 0.067441 0.066759 0.066188 0.066744 
Config: granularity=100000, SDR=1000, ADR=0, Rigid=1, Capture_Method=0
Stage 0: PT=0, T_stage=0.012350, bytes=0, T_capped=0
Stage 1: PT=6, T_stage=0.000000, bytes=33176880, T_capped=0
Group 1: Iters=10, Procs=312, Factors=1.000000, Dist=2, RM=0, SM=1, RS=0, SS=0, parents=52, children=0
Async_Iters: 0
T_iter: 0.154990 0.084675 0.088035 0.081738 0.082252 0.083084 0.081751 0.081610 0.081914 0.081761 
T_stage 0: 0.034204 0.013596 0.013854 0.015015 0.013736 0.014922 0.013263 0.013520 0.013558 0.013401 
T_stage 1: 0.120472 0.071109 0.074223 0.068210 0.068722 0.069597 0.068265 0.068075 0.068529 0.068267 
Config: granularity=100000, SDR=1000, ADR=0, Rigid=1, Capture_Method=0
Stage 0: PT=0, T_stage=0.012350, bytes=0, T_capped=0
Stage 1: PT=6, T_stage=0.000000, bytes=33176880, T_capped=0
Group 1: Iters=10, Procs=312, Factors=1.000000, Dist=2, RM=0, SM=1, RS=0, SS=0, parents=52, children=0
Async_Iters: 0
T_iter: 0.103387 0.078407 0.287308 0.086767 0.076637 0.078460 0.078084 0.079346 0.077759 0.079940 
T_stage 0: 0.023798 0.014637 0.014143 0.015906 0.013252 0.015392 0.017024 0.018759 0.013968 0.015793 
T_stage 1: 0.079434 0.064931 0.273463 0.073329 0.063283 0.065021 0.060963 0.061933 0.064291 0.065374 
Config: granularity=100000, SDR=1000, ADR=0, Rigid=1, Capture_Method=0
Stage 0: PT=0, T_stage=0.012350, bytes=0, T_capped=0
Stage 1: PT=6, T_stage=0.000000, bytes=33176880, T_capped=0
Group 1: Iters=10, Procs=312, Factors=1.000000, Dist=2, RM=0, SM=1, RS=0, SS=0, parents=52, children=0
Async_Iters: 0
T_iter: 0.100011 0.295652 0.081611 0.083119 0.084390 0.082903 0.082228 0.082575 0.082294 0.082783 
T_stage 0: 0.016079 0.013812 0.014692 0.014109 0.015284 0.013808 0.014862 0.014106 0.013889 0.014020 
T_stage 1: 0.085599 0.281554 0.067569 0.069229 0.070235 0.068829 0.068165 0.068185 0.068181 0.068713 
Config: granularity=100000, SDR=1000, ADR=0, Rigid=1, Capture_Method=0
Stage 0: PT=0, T_stage=0.012350, bytes=0, T_capped=0
Stage 1: PT=6, T_stage=0.000000, bytes=33176880, T_capped=0
Group 1: Iters=10, Procs=312, Factors=1.000000, Dist=2, RM=0, SM=1, RS=0, SS=0, parents=52, children=0
Async_Iters: 0
T_iter: 0.109318 0.086456 0.081624 0.081667 0.082474 0.082783 0.081141 0.081812 0.082103 0.082759 
T_stage 0: 0.025503 0.013833 0.013674 0.014491 0.015482 0.015357 0.013488 0.014638 0.013731 0.014281 
T_stage 1: 0.083669 0.072443 0.068203 0.068315 0.068246 0.068857 0.067720 0.068317 0.068581 0.067552 
Config: granularity=100000, SDR=1000, ADR=0, Rigid=1, Capture_Method=0
Stage 0: PT=0, T_stage=0.012350, bytes=0, T_capped=0
Stage 1: PT=6, T_stage=0.000000, bytes=33176880, T_capped=0
Group 1: Iters=10, Procs=312, Factors=1.000000, Dist=2, RM=0, SM=1, RS=0, SS=0, parents=52, children=0
Async_Iters: 0
T_iter: 0.102710 0.082662 0.081195 0.080027 0.080248 0.083067 0.086435 0.082094 0.081720 0.081203 
T_stage 0: 0.014317 0.015982 0.014907 0.014615 0.016101 0.013828 0.014455 0.013620 0.014992 0.013675 
T_stage 1: 0.087550 0.068935 0.067327 0.066162 0.066445 0.069142 0.072229 0.067396 0.067435 0.067296 
Config: granularity=100000, SDR=1000, ADR=0, Rigid=1, Capture_Method=0
Stage 0: PT=0, T_stage=0.012350, bytes=0, T_capped=0
Stage 1: PT=6, T_stage=0.000000, bytes=33176880, T_capped=0
Group 1: Iters=10, Procs=312, Factors=1.000000, Dist=2, RM=0, SM=1, RS=0, SS=0, parents=52, children=0
Async_Iters: 0
T_iter: 0.100051 0.091896 0.081399 0.084852 0.086343 0.083471 0.081818 0.080908 0.084849 0.083000 
T_stage 0: 0.015465 0.014954 0.014549 0.013881 0.017916 0.015856 0.014316 0.014307 0.014808 0.016528 
T_stage 1: 0.086446 0.077947 0.067062 0.071002 0.068777 0.069552 0.067966 0.067534 0.070451 0.067591 
Config: granularity=100000, SDR=1000, ADR=0, Rigid=1, Capture_Method=0
Stage 0: PT=0, T_stage=0.012350, bytes=0, T_capped=0
Stage 1: PT=6, T_stage=0.000000, bytes=33176880, T_capped=0
Group 1: Iters=10, Procs=312, Factors=1.000000, Dist=2, RM=0, SM=1, RS=0, SS=0, parents=52, children=0
Async_Iters: 0
T_iter: 0.096961 0.083972 0.080933 0.080423 0.082278 0.081370 0.083543 0.082093 0.081337 0.081161 
T_stage 0: 0.013494 0.013417 0.013296 0.014568 0.016110 0.014405 0.014784 0.013239 0.014354 0.014531 
T_stage 1: 0.083467 0.070525 0.066770 0.066931 0.067126 0.067859 0.069522 0.068322 0.067882 0.067727 
Config: granularity=100000, SDR=1000, ADR=0, Rigid=1, Capture_Method=0
Stage 0: PT=0, T_stage=0.012350, bytes=0, T_capped=0
Stage 1: PT=6, T_stage=0.000000, bytes=33176880, T_capped=0
Group 1: Iters=10, Procs=312, Factors=1.000000, Dist=2, RM=0, SM=1, RS=0, SS=0, parents=52, children=0
Async_Iters: 0
T_iter: 0.100706 0.085358 0.082235 0.081819 0.081379 0.082686 0.083638 0.080766 0.081862 0.081207 
T_stage 0: 0.013784 0.015726 0.016785 0.014820 0.013236 0.013252 0.014353 0.013945 0.013309 0.013351 
T_stage 1: 0.086759 0.071911 0.068347 0.067851 0.067977 0.069188 0.070252 0.067337 0.066896 0.066708 
Config: granularity=100000, SDR=1000, ADR=0, Rigid=1, Capture_Method=0
Stage 0: PT=0, T_stage=0.012350, bytes=0, T_capped=0
Stage 1: PT=6, T_stage=0.000000, bytes=33176880, T_capped=0
Group 1: Iters=10, Procs=312, Factors=1.000000, Dist=2, RM=0, SM=1, RS=0, SS=0, parents=52, children=0
Async_Iters: 0
T_iter: 0.111356 0.082561 0.079726 0.081176 0.081229 0.081185 0.081657 0.081898 0.082319 0.081285 
T_stage 0: 0.025948 0.015063 0.014502 0.013872 0.013788 0.013895 0.013748 0.013869 0.014733 0.014943 
T_stage 1: 0.084295 0.069016 0.066348 0.067135 0.067848 0.067361 0.067967 0.068314 0.068894 0.067709 
Config: granularity=100000, SDR=1000, ADR=0, Rigid=1, Capture_Method=0
Stage 0: PT=0, T_stage=0.012350, bytes=0, T_capped=0
Stage 1: PT=6, T_stage=0.000000, bytes=33176880, T_capped=0
Group 1: Iters=10, Procs=312, Factors=1.000000, Dist=2, RM=0, SM=1, RS=0, SS=0, parents=52, children=0
Async_Iters: 0
T_iter: 0.114224 0.083193 0.081175 0.081203 0.082637 0.082730 0.083170 0.082251 0.082727 0.082494 
T_stage 0: 0.025595 0.015977 0.015108 0.013401 0.013444 0.015749 0.014152 0.013304 0.013835 0.013258 
T_stage 1: 0.088317 0.069592 0.067257 0.067703 0.068943 0.069281 0.068774 0.068211 0.069170 0.068976 
Config: granularity=100000, SDR=1000, ADR=0, Rigid=1, Capture_Method=0
Stage 0: PT=0, T_stage=0.012350, bytes=0, T_capped=0
Stage 1: PT=6, T_stage=0.000000, bytes=33176880, T_capped=0
Group 1: Iters=10, Procs=312, Factors=1.000000, Dist=2, RM=0, SM=1, RS=0, SS=0, parents=52, children=0
Async_Iters: 0
T_iter: 0.103622 0.088954 0.089523 0.081512 0.083093 0.081705 0.085462 0.082492 0.082197 0.082131 
T_stage 0: 0.013715 0.013277 0.020151 0.015095 0.014892 0.013283 0.013373 0.014899 0.014515 0.013221 
T_stage 1: 0.088726 0.073913 0.070952 0.068129 0.069596 0.068198 0.070565 0.068957 0.068739 0.068655 
Config: granularity=100000, SDR=1000, ADR=0, Rigid=1, Capture_Method=0
Stage 0: PT=0, T_stage=0.012350, bytes=0, T_capped=0
Stage 1: PT=6, T_stage=0.000000, bytes=33176880, T_capped=0
Group 1: Iters=10, Procs=312, Factors=1.000000, Dist=2, RM=0, SM=1, RS=0, SS=0, parents=52, children=0
Async_Iters: 0
T_iter: 0.102186 0.091079 0.080593 0.082830 0.092863 0.082392 0.081770 0.080226 0.082220 0.082542 
T_stage 0: 0.016226 0.013996 0.014491 0.013521 0.013630 0.014577 0.014988 0.013486 0.014491 0.014648 
T_stage 1: 0.088226 0.076929 0.066856 0.069214 0.079327 0.068832 0.068178 0.066659 0.067724 0.068924 
