Config: granularity=100000, SDR=1000, ADR=0, Rigid=1, Capture_Method=0
Stage 0: PT=0, T_stage=0.012350, bytes=0, T_capped=0
Stage 1: PT=6, T_stage=0.000000, bytes=33176880, T_capped=0
Group 1: Iters=10, Procs=20, Factors=1.000000, Dist=2, RM=0, SM=1, RS=0, SS=0, parents=260, children=0
Async_Iters: 0
T_iter: 0.054405 0.044768 0.044627 0.044986 0.044568 0.044592 0.044605 0.044568 0.044578 0.044559 
T_stage 0: 0.012821 0.012525 0.012601 0.012783 0.012533 0.012549 0.012538 0.012528 0.012543 0.012566 
T_stage 1: 0.041594 0.032233 0.032008 0.032193 0.032015 0.032023 0.032046 0.032022 0.032026 0.031977 
Config: granularity=100000, SDR=1000, ADR=0, Rigid=1, Capture_Method=0
Stage 0: PT=0, T_stage=0.012350, bytes=0, T_capped=0
Stage 1: PT=6, T_stage=0.000000, bytes=33176880, T_capped=0
Group 1: Iters=10, Procs=20, Factors=1.000000, Dist=2, RM=0, SM=1, RS=0, SS=0, parents=260, children=0
Async_Iters: 0
T_iter: 0.051064 0.041008 0.041000 0.040986 0.041116 0.041245 0.041046 0.040999 0.045507 0.044492 
T_stage 0: 0.012536 0.012525 0.012520 0.012533 0.012600 0.012781 0.012608 0.012528 0.012534 0.012622 
T_stage 1: 0.038522 0.028457 0.028471 0.028437 0.028499 0.028451 0.028437 0.028462 0.032960 0.031890 
Config: granularity=100000, SDR=1000, ADR=0, Rigid=1, Capture_Method=0
Stage 0: PT=0, T_stage=0.012350, bytes=0, T_capped=0
Stage 1: PT=6, T_stage=0.000000, bytes=33176880, T_capped=0
Group 1: Iters=10, Procs=20, Factors=1.000000, Dist=2, RM=0, SM=1, RS=0, SS=0, parents=260, children=0
Async_Iters: 0
T_iter: 0.053759 0.044511 0.044444 0.044679 0.046084 0.045376 0.045086 0.045084 0.046461 0.046119 
T_stage 0: 0.012529 0.012542 0.012525 0.012582 0.012530 0.012511 0.012579 0.012559 0.012546 0.012556 
T_stage 1: 0.041227 0.031976 0.031898 0.032081 0.033536 0.032856 0.032500 0.032534 0.033907 0.033576 
Config: granularity=100000, SDR=1000, ADR=0, Rigid=1, Capture_Method=0
Stage 0: PT=0, T_stage=0.012350, bytes=0, T_capped=0
Stage 1: PT=6, T_stage=0.000000, bytes=33176880, T_capped=0
Group 1: Iters=10, Procs=20, Factors=1.000000, Dist=2, RM=0, SM=1, RS=0, SS=0, parents=260, children=0
Async_Iters: 0
T_iter: 0.052015 0.042061 0.042062 0.042077 0.042287 0.042096 0.042043 0.042017 0.042011 0.042032 
T_stage 0: 0.012541 0.012530 0.012530 0.012515 0.012557 0.012532 0.012538 0.012531 0.012537 0.012524 
T_stage 1: 0.039464 0.029510 0.029509 0.029554 0.029717 0.029557 0.029499 0.029478 0.029465 0.029471 
Config: granularity=100000, SDR=1000, ADR=0, Rigid=1, Capture_Method=0
Stage 0: PT=0, T_stage=0.012350, bytes=0, T_capped=0
Stage 1: PT=6, T_stage=0.000000, bytes=33176880, T_capped=0
Group 1: Iters=10, Procs=20, Factors=1.000000, Dist=2, RM=0, SM=1, RS=0, SS=0, parents=260, children=0
Async_Iters: 0
T_iter: 0.052128 0.041033 0.041183 0.041126 0.041007 0.041073 0.040954 0.040980 0.041010 0.040949 
T_stage 0: 0.012532 0.012527 0.012528 0.012612 0.012529 0.012708 0.012557 0.012526 0.012526 0.012521 
T_stage 1: 0.039588 0.028483 0.028643 0.028519 0.028472 0.028355 0.028387 0.028441 0.028464 0.028401 
Config: granularity=100000, SDR=1000, ADR=0, Rigid=1, Capture_Method=0
Stage 0: PT=0, T_stage=0.012350, bytes=0, T_capped=0
Stage 1: PT=6, T_stage=0.000000, bytes=33176880, T_capped=0
Group 1: Iters=10, Procs=20, Factors=1.000000, Dist=2, RM=0, SM=1, RS=0, SS=0, parents=260, children=0
Async_Iters: 0
T_iter: 0.053186 0.042430 0.042682 0.042552 0.042439 0.042338 0.042317 0.042764 0.042371 0.042355 
T_stage 0: 0.012549 0.012580 0.012531 0.012516 0.012577 0.012548 0.012525 0.012961 0.012545 0.012531 
T_stage 1: 0.040626 0.029834 0.030135 0.030016 0.029840 0.029770 0.029776 0.029784 0.029813 0.029806 
Config: granularity=100000, SDR=1000, ADR=0, Rigid=1, Capture_Method=0
Stage 0: PT=0, T_stage=0.012350, bytes=0, T_capped=0
Stage 1: PT=6, T_stage=0.000000, bytes=33176880, T_capped=0
Group 1: Iters=10, Procs=20, Factors=1.000000, Dist=2, RM=0, SM=1, RS=0, SS=0, parents=260, children=0
Async_Iters: 0
T_iter: 0.051134 0.038835 0.038761 0.038814 0.038716 0.038751 0.038819 0.038749 0.038774 0.038733 
T_stage 0: 0.012588 0.012601 0.012583 0.012542 0.012549 0.012543 0.012531 0.012533 0.012525 0.012526 
T_stage 1: 0.038523 0.026227 0.026171 0.026263 0.026153 0.026212 0.026269 0.026201 0.026214 0.026200 
Config: granularity=100000, SDR=1000, ADR=0, Rigid=1, Capture_Method=0
Stage 0: PT=0, T_stage=0.012350, bytes=0, T_capped=0
Stage 1: PT=6, T_stage=0.000000, bytes=33176880, T_capped=0
Group 1: Iters=10, Procs=20, Factors=1.000000, Dist=2, RM=0, SM=1, RS=0, SS=0, parents=260, children=0
Async_Iters: 0
T_iter: 0.052915 0.042791 0.045733 0.045352 0.052267 0.055898 0.042998 0.042985 0.043054 0.043038 
T_stage 0: 0.012570 0.012598 0.012532 0.012544 0.012581 0.012520 0.012548 0.012533 0.012581 0.012574 
T_stage 1: 0.040330 0.030185 0.033183 0.032789 0.039677 0.043355 0.030434 0.030438 0.030464 0.030493 
Config: granularity=100000, SDR=1000, ADR=0, Rigid=1, Capture_Method=0
Stage 0: PT=0, T_stage=0.012350, bytes=0, T_capped=0
Stage 1: PT=6, T_stage=0.000000, bytes=33176880, T_capped=0
Group 1: Iters=10, Procs=20, Factors=1.000000, Dist=2, RM=0, SM=1, RS=0, SS=0, parents=260, children=0
Async_Iters: 0
T_iter: 0.053816 0.043512 0.043575 0.043457 0.043888 0.047862 0.046744 0.046389 0.046403 0.047573 
T_stage 0: 0.012537 0.012540 0.012582 0.012531 0.012528 0.012994 0.012819 0.012522 0.012547 0.012652 
T_stage 1: 0.041265 0.030973 0.030985 0.030917 0.031339 0.034857 0.033912 0.033850 0.033837 0.034913 
Config: granularity=100000, SDR=1000, ADR=0, Rigid=1, Capture_Method=0
Stage 0: PT=0, T_stage=0.012350, bytes=0, T_capped=0
Stage 1: PT=6, T_stage=0.000000, bytes=33176880, T_capped=0
Group 1: Iters=10, Procs=20, Factors=1.000000, Dist=2, RM=0, SM=1, RS=0, SS=0, parents=260, children=0
Async_Iters: 0
T_iter: 0.051226 0.042418 0.042267 0.042207 0.042283 0.050177 0.048908 0.049047 0.048881 0.048922 
T_stage 0: 0.012527 0.012578 0.012531 0.012534 0.012534 0.013041 0.012574 0.012577 0.012557 0.012536 
T_stage 1: 0.038691 0.029821 0.029726 0.029664 0.029738 0.037162 0.036360 0.036463 0.036315 0.036376 
Config: granularity=100000, SDR=1000, ADR=0, Rigid=1, Capture_Method=0
Stage 0: PT=0, T_stage=0.012350, bytes=0, T_capped=0
Stage 1: PT=6, T_stage=0.000000, bytes=33176880, T_capped=0
Group 1: Iters=10, Procs=20, Factors=1.000000, Dist=2, RM=0, SM=1, RS=0, SS=0, parents=260, children=0
Async_Iters: 0
T_iter: 0.051854 0.041193 0.041736 0.041041 0.041114 0.041145 0.041040 0.041228 0.041154 0.041077 
T_stage 0: 0.012551 0.012574 0.012597 0.012554 0.012583 0.012532 0.012519 0.012589 0.012543 0.012528 
T_stage 1: 0.039294 0.028601 0.029120 0.028485 0.028523 0.028594 0.028504 0.028628 0.028596 0.028537 
Config: granularity=100000, SDR=1000, ADR=0, Rigid=1, Capture_Method=0
Stage 0: PT=0, T_stage=0.012350, bytes=0, T_capped=0
Stage 1: PT=6, T_stage=0.000000, bytes=33176880, T_capped=0
Group 1: Iters=10, Procs=20, Factors=1.000000, Dist=2, RM=0, SM=1, RS=0, SS=0, parents=260, children=0
Async_Iters: 0
T_iter: 0.081362 0.041803 0.041462 0.041432 0.041402 0.041414 0.041550 0.041396 0.041508 0.041400 
T_stage 0: 0.042707 0.012804 0.012607 0.012582 0.012542 0.012580 0.012540 0.012528 0.012575 0.012540 
T_stage 1: 0.038653 0.029000 0.028868 0.028841 0.028854 0.028824 0.028942 0.028853 0.028856 0.028850 
Config: granularity=100000, SDR=1000, ADR=0, Rigid=1, Capture_Method=0
Stage 0: PT=0, T_stage=0.012350, bytes=0, T_capped=0
Stage 1: PT=6, T_stage=0.000000, bytes=33176880, T_capped=0
Group 1: Iters=10, Procs=20, Factors=1.000000, Dist=2, RM=0, SM=1, RS=0, SS=0, parents=260, children=0
Async_Iters: 0
T_iter: 0.053022 0.043045 0.042944 0.043185 0.049501 0.048244 0.048191 0.048313 0.048446 0.048245 
T_stage 0: 0.012525 0.012512 0.012525 0.012534 0.013015 0.012516 0.012526 0.012597 0.012530 0.012562 
T_stage 1: 0.040488 0.030505 0.030407 0.030644 0.036506 0.035705 0.035658 0.035706 0.035908 0.035674 
Config: granularity=100000, SDR=1000, ADR=0, Rigid=1, Capture_Method=0
Stage 0: PT=0, T_stage=0.012350, bytes=0, T_capped=0
Stage 1: PT=6, T_stage=0.000000, bytes=33176880, T_capped=0
Group 1: Iters=10, Procs=20, Factors=1.000000, Dist=2, RM=0, SM=1, RS=0, SS=0, parents=260, children=0
Async_Iters: 0
T_iter: 0.055432 0.044454 0.044475 0.044523 0.044878 0.044433 0.044480 0.044492 0.045025 0.044526 
T_stage 0: 0.012525 0.012528 0.012524 0.012540 0.012584 0.012555 0.012540 0.012600 0.012543 0.012580 
T_stage 1: 0.042898 0.031904 0.031941 0.031962 0.032272 0.031883 0.031931 0.031880 0.032459 0.031935 
Config: granularity=100000, SDR=1000, ADR=0, Rigid=1, Capture_Method=0
Stage 0: PT=0, T_stage=0.012350, bytes=0, T_capped=0
Stage 1: PT=6, T_stage=0.000000, bytes=33176880, T_capped=0
Group 1: Iters=10, Procs=20, Factors=1.000000, Dist=2, RM=0, SM=1, RS=0, SS=0, parents=260, children=0
Async_Iters: 0
T_iter: 0.051468 0.040840 0.040967 0.040964 0.040811 0.040827 0.040818 0.040809 0.040836 0.040775 
T_stage 0: 0.012522 0.012518 0.012610 0.012523 0.012575 0.012533 0.012535 0.012584 0.012549 0.012532 
T_stage 1: 0.038936 0.028301 0.028350 0.028431 0.028230 0.028272 0.028266 0.028204 0.028278 0.028237 
Config: granularity=100000, SDR=1000, ADR=0, Rigid=1, Capture_Method=0
Stage 0: PT=0, T_stage=0.012350, bytes=0, T_capped=0
Stage 1: PT=6, T_stage=0.000000, bytes=33176880, T_capped=0
Group 1: Iters=10, Procs=20, Factors=1.000000, Dist=2, RM=0, SM=1, RS=0, SS=0, parents=260, children=0
Async_Iters: 0
T_iter: 0.053079 0.044852 0.045329 0.044923 0.044891 0.044898 0.044727 0.044874 0.044799 0.044781 
T_stage 0: 0.012541 0.012522 0.013081 0.012583 0.012586 0.012669 0.012526 0.012589 0.012531 0.012540 
T_stage 1: 0.040528 0.032304 0.032256 0.032311 0.032297 0.032224 0.032192 0.032259 0.032260 0.032232 
Config: granularity=100000, SDR=1000, ADR=0, Rigid=1, Capture_Method=0
Stage 0: PT=0, T_stage=0.012350, bytes=0, T_capped=0
Stage 1: PT=6, T_stage=0.000000, bytes=33176880, T_capped=0
Group 1: Iters=10, Procs=20, Factors=1.000000, Dist=2, RM=0, SM=1, RS=0, SS=0, parents=260, children=0
Async_Iters: 0
T_iter: 0.053273 0.042890 0.042970 0.043439 0.043043 0.042795 0.042832 0.043098 0.042730 0.042721 
T_stage 0: 0.012567 0.012581 0.012527 0.012538 0.012831 0.012538 0.012528 0.012889 0.012531 0.012538 
T_stage 1: 0.040692 0.030247 0.030425 0.030867 0.030192 0.030187 0.030296 0.030191 0.030190 0.030176 
Config: granularity=100000, SDR=1000, ADR=0, Rigid=1, Capture_Method=0
Stage 0: PT=0, T_stage=0.012350, bytes=0, T_capped=0
Stage 1: PT=6, T_stage=0.000000, bytes=33176880, T_capped=0
Group 1: Iters=10, Procs=20, Factors=1.000000, Dist=2, RM=0, SM=1, RS=0, SS=0, parents=260, children=0
Async_Iters: 0
T_iter: 0.052522 0.041731 0.041872 0.041592 0.041487 0.041688 0.041924 0.041528 0.041636 0.041535 
T_stage 0: 0.012555 0.012603 0.012583 0.012531 0.012510 0.012528 0.012605 0.012531 0.012531 0.012521 
T_stage 1: 0.039942 0.029121 0.029282 0.029056 0.028957 0.029134 0.029312 0.028976 0.029082 0.029008 
Config: granularity=100000, SDR=1000, ADR=0, Rigid=1, Capture_Method=0
Stage 0: PT=0, T_stage=0.012350, bytes=0, T_capped=0
Stage 1: PT=6, T_stage=0.000000, bytes=33176880, T_capped=0
Group 1: Iters=10, Procs=20, Factors=1.000000, Dist=2, RM=0, SM=1, RS=0, SS=0, parents=260, children=0
Async_Iters: 0
T_iter: 0.051598 0.041004 0.041432 0.041485 0.040925 0.041248 0.041007 0.040812 0.040997 0.040959 
T_stage 0: 0.012573 0.012537 0.012538 0.013097 0.012539 0.012519 0.012526 0.012536 0.012530 0.012589 
T_stage 1: 0.039023 0.028459 0.028871 0.028372 0.028376 0.028719 0.028475 0.028266 0.028426 0.028362 
Config: granularity=100000, SDR=1000, ADR=0, Rigid=1, Capture_Method=0
Stage 0: PT=0, T_stage=0.012350, bytes=0, T_capped=0
Stage 1: PT=6, T_stage=0.000000, bytes=33176880, T_capped=0
Group 1: Iters=10, Procs=20, Factors=1.000000, Dist=2, RM=0, SM=1, RS=0, SS=0, parents=260, children=0
Async_Iters: 0
T_iter: 0.058129 0.049789 0.049666 0.049207 0.048900 0.048820 0.048916 0.048893 0.049732 0.048916 
T_stage 0: 0.012524 0.012595 0.012528 0.012839 0.012524 0.012525 0.012559 0.012548 0.012519 0.012581 
T_stage 1: 0.045588 0.037179 0.037118 0.036360 0.036355 0.036287 0.036363 0.036339 0.037204 0.036324 
