Config: granularity=100000, SDR=1000, ADR=0, Rigid=1, Capture_Method=0
Stage 0: PT=0, T_stage=0.012350, bytes=0, T_capped=0
Stage 1: PT=6, T_stage=0.000000, bytes=33176880, T_capped=0
Group 1: Iters=10, Procs=312, Factors=1.000000, Dist=2, RM=0, SM=1, RS=0, SS=0, parents=156, children=0
Async_Iters: 0
T_iter: 0.238317 0.184253 0.080911 0.081870 0.080953 0.080483 0.078929 0.080279 0.080533 0.081864 
T_stage 0: 0.059310 0.048909 0.014530 0.014659 0.015596 0.014668 0.013341 0.014293 0.014831 0.014254 
T_stage 1: 0.179472 0.155293 0.067464 0.068507 0.067046 0.066485 0.065485 0.066808 0.067068 0.068390 
Config: granularity=100000, SDR=1000, ADR=0, Rigid=1, Capture_Method=0
Stage 0: PT=0, T_stage=0.012350, bytes=0, T_capped=0
Stage 1: PT=6, T_stage=0.000000, bytes=33176880, T_capped=0
Group 1: Iters=10, Procs=312, Factors=1.000000, Dist=2, RM=0, SM=1, RS=0, SS=0, parents=156, children=0
Async_Iters: 0
T_iter: 0.215954 0.193161 0.087888 0.081432 0.081128 0.080506 0.080317 0.083391 0.081040 0.083476 
T_stage 0: 0.031977 0.031907 0.015976 0.014940 0.014282 0.013936 0.013815 0.015025 0.013860 0.013580 
T_stage 1: 0.168982 0.164023 0.074024 0.067423 0.067666 0.067060 0.066411 0.068791 0.067553 0.069179 
Config: granularity=100000, SDR=1000, ADR=0, Rigid=1, Capture_Method=0
Stage 0: PT=0, T_stage=0.012350, bytes=0, T_capped=0
Stage 1: PT=6, T_stage=0.000000, bytes=33176880, T_capped=0
Group 1: Iters=10, Procs=312, Factors=1.000000, Dist=2, RM=0, SM=1, RS=0, SS=0, parents=156, children=0
Async_Iters: 0
T_iter: 0.116918 0.086146 0.082065 0.129364 0.081644 0.080426 0.080831 0.088819 0.080516 0.080638 
T_stage 0: 0.030182 0.014940 0.017634 0.014334 0.015110 0.014712 0.014777 0.015414 0.014138 0.014106 
T_stage 1: 0.085938 0.072047 0.067061 0.115326 0.067418 0.066310 0.066696 0.074914 0.066383 0.066513 
Config: granularity=100000, SDR=1000, ADR=0, Rigid=1, Capture_Method=0
Stage 0: PT=0, T_stage=0.012350, bytes=0, T_capped=0
Stage 1: PT=6, T_stage=0.000000, bytes=33176880, T_capped=0
Group 1: Iters=10, Procs=312, Factors=1.000000, Dist=2, RM=0, SM=1, RS=0, SS=0, parents=156, children=0
Async_Iters: 0
T_iter: 0.177916 0.081203 0.084235 0.080616 0.080660 0.080923 0.079859 0.080610 0.080376 0.082025 
T_stage 0: 0.035799 0.013837 0.013937 0.014840 0.014432 0.013878 0.013951 0.013833 0.013878 0.013826 
T_stage 1: 0.141798 0.066527 0.070277 0.066782 0.066547 0.066245 0.065893 0.066526 0.066308 0.067914 
Config: granularity=100000, SDR=1000, ADR=0, Rigid=1, Capture_Method=0
Stage 0: PT=0, T_stage=0.012350, bytes=0, T_capped=0
Stage 1: PT=6, T_stage=0.000000, bytes=33176880, T_capped=0
Group 1: Iters=10, Procs=312, Factors=1.000000, Dist=2, RM=0, SM=1, RS=0, SS=0, parents=156, children=0
Async_Iters: 0
T_iter: 0.204052 0.191863 0.173116 0.081275 0.082437 0.083155 0.083329 0.082755 0.084339 0.082018 
T_stage 0: 0.032183 0.033135 0.032617 0.014858 0.014638 0.015089 0.015126 0.013472 0.015658 0.014090 
T_stage 1: 0.162315 0.147012 0.143930 0.067818 0.068474 0.069713 0.069652 0.069213 0.070775 0.068372 
Config: granularity=100000, SDR=1000, ADR=0, Rigid=1, Capture_Method=0
Stage 0: PT=0, T_stage=0.012350, bytes=0, T_capped=0
Stage 1: PT=6, T_stage=0.000000, bytes=33176880, T_capped=0
Group 1: Iters=10, Procs=312, Factors=1.000000, Dist=2, RM=0, SM=1, RS=0, SS=0, parents=156, children=0
Async_Iters: 0
T_iter: 0.149437 0.106536 0.104471 0.105861 0.105078 0.105653 0.105857 0.106251 0.105718 0.105370 
T_stage 0: 0.039748 0.014614 0.014381 0.014782 0.013837 0.014258 0.014079 0.013700 0.013348 0.013810 
T_stage 1: 0.109416 0.092213 0.091078 0.092018 0.091628 0.091963 0.092060 0.092805 0.092255 0.091873 
Config: granularity=100000, SDR=1000, ADR=0, Rigid=1, Capture_Method=0
Stage 0: PT=0, T_stage=0.012350, bytes=0, T_capped=0
Stage 1: PT=6, T_stage=0.000000, bytes=33176880, T_capped=0
Group 1: Iters=10, Procs=312, Factors=1.000000, Dist=2, RM=0, SM=1, RS=0, SS=0, parents=156, children=0
Async_Iters: 0
T_iter: 0.276027 0.103679 0.084254 0.082604 0.080939 0.086372 0.082072 0.282578 0.090516 0.081472 
T_stage 0: 0.048334 0.032890 0.014211 0.014776 0.014717 0.014023 0.013820 0.016959 0.018711 0.013432 
T_stage 1: 0.234772 0.073718 0.069730 0.069079 0.067363 0.068723 0.068319 0.265443 0.071580 0.067944 
Config: granularity=100000, SDR=1000, ADR=0, Rigid=1, Capture_Method=0
Stage 0: PT=0, T_stage=0.012350, bytes=0, T_capped=0
Stage 1: PT=6, T_stage=0.000000, bytes=33176880, T_capped=0
Group 1: Iters=10, Procs=312, Factors=1.000000, Dist=2, RM=0, SM=1, RS=0, SS=0, parents=156, children=0
Async_Iters: 0
T_iter: 0.267126 0.105389 0.081247 0.090330 0.084497 0.083410 0.080202 0.080858 0.084217 0.084812 
T_stage 0: 0.063060 0.031812 0.013988 0.018458 0.014471 0.015382 0.013844 0.013418 0.017502 0.016338 
T_stage 1: 0.210489 0.076079 0.067607 0.072880 0.069240 0.067697 0.065736 0.067258 0.067011 0.070380 
Config: granularity=100000, SDR=1000, ADR=0, Rigid=1, Capture_Method=0
Stage 0: PT=0, T_stage=0.012350, bytes=0, T_capped=0
Stage 1: PT=6, T_stage=0.000000, bytes=33176880, T_capped=0
Group 1: Iters=10, Procs=312, Factors=1.000000, Dist=2, RM=0, SM=1, RS=0, SS=0, parents=156, children=0
Async_Iters: 0
T_iter: 0.219998 0.180098 0.097907 0.080501 0.079828 0.080285 0.079084 0.085628 0.086960 0.080765 
T_stage 0: 0.032043 0.039927 0.030874 0.014362 0.015266 0.013806 0.014539 0.015834 0.020613 0.015291 
T_stage 1: 0.169771 0.143001 0.066376 0.066490 0.065748 0.066171 0.064975 0.071589 0.068249 0.066609 
Config: granularity=100000, SDR=1000, ADR=0, Rigid=1, Capture_Method=0
Stage 0: PT=0, T_stage=0.012350, bytes=0, T_capped=0
Stage 1: PT=6, T_stage=0.000000, bytes=33176880, T_capped=0
Group 1: Iters=10, Procs=312, Factors=1.000000, Dist=2, RM=0, SM=1, RS=0, SS=0, parents=156, children=0
Async_Iters: 0
T_iter: 0.200051 0.122205 0.104037 0.103536 0.110426 0.110569 0.104045 0.105996 0.105276 0.104258 
T_stage 0: 0.057194 0.032286 0.014924 0.014778 0.020476 0.014005 0.013353 0.015197 0.015730 0.014633 
T_stage 1: 0.170933 0.089836 0.090216 0.090035 0.090923 0.097052 0.090551 0.090669 0.090746 0.090539 
Config: granularity=100000, SDR=1000, ADR=0, Rigid=1, Capture_Method=0
Stage 0: PT=0, T_stage=0.012350, bytes=0, T_capped=0
Stage 1: PT=6, T_stage=0.000000, bytes=33176880, T_capped=0
Group 1: Iters=10, Procs=312, Factors=1.000000, Dist=2, RM=0, SM=1, RS=0, SS=0, parents=156, children=0
Async_Iters: 0
T_iter: 0.167497 0.081658 0.086360 0.080920 0.079455 0.079800 0.078375 0.081026 0.081637 0.082480 
T_stage 0: 0.034405 0.014836 0.015541 0.013476 0.013925 0.014871 0.013573 0.014272 0.013684 0.014176 
T_stage 1: 0.136682 0.067726 0.072676 0.066417 0.065844 0.065961 0.064719 0.067324 0.067979 0.068793 
Config: granularity=100000, SDR=1000, ADR=0, Rigid=1, Capture_Method=0
Stage 0: PT=0, T_stage=0.012350, bytes=0, T_capped=0
Stage 1: PT=6, T_stage=0.000000, bytes=33176880, T_capped=0
Group 1: Iters=10, Procs=312, Factors=1.000000, Dist=2, RM=0, SM=1, RS=0, SS=0, parents=156, children=0
Async_Iters: 0
T_iter: 0.159005 0.084473 0.079770 0.083625 0.080644 0.081279 0.080166 0.081514 0.080184 0.080046 
T_stage 0: 0.034250 0.014479 0.013561 0.014788 0.014640 0.014719 0.014508 0.014504 0.013296 0.014808 
T_stage 1: 0.131544 0.071068 0.066350 0.070110 0.067149 0.067814 0.066405 0.067727 0.066662 0.066571 
Config: granularity=100000, SDR=1000, ADR=0, Rigid=1, Capture_Method=0
Stage 0: PT=0, T_stage=0.012350, bytes=0, T_capped=0
Stage 1: PT=6, T_stage=0.000000, bytes=33176880, T_capped=0
Group 1: Iters=10, Procs=312, Factors=1.000000, Dist=2, RM=0, SM=1, RS=0, SS=0, parents=156, children=0
Async_Iters: 0
T_iter: 0.258726 0.107382 0.080908 0.080050 0.081054 0.080002 0.079440 0.080795 0.080280 0.080122 
T_stage 0: 0.050546 0.039724 0.014749 0.014583 0.014831 0.014510 0.013270 0.013811 0.013233 0.013516 
T_stage 1: 0.196956 0.069422 0.067460 0.066538 0.067541 0.066534 0.065876 0.066790 0.066937 0.066505 
Config: granularity=100000, SDR=1000, ADR=0, Rigid=1, Capture_Method=0
Stage 0: PT=0, T_stage=0.012350, bytes=0, T_capped=0
Stage 1: PT=6, T_stage=0.000000, bytes=33176880, T_capped=0
Group 1: Iters=10, Procs=312, Factors=1.000000, Dist=2, RM=0, SM=1, RS=0, SS=0, parents=156, children=0
Async_Iters: 0
T_iter: 0.277274 0.125625 0.104500 0.105986 0.107304 0.106656 0.106346 0.106073 0.105875 0.106613 
T_stage 0: 0.041110 0.031860 0.014584 0.013723 0.014797 0.013773 0.017383 0.013212 0.014262 0.014435 
T_stage 1: 0.229309 0.093128 0.090518 0.092462 0.093763 0.093230 0.092874 0.092680 0.092416 0.092913 
Config: granularity=100000, SDR=1000, ADR=0, Rigid=1, Capture_Method=0
Stage 0: PT=0, T_stage=0.012350, bytes=0, T_capped=0
Stage 1: PT=6, T_stage=0.000000, bytes=33176880, T_capped=0
Group 1: Iters=10, Procs=312, Factors=1.000000, Dist=2, RM=0, SM=1, RS=0, SS=0, parents=156, children=0
Async_Iters: 0
T_iter: 0.167922 0.106946 0.106802 0.107730 0.105382 0.106499 0.107022 0.107245 0.105630 0.106636 
T_stage 0: 0.032755 0.014206 0.014105 0.014963 0.013804 0.013287 0.013340 0.013478 0.013446 0.014743 
T_stage 1: 0.140275 0.093145 0.093327 0.094251 0.091885 0.092982 0.093354 0.093281 0.092173 0.093204 
Config: granularity=100000, SDR=1000, ADR=0, Rigid=1, Capture_Method=0
Stage 0: PT=0, T_stage=0.012350, bytes=0, T_capped=0
Stage 1: PT=6, T_stage=0.000000, bytes=33176880, T_capped=0
Group 1: Iters=10, Procs=312, Factors=1.000000, Dist=2, RM=0, SM=1, RS=0, SS=0, parents=156, children=0
Async_Iters: 0
T_iter: 0.199283 0.083572 0.082214 0.083302 0.084647 0.082476 0.085067 0.082262 0.082205 0.082752 
T_stage 0: 0.060945 0.014013 0.013824 0.014321 0.015409 0.013266 0.014926 0.014385 0.014254 0.013294 
T_stage 1: 0.148772 0.069543 0.068235 0.069872 0.070823 0.069020 0.070669 0.068746 0.068763 0.069329 
Config: granularity=100000, SDR=1000, ADR=0, Rigid=1, Capture_Method=0
Stage 0: PT=0, T_stage=0.012350, bytes=0, T_capped=0
Stage 1: PT=6, T_stage=0.000000, bytes=33176880, T_capped=0
Group 1: Iters=10, Procs=312, Factors=1.000000, Dist=2, RM=0, SM=1, RS=0, SS=0, parents=156, children=0
Async_Iters: 0
T_iter: 0.266717 0.174813 0.293041 0.081736 0.083443 0.079551 0.081200 0.081648 0.081066 0.082484 
T_stage 0: 0.042806 0.031961 0.014441 0.014527 0.016341 0.014371 0.013358 0.014563 0.014069 0.014091 
T_stage 1: 0.215826 0.145065 0.279388 0.068230 0.069454 0.066031 0.067022 0.068114 0.067612 0.068145 
Config: granularity=100000, SDR=1000, ADR=0, Rigid=1, Capture_Method=0
Stage 0: PT=0, T_stage=0.012350, bytes=0, T_capped=0
Stage 1: PT=6, T_stage=0.000000, bytes=33176880, T_capped=0
Group 1: Iters=10, Procs=312, Factors=1.000000, Dist=2, RM=0, SM=1, RS=0, SS=0, parents=156, children=0
Async_Iters: 0
T_iter: 0.198948 0.085563 0.082778 0.078506 0.081872 0.081614 0.080037 0.076361 0.077358 0.073971 
T_stage 0: 0.042721 0.014534 0.015124 0.013894 0.014444 0.015483 0.013330 0.014723 0.013417 0.013459 
T_stage 1: 0.170084 0.069488 0.069173 0.064830 0.068343 0.068168 0.066495 0.062621 0.063846 0.060468 
Config: granularity=100000, SDR=1000, ADR=0, Rigid=1, Capture_Method=0
Stage 0: PT=0, T_stage=0.012350, bytes=0, T_capped=0
Stage 1: PT=6, T_stage=0.000000, bytes=33176880, T_capped=0
Group 1: Iters=10, Procs=312, Factors=1.000000, Dist=2, RM=0, SM=1, RS=0, SS=0, parents=156, children=0
Async_Iters: 0
T_iter: 0.145549 0.082068 0.281051 0.080560 0.080640 0.083816 0.077812 0.083120 0.079171 0.077983 
T_stage 0: 0.055064 0.013675 0.013809 0.014442 0.014314 0.014434 0.014873 0.015430 0.013825 0.014098 
T_stage 1: 0.101278 0.068640 0.267597 0.067118 0.066843 0.069615 0.064423 0.069062 0.065096 0.064701 
Config: granularity=100000, SDR=1000, ADR=0, Rigid=1, Capture_Method=0
Stage 0: PT=0, T_stage=0.012350, bytes=0, T_capped=0
Stage 1: PT=6, T_stage=0.000000, bytes=33176880, T_capped=0
Group 1: Iters=10, Procs=312, Factors=1.000000, Dist=2, RM=0, SM=1, RS=0, SS=0, parents=156, children=0
Async_Iters: 0
T_iter: 0.190098 0.083120 0.077482 0.081456 0.286464 0.078358 0.076789 0.079686 0.284676 0.080160 
T_stage 0: 0.039673 0.016321 0.014804 0.015862 0.013277 0.014119 0.014080 0.014120 0.020446 0.013475 
T_stage 1: 0.146844 0.066688 0.064020 0.067304 0.273043 0.064952 0.063169 0.066240 0.264043 0.066467 
