Config: granularity=100000, SDR=1000, ADR=0, Rigid=1, Capture_Method=0
Stage 0: PT=0, T_stage=0.012350, bytes=0, T_capped=0
Stage 1: PT=6, T_stage=0.000000, bytes=33176880, T_capped=0
Group 1: Iters=10, Procs=312, Factors=1.000000, Dist=2, RM=0, SM=1, RS=0, SS=0, parents=208, children=0
Async_Iters: 0
T_iter: 0.170231 0.080052 0.083152 0.277175 0.081267 0.081323 0.082078 0.081877 0.080854 0.080674 
T_stage 0: 0.047173 0.014120 0.013837 0.015024 0.014375 0.013610 0.013868 0.014766 0.015542 0.013878 
T_stage 1: 0.129056 0.066553 0.069629 0.263215 0.067902 0.067786 0.068673 0.068447 0.067342 0.067277 
Config: granularity=100000, SDR=1000, ADR=0, Rigid=1, Capture_Method=0
Stage 0: PT=0, T_stage=0.012350, bytes=0, T_capped=0
Stage 1: PT=6, T_stage=0.000000, bytes=33176880, T_capped=0
Group 1: Iters=10, Procs=312, Factors=1.000000, Dist=2, RM=0, SM=1, RS=0, SS=0, parents=208, children=0
Async_Iters: 0
T_iter: 0.328856 0.087441 0.088795 0.085479 0.081682 0.084629 0.095967 0.086743 0.081063 0.082180 
T_stage 0: 0.046716 0.019726 0.014138 0.013705 0.013836 0.018888 0.018401 0.018023 0.014273 0.015036 
T_stage 1: 0.285387 0.067529 0.075257 0.071643 0.067915 0.067824 0.078913 0.068274 0.067714 0.068248 
Config: granularity=100000, SDR=1000, ADR=0, Rigid=1, Capture_Method=0
Stage 0: PT=0, T_stage=0.012350, bytes=0, T_capped=0
Stage 1: PT=6, T_stage=0.000000, bytes=33176880, T_capped=0
Group 1: Iters=10, Procs=312, Factors=1.000000, Dist=2, RM=0, SM=1, RS=0, SS=0, parents=208, children=0
Async_Iters: 0
T_iter: 0.369761 0.196011 0.099360 0.083834 0.081827 0.082032 0.085060 0.084143 0.081229 0.080876 
T_stage 0: 0.040103 0.039253 0.030790 0.015876 0.014379 0.014349 0.013749 0.014911 0.013250 0.013582 
T_stage 1: 0.326631 0.158626 0.069718 0.070257 0.068347 0.068569 0.071569 0.070647 0.067831 0.067181 
Config: granularity=100000, SDR=1000, ADR=0, Rigid=1, Capture_Method=0
Stage 0: PT=0, T_stage=0.012350, bytes=0, T_capped=0
Stage 1: PT=6, T_stage=0.000000, bytes=33176880, T_capped=0
Group 1: Iters=10, Procs=312, Factors=1.000000, Dist=2, RM=0, SM=1, RS=0, SS=0, parents=208, children=0
Async_Iters: 0
T_iter: 0.177830 0.080904 0.087224 0.087188 0.082630 0.082827 0.081688 0.083368 0.082399 0.081335 
T_stage 0: 0.036287 0.013752 0.014810 0.014684 0.013767 0.013271 0.014562 0.014432 0.013805 0.013957 
T_stage 1: 0.141346 0.067320 0.073187 0.073138 0.069170 0.068571 0.068181 0.068988 0.068925 0.067843 
Config: granularity=100000, SDR=1000, ADR=0, Rigid=1, Capture_Method=0
Stage 0: PT=0, T_stage=0.012350, bytes=0, T_capped=0
Stage 1: PT=6, T_stage=0.000000, bytes=33176880, T_capped=0
Group 1: Iters=10, Procs=312, Factors=1.000000, Dist=2, RM=0, SM=1, RS=0, SS=0, parents=208, children=0
Async_Iters: 0
T_iter: 0.287951 0.402885 0.083652 0.081004 0.082728 0.080082 0.082686 0.080722 0.079851 0.079825 
T_stage 0: 0.064617 0.051849 0.013880 0.014501 0.013993 0.013243 0.013988 0.013244 0.013283 0.013553 
T_stage 1: 0.219078 0.362850 0.070232 0.067629 0.068915 0.066566 0.068862 0.067235 0.066444 0.066400 
Config: granularity=100000, SDR=1000, ADR=0, Rigid=1, Capture_Method=0
Stage 0: PT=0, T_stage=0.012350, bytes=0, T_capped=0
Stage 1: PT=6, T_stage=0.000000, bytes=33176880, T_capped=0
Group 1: Iters=10, Procs=312, Factors=1.000000, Dist=2, RM=0, SM=1, RS=0, SS=0, parents=208, children=0
Async_Iters: 0
T_iter: 0.247693 0.159568 0.088170 0.080869 0.081671 0.080102 0.080641 0.081666 0.081412 0.079009 
T_stage 0: 0.059056 0.031310 0.021242 0.014576 0.013887 0.013942 0.013301 0.013855 0.015711 0.013758 
T_stage 1: 0.178889 0.129579 0.067938 0.067454 0.068043 0.066652 0.067289 0.067544 0.067984 0.065639 
Config: granularity=100000, SDR=1000, ADR=0, Rigid=1, Capture_Method=0
Stage 0: PT=0, T_stage=0.012350, bytes=0, T_capped=0
Stage 1: PT=6, T_stage=0.000000, bytes=33176880, T_capped=0
Group 1: Iters=10, Procs=312, Factors=1.000000, Dist=2, RM=0, SM=1, RS=0, SS=0, parents=208, children=0
Async_Iters: 0
T_iter: 0.297390 0.212015 0.099661 0.083846 0.080398 0.079860 0.080804 0.079428 0.081462 0.080272 
T_stage 0: 0.057310 0.032376 0.029740 0.014306 0.013458 0.013382 0.014832 0.013456 0.013983 0.014003 
T_stage 1: 0.244000 0.175981 0.069791 0.069863 0.066732 0.065681 0.067158 0.065787 0.067884 0.066709 
Config: granularity=100000, SDR=1000, ADR=0, Rigid=1, Capture_Method=0
Stage 0: PT=0, T_stage=0.012350, bytes=0, T_capped=0
Stage 1: PT=6, T_stage=0.000000, bytes=33176880, T_capped=0
Group 1: Iters=10, Procs=312, Factors=1.000000, Dist=2, RM=0, SM=1, RS=0, SS=0, parents=208, children=0
Async_Iters: 0
T_iter: 0.206621 0.080337 0.159028 0.369727 0.285426 0.080660 0.081533 0.082346 0.078459 0.080495 
T_stage 0: 0.037053 0.014247 0.015095 0.031881 0.015024 0.013832 0.014673 0.015086 0.013824 0.013292 
T_stage 1: 0.170326 0.066905 0.117771 0.340634 0.271492 0.066667 0.068158 0.068621 0.064318 0.067072 
Config: granularity=100000, SDR=1000, ADR=0, Rigid=1, Capture_Method=0
Stage 0: PT=0, T_stage=0.012350, bytes=0, T_capped=0
Stage 1: PT=6, T_stage=0.000000, bytes=33176880, T_capped=0
Group 1: Iters=10, Procs=312, Factors=1.000000, Dist=2, RM=0, SM=1, RS=0, SS=0, parents=208, children=0
Async_Iters: 0
T_iter: 0.270938 0.177517 0.101319 0.084663 0.092427 0.082492 0.079877 0.081349 0.078728 0.081777 
T_stage 0: 0.064066 0.032033 0.030700 0.018564 0.013291 0.014772 0.013359 0.013269 0.013348 0.017937 
T_stage 1: 0.211306 0.147765 0.071727 0.066231 0.074537 0.067545 0.066494 0.067973 0.064896 0.068479 
Config: granularity=100000, SDR=1000, ADR=0, Rigid=1, Capture_Method=0
Stage 0: PT=0, T_stage=0.012350, bytes=0, T_capped=0
Stage 1: PT=6, T_stage=0.000000, bytes=33176880, T_capped=0
Group 1: Iters=10, Procs=312, Factors=1.000000, Dist=2, RM=0, SM=1, RS=0, SS=0, parents=208, children=0
Async_Iters: 0
T_iter: 0.218809 0.082405 0.092749 0.079893 0.083646 0.082912 0.082136 0.081651 0.081235 0.081977 
T_stage 0: 0.041278 0.013434 0.014382 0.013810 0.014939 0.013774 0.014280 0.013391 0.014312 0.013346 
T_stage 1: 0.177260 0.069063 0.079455 0.066424 0.070195 0.069475 0.068704 0.068297 0.067821 0.068536 
Config: granularity=100000, SDR=1000, ADR=0, Rigid=1, Capture_Method=0
Stage 0: PT=0, T_stage=0.012350, bytes=0, T_capped=0
Stage 1: PT=6, T_stage=0.000000, bytes=33176880, T_capped=0
Group 1: Iters=10, Procs=312, Factors=1.000000, Dist=2, RM=0, SM=1, RS=0, SS=0, parents=208, children=0
Async_Iters: 0
T_iter: 0.312014 0.112816 0.080835 0.080547 0.080022 0.080130 0.080923 0.080292 0.078207 0.079694 
T_stage 0: 0.033129 0.042754 0.014000 0.014097 0.014050 0.015443 0.013257 0.013886 0.014287 0.013333 
T_stage 1: 0.270781 0.083508 0.065985 0.066933 0.066586 0.066695 0.067372 0.066759 0.064523 0.066249 
Config: granularity=100000, SDR=1000, ADR=0, Rigid=1, Capture_Method=0
Stage 0: PT=0, T_stage=0.012350, bytes=0, T_capped=0
Stage 1: PT=6, T_stage=0.000000, bytes=33176880, T_capped=0
Group 1: Iters=10, Procs=312, Factors=1.000000, Dist=2, RM=0, SM=1, RS=0, SS=0, parents=208, children=0
Async_Iters: 0
T_iter: 0.240746 0.153458 0.088320 0.087974 0.087233 0.088378 0.087070 0.087403 0.087622 0.087726 
T_stage 0: 0.037941 0.031506 0.013329 0.013256 0.015057 0.013852 0.014134 0.014530 0.013455 0.014230 
T_stage 1: 0.190861 0.124474 0.074157 0.074499 0.073799 0.075061 0.073622 0.073956 0.074224 0.074296 
Config: granularity=100000, SDR=1000, ADR=0, Rigid=1, Capture_Method=0
Stage 0: PT=0, T_stage=0.012350, bytes=0, T_capped=0
Stage 1: PT=6, T_stage=0.000000, bytes=33176880, T_capped=0
Group 1: Iters=10, Procs=312, Factors=1.000000, Dist=2, RM=0, SM=1, RS=0, SS=0, parents=208, children=0
Async_Iters: 0
T_iter: 0.256052 0.369449 0.084099 0.080418 0.080635 0.079615 0.080704 0.081932 0.080333 0.081120 
T_stage 0: 0.040707 0.033461 0.016876 0.013961 0.013648 0.014656 0.014433 0.015027 0.014469 0.014007 
T_stage 1: 0.201347 0.340346 0.067279 0.066899 0.067106 0.066079 0.067115 0.068073 0.066876 0.067524 
Config: granularity=100000, SDR=1000, ADR=0, Rigid=1, Capture_Method=0
Stage 0: PT=0, T_stage=0.012350, bytes=0, T_capped=0
Stage 1: PT=6, T_stage=0.000000, bytes=33176880, T_capped=0
Group 1: Iters=10, Procs=312, Factors=1.000000, Dist=2, RM=0, SM=1, RS=0, SS=0, parents=208, children=0
Async_Iters: 0
T_iter: 0.247147 0.109650 0.080966 0.080231 0.083241 0.082862 0.080957 0.082633 0.082042 0.082645 
T_stage 0: 0.063841 0.021450 0.014932 0.014113 0.014361 0.015028 0.014585 0.014991 0.013805 0.013677 
T_stage 1: 0.206303 0.088853 0.067106 0.066417 0.068966 0.069046 0.066340 0.067697 0.068232 0.068873 
Config: granularity=100000, SDR=1000, ADR=0, Rigid=1, Capture_Method=0
Stage 0: PT=0, T_stage=0.012350, bytes=0, T_capped=0
Stage 1: PT=6, T_stage=0.000000, bytes=33176880, T_capped=0
Group 1: Iters=10, Procs=312, Factors=1.000000, Dist=2, RM=0, SM=1, RS=0, SS=0, parents=208, children=0
Async_Iters: 0
T_iter: 0.394095 0.184761 0.192034 0.107744 0.079668 0.080811 0.079368 0.079970 0.083671 0.080496 
T_stage 0: 0.059047 0.034373 0.031883 0.039984 0.013747 0.014934 0.014238 0.014787 0.014469 0.014408 
T_stage 1: 0.331925 0.131118 0.159961 0.070078 0.066001 0.067175 0.065729 0.066085 0.070134 0.066296 
Config: granularity=100000, SDR=1000, ADR=0, Rigid=1, Capture_Method=0
Stage 0: PT=0, T_stage=0.012350, bytes=0, T_capped=0
Stage 1: PT=6, T_stage=0.000000, bytes=33176880, T_capped=0
Group 1: Iters=10, Procs=312, Factors=1.000000, Dist=2, RM=0, SM=1, RS=0, SS=0, parents=208, children=0
Async_Iters: 0
T_iter: 0.276005 0.191827 0.127807 0.079522 0.078128 0.078342 0.078564 0.079466 0.077072 0.078540 
T_stage 0: 0.049613 0.032693 0.031914 0.015081 0.013857 0.013924 0.014020 0.013958 0.014213 0.013869 
T_stage 1: 0.234488 0.146907 0.098501 0.065742 0.064663 0.064590 0.065124 0.065603 0.063569 0.065036 
Config: granularity=100000, SDR=1000, ADR=0, Rigid=1, Capture_Method=0
Stage 0: PT=0, T_stage=0.012350, bytes=0, T_capped=0
Stage 1: PT=6, T_stage=0.000000, bytes=33176880, T_capped=0
Group 1: Iters=10, Procs=312, Factors=1.000000, Dist=2, RM=0, SM=1, RS=0, SS=0, parents=208, children=0
Async_Iters: 0
T_iter: 0.338843 0.096445 0.087633 0.086831 0.088662 0.088130 0.088876 0.087274 0.087191 0.088347 
T_stage 0: 0.033944 0.022797 0.014626 0.014408 0.013988 0.014077 0.014051 0.014544 0.013630 0.015266 
T_stage 1: 0.304120 0.074876 0.074052 0.073287 0.074012 0.074489 0.075335 0.073722 0.073590 0.074665 
Config: granularity=100000, SDR=1000, ADR=0, Rigid=1, Capture_Method=0
Stage 0: PT=0, T_stage=0.012350, bytes=0, T_capped=0
Stage 1: PT=6, T_stage=0.000000, bytes=33176880, T_capped=0
Group 1: Iters=10, Procs=312, Factors=1.000000, Dist=2, RM=0, SM=1, RS=0, SS=0, parents=208, children=0
Async_Iters: 0
T_iter: 0.311937 0.127891 0.081325 0.080770 0.080929 0.081459 0.079964 0.080588 0.080602 0.080873 
T_stage 0: 0.056028 0.031900 0.014209 0.013833 0.013912 0.014983 0.013495 0.014360 0.014038 0.013453 
T_stage 1: 0.255930 0.098661 0.067916 0.067342 0.067405 0.068032 0.066451 0.067092 0.067176 0.067436 
Config: granularity=100000, SDR=1000, ADR=0, Rigid=1, Capture_Method=0
Stage 0: PT=0, T_stage=0.012350, bytes=0, T_capped=0
Stage 1: PT=6, T_stage=0.000000, bytes=33176880, T_capped=0
Group 1: Iters=10, Procs=312, Factors=1.000000, Dist=2, RM=0, SM=1, RS=0, SS=0, parents=208, children=0
Async_Iters: 0
T_iter: 0.516904 0.279161 0.172885 0.091408 0.081865 0.082575 0.081588 0.080109 0.082242 0.079016 
T_stage 0: 0.064514 0.043325 0.031827 0.023965 0.013625 0.014093 0.013951 0.014232 0.013920 0.014266 
T_stage 1: 0.451841 0.225355 0.143800 0.068063 0.068280 0.069117 0.067917 0.066559 0.068263 0.065562 
Config: granularity=100000, SDR=1000, ADR=0, Rigid=1, Capture_Method=0
Stage 0: PT=0, T_stage=0.012350, bytes=0, T_capped=0
Stage 1: PT=6, T_stage=0.000000, bytes=33176880, T_capped=0
Group 1: Iters=10, Procs=312, Factors=1.000000, Dist=2, RM=0, SM=1, RS=0, SS=0, parents=208, children=0
Async_Iters: 0
T_iter: 0.244603 0.152055 0.190041 0.117882 0.083700 0.084795 0.081688 0.079091 0.082190 0.081772 
T_stage 0: 0.040580 0.031350 0.019009 0.047876 0.016781 0.017149 0.014393 0.013464 0.013726 0.013691 
T_stage 1: 0.202683 0.121031 0.159956 0.092059 0.067353 0.067659 0.067651 0.065508 0.068524 0.067940 
