Config: granularity=100000, SDR=1000, ADR=0, Rigid=1, Capture_Method=0
Stage 0: PT=0, T_stage=0.012350, bytes=0, T_capped=0
Stage 1: PT=6, T_stage=0.000000, bytes=33176880, T_capped=0
Group 1: Iters=10, Procs=312, Factors=1.000000, Dist=2, RM=0, SM=1, RS=0, SS=0, parents=416, children=0
Async_Iters: 0
T_iter: 0.227997 0.104070 0.085146 0.084159 0.084280 0.084407 0.083724 0.084440 0.084076 0.084365 
T_stage 0: 0.042719 0.032627 0.013051 0.013022 0.013008 0.013081 0.012989 0.013026 0.013012 0.013030 
T_stage 1: 0.180003 0.071270 0.071973 0.071017 0.071161 0.071203 0.070553 0.071307 0.070944 0.071204 
Config: granularity=100000, SDR=1000, ADR=0, Rigid=1, Capture_Method=0
Stage 0: PT=0, T_stage=0.012350, bytes=0, T_capped=0
Stage 1: PT=6, T_stage=0.000000, bytes=33176880, T_capped=0
Group 1: Iters=10, Procs=312, Factors=1.000000, Dist=2, RM=0, SM=1, RS=0, SS=0, parents=416, children=0
Async_Iters: 0
T_iter: 0.227678 0.087265 0.080916 0.081073 0.080545 0.081032 0.080924 0.080697 0.080717 0.080711 
T_stage 0: 0.032003 0.019968 0.013043 0.012981 0.012972 0.012981 0.012988 0.012986 0.012969 0.013007 
T_stage 1: 0.202013 0.067186 0.067715 0.067974 0.067453 0.067933 0.067828 0.067554 0.067613 0.067588 
Config: granularity=100000, SDR=1000, ADR=0, Rigid=1, Capture_Method=0
Stage 0: PT=0, T_stage=0.012350, bytes=0, T_capped=0
Stage 1: PT=6, T_stage=0.000000, bytes=33176880, T_capped=0
Group 1: Iters=10, Procs=312, Factors=1.000000, Dist=2, RM=0, SM=1, RS=0, SS=0, parents=416, children=0
Async_Iters: 0
T_iter: 0.235911 0.091478 0.088697 0.088579 0.088516 0.089087 0.088386 0.088636 0.088436 0.088513 
T_stage 0: 0.043949 0.016512 0.013031 0.013013 0.013431 0.013084 0.013023 0.013008 0.012997 0.013017 
T_stage 1: 0.175439 0.074831 0.075542 0.075430 0.074982 0.075903 0.075255 0.075505 0.075295 0.075310 
Config: granularity=100000, SDR=1000, ADR=0, Rigid=1, Capture_Method=0
Stage 0: PT=0, T_stage=0.012350, bytes=0, T_capped=0
Stage 1: PT=6, T_stage=0.000000, bytes=33176880, T_capped=0
Group 1: Iters=10, Procs=312, Factors=1.000000, Dist=2, RM=0, SM=1, RS=0, SS=0, parents=416, children=0
Async_Iters: 0
T_iter: 0.148471 0.087747 0.087694 0.087680 0.087974 0.087997 0.087482 0.086929 0.087040 0.087672 
T_stage 0: 0.046315 0.012981 0.012979 0.013064 0.013432 0.013022 0.013015 0.013009 0.013027 0.012978 
T_stage 1: 0.102061 0.074576 0.074556 0.074494 0.074402 0.074813 0.074346 0.073809 0.073817 0.074543 
Config: granularity=100000, SDR=1000, ADR=0, Rigid=1, Capture_Method=0
Stage 0: PT=0, T_stage=0.012350, bytes=0, T_capped=0
Stage 1: PT=6, T_stage=0.000000, bytes=33176880, T_capped=0
Group 1: Iters=10, Procs=312, Factors=1.000000, Dist=2, RM=0, SM=1, RS=0, SS=0, parents=416, children=0
Async_Iters: 0
T_iter: 0.148625 0.080425 0.080218 0.079888 0.080114 0.079999 0.079330 0.082257 0.079509 0.079873 
T_stage 0: 0.030687 0.013097 0.013103 0.013123 0.013115 0.013112 0.013101 0.015672 0.013109 0.013121 
T_stage 1: 0.127907 0.067190 0.066973 0.066574 0.066851 0.066722 0.066076 0.066494 0.066277 0.066562 
Config: granularity=100000, SDR=1000, ADR=0, Rigid=1, Capture_Method=0
Stage 0: PT=0, T_stage=0.012350, bytes=0, T_capped=0
Stage 1: PT=6, T_stage=0.000000, bytes=33176880, T_capped=0
Group 1: Iters=10, Procs=312, Factors=1.000000, Dist=2, RM=0, SM=1, RS=0, SS=0, parents=416, children=0
Async_Iters: 0
T_iter: 0.120069 0.084140 0.084175 0.084130 0.093156 0.084084 0.084510 0.084481 0.084370 0.084143 
T_stage 0: 0.012972 0.013026 0.013088 0.012975 0.021806 0.013002 0.013070 0.013245 0.012973 0.013002 
T_stage 1: 0.106940 0.070956 0.071060 0.071015 0.071315 0.070984 0.071357 0.071385 0.071284 0.071053 
Config: granularity=100000, SDR=1000, ADR=0, Rigid=1, Capture_Method=0
Stage 0: PT=0, T_stage=0.012350, bytes=0, T_capped=0
Stage 1: PT=6, T_stage=0.000000, bytes=33176880, T_capped=0
Group 1: Iters=10, Procs=312, Factors=1.000000, Dist=2, RM=0, SM=1, RS=0, SS=0, parents=416, children=0
Async_Iters: 0
T_iter: 0.111941 0.079279 0.079587 0.081924 0.081176 0.080531 0.080264 0.080317 0.089217 0.079560 
T_stage 0: 0.028579 0.013353 0.012978 0.015274 0.013001 0.012984 0.013432 0.013035 0.013059 0.012989 
T_stage 1: 0.083278 0.065794 0.066493 0.066558 0.068028 0.067401 0.066642 0.067156 0.076050 0.066410 
Config: granularity=100000, SDR=1000, ADR=0, Rigid=1, Capture_Method=0
Stage 0: PT=0, T_stage=0.012350, bytes=0, T_capped=0
Stage 1: PT=6, T_stage=0.000000, bytes=33176880, T_capped=0
Group 1: Iters=10, Procs=312, Factors=1.000000, Dist=2, RM=0, SM=1, RS=0, SS=0, parents=416, children=0
Async_Iters: 0
T_iter: 0.223190 0.077394 0.081512 0.077764 0.077712 0.078428 0.077755 0.078014 0.077497 0.077803 
T_stage 0: 0.064006 0.012985 0.016859 0.013025 0.013055 0.013010 0.013000 0.013464 0.012976 0.013001 
T_stage 1: 0.166369 0.064225 0.064567 0.064634 0.064490 0.065331 0.064627 0.064456 0.064389 0.064659 
Config: granularity=100000, SDR=1000, ADR=0, Rigid=1, Capture_Method=0
Stage 0: PT=0, T_stage=0.012350, bytes=0, T_capped=0
Stage 1: PT=6, T_stage=0.000000, bytes=33176880, T_capped=0
Group 1: Iters=10, Procs=312, Factors=1.000000, Dist=2, RM=0, SM=1, RS=0, SS=0, parents=416, children=0
Async_Iters: 0
T_iter: 0.164592 0.079752 0.080074 0.079824 0.079515 0.079876 0.079044 0.079656 0.078842 0.079027 
T_stage 0: 0.031929 0.012989 0.013017 0.012959 0.012966 0.013035 0.013029 0.012994 0.013038 0.013049 
T_stage 1: 0.135976 0.066631 0.066931 0.066665 0.066351 0.066617 0.065935 0.066527 0.065655 0.065900 
Config: granularity=100000, SDR=1000, ADR=0, Rigid=1, Capture_Method=0
Stage 0: PT=0, T_stage=0.012350, bytes=0, T_capped=0
Stage 1: PT=6, T_stage=0.000000, bytes=33176880, T_capped=0
Group 1: Iters=10, Procs=312, Factors=1.000000, Dist=2, RM=0, SM=1, RS=0, SS=0, parents=416, children=0
Async_Iters: 0
T_iter: 0.368821 0.082463 0.081301 0.081474 0.080845 0.083632 0.080823 0.082710 0.080866 0.081678 
T_stage 0: 0.044347 0.013094 0.013110 0.013127 0.013093 0.013553 0.013067 0.013078 0.013092 0.013075 
T_stage 1: 0.336724 0.069184 0.068080 0.068230 0.067638 0.069944 0.067649 0.069481 0.067647 0.068488 
Config: granularity=100000, SDR=1000, ADR=0, Rigid=1, Capture_Method=0
Stage 0: PT=0, T_stage=0.012350, bytes=0, T_capped=0
Stage 1: PT=6, T_stage=0.000000, bytes=33176880, T_capped=0
Group 1: Iters=10, Procs=312, Factors=1.000000, Dist=2, RM=0, SM=1, RS=0, SS=0, parents=416, children=0
Async_Iters: 0
T_iter: 0.102837 0.085314 0.083703 0.089578 0.090136 0.083680 0.083788 0.088747 0.083699 0.083562 
T_stage 0: 0.018824 0.014582 0.012972 0.018969 0.013000 0.013004 0.012992 0.017912 0.013052 0.012999 
T_stage 1: 0.083919 0.070624 0.070655 0.070539 0.077002 0.070575 0.070679 0.070725 0.070533 0.070459 
Config: granularity=100000, SDR=1000, ADR=0, Rigid=1, Capture_Method=0
Stage 0: PT=0, T_stage=0.012350, bytes=0, T_capped=0
Stage 1: PT=6, T_stage=0.000000, bytes=33176880, T_capped=0
Group 1: Iters=10, Procs=312, Factors=1.000000, Dist=2, RM=0, SM=1, RS=0, SS=0, parents=416, children=0
Async_Iters: 0
T_iter: 0.234503 0.108260 0.081036 0.080681 0.081249 0.081588 0.081225 0.080890 0.081102 0.080469 
T_stage 0: 0.043904 0.031932 0.013114 0.013105 0.013084 0.013076 0.013139 0.013135 0.013077 0.013123 
T_stage 1: 0.192001 0.082637 0.067710 0.067407 0.068008 0.068380 0.067939 0.067618 0.067891 0.067217 
Config: granularity=100000, SDR=1000, ADR=0, Rigid=1, Capture_Method=0
Stage 0: PT=0, T_stage=0.012350, bytes=0, T_capped=0
Stage 1: PT=6, T_stage=0.000000, bytes=33176880, T_capped=0
Group 1: Iters=10, Procs=312, Factors=1.000000, Dist=2, RM=0, SM=1, RS=0, SS=0, parents=416, children=0
Async_Iters: 0
T_iter: 0.215931 0.176058 0.095482 0.080200 0.080290 0.080213 0.080347 0.079231 0.080438 0.079228 
T_stage 0: 0.035996 0.031999 0.028232 0.013077 0.013072 0.013086 0.013116 0.013094 0.013068 0.013084 
T_stage 1: 0.167983 0.143985 0.067171 0.066988 0.067100 0.067017 0.067104 0.066016 0.067210 0.065984 
Config: granularity=100000, SDR=1000, ADR=0, Rigid=1, Capture_Method=0
Stage 0: PT=0, T_stage=0.012350, bytes=0, T_capped=0
Stage 1: PT=6, T_stage=0.000000, bytes=33176880, T_capped=0
Group 1: Iters=10, Procs=312, Factors=1.000000, Dist=2, RM=0, SM=1, RS=0, SS=0, parents=416, children=0
Async_Iters: 0
T_iter: 0.176943 0.095615 0.080193 0.079714 0.079938 0.079864 0.080258 0.079441 0.079518 0.079631 
T_stage 0: 0.031999 0.029046 0.013225 0.013208 0.013206 0.013200 0.013200 0.013180 0.013232 0.013220 
T_stage 1: 0.148206 0.066448 0.066836 0.066404 0.066597 0.066535 0.066927 0.066093 0.066165 0.066267 
Config: granularity=100000, SDR=1000, ADR=0, Rigid=1, Capture_Method=0
Stage 0: PT=0, T_stage=0.012350, bytes=0, T_capped=0
Stage 1: PT=6, T_stage=0.000000, bytes=33176880, T_capped=0
Group 1: Iters=10, Procs=312, Factors=1.000000, Dist=2, RM=0, SM=1, RS=0, SS=0, parents=416, children=0
Async_Iters: 0
T_iter: 0.198466 0.153109 0.080750 0.078086 0.078003 0.078208 0.077973 0.077905 0.078545 0.078081 
T_stage 0: 0.034465 0.031938 0.015794 0.013062 0.013052 0.013076 0.013099 0.013082 0.013092 0.013102 
T_stage 1: 0.149877 0.127523 0.064794 0.064899 0.064832 0.065024 0.064770 0.064722 0.065331 0.064858 
Config: granularity=100000, SDR=1000, ADR=0, Rigid=1, Capture_Method=0
Stage 0: PT=0, T_stage=0.012350, bytes=0, T_capped=0
Stage 1: PT=6, T_stage=0.000000, bytes=33176880, T_capped=0
Group 1: Iters=10, Procs=312, Factors=1.000000, Dist=2, RM=0, SM=1, RS=0, SS=0, parents=416, children=0
Async_Iters: 0
T_iter: 0.200931 0.091952 0.088898 0.088703 0.089229 0.088687 0.088853 0.088755 0.089005 0.088922 
T_stage 0: 0.043127 0.016526 0.013238 0.013206 0.013244 0.013221 0.013237 0.013218 0.013222 0.013211 
T_stage 1: 0.157717 0.075316 0.075471 0.075416 0.075883 0.075342 0.075504 0.075414 0.075662 0.075596 
Config: granularity=100000, SDR=1000, ADR=0, Rigid=1, Capture_Method=0
Stage 0: PT=0, T_stage=0.012350, bytes=0, T_capped=0
Stage 1: PT=6, T_stage=0.000000, bytes=33176880, T_capped=0
Group 1: Iters=10, Procs=312, Factors=1.000000, Dist=2, RM=0, SM=1, RS=0, SS=0, parents=416, children=0
Async_Iters: 0
T_iter: 0.103413 0.079832 0.078916 0.079541 0.078531 0.078863 0.079154 0.079758 0.079368 0.079752 
T_stage 0: 0.028994 0.013388 0.012990 0.012991 0.013074 0.013000 0.013027 0.012993 0.013017 0.012978 
T_stage 1: 0.080943 0.066337 0.065809 0.066433 0.065344 0.065755 0.066037 0.066566 0.066239 0.066648 
Config: granularity=100000, SDR=1000, ADR=0, Rigid=1, Capture_Method=0
Stage 0: PT=0, T_stage=0.012350, bytes=0, T_capped=0
Stage 1: PT=6, T_stage=0.000000, bytes=33176880, T_capped=0
Group 1: Iters=10, Procs=312, Factors=1.000000, Dist=2, RM=0, SM=1, RS=0, SS=0, parents=416, children=0
Async_Iters: 0
T_iter: 0.107972 0.081216 0.081314 0.080761 0.080220 0.081061 0.081775 0.079957 0.082241 0.083246 
T_stage 0: 0.025281 0.013209 0.013201 0.013238 0.013223 0.013209 0.013224 0.013269 0.013237 0.013212 
T_stage 1: 0.082554 0.067831 0.067997 0.067428 0.066872 0.067722 0.068417 0.066594 0.068888 0.069894 
Config: granularity=100000, SDR=1000, ADR=0, Rigid=1, Capture_Method=0
Stage 0: PT=0, T_stage=0.012350, bytes=0, T_capped=0
Stage 1: PT=6, T_stage=0.000000, bytes=33176880, T_capped=0
Group 1: Iters=10, Procs=312, Factors=1.000000, Dist=2, RM=0, SM=1, RS=0, SS=0, parents=416, children=0
Async_Iters: 0
T_iter: 0.231997 0.138538 0.080822 0.080669 0.080364 0.080405 0.080798 0.079778 0.080029 0.080508 
T_stage 0: 0.032012 0.033560 0.012994 0.012998 0.012992 0.013005 0.013061 0.013007 0.012992 0.013015 
T_stage 1: 0.168001 0.104864 0.067702 0.067531 0.067248 0.067280 0.067633 0.066671 0.066930 0.067371 
Config: granularity=100000, SDR=1000, ADR=0, Rigid=1, Capture_Method=0
Stage 0: PT=0, T_stage=0.012350, bytes=0, T_capped=0
Stage 1: PT=6, T_stage=0.000000, bytes=33176880, T_capped=0
Group 1: Iters=10, Procs=312, Factors=1.000000, Dist=2, RM=0, SM=1, RS=0, SS=0, parents=416, children=0
Async_Iters: 0
T_iter: 0.223998 0.104405 0.085094 0.080634 0.086667 0.080570 0.080405 0.080150 0.080523 0.080920 
T_stage 0: 0.037381 0.032001 0.012995 0.013033 0.019296 0.012999 0.013077 0.013020 0.012974 0.013300 
T_stage 1: 0.159998 0.076292 0.071923 0.067465 0.067272 0.067427 0.067201 0.067042 0.067402 0.067491 
