Config: granularity=100000, SDR=1000, ADR=0, Rigid=1, Capture_Method=0
Stage 0: PT=0, T_stage=0.012350, bytes=0, T_capped=0
Stage 1: PT=6, T_stage=0.000000, bytes=33176880, T_capped=0
Group 1: Iters=10, Procs=364, Factors=1.000000, Dist=2, RM=0, SM=1, RS=0, SS=0, parents=52, children=0
Async_Iters: 0
T_iter: 0.104156 0.082030 0.090995 0.083012 0.078742 0.082914 0.078869 0.083629 0.081953 0.078181 
T_stage 0: 0.014614 0.015549 0.013750 0.014056 0.015046 0.022226 0.015673 0.014537 0.013475 0.015214 
T_stage 1: 0.089597 0.067989 0.077414 0.069560 0.065026 0.063087 0.065437 0.070213 0.065668 0.064551 
Config: granularity=100000, SDR=1000, ADR=0, Rigid=1, Capture_Method=0
Stage 0: PT=0, T_stage=0.012350, bytes=0, T_capped=0
Stage 1: PT=6, T_stage=0.000000, bytes=33176880, T_capped=0
Group 1: Iters=10, Procs=364, Factors=1.000000, Dist=2, RM=0, SM=1, RS=0, SS=0, parents=52, children=0
Async_Iters: 0
T_iter: 0.101317 0.083792 0.086362 0.080061 0.077016 0.084118 0.079596 0.076370 0.076777 0.077667 
T_stage 0: 0.013715 0.015748 0.015089 0.014359 0.014460 0.015912 0.015228 0.013216 0.016376 0.013375 
T_stage 1: 0.086903 0.069832 0.072928 0.066488 0.063316 0.070026 0.065766 0.062997 0.063366 0.064204 
Config: granularity=100000, SDR=1000, ADR=0, Rigid=1, Capture_Method=0
Stage 0: PT=0, T_stage=0.012350, bytes=0, T_capped=0
Stage 1: PT=6, T_stage=0.000000, bytes=33176880, T_capped=0
Group 1: Iters=10, Procs=364, Factors=1.000000, Dist=2, RM=0, SM=1, RS=0, SS=0, parents=52, children=0
Async_Iters: 0
T_iter: 0.121958 0.083966 0.086338 0.089937 0.087743 0.078600 0.079791 0.081808 0.080459 0.077599 
T_stage 0: 0.030618 0.015982 0.013781 0.016475 0.016414 0.013644 0.014862 0.013636 0.014371 0.013659 
T_stage 1: 0.091346 0.070173 0.072083 0.076153 0.073911 0.064793 0.065976 0.067585 0.066610 0.062191 
Config: granularity=100000, SDR=1000, ADR=0, Rigid=1, Capture_Method=0
Stage 0: PT=0, T_stage=0.012350, bytes=0, T_capped=0
Stage 1: PT=6, T_stage=0.000000, bytes=33176880, T_capped=0
Group 1: Iters=10, Procs=364, Factors=1.000000, Dist=2, RM=0, SM=1, RS=0, SS=0, parents=52, children=0
Async_Iters: 0
T_iter: 0.106527 0.287607 0.293699 0.078352 0.077658 0.076133 0.077396 0.077975 0.080262 0.081889 
T_stage 0: 0.013765 0.015853 0.015036 0.014076 0.013543 0.014582 0.015070 0.014547 0.016276 0.013452 
T_stage 1: 0.092598 0.273034 0.279318 0.064245 0.064190 0.062264 0.063913 0.064519 0.066845 0.068403 
Config: granularity=100000, SDR=1000, ADR=0, Rigid=1, Capture_Method=0
Stage 0: PT=0, T_stage=0.012350, bytes=0, T_capped=0
Stage 1: PT=6, T_stage=0.000000, bytes=33176880, T_capped=0
Group 1: Iters=10, Procs=364, Factors=1.000000, Dist=2, RM=0, SM=1, RS=0, SS=0, parents=52, children=0
Async_Iters: 0
T_iter: 0.106594 0.083076 0.292562 0.087431 0.081981 0.083281 0.286871 0.085127 0.078122 0.081841 
T_stage 0: 0.013776 0.018601 0.014212 0.015247 0.013723 0.015027 0.013327 0.013594 0.013709 0.014636 
T_stage 1: 0.092964 0.069626 0.279033 0.074052 0.068525 0.069582 0.273412 0.071670 0.064637 0.068423 
Config: granularity=100000, SDR=1000, ADR=0, Rigid=1, Capture_Method=0
Stage 0: PT=0, T_stage=0.012350, bytes=0, T_capped=0
Stage 1: PT=6, T_stage=0.000000, bytes=33176880, T_capped=0
Group 1: Iters=10, Procs=364, Factors=1.000000, Dist=2, RM=0, SM=1, RS=0, SS=0, parents=52, children=0
Async_Iters: 0
T_iter: 0.097419 0.080168 0.082829 0.082399 0.082192 0.080742 0.082282 0.083157 0.076024 0.080202 
T_stage 0: 0.013442 0.013642 0.014742 0.013773 0.015207 0.013737 0.014973 0.014519 0.013816 0.013458 
T_stage 1: 0.083789 0.066666 0.068938 0.068337 0.068426 0.067265 0.068649 0.069721 0.062604 0.065296 
Config: granularity=100000, SDR=1000, ADR=0, Rigid=1, Capture_Method=0
Stage 0: PT=0, T_stage=0.012350, bytes=0, T_capped=0
Stage 1: PT=6, T_stage=0.000000, bytes=33176880, T_capped=0
Group 1: Iters=10, Procs=364, Factors=1.000000, Dist=2, RM=0, SM=1, RS=0, SS=0, parents=52, children=0
Async_Iters: 0
T_iter: 0.098390 0.081768 0.078504 0.083305 0.284105 0.075663 0.080765 0.081944 0.081363 0.092966 
T_stage 0: 0.014084 0.017294 0.016447 0.013439 0.013911 0.014795 0.015324 0.014021 0.015011 0.014950 
T_stage 1: 0.084821 0.068310 0.064903 0.069379 0.269902 0.062077 0.067323 0.067671 0.067864 0.079404 
Config: granularity=100000, SDR=1000, ADR=0, Rigid=1, Capture_Method=0
Stage 0: PT=0, T_stage=0.012350, bytes=0, T_capped=0
Stage 1: PT=6, T_stage=0.000000, bytes=33176880, T_capped=0
Group 1: Iters=10, Procs=364, Factors=1.000000, Dist=2, RM=0, SM=1, RS=0, SS=0, parents=52, children=0
Async_Iters: 0
T_iter: 0.136220 0.094771 0.079620 0.091576 0.079198 0.077147 0.079249 0.083340 0.084627 0.077386 
T_stage 0: 0.027396 0.015244 0.015061 0.015586 0.016172 0.016419 0.014579 0.013524 0.014205 0.015086 
T_stage 1: 0.107876 0.080800 0.065161 0.077774 0.065380 0.063692 0.065916 0.069935 0.070211 0.063955 
Config: granularity=100000, SDR=1000, ADR=0, Rigid=1, Capture_Method=0
Stage 0: PT=0, T_stage=0.012350, bytes=0, T_capped=0
Stage 1: PT=6, T_stage=0.000000, bytes=33176880, T_capped=0
Group 1: Iters=10, Procs=364, Factors=1.000000, Dist=2, RM=0, SM=1, RS=0, SS=0, parents=52, children=0
Async_Iters: 0
T_iter: 0.099988 0.081173 0.085026 0.090247 0.096412 0.083621 0.083961 0.093715 0.087235 0.081732 
T_stage 0: 0.013874 0.013769 0.014341 0.014754 0.013550 0.014369 0.015186 0.013778 0.013321 0.016093 
T_stage 1: 0.085762 0.067518 0.071599 0.076659 0.082216 0.070252 0.070545 0.079760 0.073742 0.068284 
Config: granularity=100000, SDR=1000, ADR=0, Rigid=1, Capture_Method=0
Stage 0: PT=0, T_stage=0.012350, bytes=0, T_capped=0
Stage 1: PT=6, T_stage=0.000000, bytes=33176880, T_capped=0
Group 1: Iters=10, Procs=364, Factors=1.000000, Dist=2, RM=0, SM=1, RS=0, SS=0, parents=52, children=0
Async_Iters: 0
T_iter: 0.117680 0.083823 0.287992 0.084688 0.082055 0.082820 0.082461 0.083271 0.081128 0.081344 
T_stage 0: 0.023676 0.018023 0.017995 0.019518 0.019339 0.019208 0.017990 0.018854 0.017945 0.019281 
T_stage 1: 0.091910 0.065115 0.269779 0.066547 0.063976 0.064672 0.064235 0.063563 0.062992 0.063283 
Config: granularity=100000, SDR=1000, ADR=0, Rigid=1, Capture_Method=0
Stage 0: PT=0, T_stage=0.012350, bytes=0, T_capped=0
Stage 1: PT=6, T_stage=0.000000, bytes=33176880, T_capped=0
Group 1: Iters=10, Procs=364, Factors=1.000000, Dist=2, RM=0, SM=1, RS=0, SS=0, parents=52, children=0
Async_Iters: 0
T_iter: 0.092980 0.085109 0.080944 0.082411 0.083784 0.084829 0.077843 0.078805 0.078690 0.076632 
T_stage 0: 0.017299 0.013807 0.013603 0.014864 0.016925 0.016296 0.014610 0.015600 0.013413 0.013794 
T_stage 1: 0.079036 0.071537 0.065353 0.068777 0.069294 0.070192 0.063614 0.064164 0.065071 0.062673 
Config: granularity=100000, SDR=1000, ADR=0, Rigid=1, Capture_Method=0
Stage 0: PT=0, T_stage=0.012350, bytes=0, T_capped=0
Stage 1: PT=6, T_stage=0.000000, bytes=33176880, T_capped=0
Group 1: Iters=10, Procs=364, Factors=1.000000, Dist=2, RM=0, SM=1, RS=0, SS=0, parents=52, children=0
Async_Iters: 0
T_iter: 0.101410 0.085121 0.084203 0.086018 0.087129 0.084005 0.090406 0.091881 0.088117 0.083818 
T_stage 0: 0.016915 0.013840 0.013380 0.013909 0.015740 0.015419 0.018820 0.022995 0.015872 0.013496 
T_stage 1: 0.087389 0.071072 0.070686 0.069882 0.073004 0.070516 0.071020 0.070885 0.073595 0.070079 
Config: granularity=100000, SDR=1000, ADR=0, Rigid=1, Capture_Method=0
Stage 0: PT=0, T_stage=0.012350, bytes=0, T_capped=0
Stage 1: PT=6, T_stage=0.000000, bytes=33176880, T_capped=0
Group 1: Iters=10, Procs=364, Factors=1.000000, Dist=2, RM=0, SM=1, RS=0, SS=0, parents=52, children=0
Async_Iters: 0
T_iter: 0.116803 0.084948 0.083417 0.082636 0.084324 0.083596 0.084328 0.083728 0.082597 0.084022 
T_stage 0: 0.023526 0.015860 0.014758 0.014619 0.016092 0.013705 0.015138 0.013479 0.013405 0.015220 
T_stage 1: 0.093072 0.070341 0.069848 0.068960 0.070575 0.069952 0.070163 0.070114 0.068952 0.070088 
Config: granularity=100000, SDR=1000, ADR=0, Rigid=1, Capture_Method=0
Stage 0: PT=0, T_stage=0.012350, bytes=0, T_capped=0
Stage 1: PT=6, T_stage=0.000000, bytes=33176880, T_capped=0
Group 1: Iters=10, Procs=364, Factors=1.000000, Dist=2, RM=0, SM=1, RS=0, SS=0, parents=52, children=0
Async_Iters: 0
T_iter: 0.129822 0.083913 0.088057 0.079381 0.291424 0.078915 0.081653 0.077653 0.082287 0.077299 
T_stage 0: 0.031112 0.015312 0.013780 0.014857 0.014942 0.013871 0.015003 0.013774 0.015152 0.013530 
T_stage 1: 0.100492 0.070202 0.074537 0.065936 0.277569 0.065258 0.067599 0.064079 0.068413 0.063686 
Config: granularity=100000, SDR=1000, ADR=0, Rigid=1, Capture_Method=0
Stage 0: PT=0, T_stage=0.012350, bytes=0, T_capped=0
Stage 1: PT=6, T_stage=0.000000, bytes=33176880, T_capped=0
Group 1: Iters=10, Procs=364, Factors=1.000000, Dist=2, RM=0, SM=1, RS=0, SS=0, parents=52, children=0
Async_Iters: 0
T_iter: 0.110473 0.083662 0.087009 0.083814 0.077682 0.084911 0.080789 0.081069 0.078945 0.080785 
T_stage 0: 0.016632 0.015913 0.013767 0.013769 0.013907 0.015366 0.014641 0.013201 0.013270 0.014625 
T_stage 1: 0.096535 0.069520 0.073362 0.069789 0.064329 0.071529 0.066786 0.067605 0.065542 0.067381 
Config: granularity=100000, SDR=1000, ADR=0, Rigid=1, Capture_Method=0
Stage 0: PT=0, T_stage=0.012350, bytes=0, T_capped=0
Stage 1: PT=6, T_stage=0.000000, bytes=33176880, T_capped=0
Group 1: Iters=10, Procs=364, Factors=1.000000, Dist=2, RM=0, SM=1, RS=0, SS=0, parents=52, children=0
Async_Iters: 0
T_iter: 0.098568 0.084350 0.080012 0.081227 0.080899 0.289242 0.079588 0.079836 0.078661 0.078822 
T_stage 0: 0.013719 0.016114 0.016689 0.014924 0.013347 0.014556 0.015304 0.015549 0.014500 0.013244 
T_stage 1: 0.083538 0.070365 0.066392 0.067222 0.067286 0.275637 0.065777 0.066368 0.065257 0.064863 
Config: granularity=100000, SDR=1000, ADR=0, Rigid=1, Capture_Method=0
Stage 0: PT=0, T_stage=0.012350, bytes=0, T_capped=0
Stage 1: PT=6, T_stage=0.000000, bytes=33176880, T_capped=0
Group 1: Iters=10, Procs=364, Factors=1.000000, Dist=2, RM=0, SM=1, RS=0, SS=0, parents=52, children=0
Async_Iters: 0
T_iter: 0.183159 0.282260 0.085389 0.079943 0.076246 0.081956 0.082193 0.085102 0.075998 0.282763 
T_stage 0: 0.034998 0.014892 0.014623 0.014974 0.015532 0.014023 0.013784 0.014749 0.013414 0.013264 
T_stage 1: 0.147693 0.268166 0.069420 0.065984 0.062206 0.068512 0.068831 0.071699 0.062432 0.269280 
Config: granularity=100000, SDR=1000, ADR=0, Rigid=1, Capture_Method=0
Stage 0: PT=0, T_stage=0.012350, bytes=0, T_capped=0
Stage 1: PT=6, T_stage=0.000000, bytes=33176880, T_capped=0
Group 1: Iters=10, Procs=364, Factors=1.000000, Dist=2, RM=0, SM=1, RS=0, SS=0, parents=52, children=0
Async_Iters: 0
T_iter: 0.102905 0.080807 0.080088 0.078618 0.082013 0.082729 0.087478 0.077078 0.082372 0.081165 
T_stage 0: 0.014127 0.014362 0.017022 0.015618 0.014101 0.013457 0.014539 0.013694 0.015897 0.013245 
T_stage 1: 0.088444 0.067299 0.066196 0.065001 0.068058 0.068792 0.073633 0.063158 0.068986 0.067723 
Config: granularity=100000, SDR=1000, ADR=0, Rigid=1, Capture_Method=0
Stage 0: PT=0, T_stage=0.012350, bytes=0, T_capped=0
Stage 1: PT=6, T_stage=0.000000, bytes=33176880, T_capped=0
Group 1: Iters=10, Procs=364, Factors=1.000000, Dist=2, RM=0, SM=1, RS=0, SS=0, parents=52, children=0
Async_Iters: 0
T_iter: 0.100007 0.088380 0.080903 0.081184 0.086218 0.085608 0.079792 0.080795 0.078660 0.085493 
T_stage 0: 0.016481 0.014044 0.014907 0.015617 0.013830 0.015203 0.014523 0.015543 0.015994 0.015380 
T_stage 1: 0.085521 0.074385 0.066899 0.067162 0.072322 0.071582 0.065866 0.066261 0.064658 0.071556 
Config: granularity=100000, SDR=1000, ADR=0, Rigid=1, Capture_Method=0
Stage 0: PT=0, T_stage=0.012350, bytes=0, T_capped=0
Stage 1: PT=6, T_stage=0.000000, bytes=33176880, T_capped=0
Group 1: Iters=10, Procs=364, Factors=1.000000, Dist=2, RM=0, SM=1, RS=0, SS=0, parents=52, children=0
Async_Iters: 0
T_iter: 0.120205 0.089188 0.084671 0.087210 0.087026 0.084648 0.084436 0.084119 0.288692 0.084390 
T_stage 0: 0.026902 0.015129 0.013529 0.014606 0.016730 0.014662 0.015195 0.013234 0.014898 0.014124 
T_stage 1: 0.093058 0.073671 0.071103 0.073757 0.071877 0.070668 0.070936 0.070613 0.274893 0.070922 
