Config: granularity=100000, SDR=1000, ADR=0, Rigid=1, Capture_Method=0
Stage 0: PT=0, T_stage=0.012350, bytes=0, T_capped=0
Stage 1: PT=6, T_stage=0.000000, bytes=33176880, T_capped=0
Group 1: Iters=10, Procs=364, Factors=1.000000, Dist=2, RM=0, SM=1, RS=0, SS=0, parents=104, children=0
Async_Iters: 0
T_iter: 0.313457 0.083411 0.082826 0.079131 0.084016 0.097943 0.083919 0.082939 0.098313 0.078616 
T_stage 0: 0.028473 0.016007 0.015601 0.015282 0.013732 0.022720 0.013815 0.015722 0.014787 0.013531 
T_stage 1: 0.288038 0.069518 0.068675 0.065647 0.070013 0.080801 0.069728 0.069390 0.084726 0.065022 
Config: granularity=100000, SDR=1000, ADR=0, Rigid=1, Capture_Method=0
Stage 0: PT=0, T_stage=0.012350, bytes=0, T_capped=0
Stage 1: PT=6, T_stage=0.000000, bytes=33176880, T_capped=0
Group 1: Iters=10, Procs=364, Factors=1.000000, Dist=2, RM=0, SM=1, RS=0, SS=0, parents=104, children=0
Async_Iters: 0
T_iter: 0.191651 0.081958 0.087044 0.079426 0.081936 0.079031 0.078452 0.082882 0.081432 0.082533 
T_stage 0: 0.043050 0.014621 0.014818 0.014709 0.013981 0.013281 0.013716 0.016114 0.013872 0.013776 
T_stage 1: 0.147428 0.068074 0.072962 0.065880 0.068268 0.065546 0.064972 0.069313 0.067534 0.068503 
Config: granularity=100000, SDR=1000, ADR=0, Rigid=1, Capture_Method=0
Stage 0: PT=0, T_stage=0.012350, bytes=0, T_capped=0
Stage 1: PT=6, T_stage=0.000000, bytes=33176880, T_capped=0
Group 1: Iters=10, Procs=364, Factors=1.000000, Dist=2, RM=0, SM=1, RS=0, SS=0, parents=104, children=0
Async_Iters: 0
T_iter: 0.117023 0.082264 0.078452 0.277011 0.082644 0.080652 0.101101 0.085549 0.074608 0.077766 
T_stage 0: 0.034612 0.013775 0.016276 0.016174 0.014458 0.014509 0.020731 0.020928 0.015327 0.013749 
T_stage 1: 0.082150 0.067721 0.065102 0.262668 0.068842 0.067212 0.075824 0.065270 0.061103 0.063991 
Config: granularity=100000, SDR=1000, ADR=0, Rigid=1, Capture_Method=0
Stage 0: PT=0, T_stage=0.012350, bytes=0, T_capped=0
Stage 1: PT=6, T_stage=0.000000, bytes=33176880, T_capped=0
Group 1: Iters=10, Procs=364, Factors=1.000000, Dist=2, RM=0, SM=1, RS=0, SS=0, parents=104, children=0
Async_Iters: 0
T_iter: 0.123060 0.081605 0.084170 0.077969 0.079475 0.077701 0.079377 0.078415 0.078846 0.093540 
T_stage 0: 0.027094 0.015973 0.016124 0.013705 0.016264 0.014695 0.013442 0.013534 0.013443 0.013786 
T_stage 1: 0.095225 0.067455 0.070176 0.064335 0.065900 0.064098 0.065773 0.064707 0.064682 0.079889 
Config: granularity=100000, SDR=1000, ADR=0, Rigid=1, Capture_Method=0
Stage 0: PT=0, T_stage=0.012350, bytes=0, T_capped=0
Stage 1: PT=6, T_stage=0.000000, bytes=33176880, T_capped=0
Group 1: Iters=10, Procs=364, Factors=1.000000, Dist=2, RM=0, SM=1, RS=0, SS=0, parents=104, children=0
Async_Iters: 0
T_iter: 0.286330 0.123203 0.078334 0.079264 0.078180 0.076817 0.085752 0.076056 0.077609 0.078782 
T_stage 0: 0.058268 0.031881 0.013791 0.013714 0.013284 0.014299 0.015152 0.015280 0.015070 0.015390 
T_stage 1: 0.227429 0.093894 0.064889 0.065302 0.064708 0.063382 0.072330 0.062665 0.063922 0.065220 
Config: granularity=100000, SDR=1000, ADR=0, Rigid=1, Capture_Method=0
Stage 0: PT=0, T_stage=0.012350, bytes=0, T_capped=0
Stage 1: PT=6, T_stage=0.000000, bytes=33176880, T_capped=0
Group 1: Iters=10, Procs=364, Factors=1.000000, Dist=2, RM=0, SM=1, RS=0, SS=0, parents=104, children=0
Async_Iters: 0
T_iter: 0.224056 0.152376 0.085417 0.287784 0.088641 0.079750 0.079918 0.079022 0.081879 0.082158 
T_stage 0: 0.045999 0.048845 0.013741 0.015426 0.013788 0.014014 0.013728 0.013652 0.014604 0.013727 
T_stage 1: 0.167504 0.103628 0.072097 0.274217 0.075152 0.066381 0.066524 0.065396 0.068502 0.068437 
Config: granularity=100000, SDR=1000, ADR=0, Rigid=1, Capture_Method=0
Stage 0: PT=0, T_stage=0.012350, bytes=0, T_capped=0
Stage 1: PT=6, T_stage=0.000000, bytes=33176880, T_capped=0
Group 1: Iters=10, Procs=364, Factors=1.000000, Dist=2, RM=0, SM=1, RS=0, SS=0, parents=104, children=0
Async_Iters: 0
T_iter: 0.216714 0.083224 0.086901 0.083737 0.081656 0.086527 0.084973 0.081467 0.082548 0.284093 
T_stage 0: 0.036306 0.013985 0.013741 0.013799 0.013662 0.014855 0.013293 0.013503 0.014023 0.013393 
T_stage 1: 0.179642 0.069328 0.073341 0.069758 0.068053 0.073066 0.071196 0.067979 0.069063 0.270498 
Config: granularity=100000, SDR=1000, ADR=0, Rigid=1, Capture_Method=0
Stage 0: PT=0, T_stage=0.012350, bytes=0, T_capped=0
Stage 1: PT=6, T_stage=0.000000, bytes=33176880, T_capped=0
Group 1: Iters=10, Procs=364, Factors=1.000000, Dist=2, RM=0, SM=1, RS=0, SS=0, parents=104, children=0
Async_Iters: 0
T_iter: 0.136648 0.083465 0.088410 0.077483 0.078750 0.079182 0.076663 0.077892 0.079006 0.087592 
T_stage 0: 0.032016 0.016034 0.015743 0.013773 0.014327 0.014602 0.014853 0.013606 0.015303 0.014700 
T_stage 1: 0.107231 0.069727 0.074702 0.063681 0.064512 0.065523 0.062886 0.064146 0.065284 0.073805 
Config: granularity=100000, SDR=1000, ADR=0, Rigid=1, Capture_Method=0
Stage 0: PT=0, T_stage=0.012350, bytes=0, T_capped=0
Stage 1: PT=6, T_stage=0.000000, bytes=33176880, T_capped=0
Group 1: Iters=10, Procs=364, Factors=1.000000, Dist=2, RM=0, SM=1, RS=0, SS=0, parents=104, children=0
Async_Iters: 0
T_iter: 0.140117 0.080030 0.082307 0.078025 0.079561 0.079318 0.078908 0.077963 0.087541 0.083003 
T_stage 0: 0.030064 0.021561 0.014503 0.014312 0.015717 0.015148 0.015301 0.014769 0.013567 0.020138 
T_stage 1: 0.111915 0.066141 0.068480 0.064175 0.065193 0.065431 0.064619 0.064206 0.073167 0.063432 
Config: granularity=100000, SDR=1000, ADR=0, Rigid=1, Capture_Method=0
Stage 0: PT=0, T_stage=0.012350, bytes=0, T_capped=0
Stage 1: PT=6, T_stage=0.000000, bytes=33176880, T_capped=0
Group 1: Iters=10, Procs=364, Factors=1.000000, Dist=2, RM=0, SM=1, RS=0, SS=0, parents=104, children=0
Async_Iters: 0
T_iter: 0.182223 0.090928 0.082486 0.078987 0.077588 0.080739 0.078908 0.091516 0.080886 0.078204 
T_stage 0: 0.047121 0.014841 0.013797 0.014659 0.013998 0.013207 0.014499 0.013306 0.013358 0.015227 
T_stage 1: 0.133904 0.077462 0.069128 0.065349 0.063461 0.067345 0.065512 0.077971 0.067353 0.064767 
Config: granularity=100000, SDR=1000, ADR=0, Rigid=1, Capture_Method=0
Stage 0: PT=0, T_stage=0.012350, bytes=0, T_capped=0
Stage 1: PT=6, T_stage=0.000000, bytes=33176880, T_capped=0
Group 1: Iters=10, Procs=364, Factors=1.000000, Dist=2, RM=0, SM=1, RS=0, SS=0, parents=104, children=0
Async_Iters: 0
T_iter: 0.135152 0.097195 0.088840 0.081472 0.080674 0.079156 0.080540 0.080448 0.090005 0.078988 
T_stage 0: 0.033856 0.018789 0.018323 0.014092 0.016577 0.014425 0.014523 0.014767 0.013394 0.014279 
T_stage 1: 0.105628 0.079332 0.075506 0.067137 0.066453 0.065761 0.066474 0.066529 0.075900 0.065496 
Config: granularity=100000, SDR=1000, ADR=0, Rigid=1, Capture_Method=0
Stage 0: PT=0, T_stage=0.012350, bytes=0, T_capped=0
Stage 1: PT=6, T_stage=0.000000, bytes=33176880, T_capped=0
Group 1: Iters=10, Procs=364, Factors=1.000000, Dist=2, RM=0, SM=1, RS=0, SS=0, parents=104, children=0
Async_Iters: 0
T_iter: 0.126540 0.079970 0.282723 0.082470 0.080023 0.074679 0.079389 0.284093 0.083353 0.282852 
T_stage 0: 0.031094 0.014657 0.014569 0.016423 0.013790 0.015358 0.014446 0.013934 0.014817 0.014462 
T_stage 1: 0.098756 0.065959 0.268979 0.068368 0.066569 0.061219 0.064935 0.269424 0.069951 0.269220 
Config: granularity=100000, SDR=1000, ADR=0, Rigid=1, Capture_Method=0
Stage 0: PT=0, T_stage=0.012350, bytes=0, T_capped=0
Stage 1: PT=6, T_stage=0.000000, bytes=33176880, T_capped=0
Group 1: Iters=10, Procs=364, Factors=1.000000, Dist=2, RM=0, SM=1, RS=0, SS=0, parents=104, children=0
Async_Iters: 0
T_iter: 0.110409 0.081556 0.087130 0.082002 0.286626 0.081965 0.086581 0.077432 0.081926 0.076129 
T_stage 0: 0.020893 0.013814 0.015366 0.015483 0.015561 0.016301 0.014238 0.013781 0.013464 0.014825 
T_stage 1: 0.089478 0.067677 0.072928 0.068102 0.272681 0.068518 0.071749 0.063942 0.068472 0.062772 
Config: granularity=100000, SDR=1000, ADR=0, Rigid=1, Capture_Method=0
Stage 0: PT=0, T_stage=0.012350, bytes=0, T_capped=0
Stage 1: PT=6, T_stage=0.000000, bytes=33176880, T_capped=0
Group 1: Iters=10, Procs=364, Factors=1.000000, Dist=2, RM=0, SM=1, RS=0, SS=0, parents=104, children=0
Async_Iters: 0
T_iter: 0.201121 0.083125 0.079586 0.083344 0.080069 0.081103 0.076952 0.078769 0.079058 0.082315 
T_stage 0: 0.044668 0.014583 0.015827 0.015577 0.015373 0.013741 0.013749 0.013807 0.013355 0.014716 
T_stage 1: 0.156204 0.069613 0.065662 0.069945 0.066149 0.067181 0.063086 0.065303 0.065536 0.068826 
Config: granularity=100000, SDR=1000, ADR=0, Rigid=1, Capture_Method=0
Stage 0: PT=0, T_stage=0.012350, bytes=0, T_capped=0
Stage 1: PT=6, T_stage=0.000000, bytes=33176880, T_capped=0
Group 1: Iters=10, Procs=364, Factors=1.000000, Dist=2, RM=0, SM=1, RS=0, SS=0, parents=104, children=0
Async_Iters: 0
T_iter: 0.118306 0.082868 0.089762 0.084163 0.087648 0.083057 0.077923 0.084478 0.077661 0.078183 
T_stage 0: 0.031476 0.015244 0.015330 0.013900 0.015371 0.013330 0.015598 0.020718 0.014460 0.014995 
T_stage 1: 0.092869 0.068662 0.075841 0.070237 0.074209 0.069058 0.064063 0.066230 0.064029 0.064568 
Config: granularity=100000, SDR=1000, ADR=0, Rigid=1, Capture_Method=0
Stage 0: PT=0, T_stage=0.012350, bytes=0, T_capped=0
Stage 1: PT=6, T_stage=0.000000, bytes=33176880, T_capped=0
Group 1: Iters=10, Procs=364, Factors=1.000000, Dist=2, RM=0, SM=1, RS=0, SS=0, parents=104, children=0
Async_Iters: 0
T_iter: 0.138115 0.082553 0.092983 0.081066 0.078053 0.085780 0.077627 0.110334 0.078591 0.078895 
T_stage 0: 0.043188 0.013790 0.015236 0.014664 0.014338 0.013274 0.016256 0.014649 0.013230 0.015438 
T_stage 1: 0.094756 0.068613 0.079519 0.066217 0.064639 0.071030 0.064011 0.096919 0.064723 0.065504 
Config: granularity=100000, SDR=1000, ADR=0, Rigid=1, Capture_Method=0
Stage 0: PT=0, T_stage=0.012350, bytes=0, T_capped=0
Stage 1: PT=6, T_stage=0.000000, bytes=33176880, T_capped=0
Group 1: Iters=10, Procs=364, Factors=1.000000, Dist=2, RM=0, SM=1, RS=0, SS=0, parents=104, children=0
Async_Iters: 0
T_iter: 0.206729 0.085556 0.083665 0.081868 0.084138 0.082444 0.079545 0.077787 0.082453 0.075854 
T_stage 0: 0.032314 0.013711 0.017889 0.019556 0.014917 0.014963 0.014317 0.015067 0.013750 0.013377 
T_stage 1: 0.175917 0.071603 0.066746 0.063468 0.070541 0.068948 0.064118 0.064331 0.069123 0.062387 
Config: granularity=100000, SDR=1000, ADR=0, Rigid=1, Capture_Method=0
Stage 0: PT=0, T_stage=0.012350, bytes=0, T_capped=0
Stage 1: PT=6, T_stage=0.000000, bytes=33176880, T_capped=0
Group 1: Iters=10, Procs=364, Factors=1.000000, Dist=2, RM=0, SM=1, RS=0, SS=0, parents=104, children=0
Async_Iters: 0
T_iter: 0.165538 0.084621 0.085253 0.078405 0.081451 0.084359 0.077294 0.079072 0.279744 0.080684 
T_stage 0: 0.061285 0.016747 0.014429 0.014261 0.015316 0.016285 0.014926 0.014913 0.013798 0.016104 
T_stage 1: 0.112151 0.070313 0.070951 0.064550 0.067526 0.070586 0.063420 0.064846 0.265190 0.066679 
Config: granularity=100000, SDR=1000, ADR=0, Rigid=1, Capture_Method=0
Stage 0: PT=0, T_stage=0.012350, bytes=0, T_capped=0
Stage 1: PT=6, T_stage=0.000000, bytes=33176880, T_capped=0
Group 1: Iters=10, Procs=364, Factors=1.000000, Dist=2, RM=0, SM=1, RS=0, SS=0, parents=104, children=0
Async_Iters: 0
T_iter: 0.102540 0.080628 0.085982 0.287065 0.283324 0.080374 0.078309 0.078256 0.086874 0.281555 
T_stage 0: 0.021992 0.015221 0.015938 0.014441 0.013369 0.014122 0.014454 0.014730 0.013896 0.013674 
T_stage 1: 0.079844 0.067106 0.072462 0.273594 0.269934 0.066820 0.064736 0.064822 0.072937 0.267895 
Config: granularity=100000, SDR=1000, ADR=0, Rigid=1, Capture_Method=0
Stage 0: PT=0, T_stage=0.012350, bytes=0, T_capped=0
Stage 1: PT=6, T_stage=0.000000, bytes=33176880, T_capped=0
Group 1: Iters=10, Procs=364, Factors=1.000000, Dist=2, RM=0, SM=1, RS=0, SS=0, parents=104, children=0
Async_Iters: 0
T_iter: 0.153568 0.092105 0.080055 0.082537 0.076179 0.079262 0.078621 0.078498 0.076198 0.076354 
T_stage 0: 0.031941 0.017309 0.013914 0.015278 0.014733 0.015331 0.015199 0.013213 0.015599 0.014026 
T_stage 1: 0.124221 0.078479 0.066623 0.069102 0.062821 0.065881 0.065317 0.064510 0.062905 0.062922 
