Config: granularity=100000, SDR=1000, ADR=0, Rigid=1, Capture_Method=0
Stage 0: PT=0, T_stage=0.012350, bytes=0, T_capped=0
Stage 1: PT=6, T_stage=0.000000, bytes=33176880, T_capped=0
Group 1: Iters=10, Procs=364, Factors=1.000000, Dist=2, RM=0, SM=1, RS=0, SS=0, parents=156, children=0
Async_Iters: 0
T_iter: 0.164195 0.089195 0.083969 0.081419 0.079030 0.079819 0.079160 0.078762 0.280131 0.079817 
T_stage 0: 0.046009 0.015492 0.014295 0.013834 0.014658 0.015303 0.014360 0.013664 0.014388 0.014320 
T_stage 1: 0.121358 0.074437 0.070048 0.067275 0.065213 0.066015 0.065382 0.064949 0.266253 0.065256 
Config: granularity=100000, SDR=1000, ADR=0, Rigid=1, Capture_Method=0
Stage 0: PT=0, T_stage=0.012350, bytes=0, T_capped=0
Stage 1: PT=6, T_stage=0.000000, bytes=33176880, T_capped=0
Group 1: Iters=10, Procs=364, Factors=1.000000, Dist=2, RM=0, SM=1, RS=0, SS=0, parents=156, children=0
Async_Iters: 0
T_iter: 0.194443 0.102446 0.101270 0.102156 0.099717 0.100909 0.100323 0.101453 0.102909 0.101683 
T_stage 0: 0.043118 0.016562 0.013929 0.015530 0.013316 0.013249 0.014541 0.016136 0.014974 0.014474 
T_stage 1: 0.150539 0.088963 0.087865 0.088450 0.086216 0.087463 0.086914 0.088086 0.089006 0.088250 
Config: granularity=100000, SDR=1000, ADR=0, Rigid=1, Capture_Method=0
Stage 0: PT=0, T_stage=0.012350, bytes=0, T_capped=0
Stage 1: PT=6, T_stage=0.000000, bytes=33176880, T_capped=0
Group 1: Iters=10, Procs=364, Factors=1.000000, Dist=2, RM=0, SM=1, RS=0, SS=0, parents=156, children=0
Async_Iters: 0
T_iter: 0.213495 0.309927 0.081515 0.084278 0.286753 0.084212 0.284725 0.080436 0.080543 0.080331 
T_stage 0: 0.056008 0.032042 0.016073 0.015025 0.016152 0.015671 0.015013 0.013541 0.015335 0.014744 
T_stage 1: 0.158702 0.280501 0.067961 0.069136 0.273426 0.070700 0.271062 0.066742 0.067109 0.066835 
Config: granularity=100000, SDR=1000, ADR=0, Rigid=1, Capture_Method=0
Stage 0: PT=0, T_stage=0.012350, bytes=0, T_capped=0
Stage 1: PT=6, T_stage=0.000000, bytes=33176880, T_capped=0
Group 1: Iters=10, Procs=364, Factors=1.000000, Dist=2, RM=0, SM=1, RS=0, SS=0, parents=156, children=0
Async_Iters: 0
T_iter: 0.220770 0.334261 0.079557 0.284216 0.085647 0.079656 0.085372 0.082621 0.077697 0.078211 
T_stage 0: 0.049373 0.032214 0.014051 0.224577 0.015817 0.014736 0.015698 0.014805 0.016430 0.015284 
T_stage 1: 0.155786 0.304160 0.065871 0.270387 0.072166 0.065295 0.071880 0.069231 0.064205 0.064624 
Config: granularity=100000, SDR=1000, ADR=0, Rigid=1, Capture_Method=0
Stage 0: PT=0, T_stage=0.012350, bytes=0, T_capped=0
Stage 1: PT=6, T_stage=0.000000, bytes=33176880, T_capped=0
Group 1: Iters=10, Procs=364, Factors=1.000000, Dist=2, RM=0, SM=1, RS=0, SS=0, parents=156, children=0
Async_Iters: 0
T_iter: 0.186435 0.084148 0.078808 0.077382 0.077961 0.079103 0.076992 0.076948 0.080888 0.084894 
T_stage 0: 0.032024 0.017056 0.013575 0.013816 0.014747 0.014840 0.013245 0.013941 0.014493 0.014364 
T_stage 1: 0.155923 0.067183 0.065241 0.063757 0.063977 0.065753 0.063622 0.063541 0.067162 0.071423 
Config: granularity=100000, SDR=1000, ADR=0, Rigid=1, Capture_Method=0
Stage 0: PT=0, T_stage=0.012350, bytes=0, T_capped=0
Stage 1: PT=6, T_stage=0.000000, bytes=33176880, T_capped=0
Group 1: Iters=10, Procs=364, Factors=1.000000, Dist=2, RM=0, SM=1, RS=0, SS=0, parents=156, children=0
Async_Iters: 0
T_iter: 0.150260 0.084268 0.081276 0.078829 0.080805 0.081104 0.081533 0.087866 0.080549 0.080237 
T_stage 0: 0.061614 0.015899 0.016852 0.016330 0.013372 0.013284 0.013790 0.022693 0.013914 0.013820 
T_stage 1: 0.103039 0.070369 0.067854 0.065435 0.066807 0.067068 0.067559 0.067049 0.067116 0.066791 
Config: granularity=100000, SDR=1000, ADR=0, Rigid=1, Capture_Method=0
Stage 0: PT=0, T_stage=0.012350, bytes=0, T_capped=0
Stage 1: PT=6, T_stage=0.000000, bytes=33176880, T_capped=0
Group 1: Iters=10, Procs=364, Factors=1.000000, Dist=2, RM=0, SM=1, RS=0, SS=0, parents=156, children=0
Async_Iters: 0
T_iter: 0.308641 0.083674 0.081352 0.078631 0.494010 0.089250 0.086837 0.298207 0.079588 0.078266 
T_stage 0: 0.026340 0.015731 0.015845 0.013368 0.015667 0.013400 0.018559 0.019985 0.014572 0.013731 
T_stage 1: 0.282177 0.070181 0.067822 0.065236 0.480547 0.075723 0.072302 0.279787 0.066195 0.064864 
Config: granularity=100000, SDR=1000, ADR=0, Rigid=1, Capture_Method=0
Stage 0: PT=0, T_stage=0.012350, bytes=0, T_capped=0
Stage 1: PT=6, T_stage=0.000000, bytes=33176880, T_capped=0
Group 1: Iters=10, Procs=364, Factors=1.000000, Dist=2, RM=0, SM=1, RS=0, SS=0, parents=156, children=0
Async_Iters: 0
T_iter: 0.196354 0.084027 0.080544 0.077445 0.077467 0.081034 0.076219 0.081803 0.081418 0.089865 
T_stage 0: 0.064792 0.016044 0.013969 0.015623 0.015031 0.014142 0.014415 0.013836 0.013246 0.013356 
T_stage 1: 0.152753 0.070115 0.066579 0.063347 0.063525 0.067649 0.062724 0.067863 0.068006 0.075958 
Config: granularity=100000, SDR=1000, ADR=0, Rigid=1, Capture_Method=0
Stage 0: PT=0, T_stage=0.012350, bytes=0, T_capped=0
Stage 1: PT=6, T_stage=0.000000, bytes=33176880, T_capped=0
Group 1: Iters=10, Procs=364, Factors=1.000000, Dist=2, RM=0, SM=1, RS=0, SS=0, parents=156, children=0
Async_Iters: 0
T_iter: 0.204589 0.082568 0.078021 0.079538 0.080485 0.291107 0.076281 0.076997 0.077806 0.079531 
T_stage 0: 0.062712 0.015440 0.013858 0.013957 0.015825 0.014123 0.013429 0.013845 0.015681 0.014901 
T_stage 1: 0.165134 0.068203 0.063998 0.065817 0.067017 0.277762 0.062855 0.063577 0.064291 0.066042 
Config: granularity=100000, SDR=1000, ADR=0, Rigid=1, Capture_Method=0
Stage 0: PT=0, T_stage=0.012350, bytes=0, T_capped=0
Stage 1: PT=6, T_stage=0.000000, bytes=33176880, T_capped=0
Group 1: Iters=10, Procs=364, Factors=1.000000, Dist=2, RM=0, SM=1, RS=0, SS=0, parents=156, children=0
Async_Iters: 0
T_iter: 0.182393 0.180401 0.080402 0.079324 0.078335 0.077941 0.081193 0.282934 0.076541 0.076069 
T_stage 0: 0.034887 0.044603 0.014729 0.013719 0.013773 0.016257 0.014639 0.016190 0.014459 0.013594 
T_stage 1: 0.128012 0.125416 0.066940 0.065390 0.064971 0.064531 0.067426 0.268634 0.062843 0.062411 
Config: granularity=100000, SDR=1000, ADR=0, Rigid=1, Capture_Method=0
Stage 0: PT=0, T_stage=0.012350, bytes=0, T_capped=0
Stage 1: PT=6, T_stage=0.000000, bytes=33176880, T_capped=0
Group 1: Iters=10, Procs=364, Factors=1.000000, Dist=2, RM=0, SM=1, RS=0, SS=0, parents=156, children=0
Async_Iters: 0
T_iter: 0.187023 0.100155 0.082898 0.295184 0.083307 0.108969 0.085006 0.088961 0.081567 0.076030 
T_stage 0: 0.034252 0.029218 0.014555 0.019212 0.014123 0.017887 0.015058 0.013321 0.016786 0.014810 
T_stage 1: 0.142225 0.070182 0.068964 0.276340 0.069834 0.091822 0.071518 0.075455 0.064843 0.062042 
Config: granularity=100000, SDR=1000, ADR=0, Rigid=1, Capture_Method=0
Stage 0: PT=0, T_stage=0.012350, bytes=0, T_capped=0
Stage 1: PT=6, T_stage=0.000000, bytes=33176880, T_capped=0
Group 1: Iters=10, Procs=364, Factors=1.000000, Dist=2, RM=0, SM=1, RS=0, SS=0, parents=156, children=0
Async_Iters: 0
T_iter: 0.158085 0.083843 0.092158 0.292088 0.081613 0.082461 0.077616 0.085999 0.279376 0.081520 
T_stage 0: 0.055999 0.015269 0.013902 0.015875 0.016497 0.015567 0.014483 0.013375 0.015028 0.013435 
T_stage 1: 0.109520 0.070020 0.077999 0.278680 0.067611 0.068401 0.063986 0.072534 0.264187 0.067451 
Config: granularity=100000, SDR=1000, ADR=0, Rigid=1, Capture_Method=0
Stage 0: PT=0, T_stage=0.012350, bytes=0, T_capped=0
Stage 1: PT=6, T_stage=0.000000, bytes=33176880, T_capped=0
Group 1: Iters=10, Procs=364, Factors=1.000000, Dist=2, RM=0, SM=1, RS=0, SS=0, parents=156, children=0
Async_Iters: 0
T_iter: 0.193732 0.077565 0.077669 0.078281 0.083605 0.084714 0.076582 0.076117 0.078066 0.080845 
T_stage 0: 0.066483 0.014598 0.014699 0.016338 0.014045 0.015231 0.013342 0.013313 0.013922 0.013322 
T_stage 1: 0.142460 0.063481 0.063985 0.064714 0.070148 0.071238 0.062608 0.062661 0.064521 0.067306 
Config: granularity=100000, SDR=1000, ADR=0, Rigid=1, Capture_Method=0
Stage 0: PT=0, T_stage=0.012350, bytes=0, T_capped=0
Stage 1: PT=6, T_stage=0.000000, bytes=33176880, T_capped=0
Group 1: Iters=10, Procs=364, Factors=1.000000, Dist=2, RM=0, SM=1, RS=0, SS=0, parents=156, children=0
Async_Iters: 0
T_iter: 0.092312 0.085241 0.078569 0.082019 0.082572 0.080849 0.080243 0.077760 0.291736 0.286043 
T_stage 0: 0.013843 0.015219 0.014811 0.016447 0.014803 0.015101 0.017094 0.018178 0.015781 0.013831 
T_stage 1: 0.078201 0.071227 0.064654 0.067679 0.068032 0.065628 0.065934 0.063482 0.277984 0.272206 
Config: granularity=100000, SDR=1000, ADR=0, Rigid=1, Capture_Method=0
Stage 0: PT=0, T_stage=0.012350, bytes=0, T_capped=0
Stage 1: PT=6, T_stage=0.000000, bytes=33176880, T_capped=0
Group 1: Iters=10, Procs=364, Factors=1.000000, Dist=2, RM=0, SM=1, RS=0, SS=0, parents=156, children=0
Async_Iters: 0
T_iter: 0.200801 0.100104 0.099360 0.099279 0.100608 0.100838 0.099705 0.099874 0.100035 0.100006 
T_stage 0: 0.060508 0.013941 0.014972 0.014940 0.014459 0.015768 0.014744 0.013650 0.013618 0.013769 
T_stage 1: 0.155639 0.086201 0.085614 0.085540 0.086267 0.087245 0.085987 0.085982 0.085855 0.086124 
Config: granularity=100000, SDR=1000, ADR=0, Rigid=1, Capture_Method=0
Stage 0: PT=0, T_stage=0.012350, bytes=0, T_capped=0
Stage 1: PT=6, T_stage=0.000000, bytes=33176880, T_capped=0
Group 1: Iters=10, Procs=364, Factors=1.000000, Dist=2, RM=0, SM=1, RS=0, SS=0, parents=156, children=0
Async_Iters: 0
T_iter: 0.186166 0.081951 0.286585 0.279692 0.080636 0.081480 0.078999 0.079167 0.078548 0.080121 
T_stage 0: 0.061221 0.013825 0.013780 0.013259 0.014327 0.013955 0.014066 0.014133 0.014671 0.013311 
T_stage 1: 0.133927 0.068374 0.273080 0.266305 0.067191 0.067933 0.065291 0.065440 0.065053 0.066662 
Config: granularity=100000, SDR=1000, ADR=0, Rigid=1, Capture_Method=0
Stage 0: PT=0, T_stage=0.012350, bytes=0, T_capped=0
Stage 1: PT=6, T_stage=0.000000, bytes=33176880, T_capped=0
Group 1: Iters=10, Procs=364, Factors=1.000000, Dist=2, RM=0, SM=1, RS=0, SS=0, parents=156, children=0
Async_Iters: 0
T_iter: 0.194564 0.101092 0.081131 0.078518 0.081481 0.078922 0.080851 0.077403 0.077967 0.082444 
T_stage 0: 0.040861 0.030224 0.015600 0.015323 0.015236 0.013938 0.015070 0.013350 0.014846 0.014635 
T_stage 1: 0.147952 0.072006 0.067471 0.064464 0.067871 0.065416 0.067389 0.063949 0.064510 0.068524 
Config: granularity=100000, SDR=1000, ADR=0, Rigid=1, Capture_Method=0
Stage 0: PT=0, T_stage=0.012350, bytes=0, T_capped=0
Stage 1: PT=6, T_stage=0.000000, bytes=33176880, T_capped=0
Group 1: Iters=10, Procs=364, Factors=1.000000, Dist=2, RM=0, SM=1, RS=0, SS=0, parents=156, children=0
Async_Iters: 0
T_iter: 0.123726 0.089142 0.077462 0.274908 0.078413 0.082087 0.076826 0.082301 0.078518 0.076563 
T_stage 0: 0.030658 0.015868 0.015470 0.014086 0.015005 0.015244 0.015034 0.013258 0.014439 0.014907 
T_stage 1: 0.094838 0.075711 0.064000 0.261428 0.065030 0.068697 0.063387 0.068954 0.065020 0.063161 
Config: granularity=100000, SDR=1000, ADR=0, Rigid=1, Capture_Method=0
Stage 0: PT=0, T_stage=0.012350, bytes=0, T_capped=0
Stage 1: PT=6, T_stage=0.000000, bytes=33176880, T_capped=0
Group 1: Iters=10, Procs=364, Factors=1.000000, Dist=2, RM=0, SM=1, RS=0, SS=0, parents=156, children=0
Async_Iters: 0
T_iter: 0.164525 0.279723 0.081106 0.081248 0.085775 0.078340 0.076313 0.080137 0.077882 0.079206 
T_stage 0: 0.048494 0.014716 0.013852 0.016019 0.014311 0.016215 0.013886 0.013187 0.014395 0.013275 
T_stage 1: 0.115852 0.266246 0.067617 0.066902 0.072345 0.064948 0.062312 0.066744 0.064440 0.065804 
Config: granularity=100000, SDR=1000, ADR=0, Rigid=1, Capture_Method=0
Stage 0: PT=0, T_stage=0.012350, bytes=0, T_capped=0
Stage 1: PT=6, T_stage=0.000000, bytes=33176880, T_capped=0
Group 1: Iters=10, Procs=364, Factors=1.000000, Dist=2, RM=0, SM=1, RS=0, SS=0, parents=156, children=0
Async_Iters: 0
T_iter: 0.200181 0.090958 0.084115 0.080271 0.279687 0.080816 0.080191 0.082877 0.083230 0.283992 
T_stage 0: 0.078921 0.013994 0.013847 0.014560 0.016345 0.013214 0.014855 0.013781 0.014460 0.014548 
T_stage 1: 0.141903 0.075453 0.070077 0.066781 0.266345 0.067408 0.066721 0.069341 0.069064 0.270593 
