Config: granularity=100000, SDR=1000, ADR=0, Rigid=1, Capture_Method=0
Stage 0: PT=0, T_stage=0.012350, bytes=0, T_capped=0
Stage 1: PT=6, T_stage=0.000000, bytes=33176880, T_capped=0
Group 1: Iters=10, Procs=364, Factors=1.000000, Dist=2, RM=0, SM=1, RS=0, SS=0, parents=208, children=0
Async_Iters: 0
T_iter: 0.199446 0.103481 0.101857 0.101959 0.102255 0.101514 0.102423 0.102445 0.103587 0.101676 
T_stage 0: 0.047083 0.015506 0.014979 0.013864 0.014249 0.013369 0.014616 0.015611 0.014579 0.013502 
T_stage 1: 0.157565 0.089952 0.088118 0.087999 0.087930 0.087633 0.088447 0.088843 0.089257 0.087946 
Config: granularity=100000, SDR=1000, ADR=0, Rigid=1, Capture_Method=0
Stage 0: PT=0, T_stage=0.012350, bytes=0, T_capped=0
Stage 1: PT=6, T_stage=0.000000, bytes=33176880, T_capped=0
Group 1: Iters=10, Procs=364, Factors=1.000000, Dist=2, RM=0, SM=1, RS=0, SS=0, parents=208, children=0
Async_Iters: 0
T_iter: 0.238472 0.113259 0.090024 0.076671 0.091940 0.077496 0.077802 0.076741 0.481711 0.278691 
T_stage 0: 0.058256 0.031884 0.014985 0.013712 0.014594 0.014936 0.014185 0.014676 0.014469 0.013754 
T_stage 1: 0.192315 0.083841 0.075615 0.063202 0.078181 0.063963 0.063787 0.063350 0.468277 0.264792 
Config: granularity=100000, SDR=1000, ADR=0, Rigid=1, Capture_Method=0
Stage 0: PT=0, T_stage=0.012350, bytes=0, T_capped=0
Stage 1: PT=6, T_stage=0.000000, bytes=33176880, T_capped=0
Group 1: Iters=10, Procs=364, Factors=1.000000, Dist=2, RM=0, SM=1, RS=0, SS=0, parents=208, children=0
Async_Iters: 0
T_iter: 0.343065 0.136529 0.089926 0.082981 0.080670 0.078529 0.078261 0.084132 0.079822 0.275492 
T_stage 0: 0.059959 0.032911 0.023036 0.014092 0.014527 0.013261 0.017383 0.015098 0.014856 0.013270 
T_stage 1: 0.286256 0.107394 0.066370 0.069325 0.067141 0.065114 0.064859 0.070720 0.066377 0.262128 
Config: granularity=100000, SDR=1000, ADR=0, Rigid=1, Capture_Method=0
Stage 0: PT=0, T_stage=0.012350, bytes=0, T_capped=0
Stage 1: PT=6, T_stage=0.000000, bytes=33176880, T_capped=0
Group 1: Iters=10, Procs=364, Factors=1.000000, Dist=2, RM=0, SM=1, RS=0, SS=0, parents=208, children=0
Async_Iters: 0
T_iter: 0.214398 0.083303 0.085500 0.079283 0.077974 0.081395 0.280303 0.080115 0.079193 0.081340 
T_stage 0: 0.051447 0.014620 0.016715 0.014774 0.014344 0.014642 0.013655 0.014417 0.013603 0.015165 
T_stage 1: 0.169637 0.068989 0.070982 0.065419 0.064187 0.067565 0.265573 0.066336 0.065408 0.066555 
Config: granularity=100000, SDR=1000, ADR=0, Rigid=1, Capture_Method=0
Stage 0: PT=0, T_stage=0.012350, bytes=0, T_capped=0
Stage 1: PT=6, T_stage=0.000000, bytes=33176880, T_capped=0
Group 1: Iters=10, Procs=364, Factors=1.000000, Dist=2, RM=0, SM=1, RS=0, SS=0, parents=208, children=0
Async_Iters: 0
T_iter: 0.336053 0.382189 0.084666 0.080943 0.077115 0.082248 0.277776 0.078264 0.077901 0.078592 
T_stage 0: 0.064128 0.047991 0.014289 0.014034 0.014515 0.014251 0.013803 0.014532 0.014920 0.014052 
T_stage 1: 0.265987 0.351477 0.070747 0.067564 0.063610 0.068587 0.264174 0.064302 0.064431 0.065159 
Config: granularity=100000, SDR=1000, ADR=0, Rigid=1, Capture_Method=0
Stage 0: PT=0, T_stage=0.012350, bytes=0, T_capped=0
Stage 1: PT=6, T_stage=0.000000, bytes=33176880, T_capped=0
Group 1: Iters=10, Procs=364, Factors=1.000000, Dist=2, RM=0, SM=1, RS=0, SS=0, parents=208, children=0
Async_Iters: 0
T_iter: 0.284924 0.191853 0.131727 0.082603 0.081011 0.077734 0.083774 0.081606 0.079587 0.076693 
T_stage 0: 0.060932 0.032057 0.032519 0.017023 0.013741 0.016750 0.015858 0.014973 0.014339 0.014046 
T_stage 1: 0.220657 0.146800 0.102584 0.067352 0.066994 0.063890 0.069210 0.068100 0.065977 0.063096 
Config: granularity=100000, SDR=1000, ADR=0, Rigid=1, Capture_Method=0
Stage 0: PT=0, T_stage=0.012350, bytes=0, T_capped=0
Stage 1: PT=6, T_stage=0.000000, bytes=33176880, T_capped=0
Group 1: Iters=10, Procs=364, Factors=1.000000, Dist=2, RM=0, SM=1, RS=0, SS=0, parents=208, children=0
Async_Iters: 0
T_iter: 0.350224 0.156098 0.096667 0.081259 0.079052 0.080842 0.077003 0.284965 0.077338 0.078837 
T_stage 0: 0.062449 0.035063 0.030871 0.014819 0.015964 0.014023 0.015196 0.015143 0.014728 0.014818 
T_stage 1: 0.275973 0.105095 0.065614 0.067360 0.065651 0.067479 0.063498 0.271537 0.063902 0.065120 
Config: granularity=100000, SDR=1000, ADR=0, Rigid=1, Capture_Method=0
Stage 0: PT=0, T_stage=0.012350, bytes=0, T_capped=0
Stage 1: PT=6, T_stage=0.000000, bytes=33176880, T_capped=0
Group 1: Iters=10, Procs=364, Factors=1.000000, Dist=2, RM=0, SM=1, RS=0, SS=0, parents=208, children=0
Async_Iters: 0
T_iter: 0.288611 0.163832 0.083144 0.081391 0.078502 0.078219 0.077908 0.083002 0.079335 0.081034 
T_stage 0: 0.072129 0.056250 0.016459 0.015057 0.015252 0.014582 0.014539 0.014742 0.013434 0.015610 
T_stage 1: 0.198904 0.122372 0.067742 0.066278 0.065071 0.064830 0.064433 0.069505 0.064553 0.067162 
Config: granularity=100000, SDR=1000, ADR=0, Rigid=1, Capture_Method=0
Stage 0: PT=0, T_stage=0.012350, bytes=0, T_capped=0
Stage 1: PT=6, T_stage=0.000000, bytes=33176880, T_capped=0
Group 1: Iters=10, Procs=364, Factors=1.000000, Dist=2, RM=0, SM=1, RS=0, SS=0, parents=208, children=0
Async_Iters: 0
T_iter: 0.286802 0.256069 0.095169 0.079952 0.083503 0.084749 0.080531 0.083674 0.079568 0.084285 
T_stage 0: 0.062795 0.032004 0.031232 0.014320 0.014413 0.015784 0.014514 0.019532 0.014007 0.017996 
T_stage 1: 0.219915 0.219996 0.064826 0.065965 0.068720 0.071285 0.066031 0.070196 0.065667 0.069466 
Config: granularity=100000, SDR=1000, ADR=0, Rigid=1, Capture_Method=0
Stage 0: PT=0, T_stage=0.012350, bytes=0, T_capped=0
Stage 1: PT=6, T_stage=0.000000, bytes=33176880, T_capped=0
Group 1: Iters=10, Procs=364, Factors=1.000000, Dist=2, RM=0, SM=1, RS=0, SS=0, parents=208, children=0
Async_Iters: 0
T_iter: 0.216299 0.129998 0.079276 0.085708 0.085100 0.099252 0.093024 0.301651 0.078563 0.084165 
T_stage 0: 0.033419 0.031808 0.014194 0.017115 0.014708 0.013805 0.014728 0.015229 0.014380 0.017125 
T_stage 1: 0.174477 0.098705 0.065002 0.071811 0.070795 0.085847 0.078999 0.283004 0.064809 0.068255 
Config: granularity=100000, SDR=1000, ADR=0, Rigid=1, Capture_Method=0
Stage 0: PT=0, T_stage=0.012350, bytes=0, T_capped=0
Stage 1: PT=6, T_stage=0.000000, bytes=33176880, T_capped=0
Group 1: Iters=10, Procs=364, Factors=1.000000, Dist=2, RM=0, SM=1, RS=0, SS=0, parents=208, children=0
Async_Iters: 0
T_iter: 0.352113 0.219041 0.103371 0.082322 0.087952 0.080926 0.077414 0.079437 0.080002 0.082970 
T_stage 0: 0.080098 0.049876 0.031866 0.014485 0.014533 0.013206 0.013752 0.013952 0.013566 0.018220 
T_stage 1: 0.287999 0.162184 0.074094 0.068080 0.074588 0.067541 0.064053 0.065948 0.066299 0.065727 
Config: granularity=100000, SDR=1000, ADR=0, Rigid=1, Capture_Method=0
Stage 0: PT=0, T_stage=0.012350, bytes=0, T_capped=0
Stage 1: PT=6, T_stage=0.000000, bytes=33176880, T_capped=0
Group 1: Iters=10, Procs=364, Factors=1.000000, Dist=2, RM=0, SM=1, RS=0, SS=0, parents=208, children=0
Async_Iters: 0
T_iter: 0.560004 0.196052 0.118379 0.081608 0.080487 0.076858 0.280251 0.134154 0.081214 0.082961 
T_stage 0: 0.084616 0.032069 0.032346 0.016666 0.015497 0.014394 0.014180 0.032621 0.017440 0.018956 
T_stage 1: 0.483970 0.156970 0.089096 0.065388 0.066515 0.063230 0.263808 0.103624 0.063550 0.064705 
Config: granularity=100000, SDR=1000, ADR=0, Rigid=1, Capture_Method=0
Stage 0: PT=0, T_stage=0.012350, bytes=0, T_capped=0
Stage 1: PT=6, T_stage=0.000000, bytes=33176880, T_capped=0
Group 1: Iters=10, Procs=364, Factors=1.000000, Dist=2, RM=0, SM=1, RS=0, SS=0, parents=208, children=0
Async_Iters: 0
T_iter: 0.379747 0.277895 0.082596 0.079506 0.079039 0.079498 0.082866 0.078962 0.084423 0.079189 
T_stage 0: 0.056053 0.014294 0.017290 0.016537 0.015100 0.016572 0.013314 0.013965 0.014914 0.014280 
T_stage 1: 0.337795 0.264470 0.068503 0.065992 0.065442 0.065603 0.069309 0.065499 0.070961 0.065746 
Config: granularity=100000, SDR=1000, ADR=0, Rigid=1, Capture_Method=0
Stage 0: PT=0, T_stage=0.012350, bytes=0, T_capped=0
Stage 1: PT=6, T_stage=0.000000, bytes=33176880, T_capped=0
Group 1: Iters=10, Procs=364, Factors=1.000000, Dist=2, RM=0, SM=1, RS=0, SS=0, parents=208, children=0
Async_Iters: 0
T_iter: 0.220004 0.122437 0.089696 0.080339 0.080907 0.079744 0.081183 0.080353 0.080256 0.079917 
T_stage 0: 0.037201 0.031920 0.013803 0.015968 0.015256 0.014925 0.013669 0.014079 0.013769 0.014675 
T_stage 1: 0.176239 0.092472 0.076193 0.066890 0.067455 0.066203 0.067764 0.066921 0.066245 0.066054 
Config: granularity=100000, SDR=1000, ADR=0, Rigid=1, Capture_Method=0
Stage 0: PT=0, T_stage=0.012350, bytes=0, T_capped=0
Stage 1: PT=6, T_stage=0.000000, bytes=33176880, T_capped=0
Group 1: Iters=10, Procs=364, Factors=1.000000, Dist=2, RM=0, SM=1, RS=0, SS=0, parents=208, children=0
Async_Iters: 0
T_iter: 0.211364 0.187659 0.145512 0.104666 0.101514 0.101813 0.101715 0.301745 0.100691 0.100276 
T_stage 0: 0.051063 0.031762 0.031872 0.015916 0.013248 0.013372 0.014029 0.022971 0.013813 0.015011 
T_stage 1: 0.160306 0.142862 0.116301 0.091196 0.088052 0.088094 0.088049 0.279053 0.086722 0.086749 
Config: granularity=100000, SDR=1000, ADR=0, Rigid=1, Capture_Method=0
Stage 0: PT=0, T_stage=0.012350, bytes=0, T_capped=0
Stage 1: PT=6, T_stage=0.000000, bytes=33176880, T_capped=0
Group 1: Iters=10, Procs=364, Factors=1.000000, Dist=2, RM=0, SM=1, RS=0, SS=0, parents=208, children=0
Async_Iters: 0
T_iter: 0.300025 0.096909 0.079074 0.080036 0.274347 0.083820 0.084729 0.080601 0.080082 0.080070 
T_stage 0: 0.063457 0.031371 0.013735 0.015050 0.013668 0.013400 0.016362 0.013684 0.013332 0.016529 
T_stage 1: 0.235584 0.068086 0.065461 0.066379 0.260737 0.070203 0.070206 0.067086 0.066015 0.064231 
Config: granularity=100000, SDR=1000, ADR=0, Rigid=1, Capture_Method=0
Stage 0: PT=0, T_stage=0.012350, bytes=0, T_capped=0
Stage 1: PT=6, T_stage=0.000000, bytes=33176880, T_capped=0
Group 1: Iters=10, Procs=364, Factors=1.000000, Dist=2, RM=0, SM=1, RS=0, SS=0, parents=208, children=0
Async_Iters: 0
T_iter: 0.236003 0.118584 0.084367 0.078169 0.077930 0.079547 0.078495 0.083838 0.079321 0.079419 
T_stage 0: 0.044355 0.031905 0.021254 0.014809 0.016152 0.013291 0.013976 0.014847 0.014017 0.015901 
T_stage 1: 0.194759 0.089349 0.063699 0.064167 0.064207 0.065833 0.064328 0.070163 0.065849 0.065605 
Config: granularity=100000, SDR=1000, ADR=0, Rigid=1, Capture_Method=0
Stage 0: PT=0, T_stage=0.012350, bytes=0, T_capped=0
Stage 1: PT=6, T_stage=0.000000, bytes=33176880, T_capped=0
Group 1: Iters=10, Procs=364, Factors=1.000000, Dist=2, RM=0, SM=1, RS=0, SS=0, parents=208, children=0
Async_Iters: 0
T_iter: 0.261024 0.155892 0.119838 0.088231 0.084157 0.275548 0.077114 0.079640 0.077784 0.083485 
T_stage 0: 0.086429 0.032386 0.045348 0.015528 0.013844 0.014022 0.014464 0.017858 0.013476 0.013754 
T_stage 1: 0.180002 0.110690 0.078503 0.074742 0.070680 0.262095 0.063274 0.066222 0.064353 0.069460 
Config: granularity=100000, SDR=1000, ADR=0, Rigid=1, Capture_Method=0
Stage 0: PT=0, T_stage=0.012350, bytes=0, T_capped=0
Stage 1: PT=6, T_stage=0.000000, bytes=33176880, T_capped=0
Group 1: Iters=10, Procs=364, Factors=1.000000, Dist=2, RM=0, SM=1, RS=0, SS=0, parents=208, children=0
Async_Iters: 0
T_iter: 0.303117 0.160317 0.151709 0.105082 0.280552 0.085167 0.083303 0.083946 0.084091 0.083448 
T_stage 0: 0.064066 0.031414 0.031704 0.030881 0.014193 0.015156 0.015785 0.014349 0.014361 0.014017 
T_stage 1: 0.255668 0.127977 0.114503 0.074000 0.265814 0.071312 0.069451 0.070140 0.070153 0.069674 
Config: granularity=100000, SDR=1000, ADR=0, Rigid=1, Capture_Method=0
Stage 0: PT=0, T_stage=0.012350, bytes=0, T_capped=0
Stage 1: PT=6, T_stage=0.000000, bytes=33176880, T_capped=0
Group 1: Iters=10, Procs=364, Factors=1.000000, Dist=2, RM=0, SM=1, RS=0, SS=0, parents=208, children=0
Async_Iters: 0
T_iter: 0.224511 0.136055 0.102490 0.101006 0.101549 0.096815 0.102851 0.101921 0.102692 0.101721 
T_stage 0: 0.045579 0.041630 0.015290 0.016855 0.014552 0.013690 0.014318 0.014067 0.013816 0.014305 
T_stage 1: 0.162675 0.093639 0.088602 0.087141 0.087748 0.082978 0.089003 0.087683 0.087772 0.087821 
