Config: granularity=100000, SDR=1000, ADR=0, Rigid=1, Capture_Method=0
Stage 0: PT=0, T_stage=0.012350, bytes=0, T_capped=0
Stage 1: PT=6, T_stage=0.000000, bytes=33176880, T_capped=0
Group 0: Iters=5, Procs=208, Factors=1.000000, Dist=2, RM=0, SM=0, RS=0, SS=0, parents=0, children=364
Async_Iters: 0
T_iter: 0.091384 0.065765 0.065537 0.062595 0.063349 
T_stage 0: 0.016609 0.012957 0.012608 0.012614 0.012672 
T_stage 1: 0.074547 0.052762 0.052826 0.049829 0.050578 
Config: granularity=100000, SDR=1000, ADR=0, Rigid=1, Capture_Method=0
Stage 0: PT=0, T_stage=0.012350, bytes=0, T_capped=0
Stage 1: PT=6, T_stage=0.000000, bytes=33176880, T_capped=0
Group 0: Iters=5, Procs=208, Factors=1.000000, Dist=2, RM=0, SM=0, RS=0, SS=0, parents=0, children=364
Async_Iters: 0
T_iter: 0.124616 0.073555 0.064313 0.064304 0.064725 
T_stage 0: 0.031774 0.012604 0.012641 0.012652 0.012605 
T_stage 1: 0.096124 0.060833 0.051621 0.051530 0.051972 
Config: granularity=100000, SDR=1000, ADR=0, Rigid=1, Capture_Method=0
Stage 0: PT=0, T_stage=0.012350, bytes=0, T_capped=0
Stage 1: PT=6, T_stage=0.000000, bytes=33176880, T_capped=0
Group 0: Iters=5, Procs=208, Factors=1.000000, Dist=2, RM=0, SM=0, RS=0, SS=0, parents=0, children=364
Async_Iters: 0
T_iter: 0.083557 0.063798 0.075441 0.064422 0.061061 
T_stage 0: 0.018188 0.012685 0.022643 0.012905 0.012658 
T_stage 1: 0.065280 0.051085 0.052737 0.051427 0.048336 
Config: granularity=100000, SDR=1000, ADR=0, Rigid=1, Capture_Method=0
Stage 0: PT=0, T_stage=0.012350, bytes=0, T_capped=0
Stage 1: PT=6, T_stage=0.000000, bytes=33176880, T_capped=0
Group 0: Iters=5, Procs=208, Factors=1.000000, Dist=2, RM=0, SM=0, RS=0, SS=0, parents=0, children=364
Async_Iters: 0
T_iter: 0.086882 0.062628 0.064725 0.065859 0.067588 
T_stage 0: 0.012593 0.012621 0.012630 0.012661 0.012683 
T_stage 1: 0.074165 0.049838 0.052000 0.053134 0.054796 
Config: granularity=100000, SDR=1000, ADR=0, Rigid=1, Capture_Method=0
Stage 0: PT=0, T_stage=0.012350, bytes=0, T_capped=0
Stage 1: PT=6, T_stage=0.000000, bytes=33176880, T_capped=0
Group 0: Iters=5, Procs=208, Factors=1.000000, Dist=2, RM=0, SM=0, RS=0, SS=0, parents=0, children=364
Async_Iters: 0
T_iter: 0.089484 0.062876 0.065212 0.067992 0.066367 
T_stage 0: 0.012868 0.012925 0.012719 0.012638 0.012831 
T_stage 1: 0.076498 0.049857 0.052446 0.055236 0.053471 
Config: granularity=100000, SDR=1000, ADR=0, Rigid=1, Capture_Method=0
Stage 0: PT=0, T_stage=0.012350, bytes=0, T_capped=0
Stage 1: PT=6, T_stage=0.000000, bytes=33176880, T_capped=0
Group 0: Iters=5, Procs=208, Factors=1.000000, Dist=2, RM=0, SM=0, RS=0, SS=0, parents=0, children=364
Async_Iters: 0
T_iter: 0.076584 0.070152 0.066795 0.065857 0.067556 
T_stage 0: 0.012819 0.012901 0.012705 0.012656 0.012671 
T_stage 1: 0.063743 0.057199 0.054030 0.053001 0.054803 
Config: granularity=100000, SDR=1000, ADR=0, Rigid=1, Capture_Method=0
Stage 0: PT=0, T_stage=0.012350, bytes=0, T_capped=0
Stage 1: PT=6, T_stage=0.000000, bytes=33176880, T_capped=0
Group 0: Iters=5, Procs=208, Factors=1.000000, Dist=2, RM=0, SM=0, RS=0, SS=0, parents=0, children=364
Async_Iters: 0
T_iter: 0.079451 0.068563 0.060876 0.062023 0.060490 
T_stage 0: 0.012603 0.012667 0.012700 0.012642 0.012681 
T_stage 1: 0.066792 0.055796 0.048052 0.049322 0.047747 
Config: granularity=100000, SDR=1000, ADR=0, Rigid=1, Capture_Method=0
Stage 0: PT=0, T_stage=0.012350, bytes=0, T_capped=0
Stage 1: PT=6, T_stage=0.000000, bytes=33176880, T_capped=0
Group 0: Iters=5, Procs=208, Factors=1.000000, Dist=2, RM=0, SM=0, RS=0, SS=0, parents=0, children=364
Async_Iters: 0
T_iter: 0.081173 0.059466 0.067060 0.063670 0.065660 
T_stage 0: 0.012639 0.012608 0.012656 0.012636 0.012917 
T_stage 1: 0.068442 0.046791 0.054313 0.050946 0.052668 
Config: granularity=100000, SDR=1000, ADR=0, Rigid=1, Capture_Method=0
Stage 0: PT=0, T_stage=0.012350, bytes=0, T_capped=0
Stage 1: PT=6, T_stage=0.000000, bytes=33176880, T_capped=0
Group 0: Iters=5, Procs=208, Factors=1.000000, Dist=2, RM=0, SM=0, RS=0, SS=0, parents=0, children=364
Async_Iters: 0
T_iter: 0.078496 0.076310 0.065801 0.065335 0.065711 
T_stage 0: 0.012862 0.012660 0.012616 0.012640 0.012787 
T_stage 1: 0.065538 0.063480 0.053053 0.052593 0.052889 
Config: granularity=100000, SDR=1000, ADR=0, Rigid=1, Capture_Method=0
Stage 0: PT=0, T_stage=0.012350, bytes=0, T_capped=0
Stage 1: PT=6, T_stage=0.000000, bytes=33176880, T_capped=0
Group 0: Iters=5, Procs=208, Factors=1.000000, Dist=2, RM=0, SM=0, RS=0, SS=0, parents=0, children=364
Async_Iters: 0
T_iter: 0.081061 0.075016 0.067885 0.070028 0.072827 
T_stage 0: 0.012606 0.012609 0.012686 0.012919 0.012600 
T_stage 1: 0.068363 0.062217 0.055087 0.057027 0.060086 
Config: granularity=100000, SDR=1000, ADR=0, Rigid=1, Capture_Method=0
Stage 0: PT=0, T_stage=0.012350, bytes=0, T_capped=0
Stage 1: PT=6, T_stage=0.000000, bytes=33176880, T_capped=0
Group 0: Iters=5, Procs=208, Factors=1.000000, Dist=2, RM=0, SM=0, RS=0, SS=0, parents=0, children=364
Async_Iters: 0
T_iter: 0.076311 0.074792 0.061671 0.061975 0.060946 
T_stage 0: 0.012606 0.012641 0.012667 0.012646 0.012639 
T_stage 1: 0.063547 0.062020 0.048932 0.049299 0.048215 
Config: granularity=100000, SDR=1000, ADR=0, Rigid=1, Capture_Method=0
Stage 0: PT=0, T_stage=0.012350, bytes=0, T_capped=0
Stage 1: PT=6, T_stage=0.000000, bytes=33176880, T_capped=0
Group 0: Iters=5, Procs=208, Factors=1.000000, Dist=2, RM=0, SM=0, RS=0, SS=0, parents=0, children=364
Async_Iters: 0
T_iter: 0.085075 0.063036 0.065867 0.071058 0.066378 
T_stage 0: 0.012611 0.012661 0.012630 0.012679 0.012663 
T_stage 1: 0.072394 0.050186 0.053196 0.058314 0.053628 
Config: granularity=100000, SDR=1000, ADR=0, Rigid=1, Capture_Method=0
Stage 0: PT=0, T_stage=0.012350, bytes=0, T_capped=0
Stage 1: PT=6, T_stage=0.000000, bytes=33176880, T_capped=0
Group 0: Iters=5, Procs=208, Factors=1.000000, Dist=2, RM=0, SM=0, RS=0, SS=0, parents=0, children=364
Async_Iters: 0
T_iter: 0.092511 0.063861 0.068624 0.068675 0.069468 
T_stage 0: 0.012669 0.012644 0.012653 0.012660 0.012643 
T_stage 1: 0.079697 0.051122 0.055928 0.055908 0.056791 
Config: granularity=100000, SDR=1000, ADR=0, Rigid=1, Capture_Method=0
Stage 0: PT=0, T_stage=0.012350, bytes=0, T_capped=0
Stage 1: PT=6, T_stage=0.000000, bytes=33176880, T_capped=0
Group 0: Iters=5, Procs=208, Factors=1.000000, Dist=2, RM=0, SM=0, RS=0, SS=0, parents=0, children=364
Async_Iters: 0
T_iter: 0.078401 0.068240 0.060614 0.060955 0.065285 
T_stage 0: 0.012828 0.012701 0.012671 0.012679 0.012631 
T_stage 1: 0.065449 0.055458 0.047863 0.048153 0.051502 
Config: granularity=100000, SDR=1000, ADR=0, Rigid=1, Capture_Method=0
Stage 0: PT=0, T_stage=0.012350, bytes=0, T_capped=0
Stage 1: PT=6, T_stage=0.000000, bytes=33176880, T_capped=0
Group 0: Iters=5, Procs=208, Factors=1.000000, Dist=2, RM=0, SM=0, RS=0, SS=0, parents=0, children=364
Async_Iters: 0
T_iter: 0.069535 0.069191 0.054187 0.054376 0.054545 
T_stage 0: 0.012624 0.012615 0.012699 0.012673 0.012717 
T_stage 1: 0.056800 0.056454 0.041406 0.041660 0.041815 
Config: granularity=100000, SDR=1000, ADR=0, Rigid=1, Capture_Method=0
Stage 0: PT=0, T_stage=0.012350, bytes=0, T_capped=0
Stage 1: PT=6, T_stage=0.000000, bytes=33176880, T_capped=0
Group 0: Iters=5, Procs=208, Factors=1.000000, Dist=2, RM=0, SM=0, RS=0, SS=0, parents=0, children=364
Async_Iters: 0
T_iter: 0.080254 0.075998 0.065660 0.066343 0.065757 
T_stage 0: 0.012601 0.012598 0.012694 0.012637 0.012671 
T_stage 1: 0.067574 0.063297 0.052827 0.053630 0.052890 
Config: granularity=100000, SDR=1000, ADR=0, Rigid=1, Capture_Method=0
Stage 0: PT=0, T_stage=0.012350, bytes=0, T_capped=0
Stage 1: PT=6, T_stage=0.000000, bytes=33176880, T_capped=0
Group 0: Iters=5, Procs=208, Factors=1.000000, Dist=2, RM=0, SM=0, RS=0, SS=0, parents=0, children=364
Async_Iters: 0
T_iter: 0.077882 0.062385 0.066525 0.070956 0.069634 
T_stage 0: 0.012623 0.012645 0.012930 0.012711 0.012625 
T_stage 1: 0.065170 0.049688 0.053509 0.058158 0.056947 
Config: granularity=100000, SDR=1000, ADR=0, Rigid=1, Capture_Method=0
Stage 0: PT=0, T_stage=0.012350, bytes=0, T_capped=0
Stage 1: PT=6, T_stage=0.000000, bytes=33176880, T_capped=0
Group 0: Iters=5, Procs=208, Factors=1.000000, Dist=2, RM=0, SM=0, RS=0, SS=0, parents=0, children=364
Async_Iters: 0
T_iter: 0.080943 0.063698 0.063569 0.065107 0.061906 
T_stage 0: 0.012629 0.012718 0.012638 0.012609 0.012665 
T_stage 1: 0.068174 0.050947 0.050862 0.052407 0.049148 
Config: granularity=100000, SDR=1000, ADR=0, Rigid=1, Capture_Method=0
Stage 0: PT=0, T_stage=0.012350, bytes=0, T_capped=0
Stage 1: PT=6, T_stage=0.000000, bytes=33176880, T_capped=0
Group 0: Iters=5, Procs=208, Factors=1.000000, Dist=2, RM=0, SM=0, RS=0, SS=0, parents=0, children=364
Async_Iters: 0
T_iter: 0.076931 0.087960 0.062831 0.060868 0.061061 
T_stage 0: 0.012595 0.012618 0.012634 0.012611 0.012630 
T_stage 1: 0.064271 0.075273 0.050133 0.048123 0.048334 
Config: granularity=100000, SDR=1000, ADR=0, Rigid=1, Capture_Method=0
Stage 0: PT=0, T_stage=0.012350, bytes=0, T_capped=0
Stage 1: PT=6, T_stage=0.000000, bytes=33176880, T_capped=0
Group 0: Iters=5, Procs=208, Factors=1.000000, Dist=2, RM=0, SM=0, RS=0, SS=0, parents=0, children=364
Async_Iters: 0
T_iter: 0.082933 0.071126 0.068994 0.068386 0.068169 
T_stage 0: 0.012602 0.012677 0.012641 0.012639 0.012699 
T_stage 1: 0.070210 0.058381 0.056280 0.055700 0.055401 
