Config loaded: R=1, S=2, granularity=100000, SDR=1000, ADR=0, Rigid=1, Capture_Method=0
Stage 0: PT=0, T_stage=0.012350, bytes=0, T_capped=0
Stage 1: PT=6, T_stage=0.000000, bytes=33176880, T_capped=0
Group 0: Iters=5, Procs=208, Factors=1.000000, Dist=2, RM=0, SM=0, RS=0, SS=0
Group 1: Iters=10, Procs=364, Factors=1.000000, Dist=2, RM=0, SM=1, RS=0, SS=0
T_spawn: 2.121537 
T_SR: 0.042989 
T_AR: 0.000000 
T_US: 0.096912 
T_Malleability: 2.521046 
T_total: 4.009715
Config loaded: R=1, S=2, granularity=100000, SDR=1000, ADR=0, Rigid=1, Capture_Method=0
Stage 0: PT=0, T_stage=0.012350, bytes=0, T_capped=0
Stage 1: PT=6, T_stage=0.000000, bytes=33176880, T_capped=0
Group 0: Iters=5, Procs=208, Factors=1.000000, Dist=2, RM=0, SM=0, RS=0, SS=0
Group 1: Iters=10, Procs=364, Factors=1.000000, Dist=2, RM=0, SM=1, RS=0, SS=0
T_spawn: 1.840459 
T_SR: 0.092866 
T_AR: 0.000000 
T_US: 0.066136 
T_Malleability: 2.192449 
T_total: 4.236894
Config loaded: R=1, S=2, granularity=100000, SDR=1000, ADR=0, Rigid=1, Capture_Method=0
Stage 0: PT=0, T_stage=0.012350, bytes=0, T_capped=0
Stage 1: PT=6, T_stage=0.000000, bytes=33176880, T_capped=0
Group 0: Iters=5, Procs=208, Factors=1.000000, Dist=2, RM=0, SM=0, RS=0, SS=0
Group 1: Iters=10, Procs=364, Factors=1.000000, Dist=2, RM=0, SM=1, RS=0, SS=0
T_spawn: 1.988656 
T_SR: 0.036001 
T_AR: 0.000000 
T_US: 0.067234 
T_Malleability: 2.303610 
T_total: 4.011684
Config loaded: R=1, S=2, granularity=100000, SDR=1000, ADR=0, Rigid=1, Capture_Method=0
Stage 0: PT=0, T_stage=0.012350, bytes=0, T_capped=0
Stage 1: PT=6, T_stage=0.000000, bytes=33176880, T_capped=0
Group 0: Iters=5, Procs=208, Factors=1.000000, Dist=2, RM=0, SM=0, RS=0, SS=0
Group 1: Iters=10, Procs=364, Factors=1.000000, Dist=2, RM=0, SM=1, RS=0, SS=0
T_spawn: 1.955527 
T_SR: 0.046228 
T_AR: 0.000000 
T_US: 0.060777 
T_Malleability: 2.252689 
T_total: 3.763950
Config loaded: R=1, S=2, granularity=100000, SDR=1000, ADR=0, Rigid=1, Capture_Method=0
Stage 0: PT=0, T_stage=0.012350, bytes=0, T_capped=0
Stage 1: PT=6, T_stage=0.000000, bytes=33176880, T_capped=0
Group 0: Iters=5, Procs=208, Factors=1.000000, Dist=2, RM=0, SM=0, RS=0, SS=0
Group 1: Iters=10, Procs=364, Factors=1.000000, Dist=2, RM=0, SM=1, RS=0, SS=0
T_spawn: 2.004642 
T_SR: 0.059705 
T_AR: 0.000000 
T_US: 0.053439 
T_Malleability: 2.365175 
T_total: 4.330714
Config loaded: R=1, S=2, granularity=100000, SDR=1000, ADR=0, Rigid=1, Capture_Method=0
Stage 0: PT=0, T_stage=0.012350, bytes=0, T_capped=0
Stage 1: PT=6, T_stage=0.000000, bytes=33176880, T_capped=0
Group 0: Iters=5, Procs=208, Factors=1.000000, Dist=2, RM=0, SM=0, RS=0, SS=0
Group 1: Iters=10, Procs=364, Factors=1.000000, Dist=2, RM=0, SM=1, RS=0, SS=0
T_spawn: 2.064104 
T_SR: 0.066044 
T_AR: 0.000000 
T_US: 0.069055 
T_Malleability: 2.474159 
T_total: 4.030191
Config loaded: R=1, S=2, granularity=100000, SDR=1000, ADR=0, Rigid=1, Capture_Method=0
Stage 0: PT=0, T_stage=0.012350, bytes=0, T_capped=0
Stage 1: PT=6, T_stage=0.000000, bytes=33176880, T_capped=0
Group 0: Iters=5, Procs=208, Factors=1.000000, Dist=2, RM=0, SM=0, RS=0, SS=0
Group 1: Iters=10, Procs=364, Factors=1.000000, Dist=2, RM=0, SM=1, RS=0, SS=0
T_spawn: 1.920780 
T_SR: 0.047278 
T_AR: 0.000000 
T_US: 0.083093 
T_Malleability: 2.250354 
T_total: 3.964713
Config loaded: R=1, S=2, granularity=100000, SDR=1000, ADR=0, Rigid=1, Capture_Method=0
Stage 0: PT=0, T_stage=0.012350, bytes=0, T_capped=0
Stage 1: PT=6, T_stage=0.000000, bytes=33176880, T_capped=0
Group 0: Iters=5, Procs=208, Factors=1.000000, Dist=2, RM=0, SM=0, RS=0, SS=0
Group 1: Iters=10, Procs=364, Factors=1.000000, Dist=2, RM=0, SM=1, RS=0, SS=0
T_spawn: 1.992284 
T_SR: 0.053884 
T_AR: 0.000000 
T_US: 0.078761 
T_Malleability: 2.391526 
T_total: 3.853113
Config loaded: R=1, S=2, granularity=100000, SDR=1000, ADR=0, Rigid=1, Capture_Method=0
Stage 0: PT=0, T_stage=0.012350, bytes=0, T_capped=0
Stage 1: PT=6, T_stage=0.000000, bytes=33176880, T_capped=0
Group 0: Iters=5, Procs=208, Factors=1.000000, Dist=2, RM=0, SM=0, RS=0, SS=0
Group 1: Iters=10, Procs=364, Factors=1.000000, Dist=2, RM=0, SM=1, RS=0, SS=0
T_spawn: 1.881376 
T_SR: 0.047944 
T_AR: 0.000000 
T_US: 0.072900 
T_Malleability: 2.261974 
T_total: 3.883143
Config loaded: R=1, S=2, granularity=100000, SDR=1000, ADR=0, Rigid=1, Capture_Method=0
Stage 0: PT=0, T_stage=0.012350, bytes=0, T_capped=0
Stage 1: PT=6, T_stage=0.000000, bytes=33176880, T_capped=0
Group 0: Iters=5, Procs=208, Factors=1.000000, Dist=2, RM=0, SM=0, RS=0, SS=0
Group 1: Iters=10, Procs=364, Factors=1.000000, Dist=2, RM=0, SM=1, RS=0, SS=0
T_spawn: 1.911811 
T_SR: 0.045151 
T_AR: 0.000000 
T_US: 0.062958 
T_Malleability: 2.221510 
T_total: 3.875562
Config loaded: R=1, S=2, granularity=100000, SDR=1000, ADR=0, Rigid=1, Capture_Method=0
Stage 0: PT=0, T_stage=0.012350, bytes=0, T_capped=0
Stage 1: PT=6, T_stage=0.000000, bytes=33176880, T_capped=0
Group 0: Iters=5, Procs=208, Factors=1.000000, Dist=2, RM=0, SM=0, RS=0, SS=0
Group 1: Iters=10, Procs=364, Factors=1.000000, Dist=2, RM=0, SM=1, RS=0, SS=0
T_spawn: 1.909191 
T_SR: 0.057059 
T_AR: 0.000000 
T_US: 0.127900 
T_Malleability: 2.315100 
T_total: 3.962257
Config loaded: R=1, S=2, granularity=100000, SDR=1000, ADR=0, Rigid=1, Capture_Method=0
Stage 0: PT=0, T_stage=0.012350, bytes=0, T_capped=0
Stage 1: PT=6, T_stage=0.000000, bytes=33176880, T_capped=0
Group 0: Iters=5, Procs=208, Factors=1.000000, Dist=2, RM=0, SM=0, RS=0, SS=0
Group 1: Iters=10, Procs=364, Factors=1.000000, Dist=2, RM=0, SM=1, RS=0, SS=0
T_spawn: 1.989980 
T_SR: 0.083664 
T_AR: 0.000000 
T_US: 0.076396 
T_Malleability: 2.442469 
T_total: 4.551824
Config loaded: R=1, S=2, granularity=100000, SDR=1000, ADR=0, Rigid=1, Capture_Method=0
Stage 0: PT=0, T_stage=0.012350, bytes=0, T_capped=0
Stage 1: PT=6, T_stage=0.000000, bytes=33176880, T_capped=0
Group 0: Iters=5, Procs=208, Factors=1.000000, Dist=2, RM=0, SM=0, RS=0, SS=0
Group 1: Iters=10, Procs=364, Factors=1.000000, Dist=2, RM=0, SM=1, RS=0, SS=0
T_spawn: 1.950461 
T_SR: 0.078676 
T_AR: 0.000000 
T_US: 0.094365 
T_Malleability: 2.311843 
T_total: 4.012902
Config loaded: R=1, S=2, granularity=100000, SDR=1000, ADR=0, Rigid=1, Capture_Method=0
Stage 0: PT=0, T_stage=0.012350, bytes=0, T_capped=0
Stage 1: PT=6, T_stage=0.000000, bytes=33176880, T_capped=0
Group 0: Iters=5, Procs=208, Factors=1.000000, Dist=2, RM=0, SM=0, RS=0, SS=0
Group 1: Iters=10, Procs=364, Factors=1.000000, Dist=2, RM=0, SM=1, RS=0, SS=0
T_spawn: 2.125030 
T_SR: 0.063425 
T_AR: 0.000000 
T_US: 0.124609 
T_Malleability: 2.484780 
T_total: 3.850327
Config loaded: R=1, S=2, granularity=100000, SDR=1000, ADR=0, Rigid=1, Capture_Method=0
Stage 0: PT=0, T_stage=0.012350, bytes=0, T_capped=0
Stage 1: PT=6, T_stage=0.000000, bytes=33176880, T_capped=0
Group 0: Iters=5, Procs=208, Factors=1.000000, Dist=2, RM=0, SM=0, RS=0, SS=0
Group 1: Iters=10, Procs=364, Factors=1.000000, Dist=2, RM=0, SM=1, RS=0, SS=0
T_spawn: 2.016829 
T_SR: 0.048242 
T_AR: 0.000000 
T_US: 0.074534 
T_Malleability: 2.274593 
T_total: 4.064236
Config loaded: R=1, S=2, granularity=100000, SDR=1000, ADR=0, Rigid=1, Capture_Method=0
Stage 0: PT=0, T_stage=0.012350, bytes=0, T_capped=0
Stage 1: PT=6, T_stage=0.000000, bytes=33176880, T_capped=0
Group 0: Iters=5, Procs=208, Factors=1.000000, Dist=2, RM=0, SM=0, RS=0, SS=0
Group 1: Iters=10, Procs=364, Factors=1.000000, Dist=2, RM=0, SM=1, RS=0, SS=0
T_spawn: 2.118720 
T_SR: 0.107804 
T_AR: 0.000000 
T_US: 0.073942 
T_Malleability: 2.561990 
T_total: 4.193260
Config loaded: R=1, S=2, granularity=100000, SDR=1000, ADR=0, Rigid=1, Capture_Method=0
Stage 0: PT=0, T_stage=0.012350, bytes=0, T_capped=0
Stage 1: PT=6, T_stage=0.000000, bytes=33176880, T_capped=0
Group 0: Iters=5, Procs=208, Factors=1.000000, Dist=2, RM=0, SM=0, RS=0, SS=0
Group 1: Iters=10, Procs=364, Factors=1.000000, Dist=2, RM=0, SM=1, RS=0, SS=0
T_spawn: 1.976257 
T_SR: 0.060328 
T_AR: 0.000000 
T_US: 0.077719 
T_Malleability: 2.290863 
T_total: 3.671187
Config loaded: R=1, S=2, granularity=100000, SDR=1000, ADR=0, Rigid=1, Capture_Method=0
Stage 0: PT=0, T_stage=0.012350, bytes=0, T_capped=0
Stage 1: PT=6, T_stage=0.000000, bytes=33176880, T_capped=0
Group 0: Iters=5, Procs=208, Factors=1.000000, Dist=2, RM=0, SM=0, RS=0, SS=0
Group 1: Iters=10, Procs=364, Factors=1.000000, Dist=2, RM=0, SM=1, RS=0, SS=0
T_spawn: 1.856149 
T_SR: 0.083348 
T_AR: 0.000000 
T_US: 0.096672 
T_Malleability: 2.291029 
T_total: 3.962403
Config loaded: R=1, S=2, granularity=100000, SDR=1000, ADR=0, Rigid=1, Capture_Method=0
Stage 0: PT=0, T_stage=0.012350, bytes=0, T_capped=0
Stage 1: PT=6, T_stage=0.000000, bytes=33176880, T_capped=0
Group 0: Iters=5, Procs=208, Factors=1.000000, Dist=2, RM=0, SM=0, RS=0, SS=0
Group 1: Iters=10, Procs=364, Factors=1.000000, Dist=2, RM=0, SM=1, RS=0, SS=0
T_spawn: 2.149697 
T_SR: 0.075993 
T_AR: 0.000000 
T_US: 0.069596 
T_Malleability: 2.558817 
T_total: 4.399143
Config loaded: R=1, S=2, granularity=100000, SDR=1000, ADR=0, Rigid=1, Capture_Method=0
Stage 0: PT=0, T_stage=0.012350, bytes=0, T_capped=0
Stage 1: PT=6, T_stage=0.000000, bytes=33176880, T_capped=0
Group 0: Iters=5, Procs=208, Factors=1.000000, Dist=2, RM=0, SM=0, RS=0, SS=0
Group 1: Iters=10, Procs=364, Factors=1.000000, Dist=2, RM=0, SM=1, RS=0, SS=0
T_spawn: 2.032288 
T_SR: 0.040120 
T_AR: 0.000000 
T_US: 0.095939 
T_Malleability: 2.318694 
T_total: 3.914632
