Config: granularity=100000, SDR=1000, ADR=0, Rigid=1, Capture_Method=0
Stage 0: PT=0, T_stage=0.012350, bytes=0, T_capped=0
Stage 1: PT=6, T_stage=0.000000, bytes=33176880, T_capped=0
Group 1: Iters=10, Procs=364, Factors=1.000000, Dist=2, RM=0, SM=1, RS=0, SS=0, parents=260, children=0
Async_Iters: 0
T_iter: 0.448011 0.117424 0.100529 0.099956 0.100301 0.100024 0.100148 0.100042 0.100591 0.100215 
T_stage 0: 0.067054 0.033693 0.013247 0.013251 0.013803 0.013266 0.013214 0.013243 0.013500 0.013572 
T_stage 1: 0.384300 0.087515 0.086582 0.086401 0.086814 0.086589 0.086728 0.086594 0.086789 0.086547 
Config: granularity=100000, SDR=1000, ADR=0, Rigid=1, Capture_Method=0
Stage 0: PT=0, T_stage=0.012350, bytes=0, T_capped=0
Stage 1: PT=6, T_stage=0.000000, bytes=33176880, T_capped=0
Group 1: Iters=10, Procs=364, Factors=1.000000, Dist=2, RM=0, SM=1, RS=0, SS=0, parents=260, children=0
Async_Iters: 0
T_iter: 0.387887 0.312035 0.168236 0.097167 0.085228 0.078212 0.086093 0.303325 0.091105 0.110258 
T_stage 0: 0.064643 0.041539 0.055811 0.030995 0.014020 0.014167 0.014789 0.016317 0.016452 0.029945 
T_stage 1: 0.291993 0.247937 0.126668 0.065711 0.071846 0.064788 0.072269 0.287089 0.076908 0.080615 
Config: granularity=100000, SDR=1000, ADR=0, Rigid=1, Capture_Method=0
Stage 0: PT=0, T_stage=0.012350, bytes=0, T_capped=0
Stage 1: PT=6, T_stage=0.000000, bytes=33176880, T_capped=0
Group 1: Iters=10, Procs=364, Factors=1.000000, Dist=2, RM=0, SM=1, RS=0, SS=0, parents=260, children=0
Async_Iters: 0
T_iter: 0.335989 0.121267 0.078848 0.085048 0.081630 0.088941 0.076132 0.083805 0.081745 0.084791 
T_stage 0: 0.047990 0.027880 0.013802 0.013829 0.013233 0.016343 0.013161 0.013214 0.017951 0.016846 
T_stage 1: 0.281605 0.095817 0.065023 0.071023 0.067694 0.071704 0.062271 0.069986 0.064307 0.067934 
Config: granularity=100000, SDR=1000, ADR=0, Rigid=1, Capture_Method=0
Stage 0: PT=0, T_stage=0.012350, bytes=0, T_capped=0
Stage 1: PT=6, T_stage=0.000000, bytes=33176880, T_capped=0
Group 1: Iters=10, Procs=364, Factors=1.000000, Dist=2, RM=0, SM=1, RS=0, SS=0, parents=260, children=0
Async_Iters: 0
T_iter: 0.232093 0.107196 0.083490 0.080052 0.077669 0.079674 0.078510 0.077517 0.083984 0.083604 
T_stage 0: 0.060836 0.032486 0.013782 0.014658 0.013491 0.013238 0.013223 0.013830 0.013338 0.014484 
T_stage 1: 0.166317 0.077654 0.068754 0.066716 0.064311 0.065642 0.065062 0.062018 0.070290 0.070100 
Config: granularity=100000, SDR=1000, ADR=0, Rigid=1, Capture_Method=0
Stage 0: PT=0, T_stage=0.012350, bytes=0, T_capped=0
Stage 1: PT=6, T_stage=0.000000, bytes=33176880, T_capped=0
Group 1: Iters=10, Procs=364, Factors=1.000000, Dist=2, RM=0, SM=1, RS=0, SS=0, parents=260, children=0
Async_Iters: 0
T_iter: 0.386572 0.138213 0.086076 0.288157 0.094011 0.085255 0.081561 0.082434 0.083532 0.082612 
T_stage 0: 0.064181 0.048634 0.019234 0.223495 0.018531 0.018138 0.019632 0.018167 0.018274 0.019479 
T_stage 1: 0.330591 0.104106 0.067918 0.269263 0.075816 0.066320 0.063326 0.063694 0.065270 0.064205 
Config: granularity=100000, SDR=1000, ADR=0, Rigid=1, Capture_Method=0
Stage 0: PT=0, T_stage=0.012350, bytes=0, T_capped=0
Stage 1: PT=6, T_stage=0.000000, bytes=33176880, T_capped=0
Group 1: Iters=10, Procs=364, Factors=1.000000, Dist=2, RM=0, SM=1, RS=0, SS=0, parents=260, children=0
Async_Iters: 0
T_iter: 0.479990 0.184017 0.119066 0.099437 0.100360 0.100154 0.100685 0.100244 0.099999 0.099964 
T_stage 0: 0.062797 0.041547 0.031861 0.013925 0.013833 0.013808 0.013723 0.013755 0.013826 0.013827 
T_stage 1: 0.414704 0.134467 0.089667 0.085416 0.085806 0.086089 0.086676 0.085894 0.085969 0.085980 
Config: granularity=100000, SDR=1000, ADR=0, Rigid=1, Capture_Method=0
Stage 0: PT=0, T_stage=0.012350, bytes=0, T_capped=0
Stage 1: PT=6, T_stage=0.000000, bytes=33176880, T_capped=0
Group 1: Iters=10, Procs=364, Factors=1.000000, Dist=2, RM=0, SM=1, RS=0, SS=0, parents=260, children=0
Async_Iters: 0
T_iter: 0.256008 0.113175 0.079992 0.078529 0.077490 0.079874 0.081136 0.076526 0.077512 0.285227 
T_stage 0: 0.034597 0.031962 0.013799 0.013900 0.013164 0.015023 0.013247 0.014152 0.016086 0.014832 
T_stage 1: 0.214637 0.083474 0.065735 0.064493 0.064063 0.066441 0.067702 0.062236 0.064102 0.271415 
Config: granularity=100000, SDR=1000, ADR=0, Rigid=1, Capture_Method=0
Stage 0: PT=0, T_stage=0.012350, bytes=0, T_capped=0
Stage 1: PT=6, T_stage=0.000000, bytes=33176880, T_capped=0
Group 1: Iters=10, Procs=364, Factors=1.000000, Dist=2, RM=0, SM=1, RS=0, SS=0, parents=260, children=0
Async_Iters: 0
T_iter: 0.186177 0.091915 0.286623 0.079104 0.283748 0.079905 0.080067 0.079500 0.080344 0.084589 
T_stage 0: 0.061457 0.023199 0.013730 0.015084 0.013571 0.013869 0.013260 0.013439 0.013907 0.015314 
T_stage 1: 0.130592 0.068273 0.272671 0.065650 0.270273 0.066097 0.066571 0.065864 0.066516 0.071082 
Config: granularity=100000, SDR=1000, ADR=0, Rigid=1, Capture_Method=0
Stage 0: PT=0, T_stage=0.012350, bytes=0, T_capped=0
Stage 1: PT=6, T_stage=0.000000, bytes=33176880, T_capped=0
Group 1: Iters=10, Procs=364, Factors=1.000000, Dist=2, RM=0, SM=1, RS=0, SS=0, parents=260, children=0
Async_Iters: 0
T_iter: 0.356032 0.122190 0.083537 0.081458 0.075488 0.276637 0.075126 0.082890 0.286889 0.285657 
T_stage 0: 0.083991 0.031854 0.014471 0.014937 0.013440 0.013549 0.014563 0.015138 0.013930 0.013666 
T_stage 1: 0.279530 0.092918 0.069032 0.067593 0.062038 0.262789 0.061750 0.069555 0.273230 0.271860 
Config: granularity=100000, SDR=1000, ADR=0, Rigid=1, Capture_Method=0
Stage 0: PT=0, T_stage=0.012350, bytes=0, T_capped=0
Stage 1: PT=6, T_stage=0.000000, bytes=33176880, T_capped=0
Group 1: Iters=10, Procs=364, Factors=1.000000, Dist=2, RM=0, SM=1, RS=0, SS=0, parents=260, children=0
Async_Iters: 0
T_iter: 0.542971 0.239880 0.323862 0.082091 0.093871 0.088290 0.080835 0.086882 0.079665 0.078526 
T_stage 0: 0.064649 0.055833 0.031883 0.014361 0.014339 0.013622 0.014645 0.017106 0.013226 0.013272 
T_stage 1: 0.480238 0.183982 0.293207 0.068185 0.079325 0.074424 0.065908 0.070637 0.064229 0.064692 
Config: granularity=100000, SDR=1000, ADR=0, Rigid=1, Capture_Method=0
Stage 0: PT=0, T_stage=0.012350, bytes=0, T_capped=0
Stage 1: PT=6, T_stage=0.000000, bytes=33176880, T_capped=0
Group 1: Iters=10, Procs=364, Factors=1.000000, Dist=2, RM=0, SM=1, RS=0, SS=0, parents=260, children=0
Async_Iters: 0
T_iter: 0.268444 0.118701 0.101165 0.100580 0.101757 0.099969 0.099611 0.099563 0.099771 0.099916 
T_stage 0: 0.048382 0.031874 0.013866 0.013822 0.015320 0.014240 0.013227 0.014500 0.013645 0.014351 
T_stage 1: 0.210885 0.089140 0.087365 0.087053 0.088295 0.086567 0.086208 0.086173 0.086309 0.086511 
Config: granularity=100000, SDR=1000, ADR=0, Rigid=1, Capture_Method=0
Stage 0: PT=0, T_stage=0.012350, bytes=0, T_capped=0
Stage 1: PT=6, T_stage=0.000000, bytes=33176880, T_capped=0
Group 1: Iters=10, Procs=364, Factors=1.000000, Dist=2, RM=0, SM=1, RS=0, SS=0, parents=260, children=0
Async_Iters: 0
T_iter: 0.608012 0.192032 0.155946 0.094737 0.079109 0.078912 0.279919 0.292045 0.081895 0.082759 
T_stage 0: 0.080020 0.031897 0.041097 0.028928 0.013301 0.013453 0.013540 0.020157 0.015261 0.017277 
T_stage 1: 0.523992 0.159946 0.099470 0.065718 0.065697 0.065386 0.266587 0.272057 0.067926 0.065240 
Config: granularity=100000, SDR=1000, ADR=0, Rigid=1, Capture_Method=0
Stage 0: PT=0, T_stage=0.012350, bytes=0, T_capped=0
Stage 1: PT=6, T_stage=0.000000, bytes=33176880, T_capped=0
Group 1: Iters=10, Procs=364, Factors=1.000000, Dist=2, RM=0, SM=1, RS=0, SS=0, parents=260, children=0
Async_Iters: 0
T_iter: 0.322640 0.134926 0.100074 0.100029 0.102062 0.098855 0.099351 0.099300 0.099238 0.098971 
T_stage 0: 0.043205 0.042609 0.014512 0.014026 0.016776 0.013185 0.013949 0.013202 0.013942 0.013222 
T_stage 1: 0.256575 0.093019 0.086239 0.086141 0.088674 0.085430 0.085956 0.085902 0.085767 0.085585 
Config: granularity=100000, SDR=1000, ADR=0, Rigid=1, Capture_Method=0
Stage 0: PT=0, T_stage=0.012350, bytes=0, T_capped=0
Stage 1: PT=6, T_stage=0.000000, bytes=33176880, T_capped=0
Group 1: Iters=10, Procs=364, Factors=1.000000, Dist=2, RM=0, SM=1, RS=0, SS=0, parents=260, children=0
Async_Iters: 0
T_iter: 0.422768 0.219933 0.179727 0.148424 0.080131 0.281933 0.090999 0.084773 0.295929 0.136996 
T_stage 0: 0.094640 0.058370 0.035979 0.032434 0.013884 0.013695 0.026129 0.013890 0.020729 0.032234 
T_stage 1: 0.352520 0.164947 0.128893 0.119093 0.066242 0.268047 0.066368 0.070832 0.275882 0.107827 
Config: granularity=100000, SDR=1000, ADR=0, Rigid=1, Capture_Method=0
Stage 0: PT=0, T_stage=0.012350, bytes=0, T_capped=0
Stage 1: PT=6, T_stage=0.000000, bytes=33176880, T_capped=0
Group 1: Iters=10, Procs=364, Factors=1.000000, Dist=2, RM=0, SM=1, RS=0, SS=0, parents=260, children=0
Async_Iters: 0
T_iter: 0.660463 0.171875 0.101033 0.078623 0.078136 0.085478 0.080306 0.077581 0.083992 0.077098 
T_stage 0: 0.071987 0.040189 0.032778 0.013342 0.014081 0.014048 0.015984 0.013761 0.017471 0.013739 
T_stage 1: 0.600093 0.126933 0.068508 0.065205 0.064630 0.071163 0.065366 0.063857 0.066155 0.063495 
Config: granularity=100000, SDR=1000, ADR=0, Rigid=1, Capture_Method=0
Stage 0: PT=0, T_stage=0.012350, bytes=0, T_capped=0
Stage 1: PT=6, T_stage=0.000000, bytes=33176880, T_capped=0
Group 1: Iters=10, Procs=364, Factors=1.000000, Dist=2, RM=0, SM=1, RS=0, SS=0, parents=260, children=0
Async_Iters: 0
T_iter: 0.343998 0.171872 0.097475 0.079917 0.082712 0.078439 0.081694 0.078517 0.079170 0.087886 
T_stage 0: 0.074213 0.051820 0.029600 0.015964 0.013837 0.013181 0.015290 0.015320 0.013821 0.013879 
T_stage 1: 0.279982 0.122358 0.067793 0.066437 0.069326 0.065072 0.068113 0.065089 0.065768 0.073933 
Config: granularity=100000, SDR=1000, ADR=0, Rigid=1, Capture_Method=0
Stage 0: PT=0, T_stage=0.012350, bytes=0, T_capped=0
Stage 1: PT=6, T_stage=0.000000, bytes=33176880, T_capped=0
Group 1: Iters=10, Procs=364, Factors=1.000000, Dist=2, RM=0, SM=1, RS=0, SS=0, parents=260, children=0
Async_Iters: 0
T_iter: 0.376010 0.159863 0.101529 0.083335 0.086265 0.088360 0.287508 0.080392 0.083469 0.083534 
T_stage 0: 0.064985 0.031932 0.035804 0.013782 0.013868 0.013933 0.220223 0.013801 0.014292 0.017615 
T_stage 1: 0.311936 0.114503 0.065035 0.069258 0.072166 0.074632 0.274084 0.066152 0.069037 0.069539 
Config: granularity=100000, SDR=1000, ADR=0, Rigid=1, Capture_Method=0
Stage 0: PT=0, T_stage=0.012350, bytes=0, T_capped=0
Stage 1: PT=6, T_stage=0.000000, bytes=33176880, T_capped=0
Group 1: Iters=10, Procs=364, Factors=1.000000, Dist=2, RM=0, SM=1, RS=0, SS=0, parents=260, children=0
Async_Iters: 0
T_iter: 0.384078 0.232040 0.137729 0.100803 0.080929 0.078505 0.079812 0.078240 0.275175 0.089158 
T_stage 0: 0.092106 0.043592 0.027836 0.022989 0.014130 0.013198 0.013376 0.014217 0.013230 0.013233 
T_stage 1: 0.310176 0.179067 0.112540 0.077226 0.067569 0.065173 0.065431 0.064868 0.261712 0.075796 
Config: granularity=100000, SDR=1000, ADR=0, Rigid=1, Capture_Method=0
Stage 0: PT=0, T_stage=0.012350, bytes=0, T_capped=0
Stage 1: PT=6, T_stage=0.000000, bytes=33176880, T_capped=0
Group 1: Iters=10, Procs=364, Factors=1.000000, Dist=2, RM=0, SM=1, RS=0, SS=0, parents=260, children=0
Async_Iters: 0
T_iter: 0.555982 0.192089 0.094606 0.078962 0.086294 0.082035 0.079605 0.085156 0.092420 0.081815 
T_stage 0: 0.064178 0.041155 0.029731 0.013832 0.014386 0.013344 0.013467 0.013283 0.023211 0.013757 
T_stage 1: 0.504904 0.150738 0.065182 0.065059 0.072858 0.068555 0.066123 0.071660 0.070465 0.068100 
Config: granularity=100000, SDR=1000, ADR=0, Rigid=1, Capture_Method=0
Stage 0: PT=0, T_stage=0.012350, bytes=0, T_capped=0
Stage 1: PT=6, T_stage=0.000000, bytes=33176880, T_capped=0
Group 1: Iters=10, Procs=364, Factors=1.000000, Dist=2, RM=0, SM=1, RS=0, SS=0, parents=260, children=0
Async_Iters: 0
T_iter: 0.286774 0.192000 0.156047 0.095075 0.083456 0.277921 0.082145 0.276640 0.079482 0.089864 
T_stage 0: 0.065500 0.052479 0.032698 0.025058 0.013279 0.015221 0.013238 0.013222 0.014076 0.014421 
T_stage 1: 0.226980 0.128004 0.123996 0.070143 0.070082 0.264325 0.068766 0.263282 0.065690 0.076129 
