Config: granularity=100000, SDR=1000, ADR=0, Rigid=1, Capture_Method=0
Stage 0: PT=0, T_stage=0.012350, bytes=0, T_capped=0
Stage 1: PT=6, T_stage=0.000000, bytes=33176880, T_capped=0
Group 1: Iters=10, Procs=364, Factors=1.000000, Dist=2, RM=0, SM=1, RS=0, SS=0, parents=312, children=0
Async_Iters: 0
T_iter: 0.211934 0.137463 0.079760 0.087921 0.296025 0.094725 0.092083 0.098505 0.076026 0.076414 
T_stage 0: 0.045720 0.031946 0.014579 0.016128 0.013393 0.028641 0.013996 0.031945 0.015140 0.014011 
T_stage 1: 0.163592 0.108220 0.066049 0.074494 0.282598 0.066706 0.063048 0.069176 0.062498 0.062679 
Config: granularity=100000, SDR=1000, ADR=0, Rigid=1, Capture_Method=0
Stage 0: PT=0, T_stage=0.012350, bytes=0, T_capped=0
Stage 1: PT=6, T_stage=0.000000, bytes=33176880, T_capped=0
Group 1: Iters=10, Procs=364, Factors=1.000000, Dist=2, RM=0, SM=1, RS=0, SS=0, parents=312, children=0
Async_Iters: 0
T_iter: 0.351857 0.214506 0.088324 0.081848 0.096763 0.142268 0.085733 0.105612 0.092059 0.277524 
T_stage 0: 0.064179 0.057594 0.022743 0.014514 0.014428 0.030776 0.014024 0.013345 0.027222 0.014539 
T_stage 1: 0.287986 0.156659 0.065606 0.068494 0.072458 0.112540 0.072260 0.089048 0.065241 0.264001 
Config: granularity=100000, SDR=1000, ADR=0, Rigid=1, Capture_Method=0
Stage 0: PT=0, T_stage=0.012350, bytes=0, T_capped=0
Stage 1: PT=6, T_stage=0.000000, bytes=33176880, T_capped=0
Group 1: Iters=10, Procs=364, Factors=1.000000, Dist=2, RM=0, SM=1, RS=0, SS=0, parents=312, children=0
Async_Iters: 0
T_iter: 0.515721 0.099958 0.285449 0.078095 0.082856 0.080318 0.083604 0.078885 0.078601 0.085899 
T_stage 0: 0.063928 0.031726 0.013792 0.013425 0.014310 0.014060 0.013508 0.013418 0.013364 0.014276 
T_stage 1: 0.462915 0.070236 0.271910 0.064516 0.069229 0.066861 0.068028 0.065261 0.065094 0.072311 
Config: granularity=100000, SDR=1000, ADR=0, Rigid=1, Capture_Method=0
Stage 0: PT=0, T_stage=0.012350, bytes=0, T_capped=0
Stage 1: PT=6, T_stage=0.000000, bytes=33176880, T_capped=0
Group 1: Iters=10, Procs=364, Factors=1.000000, Dist=2, RM=0, SM=1, RS=0, SS=0, parents=312, children=0
Async_Iters: 0
T_iter: 0.194173 0.079261 0.078388 0.077687 0.081594 0.079257 0.076056 0.077180 0.075763 0.083662 
T_stage 0: 0.062247 0.014426 0.015594 0.015447 0.013515 0.013207 0.013834 0.013254 0.013206 0.013573 
T_stage 1: 0.154084 0.065835 0.064976 0.063912 0.067949 0.065819 0.062663 0.063760 0.062390 0.069758 
Config: granularity=100000, SDR=1000, ADR=0, Rigid=1, Capture_Method=0
Stage 0: PT=0, T_stage=0.012350, bytes=0, T_capped=0
Stage 1: PT=6, T_stage=0.000000, bytes=33176880, T_capped=0
Group 1: Iters=10, Procs=364, Factors=1.000000, Dist=2, RM=0, SM=1, RS=0, SS=0, parents=312, children=0
Async_Iters: 0
T_iter: 0.260525 0.199712 0.160791 0.185567 0.248355 0.335742 0.188029 0.159974 0.199483 0.191831 
T_stage 0: 0.054073 0.031924 0.032050 0.039935 0.056183 0.060562 0.032009 0.031888 0.067448 0.033047 
T_stage 1: 0.200089 0.151913 0.131273 0.127010 0.195382 0.267783 0.151058 0.127947 0.154865 0.146736 
Config: granularity=100000, SDR=1000, ADR=0, Rigid=1, Capture_Method=0
Stage 0: PT=0, T_stage=0.012350, bytes=0, T_capped=0
Stage 1: PT=6, T_stage=0.000000, bytes=33176880, T_capped=0
Group 1: Iters=10, Procs=364, Factors=1.000000, Dist=2, RM=0, SM=1, RS=0, SS=0, parents=312, children=0
Async_Iters: 0
T_iter: 0.424028 0.130010 0.085183 0.084441 0.083494 0.084907 0.079764 0.091275 0.079469 0.078805 
T_stage 0: 0.069909 0.033388 0.017095 0.015564 0.014835 0.017643 0.014199 0.017601 0.015020 0.013642 
T_stage 1: 0.349301 0.100555 0.068201 0.069641 0.069508 0.068321 0.065800 0.071717 0.064558 0.065406 
Config: granularity=100000, SDR=1000, ADR=0, Rigid=1, Capture_Method=0
Stage 0: PT=0, T_stage=0.012350, bytes=0, T_capped=0
Stage 1: PT=6, T_stage=0.000000, bytes=33176880, T_capped=0
Group 1: Iters=10, Procs=364, Factors=1.000000, Dist=2, RM=0, SM=1, RS=0, SS=0, parents=312, children=0
Async_Iters: 0
T_iter: 0.365911 0.113434 0.078745 0.086140 0.082186 0.076693 0.076808 0.077045 0.078371 0.084941 
T_stage 0: 0.057897 0.041691 0.014719 0.014810 0.013992 0.013710 0.013997 0.013496 0.014413 0.014010 
T_stage 1: 0.294935 0.071475 0.065164 0.072653 0.068545 0.063109 0.063344 0.063500 0.064887 0.071093 
Config: granularity=100000, SDR=1000, ADR=0, Rigid=1, Capture_Method=0
Stage 0: PT=0, T_stage=0.012350, bytes=0, T_capped=0
Stage 1: PT=6, T_stage=0.000000, bytes=33176880, T_capped=0
Group 1: Iters=10, Procs=364, Factors=1.000000, Dist=2, RM=0, SM=1, RS=0, SS=0, parents=312, children=0
Async_Iters: 0
T_iter: 0.164915 0.084572 0.077051 0.083411 0.078398 0.077687 0.078482 0.094626 0.076543 0.079676 
T_stage 0: 0.032401 0.021408 0.014529 0.014991 0.014366 0.014790 0.015008 0.014896 0.014539 0.014722 
T_stage 1: 0.139126 0.062982 0.063059 0.069746 0.064379 0.063989 0.064884 0.081179 0.063131 0.066266 
Config: granularity=100000, SDR=1000, ADR=0, Rigid=1, Capture_Method=0
Stage 0: PT=0, T_stage=0.012350, bytes=0, T_capped=0
Stage 1: PT=6, T_stage=0.000000, bytes=33176880, T_capped=0
Group 1: Iters=10, Procs=364, Factors=1.000000, Dist=2, RM=0, SM=1, RS=0, SS=0, parents=312, children=0
Async_Iters: 0
T_iter: 0.288015 0.191797 0.146624 0.295809 0.081553 0.080098 0.080490 0.078426 0.078927 0.080031 
T_stage 0: 0.047880 0.032037 0.032899 0.021634 0.013728 0.015722 0.013885 0.015002 0.013610 0.014640 
T_stage 1: 0.234272 0.146366 0.117464 0.275392 0.067866 0.066763 0.066481 0.064996 0.064619 0.066390 
Config: granularity=100000, SDR=1000, ADR=0, Rigid=1, Capture_Method=0
Stage 0: PT=0, T_stage=0.012350, bytes=0, T_capped=0
Stage 1: PT=6, T_stage=0.000000, bytes=33176880, T_capped=0
Group 1: Iters=10, Procs=364, Factors=1.000000, Dist=2, RM=0, SM=1, RS=0, SS=0, parents=312, children=0
Async_Iters: 0
T_iter: 0.284510 0.085532 0.083462 0.088919 0.079246 0.077442 0.101844 0.076562 0.079560 0.076524 
T_stage 0: 0.057888 0.013541 0.013879 0.013879 0.013304 0.014126 0.013791 0.013421 0.013885 0.013895 
T_stage 1: 0.240307 0.071931 0.069515 0.074379 0.065802 0.063961 0.087882 0.062904 0.066067 0.062340 
Config: granularity=100000, SDR=1000, ADR=0, Rigid=1, Capture_Method=0
Stage 0: PT=0, T_stage=0.012350, bytes=0, T_capped=0
Stage 1: PT=6, T_stage=0.000000, bytes=33176880, T_capped=0
Group 1: Iters=10, Procs=364, Factors=1.000000, Dist=2, RM=0, SM=1, RS=0, SS=0, parents=312, children=0
Async_Iters: 0
T_iter: 0.267601 0.138108 0.098535 0.098944 0.098885 0.098791 0.098696 0.099076 0.099538 0.098945 
T_stage 0: 0.044170 0.046576 0.014512 0.015880 0.014575 0.013559 0.013767 0.014039 0.015267 0.013935 
T_stage 1: 0.235931 0.091748 0.085096 0.085473 0.085418 0.085306 0.085250 0.085522 0.085990 0.085384 
Config: granularity=100000, SDR=1000, ADR=0, Rigid=1, Capture_Method=0
Stage 0: PT=0, T_stage=0.012350, bytes=0, T_capped=0
Stage 1: PT=6, T_stage=0.000000, bytes=33176880, T_capped=0
Group 1: Iters=10, Procs=364, Factors=1.000000, Dist=2, RM=0, SM=1, RS=0, SS=0, parents=312, children=0
Async_Iters: 0
T_iter: 0.249599 0.388006 0.100985 0.092683 0.087154 0.078117 0.084930 0.077989 0.082349 0.281771 
T_stage 0: 0.053683 0.038196 0.031948 0.014008 0.014925 0.014042 0.014607 0.014511 0.016212 0.014235 
T_stage 1: 0.196156 0.342113 0.071815 0.078633 0.072552 0.064095 0.070014 0.063974 0.068327 0.267831 
Config: granularity=100000, SDR=1000, ADR=0, Rigid=1, Capture_Method=0
Stage 0: PT=0, T_stage=0.012350, bytes=0, T_capped=0
Stage 1: PT=6, T_stage=0.000000, bytes=33176880, T_capped=0
Group 1: Iters=10, Procs=364, Factors=1.000000, Dist=2, RM=0, SM=1, RS=0, SS=0, parents=312, children=0
Async_Iters: 0
T_iter: 0.199730 0.155927 0.120059 0.288126 0.078002 0.078923 0.081147 0.080615 0.280981 0.076957 
T_stage 0: 0.052386 0.031997 0.032141 0.013703 0.013373 0.015198 0.013718 0.013514 0.220386 0.013856 
T_stage 1: 0.158839 0.119590 0.090644 0.274228 0.064583 0.065388 0.067522 0.067176 0.267521 0.063533 
Config: granularity=100000, SDR=1000, ADR=0, Rigid=1, Capture_Method=0
Stage 0: PT=0, T_stage=0.012350, bytes=0, T_capped=0
Stage 1: PT=6, T_stage=0.000000, bytes=33176880, T_capped=0
Group 1: Iters=10, Procs=364, Factors=1.000000, Dist=2, RM=0, SM=1, RS=0, SS=0, parents=312, children=0
Async_Iters: 0
T_iter: 0.197544 0.104012 0.077853 0.082379 0.080898 0.076091 0.084842 0.077112 0.081428 0.076213 
T_stage 0: 0.031960 0.028837 0.013782 0.015306 0.015430 0.014348 0.016157 0.013224 0.013834 0.014018 
T_stage 1: 0.171519 0.075010 0.064199 0.068624 0.067224 0.062660 0.071232 0.063173 0.067958 0.062799 
Config: granularity=100000, SDR=1000, ADR=0, Rigid=1, Capture_Method=0
Stage 0: PT=0, T_stage=0.012350, bytes=0, T_capped=0
Stage 1: PT=6, T_stage=0.000000, bytes=33176880, T_capped=0
Group 1: Iters=10, Procs=364, Factors=1.000000, Dist=2, RM=0, SM=1, RS=0, SS=0, parents=312, children=0
Async_Iters: 0
T_iter: 0.233764 0.095589 0.277427 0.082324 0.079838 0.078220 0.078009 0.076655 0.075887 0.077636 
T_stage 0: 0.040153 0.025556 0.015733 0.014523 0.014262 0.013597 0.015022 0.013424 0.014007 0.013866 
T_stage 1: 0.199986 0.069942 0.263302 0.068400 0.066347 0.064712 0.064344 0.062723 0.062280 0.064078 
Config: granularity=100000, SDR=1000, ADR=0, Rigid=1, Capture_Method=0
Stage 0: PT=0, T_stage=0.012350, bytes=0, T_capped=0
Stage 1: PT=6, T_stage=0.000000, bytes=33176880, T_capped=0
Group 1: Iters=10, Procs=364, Factors=1.000000, Dist=2, RM=0, SM=1, RS=0, SS=0, parents=312, children=0
Async_Iters: 0
T_iter: 0.348058 0.133234 0.095533 0.083425 0.076950 0.079361 0.078814 0.077697 0.081403 0.075932 
T_stage 0: 0.058870 0.031854 0.018052 0.014114 0.013809 0.014723 0.013964 0.014251 0.014304 0.013533 
T_stage 1: 0.291126 0.103399 0.078326 0.069483 0.063110 0.065976 0.065415 0.064270 0.067932 0.062383 
Config: granularity=100000, SDR=1000, ADR=0, Rigid=1, Capture_Method=0
Stage 0: PT=0, T_stage=0.012350, bytes=0, T_capped=0
Stage 1: PT=6, T_stage=0.000000, bytes=33176880, T_capped=0
Group 1: Iters=10, Procs=364, Factors=1.000000, Dist=2, RM=0, SM=1, RS=0, SS=0, parents=312, children=0
Async_Iters: 0
T_iter: 0.130765 0.131072 0.102507 0.101842 0.101561 0.101689 0.102348 0.101956 0.101443 0.101571 
T_stage 0: 0.027626 0.014904 0.015233 0.014122 0.014699 0.013727 0.013822 0.014719 0.014157 0.015078 
T_stage 1: 0.102928 0.117056 0.088424 0.088225 0.088108 0.087944 0.088439 0.088142 0.087988 0.088187 
Config: granularity=100000, SDR=1000, ADR=0, Rigid=1, Capture_Method=0
Stage 0: PT=0, T_stage=0.012350, bytes=0, T_capped=0
Stage 1: PT=6, T_stage=0.000000, bytes=33176880, T_capped=0
Group 1: Iters=10, Procs=364, Factors=1.000000, Dist=2, RM=0, SM=1, RS=0, SS=0, parents=312, children=0
Async_Iters: 0
T_iter: 0.335486 0.144582 0.102161 0.290533 0.077025 0.083177 0.077849 0.079468 0.285805 0.090955 
T_stage 0: 0.053175 0.044009 0.014462 0.014494 0.013912 0.014204 0.014291 0.013804 0.014395 0.014411 
T_stage 1: 0.276213 0.102831 0.087284 0.276536 0.062979 0.069195 0.063921 0.065430 0.271214 0.076978 
Config: granularity=100000, SDR=1000, ADR=0, Rigid=1, Capture_Method=0
Stage 0: PT=0, T_stage=0.012350, bytes=0, T_capped=0
Stage 1: PT=6, T_stage=0.000000, bytes=33176880, T_capped=0
Group 1: Iters=10, Procs=364, Factors=1.000000, Dist=2, RM=0, SM=1, RS=0, SS=0, parents=312, children=0
Async_Iters: 0
T_iter: 0.192714 0.187838 0.096921 0.081753 0.077668 0.076722 0.078233 0.081246 0.078983 0.077424 
T_stage 0: 0.061245 0.047890 0.032719 0.014886 0.014772 0.014060 0.014614 0.014284 0.013461 0.014859 
T_stage 1: 0.150467 0.150808 0.067784 0.068181 0.064209 0.062589 0.064722 0.067677 0.065450 0.063836 
Config: granularity=100000, SDR=1000, ADR=0, Rigid=1, Capture_Method=0
Stage 0: PT=0, T_stage=0.012350, bytes=0, T_capped=0
Stage 1: PT=6, T_stage=0.000000, bytes=33176880, T_capped=0
Group 1: Iters=10, Procs=364, Factors=1.000000, Dist=2, RM=0, SM=1, RS=0, SS=0, parents=312, children=0
Async_Iters: 0
T_iter: 0.120665 0.082870 0.083882 0.287505 0.090131 0.078583 0.082240 0.076369 0.077369 0.281674 
T_stage 0: 0.026606 0.016213 0.013758 0.015305 0.014470 0.015269 0.014667 0.013832 0.014727 0.014739 
T_stage 1: 0.093773 0.068435 0.069287 0.273430 0.075696 0.064622 0.068282 0.062537 0.063329 0.266995 
