Config loaded: R=1, S=2, granularity=100000, SDR=1000, ADR=0, Rigid=1, Capture_Method=0
Stage 0: PT=0, T_stage=0.012350, bytes=0, T_capped=0
Stage 1: PT=6, T_stage=0.000000, bytes=33176880, T_capped=0
Group 0: Iters=5, Procs=312, Factors=1.000000, Dist=2, RM=0, SM=0, RS=0, SS=0
Group 1: Iters=10, Procs=364, Factors=1.000000, Dist=2, RM=0, SM=1, RS=0, SS=0
T_spawn: 1.897398 
T_SR: 0.028033 
T_AR: 0.000000 
T_US: 0.146494 
T_Malleability: 2.268141 
T_total: 3.936427
Config loaded: R=1, S=2, granularity=100000, SDR=1000, ADR=0, Rigid=1, Capture_Method=0
Stage 0: PT=0, T_stage=0.012350, bytes=0, T_capped=0
Stage 1: PT=6, T_stage=0.000000, bytes=33176880, T_capped=0
Group 0: Iters=5, Procs=312, Factors=1.000000, Dist=2, RM=0, SM=0, RS=0, SS=0
Group 1: Iters=10, Procs=364, Factors=1.000000, Dist=2, RM=0, SM=1, RS=0, SS=0
T_spawn: 1.836332 
T_SR: 0.054255 
T_AR: 0.000000 
T_US: 0.104843 
T_Malleability: 2.242696 
T_total: 4.239581
Config loaded: R=1, S=2, granularity=100000, SDR=1000, ADR=0, Rigid=1, Capture_Method=0
Stage 0: PT=0, T_stage=0.012350, bytes=0, T_capped=0
Stage 1: PT=6, T_stage=0.000000, bytes=33176880, T_capped=0
Group 0: Iters=5, Procs=312, Factors=1.000000, Dist=2, RM=0, SM=0, RS=0, SS=0
Group 1: Iters=10, Procs=364, Factors=1.000000, Dist=2, RM=0, SM=1, RS=0, SS=0
T_spawn: 1.747541 
T_SR: 0.083593 
T_AR: 0.000000 
T_US: 0.132211 
T_Malleability: 2.201032 
T_total: 4.107109
Config loaded: R=1, S=2, granularity=100000, SDR=1000, ADR=0, Rigid=1, Capture_Method=0
Stage 0: PT=0, T_stage=0.012350, bytes=0, T_capped=0
Stage 1: PT=6, T_stage=0.000000, bytes=33176880, T_capped=0
Group 0: Iters=5, Procs=312, Factors=1.000000, Dist=2, RM=0, SM=0, RS=0, SS=0
Group 1: Iters=10, Procs=364, Factors=1.000000, Dist=2, RM=0, SM=1, RS=0, SS=0
T_spawn: 1.800094 
T_SR: 0.035197 
T_AR: 0.000000 
T_US: 0.123500 
T_Malleability: 2.159721 
T_total: 3.503861
Config loaded: R=1, S=2, granularity=100000, SDR=1000, ADR=0, Rigid=1, Capture_Method=0
Stage 0: PT=0, T_stage=0.012350, bytes=0, T_capped=0
Stage 1: PT=6, T_stage=0.000000, bytes=33176880, T_capped=0
Group 0: Iters=5, Procs=312, Factors=1.000000, Dist=2, RM=0, SM=0, RS=0, SS=0
Group 1: Iters=10, Procs=364, Factors=1.000000, Dist=2, RM=0, SM=1, RS=0, SS=0
T_spawn: 2.093591 
T_SR: 0.063546 
T_AR: 0.000000 
T_US: 0.100189 
T_Malleability: 2.508091 
T_total: 5.819013
Config loaded: R=1, S=2, granularity=100000, SDR=1000, ADR=0, Rigid=1, Capture_Method=0
Stage 0: PT=0, T_stage=0.012350, bytes=0, T_capped=0
Stage 1: PT=6, T_stage=0.000000, bytes=33176880, T_capped=0
Group 0: Iters=5, Procs=312, Factors=1.000000, Dist=2, RM=0, SM=0, RS=0, SS=0
Group 1: Iters=10, Procs=364, Factors=1.000000, Dist=2, RM=0, SM=1, RS=0, SS=0
T_spawn: 1.782515 
T_SR: 0.047897 
T_AR: 0.000000 
T_US: 0.164740 
T_Malleability: 2.299430 
T_total: 4.003361
Config loaded: R=1, S=2, granularity=100000, SDR=1000, ADR=0, Rigid=1, Capture_Method=0
Stage 0: PT=0, T_stage=0.012350, bytes=0, T_capped=0
Stage 1: PT=6, T_stage=0.000000, bytes=33176880, T_capped=0
Group 0: Iters=5, Procs=312, Factors=1.000000, Dist=2, RM=0, SM=0, RS=0, SS=0
Group 1: Iters=10, Procs=364, Factors=1.000000, Dist=2, RM=0, SM=1, RS=0, SS=0
T_spawn: 1.834200 
T_SR: 0.063084 
T_AR: 0.000000 
T_US: 0.131287 
T_Malleability: 2.305460 
T_total: 3.857610
Config loaded: R=1, S=2, granularity=100000, SDR=1000, ADR=0, Rigid=1, Capture_Method=0
Stage 0: PT=0, T_stage=0.012350, bytes=0, T_capped=0
Stage 1: PT=6, T_stage=0.000000, bytes=33176880, T_capped=0
Group 0: Iters=5, Procs=312, Factors=1.000000, Dist=2, RM=0, SM=0, RS=0, SS=0
Group 1: Iters=10, Procs=364, Factors=1.000000, Dist=2, RM=0, SM=1, RS=0, SS=0
T_spawn: 1.755629 
T_SR: 0.019679 
T_AR: 0.000000 
T_US: 0.135929 
T_Malleability: 2.095311 
T_total: 3.421711
Config loaded: R=1, S=2, granularity=100000, SDR=1000, ADR=0, Rigid=1, Capture_Method=0
Stage 0: PT=0, T_stage=0.012350, bytes=0, T_capped=0
Stage 1: PT=6, T_stage=0.000000, bytes=33176880, T_capped=0
Group 0: Iters=5, Procs=312, Factors=1.000000, Dist=2, RM=0, SM=0, RS=0, SS=0
Group 1: Iters=10, Procs=364, Factors=1.000000, Dist=2, RM=0, SM=1, RS=0, SS=0
T_spawn: 1.817128 
T_SR: 0.036434 
T_AR: 0.000000 
T_US: 0.162784 
T_Malleability: 2.269853 
T_total: 4.153310
Config loaded: R=1, S=2, granularity=100000, SDR=1000, ADR=0, Rigid=1, Capture_Method=0
Stage 0: PT=0, T_stage=0.012350, bytes=0, T_capped=0
Stage 1: PT=6, T_stage=0.000000, bytes=33176880, T_capped=0
Group 0: Iters=5, Procs=312, Factors=1.000000, Dist=2, RM=0, SM=0, RS=0, SS=0
Group 1: Iters=10, Procs=364, Factors=1.000000, Dist=2, RM=0, SM=1, RS=0, SS=0
T_spawn: 1.727669 
T_SR: 0.045650 
T_AR: 0.000000 
T_US: 0.144530 
T_Malleability: 2.160118 
T_total: 3.637765
Config loaded: R=1, S=2, granularity=100000, SDR=1000, ADR=0, Rigid=1, Capture_Method=0
Stage 0: PT=0, T_stage=0.012350, bytes=0, T_capped=0
Stage 1: PT=6, T_stage=0.000000, bytes=33176880, T_capped=0
Group 0: Iters=5, Procs=312, Factors=1.000000, Dist=2, RM=0, SM=0, RS=0, SS=0
Group 1: Iters=10, Procs=364, Factors=1.000000, Dist=2, RM=0, SM=1, RS=0, SS=0
T_spawn: 1.838632 
T_SR: 0.027630 
T_AR: 0.000000 
T_US: 0.070277 
T_Malleability: 2.095801 
T_total: 3.837440
Config loaded: R=1, S=2, granularity=100000, SDR=1000, ADR=0, Rigid=1, Capture_Method=0
Stage 0: PT=0, T_stage=0.012350, bytes=0, T_capped=0
Stage 1: PT=6, T_stage=0.000000, bytes=33176880, T_capped=0
Group 0: Iters=5, Procs=312, Factors=1.000000, Dist=2, RM=0, SM=0, RS=0, SS=0
Group 1: Iters=10, Procs=364, Factors=1.000000, Dist=2, RM=0, SM=1, RS=0, SS=0
T_spawn: 1.930379 
T_SR: 0.065965 
T_AR: 0.000000 
T_US: 0.147742 
T_Malleability: 2.376475 
T_total: 4.353909
Config loaded: R=1, S=2, granularity=100000, SDR=1000, ADR=0, Rigid=1, Capture_Method=0
Stage 0: PT=0, T_stage=0.012350, bytes=0, T_capped=0
Stage 1: PT=6, T_stage=0.000000, bytes=33176880, T_capped=0
Group 0: Iters=5, Procs=312, Factors=1.000000, Dist=2, RM=0, SM=0, RS=0, SS=0
Group 1: Iters=10, Procs=364, Factors=1.000000, Dist=2, RM=0, SM=1, RS=0, SS=0
T_spawn: 1.872756 
T_SR: 0.027062 
T_AR: 0.000000 
T_US: 0.126997 
T_Malleability: 2.217370 
T_total: 4.123119
Config loaded: R=1, S=2, granularity=100000, SDR=1000, ADR=0, Rigid=1, Capture_Method=0
Stage 0: PT=0, T_stage=0.012350, bytes=0, T_capped=0
Stage 1: PT=6, T_stage=0.000000, bytes=33176880, T_capped=0
Group 0: Iters=5, Procs=312, Factors=1.000000, Dist=2, RM=0, SM=0, RS=0, SS=0
Group 1: Iters=10, Procs=364, Factors=1.000000, Dist=2, RM=0, SM=1, RS=0, SS=0
T_spawn: 1.838286 
T_SR: 0.021858 
T_AR: 0.000000 
T_US: 0.170833 
T_Malleability: 2.189385 
T_total: 3.544426
Config loaded: R=1, S=2, granularity=100000, SDR=1000, ADR=0, Rigid=1, Capture_Method=0
Stage 0: PT=0, T_stage=0.012350, bytes=0, T_capped=0
Stage 1: PT=6, T_stage=0.000000, bytes=33176880, T_capped=0
Group 0: Iters=5, Procs=312, Factors=1.000000, Dist=2, RM=0, SM=0, RS=0, SS=0
Group 1: Iters=10, Procs=364, Factors=1.000000, Dist=2, RM=0, SM=1, RS=0, SS=0
T_spawn: 1.754608 
T_SR: 0.047838 
T_AR: 0.000000 
T_US: 0.154067 
T_Malleability: 2.195029 
T_total: 3.769425
Config loaded: R=1, S=2, granularity=100000, SDR=1000, ADR=0, Rigid=1, Capture_Method=0
Stage 0: PT=0, T_stage=0.012350, bytes=0, T_capped=0
Stage 1: PT=6, T_stage=0.000000, bytes=33176880, T_capped=0
Group 0: Iters=5, Procs=312, Factors=1.000000, Dist=2, RM=0, SM=0, RS=0, SS=0
Group 1: Iters=10, Procs=364, Factors=1.000000, Dist=2, RM=0, SM=1, RS=0, SS=0
T_spawn: 1.891642 
T_SR: 0.060315 
T_AR: 0.000000 
T_US: 0.092124 
T_Malleability: 2.259674 
T_total: 3.827539
Config loaded: R=1, S=2, granularity=100000, SDR=1000, ADR=0, Rigid=1, Capture_Method=0
Stage 0: PT=0, T_stage=0.012350, bytes=0, T_capped=0
Stage 1: PT=6, T_stage=0.000000, bytes=33176880, T_capped=0
Group 0: Iters=5, Procs=312, Factors=1.000000, Dist=2, RM=0, SM=0, RS=0, SS=0
Group 1: Iters=10, Procs=364, Factors=1.000000, Dist=2, RM=0, SM=1, RS=0, SS=0
T_spawn: 1.715174 
T_SR: 0.023685 
T_AR: 0.000000 
T_US: 0.143247 
T_Malleability: 2.039375 
T_total: 3.665404
Config loaded: R=1, S=2, granularity=100000, SDR=1000, ADR=0, Rigid=1, Capture_Method=0
Stage 0: PT=0, T_stage=0.012350, bytes=0, T_capped=0
Stage 1: PT=6, T_stage=0.000000, bytes=33176880, T_capped=0
Group 0: Iters=5, Procs=312, Factors=1.000000, Dist=2, RM=0, SM=0, RS=0, SS=0
Group 1: Iters=10, Procs=364, Factors=1.000000, Dist=2, RM=0, SM=1, RS=0, SS=0
T_spawn: 1.837938 
T_SR: 0.073183 
T_AR: 0.000000 
T_US: 0.138341 
T_Malleability: 2.235622 
T_total: 4.246373
Config loaded: R=1, S=2, granularity=100000, SDR=1000, ADR=0, Rigid=1, Capture_Method=0
Stage 0: PT=0, T_stage=0.012350, bytes=0, T_capped=0
Stage 1: PT=6, T_stage=0.000000, bytes=33176880, T_capped=0
Group 0: Iters=5, Procs=312, Factors=1.000000, Dist=2, RM=0, SM=0, RS=0, SS=0
Group 1: Iters=10, Procs=364, Factors=1.000000, Dist=2, RM=0, SM=1, RS=0, SS=0
T_spawn: 1.906850 
T_SR: 0.029965 
T_AR: 0.000000 
T_US: 0.142949 
T_Malleability: 2.318861 
T_total: 3.779179
Config loaded: R=1, S=2, granularity=100000, SDR=1000, ADR=0, Rigid=1, Capture_Method=0
Stage 0: PT=0, T_stage=0.012350, bytes=0, T_capped=0
Stage 1: PT=6, T_stage=0.000000, bytes=33176880, T_capped=0
Group 0: Iters=5, Procs=312, Factors=1.000000, Dist=2, RM=0, SM=0, RS=0, SS=0
Group 1: Iters=10, Procs=364, Factors=1.000000, Dist=2, RM=0, SM=1, RS=0, SS=0
T_spawn: 1.986831 
T_SR: 0.011115 
T_AR: 0.000000 
T_US: 0.149234 
T_Malleability: 2.325175 
T_total: 4.137884
