Config: granularity=100000, SDR=1000, ADR=0, Rigid=1, Capture_Method=0
Stage 0: PT=0, T_stage=0.012350, bytes=0, T_capped=0
Stage 1: PT=6, T_stage=0.000000, bytes=33176880, T_capped=0
Group 1: Iters=10, Procs=364, Factors=1.000000, Dist=2, RM=0, SM=1, RS=0, SS=0, parents=416, children=0
Async_Iters: 0
T_iter: 0.191914 0.085251 0.078335 0.075048 0.073762 0.077763 0.074604 0.075528 0.074823 0.073123 
T_stage 0: 0.054649 0.024637 0.013152 0.013130 0.013123 0.013122 0.013125 0.013135 0.013124 0.013120 
T_stage 1: 0.151716 0.060537 0.065010 0.061780 0.060492 0.064517 0.061323 0.062268 0.061576 0.059881 
Config: granularity=100000, SDR=1000, ADR=0, Rigid=1, Capture_Method=0
Stage 0: PT=0, T_stage=0.012350, bytes=0, T_capped=0
Stage 1: PT=6, T_stage=0.000000, bytes=33176880, T_capped=0
Group 1: Iters=10, Procs=364, Factors=1.000000, Dist=2, RM=0, SM=1, RS=0, SS=0, parents=416, children=0
Async_Iters: 0
T_iter: 0.208826 0.160013 0.092357 0.080884 0.078338 0.077632 0.076472 0.077519 0.080497 0.077124 
T_stage 0: 0.051034 0.032005 0.028815 0.013458 0.013439 0.013453 0.013437 0.013449 0.013463 0.013457 
T_stage 1: 0.139017 0.111926 0.063419 0.067290 0.064760 0.064050 0.062919 0.063937 0.066887 0.063528 
Config: granularity=100000, SDR=1000, ADR=0, Rigid=1, Capture_Method=0
Stage 0: PT=0, T_stage=0.012350, bytes=0, T_capped=0
Stage 1: PT=6, T_stage=0.000000, bytes=33176880, T_capped=0
Group 1: Iters=10, Procs=364, Factors=1.000000, Dist=2, RM=0, SM=1, RS=0, SS=0, parents=416, children=0
Async_Iters: 0
T_iter: 0.202104 0.078248 0.093856 0.074292 0.077323 0.074735 0.074847 0.074950 0.074569 0.075737 
T_stage 0: 0.032001 0.013109 0.030057 0.013107 0.013145 0.013115 0.013137 0.013139 0.013120 0.013113 
T_stage 1: 0.171071 0.064976 0.063741 0.061044 0.063953 0.061370 0.061597 0.061592 0.061303 0.062435 
Config: granularity=100000, SDR=1000, ADR=0, Rigid=1, Capture_Method=0
Stage 0: PT=0, T_stage=0.012350, bytes=0, T_capped=0
Stage 1: PT=6, T_stage=0.000000, bytes=33176880, T_capped=0
Group 1: Iters=10, Procs=364, Factors=1.000000, Dist=2, RM=0, SM=1, RS=0, SS=0, parents=416, children=0
Async_Iters: 0
T_iter: 0.203999 0.191917 0.159917 0.155916 0.089204 0.077199 0.076698 0.077204 0.077983 0.077309 
T_stage 0: 0.032435 0.063916 0.031919 0.031913 0.028061 0.013173 0.012996 0.012995 0.013366 0.013307 
T_stage 1: 0.162498 0.128006 0.118568 0.108011 0.063713 0.063930 0.063577 0.064079 0.064494 0.063832 
Config: granularity=100000, SDR=1000, ADR=0, Rigid=1, Capture_Method=0
Stage 0: PT=0, T_stage=0.012350, bytes=0, T_capped=0
Stage 1: PT=6, T_stage=0.000000, bytes=33176880, T_capped=0
Group 1: Iters=10, Procs=364, Factors=1.000000, Dist=2, RM=0, SM=1, RS=0, SS=0, parents=416, children=0
Async_Iters: 0
T_iter: 0.283915 0.130550 0.075195 0.072480 0.074413 0.075087 0.074356 0.075148 0.073451 0.074661 
T_stage 0: 0.054635 0.031922 0.013247 0.013252 0.013324 0.013273 0.013244 0.013254 0.013244 0.013222 
T_stage 1: 0.227999 0.104909 0.061741 0.059121 0.060943 0.061740 0.061004 0.061737 0.060110 0.061311 
Config: granularity=100000, SDR=1000, ADR=0, Rigid=1, Capture_Method=0
Stage 0: PT=0, T_stage=0.012350, bytes=0, T_capped=0
Stage 1: PT=6, T_stage=0.000000, bytes=33176880, T_capped=0
Group 1: Iters=10, Procs=364, Factors=1.000000, Dist=2, RM=0, SM=1, RS=0, SS=0, parents=416, children=0
Async_Iters: 0
T_iter: 0.142833 0.078088 0.096864 0.077751 0.077195 0.077195 0.079050 0.078342 0.077397 0.076815 
T_stage 0: 0.031150 0.013466 0.032332 0.013424 0.013450 0.013455 0.013460 0.013459 0.013438 0.013481 
T_stage 1: 0.115607 0.064387 0.064466 0.064226 0.063634 0.063591 0.065465 0.064774 0.063828 0.063226 
Config: granularity=100000, SDR=1000, ADR=0, Rigid=1, Capture_Method=0
Stage 0: PT=0, T_stage=0.012350, bytes=0, T_capped=0
Stage 1: PT=6, T_stage=0.000000, bytes=33176880, T_capped=0
Group 1: Iters=10, Procs=364, Factors=1.000000, Dist=2, RM=0, SM=1, RS=0, SS=0, parents=416, children=0
Async_Iters: 0
T_iter: 0.094402 0.079332 0.079753 0.079234 0.079467 0.079544 0.079979 0.078580 0.078380 0.078008 
T_stage 0: 0.015094 0.013011 0.013377 0.013039 0.013077 0.013076 0.012995 0.013078 0.012999 0.013005 
T_stage 1: 0.079245 0.066193 0.066223 0.065986 0.066220 0.066332 0.066786 0.065332 0.065216 0.064860 
Config: granularity=100000, SDR=1000, ADR=0, Rigid=1, Capture_Method=0
Stage 0: PT=0, T_stage=0.012350, bytes=0, T_capped=0
Stage 1: PT=6, T_stage=0.000000, bytes=33176880, T_capped=0
Group 1: Iters=10, Procs=364, Factors=1.000000, Dist=2, RM=0, SM=1, RS=0, SS=0, parents=416, children=0
Async_Iters: 0
T_iter: 0.109507 0.075587 0.076496 0.075482 0.075857 0.075693 0.075625 0.074858 0.075004 0.075386 
T_stage 0: 0.032406 0.012982 0.013301 0.012996 0.013015 0.013058 0.013009 0.013007 0.013007 0.013000 
T_stage 1: 0.076942 0.062491 0.062996 0.062326 0.062710 0.062464 0.062408 0.061712 0.061862 0.062123 
Config: granularity=100000, SDR=1000, ADR=0, Rigid=1, Capture_Method=0
Stage 0: PT=0, T_stage=0.012350, bytes=0, T_capped=0
Stage 1: PT=6, T_stage=0.000000, bytes=33176880, T_capped=0
Group 1: Iters=10, Procs=364, Factors=1.000000, Dist=2, RM=0, SM=1, RS=0, SS=0, parents=416, children=0
Async_Iters: 0
T_iter: 0.288000 0.179836 0.131294 0.074423 0.073830 0.073841 0.074500 0.075003 0.074623 0.074484 
T_stage 0: 0.039894 0.032008 0.031919 0.013110 0.013155 0.013098 0.013109 0.013318 0.013100 0.013200 
T_stage 1: 0.224004 0.127999 0.105829 0.061171 0.060538 0.060611 0.061272 0.061564 0.061347 0.061155 
Config: granularity=100000, SDR=1000, ADR=0, Rigid=1, Capture_Method=0
Stage 0: PT=0, T_stage=0.012350, bytes=0, T_capped=0
Stage 1: PT=6, T_stage=0.000000, bytes=33176880, T_capped=0
Group 1: Iters=10, Procs=364, Factors=1.000000, Dist=2, RM=0, SM=1, RS=0, SS=0, parents=416, children=0
Async_Iters: 0
T_iter: 0.319843 0.223911 0.090702 0.077944 0.077646 0.078332 0.077962 0.077690 0.079325 0.077907 
T_stage 0: 0.039853 0.031922 0.025863 0.012999 0.013379 0.013352 0.013367 0.013064 0.012984 0.012993 
T_stage 1: 0.257156 0.159997 0.064720 0.064836 0.064138 0.064873 0.064514 0.064507 0.066138 0.064741 
Config: granularity=100000, SDR=1000, ADR=0, Rigid=1, Capture_Method=0
Stage 0: PT=0, T_stage=0.012350, bytes=0, T_capped=0
Stage 1: PT=6, T_stage=0.000000, bytes=33176880, T_capped=0
Group 1: Iters=10, Procs=364, Factors=1.000000, Dist=2, RM=0, SM=1, RS=0, SS=0, parents=416, children=0
Async_Iters: 0
T_iter: 0.272003 0.119173 0.080550 0.079900 0.075978 0.075378 0.075636 0.078594 0.099437 0.087539 
T_stage 0: 0.061293 0.041759 0.014613 0.013243 0.013234 0.013158 0.013302 0.013105 0.017640 0.013101 
T_stage 1: 0.210179 0.077309 0.065827 0.066541 0.062592 0.062101 0.062203 0.065309 0.081689 0.074357 
Config: granularity=100000, SDR=1000, ADR=0, Rigid=1, Capture_Method=0
Stage 0: PT=0, T_stage=0.012350, bytes=0, T_capped=0
Stage 1: PT=6, T_stage=0.000000, bytes=33176880, T_capped=0
Group 1: Iters=10, Procs=364, Factors=1.000000, Dist=2, RM=0, SM=1, RS=0, SS=0, parents=416, children=0
Async_Iters: 0
T_iter: 0.327894 0.121777 0.077655 0.078015 0.077751 0.077755 0.076549 0.077389 0.076984 0.077513 
T_stage 0: 0.032003 0.047902 0.012988 0.012992 0.013065 0.013064 0.013001 0.013021 0.013004 0.013022 
T_stage 1: 0.264085 0.089581 0.064487 0.064865 0.064493 0.064539 0.063402 0.064203 0.063834 0.064354 
Config: granularity=100000, SDR=1000, ADR=0, Rigid=1, Capture_Method=0
Stage 0: PT=0, T_stage=0.012350, bytes=0, T_capped=0
Stage 1: PT=6, T_stage=0.000000, bytes=33176880, T_capped=0
Group 1: Iters=10, Procs=364, Factors=1.000000, Dist=2, RM=0, SM=1, RS=0, SS=0, parents=416, children=0
Async_Iters: 0
T_iter: 0.112878 0.077372 0.075323 0.071235 0.079280 0.078920 0.077081 0.085488 0.081590 0.075224 
T_stage 0: 0.030959 0.013335 0.013103 0.013046 0.013009 0.012977 0.012981 0.012998 0.012984 0.012997 
T_stage 1: 0.088287 0.063955 0.062174 0.058110 0.066149 0.065859 0.064009 0.072387 0.068505 0.062130 
Config: granularity=100000, SDR=1000, ADR=0, Rigid=1, Capture_Method=0
Stage 0: PT=0, T_stage=0.012350, bytes=0, T_capped=0
Stage 1: PT=6, T_stage=0.000000, bytes=33176880, T_capped=0
Group 1: Iters=10, Procs=364, Factors=1.000000, Dist=2, RM=0, SM=1, RS=0, SS=0, parents=416, children=0
Async_Iters: 0
T_iter: 0.095201 0.096067 0.079374 0.078568 0.077513 0.078343 0.078616 0.078425 0.078866 0.078430 
T_stage 0: 0.013872 0.031360 0.013636 0.012984 0.013004 0.013065 0.013013 0.013008 0.012997 0.013061 
T_stage 1: 0.081293 0.064592 0.065612 0.065378 0.064391 0.065163 0.065465 0.065257 0.065695 0.064924 
Config: granularity=100000, SDR=1000, ADR=0, Rigid=1, Capture_Method=0
Stage 0: PT=0, T_stage=0.012350, bytes=0, T_capped=0
Stage 1: PT=6, T_stage=0.000000, bytes=33176880, T_capped=0
Group 1: Iters=10, Procs=364, Factors=1.000000, Dist=2, RM=0, SM=1, RS=0, SS=0, parents=416, children=0
Async_Iters: 0
T_iter: 0.354241 0.146257 0.079361 0.078264 0.078281 0.092275 0.083679 0.088296 0.097994 0.100688 
T_stage 0: 0.066249 0.031902 0.014104 0.013029 0.012983 0.013026 0.016013 0.014833 0.032426 0.029356 
T_stage 1: 0.259856 0.114766 0.065407 0.065036 0.065061 0.079124 0.067221 0.073402 0.065536 0.071210 
Config: granularity=100000, SDR=1000, ADR=0, Rigid=1, Capture_Method=0
Stage 0: PT=0, T_stage=0.012350, bytes=0, T_capped=0
Stage 1: PT=6, T_stage=0.000000, bytes=33176880, T_capped=0
Group 1: Iters=10, Procs=364, Factors=1.000000, Dist=2, RM=0, SM=1, RS=0, SS=0, parents=416, children=0
Async_Iters: 0
T_iter: 0.173428 0.094695 0.075293 0.074819 0.075618 0.075691 0.075423 0.075579 0.075218 0.075107 
T_stage 0: 0.031998 0.032412 0.013029 0.013003 0.013010 0.013006 0.013008 0.013034 0.013161 0.013007 
T_stage 1: 0.139919 0.062207 0.062131 0.061706 0.062451 0.062576 0.062284 0.062421 0.062023 0.061969 
Config: granularity=100000, SDR=1000, ADR=0, Rigid=1, Capture_Method=0
Stage 0: PT=0, T_stage=0.012350, bytes=0, T_capped=0
Stage 1: PT=6, T_stage=0.000000, bytes=33176880, T_capped=0
Group 1: Iters=10, Procs=364, Factors=1.000000, Dist=2, RM=0, SM=1, RS=0, SS=0, parents=416, children=0
Async_Iters: 0
T_iter: 0.191996 0.088392 0.084189 0.084200 0.084260 0.084132 0.084116 0.084253 0.084370 0.084403 
T_stage 0: 0.030918 0.017415 0.013099 0.013099 0.013152 0.013098 0.013109 0.013091 0.013119 0.013110 
T_stage 1: 0.144000 0.070737 0.070927 0.070897 0.070928 0.070951 0.070918 0.071016 0.071137 0.071186 
Config: granularity=100000, SDR=1000, ADR=0, Rigid=1, Capture_Method=0
Stage 0: PT=0, T_stage=0.012350, bytes=0, T_capped=0
Stage 1: PT=6, T_stage=0.000000, bytes=33176880, T_capped=0
Group 1: Iters=10, Procs=364, Factors=1.000000, Dist=2, RM=0, SM=1, RS=0, SS=0, parents=416, children=0
Async_Iters: 0
T_iter: 0.211992 0.094095 0.075364 0.076031 0.075227 0.075696 0.075932 0.075470 0.074445 0.076674 
T_stage 0: 0.059992 0.032012 0.012988 0.012999 0.013030 0.013000 0.012991 0.012991 0.012992 0.013010 
T_stage 1: 0.140997 0.061935 0.062205 0.062863 0.062065 0.062560 0.062803 0.062369 0.061368 0.063555 
Config: granularity=100000, SDR=1000, ADR=0, Rigid=1, Capture_Method=0
Stage 0: PT=0, T_stage=0.012350, bytes=0, T_capped=0
Stage 1: PT=6, T_stage=0.000000, bytes=33176880, T_capped=0
Group 1: Iters=10, Procs=364, Factors=1.000000, Dist=2, RM=0, SM=1, RS=0, SS=0, parents=416, children=0
Async_Iters: 0
T_iter: 0.163256 0.100635 0.083896 0.077611 0.078476 0.083880 0.077571 0.077437 0.082268 0.080437 
T_stage 0: 0.040587 0.031235 0.018215 0.013222 0.013270 0.015419 0.013251 0.013248 0.013236 0.013217 
T_stage 1: 0.122506 0.069340 0.065551 0.064206 0.065115 0.068340 0.064132 0.064013 0.068889 0.067117 
Config: granularity=100000, SDR=1000, ADR=0, Rigid=1, Capture_Method=0
Stage 0: PT=0, T_stage=0.012350, bytes=0, T_capped=0
Stage 1: PT=6, T_stage=0.000000, bytes=33176880, T_capped=0
Group 1: Iters=10, Procs=364, Factors=1.000000, Dist=2, RM=0, SM=1, RS=0, SS=0, parents=416, children=0
Async_Iters: 0
T_iter: 0.269837 0.095108 0.076773 0.088915 0.075324 0.076588 0.075951 0.104394 0.117349 0.076201 
T_stage 0: 0.032064 0.031822 0.013017 0.025254 0.013020 0.013031 0.013002 0.013035 0.040003 0.013013 
T_stage 1: 0.205841 0.069493 0.063616 0.063523 0.062186 0.063426 0.062839 0.075405 0.088591 0.063029 
