Config: granularity=100000, SDR=1000, ADR=0, Rigid=1, Capture_Method=0
Stage 0: PT=0, T_stage=0.012350, bytes=0, T_capped=0
Stage 1: PT=6, T_stage=0.000000, bytes=33176880, T_capped=0
Group 1: Iters=10, Procs=416, Factors=1.000000, Dist=2, RM=0, SM=1, RS=0, SS=0, parents=104, children=0
Async_Iters: 0
T_iter: 0.106893 0.087682 0.085568 0.091500 0.086215 0.088126 0.087034 0.086537 0.087034 0.087460 
T_stage 0: 0.015388 0.013840 0.014781 0.015249 0.015381 0.014732 0.013858 0.013434 0.013281 0.013298 
T_stage 1: 0.092702 0.073689 0.071576 0.077466 0.072102 0.074676 0.073586 0.073019 0.073535 0.073928 
Config: granularity=100000, SDR=1000, ADR=0, Rigid=1, Capture_Method=0
Stage 0: PT=0, T_stage=0.012350, bytes=0, T_capped=0
Stage 1: PT=6, T_stage=0.000000, bytes=33176880, T_capped=0
Group 1: Iters=10, Procs=416, Factors=1.000000, Dist=2, RM=0, SM=1, RS=0, SS=0, parents=104, children=0
Async_Iters: 0
T_iter: 0.445452 0.104532 0.102714 0.104457 0.102639 0.103577 0.104926 0.104172 0.104290 0.103084 
T_stage 0: 0.031257 0.016049 0.015363 0.016694 0.014880 0.015578 0.014460 0.015547 0.014062 0.014109 
T_stage 1: 0.416811 0.089454 0.088634 0.089336 0.088641 0.089103 0.089417 0.089627 0.089715 0.088864 
Config: granularity=100000, SDR=1000, ADR=0, Rigid=1, Capture_Method=0
Stage 0: PT=0, T_stage=0.012350, bytes=0, T_capped=0
Stage 1: PT=6, T_stage=0.000000, bytes=33176880, T_capped=0
Group 1: Iters=10, Procs=416, Factors=1.000000, Dist=2, RM=0, SM=1, RS=0, SS=0, parents=104, children=0
Async_Iters: 0
T_iter: 0.103197 0.086105 0.091762 0.281219 0.080057 0.080943 0.082866 0.080094 0.080898 0.080653 
T_stage 0: 0.017234 0.015266 0.015053 0.014236 0.014195 0.014726 0.014026 0.014459 0.013743 0.014687 
T_stage 1: 0.087430 0.071513 0.077738 0.267382 0.066090 0.066950 0.068493 0.066534 0.067233 0.066476 
Config: granularity=100000, SDR=1000, ADR=0, Rigid=1, Capture_Method=0
Stage 0: PT=0, T_stage=0.012350, bytes=0, T_capped=0
Stage 1: PT=6, T_stage=0.000000, bytes=33176880, T_capped=0
Group 1: Iters=10, Procs=416, Factors=1.000000, Dist=2, RM=0, SM=1, RS=0, SS=0, parents=104, children=0
Async_Iters: 0
T_iter: 0.152063 0.106077 0.103670 0.107134 0.104990 0.106493 0.105851 0.106149 0.107046 0.106722 
T_stage 0: 0.042601 0.014030 0.015627 0.015360 0.013360 0.015025 0.013759 0.013686 0.015653 0.014676 
T_stage 1: 0.123157 0.092025 0.089830 0.093353 0.091578 0.093067 0.092332 0.092270 0.092431 0.093171 
Config: granularity=100000, SDR=1000, ADR=0, Rigid=1, Capture_Method=0
Stage 0: PT=0, T_stage=0.012350, bytes=0, T_capped=0
Stage 1: PT=6, T_stage=0.000000, bytes=33176880, T_capped=0
Group 1: Iters=10, Procs=416, Factors=1.000000, Dist=2, RM=0, SM=1, RS=0, SS=0, parents=104, children=0
Async_Iters: 0
T_iter: 0.165172 0.086870 0.086154 0.083621 0.083265 0.083762 0.081882 0.083661 0.083210 0.083772 
T_stage 0: 0.055917 0.015151 0.014780 0.014279 0.014229 0.014638 0.014271 0.014311 0.013832 0.013781 
T_stage 1: 0.120348 0.073380 0.071629 0.069634 0.069704 0.069224 0.068389 0.070275 0.069666 0.069755 
Config: granularity=100000, SDR=1000, ADR=0, Rigid=1, Capture_Method=0
Stage 0: PT=0, T_stage=0.012350, bytes=0, T_capped=0
Stage 1: PT=6, T_stage=0.000000, bytes=33176880, T_capped=0
Group 1: Iters=10, Procs=416, Factors=1.000000, Dist=2, RM=0, SM=1, RS=0, SS=0, parents=104, children=0
Async_Iters: 0
T_iter: 0.353383 0.081473 0.082144 0.080714 0.080734 0.079187 0.081470 0.081800 0.081029 0.081462 
T_stage 0: 0.030318 0.014813 0.014265 0.013262 0.015369 0.013209 0.013936 0.016103 0.015521 0.014241 
T_stage 1: 0.325347 0.066015 0.068105 0.067252 0.067303 0.065785 0.067620 0.068060 0.067315 0.068021 
Config: granularity=100000, SDR=1000, ADR=0, Rigid=1, Capture_Method=0
Stage 0: PT=0, T_stage=0.012350, bytes=0, T_capped=0
Stage 1: PT=6, T_stage=0.000000, bytes=33176880, T_capped=0
Group 1: Iters=10, Procs=416, Factors=1.000000, Dist=2, RM=0, SM=1, RS=0, SS=0, parents=104, children=0
Async_Iters: 0
T_iter: 0.144307 0.084538 0.099896 0.086125 0.088115 0.088801 0.087378 0.086596 0.289405 0.091286 
T_stage 0: 0.029847 0.014738 0.018927 0.018651 0.017950 0.018001 0.017949 0.017947 0.226393 0.019027 
T_stage 1: 0.116496 0.070599 0.081729 0.067548 0.069937 0.070229 0.069292 0.068513 0.271312 0.073137 
Config: granularity=100000, SDR=1000, ADR=0, Rigid=1, Capture_Method=0
Stage 0: PT=0, T_stage=0.012350, bytes=0, T_capped=0
Stage 1: PT=6, T_stage=0.000000, bytes=33176880, T_capped=0
Group 1: Iters=10, Procs=416, Factors=1.000000, Dist=2, RM=0, SM=1, RS=0, SS=0, parents=104, children=0
Async_Iters: 0
T_iter: 0.104814 0.083633 0.089278 0.086523 0.091702 0.083453 0.082038 0.091066 0.082042 0.086676 
T_stage 0: 0.014368 0.015401 0.013417 0.014971 0.014969 0.013418 0.014886 0.014753 0.013639 0.014397 
T_stage 1: 0.090211 0.069061 0.075476 0.072920 0.078086 0.069878 0.068463 0.071025 0.068435 0.073119 
Config: granularity=100000, SDR=1000, ADR=0, Rigid=1, Capture_Method=0
Stage 0: PT=0, T_stage=0.012350, bytes=0, T_capped=0
Stage 1: PT=6, T_stage=0.000000, bytes=33176880, T_capped=0
Group 1: Iters=10, Procs=416, Factors=1.000000, Dist=2, RM=0, SM=1, RS=0, SS=0, parents=104, children=0
Async_Iters: 0
T_iter: 0.246038 0.086413 0.293675 0.084059 0.081760 0.082094 0.086389 0.083324 0.293236 0.082875 
T_stage 0: 0.053964 0.014897 0.016817 0.013793 0.015289 0.013356 0.014237 0.013223 0.014123 0.013830 
T_stage 1: 0.216102 0.072945 0.280200 0.070534 0.067771 0.067429 0.072558 0.069880 0.279775 0.069116 
Config: granularity=100000, SDR=1000, ADR=0, Rigid=1, Capture_Method=0
Stage 0: PT=0, T_stage=0.012350, bytes=0, T_capped=0
Stage 1: PT=6, T_stage=0.000000, bytes=33176880, T_capped=0
Group 1: Iters=10, Procs=416, Factors=1.000000, Dist=2, RM=0, SM=1, RS=0, SS=0, parents=104, children=0
Async_Iters: 0
T_iter: 0.230340 0.179859 0.191880 0.195884 0.160014 0.192341 0.195417 0.191877 0.191838 0.371685 
T_stage 0: 0.038369 0.033068 0.032663 0.031908 0.027842 0.031875 0.031427 0.032739 0.031890 0.043895 
T_stage 1: 0.186130 0.135426 0.147384 0.159943 0.127964 0.146616 0.150930 0.129659 0.146901 0.323981 
Config: granularity=100000, SDR=1000, ADR=0, Rigid=1, Capture_Method=0
Stage 0: PT=0, T_stage=0.012350, bytes=0, T_capped=0
Stage 1: PT=6, T_stage=0.000000, bytes=33176880, T_capped=0
Group 1: Iters=10, Procs=416, Factors=1.000000, Dist=2, RM=0, SM=1, RS=0, SS=0, parents=104, children=0
Async_Iters: 0
T_iter: 0.178516 0.097503 0.082742 0.086345 0.083008 0.085581 0.083599 0.082685 0.081698 0.082662 
T_stage 0: 0.039771 0.015133 0.014834 0.014972 0.013451 0.014906 0.014748 0.014068 0.015331 0.015820 
T_stage 1: 0.139465 0.083970 0.069197 0.070916 0.069414 0.071456 0.069763 0.068660 0.068100 0.069103 
Config: granularity=100000, SDR=1000, ADR=0, Rigid=1, Capture_Method=0
Stage 0: PT=0, T_stage=0.012350, bytes=0, T_capped=0
Stage 1: PT=6, T_stage=0.000000, bytes=33176880, T_capped=0
Group 1: Iters=10, Procs=416, Factors=1.000000, Dist=2, RM=0, SM=1, RS=0, SS=0, parents=104, children=0
Async_Iters: 0
T_iter: 0.115351 0.089359 0.087297 0.083180 0.084511 0.084415 0.084588 0.084144 0.084025 0.082835 
T_stage 0: 0.029458 0.013824 0.015418 0.014196 0.014803 0.014862 0.013627 0.013832 0.013970 0.013624 
T_stage 1: 0.085625 0.075534 0.071948 0.068963 0.070706 0.070541 0.070736 0.070279 0.069578 0.069035 
Config: granularity=100000, SDR=1000, ADR=0, Rigid=1, Capture_Method=0
Stage 0: PT=0, T_stage=0.012350, bytes=0, T_capped=0
Stage 1: PT=6, T_stage=0.000000, bytes=33176880, T_capped=0
Group 1: Iters=10, Procs=416, Factors=1.000000, Dist=2, RM=0, SM=1, RS=0, SS=0, parents=104, children=0
Async_Iters: 0
T_iter: 0.151793 0.104491 0.105056 0.106256 0.105958 0.104354 0.104277 0.104599 0.105213 0.106433 
T_stage 0: 0.030451 0.013318 0.014149 0.015551 0.014924 0.013289 0.013212 0.013219 0.015706 0.015086 
T_stage 1: 0.124129 0.091051 0.091284 0.092843 0.092070 0.090847 0.090911 0.091242 0.091753 0.092911 
Config: granularity=100000, SDR=1000, ADR=0, Rigid=1, Capture_Method=0
Stage 0: PT=0, T_stage=0.012350, bytes=0, T_capped=0
Stage 1: PT=6, T_stage=0.000000, bytes=33176880, T_capped=0
Group 1: Iters=10, Procs=416, Factors=1.000000, Dist=2, RM=0, SM=1, RS=0, SS=0, parents=104, children=0
Async_Iters: 0
T_iter: 0.151104 0.086952 0.089213 0.081752 0.082792 0.083295 0.087234 0.081194 0.083251 0.093710 
T_stage 0: 0.029203 0.015301 0.015234 0.013680 0.014696 0.015772 0.013645 0.013636 0.015965 0.018598 
T_stage 1: 0.122939 0.071699 0.075403 0.067198 0.068492 0.068157 0.073509 0.066926 0.069168 0.076302 
Config: granularity=100000, SDR=1000, ADR=0, Rigid=1, Capture_Method=0
Stage 0: PT=0, T_stage=0.012350, bytes=0, T_capped=0
Stage 1: PT=6, T_stage=0.000000, bytes=33176880, T_capped=0
Group 1: Iters=10, Procs=416, Factors=1.000000, Dist=2, RM=0, SM=1, RS=0, SS=0, parents=104, children=0
Async_Iters: 0
T_iter: 0.115803 0.089842 0.090238 0.090057 0.089589 0.088909 0.089381 0.090562 0.088537 0.090935 
T_stage 0: 0.028010 0.015066 0.014720 0.014564 0.017277 0.015312 0.014559 0.013848 0.015469 0.015205 
T_stage 1: 0.087479 0.076305 0.075628 0.076614 0.075675 0.074924 0.075918 0.076676 0.075143 0.075448 
Config: granularity=100000, SDR=1000, ADR=0, Rigid=1, Capture_Method=0
Stage 0: PT=0, T_stage=0.012350, bytes=0, T_capped=0
Stage 1: PT=6, T_stage=0.000000, bytes=33176880, T_capped=0
Group 1: Iters=10, Procs=416, Factors=1.000000, Dist=2, RM=0, SM=1, RS=0, SS=0, parents=104, children=0
Async_Iters: 0
T_iter: 0.179148 0.091379 0.089564 0.087579 0.089254 0.090524 0.090187 0.089112 0.089214 0.089638 
T_stage 0: 0.030137 0.015663 0.013512 0.015075 0.014243 0.013858 0.015079 0.013725 0.014836 0.013824 
T_stage 1: 0.150406 0.074871 0.075046 0.073249 0.075206 0.075990 0.076495 0.075239 0.075760 0.076023 
Config: granularity=100000, SDR=1000, ADR=0, Rigid=1, Capture_Method=0
Stage 0: PT=0, T_stage=0.012350, bytes=0, T_capped=0
Stage 1: PT=6, T_stage=0.000000, bytes=33176880, T_capped=0
Group 1: Iters=10, Procs=416, Factors=1.000000, Dist=2, RM=0, SM=1, RS=0, SS=0, parents=104, children=0
Async_Iters: 0
T_iter: 0.105553 0.084423 0.092446 0.282694 0.079001 0.079641 0.086276 0.078800 0.077754 0.085082 
T_stage 0: 0.022365 0.014979 0.014114 0.014927 0.013749 0.014227 0.013805 0.013822 0.013646 0.014794 
T_stage 1: 0.081111 0.070652 0.077688 0.269185 0.065366 0.066294 0.072978 0.065506 0.064067 0.071725 
Config: granularity=100000, SDR=1000, ADR=0, Rigid=1, Capture_Method=0
Stage 0: PT=0, T_stage=0.012350, bytes=0, T_capped=0
Stage 1: PT=6, T_stage=0.000000, bytes=33176880, T_capped=0
Group 1: Iters=10, Procs=416, Factors=1.000000, Dist=2, RM=0, SM=1, RS=0, SS=0, parents=104, children=0
Async_Iters: 0
T_iter: 0.107074 0.081647 0.081632 0.081412 0.081332 0.081341 0.084960 0.081849 0.077884 0.081773 
T_stage 0: 0.020551 0.014647 0.014880 0.015716 0.014888 0.015051 0.013788 0.014848 0.013489 0.015013 
T_stage 1: 0.085660 0.067109 0.067095 0.068025 0.067899 0.066906 0.070604 0.068335 0.064410 0.068247 
Config: granularity=100000, SDR=1000, ADR=0, Rigid=1, Capture_Method=0
Stage 0: PT=0, T_stage=0.012350, bytes=0, T_capped=0
Stage 1: PT=6, T_stage=0.000000, bytes=33176880, T_capped=0
Group 1: Iters=10, Procs=416, Factors=1.000000, Dist=2, RM=0, SM=1, RS=0, SS=0, parents=104, children=0
Async_Iters: 0
T_iter: 0.237516 0.120696 0.083342 0.285767 0.084109 0.088986 0.082004 0.083994 0.083628 0.083106 
T_stage 0: 0.034020 0.032049 0.015030 0.014669 0.014887 0.014987 0.013566 0.014984 0.013957 0.013269 
T_stage 1: 0.188324 0.090588 0.069657 0.272422 0.070581 0.073424 0.068157 0.070527 0.070150 0.069668 
Config: granularity=100000, SDR=1000, ADR=0, Rigid=1, Capture_Method=0
Stage 0: PT=0, T_stage=0.012350, bytes=0, T_capped=0
Stage 1: PT=6, T_stage=0.000000, bytes=33176880, T_capped=0
Group 1: Iters=10, Procs=416, Factors=1.000000, Dist=2, RM=0, SM=1, RS=0, SS=0, parents=104, children=0
Async_Iters: 0
T_iter: 0.221730 0.102178 0.081636 0.089393 0.081732 0.082355 0.081386 0.082292 0.080761 0.081642 
T_stage 0: 0.052665 0.030662 0.014757 0.014814 0.014025 0.013264 0.013755 0.014954 0.013315 0.013695 
T_stage 1: 0.167765 0.070407 0.068175 0.074671 0.067787 0.068938 0.067870 0.068826 0.067343 0.068221 
