Config loaded: R=1, S=2, granularity=100000, SDR=1000, ADR=0, Rigid=1, Capture_Method=0
Stage 0: PT=0, T_stage=0.012350, bytes=0, T_capped=0
Stage 1: PT=6, T_stage=0.000000, bytes=33176880, T_capped=0
Group 0: Iters=5, Procs=104, Factors=1.000000, Dist=2, RM=0, SM=0, RS=0, SS=0
Group 1: Iters=10, Procs=416, Factors=1.000000, Dist=2, RM=0, SM=1, RS=0, SS=0
T_spawn: 2.079489 
T_SR: 0.017614 
T_AR: 0.000000 
T_US: 0.102915 
T_Malleability: 2.243634 
T_total: 3.542444
Config loaded: R=1, S=2, granularity=100000, SDR=1000, ADR=0, Rigid=1, Capture_Method=0
Stage 0: PT=0, T_stage=0.012350, bytes=0, T_capped=0
Stage 1: PT=6, T_stage=0.000000, bytes=33176880, T_capped=0
Group 0: Iters=5, Procs=104, Factors=1.000000, Dist=2, RM=0, SM=0, RS=0, SS=0
Group 1: Iters=10, Procs=416, Factors=1.000000, Dist=2, RM=0, SM=1, RS=0, SS=0
T_spawn: 2.091344 
T_SR: 0.033586 
T_AR: 0.000000 
T_US: 0.045311 
T_Malleability: 2.318158 
T_total: 4.023845
Config loaded: R=1, S=2, granularity=100000, SDR=1000, ADR=0, Rigid=1, Capture_Method=0
Stage 0: PT=0, T_stage=0.012350, bytes=0, T_capped=0
Stage 1: PT=6, T_stage=0.000000, bytes=33176880, T_capped=0
Group 0: Iters=5, Procs=104, Factors=1.000000, Dist=2, RM=0, SM=0, RS=0, SS=0
Group 1: Iters=10, Procs=416, Factors=1.000000, Dist=2, RM=0, SM=1, RS=0, SS=0
T_spawn: 1.988755 
T_SR: 0.017783 
T_AR: 0.000000 
T_US: 0.057414 
T_Malleability: 2.186367 
T_total: 3.609551
Config loaded: R=1, S=2, granularity=100000, SDR=1000, ADR=0, Rigid=1, Capture_Method=0
Stage 0: PT=0, T_stage=0.012350, bytes=0, T_capped=0
Stage 1: PT=6, T_stage=0.000000, bytes=33176880, T_capped=0
Group 0: Iters=5, Procs=104, Factors=1.000000, Dist=2, RM=0, SM=0, RS=0, SS=0
Group 1: Iters=10, Procs=416, Factors=1.000000, Dist=2, RM=0, SM=1, RS=0, SS=0
T_spawn: 2.167538 
T_SR: 0.048274 
T_AR: 0.000000 
T_US: 0.045651 
T_Malleability: 2.419617 
T_total: 3.875461
Config loaded: R=1, S=2, granularity=100000, SDR=1000, ADR=0, Rigid=1, Capture_Method=0
Stage 0: PT=0, T_stage=0.012350, bytes=0, T_capped=0
Stage 1: PT=6, T_stage=0.000000, bytes=33176880, T_capped=0
Group 0: Iters=5, Procs=104, Factors=1.000000, Dist=2, RM=0, SM=0, RS=0, SS=0
Group 1: Iters=10, Procs=416, Factors=1.000000, Dist=2, RM=0, SM=1, RS=0, SS=0
T_spawn: 2.215923 
T_SR: 0.031789 
T_AR: 0.000000 
T_US: 0.051966 
T_Malleability: 2.423247 
T_total: 3.708135
Config loaded: R=1, S=2, granularity=100000, SDR=1000, ADR=0, Rigid=1, Capture_Method=0
Stage 0: PT=0, T_stage=0.012350, bytes=0, T_capped=0
Stage 1: PT=6, T_stage=0.000000, bytes=33176880, T_capped=0
Group 0: Iters=5, Procs=104, Factors=1.000000, Dist=2, RM=0, SM=0, RS=0, SS=0
Group 1: Iters=10, Procs=416, Factors=1.000000, Dist=2, RM=0, SM=1, RS=0, SS=0
T_spawn: 2.128116 
T_SR: 0.041019 
T_AR: 0.000000 
T_US: 0.074591 
T_Malleability: 2.457956 
T_total: 3.868298
Config loaded: R=1, S=2, granularity=100000, SDR=1000, ADR=0, Rigid=1, Capture_Method=0
Stage 0: PT=0, T_stage=0.012350, bytes=0, T_capped=0
Stage 1: PT=6, T_stage=0.000000, bytes=33176880, T_capped=0
Group 0: Iters=5, Procs=104, Factors=1.000000, Dist=2, RM=0, SM=0, RS=0, SS=0
Group 1: Iters=10, Procs=416, Factors=1.000000, Dist=2, RM=0, SM=1, RS=0, SS=0
T_spawn: 2.120543 
T_SR: 0.039024 
T_AR: 0.000000 
T_US: 0.063332 
T_Malleability: 2.367424 
T_total: 3.844917
Config loaded: R=1, S=2, granularity=100000, SDR=1000, ADR=0, Rigid=1, Capture_Method=0
Stage 0: PT=0, T_stage=0.012350, bytes=0, T_capped=0
Stage 1: PT=6, T_stage=0.000000, bytes=33176880, T_capped=0
Group 0: Iters=5, Procs=104, Factors=1.000000, Dist=2, RM=0, SM=0, RS=0, SS=0
Group 1: Iters=10, Procs=416, Factors=1.000000, Dist=2, RM=0, SM=1, RS=0, SS=0
T_spawn: 2.167884 
T_SR: 0.013735 
T_AR: 0.000000 
T_US: 0.075713 
T_Malleability: 2.282747 
T_total: 3.490837
Config loaded: R=1, S=2, granularity=100000, SDR=1000, ADR=0, Rigid=1, Capture_Method=0
Stage 0: PT=0, T_stage=0.012350, bytes=0, T_capped=0
Stage 1: PT=6, T_stage=0.000000, bytes=33176880, T_capped=0
Group 0: Iters=5, Procs=104, Factors=1.000000, Dist=2, RM=0, SM=0, RS=0, SS=0
Group 1: Iters=10, Procs=416, Factors=1.000000, Dist=2, RM=0, SM=1, RS=0, SS=0
T_spawn: 2.008039 
T_SR: 0.061008 
T_AR: 0.000000 
T_US: 0.079245 
T_Malleability: 2.286861 
T_total: 4.077027
Config loaded: R=1, S=2, granularity=100000, SDR=1000, ADR=0, Rigid=1, Capture_Method=0
Stage 0: PT=0, T_stage=0.012350, bytes=0, T_capped=0
Stage 1: PT=6, T_stage=0.000000, bytes=33176880, T_capped=0
Group 0: Iters=5, Procs=104, Factors=1.000000, Dist=2, RM=0, SM=0, RS=0, SS=0
Group 1: Iters=10, Procs=416, Factors=1.000000, Dist=2, RM=0, SM=1, RS=0, SS=0
T_spawn: 2.232260 
T_SR: 0.033120 
T_AR: 0.000000 
T_US: 0.082118 
T_Malleability: 2.551772 
T_total: 4.994013
Config loaded: R=1, S=2, granularity=100000, SDR=1000, ADR=0, Rigid=1, Capture_Method=0
Stage 0: PT=0, T_stage=0.012350, bytes=0, T_capped=0
Stage 1: PT=6, T_stage=0.000000, bytes=33176880, T_capped=0
Group 0: Iters=5, Procs=104, Factors=1.000000, Dist=2, RM=0, SM=0, RS=0, SS=0
Group 1: Iters=10, Procs=416, Factors=1.000000, Dist=2, RM=0, SM=1, RS=0, SS=0
T_spawn: 2.009115 
T_SR: 0.031043 
T_AR: 0.000000 
T_US: 0.024724 
T_Malleability: 2.183232 
T_total: 3.469662
Config loaded: R=1, S=2, granularity=100000, SDR=1000, ADR=0, Rigid=1, Capture_Method=0
Stage 0: PT=0, T_stage=0.012350, bytes=0, T_capped=0
Stage 1: PT=6, T_stage=0.000000, bytes=33176880, T_capped=0
Group 0: Iters=5, Procs=104, Factors=1.000000, Dist=2, RM=0, SM=0, RS=0, SS=0
Group 1: Iters=10, Procs=416, Factors=1.000000, Dist=2, RM=0, SM=1, RS=0, SS=0
T_spawn: 1.986450 
T_SR: 0.031841 
T_AR: 0.000000 
T_US: 0.109643 
T_Malleability: 2.284249 
T_total: 3.481511
Config loaded: R=1, S=2, granularity=100000, SDR=1000, ADR=0, Rigid=1, Capture_Method=0
Stage 0: PT=0, T_stage=0.012350, bytes=0, T_capped=0
Stage 1: PT=6, T_stage=0.000000, bytes=33176880, T_capped=0
Group 0: Iters=5, Procs=104, Factors=1.000000, Dist=2, RM=0, SM=0, RS=0, SS=0
Group 1: Iters=10, Procs=416, Factors=1.000000, Dist=2, RM=0, SM=1, RS=0, SS=0
T_spawn: 2.150559 
T_SR: 0.030837 
T_AR: 0.000000 
T_US: 0.091701 
T_Malleability: 2.449059 
T_total: 3.877486
Config loaded: R=1, S=2, granularity=100000, SDR=1000, ADR=0, Rigid=1, Capture_Method=0
Stage 0: PT=0, T_stage=0.012350, bytes=0, T_capped=0
Stage 1: PT=6, T_stage=0.000000, bytes=33176880, T_capped=0
Group 0: Iters=5, Procs=104, Factors=1.000000, Dist=2, RM=0, SM=0, RS=0, SS=0
Group 1: Iters=10, Procs=416, Factors=1.000000, Dist=2, RM=0, SM=1, RS=0, SS=0
T_spawn: 2.131361 
T_SR: 0.032321 
T_AR: 0.000000 
T_US: 0.092605 
T_Malleability: 2.379335 
T_total: 3.660046
Config loaded: R=1, S=2, granularity=100000, SDR=1000, ADR=0, Rigid=1, Capture_Method=0
Stage 0: PT=0, T_stage=0.012350, bytes=0, T_capped=0
Stage 1: PT=6, T_stage=0.000000, bytes=33176880, T_capped=0
Group 0: Iters=5, Procs=104, Factors=1.000000, Dist=2, RM=0, SM=0, RS=0, SS=0
Group 1: Iters=10, Procs=416, Factors=1.000000, Dist=2, RM=0, SM=1, RS=0, SS=0
T_spawn: 1.948135 
T_SR: 0.023552 
T_AR: 0.000000 
T_US: 0.128638 
T_Malleability: 2.225143 
T_total: 3.487718
Config loaded: R=1, S=2, granularity=100000, SDR=1000, ADR=0, Rigid=1, Capture_Method=0
Stage 0: PT=0, T_stage=0.012350, bytes=0, T_capped=0
Stage 1: PT=6, T_stage=0.000000, bytes=33176880, T_capped=0
Group 0: Iters=5, Procs=104, Factors=1.000000, Dist=2, RM=0, SM=0, RS=0, SS=0
Group 1: Iters=10, Procs=416, Factors=1.000000, Dist=2, RM=0, SM=1, RS=0, SS=0
T_spawn: 1.936286 
T_SR: 0.024808 
T_AR: 0.000000 
T_US: 0.048485 
T_Malleability: 2.162756 
T_total: 3.489814
Config loaded: R=1, S=2, granularity=100000, SDR=1000, ADR=0, Rigid=1, Capture_Method=0
Stage 0: PT=0, T_stage=0.012350, bytes=0, T_capped=0
Stage 1: PT=6, T_stage=0.000000, bytes=33176880, T_capped=0
Group 0: Iters=5, Procs=104, Factors=1.000000, Dist=2, RM=0, SM=0, RS=0, SS=0
Group 1: Iters=10, Procs=416, Factors=1.000000, Dist=2, RM=0, SM=1, RS=0, SS=0
T_spawn: 2.031332 
T_SR: 0.003964 
T_AR: 0.000000 
T_US: 0.099306 
T_Malleability: 2.174924 
T_total: 3.614408
Config loaded: R=1, S=2, granularity=100000, SDR=1000, ADR=0, Rigid=1, Capture_Method=0
Stage 0: PT=0, T_stage=0.012350, bytes=0, T_capped=0
Stage 1: PT=6, T_stage=0.000000, bytes=33176880, T_capped=0
Group 0: Iters=5, Procs=104, Factors=1.000000, Dist=2, RM=0, SM=0, RS=0, SS=0
Group 1: Iters=10, Procs=416, Factors=1.000000, Dist=2, RM=0, SM=1, RS=0, SS=0
T_spawn: 2.014435 
T_SR: 0.016746 
T_AR: 0.000000 
T_US: 0.072929 
T_Malleability: 2.270245 
T_total: 3.449785
Config loaded: R=1, S=2, granularity=100000, SDR=1000, ADR=0, Rigid=1, Capture_Method=0
Stage 0: PT=0, T_stage=0.012350, bytes=0, T_capped=0
Stage 1: PT=6, T_stage=0.000000, bytes=33176880, T_capped=0
Group 0: Iters=5, Procs=104, Factors=1.000000, Dist=2, RM=0, SM=0, RS=0, SS=0
Group 1: Iters=10, Procs=416, Factors=1.000000, Dist=2, RM=0, SM=1, RS=0, SS=0
T_spawn: 2.031459 
T_SR: 0.060024 
T_AR: 0.000000 
T_US: 0.063009 
T_Malleability: 2.269944 
T_total: 3.827768
Config loaded: R=1, S=2, granularity=100000, SDR=1000, ADR=0, Rigid=1, Capture_Method=0
Stage 0: PT=0, T_stage=0.012350, bytes=0, T_capped=0
Stage 1: PT=6, T_stage=0.000000, bytes=33176880, T_capped=0
Group 0: Iters=5, Procs=104, Factors=1.000000, Dist=2, RM=0, SM=0, RS=0, SS=0
Group 1: Iters=10, Procs=416, Factors=1.000000, Dist=2, RM=0, SM=1, RS=0, SS=0
T_spawn: 2.011355 
T_SR: 0.051143 
T_AR: 0.000000 
T_US: 0.086482 
T_Malleability: 2.334529 
T_total: 3.664402
