Config: granularity=100000, SDR=1000, ADR=0, Rigid=1, Capture_Method=0
Stage 0: PT=0, T_stage=0.012350, bytes=0, T_capped=0
Stage 1: PT=6, T_stage=0.000000, bytes=33176880, T_capped=0
Group 1: Iters=10, Procs=416, Factors=1.000000, Dist=2, RM=0, SM=1, RS=0, SS=0, parents=156, children=0
Async_Iters: 0
T_iter: 0.116020 0.084366 0.082291 0.081732 0.084736 0.081459 0.082286 0.079045 0.084871 0.080152 
T_stage 0: 0.029265 0.014773 0.014913 0.013712 0.014647 0.013506 0.013697 0.014764 0.013259 0.014343 
T_stage 1: 0.088624 0.069319 0.068376 0.067682 0.070661 0.067908 0.067815 0.065550 0.070845 0.066733 
Config: granularity=100000, SDR=1000, ADR=0, Rigid=1, Capture_Method=0
Stage 0: PT=0, T_stage=0.012350, bytes=0, T_capped=0
Stage 1: PT=6, T_stage=0.000000, bytes=33176880, T_capped=0
Group 1: Iters=10, Procs=416, Factors=1.000000, Dist=2, RM=0, SM=1, RS=0, SS=0, parents=156, children=0
Async_Iters: 0
T_iter: 0.368206 0.154953 0.084931 0.079857 0.084388 0.079452 0.079621 0.081909 0.081981 0.081087 
T_stage 0: 0.064539 0.032534 0.019668 0.014877 0.015461 0.014997 0.013628 0.015229 0.013836 0.015156 
T_stage 1: 0.311518 0.123152 0.067727 0.064919 0.070480 0.065290 0.065881 0.067568 0.067591 0.067257 
Config: granularity=100000, SDR=1000, ADR=0, Rigid=1, Capture_Method=0
Stage 0: PT=0, T_stage=0.012350, bytes=0, T_capped=0
Stage 1: PT=6, T_stage=0.000000, bytes=33176880, T_capped=0
Group 1: Iters=10, Procs=416, Factors=1.000000, Dist=2, RM=0, SM=1, RS=0, SS=0, parents=156, children=0
Async_Iters: 0
T_iter: 0.248274 0.079575 0.126102 0.082972 0.079848 0.081183 0.078728 0.077956 0.077470 0.080192 
T_stage 0: 0.047046 0.014297 0.014853 0.014869 0.013954 0.015281 0.013968 0.013464 0.014014 0.014820 
T_stage 1: 0.205123 0.065835 0.112551 0.069415 0.065828 0.067688 0.065262 0.064479 0.064001 0.065915 
Config: granularity=100000, SDR=1000, ADR=0, Rigid=1, Capture_Method=0
Stage 0: PT=0, T_stage=0.012350, bytes=0, T_capped=0
Stage 1: PT=6, T_stage=0.000000, bytes=33176880, T_capped=0
Group 1: Iters=10, Procs=416, Factors=1.000000, Dist=2, RM=0, SM=1, RS=0, SS=0, parents=156, children=0
Async_Iters: 0
T_iter: 0.269127 0.131870 0.091440 0.081217 0.083398 0.083871 0.083409 0.081874 0.082636 0.081693 
T_stage 0: 0.041857 0.031932 0.014772 0.014068 0.013998 0.014937 0.013789 0.013377 0.013360 0.014345 
T_stage 1: 0.211351 0.102625 0.077406 0.067853 0.068599 0.070255 0.068463 0.068409 0.068622 0.067712 
Config: granularity=100000, SDR=1000, ADR=0, Rigid=1, Capture_Method=0
Stage 0: PT=0, T_stage=0.012350, bytes=0, T_capped=0
Stage 1: PT=6, T_stage=0.000000, bytes=33176880, T_capped=0
Group 1: Iters=10, Procs=416, Factors=1.000000, Dist=2, RM=0, SM=1, RS=0, SS=0, parents=156, children=0
Async_Iters: 0
T_iter: 0.208279 0.081687 0.186863 0.079978 0.284471 0.081104 0.081095 0.084275 0.081890 0.082928 
T_stage 0: 0.048485 0.013974 0.014395 0.013264 0.016313 0.013875 0.017018 0.014338 0.014509 0.017349 
T_stage 1: 0.170435 0.067938 0.173350 0.066494 0.271102 0.067555 0.067236 0.069845 0.067842 0.066440 
Config: granularity=100000, SDR=1000, ADR=0, Rigid=1, Capture_Method=0
Stage 0: PT=0, T_stage=0.012350, bytes=0, T_capped=0
Stage 1: PT=6, T_stage=0.000000, bytes=33176880, T_capped=0
Group 1: Iters=10, Procs=416, Factors=1.000000, Dist=2, RM=0, SM=1, RS=0, SS=0, parents=156, children=0
Async_Iters: 0
T_iter: 0.158275 0.083595 0.082808 0.084317 0.083384 0.085395 0.083030 0.085651 0.081622 0.082732 
T_stage 0: 0.045320 0.014875 0.014357 0.014928 0.014861 0.013764 0.013648 0.014046 0.014491 0.013226 
T_stage 1: 0.115256 0.070109 0.069387 0.069927 0.069848 0.071987 0.069146 0.071934 0.068148 0.068769 
Config: granularity=100000, SDR=1000, ADR=0, Rigid=1, Capture_Method=0
Stage 0: PT=0, T_stage=0.012350, bytes=0, T_capped=0
Stage 1: PT=6, T_stage=0.000000, bytes=33176880, T_capped=0
Group 1: Iters=10, Procs=416, Factors=1.000000, Dist=2, RM=0, SM=1, RS=0, SS=0, parents=156, children=0
Async_Iters: 0
T_iter: 0.202710 0.139655 0.082399 0.083538 0.082014 0.080655 0.088137 0.081343 0.084061 0.080714 
T_stage 0: 0.051129 0.031378 0.015285 0.014896 0.014906 0.013770 0.013255 0.013769 0.013761 0.014073 
T_stage 1: 0.160219 0.110353 0.067471 0.070137 0.068578 0.067229 0.074649 0.066943 0.070092 0.066976 
Config: granularity=100000, SDR=1000, ADR=0, Rigid=1, Capture_Method=0
Stage 0: PT=0, T_stage=0.012350, bytes=0, T_capped=0
Stage 1: PT=6, T_stage=0.000000, bytes=33176880, T_capped=0
Group 1: Iters=10, Procs=416, Factors=1.000000, Dist=2, RM=0, SM=1, RS=0, SS=0, parents=156, children=0
Async_Iters: 0
T_iter: 0.154400 0.079408 0.080611 0.289532 0.085361 0.078012 0.078682 0.285593 0.091137 0.078441 
T_stage 0: 0.042549 0.013512 0.015340 0.014235 0.014788 0.013346 0.013277 0.017001 0.014591 0.013442 
T_stage 1: 0.111710 0.066033 0.066704 0.275870 0.071885 0.064531 0.064666 0.271050 0.077688 0.065017 
Config: granularity=100000, SDR=1000, ADR=0, Rigid=1, Capture_Method=0
Stage 0: PT=0, T_stage=0.012350, bytes=0, T_capped=0
Stage 1: PT=6, T_stage=0.000000, bytes=33176880, T_capped=0
Group 1: Iters=10, Procs=416, Factors=1.000000, Dist=2, RM=0, SM=1, RS=0, SS=0, parents=156, children=0
Async_Iters: 0
T_iter: 0.220838 0.080106 0.084248 0.081077 0.082384 0.080586 0.081878 0.079578 0.080045 0.082038 
T_stage 0: 0.064641 0.015098 0.015801 0.013721 0.013990 0.015293 0.014649 0.013346 0.014895 0.014741 
T_stage 1: 0.160885 0.066422 0.070436 0.067507 0.068992 0.066892 0.068314 0.066096 0.066385 0.068193 
Config: granularity=100000, SDR=1000, ADR=0, Rigid=1, Capture_Method=0
Stage 0: PT=0, T_stage=0.012350, bytes=0, T_capped=0
Stage 1: PT=6, T_stage=0.000000, bytes=33176880, T_capped=0
Group 1: Iters=10, Procs=416, Factors=1.000000, Dist=2, RM=0, SM=1, RS=0, SS=0, parents=156, children=0
Async_Iters: 0
T_iter: 0.180011 0.147027 0.080843 0.080245 0.079256 0.083180 0.079225 0.081000 0.081998 0.078926 
T_stage 0: 0.032688 0.031885 0.013708 0.015214 0.014264 0.013698 0.014666 0.013252 0.014724 0.013761 
T_stage 1: 0.147906 0.117990 0.067029 0.066401 0.065827 0.069845 0.065369 0.067659 0.068445 0.065488 
Config: granularity=100000, SDR=1000, ADR=0, Rigid=1, Capture_Method=0
Stage 0: PT=0, T_stage=0.012350, bytes=0, T_capped=0
Stage 1: PT=6, T_stage=0.000000, bytes=33176880, T_capped=0
Group 1: Iters=10, Procs=416, Factors=1.000000, Dist=2, RM=0, SM=1, RS=0, SS=0, parents=156, children=0
Async_Iters: 0
T_iter: 0.191913 0.180212 0.083744 0.091277 0.085368 0.278917 0.082398 0.084519 0.083427 0.083178 
T_stage 0: 0.039797 0.032845 0.015253 0.015704 0.013856 0.220679 0.014690 0.013924 0.015071 0.013942 
T_stage 1: 0.147291 0.150910 0.069158 0.076905 0.070893 0.264907 0.068395 0.069750 0.069020 0.068525 
Config: granularity=100000, SDR=1000, ADR=0, Rigid=1, Capture_Method=0
Stage 0: PT=0, T_stage=0.012350, bytes=0, T_capped=0
Stage 1: PT=6, T_stage=0.000000, bytes=33176880, T_capped=0
Group 1: Iters=10, Procs=416, Factors=1.000000, Dist=2, RM=0, SM=1, RS=0, SS=0, parents=156, children=0
Async_Iters: 0
T_iter: 0.142558 0.080219 0.087399 0.086864 0.078194 0.081011 0.082294 0.080532 0.080672 0.085057 
T_stage 0: 0.030270 0.014811 0.013329 0.014896 0.013274 0.013934 0.013322 0.014326 0.014446 0.019266 
T_stage 1: 0.114666 0.066611 0.073957 0.073389 0.064719 0.067532 0.068795 0.066697 0.066859 0.071281 
Config: granularity=100000, SDR=1000, ADR=0, Rigid=1, Capture_Method=0
Stage 0: PT=0, T_stage=0.012350, bytes=0, T_capped=0
Stage 1: PT=6, T_stage=0.000000, bytes=33176880, T_capped=0
Group 1: Iters=10, Procs=416, Factors=1.000000, Dist=2, RM=0, SM=1, RS=0, SS=0, parents=156, children=0
Async_Iters: 0
T_iter: 0.129375 0.085271 0.082252 0.083679 0.083443 0.083821 0.083088 0.081709 0.081838 0.097305 
T_stage 0: 0.045336 0.014512 0.014797 0.014579 0.015148 0.015509 0.013833 0.014308 0.014103 0.014006 
T_stage 1: 0.094221 0.071839 0.068543 0.069499 0.069110 0.069985 0.068711 0.068126 0.068321 0.083181 
Config: granularity=100000, SDR=1000, ADR=0, Rigid=1, Capture_Method=0
Stage 0: PT=0, T_stage=0.012350, bytes=0, T_capped=0
Stage 1: PT=6, T_stage=0.000000, bytes=33176880, T_capped=0
Group 1: Iters=10, Procs=416, Factors=1.000000, Dist=2, RM=0, SM=1, RS=0, SS=0, parents=156, children=0
Async_Iters: 0
T_iter: 0.162664 0.088859 0.083568 0.083525 0.081501 0.079993 0.080438 0.078406 0.082627 0.078810 
T_stage 0: 0.044753 0.014017 0.013846 0.014084 0.015928 0.013287 0.013837 0.013283 0.015701 0.013289 
T_stage 1: 0.120103 0.075326 0.069275 0.070026 0.068029 0.066014 0.066024 0.064837 0.068616 0.065297 
Config: granularity=100000, SDR=1000, ADR=0, Rigid=1, Capture_Method=0
Stage 0: PT=0, T_stage=0.012350, bytes=0, T_capped=0
Stage 1: PT=6, T_stage=0.000000, bytes=33176880, T_capped=0
Group 1: Iters=10, Procs=416, Factors=1.000000, Dist=2, RM=0, SM=1, RS=0, SS=0, parents=156, children=0
Async_Iters: 0
T_iter: 0.176185 0.083396 0.081414 0.080364 0.082700 0.081428 0.080711 0.079551 0.079373 0.079294 
T_stage 0: 0.043786 0.014864 0.014725 0.015057 0.014305 0.014246 0.014245 0.013219 0.013965 0.013426 
T_stage 1: 0.132996 0.069374 0.067360 0.066573 0.069330 0.067639 0.067334 0.066109 0.065942 0.065902 
Config: granularity=100000, SDR=1000, ADR=0, Rigid=1, Capture_Method=0
Stage 0: PT=0, T_stage=0.012350, bytes=0, T_capped=0
Stage 1: PT=6, T_stage=0.000000, bytes=33176880, T_capped=0
Group 1: Iters=10, Procs=416, Factors=1.000000, Dist=2, RM=0, SM=1, RS=0, SS=0, parents=156, children=0
Async_Iters: 0
T_iter: 0.166176 0.083556 0.080710 0.083156 0.080793 0.082804 0.085375 0.084102 0.081550 0.080729 
T_stage 0: 0.044074 0.014983 0.014243 0.013687 0.014759 0.013451 0.014682 0.013415 0.015269 0.015334 
T_stage 1: 0.124338 0.070075 0.067191 0.069471 0.067109 0.069126 0.071473 0.070576 0.067889 0.067115 
Config: granularity=100000, SDR=1000, ADR=0, Rigid=1, Capture_Method=0
Stage 0: PT=0, T_stage=0.012350, bytes=0, T_capped=0
Stage 1: PT=6, T_stage=0.000000, bytes=33176880, T_capped=0
Group 1: Iters=10, Procs=416, Factors=1.000000, Dist=2, RM=0, SM=1, RS=0, SS=0, parents=156, children=0
Async_Iters: 0
T_iter: 0.151934 0.093466 0.082043 0.086438 0.079875 0.080795 0.080728 0.082153 0.082103 0.085867 
T_stage 0: 0.032778 0.014274 0.013803 0.014664 0.013283 0.013386 0.014460 0.014622 0.015096 0.017379 
T_stage 1: 0.123002 0.080077 0.068589 0.072980 0.066412 0.066727 0.066995 0.068161 0.068537 0.071741 
Config: granularity=100000, SDR=1000, ADR=0, Rigid=1, Capture_Method=0
Stage 0: PT=0, T_stage=0.012350, bytes=0, T_capped=0
Stage 1: PT=6, T_stage=0.000000, bytes=33176880, T_capped=0
Group 1: Iters=10, Procs=416, Factors=1.000000, Dist=2, RM=0, SM=1, RS=0, SS=0, parents=156, children=0
Async_Iters: 0
T_iter: 0.101107 0.090356 0.085100 0.083922 0.087218 0.084257 0.083611 0.082794 0.083092 0.083304 
T_stage 0: 0.016412 0.013860 0.014782 0.013465 0.014558 0.014357 0.015873 0.013458 0.013350 0.013462 
T_stage 1: 0.085635 0.076941 0.071675 0.070505 0.072865 0.070346 0.070149 0.068908 0.069554 0.069751 
Config: granularity=100000, SDR=1000, ADR=0, Rigid=1, Capture_Method=0
Stage 0: PT=0, T_stage=0.012350, bytes=0, T_capped=0
Stage 1: PT=6, T_stage=0.000000, bytes=33176880, T_capped=0
Group 1: Iters=10, Procs=416, Factors=1.000000, Dist=2, RM=0, SM=1, RS=0, SS=0, parents=156, children=0
Async_Iters: 0
T_iter: 0.183783 0.086915 0.087966 0.089131 0.088836 0.087938 0.087988 0.089529 0.095009 0.094866 
T_stage 0: 0.032696 0.014106 0.015559 0.016275 0.015056 0.013797 0.013643 0.014604 0.014655 0.020631 
T_stage 1: 0.154748 0.072406 0.073962 0.075296 0.074983 0.074107 0.073662 0.075230 0.081292 0.074955 
Config: granularity=100000, SDR=1000, ADR=0, Rigid=1, Capture_Method=0
Stage 0: PT=0, T_stage=0.012350, bytes=0, T_capped=0
Stage 1: PT=6, T_stage=0.000000, bytes=33176880, T_capped=0
Group 1: Iters=10, Procs=416, Factors=1.000000, Dist=2, RM=0, SM=1, RS=0, SS=0, parents=156, children=0
Async_Iters: 0
T_iter: 0.164224 0.081499 0.085104 0.081799 0.082244 0.082392 0.081569 0.082322 0.081669 0.081661 
T_stage 0: 0.035646 0.014352 0.015443 0.013960 0.013807 0.015312 0.014659 0.014912 0.014264 0.014595 
T_stage 1: 0.129384 0.067989 0.071696 0.067906 0.068761 0.068938 0.068175 0.068836 0.068209 0.068220 
