Config: granularity=100000, SDR=1000, ADR=0, Rigid=1, Capture_Method=0
Stage 0: PT=0, T_stage=0.012350, bytes=0, T_capped=0
Stage 1: PT=6, T_stage=0.000000, bytes=33176880, T_capped=0
Group 1: Iters=10, Procs=416, Factors=1.000000, Dist=2, RM=0, SM=1, RS=0, SS=0, parents=312, children=0
Async_Iters: 0
T_iter: 0.279265 0.151927 0.304032 0.079616 0.078653 0.078918 0.081134 0.079325 0.077599 0.279137 
T_stage 0: 0.062610 0.032486 0.033014 0.013932 0.015194 0.013323 0.014347 0.013768 0.013327 0.014315 
T_stage 1: 0.228051 0.115006 0.270671 0.066014 0.065219 0.065459 0.067002 0.065040 0.063604 0.265182 
Config: granularity=100000, SDR=1000, ADR=0, Rigid=1, Capture_Method=0
Stage 0: PT=0, T_stage=0.012350, bytes=0, T_capped=0
Stage 1: PT=6, T_stage=0.000000, bytes=33176880, T_capped=0
Group 1: Iters=10, Procs=416, Factors=1.000000, Dist=2, RM=0, SM=1, RS=0, SS=0, parents=312, children=0
Async_Iters: 0
T_iter: 0.556052 0.338917 0.082217 0.079485 0.079529 0.080885 0.081026 0.080184 0.079103 0.084987 
T_stage 0: 0.073260 0.042388 0.014756 0.013876 0.014342 0.015131 0.014495 0.014847 0.013398 0.013980 
T_stage 1: 0.487323 0.296217 0.068351 0.065500 0.065248 0.066829 0.067181 0.066749 0.065381 0.070769 
Config: granularity=100000, SDR=1000, ADR=0, Rigid=1, Capture_Method=0
Stage 0: PT=0, T_stage=0.012350, bytes=0, T_capped=0
Stage 1: PT=6, T_stage=0.000000, bytes=33176880, T_capped=0
Group 1: Iters=10, Procs=416, Factors=1.000000, Dist=2, RM=0, SM=1, RS=0, SS=0, parents=312, children=0
Async_Iters: 0
T_iter: 0.436539 0.103790 0.079261 0.079863 0.079253 0.080345 0.079031 0.281019 0.079223 0.080119 
T_stage 0: 0.064347 0.032409 0.013343 0.013762 0.013533 0.016551 0.014227 0.013798 0.014198 0.013421 
T_stage 1: 0.351869 0.074517 0.065598 0.066341 0.065661 0.066851 0.065298 0.266707 0.065737 0.066641 
Config: granularity=100000, SDR=1000, ADR=0, Rigid=1, Capture_Method=0
Stage 0: PT=0, T_stage=0.012350, bytes=0, T_capped=0
Stage 1: PT=6, T_stage=0.000000, bytes=33176880, T_capped=0
Group 1: Iters=10, Procs=416, Factors=1.000000, Dist=2, RM=0, SM=1, RS=0, SS=0, parents=312, children=0
Async_Iters: 0
T_iter: 0.154262 0.100460 0.085341 0.086338 0.082782 0.084177 0.082458 0.083372 0.082492 0.081967 
T_stage 0: 0.032055 0.026700 0.015391 0.015515 0.013768 0.015124 0.013782 0.014875 0.014332 0.013180 
T_stage 1: 0.121378 0.073857 0.071859 0.072563 0.069033 0.070212 0.069083 0.069961 0.069200 0.068551 
Config: granularity=100000, SDR=1000, ADR=0, Rigid=1, Capture_Method=0
Stage 0: PT=0, T_stage=0.012350, bytes=0, T_capped=0
Stage 1: PT=6, T_stage=0.000000, bytes=33176880, T_capped=0
Group 1: Iters=10, Procs=416, Factors=1.000000, Dist=2, RM=0, SM=1, RS=0, SS=0, parents=312, children=0
Async_Iters: 0
T_iter: 0.573118 0.301529 0.090145 0.091955 0.081176 0.078997 0.084485 0.079730 0.080155 0.080386 
T_stage 0: 0.061158 0.032526 0.014916 0.014402 0.014689 0.014002 0.018078 0.014810 0.013853 0.013975 
T_stage 1: 0.520008 0.269791 0.074822 0.076349 0.066477 0.064839 0.067093 0.065845 0.066146 0.066259 
Config: granularity=100000, SDR=1000, ADR=0, Rigid=1, Capture_Method=0
Stage 0: PT=0, T_stage=0.012350, bytes=0, T_capped=0
Stage 1: PT=6, T_stage=0.000000, bytes=33176880, T_capped=0
Group 1: Iters=10, Procs=416, Factors=1.000000, Dist=2, RM=0, SM=1, RS=0, SS=0, parents=312, children=0
Async_Iters: 0
T_iter: 0.345287 0.180020 0.108280 0.080715 0.093409 0.106572 0.135781 0.081210 0.080124 0.079864 
T_stage 0: 0.068116 0.031902 0.032887 0.015088 0.022921 0.014515 0.039185 0.014013 0.013446 0.016326 
T_stage 1: 0.270602 0.150896 0.078972 0.067238 0.071545 0.081332 0.106870 0.067708 0.066534 0.065964 
Config: granularity=100000, SDR=1000, ADR=0, Rigid=1, Capture_Method=0
Stage 0: PT=0, T_stage=0.012350, bytes=0, T_capped=0
Stage 1: PT=6, T_stage=0.000000, bytes=33176880, T_capped=0
Group 1: Iters=10, Procs=416, Factors=1.000000, Dist=2, RM=0, SM=1, RS=0, SS=0, parents=312, children=0
Async_Iters: 0
T_iter: 0.412320 0.111371 0.090158 0.087226 0.093332 0.078574 0.085201 0.089285 0.083298 0.087220 
T_stage 0: 0.064313 0.031895 0.013956 0.014490 0.018437 0.013526 0.013669 0.020765 0.016187 0.015737 
T_stage 1: 0.331962 0.081663 0.076089 0.073420 0.075124 0.065035 0.071471 0.071226 0.067764 0.073429 
Config: granularity=100000, SDR=1000, ADR=0, Rigid=1, Capture_Method=0
Stage 0: PT=0, T_stage=0.012350, bytes=0, T_capped=0
Stage 1: PT=6, T_stage=0.000000, bytes=33176880, T_capped=0
Group 1: Iters=10, Procs=416, Factors=1.000000, Dist=2, RM=0, SM=1, RS=0, SS=0, parents=312, children=0
Async_Iters: 0
T_iter: 0.204740 0.081566 0.081925 0.081745 0.081602 0.081621 0.081543 0.081651 0.082210 0.082016 
T_stage 0: 0.059925 0.015099 0.014306 0.014419 0.014316 0.013985 0.013844 0.013278 0.014644 0.014532 
T_stage 1: 0.154739 0.067856 0.068356 0.068318 0.067930 0.067978 0.068055 0.067972 0.068768 0.068241 
Config: granularity=100000, SDR=1000, ADR=0, Rigid=1, Capture_Method=0
Stage 0: PT=0, T_stage=0.012350, bytes=0, T_capped=0
Stage 1: PT=6, T_stage=0.000000, bytes=33176880, T_capped=0
Group 1: Iters=10, Procs=416, Factors=1.000000, Dist=2, RM=0, SM=1, RS=0, SS=0, parents=312, children=0
Async_Iters: 0
T_iter: 0.153549 0.092994 0.077883 0.081668 0.076544 0.078385 0.079313 0.076002 0.081910 0.076005 
T_stage 0: 0.028016 0.028679 0.014406 0.014704 0.014512 0.013928 0.013191 0.014148 0.013438 0.013232 
T_stage 1: 0.123696 0.064921 0.064425 0.067408 0.062836 0.064558 0.066009 0.061569 0.067832 0.062144 
Config: granularity=100000, SDR=1000, ADR=0, Rigid=1, Capture_Method=0
Stage 0: PT=0, T_stage=0.012350, bytes=0, T_capped=0
Stage 1: PT=6, T_stage=0.000000, bytes=33176880, T_capped=0
Group 1: Iters=10, Procs=416, Factors=1.000000, Dist=2, RM=0, SM=1, RS=0, SS=0, parents=312, children=0
Async_Iters: 0
T_iter: 0.109994 0.082299 0.079817 0.087819 0.080375 0.078870 0.081567 0.079585 0.079848 0.079940 
T_stage 0: 0.017926 0.014561 0.013436 0.015038 0.015123 0.014273 0.014283 0.013375 0.014479 0.013298 
T_stage 1: 0.093509 0.068895 0.066261 0.074308 0.066349 0.064998 0.067452 0.066196 0.066395 0.066490 
Config: granularity=100000, SDR=1000, ADR=0, Rigid=1, Capture_Method=0
Stage 0: PT=0, T_stage=0.012350, bytes=0, T_capped=0
Stage 1: PT=6, T_stage=0.000000, bytes=33176880, T_capped=0
Group 1: Iters=10, Procs=416, Factors=1.000000, Dist=2, RM=0, SM=1, RS=0, SS=0, parents=312, children=0
Async_Iters: 0
T_iter: 0.384002 0.107424 0.080418 0.079546 0.083159 0.079218 0.081858 0.081398 0.080827 0.081140 
T_stage 0: 0.060055 0.031447 0.014915 0.015312 0.015045 0.014309 0.015177 0.014446 0.014896 0.013931 
T_stage 1: 0.320273 0.077534 0.066469 0.065551 0.068609 0.064831 0.067769 0.067424 0.066910 0.067072 
Config: granularity=100000, SDR=1000, ADR=0, Rigid=1, Capture_Method=0
Stage 0: PT=0, T_stage=0.012350, bytes=0, T_capped=0
Stage 1: PT=6, T_stage=0.000000, bytes=33176880, T_capped=0
Group 1: Iters=10, Procs=416, Factors=1.000000, Dist=2, RM=0, SM=1, RS=0, SS=0, parents=312, children=0
Async_Iters: 0
T_iter: 0.376114 0.120883 0.081806 0.083777 0.085586 0.080866 0.083213 0.082221 0.081506 0.081067 
T_stage 0: 0.063589 0.031882 0.014501 0.016587 0.014199 0.013464 0.014105 0.014796 0.014608 0.014347 
T_stage 1: 0.315931 0.089835 0.067967 0.070017 0.072121 0.067082 0.068665 0.067366 0.068089 0.067606 
Config: granularity=100000, SDR=1000, ADR=0, Rigid=1, Capture_Method=0
Stage 0: PT=0, T_stage=0.012350, bytes=0, T_capped=0
Stage 1: PT=6, T_stage=0.000000, bytes=33176880, T_capped=0
Group 1: Iters=10, Procs=416, Factors=1.000000, Dist=2, RM=0, SM=1, RS=0, SS=0, parents=312, children=0
Async_Iters: 0
T_iter: 0.420414 0.114975 0.089585 0.087553 0.089881 0.090129 0.089413 0.089289 0.089960 0.089442 
T_stage 0: 0.062618 0.031898 0.015041 0.015175 0.014298 0.014956 0.013791 0.014462 0.015205 0.015440 
T_stage 1: 0.347912 0.085784 0.075571 0.073383 0.075801 0.075533 0.075484 0.075221 0.075879 0.075347 
Config: granularity=100000, SDR=1000, ADR=0, Rigid=1, Capture_Method=0
Stage 0: PT=0, T_stage=0.012350, bytes=0, T_capped=0
Stage 1: PT=6, T_stage=0.000000, bytes=33176880, T_capped=0
Group 1: Iters=10, Procs=416, Factors=1.000000, Dist=2, RM=0, SM=1, RS=0, SS=0, parents=312, children=0
Async_Iters: 0
T_iter: 0.387058 0.140968 0.090103 0.087465 0.088822 0.088312 0.086957 0.088639 0.087361 0.088493 
T_stage 0: 0.064946 0.040321 0.014961 0.013224 0.014761 0.013259 0.013281 0.013240 0.013665 0.013218 
T_stage 1: 0.328157 0.099995 0.076012 0.073975 0.075456 0.074253 0.072824 0.075232 0.073870 0.074941 
Config: granularity=100000, SDR=1000, ADR=0, Rigid=1, Capture_Method=0
Stage 0: PT=0, T_stage=0.012350, bytes=0, T_capped=0
Stage 1: PT=6, T_stage=0.000000, bytes=33176880, T_capped=0
Group 1: Iters=10, Procs=416, Factors=1.000000, Dist=2, RM=0, SM=1, RS=0, SS=0, parents=312, children=0
Async_Iters: 0
T_iter: 0.440514 0.093492 0.081056 0.081361 0.084158 0.079892 0.081104 0.082022 0.080659 0.081212 
T_stage 0: 0.099990 0.021255 0.014253 0.014310 0.015235 0.014159 0.013895 0.014953 0.013928 0.014372 
T_stage 1: 0.364667 0.071862 0.067112 0.067316 0.069993 0.066477 0.067595 0.068575 0.066795 0.067510 
Config: granularity=100000, SDR=1000, ADR=0, Rigid=1, Capture_Method=0
Stage 0: PT=0, T_stage=0.012350, bytes=0, T_capped=0
Stage 1: PT=6, T_stage=0.000000, bytes=33176880, T_capped=0
Group 1: Iters=10, Procs=416, Factors=1.000000, Dist=2, RM=0, SM=1, RS=0, SS=0, parents=312, children=0
Async_Iters: 0
T_iter: 0.362460 0.096677 0.088772 0.081851 0.081778 0.079122 0.079481 0.081071 0.080323 0.084430 
T_stage 0: 0.064613 0.029179 0.015157 0.014337 0.014564 0.013631 0.014523 0.015604 0.013884 0.013937 
T_stage 1: 0.289715 0.067530 0.075117 0.067629 0.067402 0.065472 0.065811 0.067418 0.066752 0.070857 
Config: granularity=100000, SDR=1000, ADR=0, Rigid=1, Capture_Method=0
Stage 0: PT=0, T_stage=0.012350, bytes=0, T_capped=0
Stage 1: PT=6, T_stage=0.000000, bytes=33176880, T_capped=0
Group 1: Iters=10, Procs=416, Factors=1.000000, Dist=2, RM=0, SM=1, RS=0, SS=0, parents=312, children=0
Async_Iters: 0
T_iter: 0.344010 0.100887 0.083328 0.083883 0.085635 0.084161 0.083986 0.083253 0.083208 0.081844 
T_stage 0: 0.053869 0.032146 0.013908 0.015166 0.015327 0.014886 0.014457 0.014388 0.014497 0.016056 
T_stage 1: 0.282348 0.071641 0.069923 0.069758 0.071428 0.070667 0.070444 0.069747 0.069701 0.068240 
Config: granularity=100000, SDR=1000, ADR=0, Rigid=1, Capture_Method=0
Stage 0: PT=0, T_stage=0.012350, bytes=0, T_capped=0
Stage 1: PT=6, T_stage=0.000000, bytes=33176880, T_capped=0
Group 1: Iters=10, Procs=416, Factors=1.000000, Dist=2, RM=0, SM=1, RS=0, SS=0, parents=312, children=0
Async_Iters: 0
T_iter: 0.298752 0.120588 0.083012 0.081297 0.085324 0.081346 0.080807 0.082490 0.079316 0.081179 
T_stage 0: 0.063005 0.032172 0.015176 0.013731 0.013980 0.014249 0.013479 0.013461 0.014371 0.013744 
T_stage 1: 0.220076 0.090762 0.068607 0.067640 0.070700 0.067708 0.067248 0.069014 0.065812 0.066785 
Config: granularity=100000, SDR=1000, ADR=0, Rigid=1, Capture_Method=0
Stage 0: PT=0, T_stage=0.012350, bytes=0, T_capped=0
Stage 1: PT=6, T_stage=0.000000, bytes=33176880, T_capped=0
Group 1: Iters=10, Procs=416, Factors=1.000000, Dist=2, RM=0, SM=1, RS=0, SS=0, parents=312, children=0
Async_Iters: 0
T_iter: 0.349611 0.134018 0.081097 0.077747 0.078751 0.076860 0.078490 0.078207 0.081964 0.076323 
T_stage 0: 0.063949 0.031566 0.013961 0.014855 0.014905 0.014517 0.013287 0.014410 0.014345 0.013965 
T_stage 1: 0.281503 0.104914 0.066729 0.063911 0.065331 0.063463 0.064986 0.064739 0.068517 0.062857 
Config: granularity=100000, SDR=1000, ADR=0, Rigid=1, Capture_Method=0
Stage 0: PT=0, T_stage=0.012350, bytes=0, T_capped=0
Stage 1: PT=6, T_stage=0.000000, bytes=33176880, T_capped=0
Group 1: Iters=10, Procs=416, Factors=1.000000, Dist=2, RM=0, SM=1, RS=0, SS=0, parents=312, children=0
Async_Iters: 0
T_iter: 0.310090 0.101706 0.088830 0.081847 0.081582 0.081840 0.080745 0.081928 0.081336 0.081157 
T_stage 0: 0.064112 0.033100 0.014715 0.014989 0.014063 0.015365 0.014847 0.013901 0.013769 0.013848 
T_stage 1: 0.232483 0.072068 0.074101 0.067344 0.067174 0.067330 0.066780 0.067970 0.067368 0.067201 
