Config: granularity=100000, SDR=1000, ADR=0, Rigid=1, Capture_Method=0
Stage 0: PT=0, T_stage=0.012350, bytes=0, T_capped=0
Stage 1: PT=6, T_stage=0.000000, bytes=33176880, T_capped=0
Group 0: Iters=5, Procs=52, Factors=1.000000, Dist=2, RM=0, SM=0, RS=0, SS=0, parents=0, children=20
Async_Iters: 0
T_iter: 0.081717 0.058892 0.073302 0.072139 0.071878 
T_stage 0: 0.012530 0.012538 0.012660 0.012926 0.012560 
T_stage 1: 0.069094 0.046192 0.060604 0.059078 0.059190 
Config: granularity=100000, SDR=1000, ADR=0, Rigid=1, Capture_Method=0
Stage 0: PT=0, T_stage=0.012350, bytes=0, T_capped=0
Stage 1: PT=6, T_stage=0.000000, bytes=33176880, T_capped=0
Group 0: Iters=5, Procs=52, Factors=1.000000, Dist=2, RM=0, SM=0, RS=0, SS=0, parents=0, children=20
Async_Iters: 0
T_iter: 0.115712 0.099768 0.075289 0.065846 0.074248 
T_stage 0: 0.012561 0.012755 0.012870 0.012601 0.012524 
T_stage 1: 0.103083 0.086986 0.062653 0.053178 0.061679 
Config: granularity=100000, SDR=1000, ADR=0, Rigid=1, Capture_Method=0
Stage 0: PT=0, T_stage=0.012350, bytes=0, T_capped=0
Stage 1: PT=6, T_stage=0.000000, bytes=33176880, T_capped=0
Group 0: Iters=5, Procs=52, Factors=1.000000, Dist=2, RM=0, SM=0, RS=0, SS=0, parents=0, children=20
Async_Iters: 0
T_iter: 0.074965 0.058356 0.056590 0.056285 0.070507 
T_stage 0: 0.012533 0.012575 0.012527 0.012870 0.012705 
T_stage 1: 0.062394 0.045732 0.043976 0.043364 0.057665 
Config: granularity=100000, SDR=1000, ADR=0, Rigid=1, Capture_Method=0
Stage 0: PT=0, T_stage=0.012350, bytes=0, T_capped=0
Stage 1: PT=6, T_stage=0.000000, bytes=33176880, T_capped=0
Group 0: Iters=5, Procs=52, Factors=1.000000, Dist=2, RM=0, SM=0, RS=0, SS=0, parents=0, children=20
Async_Iters: 0
T_iter: 0.080998 0.080185 0.055866 0.055776 0.056431 
T_stage 0: 0.012548 0.012596 0.012589 0.012550 0.012558 
T_stage 1: 0.068428 0.067571 0.043256 0.043181 0.043855 
Config: granularity=100000, SDR=1000, ADR=0, Rigid=1, Capture_Method=0
Stage 0: PT=0, T_stage=0.012350, bytes=0, T_capped=0
Stage 1: PT=6, T_stage=0.000000, bytes=33176880, T_capped=0
Group 0: Iters=5, Procs=52, Factors=1.000000, Dist=2, RM=0, SM=0, RS=0, SS=0, parents=0, children=20
Async_Iters: 0
T_iter: 0.075212 0.065919 0.060499 0.059936 0.060777 
T_stage 0: 0.012532 0.012541 0.012571 0.012537 0.012549 
T_stage 1: 0.062635 0.053328 0.047870 0.047359 0.048156 
Config: granularity=100000, SDR=1000, ADR=0, Rigid=1, Capture_Method=0
Stage 0: PT=0, T_stage=0.012350, bytes=0, T_capped=0
Stage 1: PT=6, T_stage=0.000000, bytes=33176880, T_capped=0
Group 0: Iters=5, Procs=52, Factors=1.000000, Dist=2, RM=0, SM=0, RS=0, SS=0, parents=0, children=20
Async_Iters: 0
T_iter: 0.083835 0.061353 0.061118 0.061099 0.061187 
T_stage 0: 0.012528 0.012588 0.012585 0.012590 0.012573 
T_stage 1: 0.071183 0.048695 0.048468 0.048436 0.048595 
Config: granularity=100000, SDR=1000, ADR=0, Rigid=1, Capture_Method=0
Stage 0: PT=0, T_stage=0.012350, bytes=0, T_capped=0
Stage 1: PT=6, T_stage=0.000000, bytes=33176880, T_capped=0
Group 0: Iters=5, Procs=52, Factors=1.000000, Dist=2, RM=0, SM=0, RS=0, SS=0, parents=0, children=20
Async_Iters: 0
T_iter: 0.075887 0.055455 0.055450 0.056196 0.056148 
T_stage 0: 0.012545 0.012526 0.012570 0.012560 0.012563 
T_stage 1: 0.063281 0.042882 0.042819 0.043627 0.043563 
Config: granularity=100000, SDR=1000, ADR=0, Rigid=1, Capture_Method=0
Stage 0: PT=0, T_stage=0.012350, bytes=0, T_capped=0
Stage 1: PT=6, T_stage=0.000000, bytes=33176880, T_capped=0
Group 0: Iters=5, Procs=52, Factors=1.000000, Dist=2, RM=0, SM=0, RS=0, SS=0, parents=0, children=20
Async_Iters: 0
T_iter: 0.131697 0.064451 0.054046 0.053790 0.054138 
T_stage 0: 0.012530 0.012574 0.012560 0.012574 0.012591 
T_stage 1: 0.119065 0.051744 0.041417 0.041133 0.041529 
Config: granularity=100000, SDR=1000, ADR=0, Rigid=1, Capture_Method=0
Stage 0: PT=0, T_stage=0.012350, bytes=0, T_capped=0
Stage 1: PT=6, T_stage=0.000000, bytes=33176880, T_capped=0
Group 0: Iters=5, Procs=52, Factors=1.000000, Dist=2, RM=0, SM=0, RS=0, SS=0, parents=0, children=20
Async_Iters: 0
T_iter: 0.071756 0.062689 0.052815 0.053609 0.053474 
T_stage 0: 0.012545 0.012602 0.012537 0.012567 0.012564 
T_stage 1: 0.059165 0.049999 0.040234 0.040943 0.040840 
Config: granularity=100000, SDR=1000, ADR=0, Rigid=1, Capture_Method=0
Stage 0: PT=0, T_stage=0.012350, bytes=0, T_capped=0
Stage 1: PT=6, T_stage=0.000000, bytes=33176880, T_capped=0
Group 0: Iters=5, Procs=52, Factors=1.000000, Dist=2, RM=0, SM=0, RS=0, SS=0, parents=0, children=20
Async_Iters: 0
T_iter: 0.076508 0.057762 0.057299 0.056690 0.057268 
T_stage 0: 0.012551 0.012532 0.012562 0.012566 0.012569 
T_stage 1: 0.063924 0.045144 0.044641 0.044028 0.044619 
Config: granularity=100000, SDR=1000, ADR=0, Rigid=1, Capture_Method=0
Stage 0: PT=0, T_stage=0.012350, bytes=0, T_capped=0
Stage 1: PT=6, T_stage=0.000000, bytes=33176880, T_capped=0
Group 0: Iters=5, Procs=52, Factors=1.000000, Dist=2, RM=0, SM=0, RS=0, SS=0, parents=0, children=20
Async_Iters: 0
T_iter: 0.070894 0.056170 0.057016 0.057417 0.057252 
T_stage 0: 0.012549 0.012529 0.012527 0.012564 0.012525 
T_stage 1: 0.058303 0.043591 0.044436 0.044799 0.044646 
Config: granularity=100000, SDR=1000, ADR=0, Rigid=1, Capture_Method=0
Stage 0: PT=0, T_stage=0.012350, bytes=0, T_capped=0
Stage 1: PT=6, T_stage=0.000000, bytes=33176880, T_capped=0
Group 0: Iters=5, Procs=52, Factors=1.000000, Dist=2, RM=0, SM=0, RS=0, SS=0, parents=0, children=20
Async_Iters: 0
T_iter: 0.071105 0.055651 0.053584 0.053222 0.053202 
T_stage 0: 0.012519 0.015597 0.012534 0.012623 0.012572 
T_stage 1: 0.058462 0.040021 0.040976 0.040586 0.040561 
Config: granularity=100000, SDR=1000, ADR=0, Rigid=1, Capture_Method=0
Stage 0: PT=0, T_stage=0.012350, bytes=0, T_capped=0
Stage 1: PT=6, T_stage=0.000000, bytes=33176880, T_capped=0
Group 0: Iters=5, Procs=52, Factors=1.000000, Dist=2, RM=0, SM=0, RS=0, SS=0, parents=0, children=20
Async_Iters: 0
T_iter: 0.078489 0.055943 0.056819 0.055570 0.055629 
T_stage 0: 0.012555 0.012546 0.012542 0.012532 0.012555 
T_stage 1: 0.065903 0.043348 0.044230 0.043017 0.043047 
Config: granularity=100000, SDR=1000, ADR=0, Rigid=1, Capture_Method=0
Stage 0: PT=0, T_stage=0.012350, bytes=0, T_capped=0
Stage 1: PT=6, T_stage=0.000000, bytes=33176880, T_capped=0
Group 0: Iters=5, Procs=52, Factors=1.000000, Dist=2, RM=0, SM=0, RS=0, SS=0, parents=0, children=20
Async_Iters: 0
T_iter: 0.075933 0.059673 0.059983 0.060749 0.060382 
T_stage 0: 0.012534 0.012528 0.012558 0.012517 0.012556 
T_stage 1: 0.063353 0.047094 0.047345 0.048172 0.047807 
Config: granularity=100000, SDR=1000, ADR=0, Rigid=1, Capture_Method=0
Stage 0: PT=0, T_stage=0.012350, bytes=0, T_capped=0
Stage 1: PT=6, T_stage=0.000000, bytes=33176880, T_capped=0
Group 0: Iters=5, Procs=52, Factors=1.000000, Dist=2, RM=0, SM=0, RS=0, SS=0, parents=0, children=20
Async_Iters: 0
T_iter: 0.079940 0.056222 0.055645 0.055230 0.055583 
T_stage 0: 0.012524 0.012566 0.012594 0.012626 0.012591 
T_stage 1: 0.067348 0.043591 0.042979 0.042515 0.042939 
Config: granularity=100000, SDR=1000, ADR=0, Rigid=1, Capture_Method=0
Stage 0: PT=0, T_stage=0.012350, bytes=0, T_capped=0
Stage 1: PT=6, T_stage=0.000000, bytes=33176880, T_capped=0
Group 0: Iters=5, Procs=52, Factors=1.000000, Dist=2, RM=0, SM=0, RS=0, SS=0, parents=0, children=20
Async_Iters: 0
T_iter: 0.072700 0.060351 0.059076 0.059720 0.058360 
T_stage 0: 0.012526 0.012643 0.012543 0.012533 0.012544 
T_stage 1: 0.060113 0.047656 0.046493 0.047104 0.045738 
Config: granularity=100000, SDR=1000, ADR=0, Rigid=1, Capture_Method=0
Stage 0: PT=0, T_stage=0.012350, bytes=0, T_capped=0
Stage 1: PT=6, T_stage=0.000000, bytes=33176880, T_capped=0
Group 0: Iters=5, Procs=52, Factors=1.000000, Dist=2, RM=0, SM=0, RS=0, SS=0, parents=0, children=20
Async_Iters: 0
T_iter: 0.088895 0.072207 0.073593 0.072824 0.073749 
T_stage 0: 0.012541 0.012566 0.012565 0.012522 0.012533 
T_stage 1: 0.076280 0.059627 0.060976 0.060238 0.061160 
Config: granularity=100000, SDR=1000, ADR=0, Rigid=1, Capture_Method=0
Stage 0: PT=0, T_stage=0.012350, bytes=0, T_capped=0
Stage 1: PT=6, T_stage=0.000000, bytes=33176880, T_capped=0
Group 0: Iters=5, Procs=52, Factors=1.000000, Dist=2, RM=0, SM=0, RS=0, SS=0, parents=0, children=20
Async_Iters: 0
T_iter: 0.076672 0.058691 0.053692 0.053937 0.053868 
T_stage 0: 0.012528 0.012549 0.012671 0.012559 0.012537 
T_stage 1: 0.064084 0.046038 0.041010 0.041316 0.041266 
Config: granularity=100000, SDR=1000, ADR=0, Rigid=1, Capture_Method=0
Stage 0: PT=0, T_stage=0.012350, bytes=0, T_capped=0
Stage 1: PT=6, T_stage=0.000000, bytes=33176880, T_capped=0
Group 0: Iters=5, Procs=52, Factors=1.000000, Dist=2, RM=0, SM=0, RS=0, SS=0, parents=0, children=20
Async_Iters: 0
T_iter: 0.082756 0.061133 0.060655 0.060432 0.060546 
T_stage 0: 0.012574 0.012558 0.012560 0.012599 0.012569 
T_stage 1: 0.070082 0.048563 0.048053 0.047746 0.047963 
Config: granularity=100000, SDR=1000, ADR=0, Rigid=1, Capture_Method=0
Stage 0: PT=0, T_stage=0.012350, bytes=0, T_capped=0
Stage 1: PT=6, T_stage=0.000000, bytes=33176880, T_capped=0
Group 0: Iters=5, Procs=52, Factors=1.000000, Dist=2, RM=0, SM=0, RS=0, SS=0, parents=0, children=20
Async_Iters: 0
T_iter: 0.069407 0.054059 0.054060 0.053679 0.054452 
T_stage 0: 0.012692 0.012533 0.012601 0.012537 0.012557 
T_stage 1: 0.056603 0.041390 0.041445 0.041090 0.041769 
