Config: granularity=100000, SDR=1000, ADR=0, Rigid=1, Capture_Method=0
Stage 0: PT=0, T_stage=0.012350, bytes=0, T_capped=0
Stage 1: PT=6, T_stage=0.000000, bytes=33176880, T_capped=0
Group 1: Iters=10, Procs=20, Factors=1.000000, Dist=2, RM=0, SM=0, RS=0, SS=5, parents=104, children=0
Async_Iters: 0
T_iter: 0.054793 0.043603 0.042909 0.041817 0.041379 0.041389 0.041272 0.046631 0.041502 0.041717 
T_stage 0: 0.012540 0.012838 0.012609 0.012548 0.012575 0.012622 0.012528 0.012579 0.012543 0.012563 
T_stage 1: 0.042247 0.030748 0.030295 0.029250 0.028797 0.028775 0.028737 0.034044 0.028937 0.029147 
Config: granularity=100000, SDR=1000, ADR=0, Rigid=1, Capture_Method=0
Stage 0: PT=0, T_stage=0.012350, bytes=0, T_capped=0
Stage 1: PT=6, T_stage=0.000000, bytes=33176880, T_capped=0
Group 1: Iters=10, Procs=20, Factors=1.000000, Dist=2, RM=0, SM=0, RS=0, SS=5, parents=104, children=0
Async_Iters: 0
T_iter: 0.053239 0.039457 0.041083 0.040342 0.039353 0.039700 0.039246 0.039213 0.043257 0.039109 
T_stage 0: 0.012520 0.012809 0.013322 0.013735 0.012601 0.013055 0.012547 0.012543 0.015984 0.012527 
T_stage 1: 0.040711 0.026642 0.027767 0.026609 0.026744 0.026638 0.026705 0.026680 0.027267 0.026571 
Config: granularity=100000, SDR=1000, ADR=0, Rigid=1, Capture_Method=0
Stage 0: PT=0, T_stage=0.012350, bytes=0, T_capped=0
Stage 1: PT=6, T_stage=0.000000, bytes=33176880, T_capped=0
Group 1: Iters=10, Procs=20, Factors=1.000000, Dist=2, RM=0, SM=0, RS=0, SS=5, parents=104, children=0
Async_Iters: 0
T_iter: 0.054790 0.043165 0.043171 0.043005 0.042322 0.041899 0.041912 0.057603 0.041867 0.042420 
T_stage 0: 0.012516 0.012679 0.013180 0.013651 0.012525 0.012527 0.012557 0.012550 0.012535 0.012686 
T_stage 1: 0.042265 0.030489 0.029985 0.029349 0.029786 0.029363 0.029333 0.045044 0.029310 0.029724 
Config: granularity=100000, SDR=1000, ADR=0, Rigid=1, Capture_Method=0
Stage 0: PT=0, T_stage=0.012350, bytes=0, T_capped=0
Stage 1: PT=6, T_stage=0.000000, bytes=33176880, T_capped=0
Group 1: Iters=10, Procs=20, Factors=1.000000, Dist=2, RM=0, SM=0, RS=0, SS=5, parents=104, children=0
Async_Iters: 0
T_iter: 0.054827 0.043186 0.043042 0.041874 0.041456 0.041398 0.041399 0.047241 0.041560 0.041748 
T_stage 0: 0.012764 0.013338 0.013151 0.012547 0.012530 0.012537 0.012547 0.018434 0.012708 0.012854 
T_stage 1: 0.042047 0.029839 0.029890 0.029308 0.028917 0.028853 0.028844 0.028800 0.028843 0.028886 
Config: granularity=100000, SDR=1000, ADR=0, Rigid=1, Capture_Method=0
Stage 0: PT=0, T_stage=0.012350, bytes=0, T_capped=0
Stage 1: PT=6, T_stage=0.000000, bytes=33176880, T_capped=0
Group 1: Iters=10, Procs=20, Factors=1.000000, Dist=2, RM=0, SM=0, RS=0, SS=5, parents=104, children=0
Async_Iters: 0
T_iter: 0.053299 0.041690 0.041131 0.039349 0.039821 0.039329 0.045105 0.039389 0.039348 0.039900 
T_stage 0: 0.012675 0.013730 0.012803 0.012531 0.013060 0.012545 0.012523 0.012633 0.012568 0.012525 
T_stage 1: 0.040617 0.027958 0.028324 0.026809 0.026751 0.026775 0.032572 0.026770 0.026773 0.027365 
Config: granularity=100000, SDR=1000, ADR=0, Rigid=1, Capture_Method=0
Stage 0: PT=0, T_stage=0.012350, bytes=0, T_capped=0
Stage 1: PT=6, T_stage=0.000000, bytes=33176880, T_capped=0
Group 1: Iters=10, Procs=20, Factors=1.000000, Dist=2, RM=0, SM=0, RS=0, SS=5, parents=104, children=0
Async_Iters: 0
T_iter: 0.054074 0.040585 0.042025 0.041968 0.040457 0.041001 0.040743 0.044441 0.040446 0.040496 
T_stage 0: 0.012664 0.012555 0.012529 0.012826 0.012541 0.013062 0.012891 0.016007 0.012539 0.012555 
T_stage 1: 0.041396 0.028014 0.029487 0.029146 0.027907 0.027932 0.027855 0.028425 0.027899 0.027933 
Config: granularity=100000, SDR=1000, ADR=0, Rigid=1, Capture_Method=0
Stage 0: PT=0, T_stage=0.012350, bytes=0, T_capped=0
Stage 1: PT=6, T_stage=0.000000, bytes=33176880, T_capped=0
Group 1: Iters=10, Procs=20, Factors=1.000000, Dist=2, RM=0, SM=0, RS=0, SS=5, parents=104, children=0
Async_Iters: 0
T_iter: 0.054551 0.040360 0.041215 0.041889 0.040593 0.040054 0.040073 0.044948 0.040027 0.040270 
T_stage 0: 0.013304 0.012589 0.012565 0.012986 0.012540 0.012567 0.012546 0.017356 0.012528 0.012675 
T_stage 1: 0.041239 0.027763 0.028642 0.028896 0.028045 0.027494 0.027509 0.027589 0.027490 0.027586 
Config: granularity=100000, SDR=1000, ADR=0, Rigid=1, Capture_Method=0
Stage 0: PT=0, T_stage=0.012350, bytes=0, T_capped=0
Stage 1: PT=6, T_stage=0.000000, bytes=33176880, T_capped=0
Group 1: Iters=10, Procs=20, Factors=1.000000, Dist=2, RM=0, SM=0, RS=0, SS=5, parents=104, children=0
Async_Iters: 0
T_iter: 0.053625 0.042636 0.041122 0.040641 0.040208 0.040139 0.046714 0.040517 0.040664 0.040165 
T_stage 0: 0.012706 0.013882 0.013486 0.012562 0.012539 0.012551 0.012522 0.012540 0.012753 0.012584 
T_stage 1: 0.040910 0.028750 0.027636 0.028070 0.027648 0.027579 0.034184 0.027960 0.027903 0.027573 
Config: granularity=100000, SDR=1000, ADR=0, Rigid=1, Capture_Method=0
Stage 0: PT=0, T_stage=0.012350, bytes=0, T_capped=0
Stage 1: PT=6, T_stage=0.000000, bytes=33176880, T_capped=0
Group 1: Iters=10, Procs=20, Factors=1.000000, Dist=2, RM=0, SM=0, RS=0, SS=5, parents=104, children=0
Async_Iters: 0
T_iter: 0.054242 0.042408 0.043232 0.041036 0.041204 0.041836 0.041163 0.048193 0.041348 0.041344 
T_stage 0: 0.012664 0.012633 0.013021 0.012527 0.012546 0.012997 0.012589 0.017966 0.012874 0.012678 
T_stage 1: 0.041569 0.029753 0.030206 0.028499 0.028650 0.028817 0.028565 0.030231 0.028471 0.028646 
Config: granularity=100000, SDR=1000, ADR=0, Rigid=1, Capture_Method=0
Stage 0: PT=0, T_stage=0.012350, bytes=0, T_capped=0
Stage 1: PT=6, T_stage=0.000000, bytes=33176880, T_capped=0
Group 1: Iters=10, Procs=20, Factors=1.000000, Dist=2, RM=0, SM=0, RS=0, SS=5, parents=104, children=0
Async_Iters: 0
T_iter: 0.084384 0.042622 0.042187 0.046303 0.048379 0.041824 0.041537 0.041375 0.041221 0.041324 
T_stage 0: 0.029177 0.012801 0.013085 0.012542 0.013373 0.012687 0.012579 0.012594 0.012565 0.012526 
T_stage 1: 0.055202 0.029801 0.029094 0.033753 0.035000 0.029149 0.028950 0.028773 0.028648 0.028777 
Config: granularity=100000, SDR=1000, ADR=0, Rigid=1, Capture_Method=0
Stage 0: PT=0, T_stage=0.012350, bytes=0, T_capped=0
Stage 1: PT=6, T_stage=0.000000, bytes=33176880, T_capped=0
Group 1: Iters=10, Procs=20, Factors=1.000000, Dist=2, RM=0, SM=0, RS=0, SS=5, parents=104, children=0
Async_Iters: 0
T_iter: 0.058357 0.042668 0.043688 0.047599 0.042467 0.041951 0.046504 0.050105 0.046147 0.042647 
T_stage 0: 0.014747 0.012698 0.013302 0.013635 0.013027 0.012547 0.012567 0.016395 0.012769 0.012829 
T_stage 1: 0.043604 0.029975 0.030380 0.033959 0.029433 0.029396 0.033927 0.033729 0.033371 0.029811 
Config: granularity=100000, SDR=1000, ADR=0, Rigid=1, Capture_Method=0
Stage 0: PT=0, T_stage=0.012350, bytes=0, T_capped=0
Stage 1: PT=6, T_stage=0.000000, bytes=33176880, T_capped=0
Group 1: Iters=10, Procs=20, Factors=1.000000, Dist=2, RM=0, SM=0, RS=0, SS=5, parents=104, children=0
Async_Iters: 0
T_iter: 0.053957 0.040500 0.051246 0.042300 0.040886 0.041001 0.041036 0.046322 0.040925 0.041196 
T_stage 0: 0.012793 0.012541 0.012544 0.013438 0.012741 0.012560 0.012885 0.018105 0.012546 0.012570 
T_stage 1: 0.041155 0.027958 0.038693 0.028854 0.028192 0.028431 0.028157 0.029806 0.028370 0.028618 
Config: granularity=100000, SDR=1000, ADR=0, Rigid=1, Capture_Method=0
Stage 0: PT=0, T_stage=0.012350, bytes=0, T_capped=0
Stage 1: PT=6, T_stage=0.000000, bytes=33176880, T_capped=0
Group 1: Iters=10, Procs=20, Factors=1.000000, Dist=2, RM=0, SM=0, RS=0, SS=5, parents=104, children=0
Async_Iters: 0
T_iter: 0.067470 0.043112 0.043348 0.041910 0.041665 0.047780 0.041762 0.041920 0.041624 0.041857 
T_stage 0: 0.024568 0.012712 0.012744 0.012544 0.012625 0.016300 0.012535 0.012838 0.012590 0.012523 
T_stage 1: 0.042894 0.030395 0.030597 0.029373 0.029027 0.031476 0.029220 0.029075 0.029026 0.029326 
Config: granularity=100000, SDR=1000, ADR=0, Rigid=1, Capture_Method=0
Stage 0: PT=0, T_stage=0.012350, bytes=0, T_capped=0
Stage 1: PT=6, T_stage=0.000000, bytes=33176880, T_capped=0
Group 1: Iters=10, Procs=20, Factors=1.000000, Dist=2, RM=0, SM=0, RS=0, SS=5, parents=104, children=0
Async_Iters: 0
T_iter: 0.055095 0.043756 0.043164 0.042229 0.041788 0.046388 0.042459 0.042130 0.043152 0.041719 
T_stage 0: 0.012756 0.012622 0.012724 0.012582 0.012536 0.012550 0.013272 0.012518 0.012868 0.012539 
T_stage 1: 0.042330 0.031126 0.030430 0.029639 0.029244 0.033830 0.029179 0.029603 0.030275 0.029173 
Config: granularity=100000, SDR=1000, ADR=0, Rigid=1, Capture_Method=0
Stage 0: PT=0, T_stage=0.012350, bytes=0, T_capped=0
Stage 1: PT=6, T_stage=0.000000, bytes=33176880, T_capped=0
Group 1: Iters=10, Procs=20, Factors=1.000000, Dist=2, RM=0, SM=0, RS=0, SS=5, parents=104, children=0
Async_Iters: 0
T_iter: 0.053623 0.040562 0.041847 0.041498 0.040193 0.040648 0.040248 0.040145 0.044774 0.040335 
T_stage 0: 0.012732 0.012666 0.012526 0.012647 0.012540 0.012540 0.012555 0.012546 0.016839 0.012524 
T_stage 1: 0.040882 0.027901 0.029316 0.028843 0.027648 0.028121 0.027687 0.027591 0.027929 0.027804 
Config: granularity=100000, SDR=1000, ADR=0, Rigid=1, Capture_Method=0
Stage 0: PT=0, T_stage=0.012350, bytes=0, T_capped=0
Stage 1: PT=6, T_stage=0.000000, bytes=33176880, T_capped=0
Group 1: Iters=10, Procs=20, Factors=1.000000, Dist=2, RM=0, SM=0, RS=0, SS=5, parents=104, children=0
Async_Iters: 0
T_iter: 0.056547 0.040866 0.042650 0.041858 0.040613 0.041060 0.040660 0.041395 0.048350 0.040738 
T_stage 0: 0.012857 0.012783 0.012594 0.012589 0.012541 0.012526 0.012525 0.012955 0.012966 0.012534 
T_stage 1: 0.043685 0.028071 0.030047 0.029258 0.028062 0.028526 0.028128 0.028431 0.035404 0.028195 
Config: granularity=100000, SDR=1000, ADR=0, Rigid=1, Capture_Method=0
Stage 0: PT=0, T_stage=0.012350, bytes=0, T_capped=0
Stage 1: PT=6, T_stage=0.000000, bytes=33176880, T_capped=0
Group 1: Iters=10, Procs=20, Factors=1.000000, Dist=2, RM=0, SM=0, RS=0, SS=5, parents=104, children=0
Async_Iters: 0
T_iter: 0.052801 0.040046 0.039731 0.039253 0.038849 0.038537 0.043261 0.038921 0.038926 0.038403 
T_stage 0: 0.012892 0.013584 0.013018 0.013033 0.012521 0.012553 0.016041 0.012688 0.012811 0.012515 
T_stage 1: 0.039901 0.026461 0.026774 0.026210 0.026318 0.025975 0.027192 0.026223 0.026105 0.025879 
Config: granularity=100000, SDR=1000, ADR=0, Rigid=1, Capture_Method=0
Stage 0: PT=0, T_stage=0.012350, bytes=0, T_capped=0
Stage 1: PT=6, T_stage=0.000000, bytes=33176880, T_capped=0
Group 1: Iters=10, Procs=20, Factors=1.000000, Dist=2, RM=0, SM=0, RS=0, SS=5, parents=104, children=0
Async_Iters: 0
T_iter: 0.053667 0.040412 0.039800 0.040532 0.039576 0.039132 0.047021 0.038951 0.039097 0.039399 
T_stage 0: 0.012581 0.012607 0.012658 0.013970 0.012524 0.012523 0.012569 0.012532 0.012525 0.012590 
T_stage 1: 0.041076 0.027797 0.027147 0.026557 0.027044 0.026601 0.034462 0.026412 0.026562 0.026800 
Config: granularity=100000, SDR=1000, ADR=0, Rigid=1, Capture_Method=0
Stage 0: PT=0, T_stage=0.012350, bytes=0, T_capped=0
Stage 1: PT=6, T_stage=0.000000, bytes=33176880, T_capped=0
Group 1: Iters=10, Procs=20, Factors=1.000000, Dist=2, RM=0, SM=0, RS=0, SS=5, parents=104, children=0
Async_Iters: 0
T_iter: 0.055029 0.041849 0.043197 0.042655 0.041953 0.041437 0.041762 0.045502 0.041488 0.041413 
T_stage 0: 0.012704 0.012560 0.012568 0.012565 0.012593 0.012539 0.012881 0.016548 0.012527 0.012529 
T_stage 1: 0.042318 0.029293 0.030621 0.030083 0.029352 0.028891 0.028874 0.028953 0.028952 0.028877 
Config: granularity=100000, SDR=1000, ADR=0, Rigid=1, Capture_Method=0
Stage 0: PT=0, T_stage=0.012350, bytes=0, T_capped=0
Stage 1: PT=6, T_stage=0.000000, bytes=33176880, T_capped=0
Group 1: Iters=10, Procs=20, Factors=1.000000, Dist=2, RM=0, SM=0, RS=0, SS=5, parents=104, children=0
Async_Iters: 0
T_iter: 0.054684 0.042542 0.042263 0.040537 0.040932 0.040458 0.040449 0.045457 0.040484 0.040629 
T_stage 0: 0.012849 0.012604 0.012693 0.012547 0.013014 0.012521 0.012565 0.017284 0.012538 0.012660 
T_stage 1: 0.041827 0.029930 0.029562 0.027979 0.027898 0.027927 0.027876 0.028154 0.027939 0.027960 
