Config loaded: R=1, S=2, granularity=100000, SDR=1000, ADR=0, Rigid=1, Capture_Method=0
Stage 0: PT=0, T_stage=0.012350, bytes=0, T_capped=0
Stage 1: PT=6, T_stage=0.000000, bytes=33176880, T_capped=0
Group 0: Iters=5, Procs=156, Factors=1.000000, Dist=2, RM=0, SM=0, RS=0, SS=0
Group 1: Iters=10, Procs=20, Factors=1.000000, Dist=2, RM=0, SM=0, RS=0, SS=5
T_spawn: 2.439400 
T_SR: 0.099942 
T_AR: 0.000000 
T_US: 0.195993 
T_Malleability: 3.002391 
T_total: 3.882880
Config loaded: R=1, S=2, granularity=100000, SDR=1000, ADR=0, Rigid=1, Capture_Method=0
Stage 0: PT=0, T_stage=0.012350, bytes=0, T_capped=0
Stage 1: PT=6, T_stage=0.000000, bytes=33176880, T_capped=0
Group 0: Iters=5, Procs=156, Factors=1.000000, Dist=2, RM=0, SM=0, RS=0, SS=0
Group 1: Iters=10, Procs=20, Factors=1.000000, Dist=2, RM=0, SM=0, RS=0, SS=5
T_spawn: 2.549461 
T_SR: 0.060035 
T_AR: 0.000000 
T_US: 0.196115 
T_Malleability: 3.142429 
T_total: 4.020131
Config loaded: R=1, S=2, granularity=100000, SDR=1000, ADR=0, Rigid=1, Capture_Method=0
Stage 0: PT=0, T_stage=0.012350, bytes=0, T_capped=0
Stage 1: PT=6, T_stage=0.000000, bytes=33176880, T_capped=0
Group 0: Iters=5, Procs=156, Factors=1.000000, Dist=2, RM=0, SM=0, RS=0, SS=0
Group 1: Iters=10, Procs=20, Factors=1.000000, Dist=2, RM=0, SM=0, RS=0, SS=5
T_spawn: 2.571047 
T_SR: 0.119995 
T_AR: 0.000000 
T_US: 0.156622 
T_Malleability: 3.147108 
T_total: 3.987342
Config loaded: R=1, S=2, granularity=100000, SDR=1000, ADR=0, Rigid=1, Capture_Method=0
Stage 0: PT=0, T_stage=0.012350, bytes=0, T_capped=0
Stage 1: PT=6, T_stage=0.000000, bytes=33176880, T_capped=0
Group 0: Iters=5, Procs=156, Factors=1.000000, Dist=2, RM=0, SM=0, RS=0, SS=0
Group 1: Iters=10, Procs=20, Factors=1.000000, Dist=2, RM=0, SM=0, RS=0, SS=5
T_spawn: 2.789504 
T_SR: 0.088000 
T_AR: 0.000000 
T_US: 0.287537 
T_Malleability: 3.451804 
T_total: 4.277945
Config loaded: R=1, S=2, granularity=100000, SDR=1000, ADR=0, Rigid=1, Capture_Method=0
Stage 0: PT=0, T_stage=0.012350, bytes=0, T_capped=0
Stage 1: PT=6, T_stage=0.000000, bytes=33176880, T_capped=0
Group 0: Iters=5, Procs=156, Factors=1.000000, Dist=2, RM=0, SM=0, RS=0, SS=0
Group 1: Iters=10, Procs=20, Factors=1.000000, Dist=2, RM=0, SM=0, RS=0, SS=5
T_spawn: 2.777427 
T_SR: 0.063939 
T_AR: 0.000000 
T_US: 0.151992 
T_Malleability: 3.321392 
T_total: 4.151761
Config loaded: R=1, S=2, granularity=100000, SDR=1000, ADR=0, Rigid=1, Capture_Method=0
Stage 0: PT=0, T_stage=0.012350, bytes=0, T_capped=0
Stage 1: PT=6, T_stage=0.000000, bytes=33176880, T_capped=0
Group 0: Iters=5, Procs=156, Factors=1.000000, Dist=2, RM=0, SM=0, RS=0, SS=0
Group 1: Iters=10, Procs=20, Factors=1.000000, Dist=2, RM=0, SM=0, RS=0, SS=5
T_spawn: 2.494098 
T_SR: 0.119940 
T_AR: 0.000000 
T_US: 0.118964 
T_Malleability: 2.994255 
T_total: 3.836878
Config loaded: R=1, S=2, granularity=100000, SDR=1000, ADR=0, Rigid=1, Capture_Method=0
Stage 0: PT=0, T_stage=0.012350, bytes=0, T_capped=0
Stage 1: PT=6, T_stage=0.000000, bytes=33176880, T_capped=0
Group 0: Iters=5, Procs=156, Factors=1.000000, Dist=2, RM=0, SM=0, RS=0, SS=0
Group 1: Iters=10, Procs=20, Factors=1.000000, Dist=2, RM=0, SM=0, RS=0, SS=5
T_spawn: 2.585971 
T_SR: 0.068064 
T_AR: 0.000000 
T_US: 0.159573 
T_Malleability: 3.183720 
T_total: 4.036571
Config loaded: R=1, S=2, granularity=100000, SDR=1000, ADR=0, Rigid=1, Capture_Method=0
Stage 0: PT=0, T_stage=0.012350, bytes=0, T_capped=0
Stage 1: PT=6, T_stage=0.000000, bytes=33176880, T_capped=0
Group 0: Iters=5, Procs=156, Factors=1.000000, Dist=2, RM=0, SM=0, RS=0, SS=0
Group 1: Iters=10, Procs=20, Factors=1.000000, Dist=2, RM=0, SM=0, RS=0, SS=5
T_spawn: 2.960926 
T_SR: 0.087953 
T_AR: 0.000000 
T_US: 0.207588 
T_Malleability: 3.552889 
T_total: 4.387317
Config loaded: R=1, S=2, granularity=100000, SDR=1000, ADR=0, Rigid=1, Capture_Method=0
Stage 0: PT=0, T_stage=0.012350, bytes=0, T_capped=0
Stage 1: PT=6, T_stage=0.000000, bytes=33176880, T_capped=0
Group 0: Iters=5, Procs=156, Factors=1.000000, Dist=2, RM=0, SM=0, RS=0, SS=0
Group 1: Iters=10, Procs=20, Factors=1.000000, Dist=2, RM=0, SM=0, RS=0, SS=5
T_spawn: 2.536666 
T_SR: 0.128000 
T_AR: 0.000000 
T_US: 0.188174 
T_Malleability: 3.111154 
T_total: 3.955899
Config loaded: R=1, S=2, granularity=100000, SDR=1000, ADR=0, Rigid=1, Capture_Method=0
Stage 0: PT=0, T_stage=0.012350, bytes=0, T_capped=0
Stage 1: PT=6, T_stage=0.000000, bytes=33176880, T_capped=0
Group 0: Iters=5, Procs=156, Factors=1.000000, Dist=2, RM=0, SM=0, RS=0, SS=0
Group 1: Iters=10, Procs=20, Factors=1.000000, Dist=2, RM=0, SM=0, RS=0, SS=5
T_spawn: 2.547319 
T_SR: 0.055958 
T_AR: 0.000000 
T_US: 0.152674 
T_Malleability: 3.125032 
T_total: 3.939275
Config loaded: R=1, S=2, granularity=100000, SDR=1000, ADR=0, Rigid=1, Capture_Method=0
Stage 0: PT=0, T_stage=0.012350, bytes=0, T_capped=0
Stage 1: PT=6, T_stage=0.000000, bytes=33176880, T_capped=0
Group 0: Iters=5, Procs=156, Factors=1.000000, Dist=2, RM=0, SM=0, RS=0, SS=0
Group 1: Iters=10, Procs=20, Factors=1.000000, Dist=2, RM=0, SM=0, RS=0, SS=5
T_spawn: 2.732203 
T_SR: 0.083806 
T_AR: 0.000000 
T_US: 0.259928 
T_Malleability: 3.369007 
T_total: 4.218996
Config loaded: R=1, S=2, granularity=100000, SDR=1000, ADR=0, Rigid=1, Capture_Method=0
Stage 0: PT=0, T_stage=0.012350, bytes=0, T_capped=0
Stage 1: PT=6, T_stage=0.000000, bytes=33176880, T_capped=0
Group 0: Iters=5, Procs=156, Factors=1.000000, Dist=2, RM=0, SM=0, RS=0, SS=0
Group 1: Iters=10, Procs=20, Factors=1.000000, Dist=2, RM=0, SM=0, RS=0, SS=5
T_spawn: 2.706120 
T_SR: 0.056010 
T_AR: 0.000000 
T_US: 0.247666 
T_Malleability: 3.289439 
T_total: 4.153656
Config loaded: R=1, S=2, granularity=100000, SDR=1000, ADR=0, Rigid=1, Capture_Method=0
Stage 0: PT=0, T_stage=0.012350, bytes=0, T_capped=0
Stage 1: PT=6, T_stage=0.000000, bytes=33176880, T_capped=0
Group 0: Iters=5, Procs=156, Factors=1.000000, Dist=2, RM=0, SM=0, RS=0, SS=0
Group 1: Iters=10, Procs=20, Factors=1.000000, Dist=2, RM=0, SM=0, RS=0, SS=5
T_spawn: 2.991231 
T_SR: 0.096026 
T_AR: 0.000000 
T_US: 0.167923 
T_Malleability: 3.626855 
T_total: 4.432446
Config loaded: R=1, S=2, granularity=100000, SDR=1000, ADR=0, Rigid=1, Capture_Method=0
Stage 0: PT=0, T_stage=0.012350, bytes=0, T_capped=0
Stage 1: PT=6, T_stage=0.000000, bytes=33176880, T_capped=0
Group 0: Iters=5, Procs=156, Factors=1.000000, Dist=2, RM=0, SM=0, RS=0, SS=0
Group 1: Iters=10, Procs=20, Factors=1.000000, Dist=2, RM=0, SM=0, RS=0, SS=5
T_spawn: 2.759375 
T_SR: 0.123989 
T_AR: 0.000000 
T_US: 0.187774 
T_Malleability: 3.370362 
T_total: 4.198659
Config loaded: R=1, S=2, granularity=100000, SDR=1000, ADR=0, Rigid=1, Capture_Method=0
Stage 0: PT=0, T_stage=0.012350, bytes=0, T_capped=0
Stage 1: PT=6, T_stage=0.000000, bytes=33176880, T_capped=0
Group 0: Iters=5, Procs=156, Factors=1.000000, Dist=2, RM=0, SM=0, RS=0, SS=0
Group 1: Iters=10, Procs=20, Factors=1.000000, Dist=2, RM=0, SM=0, RS=0, SS=5
T_spawn: 2.568083 
T_SR: 0.091998 
T_AR: 0.000000 
T_US: 0.223745 
T_Malleability: 3.170797 
T_total: 4.024618
Config loaded: R=1, S=2, granularity=100000, SDR=1000, ADR=0, Rigid=1, Capture_Method=0
Stage 0: PT=0, T_stage=0.012350, bytes=0, T_capped=0
Stage 1: PT=6, T_stage=0.000000, bytes=33176880, T_capped=0
Group 0: Iters=5, Procs=156, Factors=1.000000, Dist=2, RM=0, SM=0, RS=0, SS=0
Group 1: Iters=10, Procs=20, Factors=1.000000, Dist=2, RM=0, SM=0, RS=0, SS=5
T_spawn: 2.645695 
T_SR: 0.099976 
T_AR: 0.000000 
T_US: 0.167983 
T_Malleability: 3.180258 
T_total: 4.025638
Config loaded: R=1, S=2, granularity=100000, SDR=1000, ADR=0, Rigid=1, Capture_Method=0
Stage 0: PT=0, T_stage=0.012350, bytes=0, T_capped=0
Stage 1: PT=6, T_stage=0.000000, bytes=33176880, T_capped=0
Group 0: Iters=5, Procs=156, Factors=1.000000, Dist=2, RM=0, SM=0, RS=0, SS=0
Group 1: Iters=10, Procs=20, Factors=1.000000, Dist=2, RM=0, SM=0, RS=0, SS=5
T_spawn: 2.896290 
T_SR: 0.099947 
T_AR: 0.000000 
T_US: 0.157321 
T_Malleability: 3.439220 
T_total: 4.273299
Config loaded: R=1, S=2, granularity=100000, SDR=1000, ADR=0, Rigid=1, Capture_Method=0
Stage 0: PT=0, T_stage=0.012350, bytes=0, T_capped=0
Stage 1: PT=6, T_stage=0.000000, bytes=33176880, T_capped=0
Group 0: Iters=5, Procs=156, Factors=1.000000, Dist=2, RM=0, SM=0, RS=0, SS=0
Group 1: Iters=10, Procs=20, Factors=1.000000, Dist=2, RM=0, SM=0, RS=0, SS=5
T_spawn: 2.625882 
T_SR: 0.111958 
T_AR: 0.000000 
T_US: 0.227724 
T_Malleability: 3.205588 
T_total: 4.051523
Config loaded: R=1, S=2, granularity=100000, SDR=1000, ADR=0, Rigid=1, Capture_Method=0
Stage 0: PT=0, T_stage=0.012350, bytes=0, T_capped=0
Stage 1: PT=6, T_stage=0.000000, bytes=33176880, T_capped=0
Group 0: Iters=5, Procs=156, Factors=1.000000, Dist=2, RM=0, SM=0, RS=0, SS=0
Group 1: Iters=10, Procs=20, Factors=1.000000, Dist=2, RM=0, SM=0, RS=0, SS=5
T_spawn: 2.687547 
T_SR: 0.052070 
T_AR: 0.000000 
T_US: 0.187668 
T_Malleability: 3.160573 
T_total: 4.028822
Config loaded: R=1, S=2, granularity=100000, SDR=1000, ADR=0, Rigid=1, Capture_Method=0
Stage 0: PT=0, T_stage=0.012350, bytes=0, T_capped=0
Stage 1: PT=6, T_stage=0.000000, bytes=33176880, T_capped=0
Group 0: Iters=5, Procs=156, Factors=1.000000, Dist=2, RM=0, SM=0, RS=0, SS=0
Group 1: Iters=10, Procs=20, Factors=1.000000, Dist=2, RM=0, SM=0, RS=0, SS=5
T_spawn: 2.661251 
T_SR: 0.084003 
T_AR: 0.000000 
T_US: 0.199447 
T_Malleability: 3.199465 
T_total: 4.296748
