Config: granularity=100000, SDR=1000, ADR=0, Rigid=1, Capture_Method=0
Stage 0: PT=0, T_stage=0.012350, bytes=0, T_capped=0
Stage 1: PT=6, T_stage=0.000000, bytes=33176880, T_capped=0
Group 1: Iters=10, Procs=20, Factors=1.000000, Dist=2, RM=0, SM=0, RS=0, SS=5, parents=208, children=0
Async_Iters: 0
T_iter: 0.054111 0.043225 0.041816 0.040946 0.041475 0.040986 0.044029 0.040916 0.041353 0.040893 
T_stage 0: 0.012738 0.013727 0.013503 0.012558 0.013061 0.012547 0.015303 0.012521 0.012536 0.012522 
T_stage 1: 0.041367 0.029507 0.028310 0.028380 0.028424 0.028451 0.028716 0.028351 0.028799 0.028362 
Config: granularity=100000, SDR=1000, ADR=0, Rigid=1, Capture_Method=0
Stage 0: PT=0, T_stage=0.012350, bytes=0, T_capped=0
Stage 1: PT=6, T_stage=0.000000, bytes=33176880, T_capped=0
Group 1: Iters=10, Procs=20, Factors=1.000000, Dist=2, RM=0, SM=0, RS=0, SS=5, parents=208, children=0
Async_Iters: 0
T_iter: 0.057833 0.045558 0.043392 0.043802 0.043275 0.043265 0.047621 0.043297 0.043729 0.043369 
T_stage 0: 0.012863 0.013010 0.012538 0.012523 0.012537 0.012556 0.012519 0.012535 0.012948 0.012603 
T_stage 1: 0.044965 0.032537 0.030827 0.031256 0.030720 0.030695 0.035078 0.030745 0.030764 0.030753 
Config: granularity=100000, SDR=1000, ADR=0, Rigid=1, Capture_Method=0
Stage 0: PT=0, T_stage=0.012350, bytes=0, T_capped=0
Stage 1: PT=6, T_stage=0.000000, bytes=33176880, T_capped=0
Group 1: Iters=10, Procs=20, Factors=1.000000, Dist=2, RM=0, SM=0, RS=0, SS=5, parents=208, children=0
Async_Iters: 0
T_iter: 0.054696 0.042840 0.042746 0.041236 0.040827 0.045086 0.040939 0.040853 0.041328 0.040782 
T_stage 0: 0.012864 0.012700 0.013106 0.012992 0.012534 0.012573 0.012550 0.012567 0.012685 0.012523 
T_stage 1: 0.041823 0.030124 0.029624 0.028227 0.028274 0.032493 0.028376 0.028269 0.028617 0.028252 
Config: granularity=100000, SDR=1000, ADR=0, Rigid=1, Capture_Method=0
Stage 0: PT=0, T_stage=0.012350, bytes=0, T_capped=0
Stage 1: PT=6, T_stage=0.000000, bytes=33176880, T_capped=0
Group 1: Iters=10, Procs=20, Factors=1.000000, Dist=2, RM=0, SM=0, RS=0, SS=5, parents=208, children=0
Async_Iters: 0
T_iter: 0.056145 0.040004 0.041658 0.040891 0.040062 0.039490 0.039537 0.044972 0.039489 0.039710 
T_stage 0: 0.014861 0.012773 0.013529 0.013941 0.012542 0.012543 0.012533 0.012529 0.012534 0.012660 
T_stage 1: 0.041273 0.027221 0.028124 0.026945 0.027513 0.026939 0.026996 0.032439 0.026947 0.027042 
Config: granularity=100000, SDR=1000, ADR=0, Rigid=1, Capture_Method=0
Stage 0: PT=0, T_stage=0.012350, bytes=0, T_capped=0
Stage 1: PT=6, T_stage=0.000000, bytes=33176880, T_capped=0
Group 1: Iters=10, Procs=20, Factors=1.000000, Dist=2, RM=0, SM=0, RS=0, SS=5, parents=208, children=0
Async_Iters: 0
T_iter: 0.053606 0.041338 0.042157 0.039866 0.040372 0.039759 0.040036 0.046535 0.039882 0.039920 
T_stage 0: 0.012812 0.012614 0.013048 0.012536 0.012587 0.012610 0.012554 0.018440 0.012571 0.012621 
T_stage 1: 0.040787 0.028718 0.029111 0.027316 0.027777 0.027142 0.027475 0.028092 0.027302 0.027291 
Config: granularity=100000, SDR=1000, ADR=0, Rigid=1, Capture_Method=0
Stage 0: PT=0, T_stage=0.012350, bytes=0, T_capped=0
Stage 1: PT=6, T_stage=0.000000, bytes=33176880, T_capped=0
Group 1: Iters=10, Procs=20, Factors=1.000000, Dist=2, RM=0, SM=0, RS=0, SS=5, parents=208, children=0
Async_Iters: 0
T_iter: 0.054690 0.044320 0.043785 0.042385 0.042042 0.045618 0.041894 0.042378 0.042031 0.042266 
T_stage 0: 0.012679 0.012663 0.012790 0.012546 0.012565 0.012533 0.012528 0.012566 0.012583 0.012531 
T_stage 1: 0.042004 0.031658 0.030988 0.029832 0.029467 0.033076 0.029359 0.029805 0.029440 0.029722 
Config: granularity=100000, SDR=1000, ADR=0, Rigid=1, Capture_Method=0
Stage 0: PT=0, T_stage=0.012350, bytes=0, T_capped=0
Stage 1: PT=6, T_stage=0.000000, bytes=33176880, T_capped=0
Group 1: Iters=10, Procs=20, Factors=1.000000, Dist=2, RM=0, SM=0, RS=0, SS=5, parents=208, children=0
Async_Iters: 0
T_iter: 0.053283 0.040312 0.041095 0.040462 0.040134 0.039565 0.039167 0.044756 0.039350 0.039579 
T_stage 0: 0.012547 0.012727 0.013297 0.013629 0.012553 0.012527 0.012542 0.012537 0.012550 0.012909 
T_stage 1: 0.040753 0.027578 0.027792 0.026831 0.027562 0.027031 0.026617 0.032210 0.026774 0.026663 
Config: granularity=100000, SDR=1000, ADR=0, Rigid=1, Capture_Method=0
Stage 0: PT=0, T_stage=0.012350, bytes=0, T_capped=0
Stage 1: PT=6, T_stage=0.000000, bytes=33176880, T_capped=0
Group 1: Iters=10, Procs=20, Factors=1.000000, Dist=2, RM=0, SM=0, RS=0, SS=5, parents=208, children=0
Async_Iters: 0
T_iter: 0.054888 0.042899 0.044430 0.042446 0.042281 0.041792 0.046862 0.042243 0.042060 0.041792 
T_stage 0: 0.012831 0.012544 0.013319 0.012965 0.012537 0.012553 0.012564 0.012862 0.012526 0.012571 
T_stage 1: 0.042049 0.030347 0.031103 0.029501 0.029736 0.029232 0.034333 0.029374 0.029527 0.029215 
Config: granularity=100000, SDR=1000, ADR=0, Rigid=1, Capture_Method=0
Stage 0: PT=0, T_stage=0.012350, bytes=0, T_capped=0
Stage 1: PT=6, T_stage=0.000000, bytes=33176880, T_capped=0
Group 1: Iters=10, Procs=20, Factors=1.000000, Dist=2, RM=0, SM=0, RS=0, SS=5, parents=208, children=0
Async_Iters: 0
T_iter: 0.055570 0.043216 0.044340 0.045585 0.043093 0.043628 0.043557 0.050160 0.043087 0.043573 
T_stage 0: 0.012572 0.012596 0.012524 0.013727 0.012520 0.013042 0.012898 0.014583 0.012527 0.012687 
T_stage 1: 0.042992 0.030613 0.031806 0.032556 0.030563 0.030566 0.030651 0.035573 0.030550 0.030877 
Config: granularity=100000, SDR=1000, ADR=0, Rigid=1, Capture_Method=0
Stage 0: PT=0, T_stage=0.012350, bytes=0, T_capped=0
Stage 1: PT=6, T_stage=0.000000, bytes=33176880, T_capped=0
Group 1: Iters=10, Procs=20, Factors=1.000000, Dist=2, RM=0, SM=0, RS=0, SS=5, parents=208, children=0
Async_Iters: 0
T_iter: 0.054578 0.040989 0.043252 0.042414 0.040744 0.040838 0.045544 0.040706 0.040960 0.041379 
T_stage 0: 0.012852 0.012542 0.013443 0.013708 0.012532 0.012529 0.012570 0.012534 0.012670 0.012534 
T_stage 1: 0.041717 0.028443 0.030044 0.028702 0.028205 0.028295 0.032956 0.028165 0.028282 0.028836 
Config: granularity=100000, SDR=1000, ADR=0, Rigid=1, Capture_Method=0
Stage 0: PT=0, T_stage=0.012350, bytes=0, T_capped=0
Stage 1: PT=6, T_stage=0.000000, bytes=33176880, T_capped=0
Group 1: Iters=10, Procs=20, Factors=1.000000, Dist=2, RM=0, SM=0, RS=0, SS=5, parents=208, children=0
Async_Iters: 0
T_iter: 0.054590 0.042925 0.042669 0.040618 0.041064 0.040641 0.040639 0.045242 0.040561 0.041135 
T_stage 0: 0.012634 0.012797 0.012776 0.012541 0.012542 0.012525 0.012532 0.017263 0.012516 0.012683 
T_stage 1: 0.041948 0.030118 0.029885 0.028067 0.028525 0.028106 0.028099 0.028325 0.028022 0.028434 
Config: granularity=100000, SDR=1000, ADR=0, Rigid=1, Capture_Method=0
Stage 0: PT=0, T_stage=0.012350, bytes=0, T_capped=0
Stage 1: PT=6, T_stage=0.000000, bytes=33176880, T_capped=0
Group 1: Iters=10, Procs=20, Factors=1.000000, Dist=2, RM=0, SM=0, RS=0, SS=5, parents=208, children=0
Async_Iters: 0
T_iter: 0.053896 0.040435 0.042957 0.042447 0.040413 0.041000 0.040346 0.040347 0.044312 0.040701 
T_stage 0: 0.012732 0.012580 0.012532 0.013131 0.012542 0.012536 0.012551 0.012545 0.012529 0.012723 
T_stage 1: 0.041152 0.027847 0.030417 0.029292 0.027866 0.028442 0.027776 0.027787 0.031774 0.027970 
Config: granularity=100000, SDR=1000, ADR=0, Rigid=1, Capture_Method=0
Stage 0: PT=0, T_stage=0.012350, bytes=0, T_capped=0
Stage 1: PT=6, T_stage=0.000000, bytes=33176880, T_capped=0
Group 1: Iters=10, Procs=20, Factors=1.000000, Dist=2, RM=0, SM=0, RS=0, SS=5, parents=208, children=0
Async_Iters: 0
T_iter: 0.055037 0.043447 0.044471 0.041841 0.042294 0.041766 0.041794 0.044807 0.041919 0.042066 
T_stage 0: 0.012741 0.012702 0.013116 0.012544 0.013023 0.012566 0.012565 0.015517 0.012693 0.012796 
T_stage 1: 0.042286 0.030736 0.031364 0.029289 0.029263 0.029212 0.029220 0.029282 0.029215 0.029261 
Config: granularity=100000, SDR=1000, ADR=0, Rigid=1, Capture_Method=0
Stage 0: PT=0, T_stage=0.012350, bytes=0, T_capped=0
Stage 1: PT=6, T_stage=0.000000, bytes=33176880, T_capped=0
Group 1: Iters=10, Procs=20, Factors=1.000000, Dist=2, RM=0, SM=0, RS=0, SS=5, parents=208, children=0
Async_Iters: 0
T_iter: 0.054167 0.042539 0.042260 0.040447 0.040915 0.040284 0.044367 0.040296 0.040353 0.040477 
T_stage 0: 0.012773 0.012648 0.012979 0.012543 0.013046 0.012540 0.012635 0.012559 0.012533 0.012684 
T_stage 1: 0.041385 0.029896 0.029267 0.027896 0.027862 0.027738 0.031726 0.027743 0.027813 0.027786 
Config: granularity=100000, SDR=1000, ADR=0, Rigid=1, Capture_Method=0
Stage 0: PT=0, T_stage=0.012350, bytes=0, T_capped=0
Stage 1: PT=6, T_stage=0.000000, bytes=33176880, T_capped=0
Group 1: Iters=10, Procs=20, Factors=1.000000, Dist=2, RM=0, SM=0, RS=0, SS=5, parents=208, children=0
Async_Iters: 0
T_iter: 0.060057 0.039857 0.041270 0.041879 0.039484 0.039399 0.039500 0.044342 0.039493 0.039649 
T_stage 0: 0.018190 0.012914 0.012689 0.012945 0.012582 0.012600 0.012550 0.016902 0.012523 0.012527 
T_stage 1: 0.042025 0.026939 0.028574 0.028926 0.026895 0.026788 0.026942 0.027433 0.026961 0.027114 
Config: granularity=100000, SDR=1000, ADR=0, Rigid=1, Capture_Method=0
Stage 0: PT=0, T_stage=0.012350, bytes=0, T_capped=0
Stage 1: PT=6, T_stage=0.000000, bytes=33176880, T_capped=0
Group 1: Iters=10, Procs=20, Factors=1.000000, Dist=2, RM=0, SM=0, RS=0, SS=5, parents=208, children=0
Async_Iters: 0
T_iter: 0.053739 0.042568 0.042429 0.040610 0.040939 0.040779 0.040452 0.044476 0.040507 0.040601 
T_stage 0: 0.012677 0.012815 0.012725 0.012701 0.013021 0.012875 0.012553 0.015749 0.012644 0.012698 
T_stage 1: 0.041055 0.029747 0.029697 0.027906 0.027902 0.027897 0.027891 0.028724 0.027903 0.027895 
Config: granularity=100000, SDR=1000, ADR=0, Rigid=1, Capture_Method=0
Stage 0: PT=0, T_stage=0.012350, bytes=0, T_capped=0
Stage 1: PT=6, T_stage=0.000000, bytes=33176880, T_capped=0
Group 1: Iters=10, Procs=20, Factors=1.000000, Dist=2, RM=0, SM=0, RS=0, SS=5, parents=208, children=0
Async_Iters: 0
T_iter: 0.053504 0.039428 0.041370 0.040217 0.039102 0.039684 0.039126 0.043464 0.039543 0.039258 
T_stage 0: 0.012858 0.012690 0.013350 0.013649 0.012555 0.013026 0.012562 0.012520 0.012528 0.012687 
T_stage 1: 0.040637 0.026729 0.028107 0.026565 0.026560 0.026649 0.026557 0.030935 0.026996 0.026545 
Config: granularity=100000, SDR=1000, ADR=0, Rigid=1, Capture_Method=0
Stage 0: PT=0, T_stage=0.012350, bytes=0, T_capped=0
Stage 1: PT=6, T_stage=0.000000, bytes=33176880, T_capped=0
Group 1: Iters=10, Procs=20, Factors=1.000000, Dist=2, RM=0, SM=0, RS=0, SS=5, parents=208, children=0
Async_Iters: 0
T_iter: 0.055682 0.042330 0.042134 0.040930 0.044387 0.040660 0.040621 0.040941 0.040658 0.040509 
T_stage 0: 0.012726 0.013169 0.013587 0.012587 0.012531 0.012543 0.012527 0.012559 0.012626 0.012515 
T_stage 1: 0.042941 0.029141 0.028546 0.028334 0.031846 0.028109 0.028083 0.028376 0.028042 0.027987 
Config: granularity=100000, SDR=1000, ADR=0, Rigid=1, Capture_Method=0
Stage 0: PT=0, T_stage=0.012350, bytes=0, T_capped=0
Stage 1: PT=6, T_stage=0.000000, bytes=33176880, T_capped=0
Group 1: Iters=10, Procs=20, Factors=1.000000, Dist=2, RM=0, SM=0, RS=0, SS=5, parents=208, children=0
Async_Iters: 0
T_iter: 0.053243 0.039628 0.040702 0.040722 0.041132 0.039410 0.039452 0.044547 0.039470 0.039741 
T_stage 0: 0.012690 0.012683 0.012678 0.013236 0.013775 0.012531 0.012527 0.012532 0.012574 0.012540 
T_stage 1: 0.040546 0.026935 0.028015 0.027484 0.027351 0.026870 0.026917 0.032007 0.026888 0.027192 
Config: granularity=100000, SDR=1000, ADR=0, Rigid=1, Capture_Method=0
Stage 0: PT=0, T_stage=0.012350, bytes=0, T_capped=0
Stage 1: PT=6, T_stage=0.000000, bytes=33176880, T_capped=0
Group 1: Iters=10, Procs=20, Factors=1.000000, Dist=2, RM=0, SM=0, RS=0, SS=5, parents=208, children=0
Async_Iters: 0
T_iter: 0.059144 0.040076 0.041377 0.041599 0.039932 0.039450 0.042597 0.039727 0.039591 0.039631 
T_stage 0: 0.017985 0.012810 0.012648 0.012791 0.013013 0.012544 0.012543 0.012890 0.012678 0.012535 
T_stage 1: 0.041157 0.027259 0.028717 0.028796 0.026913 0.026890 0.030047 0.026829 0.026910 0.027090 
