Config: granularity=100000, SDR=1000, ADR=0, Rigid=1, Capture_Method=0
Stage 0: PT=0, T_stage=0.012350, bytes=0, T_capped=0
Stage 1: PT=6, T_stage=0.000000, bytes=33176880, T_capped=0
Group 0: Iters=5, Procs=208, Factors=1.000000, Dist=2, RM=0, SM=0, RS=0, SS=0, parents=0, children=20
Async_Iters: 0
T_iter: 0.081498 0.067450 0.059552 0.061948 0.061769 
T_stage 0: 0.012610 0.012621 0.012612 0.012621 0.012601 
T_stage 1: 0.068828 0.054784 0.046827 0.049229 0.049051 
Config: granularity=100000, SDR=1000, ADR=0, Rigid=1, Capture_Method=0
Stage 0: PT=0, T_stage=0.012350, bytes=0, T_capped=0
Stage 1: PT=6, T_stage=0.000000, bytes=33176880, T_capped=0
Group 0: Iters=5, Procs=208, Factors=1.000000, Dist=2, RM=0, SM=0, RS=0, SS=0, parents=0, children=20
Async_Iters: 0
T_iter: 0.095924 0.060597 0.065813 0.075123 0.066074 
T_stage 0: 0.012614 0.012603 0.012731 0.012637 0.012637 
T_stage 1: 0.083172 0.047941 0.052984 0.062411 0.053343 
Config: granularity=100000, SDR=1000, ADR=0, Rigid=1, Capture_Method=0
Stage 0: PT=0, T_stage=0.012350, bytes=0, T_capped=0
Stage 1: PT=6, T_stage=0.000000, bytes=33176880, T_capped=0
Group 0: Iters=5, Procs=208, Factors=1.000000, Dist=2, RM=0, SM=0, RS=0, SS=0, parents=0, children=20
Async_Iters: 0
T_iter: 0.079436 0.072495 0.060567 0.063461 0.062921 
T_stage 0: 0.012632 0.012654 0.012622 0.012633 0.012638 
T_stage 1: 0.066660 0.059771 0.047873 0.050723 0.050202 
Config: granularity=100000, SDR=1000, ADR=0, Rigid=1, Capture_Method=0
Stage 0: PT=0, T_stage=0.012350, bytes=0, T_capped=0
Stage 1: PT=6, T_stage=0.000000, bytes=33176880, T_capped=0
Group 0: Iters=5, Procs=208, Factors=1.000000, Dist=2, RM=0, SM=0, RS=0, SS=0, parents=0, children=20
Async_Iters: 0
T_iter: 0.078603 0.068949 0.070708 0.071036 0.075822 
T_stage 0: 0.012624 0.012603 0.012713 0.012636 0.012649 
T_stage 1: 0.065894 0.056244 0.057852 0.058280 0.063107 
Config: granularity=100000, SDR=1000, ADR=0, Rigid=1, Capture_Method=0
Stage 0: PT=0, T_stage=0.012350, bytes=0, T_capped=0
Stage 1: PT=6, T_stage=0.000000, bytes=33176880, T_capped=0
Group 0: Iters=5, Procs=208, Factors=1.000000, Dist=2, RM=0, SM=0, RS=0, SS=0, parents=0, children=20
Async_Iters: 0
T_iter: 0.192015 0.071409 0.064459 0.063437 0.065060 
T_stage 0: 0.032007 0.012668 0.012628 0.012604 0.012650 
T_stage 1: 0.160003 0.058683 0.051767 0.050675 0.052244 
Config: granularity=100000, SDR=1000, ADR=0, Rigid=1, Capture_Method=0
Stage 0: PT=0, T_stage=0.012350, bytes=0, T_capped=0
Stage 1: PT=6, T_stage=0.000000, bytes=33176880, T_capped=0
Group 0: Iters=5, Procs=208, Factors=1.000000, Dist=2, RM=0, SM=0, RS=0, SS=0, parents=0, children=20
Async_Iters: 0
T_iter: 0.084628 0.062234 0.073822 0.073097 0.070921 
T_stage 0: 0.012863 0.012661 0.012934 0.016221 0.012724 
T_stage 1: 0.071710 0.049446 0.060793 0.056747 0.058137 
Config: granularity=100000, SDR=1000, ADR=0, Rigid=1, Capture_Method=0
Stage 0: PT=0, T_stage=0.012350, bytes=0, T_capped=0
Stage 1: PT=6, T_stage=0.000000, bytes=33176880, T_capped=0
Group 0: Iters=5, Procs=208, Factors=1.000000, Dist=2, RM=0, SM=0, RS=0, SS=0, parents=0, children=20
Async_Iters: 0
T_iter: 0.080971 0.072082 0.067387 0.075589 0.070353 
T_stage 0: 0.012603 0.012666 0.012783 0.012640 0.012621 
T_stage 1: 0.068271 0.059276 0.054587 0.062899 0.057662 
Config: granularity=100000, SDR=1000, ADR=0, Rigid=1, Capture_Method=0
Stage 0: PT=0, T_stage=0.012350, bytes=0, T_capped=0
Stage 1: PT=6, T_stage=0.000000, bytes=33176880, T_capped=0
Group 0: Iters=5, Procs=208, Factors=1.000000, Dist=2, RM=0, SM=0, RS=0, SS=0, parents=0, children=20
Async_Iters: 0
T_iter: 0.075553 0.069145 0.063181 0.063590 0.062609 
T_stage 0: 0.012604 0.012719 0.012631 0.012620 0.012616 
T_stage 1: 0.062808 0.056390 0.050518 0.050904 0.049936 
Config: granularity=100000, SDR=1000, ADR=0, Rigid=1, Capture_Method=0
Stage 0: PT=0, T_stage=0.012350, bytes=0, T_capped=0
Stage 1: PT=6, T_stage=0.000000, bytes=33176880, T_capped=0
Group 0: Iters=5, Procs=208, Factors=1.000000, Dist=2, RM=0, SM=0, RS=0, SS=0, parents=0, children=20
Async_Iters: 0
T_iter: 0.078498 0.066701 0.060301 0.060089 0.059680 
T_stage 0: 0.012607 0.012701 0.012737 0.012621 0.012768 
T_stage 1: 0.065821 0.053820 0.047584 0.047428 0.046865 
Config: granularity=100000, SDR=1000, ADR=0, Rigid=1, Capture_Method=0
Stage 0: PT=0, T_stage=0.012350, bytes=0, T_capped=0
Stage 1: PT=6, T_stage=0.000000, bytes=33176880, T_capped=0
Group 0: Iters=5, Procs=208, Factors=1.000000, Dist=2, RM=0, SM=0, RS=0, SS=0, parents=0, children=20
Async_Iters: 0
T_iter: 0.081621 0.076777 0.061566 0.061868 0.064163 
T_stage 0: 0.012614 0.012889 0.012662 0.012686 0.012648 
T_stage 1: 0.068875 0.063771 0.048861 0.049074 0.051432 
Config: granularity=100000, SDR=1000, ADR=0, Rigid=1, Capture_Method=0
Stage 0: PT=0, T_stage=0.012350, bytes=0, T_capped=0
Stage 1: PT=6, T_stage=0.000000, bytes=33176880, T_capped=0
Group 0: Iters=5, Procs=208, Factors=1.000000, Dist=2, RM=0, SM=0, RS=0, SS=0, parents=0, children=20
Async_Iters: 0
T_iter: 0.079815 0.062734 0.060636 0.062416 0.061980 
T_stage 0: 0.012641 0.012619 0.012619 0.012668 0.012609 
T_stage 1: 0.067094 0.050064 0.047954 0.049662 0.049289 
Config: granularity=100000, SDR=1000, ADR=0, Rigid=1, Capture_Method=0
Stage 0: PT=0, T_stage=0.012350, bytes=0, T_capped=0
Stage 1: PT=6, T_stage=0.000000, bytes=33176880, T_capped=0
Group 0: Iters=5, Procs=208, Factors=1.000000, Dist=2, RM=0, SM=0, RS=0, SS=0, parents=0, children=20
Async_Iters: 0
T_iter: 0.108058 0.070418 0.056525 0.058480 0.062345 
T_stage 0: 0.012605 0.012600 0.012626 0.012622 0.012672 
T_stage 1: 0.095367 0.057709 0.043824 0.045744 0.049652 
Config: granularity=100000, SDR=1000, ADR=0, Rigid=1, Capture_Method=0
Stage 0: PT=0, T_stage=0.012350, bytes=0, T_capped=0
Stage 1: PT=6, T_stage=0.000000, bytes=33176880, T_capped=0
Group 0: Iters=5, Procs=208, Factors=1.000000, Dist=2, RM=0, SM=0, RS=0, SS=0, parents=0, children=20
Async_Iters: 0
T_iter: 0.083328 0.069018 0.070122 0.068569 0.070490 
T_stage 0: 0.012608 0.012699 0.012689 0.012666 0.012648 
T_stage 1: 0.070598 0.056281 0.057330 0.055879 0.057752 
Config: granularity=100000, SDR=1000, ADR=0, Rigid=1, Capture_Method=0
Stage 0: PT=0, T_stage=0.012350, bytes=0, T_capped=0
Stage 1: PT=6, T_stage=0.000000, bytes=33176880, T_capped=0
Group 0: Iters=5, Procs=208, Factors=1.000000, Dist=2, RM=0, SM=0, RS=0, SS=0, parents=0, children=20
Async_Iters: 0
T_iter: 0.080687 0.061215 0.062208 0.061520 0.069435 
T_stage 0: 0.012605 0.012673 0.012611 0.012700 0.012649 
T_stage 1: 0.067980 0.048506 0.049441 0.048740 0.056682 
Config: granularity=100000, SDR=1000, ADR=0, Rigid=1, Capture_Method=0
Stage 0: PT=0, T_stage=0.012350, bytes=0, T_capped=0
Stage 1: PT=6, T_stage=0.000000, bytes=33176880, T_capped=0
Group 0: Iters=5, Procs=208, Factors=1.000000, Dist=2, RM=0, SM=0, RS=0, SS=0, parents=0, children=20
Async_Iters: 0
T_iter: 0.095239 0.059339 0.055702 0.063890 0.057765 
T_stage 0: 0.012594 0.012675 0.012634 0.016625 0.012642 
T_stage 1: 0.082518 0.046559 0.043020 0.047204 0.045023 
Config: granularity=100000, SDR=1000, ADR=0, Rigid=1, Capture_Method=0
Stage 0: PT=0, T_stage=0.012350, bytes=0, T_capped=0
Stage 1: PT=6, T_stage=0.000000, bytes=33176880, T_capped=0
Group 0: Iters=5, Procs=208, Factors=1.000000, Dist=2, RM=0, SM=0, RS=0, SS=0, parents=0, children=20
Async_Iters: 0
T_iter: 0.083207 0.071190 0.067070 0.065015 0.066664 
T_stage 0: 0.012601 0.012634 0.012649 0.012630 0.012672 
T_stage 1: 0.070529 0.058484 0.054377 0.052310 0.053950 
Config: granularity=100000, SDR=1000, ADR=0, Rigid=1, Capture_Method=0
Stage 0: PT=0, T_stage=0.012350, bytes=0, T_capped=0
Stage 1: PT=6, T_stage=0.000000, bytes=33176880, T_capped=0
Group 0: Iters=5, Procs=208, Factors=1.000000, Dist=2, RM=0, SM=0, RS=0, SS=0, parents=0, children=20
Async_Iters: 0
T_iter: 0.084817 0.065104 0.069132 0.067400 0.067937 
T_stage 0: 0.012657 0.012713 0.012677 0.012690 0.012658 
T_stage 1: 0.072004 0.052333 0.056354 0.054603 0.055206 
Config: granularity=100000, SDR=1000, ADR=0, Rigid=1, Capture_Method=0
Stage 0: PT=0, T_stage=0.012350, bytes=0, T_capped=0
Stage 1: PT=6, T_stage=0.000000, bytes=33176880, T_capped=0
Group 0: Iters=5, Procs=208, Factors=1.000000, Dist=2, RM=0, SM=0, RS=0, SS=0, parents=0, children=20
Async_Iters: 0
T_iter: 0.076102 0.068016 0.073030 0.060336 0.058989 
T_stage 0: 0.012609 0.012618 0.012654 0.012628 0.012680 
T_stage 1: 0.063347 0.055243 0.060297 0.047611 0.046223 
Config: granularity=100000, SDR=1000, ADR=0, Rigid=1, Capture_Method=0
Stage 0: PT=0, T_stage=0.012350, bytes=0, T_capped=0
Stage 1: PT=6, T_stage=0.000000, bytes=33176880, T_capped=0
Group 0: Iters=5, Procs=208, Factors=1.000000, Dist=2, RM=0, SM=0, RS=0, SS=0, parents=0, children=20
Async_Iters: 0
T_iter: 0.090028 0.074569 0.075177 0.075972 0.075740 
T_stage 0: 0.012640 0.012684 0.012632 0.012650 0.012632 
T_stage 1: 0.077303 0.061770 0.062410 0.063211 0.062950 
Config: granularity=100000, SDR=1000, ADR=0, Rigid=1, Capture_Method=0
Stage 0: PT=0, T_stage=0.012350, bytes=0, T_capped=0
Stage 1: PT=6, T_stage=0.000000, bytes=33176880, T_capped=0
Group 0: Iters=5, Procs=208, Factors=1.000000, Dist=2, RM=0, SM=0, RS=0, SS=0, parents=0, children=20
Async_Iters: 0
T_iter: 0.076333 0.101322 0.066009 0.066541 0.064746 
T_stage 0: 0.012617 0.012661 0.012606 0.012674 0.012685 
T_stage 1: 0.063581 0.088506 0.053288 0.053761 0.051940 
