Config: granularity=100000, SDR=1000, ADR=0, Rigid=1, Capture_Method=0
Stage 0: PT=0, T_stage=0.012350, bytes=0, T_capped=0
Stage 1: PT=6, T_stage=0.000000, bytes=33176880, T_capped=0
Group 1: Iters=10, Procs=20, Factors=1.000000, Dist=2, RM=0, SM=0, RS=0, SS=5, parents=312, children=0
Async_Iters: 0
T_iter: 0.053884 0.042490 0.041562 0.040198 0.040719 0.040526 0.044463 0.040164 0.040654 0.040155 
T_stage 0: 0.012830 0.012755 0.012689 0.012560 0.012539 0.012591 0.012527 0.012540 0.012531 0.012574 
T_stage 1: 0.041046 0.029724 0.028868 0.027633 0.028168 0.027915 0.031929 0.027617 0.028115 0.027575 
Config: granularity=100000, SDR=1000, ADR=0, Rigid=1, Capture_Method=0
Stage 0: PT=0, T_stage=0.012350, bytes=0, T_capped=0
Stage 1: PT=6, T_stage=0.000000, bytes=33176880, T_capped=0
Group 1: Iters=10, Procs=20, Factors=1.000000, Dist=2, RM=0, SM=0, RS=0, SS=5, parents=312, children=0
Async_Iters: 0
T_iter: 0.053955 0.042525 0.042006 0.040517 0.040977 0.040588 0.044547 0.040775 0.041282 0.040826 
T_stage 0: 0.013073 0.012563 0.012592 0.012584 0.013046 0.012594 0.012576 0.012537 0.012538 0.012533 
T_stage 1: 0.040873 0.029953 0.029405 0.027949 0.027922 0.027986 0.031962 0.028229 0.028729 0.028284 
Config: granularity=100000, SDR=1000, ADR=0, Rigid=1, Capture_Method=0
Stage 0: PT=0, T_stage=0.012350, bytes=0, T_capped=0
Stage 1: PT=6, T_stage=0.000000, bytes=33176880, T_capped=0
Group 1: Iters=10, Procs=20, Factors=1.000000, Dist=2, RM=0, SM=0, RS=0, SS=5, parents=312, children=0
Async_Iters: 0
T_iter: 0.055288 0.043689 0.042838 0.041583 0.042442 0.041570 0.047130 0.041993 0.041738 0.042273 
T_stage 0: 0.012857 0.012613 0.012623 0.012532 0.013017 0.012542 0.012518 0.012626 0.012686 0.012942 
T_stage 1: 0.042421 0.031075 0.030207 0.029041 0.029410 0.029019 0.034603 0.029354 0.029041 0.029322 
Config: granularity=100000, SDR=1000, ADR=0, Rigid=1, Capture_Method=0
Stage 0: PT=0, T_stage=0.012350, bytes=0, T_capped=0
Stage 1: PT=6, T_stage=0.000000, bytes=33176880, T_capped=0
Group 1: Iters=10, Procs=20, Factors=1.000000, Dist=2, RM=0, SM=0, RS=0, SS=5, parents=312, children=0
Async_Iters: 0
T_iter: 0.054224 0.040660 0.042777 0.041104 0.040709 0.040342 0.040297 0.043104 0.040526 0.040575 
T_stage 0: 0.012670 0.012589 0.013486 0.013414 0.012526 0.012584 0.012567 0.012540 0.012534 0.012526 
T_stage 1: 0.041545 0.028063 0.029263 0.027684 0.028175 0.027751 0.027723 0.030557 0.027986 0.028042 
Config: granularity=100000, SDR=1000, ADR=0, Rigid=1, Capture_Method=0
Stage 0: PT=0, T_stage=0.012350, bytes=0, T_capped=0
Stage 1: PT=6, T_stage=0.000000, bytes=33176880, T_capped=0
Group 1: Iters=10, Procs=20, Factors=1.000000, Dist=2, RM=0, SM=0, RS=0, SS=5, parents=312, children=0
Async_Iters: 0
T_iter: 0.062226 0.040385 0.041445 0.041492 0.041103 0.040694 0.040377 0.045299 0.040215 0.040474 
T_stage 0: 0.020699 0.012631 0.012535 0.013038 0.013436 0.013010 0.012549 0.012569 0.012533 0.012587 
T_stage 1: 0.041520 0.027744 0.028901 0.028433 0.027661 0.027674 0.027819 0.032721 0.027672 0.027878 
Config: granularity=100000, SDR=1000, ADR=0, Rigid=1, Capture_Method=0
Stage 0: PT=0, T_stage=0.012350, bytes=0, T_capped=0
Stage 1: PT=6, T_stage=0.000000, bytes=33176880, T_capped=0
Group 1: Iters=10, Procs=20, Factors=1.000000, Dist=2, RM=0, SM=0, RS=0, SS=5, parents=312, children=0
Async_Iters: 0
T_iter: 0.059401 0.042283 0.042461 0.040521 0.040951 0.041147 0.045545 0.040670 0.040806 0.041011 
T_stage 0: 0.017967 0.013094 0.013545 0.012541 0.012839 0.012940 0.012893 0.012516 0.012519 0.013052 
T_stage 1: 0.041427 0.029182 0.028906 0.027972 0.028105 0.028235 0.032638 0.028146 0.028279 0.027952 
Config: granularity=100000, SDR=1000, ADR=0, Rigid=1, Capture_Method=0
Stage 0: PT=0, T_stage=0.012350, bytes=0, T_capped=0
Stage 1: PT=6, T_stage=0.000000, bytes=33176880, T_capped=0
Group 1: Iters=10, Procs=20, Factors=1.000000, Dist=2, RM=0, SM=0, RS=0, SS=5, parents=312, children=0
Async_Iters: 0
T_iter: 0.054206 0.040978 0.041686 0.039838 0.039791 0.039469 0.043919 0.039805 0.039821 0.040216 
T_stage 0: 0.012839 0.012773 0.013243 0.012519 0.012530 0.012557 0.012542 0.012541 0.012522 0.012881 
T_stage 1: 0.041351 0.028198 0.028466 0.027304 0.027243 0.026938 0.031368 0.027253 0.027291 0.027324 
Config: granularity=100000, SDR=1000, ADR=0, Rigid=1, Capture_Method=0
Stage 0: PT=0, T_stage=0.012350, bytes=0, T_capped=0
Stage 1: PT=6, T_stage=0.000000, bytes=33176880, T_capped=0
Group 1: Iters=10, Procs=20, Factors=1.000000, Dist=2, RM=0, SM=0, RS=0, SS=5, parents=312, children=0
Async_Iters: 0
T_iter: 0.053048 0.038284 0.039649 0.039448 0.038697 0.038177 0.038172 0.042724 0.038406 0.038561 
T_stage 0: 0.012585 0.012618 0.013395 0.012777 0.012602 0.012547 0.012614 0.012526 0.012543 0.012618 
T_stage 1: 0.040455 0.025660 0.026237 0.026662 0.026088 0.025622 0.025548 0.030190 0.025856 0.025933 
Config: granularity=100000, SDR=1000, ADR=0, Rigid=1, Capture_Method=0
Stage 0: PT=0, T_stage=0.012350, bytes=0, T_capped=0
Stage 1: PT=6, T_stage=0.000000, bytes=33176880, T_capped=0
Group 1: Iters=10, Procs=20, Factors=1.000000, Dist=2, RM=0, SM=0, RS=0, SS=5, parents=312, children=0
Async_Iters: 0
T_iter: 0.054348 0.041788 0.042800 0.040422 0.040790 0.040435 0.044980 0.040399 0.040487 0.040402 
T_stage 0: 0.012677 0.012596 0.012743 0.012529 0.012532 0.012544 0.012572 0.012519 0.012523 0.012552 
T_stage 1: 0.041663 0.029186 0.030050 0.027873 0.028251 0.027883 0.032400 0.027873 0.027956 0.027861 
Config: granularity=100000, SDR=1000, ADR=0, Rigid=1, Capture_Method=0
Stage 0: PT=0, T_stage=0.012350, bytes=0, T_capped=0
Stage 1: PT=6, T_stage=0.000000, bytes=33176880, T_capped=0
Group 1: Iters=10, Procs=20, Factors=1.000000, Dist=2, RM=0, SM=0, RS=0, SS=5, parents=312, children=0
Async_Iters: 0
T_iter: 0.053652 0.041833 0.041392 0.040524 0.040274 0.040206 0.045686 0.040422 0.040556 0.040618 
T_stage 0: 0.012661 0.013535 0.013067 0.012553 0.012540 0.012567 0.012662 0.012598 0.012670 0.012840 
T_stage 1: 0.040984 0.028295 0.028315 0.027963 0.027725 0.027630 0.033014 0.027816 0.027870 0.027785 
Config: granularity=100000, SDR=1000, ADR=0, Rigid=1, Capture_Method=0
Stage 0: PT=0, T_stage=0.012350, bytes=0, T_capped=0
Stage 1: PT=6, T_stage=0.000000, bytes=33176880, T_capped=0
Group 1: Iters=10, Procs=20, Factors=1.000000, Dist=2, RM=0, SM=0, RS=0, SS=5, parents=312, children=0
Async_Iters: 0
T_iter: 0.053165 0.040808 0.041376 0.039160 0.039550 0.039150 0.039091 0.047030 0.039078 0.039272 
T_stage 0: 0.012945 0.012921 0.013052 0.012525 0.012575 0.012573 0.012536 0.012523 0.012526 0.012556 
T_stage 1: 0.040213 0.027908 0.028317 0.026625 0.026968 0.026588 0.026545 0.034480 0.026543 0.026707 
Config: granularity=100000, SDR=1000, ADR=0, Rigid=1, Capture_Method=0
Stage 0: PT=0, T_stage=0.012350, bytes=0, T_capped=0
Stage 1: PT=6, T_stage=0.000000, bytes=33176880, T_capped=0
Group 1: Iters=10, Procs=20, Factors=1.000000, Dist=2, RM=0, SM=0, RS=0, SS=5, parents=312, children=0
Async_Iters: 0
T_iter: 0.059645 0.039147 0.039201 0.040110 0.041087 0.038938 0.039503 0.039316 0.043380 0.039339 
T_stage 0: 0.012734 0.012529 0.012566 0.012547 0.013040 0.012523 0.013033 0.012528 0.012559 0.012900 
T_stage 1: 0.046904 0.026609 0.026628 0.027555 0.028041 0.026407 0.026464 0.026772 0.030812 0.026455 
Config: granularity=100000, SDR=1000, ADR=0, Rigid=1, Capture_Method=0
Stage 0: PT=0, T_stage=0.012350, bytes=0, T_capped=0
Stage 1: PT=6, T_stage=0.000000, bytes=33176880, T_capped=0
Group 1: Iters=10, Procs=20, Factors=1.000000, Dist=2, RM=0, SM=0, RS=0, SS=5, parents=312, children=0
Async_Iters: 0
T_iter: 0.061415 0.045155 0.043797 0.044299 0.043873 0.047415 0.043845 0.044240 0.043849 0.043816 
T_stage 0: 0.016553 0.012787 0.012536 0.012617 0.012556 0.012552 0.012534 0.012704 0.012519 0.012528 
T_stage 1: 0.044857 0.032362 0.031252 0.031705 0.031309 0.034857 0.031305 0.031555 0.031324 0.031269 
Config: granularity=100000, SDR=1000, ADR=0, Rigid=1, Capture_Method=0
Stage 0: PT=0, T_stage=0.012350, bytes=0, T_capped=0
Stage 1: PT=6, T_stage=0.000000, bytes=33176880, T_capped=0
Group 1: Iters=10, Procs=20, Factors=1.000000, Dist=2, RM=0, SM=0, RS=0, SS=5, parents=312, children=0
Async_Iters: 0
T_iter: 0.053033 0.039680 0.039534 0.038140 0.039011 0.038383 0.042622 0.038567 0.038729 0.038488 
T_stage 0: 0.012889 0.012594 0.012566 0.012550 0.013013 0.012941 0.012550 0.012876 0.012602 0.012876 
T_stage 1: 0.040137 0.027092 0.026962 0.025584 0.025991 0.025442 0.030065 0.025685 0.026120 0.025605 
Config: granularity=100000, SDR=1000, ADR=0, Rigid=1, Capture_Method=0
Stage 0: PT=0, T_stage=0.012350, bytes=0, T_capped=0
Stage 1: PT=6, T_stage=0.000000, bytes=33176880, T_capped=0
Group 1: Iters=10, Procs=20, Factors=1.000000, Dist=2, RM=0, SM=0, RS=0, SS=5, parents=312, children=0
Async_Iters: 0
T_iter: 0.055108 0.043694 0.043075 0.041978 0.041489 0.041524 0.046403 0.041617 0.041584 0.041780 
T_stage 0: 0.012866 0.012539 0.012711 0.012570 0.012525 0.012539 0.012595 0.012667 0.012668 0.012916 
T_stage 1: 0.042234 0.031146 0.030370 0.029381 0.028947 0.028970 0.033802 0.028943 0.028908 0.028889 
Config: granularity=100000, SDR=1000, ADR=0, Rigid=1, Capture_Method=0
Stage 0: PT=0, T_stage=0.012350, bytes=0, T_capped=0
Stage 1: PT=6, T_stage=0.000000, bytes=33176880, T_capped=0
Group 1: Iters=10, Procs=20, Factors=1.000000, Dist=2, RM=0, SM=0, RS=0, SS=5, parents=312, children=0
Async_Iters: 0
T_iter: 0.054287 0.040467 0.041678 0.043087 0.040326 0.040861 0.040387 0.043326 0.040977 0.040395 
T_stage 0: 0.012852 0.012626 0.012720 0.013058 0.012531 0.012558 0.012519 0.012570 0.012935 0.012524 
T_stage 1: 0.041433 0.027833 0.028951 0.030007 0.027792 0.028304 0.027848 0.030746 0.028030 0.027850 
Config: granularity=100000, SDR=1000, ADR=0, Rigid=1, Capture_Method=0
Stage 0: PT=0, T_stage=0.012350, bytes=0, T_capped=0
Stage 1: PT=6, T_stage=0.000000, bytes=33176880, T_capped=0
Group 1: Iters=10, Procs=20, Factors=1.000000, Dist=2, RM=0, SM=0, RS=0, SS=5, parents=312, children=0
Async_Iters: 0
T_iter: 0.053867 0.042221 0.041868 0.040379 0.040815 0.040383 0.040432 0.047484 0.042146 0.042050 
T_stage 0: 0.012713 0.012541 0.012732 0.012562 0.012584 0.012612 0.012526 0.012532 0.012542 0.012517 
T_stage 1: 0.041144 0.029671 0.029127 0.027807 0.028222 0.027762 0.027898 0.034942 0.029594 0.029521 
Config: granularity=100000, SDR=1000, ADR=0, Rigid=1, Capture_Method=0
Stage 0: PT=0, T_stage=0.012350, bytes=0, T_capped=0
Stage 1: PT=6, T_stage=0.000000, bytes=33176880, T_capped=0
Group 1: Iters=10, Procs=20, Factors=1.000000, Dist=2, RM=0, SM=0, RS=0, SS=5, parents=312, children=0
Async_Iters: 0
T_iter: 0.054909 0.042040 0.041755 0.040777 0.040321 0.040355 0.044781 0.040626 0.041108 0.041024 
T_stage 0: 0.013026 0.012571 0.012783 0.012554 0.012525 0.012525 0.012538 0.012544 0.012543 0.012537 
T_stage 1: 0.041876 0.029460 0.028966 0.028218 0.027788 0.027810 0.032234 0.028075 0.028552 0.028470 
Config: granularity=100000, SDR=1000, ADR=0, Rigid=1, Capture_Method=0
Stage 0: PT=0, T_stage=0.012350, bytes=0, T_capped=0
Stage 1: PT=6, T_stage=0.000000, bytes=33176880, T_capped=0
Group 1: Iters=10, Procs=20, Factors=1.000000, Dist=2, RM=0, SM=0, RS=0, SS=5, parents=312, children=0
Async_Iters: 0
T_iter: 0.055147 0.043337 0.042772 0.041364 0.041751 0.041309 0.041334 0.045630 0.041602 0.041494 
T_stage 0: 0.012728 0.012860 0.012686 0.012605 0.012548 0.012535 0.012545 0.015888 0.012531 0.012523 
T_stage 1: 0.042415 0.030471 0.030079 0.028768 0.029196 0.028771 0.028781 0.030264 0.029063 0.028962 
Config: granularity=100000, SDR=1000, ADR=0, Rigid=1, Capture_Method=0
Stage 0: PT=0, T_stage=0.012350, bytes=0, T_capped=0
Stage 1: PT=6, T_stage=0.000000, bytes=33176880, T_capped=0
Group 1: Iters=10, Procs=20, Factors=1.000000, Dist=2, RM=0, SM=0, RS=0, SS=5, parents=312, children=0
Async_Iters: 0
T_iter: 0.053348 0.039268 0.041130 0.040580 0.039234 0.039648 0.039149 0.043855 0.039533 0.039176 
T_stage 0: 0.012688 0.012617 0.012552 0.012579 0.012550 0.013030 0.012531 0.012543 0.012811 0.012534 
T_stage 1: 0.040654 0.026642 0.028588 0.027993 0.026675 0.026610 0.026610 0.031296 0.026726 0.026633 
