Config: granularity=100000, SDR=1000, ADR=0, Rigid=1, Capture_Method=0
Stage 0: PT=0, T_stage=0.012350, bytes=0, T_capped=0
Stage 1: PT=6, T_stage=0.000000, bytes=33176880, T_capped=0
Group 1: Iters=10, Procs=20, Factors=1.000000, Dist=2, RM=0, SM=0, RS=0, SS=5, parents=416, children=0
Async_Iters: 0
T_iter: 0.054415 0.040655 0.041760 0.041406 0.040558 0.040824 0.040552 0.044938 0.040553 0.041095 
T_stage 0: 0.012802 0.012776 0.013155 0.013610 0.012541 0.013009 0.012537 0.012520 0.012803 0.012696 
T_stage 1: 0.041606 0.027907 0.028598 0.027802 0.028009 0.027798 0.028008 0.032404 0.027741 0.028380 
Config: granularity=100000, SDR=1000, ADR=0, Rigid=1, Capture_Method=0
Stage 0: PT=0, T_stage=0.012350, bytes=0, T_capped=0
Stage 1: PT=6, T_stage=0.000000, bytes=33176880, T_capped=0
Group 1: Iters=10, Procs=20, Factors=1.000000, Dist=2, RM=0, SM=0, RS=0, SS=5, parents=416, children=0
Async_Iters: 0
T_iter: 0.056561 0.044886 0.043928 0.042954 0.043582 0.042994 0.050154 0.043517 0.043075 0.043226 
T_stage 0: 0.013146 0.013142 0.013433 0.012551 0.012989 0.012534 0.012521 0.012959 0.012527 0.012530 
T_stage 1: 0.043407 0.031735 0.030496 0.030394 0.030584 0.030452 0.037624 0.030561 0.030531 0.030683 
Config: granularity=100000, SDR=1000, ADR=0, Rigid=1, Capture_Method=0
Stage 0: PT=0, T_stage=0.012350, bytes=0, T_capped=0
Stage 1: PT=6, T_stage=0.000000, bytes=33176880, T_capped=0
Group 1: Iters=10, Procs=20, Factors=1.000000, Dist=2, RM=0, SM=0, RS=0, SS=5, parents=416, children=0
Async_Iters: 0
T_iter: 0.058615 0.039478 0.041067 0.040495 0.039440 0.039061 0.038976 0.043052 0.039035 0.039795 
T_stage 0: 0.017429 0.012588 0.013536 0.012564 0.013022 0.012580 0.012531 0.016387 0.012527 0.012949 
T_stage 1: 0.041178 0.026879 0.027515 0.027926 0.026413 0.026468 0.026430 0.026662 0.026500 0.026827 
Config: granularity=100000, SDR=1000, ADR=0, Rigid=1, Capture_Method=0
Stage 0: PT=0, T_stage=0.012350, bytes=0, T_capped=0
Stage 1: PT=6, T_stage=0.000000, bytes=33176880, T_capped=0
Group 1: Iters=10, Procs=20, Factors=1.000000, Dist=2, RM=0, SM=0, RS=0, SS=5, parents=416, children=0
Async_Iters: 0
T_iter: 0.059467 0.040550 0.041992 0.041734 0.040523 0.040734 0.040190 0.040665 0.044456 0.040659 
T_stage 0: 0.017594 0.012567 0.012515 0.012754 0.012533 0.012592 0.012515 0.012904 0.012530 0.012903 
T_stage 1: 0.042787 0.027964 0.029472 0.028988 0.027981 0.028134 0.027666 0.027775 0.031917 0.027737 
Config: granularity=100000, SDR=1000, ADR=0, Rigid=1, Capture_Method=0
Stage 0: PT=0, T_stage=0.012350, bytes=0, T_capped=0
Stage 1: PT=6, T_stage=0.000000, bytes=33176880, T_capped=0
Group 1: Iters=10, Procs=20, Factors=1.000000, Dist=2, RM=0, SM=0, RS=0, SS=5, parents=416, children=0
Async_Iters: 0
T_iter: 0.054368 0.041399 0.042159 0.040906 0.040433 0.040413 0.044133 0.040682 0.041040 0.040407 
T_stage 0: 0.012840 0.012542 0.013074 0.013066 0.012546 0.012565 0.016308 0.012522 0.012914 0.012537 
T_stage 1: 0.041520 0.028850 0.029059 0.027836 0.027867 0.027834 0.027810 0.028149 0.028122 0.027857 
Config: granularity=100000, SDR=1000, ADR=0, Rigid=1, Capture_Method=0
Stage 0: PT=0, T_stage=0.012350, bytes=0, T_capped=0
Stage 1: PT=6, T_stage=0.000000, bytes=33176880, T_capped=0
Group 1: Iters=10, Procs=20, Factors=1.000000, Dist=2, RM=0, SM=0, RS=0, SS=5, parents=416, children=0
Async_Iters: 0
T_iter: 0.055364 0.044296 0.044470 0.042910 0.042829 0.042542 0.046183 0.042484 0.043825 0.042531 
T_stage 0: 0.012824 0.012707 0.012772 0.012543 0.012541 0.012587 0.015953 0.012525 0.012895 0.012552 
T_stage 1: 0.042530 0.031578 0.031689 0.030355 0.030271 0.029945 0.030226 0.029950 0.030919 0.029970 
Config: granularity=100000, SDR=1000, ADR=0, Rigid=1, Capture_Method=0
Stage 0: PT=0, T_stage=0.012350, bytes=0, T_capped=0
Stage 1: PT=6, T_stage=0.000000, bytes=33176880, T_capped=0
Group 1: Iters=10, Procs=20, Factors=1.000000, Dist=2, RM=0, SM=0, RS=0, SS=5, parents=416, children=0
Async_Iters: 0
T_iter: 0.054505 0.040911 0.042299 0.042858 0.041095 0.041010 0.041531 0.044776 0.040693 0.041659 
T_stage 0: 0.013007 0.012719 0.012524 0.013537 0.012586 0.012876 0.012842 0.016084 0.012577 0.012538 
T_stage 1: 0.041490 0.028184 0.029767 0.029301 0.028488 0.028152 0.028683 0.028687 0.028147 0.029109 
Config: granularity=100000, SDR=1000, ADR=0, Rigid=1, Capture_Method=0
Stage 0: PT=0, T_stage=0.012350, bytes=0, T_capped=0
Stage 1: PT=6, T_stage=0.000000, bytes=33176880, T_capped=0
Group 1: Iters=10, Procs=20, Factors=1.000000, Dist=2, RM=0, SM=0, RS=0, SS=5, parents=416, children=0
Async_Iters: 0
T_iter: 0.054759 0.043332 0.041794 0.040939 0.040616 0.040524 0.040800 0.044378 0.040914 0.040875 
T_stage 0: 0.013430 0.014079 0.013727 0.012520 0.012617 0.012540 0.012902 0.016400 0.012528 0.012578 
T_stage 1: 0.041318 0.029245 0.028054 0.028409 0.027980 0.027975 0.027922 0.027971 0.028374 0.028287 
Config: granularity=100000, SDR=1000, ADR=0, Rigid=1, Capture_Method=0
Stage 0: PT=0, T_stage=0.012350, bytes=0, T_capped=0
Stage 1: PT=6, T_stage=0.000000, bytes=33176880, T_capped=0
Group 1: Iters=10, Procs=20, Factors=1.000000, Dist=2, RM=0, SM=0, RS=0, SS=5, parents=416, children=0
Async_Iters: 0
T_iter: 0.055209 0.043247 0.042115 0.041239 0.041602 0.041134 0.045798 0.041260 0.041289 0.041162 
T_stage 0: 0.012893 0.013389 0.013569 0.012581 0.013093 0.012547 0.012515 0.012539 0.012554 0.012583 
T_stage 1: 0.042262 0.029850 0.028541 0.028648 0.028529 0.028580 0.033274 0.028712 0.028725 0.028570 
Config: granularity=100000, SDR=1000, ADR=0, Rigid=1, Capture_Method=0
Stage 0: PT=0, T_stage=0.012350, bytes=0, T_capped=0
Stage 1: PT=6, T_stage=0.000000, bytes=33176880, T_capped=0
Group 1: Iters=10, Procs=20, Factors=1.000000, Dist=2, RM=0, SM=0, RS=0, SS=5, parents=416, children=0
Async_Iters: 0
T_iter: 0.054634 0.040807 0.042119 0.041827 0.041007 0.040545 0.040596 0.045130 0.041187 0.041248 
T_stage 0: 0.012964 0.012632 0.013376 0.012570 0.012540 0.012536 0.012532 0.012523 0.012591 0.012958 
T_stage 1: 0.041662 0.028167 0.028741 0.029248 0.028459 0.027999 0.028052 0.032587 0.028573 0.028276 
Config: granularity=100000, SDR=1000, ADR=0, Rigid=1, Capture_Method=0
Stage 0: PT=0, T_stage=0.012350, bytes=0, T_capped=0
Stage 1: PT=6, T_stage=0.000000, bytes=33176880, T_capped=0
Group 1: Iters=10, Procs=20, Factors=1.000000, Dist=2, RM=0, SM=0, RS=0, SS=5, parents=416, children=0
Async_Iters: 0
T_iter: 0.054932 0.040761 0.040534 0.039673 0.039227 0.042891 0.039210 0.039311 0.039610 0.039716 
T_stage 0: 0.012665 0.012887 0.013839 0.013040 0.012531 0.012549 0.012524 0.012546 0.012708 0.012895 
T_stage 1: 0.042260 0.027867 0.026688 0.026622 0.026690 0.030320 0.026679 0.026771 0.026896 0.026801 
Config: granularity=100000, SDR=1000, ADR=0, Rigid=1, Capture_Method=0
Stage 0: PT=0, T_stage=0.012350, bytes=0, T_capped=0
Stage 1: PT=6, T_stage=0.000000, bytes=33176880, T_capped=0
Group 1: Iters=10, Procs=20, Factors=1.000000, Dist=2, RM=0, SM=0, RS=0, SS=5, parents=416, children=0
Async_Iters: 0
T_iter: 0.053190 0.040836 0.041025 0.040005 0.039522 0.039860 0.043716 0.040010 0.039635 0.040376 
T_stage 0: 0.012997 0.013327 0.013678 0.012523 0.012533 0.012540 0.012533 0.012909 0.012528 0.012905 
T_stage 1: 0.040186 0.027506 0.027333 0.027470 0.026978 0.027313 0.031173 0.027137 0.027099 0.027476 
Config: granularity=100000, SDR=1000, ADR=0, Rigid=1, Capture_Method=0
Stage 0: PT=0, T_stage=0.012350, bytes=0, T_capped=0
Stage 1: PT=6, T_stage=0.000000, bytes=33176880, T_capped=0
Group 1: Iters=10, Procs=20, Factors=1.000000, Dist=2, RM=0, SM=0, RS=0, SS=5, parents=416, children=0
Async_Iters: 0
T_iter: 0.055078 0.042072 0.044004 0.043084 0.042448 0.041940 0.041975 0.044876 0.042175 0.042265 
T_stage 0: 0.013087 0.012554 0.012513 0.012615 0.012578 0.012528 0.012556 0.015005 0.012534 0.012530 
T_stage 1: 0.042002 0.029487 0.031359 0.030459 0.029861 0.029403 0.029435 0.029865 0.029629 0.029727 
Config: granularity=100000, SDR=1000, ADR=0, Rigid=1, Capture_Method=0
Stage 0: PT=0, T_stage=0.012350, bytes=0, T_capped=0
Stage 1: PT=6, T_stage=0.000000, bytes=33176880, T_capped=0
Group 1: Iters=10, Procs=20, Factors=1.000000, Dist=2, RM=0, SM=0, RS=0, SS=5, parents=416, children=0
Async_Iters: 0
T_iter: 0.055464 0.040898 0.041751 0.042988 0.041011 0.040797 0.041247 0.040841 0.044590 0.041102 
T_stage 0: 0.013575 0.012584 0.012634 0.013088 0.012674 0.012545 0.012989 0.012562 0.012527 0.012802 
T_stage 1: 0.041881 0.028306 0.029109 0.029064 0.028314 0.028237 0.028238 0.028272 0.032048 0.028290 
Config: granularity=100000, SDR=1000, ADR=0, Rigid=1, Capture_Method=0
Stage 0: PT=0, T_stage=0.012350, bytes=0, T_capped=0
Stage 1: PT=6, T_stage=0.000000, bytes=33176880, T_capped=0
Group 1: Iters=10, Procs=20, Factors=1.000000, Dist=2, RM=0, SM=0, RS=0, SS=5, parents=416, children=0
Async_Iters: 0
T_iter: 0.054156 0.041215 0.041015 0.039469 0.040014 0.039537 0.044968 0.039962 0.039881 0.039715 
T_stage 0: 0.013056 0.013423 0.012794 0.012566 0.013064 0.012609 0.012548 0.012590 0.012552 0.012530 
T_stage 1: 0.041091 0.027788 0.028228 0.026893 0.026963 0.026913 0.032400 0.027358 0.027315 0.027177 
Config: granularity=100000, SDR=1000, ADR=0, Rigid=1, Capture_Method=0
Stage 0: PT=0, T_stage=0.012350, bytes=0, T_capped=0
Stage 1: PT=6, T_stage=0.000000, bytes=33176880, T_capped=0
Group 1: Iters=10, Procs=20, Factors=1.000000, Dist=2, RM=0, SM=0, RS=0, SS=5, parents=416, children=0
Async_Iters: 0
T_iter: 0.056498 0.046028 0.045554 0.043973 0.044394 0.043971 0.049329 0.044186 0.044295 0.044068 
T_stage 0: 0.012532 0.012631 0.012638 0.012565 0.012549 0.012558 0.012558 0.012785 0.012573 0.012618 
T_stage 1: 0.043958 0.033388 0.032912 0.031398 0.031850 0.031420 0.036765 0.031393 0.031729 0.031444 
Config: granularity=100000, SDR=1000, ADR=0, Rigid=1, Capture_Method=0
Stage 0: PT=0, T_stage=0.012350, bytes=0, T_capped=0
Stage 1: PT=6, T_stage=0.000000, bytes=33176880, T_capped=0
Group 1: Iters=10, Procs=20, Factors=1.000000, Dist=2, RM=0, SM=0, RS=0, SS=5, parents=416, children=0
Async_Iters: 0
T_iter: 0.057800 0.042167 0.043187 0.043705 0.042282 0.041965 0.045345 0.042174 0.042212 0.041846 
T_stage 0: 0.015305 0.012727 0.012556 0.013262 0.012549 0.012574 0.012544 0.012901 0.012530 0.012534 
T_stage 1: 0.042488 0.029434 0.030625 0.030436 0.029718 0.029361 0.032794 0.029267 0.029673 0.029288 
Config: granularity=100000, SDR=1000, ADR=0, Rigid=1, Capture_Method=0
Stage 0: PT=0, T_stage=0.012350, bytes=0, T_capped=0
Stage 1: PT=6, T_stage=0.000000, bytes=33176880, T_capped=0
Group 1: Iters=10, Procs=20, Factors=1.000000, Dist=2, RM=0, SM=0, RS=0, SS=5, parents=416, children=0
Async_Iters: 0
T_iter: 0.055509 0.042923 0.043204 0.043378 0.043489 0.057793 0.042213 0.042553 0.042197 0.042871 
T_stage 0: 0.012743 0.013131 0.012850 0.012632 0.013870 0.012535 0.012530 0.012680 0.012522 0.012587 
T_stage 1: 0.042755 0.029792 0.030348 0.030738 0.029612 0.045246 0.029674 0.029864 0.029666 0.030274 
Config: granularity=100000, SDR=1000, ADR=0, Rigid=1, Capture_Method=0
Stage 0: PT=0, T_stage=0.012350, bytes=0, T_capped=0
Stage 1: PT=6, T_stage=0.000000, bytes=33176880, T_capped=0
Group 1: Iters=10, Procs=20, Factors=1.000000, Dist=2, RM=0, SM=0, RS=0, SS=5, parents=416, children=0
Async_Iters: 0
T_iter: 0.054248 0.039807 0.040747 0.040274 0.039365 0.040105 0.039654 0.042493 0.039700 0.039858 
T_stage 0: 0.012950 0.012755 0.013509 0.013542 0.012590 0.012877 0.012541 0.012531 0.012551 0.012907 
T_stage 1: 0.041291 0.027033 0.027231 0.026726 0.026788 0.027222 0.027094 0.029951 0.027169 0.026959 
Config: granularity=100000, SDR=1000, ADR=0, Rigid=1, Capture_Method=0
Stage 0: PT=0, T_stage=0.012350, bytes=0, T_capped=0
Stage 1: PT=6, T_stage=0.000000, bytes=33176880, T_capped=0
Group 1: Iters=10, Procs=20, Factors=1.000000, Dist=2, RM=0, SM=0, RS=0, SS=5, parents=416, children=0
Async_Iters: 0
T_iter: 0.055808 0.043206 0.043344 0.041751 0.042085 0.041998 0.041673 0.046849 0.041792 0.042002 
T_stage 0: 0.012674 0.012778 0.013063 0.012537 0.012563 0.012881 0.012538 0.012537 0.012572 0.012561 
T_stage 1: 0.043127 0.030418 0.030272 0.029206 0.029516 0.029133 0.029126 0.034305 0.029235 0.029432 
