Config loaded: R=1, S=2, granularity=100000, SDR=1000, ADR=0, Rigid=1, Capture_Method=0
Stage 0: PT=0, T_stage=0.012350, bytes=0, T_capped=0
Stage 1: PT=6, T_stage=0.000000, bytes=33176880, T_capped=0
Group 0: Iters=5, Procs=416, Factors=1.000000, Dist=2, RM=0, SM=0, RS=0, SS=0
Group 1: Iters=10, Procs=20, Factors=1.000000, Dist=2, RM=0, SM=0, RS=0, SS=5
T_spawn: 2.861260 
T_SR: 0.064055 
T_AR: 0.000000 
T_US: 0.181787 
T_Malleability: 3.470613 
T_total: 4.322283
Config loaded: R=1, S=2, granularity=100000, SDR=1000, ADR=0, Rigid=1, Capture_Method=0
Stage 0: PT=0, T_stage=0.012350, bytes=0, T_capped=0
Stage 1: PT=6, T_stage=0.000000, bytes=33176880, T_capped=0
Group 0: Iters=5, Procs=416, Factors=1.000000, Dist=2, RM=0, SM=0, RS=0, SS=0
Group 1: Iters=10, Procs=20, Factors=1.000000, Dist=2, RM=0, SM=0, RS=0, SS=5
T_spawn: 3.195076 
T_SR: 0.139854 
T_AR: 0.000000 
T_US: 0.256053 
T_Malleability: 3.878654 
T_total: 4.748545
Config loaded: R=1, S=2, granularity=100000, SDR=1000, ADR=0, Rigid=1, Capture_Method=0
Stage 0: PT=0, T_stage=0.012350, bytes=0, T_capped=0
Stage 1: PT=6, T_stage=0.000000, bytes=33176880, T_capped=0
Group 0: Iters=5, Procs=416, Factors=1.000000, Dist=2, RM=0, SM=0, RS=0, SS=0
Group 1: Iters=10, Procs=20, Factors=1.000000, Dist=2, RM=0, SM=0, RS=0, SS=5
T_spawn: 2.654001 
T_SR: 0.075907 
T_AR: 0.000000 
T_US: 0.203295 
T_Malleability: 3.245996 
T_total: 4.086146
Config loaded: R=1, S=2, granularity=100000, SDR=1000, ADR=0, Rigid=1, Capture_Method=0
Stage 0: PT=0, T_stage=0.012350, bytes=0, T_capped=0
Stage 1: PT=6, T_stage=0.000000, bytes=33176880, T_capped=0
Group 0: Iters=5, Procs=416, Factors=1.000000, Dist=2, RM=0, SM=0, RS=0, SS=0
Group 1: Iters=10, Procs=20, Factors=1.000000, Dist=2, RM=0, SM=0, RS=0, SS=5
T_spawn: 3.038494 
T_SR: 0.091259 
T_AR: 0.000000 
T_US: 0.239521 
T_Malleability: 3.578532 
T_total: 4.414695
Config loaded: R=1, S=2, granularity=100000, SDR=1000, ADR=0, Rigid=1, Capture_Method=0
Stage 0: PT=0, T_stage=0.012350, bytes=0, T_capped=0
Stage 1: PT=6, T_stage=0.000000, bytes=33176880, T_capped=0
Group 0: Iters=5, Procs=416, Factors=1.000000, Dist=2, RM=0, SM=0, RS=0, SS=0
Group 1: Iters=10, Procs=20, Factors=1.000000, Dist=2, RM=0, SM=0, RS=0, SS=5
T_spawn: 2.717144 
T_SR: 0.103995 
T_AR: 0.000000 
T_US: 0.134943 
T_Malleability: 3.310608 
T_total: 4.143807
Config loaded: R=1, S=2, granularity=100000, SDR=1000, ADR=0, Rigid=1, Capture_Method=0
Stage 0: PT=0, T_stage=0.012350, bytes=0, T_capped=0
Stage 1: PT=6, T_stage=0.000000, bytes=33176880, T_capped=0
Group 0: Iters=5, Procs=416, Factors=1.000000, Dist=2, RM=0, SM=0, RS=0, SS=0
Group 1: Iters=10, Procs=20, Factors=1.000000, Dist=2, RM=0, SM=0, RS=0, SS=5
T_spawn: 2.909027 
T_SR: 0.123984 
T_AR: 0.000000 
T_US: 0.133516 
T_Malleability: 3.445012 
T_total: 4.369012
Config loaded: R=1, S=2, granularity=100000, SDR=1000, ADR=0, Rigid=1, Capture_Method=0
Stage 0: PT=0, T_stage=0.012350, bytes=0, T_capped=0
Stage 1: PT=6, T_stage=0.000000, bytes=33176880, T_capped=0
Group 0: Iters=5, Procs=416, Factors=1.000000, Dist=2, RM=0, SM=0, RS=0, SS=0
Group 1: Iters=10, Procs=20, Factors=1.000000, Dist=2, RM=0, SM=0, RS=0, SS=5
T_spawn: 3.189530 
T_SR: 0.108082 
T_AR: 0.000000 
T_US: 0.199384 
T_Malleability: 3.798441 
T_total: 4.633363
Config loaded: R=1, S=2, granularity=100000, SDR=1000, ADR=0, Rigid=1, Capture_Method=0
Stage 0: PT=0, T_stage=0.012350, bytes=0, T_capped=0
Stage 1: PT=6, T_stage=0.000000, bytes=33176880, T_capped=0
Group 0: Iters=5, Procs=416, Factors=1.000000, Dist=2, RM=0, SM=0, RS=0, SS=0
Group 1: Iters=10, Procs=20, Factors=1.000000, Dist=2, RM=0, SM=0, RS=0, SS=5
T_spawn: 3.303891 
T_SR: 0.072057 
T_AR: 0.000000 
T_US: 0.164000 
T_Malleability: 3.868666 
T_total: 4.714231
Config loaded: R=1, S=2, granularity=100000, SDR=1000, ADR=0, Rigid=1, Capture_Method=0
Stage 0: PT=0, T_stage=0.012350, bytes=0, T_capped=0
Stage 1: PT=6, T_stage=0.000000, bytes=33176880, T_capped=0
Group 0: Iters=5, Procs=416, Factors=1.000000, Dist=2, RM=0, SM=0, RS=0, SS=0
Group 1: Iters=10, Procs=20, Factors=1.000000, Dist=2, RM=0, SM=0, RS=0, SS=5
T_spawn: 3.207787 
T_SR: 0.111969 
T_AR: 0.000000 
T_US: 0.196560 
T_Malleability: 3.854861 
T_total: 4.701483
Config loaded: R=1, S=2, granularity=100000, SDR=1000, ADR=0, Rigid=1, Capture_Method=0
Stage 0: PT=0, T_stage=0.012350, bytes=0, T_capped=0
Stage 1: PT=6, T_stage=0.000000, bytes=33176880, T_capped=0
Group 0: Iters=5, Procs=416, Factors=1.000000, Dist=2, RM=0, SM=0, RS=0, SS=0
Group 1: Iters=10, Procs=20, Factors=1.000000, Dist=2, RM=0, SM=0, RS=0, SS=5
T_spawn: 2.938267 
T_SR: 0.095594 
T_AR: 0.000000 
T_US: 0.143443 
T_Malleability: 3.454356 
T_total: 4.306966
Config loaded: R=1, S=2, granularity=100000, SDR=1000, ADR=0, Rigid=1, Capture_Method=0
Stage 0: PT=0, T_stage=0.012350, bytes=0, T_capped=0
Stage 1: PT=6, T_stage=0.000000, bytes=33176880, T_capped=0
Group 0: Iters=5, Procs=416, Factors=1.000000, Dist=2, RM=0, SM=0, RS=0, SS=0
Group 1: Iters=10, Procs=20, Factors=1.000000, Dist=2, RM=0, SM=0, RS=0, SS=5
T_spawn: 2.973933 
T_SR: 0.060086 
T_AR: 0.000000 
T_US: 0.163913 
T_Malleability: 3.463377 
T_total: 4.291333
Config loaded: R=1, S=2, granularity=100000, SDR=1000, ADR=0, Rigid=1, Capture_Method=0
Stage 0: PT=0, T_stage=0.012350, bytes=0, T_capped=0
Stage 1: PT=6, T_stage=0.000000, bytes=33176880, T_capped=0
Group 0: Iters=5, Procs=416, Factors=1.000000, Dist=2, RM=0, SM=0, RS=0, SS=0
Group 1: Iters=10, Procs=20, Factors=1.000000, Dist=2, RM=0, SM=0, RS=0, SS=5
T_spawn: 3.183351 
T_SR: 0.079924 
T_AR: 0.000000 
T_US: 0.182161 
T_Malleability: 3.779409 
T_total: 4.603586
Config loaded: R=1, S=2, granularity=100000, SDR=1000, ADR=0, Rigid=1, Capture_Method=0
Stage 0: PT=0, T_stage=0.012350, bytes=0, T_capped=0
Stage 1: PT=6, T_stage=0.000000, bytes=33176880, T_capped=0
Group 0: Iters=5, Procs=416, Factors=1.000000, Dist=2, RM=0, SM=0, RS=0, SS=0
Group 1: Iters=10, Procs=20, Factors=1.000000, Dist=2, RM=0, SM=0, RS=0, SS=5
T_spawn: 3.029617 
T_SR: 0.059983 
T_AR: 0.000000 
T_US: 0.179930 
T_Malleability: 3.569667 
T_total: 4.427752
Config loaded: R=1, S=2, granularity=100000, SDR=1000, ADR=0, Rigid=1, Capture_Method=0
Stage 0: PT=0, T_stage=0.012350, bytes=0, T_capped=0
Stage 1: PT=6, T_stage=0.000000, bytes=33176880, T_capped=0
Group 0: Iters=5, Procs=416, Factors=1.000000, Dist=2, RM=0, SM=0, RS=0, SS=0
Group 1: Iters=10, Procs=20, Factors=1.000000, Dist=2, RM=0, SM=0, RS=0, SS=5
T_spawn: 2.676258 
T_SR: 0.063246 
T_AR: 0.000000 
T_US: 0.213658 
T_Malleability: 3.269687 
T_total: 4.099786
Config loaded: R=1, S=2, granularity=100000, SDR=1000, ADR=0, Rigid=1, Capture_Method=0
Stage 0: PT=0, T_stage=0.012350, bytes=0, T_capped=0
Stage 1: PT=6, T_stage=0.000000, bytes=33176880, T_capped=0
Group 0: Iters=5, Procs=416, Factors=1.000000, Dist=2, RM=0, SM=0, RS=0, SS=0
Group 1: Iters=10, Procs=20, Factors=1.000000, Dist=2, RM=0, SM=0, RS=0, SS=5
T_spawn: 2.927692 
T_SR: 0.080013 
T_AR: 0.000000 
T_US: 0.195858 
T_Malleability: 3.541378 
T_total: 4.363521
Config loaded: R=1, S=2, granularity=100000, SDR=1000, ADR=0, Rigid=1, Capture_Method=0
Stage 0: PT=0, T_stage=0.012350, bytes=0, T_capped=0
Stage 1: PT=6, T_stage=0.000000, bytes=33176880, T_capped=0
Group 0: Iters=5, Procs=416, Factors=1.000000, Dist=2, RM=0, SM=0, RS=0, SS=0
Group 1: Iters=10, Procs=20, Factors=1.000000, Dist=2, RM=0, SM=0, RS=0, SS=5
T_spawn: 2.829776 
T_SR: 0.087989 
T_AR: 0.000000 
T_US: 0.153239 
T_Malleability: 3.381803 
T_total: 4.242916
Config loaded: R=1, S=2, granularity=100000, SDR=1000, ADR=0, Rigid=1, Capture_Method=0
Stage 0: PT=0, T_stage=0.012350, bytes=0, T_capped=0
Stage 1: PT=6, T_stage=0.000000, bytes=33176880, T_capped=0
Group 0: Iters=5, Procs=416, Factors=1.000000, Dist=2, RM=0, SM=0, RS=0, SS=0
Group 1: Iters=10, Procs=20, Factors=1.000000, Dist=2, RM=0, SM=0, RS=0, SS=5
T_spawn: 3.119099 
T_SR: 0.075853 
T_AR: 0.000000 
T_US: 0.155935 
T_Malleability: 3.606106 
T_total: 4.459721
Config loaded: R=1, S=2, granularity=100000, SDR=1000, ADR=0, Rigid=1, Capture_Method=0
Stage 0: PT=0, T_stage=0.012350, bytes=0, T_capped=0
Stage 1: PT=6, T_stage=0.000000, bytes=33176880, T_capped=0
Group 0: Iters=5, Procs=416, Factors=1.000000, Dist=2, RM=0, SM=0, RS=0, SS=0
Group 1: Iters=10, Procs=20, Factors=1.000000, Dist=2, RM=0, SM=0, RS=0, SS=5
T_spawn: 3.383827 
T_SR: 0.071732 
T_AR: 0.000000 
T_US: 0.178885 
T_Malleability: 3.900694 
T_total: 4.759959
Config loaded: R=1, S=2, granularity=100000, SDR=1000, ADR=0, Rigid=1, Capture_Method=0
Stage 0: PT=0, T_stage=0.012350, bytes=0, T_capped=0
Stage 1: PT=6, T_stage=0.000000, bytes=33176880, T_capped=0
Group 0: Iters=5, Procs=416, Factors=1.000000, Dist=2, RM=0, SM=0, RS=0, SS=0
Group 1: Iters=10, Procs=20, Factors=1.000000, Dist=2, RM=0, SM=0, RS=0, SS=5
T_spawn: 2.967360 
T_SR: 0.080008 
T_AR: 0.000000 
T_US: 0.203950 
T_Malleability: 3.603443 
T_total: 4.424542
Config loaded: R=1, S=2, granularity=100000, SDR=1000, ADR=0, Rigid=1, Capture_Method=0
Stage 0: PT=0, T_stage=0.012350, bytes=0, T_capped=0
Stage 1: PT=6, T_stage=0.000000, bytes=33176880, T_capped=0
Group 0: Iters=5, Procs=416, Factors=1.000000, Dist=2, RM=0, SM=0, RS=0, SS=0
Group 1: Iters=10, Procs=20, Factors=1.000000, Dist=2, RM=0, SM=0, RS=0, SS=5
T_spawn: 2.933871 
T_SR: 0.111881 
T_AR: 0.000000 
T_US: 0.189952 
T_Malleability: 3.533900 
T_total: 4.378131
