Config: granularity=100000, SDR=1000, ADR=0, Rigid=1, Capture_Method=0
Stage 0: PT=0, T_stage=0.012350, bytes=0, T_capped=0
Stage 1: PT=6, T_stage=0.000000, bytes=33176880, T_capped=0
Group 1: Iters=10, Procs=52, Factors=1.000000, Dist=2, RM=0, SM=0, RS=0, SS=5, parents=20, children=0
Async_Iters: 0
T_iter: 0.073955 0.060097 0.056461 0.056914 0.058628 0.056816 0.057251 0.056692 0.056719 0.057843 
T_stage 0: 0.014006 0.012748 0.012721 0.012752 0.012648 0.012685 0.012800 0.012706 0.012680 0.013060 
T_stage 1: 0.059827 0.047256 0.043688 0.044085 0.045827 0.044038 0.044298 0.043945 0.043990 0.044728 
Config: granularity=100000, SDR=1000, ADR=0, Rigid=1, Capture_Method=0
Stage 0: PT=0, T_stage=0.012350, bytes=0, T_capped=0
Stage 1: PT=6, T_stage=0.000000, bytes=33176880, T_capped=0
Group 1: Iters=10, Procs=52, Factors=1.000000, Dist=2, RM=0, SM=0, RS=0, SS=5, parents=20, children=0
Async_Iters: 0
T_iter: 0.073708 0.058351 0.061531 0.061432 0.062545 0.058148 0.058266 0.057865 0.058829 0.060455 
T_stage 0: 0.013243 0.012720 0.013158 0.012679 0.012682 0.012652 0.012725 0.012678 0.013083 0.012685 
T_stage 1: 0.060379 0.045528 0.048232 0.048621 0.049780 0.045362 0.045486 0.045134 0.045670 0.047679 
Config: granularity=100000, SDR=1000, ADR=0, Rigid=1, Capture_Method=0
Stage 0: PT=0, T_stage=0.012350, bytes=0, T_capped=0
Stage 1: PT=6, T_stage=0.000000, bytes=33176880, T_capped=0
Group 1: Iters=10, Procs=52, Factors=1.000000, Dist=2, RM=0, SM=0, RS=0, SS=5, parents=20, children=0
Async_Iters: 0
T_iter: 0.084780 0.069996 0.065101 0.070182 0.053749 0.051102 0.051308 0.051515 0.051513 0.051231 
T_stage 0: 0.012655 0.012670 0.012730 0.012717 0.012691 0.012649 0.012746 0.012906 0.012703 0.012705 
T_stage 1: 0.072001 0.057215 0.052342 0.057362 0.040952 0.038333 0.038485 0.038469 0.038697 0.038424 
Config: granularity=100000, SDR=1000, ADR=0, Rigid=1, Capture_Method=0
Stage 0: PT=0, T_stage=0.012350, bytes=0, T_capped=0
Stage 1: PT=6, T_stage=0.000000, bytes=33176880, T_capped=0
Group 1: Iters=10, Procs=52, Factors=1.000000, Dist=2, RM=0, SM=0, RS=0, SS=5, parents=20, children=0
Async_Iters: 0
T_iter: 0.082729 0.062010 0.060899 0.062584 0.063873 0.060724 0.060999 0.060725 0.060631 0.060725 
T_stage 0: 0.013104 0.014324 0.012666 0.012639 0.012638 0.012715 0.013120 0.012682 0.012658 0.012738 
T_stage 1: 0.069509 0.047597 0.048130 0.049859 0.051168 0.047933 0.047812 0.047949 0.047867 0.047898 
Config: granularity=100000, SDR=1000, ADR=0, Rigid=1, Capture_Method=0
Stage 0: PT=0, T_stage=0.012350, bytes=0, T_capped=0
Stage 1: PT=6, T_stage=0.000000, bytes=33176880, T_capped=0
Group 1: Iters=10, Procs=52, Factors=1.000000, Dist=2, RM=0, SM=0, RS=0, SS=5, parents=20, children=0
Async_Iters: 0
T_iter: 0.078170 0.053386 0.053250 0.053710 0.053703 0.056622 0.054705 0.053465 0.054353 0.053152 
T_stage 0: 0.014752 0.012718 0.012676 0.012691 0.012682 0.012714 0.012690 0.012668 0.012730 0.012691 
T_stage 1: 0.063300 0.040543 0.040437 0.040919 0.040941 0.043834 0.041899 0.040748 0.041544 0.040432 
Config: granularity=100000, SDR=1000, ADR=0, Rigid=1, Capture_Method=0
Stage 0: PT=0, T_stage=0.012350, bytes=0, T_capped=0
Stage 1: PT=6, T_stage=0.000000, bytes=33176880, T_capped=0
Group 1: Iters=10, Procs=52, Factors=1.000000, Dist=2, RM=0, SM=0, RS=0, SS=5, parents=20, children=0
Async_Iters: 0
T_iter: 0.070339 0.060665 0.054136 0.053303 0.053813 0.057857 0.053602 0.054154 0.054210 0.054246 
T_stage 0: 0.013258 0.012802 0.013113 0.012680 0.012634 0.016091 0.012681 0.012626 0.012728 0.012679 
T_stage 1: 0.056935 0.047801 0.040928 0.040519 0.041103 0.041679 0.040813 0.041434 0.041331 0.041469 
Config: granularity=100000, SDR=1000, ADR=0, Rigid=1, Capture_Method=0
Stage 0: PT=0, T_stage=0.012350, bytes=0, T_capped=0
Stage 1: PT=6, T_stage=0.000000, bytes=33176880, T_capped=0
Group 1: Iters=10, Procs=52, Factors=1.000000, Dist=2, RM=0, SM=0, RS=0, SS=5, parents=20, children=0
Async_Iters: 0
T_iter: 0.075984 0.063108 0.061531 0.062163 0.065288 0.062387 0.061989 0.062545 0.061977 0.062694 
T_stage 0: 0.012690 0.012839 0.012734 0.012725 0.012649 0.012768 0.012675 0.013010 0.012942 0.012663 
T_stage 1: 0.063201 0.050145 0.048701 0.049321 0.052499 0.049533 0.049193 0.049425 0.048998 0.049963 
Config: granularity=100000, SDR=1000, ADR=0, Rigid=1, Capture_Method=0
Stage 0: PT=0, T_stage=0.012350, bytes=0, T_capped=0
Stage 1: PT=6, T_stage=0.000000, bytes=33176880, T_capped=0
Group 1: Iters=10, Procs=52, Factors=1.000000, Dist=2, RM=0, SM=0, RS=0, SS=5, parents=20, children=0
Async_Iters: 0
T_iter: 0.071119 0.058765 0.059058 0.064464 0.068979 0.059616 0.067390 0.056584 0.055987 0.052834 
T_stage 0: 0.013054 0.013450 0.012663 0.012776 0.012707 0.012705 0.012959 0.012703 0.012737 0.012679 
T_stage 1: 0.057991 0.045254 0.046219 0.051661 0.056234 0.046802 0.054360 0.043732 0.043116 0.040074 
Config: granularity=100000, SDR=1000, ADR=0, Rigid=1, Capture_Method=0
Stage 0: PT=0, T_stage=0.012350, bytes=0, T_capped=0
Stage 1: PT=6, T_stage=0.000000, bytes=33176880, T_capped=0
Group 1: Iters=10, Procs=52, Factors=1.000000, Dist=2, RM=0, SM=0, RS=0, SS=5, parents=20, children=0
Async_Iters: 0
T_iter: 0.073668 0.057524 0.057614 0.057389 0.056919 0.061386 0.057451 0.057277 0.057441 0.058002 
T_stage 0: 0.013313 0.012768 0.012826 0.012709 0.012714 0.012967 0.012663 0.012661 0.012696 0.012673 
T_stage 1: 0.060256 0.044644 0.044705 0.044626 0.044107 0.048342 0.044677 0.044608 0.044653 0.045251 
Config: granularity=100000, SDR=1000, ADR=0, Rigid=1, Capture_Method=0
Stage 0: PT=0, T_stage=0.012350, bytes=0, T_capped=0
Stage 1: PT=6, T_stage=0.000000, bytes=33176880, T_capped=0
Group 1: Iters=10, Procs=52, Factors=1.000000, Dist=2, RM=0, SM=0, RS=0, SS=5, parents=20, children=0
Async_Iters: 0
T_iter: 0.080033 0.058255 0.056695 0.057088 0.059789 0.057059 0.056843 0.056453 0.056868 0.057124 
T_stage 0: 0.012638 0.012689 0.012650 0.013102 0.012655 0.012776 0.012669 0.012659 0.012668 0.012867 
T_stage 1: 0.067292 0.045472 0.043917 0.043875 0.046748 0.044186 0.044028 0.043702 0.044077 0.044180 
Config: granularity=100000, SDR=1000, ADR=0, Rigid=1, Capture_Method=0
Stage 0: PT=0, T_stage=0.012350, bytes=0, T_capped=0
Stage 1: PT=6, T_stage=0.000000, bytes=33176880, T_capped=0
Group 1: Iters=10, Procs=52, Factors=1.000000, Dist=2, RM=0, SM=0, RS=0, SS=5, parents=20, children=0
Async_Iters: 0
T_iter: 0.065436 0.053232 0.050440 0.050223 0.053129 0.049610 0.049627 0.049746 0.049713 0.049655 
T_stage 0: 0.013074 0.012659 0.013562 0.012691 0.012666 0.012678 0.012653 0.012874 0.012698 0.012700 
T_stage 1: 0.052233 0.040394 0.036772 0.037432 0.040343 0.036849 0.036914 0.036741 0.036953 0.036931 
Config: granularity=100000, SDR=1000, ADR=0, Rigid=1, Capture_Method=0
Stage 0: PT=0, T_stage=0.012350, bytes=0, T_capped=0
Stage 1: PT=6, T_stage=0.000000, bytes=33176880, T_capped=0
Group 1: Iters=10, Procs=52, Factors=1.000000, Dist=2, RM=0, SM=0, RS=0, SS=5, parents=20, children=0
Async_Iters: 0
T_iter: 0.089268 0.060576 0.057008 0.056579 0.057132 0.059773 0.056505 0.056979 0.057307 0.057240 
T_stage 0: 0.019506 0.012756 0.012717 0.012705 0.012716 0.013030 0.012715 0.012734 0.013011 0.013078 
T_stage 1: 0.069754 0.047714 0.044213 0.043759 0.044326 0.046606 0.043718 0.044155 0.044196 0.044151 
Config: granularity=100000, SDR=1000, ADR=0, Rigid=1, Capture_Method=0
Stage 0: PT=0, T_stage=0.012350, bytes=0, T_capped=0
Stage 1: PT=6, T_stage=0.000000, bytes=33176880, T_capped=0
Group 1: Iters=10, Procs=52, Factors=1.000000, Dist=2, RM=0, SM=0, RS=0, SS=5, parents=20, children=0
Async_Iters: 0
T_iter: 0.070273 0.065231 0.056093 0.056747 0.059340 0.056013 0.056188 0.057441 0.056821 0.056371 
T_stage 0: 0.012793 0.012687 0.012704 0.013158 0.012736 0.012711 0.012737 0.013738 0.013003 0.012693 
T_stage 1: 0.057345 0.052473 0.043258 0.043526 0.046477 0.043216 0.043397 0.043602 0.043701 0.043590 
Config: granularity=100000, SDR=1000, ADR=0, Rigid=1, Capture_Method=0
Stage 0: PT=0, T_stage=0.012350, bytes=0, T_capped=0
Stage 1: PT=6, T_stage=0.000000, bytes=33176880, T_capped=0
Group 1: Iters=10, Procs=52, Factors=1.000000, Dist=2, RM=0, SM=0, RS=0, SS=5, parents=20, children=0
Async_Iters: 0
T_iter: 0.075009 0.059645 0.065398 0.060423 0.063422 0.059285 0.058804 0.058323 0.059227 0.058888 
T_stage 0: 0.012659 0.013092 0.012699 0.013086 0.016540 0.012707 0.012689 0.012684 0.013032 0.012752 
T_stage 1: 0.062234 0.046466 0.052586 0.047310 0.046759 0.046543 0.046013 0.045597 0.046140 0.046038 
Config: granularity=100000, SDR=1000, ADR=0, Rigid=1, Capture_Method=0
Stage 0: PT=0, T_stage=0.012350, bytes=0, T_capped=0
Stage 1: PT=6, T_stage=0.000000, bytes=33176880, T_capped=0
Group 1: Iters=10, Procs=52, Factors=1.000000, Dist=2, RM=0, SM=0, RS=0, SS=5, parents=20, children=0
Async_Iters: 0
T_iter: 0.099112 0.062223 0.060732 0.064788 0.060837 0.061189 0.060702 0.060681 0.061639 0.060868 
T_stage 0: 0.019482 0.012975 0.012698 0.012735 0.012777 0.012741 0.012724 0.012767 0.012750 0.012965 
T_stage 1: 0.079512 0.049135 0.047911 0.051883 0.048014 0.048318 0.047857 0.047887 0.048708 0.047846 
Config: granularity=100000, SDR=1000, ADR=0, Rigid=1, Capture_Method=0
Stage 0: PT=0, T_stage=0.012350, bytes=0, T_capped=0
Stage 1: PT=6, T_stage=0.000000, bytes=33176880, T_capped=0
Group 1: Iters=10, Procs=52, Factors=1.000000, Dist=2, RM=0, SM=0, RS=0, SS=5, parents=20, children=0
Async_Iters: 0
T_iter: 0.077368 0.063244 0.052006 0.052535 0.053487 0.056142 0.052191 0.052648 0.052692 0.052432 
T_stage 0: 0.012735 0.012792 0.012716 0.012723 0.013150 0.012959 0.012695 0.012670 0.012667 0.012674 
T_stage 1: 0.064485 0.050332 0.039169 0.039693 0.040289 0.043124 0.039444 0.039840 0.039919 0.039667 
Config: granularity=100000, SDR=1000, ADR=0, Rigid=1, Capture_Method=0
Stage 0: PT=0, T_stage=0.012350, bytes=0, T_capped=0
Stage 1: PT=6, T_stage=0.000000, bytes=33176880, T_capped=0
Group 1: Iters=10, Procs=52, Factors=1.000000, Dist=2, RM=0, SM=0, RS=0, SS=5, parents=20, children=0
Async_Iters: 0
T_iter: 0.076953 0.066582 0.056680 0.056598 0.059521 0.056427 0.056749 0.056485 0.056802 0.057096 
T_stage 0: 0.015570 0.012650 0.012752 0.012686 0.012644 0.012671 0.012891 0.012747 0.012672 0.013103 
T_stage 1: 0.061269 0.053844 0.043828 0.043829 0.046790 0.043663 0.043735 0.043690 0.044010 0.043965 
Config: granularity=100000, SDR=1000, ADR=0, Rigid=1, Capture_Method=0
Stage 0: PT=0, T_stage=0.012350, bytes=0, T_capped=0
Stage 1: PT=6, T_stage=0.000000, bytes=33176880, T_capped=0
Group 1: Iters=10, Procs=52, Factors=1.000000, Dist=2, RM=0, SM=0, RS=0, SS=5, parents=20, children=0
Async_Iters: 0
T_iter: 0.089813 0.056692 0.054782 0.055428 0.059042 0.055399 0.055821 0.055387 0.054958 0.055624 
T_stage 0: 0.028527 0.013543 0.012671 0.012703 0.012698 0.012691 0.012692 0.012666 0.012675 0.012697 
T_stage 1: 0.061217 0.043240 0.042012 0.042636 0.046192 0.042611 0.043050 0.042648 0.042177 0.042835 
Config: granularity=100000, SDR=1000, ADR=0, Rigid=1, Capture_Method=0
Stage 0: PT=0, T_stage=0.012350, bytes=0, T_capped=0
Stage 1: PT=6, T_stage=0.000000, bytes=33176880, T_capped=0
Group 1: Iters=10, Procs=52, Factors=1.000000, Dist=2, RM=0, SM=0, RS=0, SS=5, parents=20, children=0
Async_Iters: 0
T_iter: 0.075056 0.058240 0.057995 0.058204 0.061754 0.058769 0.059663 0.060636 0.066563 0.061572 
T_stage 0: 0.013043 0.012677 0.013416 0.012683 0.013151 0.012962 0.012807 0.013031 0.012653 0.012910 
T_stage 1: 0.061843 0.045450 0.044511 0.045386 0.048512 0.045706 0.046742 0.047496 0.053748 0.048503 
Config: granularity=100000, SDR=1000, ADR=0, Rigid=1, Capture_Method=0
Stage 0: PT=0, T_stage=0.012350, bytes=0, T_capped=0
Stage 1: PT=6, T_stage=0.000000, bytes=33176880, T_capped=0
Group 1: Iters=10, Procs=52, Factors=1.000000, Dist=2, RM=0, SM=0, RS=0, SS=5, parents=20, children=0
Async_Iters: 0
T_iter: 0.070128 0.058909 0.057228 0.053740 0.058121 0.053446 0.054281 0.053670 0.053175 0.053756 
T_stage 0: 0.012707 0.013174 0.012687 0.012691 0.012720 0.012725 0.012770 0.012703 0.012677 0.012736 
T_stage 1: 0.057295 0.045643 0.044394 0.041013 0.045337 0.040617 0.041385 0.040886 0.040411 0.040966 
