Config: granularity=100000, SDR=1000, ADR=0, Rigid=1, Capture_Method=0
Stage 0: PT=0, T_stage=0.012350, bytes=0, T_capped=0
Stage 1: PT=6, T_stage=0.000000, bytes=33176880, T_capped=0
Group 1: Iters=10, Procs=52, Factors=1.000000, Dist=2, RM=0, SM=0, RS=0, SS=5, parents=104, children=0
Async_Iters: 0
T_iter: 0.079787 0.061092 0.060831 0.063257 0.071454 0.061043 0.061002 0.060778 0.060780 0.060773 
T_stage 0: 0.012761 0.013245 0.012799 0.012724 0.012799 0.012777 0.013021 0.012764 0.012779 0.012857 
T_stage 1: 0.066944 0.047756 0.047929 0.050470 0.058600 0.048197 0.048234 0.047959 0.048010 0.047968 
Config: granularity=100000, SDR=1000, ADR=0, Rigid=1, Capture_Method=0
Stage 0: PT=0, T_stage=0.012350, bytes=0, T_capped=0
Stage 1: PT=6, T_stage=0.000000, bytes=33176880, T_capped=0
Group 1: Iters=10, Procs=52, Factors=1.000000, Dist=2, RM=0, SM=0, RS=0, SS=5, parents=104, children=0
Async_Iters: 0
T_iter: 0.083940 0.059189 0.060753 0.062131 0.063650 0.055755 0.070869 0.055492 0.054776 0.054660 
T_stage 0: 0.013196 0.013695 0.012984 0.012917 0.013068 0.013231 0.028345 0.013039 0.012845 0.012795 
T_stage 1: 0.070613 0.045391 0.047699 0.049122 0.050563 0.042504 0.042442 0.042386 0.041933 0.041831 
Config: granularity=100000, SDR=1000, ADR=0, Rigid=1, Capture_Method=0
Stage 0: PT=0, T_stage=0.012350, bytes=0, T_capped=0
Stage 1: PT=6, T_stage=0.000000, bytes=33176880, T_capped=0
Group 1: Iters=10, Procs=52, Factors=1.000000, Dist=2, RM=0, SM=0, RS=0, SS=5, parents=104, children=0
Async_Iters: 0
T_iter: 0.077993 0.075105 0.059303 0.058117 0.069913 0.058896 0.057800 0.057507 0.057816 0.057835 
T_stage 0: 0.012728 0.012737 0.014081 0.013145 0.012910 0.014050 0.012782 0.012879 0.012802 0.013034 
T_stage 1: 0.065215 0.062221 0.045159 0.044882 0.056905 0.044655 0.044987 0.044533 0.044987 0.044702 
Config: granularity=100000, SDR=1000, ADR=0, Rigid=1, Capture_Method=0
Stage 0: PT=0, T_stage=0.012350, bytes=0, T_capped=0
Stage 1: PT=6, T_stage=0.000000, bytes=33176880, T_capped=0
Group 1: Iters=10, Procs=52, Factors=1.000000, Dist=2, RM=0, SM=0, RS=0, SS=5, parents=104, children=0
Async_Iters: 0
T_iter: 0.088641 0.063203 0.063719 0.076059 0.061505 0.060174 0.060620 0.063084 0.060663 0.065212 
T_stage 0: 0.013635 0.013238 0.013156 0.012746 0.012927 0.012975 0.012992 0.012755 0.012999 0.012790 
T_stage 1: 0.074860 0.049833 0.050444 0.063167 0.048489 0.047110 0.047589 0.050294 0.047596 0.052390 
Config: granularity=100000, SDR=1000, ADR=0, Rigid=1, Capture_Method=0
Stage 0: PT=0, T_stage=0.012350, bytes=0, T_capped=0
Stage 1: PT=6, T_stage=0.000000, bytes=33176880, T_capped=0
Group 1: Iters=10, Procs=52, Factors=1.000000, Dist=2, RM=0, SM=0, RS=0, SS=5, parents=104, children=0
Async_Iters: 0
T_iter: 0.091038 0.054169 0.050376 0.050390 0.058401 0.055221 0.051544 0.050669 0.051211 0.050633 
T_stage 0: 0.012715 0.013220 0.013160 0.013236 0.012709 0.017225 0.013093 0.012735 0.013048 0.012729 
T_stage 1: 0.078232 0.040873 0.037144 0.037101 0.045572 0.037867 0.038411 0.037872 0.038089 0.037815 
Config: granularity=100000, SDR=1000, ADR=0, Rigid=1, Capture_Method=0
Stage 0: PT=0, T_stage=0.012350, bytes=0, T_capped=0
Stage 1: PT=6, T_stage=0.000000, bytes=33176880, T_capped=0
Group 1: Iters=10, Procs=52, Factors=1.000000, Dist=2, RM=0, SM=0, RS=0, SS=5, parents=104, children=0
Async_Iters: 0
T_iter: 0.070079 0.057108 0.060126 0.054386 0.070352 0.068735 0.053289 0.052732 0.053226 0.052933 
T_stage 0: 0.012717 0.013167 0.013067 0.014501 0.012750 0.027108 0.012960 0.012794 0.013075 0.012758 
T_stage 1: 0.057277 0.043803 0.047005 0.041115 0.057504 0.041637 0.040178 0.039886 0.040083 0.040127 
Config: granularity=100000, SDR=1000, ADR=0, Rigid=1, Capture_Method=0
Stage 0: PT=0, T_stage=0.012350, bytes=0, T_capped=0
Stage 1: PT=6, T_stage=0.000000, bytes=33176880, T_capped=0
Group 1: Iters=10, Procs=52, Factors=1.000000, Dist=2, RM=0, SM=0, RS=0, SS=5, parents=104, children=0
Async_Iters: 0
T_iter: 0.086693 0.071941 0.071884 0.082160 0.078625 0.093367 0.076480 0.080839 0.068612 0.086559 
T_stage 0: 0.012682 0.013479 0.012962 0.014379 0.012989 0.027062 0.012744 0.012986 0.012857 0.012790 
T_stage 1: 0.073905 0.058357 0.058785 0.069052 0.065556 0.066377 0.063621 0.067744 0.055725 0.073677 
Config: granularity=100000, SDR=1000, ADR=0, Rigid=1, Capture_Method=0
Stage 0: PT=0, T_stage=0.012350, bytes=0, T_capped=0
Stage 1: PT=6, T_stage=0.000000, bytes=33176880, T_capped=0
Group 1: Iters=10, Procs=52, Factors=1.000000, Dist=2, RM=0, SM=0, RS=0, SS=5, parents=104, children=0
Async_Iters: 0
T_iter: 0.081832 0.056440 0.056408 0.055687 0.062099 0.062622 0.055210 0.055323 0.055189 0.054611 
T_stage 0: 0.013956 0.012807 0.014193 0.012868 0.013034 0.019970 0.012994 0.013013 0.012954 0.012945 
T_stage 1: 0.067803 0.043563 0.042191 0.042763 0.048958 0.042513 0.042116 0.042234 0.042183 0.041569 
Config: granularity=100000, SDR=1000, ADR=0, Rigid=1, Capture_Method=0
Stage 0: PT=0, T_stage=0.012350, bytes=0, T_capped=0
Stage 1: PT=6, T_stage=0.000000, bytes=33176880, T_capped=0
Group 1: Iters=10, Procs=52, Factors=1.000000, Dist=2, RM=0, SM=0, RS=0, SS=5, parents=104, children=0
Async_Iters: 0
T_iter: 0.087269 0.077936 0.062008 0.072373 0.065955 0.055843 0.058902 0.066940 0.066894 0.067379 
T_stage 0: 0.016628 0.013327 0.012949 0.012706 0.013205 0.013058 0.012786 0.012730 0.012735 0.012724 
T_stage 1: 0.070528 0.064557 0.048913 0.059628 0.052730 0.042695 0.046088 0.054162 0.054084 0.054610 
Config: granularity=100000, SDR=1000, ADR=0, Rigid=1, Capture_Method=0
Stage 0: PT=0, T_stage=0.012350, bytes=0, T_capped=0
Stage 1: PT=6, T_stage=0.000000, bytes=33176880, T_capped=0
Group 1: Iters=10, Procs=52, Factors=1.000000, Dist=2, RM=0, SM=0, RS=0, SS=5, parents=104, children=0
Async_Iters: 0
T_iter: 0.080483 0.059873 0.064564 0.059402 0.068872 0.059675 0.059265 0.058935 0.066128 0.065883 
T_stage 0: 0.014522 0.013418 0.012870 0.013223 0.017675 0.012968 0.012944 0.013019 0.012728 0.014231 
T_stage 1: 0.065872 0.046359 0.051653 0.046124 0.051156 0.046641 0.046165 0.045815 0.053360 0.053086 
Config: granularity=100000, SDR=1000, ADR=0, Rigid=1, Capture_Method=0
Stage 0: PT=0, T_stage=0.012350, bytes=0, T_capped=0
Stage 1: PT=6, T_stage=0.000000, bytes=33176880, T_capped=0
Group 1: Iters=10, Procs=52, Factors=1.000000, Dist=2, RM=0, SM=0, RS=0, SS=5, parents=104, children=0
Async_Iters: 0
T_iter: 0.132361 0.065889 0.078835 0.070571 0.073071 0.067414 0.068132 0.067610 0.067819 0.068165 
T_stage 0: 0.032802 0.013084 0.012930 0.015864 0.020040 0.012757 0.012794 0.012752 0.012911 0.012972 
T_stage 1: 0.103692 0.052754 0.065848 0.054613 0.052998 0.054565 0.055273 0.054791 0.054878 0.055117 
Config: granularity=100000, SDR=1000, ADR=0, Rigid=1, Capture_Method=0
Stage 0: PT=0, T_stage=0.012350, bytes=0, T_capped=0
Stage 1: PT=6, T_stage=0.000000, bytes=33176880, T_capped=0
Group 1: Iters=10, Procs=52, Factors=1.000000, Dist=2, RM=0, SM=0, RS=0, SS=5, parents=104, children=0
Async_Iters: 0
T_iter: 0.077716 0.077856 0.057150 0.072021 0.065548 0.057550 0.058016 0.064263 0.060545 0.057330 
T_stage 0: 0.012777 0.013400 0.012733 0.012860 0.021658 0.012990 0.013081 0.012818 0.015303 0.012756 
T_stage 1: 0.064831 0.064344 0.044254 0.059032 0.046988 0.044574 0.044809 0.051437 0.045169 0.044580 
Config: granularity=100000, SDR=1000, ADR=0, Rigid=1, Capture_Method=0
Stage 0: PT=0, T_stage=0.012350, bytes=0, T_capped=0
Stage 1: PT=6, T_stage=0.000000, bytes=33176880, T_capped=0
Group 1: Iters=10, Procs=52, Factors=1.000000, Dist=2, RM=0, SM=0, RS=0, SS=5, parents=104, children=0
Async_Iters: 0
T_iter: 0.078501 0.056351 0.054560 0.055744 0.054598 0.060974 0.055621 0.054882 0.055300 0.055213 
T_stage 0: 0.012725 0.013869 0.012795 0.013160 0.012785 0.018049 0.013014 0.012708 0.012888 0.012747 
T_stage 1: 0.065668 0.042971 0.041671 0.042489 0.041783 0.042891 0.042510 0.042048 0.042372 0.042336 
Config: granularity=100000, SDR=1000, ADR=0, Rigid=1, Capture_Method=0
Stage 0: PT=0, T_stage=0.012350, bytes=0, T_capped=0
Stage 1: PT=6, T_stage=0.000000, bytes=33176880, T_capped=0
Group 1: Iters=10, Procs=52, Factors=1.000000, Dist=2, RM=0, SM=0, RS=0, SS=5, parents=104, children=0
Async_Iters: 0
T_iter: 0.082806 0.061480 0.055450 0.052967 0.062189 0.065959 0.053150 0.052952 0.052521 0.053439 
T_stage 0: 0.012739 0.013234 0.012722 0.012986 0.012776 0.025631 0.013082 0.012986 0.012755 0.013102 
T_stage 1: 0.069971 0.048175 0.042688 0.039896 0.049410 0.040309 0.039951 0.039904 0.039701 0.040323 
Config: granularity=100000, SDR=1000, ADR=0, Rigid=1, Capture_Method=0
Stage 0: PT=0, T_stage=0.012350, bytes=0, T_capped=0
Stage 1: PT=6, T_stage=0.000000, bytes=33176880, T_capped=0
Group 1: Iters=10, Procs=52, Factors=1.000000, Dist=2, RM=0, SM=0, RS=0, SS=5, parents=104, children=0
Async_Iters: 0
T_iter: 0.081394 0.064165 0.060031 0.060065 0.071704 0.060252 0.060477 0.064582 0.060498 0.060468 
T_stage 0: 0.012912 0.012989 0.012817 0.012718 0.017016 0.012811 0.013148 0.013012 0.013098 0.012802 
T_stage 1: 0.068314 0.051093 0.047122 0.047312 0.054639 0.047325 0.047407 0.051489 0.047336 0.047591 
Config: granularity=100000, SDR=1000, ADR=0, Rigid=1, Capture_Method=0
Stage 0: PT=0, T_stage=0.012350, bytes=0, T_capped=0
Stage 1: PT=6, T_stage=0.000000, bytes=33176880, T_capped=0
Group 1: Iters=10, Procs=52, Factors=1.000000, Dist=2, RM=0, SM=0, RS=0, SS=5, parents=104, children=0
Async_Iters: 0
T_iter: 0.093600 0.064006 0.057239 0.061834 0.055439 0.062136 0.056210 0.057267 0.056420 0.071035 
T_stage 0: 0.017582 0.013014 0.012738 0.013055 0.012766 0.013072 0.012741 0.013175 0.012746 0.027762 
T_stage 1: 0.075976 0.051057 0.044433 0.048755 0.042607 0.049000 0.043384 0.043975 0.043615 0.043280 
Config: granularity=100000, SDR=1000, ADR=0, Rigid=1, Capture_Method=0
Stage 0: PT=0, T_stage=0.012350, bytes=0, T_capped=0
Stage 1: PT=6, T_stage=0.000000, bytes=33176880, T_capped=0
Group 1: Iters=10, Procs=52, Factors=1.000000, Dist=2, RM=0, SM=0, RS=0, SS=5, parents=104, children=0
Async_Iters: 0
T_iter: 0.088675 0.059678 0.058453 0.058130 0.071867 0.065050 0.057772 0.057800 0.057608 0.058114 
T_stage 0: 0.012840 0.013256 0.013129 0.012738 0.019393 0.012980 0.012956 0.012796 0.012748 0.013032 
T_stage 1: 0.075699 0.046257 0.045276 0.045314 0.052403 0.051949 0.044685 0.044917 0.044723 0.045029 
Config: granularity=100000, SDR=1000, ADR=0, Rigid=1, Capture_Method=0
Stage 0: PT=0, T_stage=0.012350, bytes=0, T_capped=0
Stage 1: PT=6, T_stage=0.000000, bytes=33176880, T_capped=0
Group 1: Iters=10, Procs=52, Factors=1.000000, Dist=2, RM=0, SM=0, RS=0, SS=5, parents=104, children=0
Async_Iters: 0
T_iter: 0.079061 0.058171 0.059623 0.057601 0.064893 0.066008 0.057681 0.057723 0.057759 0.058270 
T_stage 0: 0.013655 0.013118 0.013240 0.012760 0.013065 0.013111 0.012767 0.012991 0.012802 0.012746 
T_stage 1: 0.065289 0.045039 0.045786 0.044763 0.051808 0.052838 0.044818 0.044705 0.044909 0.045425 
Config: granularity=100000, SDR=1000, ADR=0, Rigid=1, Capture_Method=0
Stage 0: PT=0, T_stage=0.012350, bytes=0, T_capped=0
Stage 1: PT=6, T_stage=0.000000, bytes=33176880, T_capped=0
Group 1: Iters=10, Procs=52, Factors=1.000000, Dist=2, RM=0, SM=0, RS=0, SS=5, parents=104, children=0
Async_Iters: 0
T_iter: 0.076223 0.060260 0.060999 0.068953 0.066862 0.060081 0.059922 0.059609 0.059330 0.059482 
T_stage 0: 0.012718 0.013185 0.013752 0.014197 0.013089 0.013320 0.012795 0.013096 0.012747 0.012812 
T_stage 1: 0.063458 0.046946 0.047149 0.056167 0.053691 0.046702 0.047017 0.046432 0.046576 0.046550 
Config: granularity=100000, SDR=1000, ADR=0, Rigid=1, Capture_Method=0
Stage 0: PT=0, T_stage=0.012350, bytes=0, T_capped=0
Stage 1: PT=6, T_stage=0.000000, bytes=33176880, T_capped=0
Group 1: Iters=10, Procs=52, Factors=1.000000, Dist=2, RM=0, SM=0, RS=0, SS=5, parents=104, children=0
Async_Iters: 0
T_iter: 0.081466 0.060799 0.060327 0.066999 0.067384 0.060036 0.069213 0.060019 0.060342 0.060242 
T_stage 0: 0.016575 0.012857 0.012791 0.013107 0.019739 0.012825 0.021872 0.012771 0.012739 0.013012 
T_stage 1: 0.064831 0.047858 0.047516 0.053811 0.047609 0.047089 0.047196 0.047223 0.047543 0.047146 
