Config loaded: R=1, S=2, granularity=100000, SDR=1000, ADR=0, Rigid=1, Capture_Method=0
Stage 0: PT=0, T_stage=0.012350, bytes=0, T_capped=0
Stage 1: PT=6, T_stage=0.000000, bytes=33176880, T_capped=0
Group 0: Iters=5, Procs=156, Factors=1.000000, Dist=2, RM=0, SM=0, RS=0, SS=0
Group 1: Iters=10, Procs=52, Factors=1.000000, Dist=2, RM=0, SM=0, RS=0, SS=5
T_spawn: 4.184928 
T_SR: 0.075951 
T_AR: 0.000000 
T_US: 0.191936 
T_Malleability: 4.827279 
T_total: 6.104657
Config loaded: R=1, S=2, granularity=100000, SDR=1000, ADR=0, Rigid=1, Capture_Method=0
Stage 0: PT=0, T_stage=0.012350, bytes=0, T_capped=0
Stage 1: PT=6, T_stage=0.000000, bytes=33176880, T_capped=0
Group 0: Iters=5, Procs=156, Factors=1.000000, Dist=2, RM=0, SM=0, RS=0, SS=0
Group 1: Iters=10, Procs=52, Factors=1.000000, Dist=2, RM=0, SM=0, RS=0, SS=5
T_spawn: 3.723563 
T_SR: 0.058178 
T_AR: 0.000000 
T_US: 0.277934 
T_Malleability: 4.427563 
T_total: 5.635321
Config loaded: R=1, S=2, granularity=100000, SDR=1000, ADR=0, Rigid=1, Capture_Method=0
Stage 0: PT=0, T_stage=0.012350, bytes=0, T_capped=0
Stage 1: PT=6, T_stage=0.000000, bytes=33176880, T_capped=0
Group 0: Iters=5, Procs=156, Factors=1.000000, Dist=2, RM=0, SM=0, RS=0, SS=0
Group 1: Iters=10, Procs=52, Factors=1.000000, Dist=2, RM=0, SM=0, RS=0, SS=5
T_spawn: 4.251839 
T_SR: 0.119936 
T_AR: 0.000000 
T_US: 0.241461 
T_Malleability: 4.893823 
T_total: 6.091978
Config loaded: R=1, S=2, granularity=100000, SDR=1000, ADR=0, Rigid=1, Capture_Method=0
Stage 0: PT=0, T_stage=0.012350, bytes=0, T_capped=0
Stage 1: PT=6, T_stage=0.000000, bytes=33176880, T_capped=0
Group 0: Iters=5, Procs=156, Factors=1.000000, Dist=2, RM=0, SM=0, RS=0, SS=0
Group 1: Iters=10, Procs=52, Factors=1.000000, Dist=2, RM=0, SM=0, RS=0, SS=5
T_spawn: 4.071967 
T_SR: 0.075976 
T_AR: 0.000000 
T_US: 0.189582 
T_Malleability: 4.661940 
T_total: 5.957192
Config loaded: R=1, S=2, granularity=100000, SDR=1000, ADR=0, Rigid=1, Capture_Method=0
Stage 0: PT=0, T_stage=0.012350, bytes=0, T_capped=0
Stage 1: PT=6, T_stage=0.000000, bytes=33176880, T_capped=0
Group 0: Iters=5, Procs=156, Factors=1.000000, Dist=2, RM=0, SM=0, RS=0, SS=0
Group 1: Iters=10, Procs=52, Factors=1.000000, Dist=2, RM=0, SM=0, RS=0, SS=5
T_spawn: 4.253263 
T_SR: 0.085815 
T_AR: 0.000000 
T_US: 0.248247 
T_Malleability: 4.920432 
T_total: 6.083344
Config loaded: R=1, S=2, granularity=100000, SDR=1000, ADR=0, Rigid=1, Capture_Method=0
Stage 0: PT=0, T_stage=0.012350, bytes=0, T_capped=0
Stage 1: PT=6, T_stage=0.000000, bytes=33176880, T_capped=0
Group 0: Iters=5, Procs=156, Factors=1.000000, Dist=2, RM=0, SM=0, RS=0, SS=0
Group 1: Iters=10, Procs=52, Factors=1.000000, Dist=2, RM=0, SM=0, RS=0, SS=5
T_spawn: 4.022335 
T_SR: 0.071998 
T_AR: 0.000000 
T_US: 0.247933 
T_Malleability: 4.620606 
T_total: 5.778531
Config loaded: R=1, S=2, granularity=100000, SDR=1000, ADR=0, Rigid=1, Capture_Method=0
Stage 0: PT=0, T_stage=0.012350, bytes=0, T_capped=0
Stage 1: PT=6, T_stage=0.000000, bytes=33176880, T_capped=0
Group 0: Iters=5, Procs=156, Factors=1.000000, Dist=2, RM=0, SM=0, RS=0, SS=0
Group 1: Iters=10, Procs=52, Factors=1.000000, Dist=2, RM=0, SM=0, RS=0, SS=5
T_spawn: 4.181356 
T_SR: 0.067804 
T_AR: 0.000000 
T_US: 0.275495 
T_Malleability: 4.865188 
T_total: 6.058776
Config loaded: R=1, S=2, granularity=100000, SDR=1000, ADR=0, Rigid=1, Capture_Method=0
Stage 0: PT=0, T_stage=0.012350, bytes=0, T_capped=0
Stage 1: PT=6, T_stage=0.000000, bytes=33176880, T_capped=0
Group 0: Iters=5, Procs=156, Factors=1.000000, Dist=2, RM=0, SM=0, RS=0, SS=0
Group 1: Iters=10, Procs=52, Factors=1.000000, Dist=2, RM=0, SM=0, RS=0, SS=5
T_spawn: 3.730268 
T_SR: 0.068222 
T_AR: 0.000000 
T_US: 0.256029 
T_Malleability: 4.332292 
T_total: 5.537504
Config loaded: R=1, S=2, granularity=100000, SDR=1000, ADR=0, Rigid=1, Capture_Method=0
Stage 0: PT=0, T_stage=0.012350, bytes=0, T_capped=0
Stage 1: PT=6, T_stage=0.000000, bytes=33176880, T_capped=0
Group 0: Iters=5, Procs=156, Factors=1.000000, Dist=2, RM=0, SM=0, RS=0, SS=0
Group 1: Iters=10, Procs=52, Factors=1.000000, Dist=2, RM=0, SM=0, RS=0, SS=5
T_spawn: 4.062277 
T_SR: 0.087986 
T_AR: 0.000000 
T_US: 0.219469 
T_Malleability: 4.703890 
T_total: 5.875073
Config loaded: R=1, S=2, granularity=100000, SDR=1000, ADR=0, Rigid=1, Capture_Method=0
Stage 0: PT=0, T_stage=0.012350, bytes=0, T_capped=0
Stage 1: PT=6, T_stage=0.000000, bytes=33176880, T_capped=0
Group 0: Iters=5, Procs=156, Factors=1.000000, Dist=2, RM=0, SM=0, RS=0, SS=0
Group 1: Iters=10, Procs=52, Factors=1.000000, Dist=2, RM=0, SM=0, RS=0, SS=5
T_spawn: 3.945383 
T_SR: 0.096052 
T_AR: 0.000000 
T_US: 0.244008 
T_Malleability: 4.672324 
T_total: 5.971744
Config loaded: R=1, S=2, granularity=100000, SDR=1000, ADR=0, Rigid=1, Capture_Method=0
Stage 0: PT=0, T_stage=0.012350, bytes=0, T_capped=0
Stage 1: PT=6, T_stage=0.000000, bytes=33176880, T_capped=0
Group 0: Iters=5, Procs=156, Factors=1.000000, Dist=2, RM=0, SM=0, RS=0, SS=0
Group 1: Iters=10, Procs=52, Factors=1.000000, Dist=2, RM=0, SM=0, RS=0, SS=5
T_spawn: 4.021449 
T_SR: 0.117062 
T_AR: 0.000000 
T_US: 0.269426 
T_Malleability: 4.710596 
T_total: 5.870208
Config loaded: R=1, S=2, granularity=100000, SDR=1000, ADR=0, Rigid=1, Capture_Method=0
Stage 0: PT=0, T_stage=0.012350, bytes=0, T_capped=0
Stage 1: PT=6, T_stage=0.000000, bytes=33176880, T_capped=0
Group 0: Iters=5, Procs=156, Factors=1.000000, Dist=2, RM=0, SM=0, RS=0, SS=0
Group 1: Iters=10, Procs=52, Factors=1.000000, Dist=2, RM=0, SM=0, RS=0, SS=5
T_spawn: 3.975096 
T_SR: 0.129867 
T_AR: 0.000000 
T_US: 0.216061 
T_Malleability: 4.634735 
T_total: 5.877263
Config loaded: R=1, S=2, granularity=100000, SDR=1000, ADR=0, Rigid=1, Capture_Method=0
Stage 0: PT=0, T_stage=0.012350, bytes=0, T_capped=0
Stage 1: PT=6, T_stage=0.000000, bytes=33176880, T_capped=0
Group 0: Iters=5, Procs=156, Factors=1.000000, Dist=2, RM=0, SM=0, RS=0, SS=0
Group 1: Iters=10, Procs=52, Factors=1.000000, Dist=2, RM=0, SM=0, RS=0, SS=5
T_spawn: 4.124859 
T_SR: 0.072060 
T_AR: 0.000000 
T_US: 0.190444 
T_Malleability: 4.779505 
T_total: 5.954916
Config loaded: R=1, S=2, granularity=100000, SDR=1000, ADR=0, Rigid=1, Capture_Method=0
Stage 0: PT=0, T_stage=0.012350, bytes=0, T_capped=0
Stage 1: PT=6, T_stage=0.000000, bytes=33176880, T_capped=0
Group 0: Iters=5, Procs=156, Factors=1.000000, Dist=2, RM=0, SM=0, RS=0, SS=0
Group 1: Iters=10, Procs=52, Factors=1.000000, Dist=2, RM=0, SM=0, RS=0, SS=5
T_spawn: 4.052964 
T_SR: 0.076017 
T_AR: 0.000000 
T_US: 0.220001 
T_Malleability: 4.685210 
T_total: 5.909459
Config loaded: R=1, S=2, granularity=100000, SDR=1000, ADR=0, Rigid=1, Capture_Method=0
Stage 0: PT=0, T_stage=0.012350, bytes=0, T_capped=0
Stage 1: PT=6, T_stage=0.000000, bytes=33176880, T_capped=0
Group 0: Iters=5, Procs=156, Factors=1.000000, Dist=2, RM=0, SM=0, RS=0, SS=0
Group 1: Iters=10, Procs=52, Factors=1.000000, Dist=2, RM=0, SM=0, RS=0, SS=5
T_spawn: 3.885467 
T_SR: 0.109614 
T_AR: 0.000000 
T_US: 0.219750 
T_Malleability: 4.535890 
T_total: 5.728691
Config loaded: R=1, S=2, granularity=100000, SDR=1000, ADR=0, Rigid=1, Capture_Method=0
Stage 0: PT=0, T_stage=0.012350, bytes=0, T_capped=0
Stage 1: PT=6, T_stage=0.000000, bytes=33176880, T_capped=0
Group 0: Iters=5, Procs=156, Factors=1.000000, Dist=2, RM=0, SM=0, RS=0, SS=0
Group 1: Iters=10, Procs=52, Factors=1.000000, Dist=2, RM=0, SM=0, RS=0, SS=5
T_spawn: 3.893802 
T_SR: 0.089987 
T_AR: 0.000000 
T_US: 0.179925 
T_Malleability: 4.459846 
T_total: 5.672781
Config loaded: R=1, S=2, granularity=100000, SDR=1000, ADR=0, Rigid=1, Capture_Method=0
Stage 0: PT=0, T_stage=0.012350, bytes=0, T_capped=0
Stage 1: PT=6, T_stage=0.000000, bytes=33176880, T_capped=0
Group 0: Iters=5, Procs=156, Factors=1.000000, Dist=2, RM=0, SM=0, RS=0, SS=0
Group 1: Iters=10, Procs=52, Factors=1.000000, Dist=2, RM=0, SM=0, RS=0, SS=5
T_spawn: 3.871834 
T_SR: 0.128006 
T_AR: 0.000000 
T_US: 0.259505 
T_Malleability: 4.550224 
T_total: 5.720270
Config loaded: R=1, S=2, granularity=100000, SDR=1000, ADR=0, Rigid=1, Capture_Method=0
Stage 0: PT=0, T_stage=0.012350, bytes=0, T_capped=0
Stage 1: PT=6, T_stage=0.000000, bytes=33176880, T_capped=0
Group 0: Iters=5, Procs=156, Factors=1.000000, Dist=2, RM=0, SM=0, RS=0, SS=0
Group 1: Iters=10, Procs=52, Factors=1.000000, Dist=2, RM=0, SM=0, RS=0, SS=5
T_spawn: 4.130186 
T_SR: 0.106103 
T_AR: 0.000000 
T_US: 0.211901 
T_Malleability: 4.734206 
T_total: 6.031238
Config loaded: R=1, S=2, granularity=100000, SDR=1000, ADR=0, Rigid=1, Capture_Method=0
Stage 0: PT=0, T_stage=0.012350, bytes=0, T_capped=0
Stage 1: PT=6, T_stage=0.000000, bytes=33176880, T_capped=0
Group 0: Iters=5, Procs=156, Factors=1.000000, Dist=2, RM=0, SM=0, RS=0, SS=0
Group 1: Iters=10, Procs=52, Factors=1.000000, Dist=2, RM=0, SM=0, RS=0, SS=5
T_spawn: 4.066167 
T_SR: 0.099987 
T_AR: 0.000000 
T_US: 0.244061 
T_Malleability: 4.654297 
T_total: 5.815251
Config loaded: R=1, S=2, granularity=100000, SDR=1000, ADR=0, Rigid=1, Capture_Method=0
Stage 0: PT=0, T_stage=0.012350, bytes=0, T_capped=0
Stage 1: PT=6, T_stage=0.000000, bytes=33176880, T_capped=0
Group 0: Iters=5, Procs=156, Factors=1.000000, Dist=2, RM=0, SM=0, RS=0, SS=0
Group 1: Iters=10, Procs=52, Factors=1.000000, Dist=2, RM=0, SM=0, RS=0, SS=5
T_spawn: 3.751996 
T_SR: 0.113990 
T_AR: 0.000000 
T_US: 0.243766 
T_Malleability: 4.411871 
T_total: 5.630718
