Config: granularity=100000, SDR=1000, ADR=0, Rigid=1, Capture_Method=0
Stage 0: PT=0, T_stage=0.012350, bytes=0, T_capped=0
Stage 1: PT=6, T_stage=0.000000, bytes=33176880, T_capped=0
Group 1: Iters=10, Procs=52, Factors=1.000000, Dist=2, RM=0, SM=0, RS=0, SS=5, parents=208, children=0
Async_Iters: 0
T_iter: 0.078877 0.059418 0.057902 0.057215 0.065765 0.063639 0.058726 0.056880 0.057854 0.061497 
T_stage 0: 0.012885 0.013046 0.014327 0.013156 0.013050 0.013145 0.013078 0.012729 0.012920 0.017385 
T_stage 1: 0.065950 0.046282 0.044671 0.043992 0.052629 0.050333 0.045592 0.044044 0.044809 0.044061 
Config: granularity=100000, SDR=1000, ADR=0, Rigid=1, Capture_Method=0
Stage 0: PT=0, T_stage=0.012350, bytes=0, T_capped=0
Stage 1: PT=6, T_stage=0.000000, bytes=33176880, T_capped=0
Group 1: Iters=10, Procs=52, Factors=1.000000, Dist=2, RM=0, SM=0, RS=0, SS=5, parents=208, children=0
Async_Iters: 0
T_iter: 0.087369 0.064456 0.071286 0.058391 0.066343 0.057649 0.059312 0.057939 0.057812 0.057952 
T_stage 0: 0.017957 0.013174 0.012770 0.012933 0.017804 0.013013 0.013044 0.012976 0.012923 0.012766 
T_stage 1: 0.069368 0.050965 0.058429 0.045361 0.048732 0.044583 0.046241 0.044897 0.044794 0.045100 
Config: granularity=100000, SDR=1000, ADR=0, Rigid=1, Capture_Method=0
Stage 0: PT=0, T_stage=0.012350, bytes=0, T_capped=0
Stage 1: PT=6, T_stage=0.000000, bytes=33176880, T_capped=0
Group 1: Iters=10, Procs=52, Factors=1.000000, Dist=2, RM=0, SM=0, RS=0, SS=5, parents=208, children=0
Async_Iters: 0
T_iter: 0.072761 0.059650 0.059374 0.058563 0.063451 0.062507 0.058917 0.059432 0.059303 0.059342 
T_stage 0: 0.013161 0.013044 0.013717 0.012999 0.013067 0.015966 0.012951 0.012895 0.012972 0.012782 
T_stage 1: 0.059462 0.046447 0.045523 0.045515 0.050296 0.046470 0.045873 0.046441 0.046265 0.046519 
Config: granularity=100000, SDR=1000, ADR=0, Rigid=1, Capture_Method=0
Stage 0: PT=0, T_stage=0.012350, bytes=0, T_capped=0
Stage 1: PT=6, T_stage=0.000000, bytes=33176880, T_capped=0
Group 1: Iters=10, Procs=52, Factors=1.000000, Dist=2, RM=0, SM=0, RS=0, SS=5, parents=208, children=0
Async_Iters: 0
T_iter: 0.090512 0.061248 0.064761 0.062543 0.065096 0.058321 0.058322 0.058557 0.057907 0.058161 
T_stage 0: 0.028857 0.013714 0.012710 0.013067 0.018815 0.013170 0.013015 0.013082 0.012725 0.012723 
T_stage 1: 0.061570 0.047464 0.051969 0.049399 0.046219 0.045116 0.045196 0.045394 0.045059 0.045365 
Config: granularity=100000, SDR=1000, ADR=0, Rigid=1, Capture_Method=0
Stage 0: PT=0, T_stage=0.012350, bytes=0, T_capped=0
Stage 1: PT=6, T_stage=0.000000, bytes=33176880, T_capped=0
Group 1: Iters=10, Procs=52, Factors=1.000000, Dist=2, RM=0, SM=0, RS=0, SS=5, parents=208, children=0
Async_Iters: 0
T_iter: 0.081913 0.054658 0.059258 0.071065 0.053650 0.058037 0.054186 0.054770 0.054220 0.053741 
T_stage 0: 0.022357 0.013029 0.013288 0.013056 0.013014 0.012975 0.013049 0.013128 0.012948 0.012796 
T_stage 1: 0.061211 0.041498 0.045877 0.057992 0.040544 0.044857 0.041031 0.041567 0.041138 0.040864 
Config: granularity=100000, SDR=1000, ADR=0, Rigid=1, Capture_Method=0
Stage 0: PT=0, T_stage=0.012350, bytes=0, T_capped=0
Stage 1: PT=6, T_stage=0.000000, bytes=33176880, T_capped=0
Group 1: Iters=10, Procs=52, Factors=1.000000, Dist=2, RM=0, SM=0, RS=0, SS=5, parents=208, children=0
Async_Iters: 0
T_iter: 0.078167 0.078013 0.061005 0.066747 0.067667 0.061429 0.061668 0.060763 0.060343 0.060903 
T_stage 0: 0.013582 0.013034 0.012714 0.012775 0.012878 0.013181 0.012914 0.012891 0.012741 0.012699 
T_stage 1: 0.064527 0.064887 0.048159 0.053953 0.054675 0.048263 0.048660 0.047826 0.047549 0.048122 
Config: granularity=100000, SDR=1000, ADR=0, Rigid=1, Capture_Method=0
Stage 0: PT=0, T_stage=0.012350, bytes=0, T_capped=0
Stage 1: PT=6, T_stage=0.000000, bytes=33176880, T_capped=0
Group 1: Iters=10, Procs=52, Factors=1.000000, Dist=2, RM=0, SM=0, RS=0, SS=5, parents=208, children=0
Async_Iters: 0
T_iter: 0.078674 0.061991 0.060667 0.059279 0.066487 0.066544 0.060593 0.060210 0.060227 0.060086 
T_stage 0: 0.016589 0.012713 0.013164 0.012743 0.013067 0.019564 0.012933 0.012897 0.012708 0.012690 
T_stage 1: 0.062030 0.049176 0.047434 0.046466 0.052412 0.047103 0.047548 0.047255 0.047429 0.047297 
Config: granularity=100000, SDR=1000, ADR=0, Rigid=1, Capture_Method=0
Stage 0: PT=0, T_stage=0.012350, bytes=0, T_capped=0
Stage 1: PT=6, T_stage=0.000000, bytes=33176880, T_capped=0
Group 1: Iters=10, Procs=52, Factors=1.000000, Dist=2, RM=0, SM=0, RS=0, SS=5, parents=208, children=0
Async_Iters: 0
T_iter: 0.089582 0.061279 0.063265 0.067561 0.060292 0.066416 0.060425 0.060799 0.060880 0.060715 
T_stage 0: 0.012859 0.013230 0.012989 0.013526 0.012691 0.018319 0.012984 0.012913 0.012708 0.012656 
T_stage 1: 0.076614 0.047993 0.050229 0.053981 0.047527 0.047989 0.047376 0.047786 0.048113 0.047922 
Config: granularity=100000, SDR=1000, ADR=0, Rigid=1, Capture_Method=0
Stage 0: PT=0, T_stage=0.012350, bytes=0, T_capped=0
Stage 1: PT=6, T_stage=0.000000, bytes=33176880, T_capped=0
Group 1: Iters=10, Procs=52, Factors=1.000000, Dist=2, RM=0, SM=0, RS=0, SS=5, parents=208, children=0
Async_Iters: 0
T_iter: 0.100344 0.066763 0.061972 0.070054 0.060704 0.061043 0.061093 0.061368 0.061059 0.060884 
T_stage 0: 0.028709 0.013391 0.013187 0.013107 0.012702 0.012997 0.012941 0.013038 0.012998 0.012676 
T_stage 1: 0.071316 0.053319 0.048673 0.056878 0.047936 0.048023 0.048136 0.048261 0.048036 0.048122 
Config: granularity=100000, SDR=1000, ADR=0, Rigid=1, Capture_Method=0
Stage 0: PT=0, T_stage=0.012350, bytes=0, T_capped=0
Stage 1: PT=6, T_stage=0.000000, bytes=33176880, T_capped=0
Group 1: Iters=10, Procs=52, Factors=1.000000, Dist=2, RM=0, SM=0, RS=0, SS=5, parents=208, children=0
Async_Iters: 0
T_iter: 0.077713 0.061039 0.059787 0.060013 0.066761 0.060088 0.060035 0.059500 0.059630 0.059657 
T_stage 0: 0.012947 0.012956 0.012683 0.013056 0.019273 0.013040 0.013027 0.012720 0.012713 0.012700 
T_stage 1: 0.064731 0.047980 0.047011 0.046909 0.047450 0.046993 0.046922 0.046688 0.046842 0.046879 
Config: granularity=100000, SDR=1000, ADR=0, Rigid=1, Capture_Method=0
Stage 0: PT=0, T_stage=0.012350, bytes=0, T_capped=0
Stage 1: PT=6, T_stage=0.000000, bytes=33176880, T_capped=0
Group 1: Iters=10, Procs=52, Factors=1.000000, Dist=2, RM=0, SM=0, RS=0, SS=5, parents=208, children=0
Async_Iters: 0
T_iter: 0.083751 0.059429 0.059066 0.064068 0.062147 0.059182 0.059762 0.059482 0.059608 0.059419 
T_stage 0: 0.013129 0.012942 0.013369 0.012961 0.013058 0.012917 0.013073 0.013076 0.013000 0.012677 
T_stage 1: 0.070497 0.046420 0.045619 0.051008 0.049011 0.046223 0.046648 0.046385 0.046559 0.046627 
Config: granularity=100000, SDR=1000, ADR=0, Rigid=1, Capture_Method=0
Stage 0: PT=0, T_stage=0.012350, bytes=0, T_capped=0
Stage 1: PT=6, T_stage=0.000000, bytes=33176880, T_capped=0
Group 1: Iters=10, Procs=52, Factors=1.000000, Dist=2, RM=0, SM=0, RS=0, SS=5, parents=208, children=0
Async_Iters: 0
T_iter: 0.086148 0.065140 0.065599 0.066918 0.079411 0.066629 0.066248 0.066468 0.067134 0.066483 
T_stage 0: 0.018503 0.012808 0.013816 0.013093 0.020628 0.012674 0.012765 0.012741 0.012728 0.012705 
T_stage 1: 0.067562 0.052197 0.051630 0.053702 0.066200 0.053827 0.053412 0.053638 0.054353 0.053676 
Config: granularity=100000, SDR=1000, ADR=0, Rigid=1, Capture_Method=0
Stage 0: PT=0, T_stage=0.012350, bytes=0, T_capped=0
Stage 1: PT=6, T_stage=0.000000, bytes=33176880, T_capped=0
Group 1: Iters=10, Procs=52, Factors=1.000000, Dist=2, RM=0, SM=0, RS=0, SS=5, parents=208, children=0
Async_Iters: 0
T_iter: 0.104679 0.059466 0.060507 0.058826 0.069033 0.059599 0.058745 0.056865 0.059911 0.058949 
T_stage 0: 0.012824 0.012728 0.013140 0.012690 0.015977 0.012841 0.012820 0.012725 0.012792 0.012887 
T_stage 1: 0.091750 0.046613 0.047325 0.046048 0.052968 0.046636 0.045834 0.044048 0.047038 0.045968 
Config: granularity=100000, SDR=1000, ADR=0, Rigid=1, Capture_Method=0
Stage 0: PT=0, T_stage=0.012350, bytes=0, T_capped=0
Stage 1: PT=6, T_stage=0.000000, bytes=33176880, T_capped=0
Group 1: Iters=10, Procs=52, Factors=1.000000, Dist=2, RM=0, SM=0, RS=0, SS=5, parents=208, children=0
Async_Iters: 0
T_iter: 0.073039 0.062076 0.065650 0.064048 0.064178 0.071345 0.063012 0.063216 0.069234 0.063761 
T_stage 0: 0.014026 0.012766 0.016779 0.013189 0.013041 0.016532 0.012923 0.012940 0.013478 0.012725 
T_stage 1: 0.058886 0.049246 0.048983 0.050802 0.051011 0.054724 0.050025 0.050245 0.055688 0.050943 
Config: granularity=100000, SDR=1000, ADR=0, Rigid=1, Capture_Method=0
Stage 0: PT=0, T_stage=0.012350, bytes=0, T_capped=0
Stage 1: PT=6, T_stage=0.000000, bytes=33176880, T_capped=0
Group 1: Iters=10, Procs=52, Factors=1.000000, Dist=2, RM=0, SM=0, RS=0, SS=5, parents=208, children=0
Async_Iters: 0
T_iter: 0.085570 0.060654 0.066967 0.064190 0.060793 0.066333 0.060409 0.060718 0.059707 0.060325 
T_stage 0: 0.012789 0.013528 0.016066 0.013152 0.013123 0.018915 0.012738 0.012729 0.013016 0.012949 
T_stage 1: 0.072745 0.047033 0.050829 0.050943 0.047575 0.047326 0.047608 0.047892 0.046616 0.047210 
Config: granularity=100000, SDR=1000, ADR=0, Rigid=1, Capture_Method=0
Stage 0: PT=0, T_stage=0.012350, bytes=0, T_capped=0
Stage 1: PT=6, T_stage=0.000000, bytes=33176880, T_capped=0
Group 1: Iters=10, Procs=52, Factors=1.000000, Dist=2, RM=0, SM=0, RS=0, SS=5, parents=208, children=0
Async_Iters: 0
T_iter: 0.077044 0.062736 0.060227 0.060162 0.072597 0.067958 0.059572 0.059827 0.060388 0.059615 
T_stage 0: 0.012832 0.013120 0.013022 0.013135 0.018244 0.013049 0.012822 0.013019 0.013148 0.012738 
T_stage 1: 0.064173 0.049503 0.047108 0.046877 0.054300 0.054831 0.046703 0.046660 0.047223 0.046802 
Config: granularity=100000, SDR=1000, ADR=0, Rigid=1, Capture_Method=0
Stage 0: PT=0, T_stage=0.012350, bytes=0, T_capped=0
Stage 1: PT=6, T_stage=0.000000, bytes=33176880, T_capped=0
Group 1: Iters=10, Procs=52, Factors=1.000000, Dist=2, RM=0, SM=0, RS=0, SS=5, parents=208, children=0
Async_Iters: 0
T_iter: 0.083019 0.062839 0.061345 0.059965 0.067717 0.060074 0.059793 0.065415 0.059667 0.059768 
T_stage 0: 0.012888 0.013530 0.013584 0.013193 0.016907 0.013128 0.013004 0.013101 0.012722 0.012697 
T_stage 1: 0.070016 0.049629 0.047621 0.046653 0.050738 0.046922 0.046741 0.052248 0.046894 0.046973 
Config: granularity=100000, SDR=1000, ADR=0, Rigid=1, Capture_Method=0
Stage 0: PT=0, T_stage=0.012350, bytes=0, T_capped=0
Stage 1: PT=6, T_stage=0.000000, bytes=33176880, T_capped=0
Group 1: Iters=10, Procs=52, Factors=1.000000, Dist=2, RM=0, SM=0, RS=0, SS=5, parents=208, children=0
Async_Iters: 0
T_iter: 0.074355 0.064093 0.061559 0.067453 0.065754 0.060282 0.060428 0.060172 0.059983 0.059828 
T_stage 0: 0.012860 0.013227 0.012840 0.013160 0.013041 0.012902 0.012754 0.012716 0.012699 0.012697 
T_stage 1: 0.061350 0.050783 0.048528 0.054267 0.052597 0.047308 0.047602 0.047380 0.047186 0.047056 
Config: granularity=100000, SDR=1000, ADR=0, Rigid=1, Capture_Method=0
Stage 0: PT=0, T_stage=0.012350, bytes=0, T_capped=0
Stage 1: PT=6, T_stage=0.000000, bytes=33176880, T_capped=0
Group 1: Iters=10, Procs=52, Factors=1.000000, Dist=2, RM=0, SM=0, RS=0, SS=5, parents=208, children=0
Async_Iters: 0
T_iter: 0.083418 0.061654 0.061295 0.060324 0.068956 0.063796 0.061368 0.060564 0.060440 0.060362 
T_stage 0: 0.012725 0.013079 0.013764 0.013016 0.013101 0.013041 0.013056 0.012845 0.013037 0.012797 
T_stage 1: 0.070592 0.048470 0.047448 0.047188 0.055738 0.050629 0.048242 0.047662 0.047337 0.047515 
Config: granularity=100000, SDR=1000, ADR=0, Rigid=1, Capture_Method=0
Stage 0: PT=0, T_stage=0.012350, bytes=0, T_capped=0
Stage 1: PT=6, T_stage=0.000000, bytes=33176880, T_capped=0
Group 1: Iters=10, Procs=52, Factors=1.000000, Dist=2, RM=0, SM=0, RS=0, SS=5, parents=208, children=0
Async_Iters: 0
T_iter: 0.079382 0.060776 0.066189 0.072729 0.062186 0.064753 0.065547 0.066363 0.063009 0.065029 
T_stage 0: 0.012758 0.013472 0.013300 0.013169 0.013211 0.012945 0.012896 0.012687 0.012703 0.012988 
T_stage 1: 0.066531 0.047220 0.052809 0.059447 0.048833 0.051680 0.052554 0.053518 0.050251 0.051890 
