Config: granularity=100000, SDR=1000, ADR=0, Rigid=1, Capture_Method=0
Stage 0: PT=0, T_stage=0.012350, bytes=0, T_capped=0
Stage 1: PT=6, T_stage=0.000000, bytes=33176880, T_capped=0
Group 1: Iters=10, Procs=52, Factors=1.000000, Dist=2, RM=0, SM=0, RS=0, SS=5, parents=260, children=0
Async_Iters: 0
T_iter: 0.075993 0.054690 0.055065 0.061104 0.053219 0.058256 0.053440 0.054413 0.058305 0.058399 
T_stage 0: 0.013134 0.012995 0.013173 0.012723 0.012688 0.017788 0.013000 0.012979 0.012685 0.012703 
T_stage 1: 0.062738 0.041630 0.041888 0.048312 0.040431 0.040417 0.040340 0.041363 0.045538 0.045590 
Config: granularity=100000, SDR=1000, ADR=0, Rigid=1, Capture_Method=0
Stage 0: PT=0, T_stage=0.012350, bytes=0, T_capped=0
Stage 1: PT=6, T_stage=0.000000, bytes=33176880, T_capped=0
Group 1: Iters=10, Procs=52, Factors=1.000000, Dist=2, RM=0, SM=0, RS=0, SS=5, parents=260, children=0
Async_Iters: 0
T_iter: 0.082608 0.062647 0.066494 0.072319 0.066805 0.060781 0.061473 0.061517 0.061190 0.060491 
T_stage 0: 0.013526 0.013275 0.013021 0.013147 0.014190 0.012772 0.012831 0.012714 0.012716 0.012712 
T_stage 1: 0.069011 0.049215 0.053352 0.059097 0.052549 0.047912 0.048557 0.048737 0.048389 0.047739 
Config: granularity=100000, SDR=1000, ADR=0, Rigid=1, Capture_Method=0
Stage 0: PT=0, T_stage=0.012350, bytes=0, T_capped=0
Stage 1: PT=6, T_stage=0.000000, bytes=33176880, T_capped=0
Group 1: Iters=10, Procs=52, Factors=1.000000, Dist=2, RM=0, SM=0, RS=0, SS=5, parents=260, children=0
Async_Iters: 0
T_iter: 0.074476 0.059381 0.056929 0.062625 0.071585 0.070356 0.065267 0.064717 0.064485 0.064613 
T_stage 0: 0.013212 0.013029 0.013102 0.012708 0.019127 0.012806 0.013180 0.012716 0.012686 0.012716 
T_stage 1: 0.061143 0.046238 0.043777 0.049830 0.052446 0.057463 0.052111 0.051900 0.051742 0.051793 
Config: granularity=100000, SDR=1000, ADR=0, Rigid=1, Capture_Method=0
Stage 0: PT=0, T_stage=0.012350, bytes=0, T_capped=0
Stage 1: PT=6, T_stage=0.000000, bytes=33176880, T_capped=0
Group 1: Iters=10, Procs=52, Factors=1.000000, Dist=2, RM=0, SM=0, RS=0, SS=5, parents=260, children=0
Async_Iters: 0
T_iter: 0.071583 0.057143 0.057115 0.057944 0.064729 0.063396 0.055572 0.055993 0.055309 0.055558 
T_stage 0: 0.012854 0.013027 0.013370 0.013054 0.012712 0.018533 0.012842 0.012709 0.012699 0.012796 
T_stage 1: 0.058618 0.044026 0.043691 0.044797 0.050580 0.044780 0.042654 0.043209 0.042544 0.042676 
Config: granularity=100000, SDR=1000, ADR=0, Rigid=1, Capture_Method=0
Stage 0: PT=0, T_stage=0.012350, bytes=0, T_capped=0
Stage 1: PT=6, T_stage=0.000000, bytes=33176880, T_capped=0
Group 1: Iters=10, Procs=52, Factors=1.000000, Dist=2, RM=0, SM=0, RS=0, SS=5, parents=260, children=0
Async_Iters: 0
T_iter: 0.103081 0.057518 0.056499 0.061896 0.063540 0.055699 0.056076 0.055939 0.055827 0.055902 
T_stage 0: 0.013389 0.012812 0.012692 0.012687 0.012751 0.012701 0.012746 0.012723 0.012774 0.012695 
T_stage 1: 0.089606 0.044638 0.043736 0.049119 0.050729 0.042946 0.043250 0.043144 0.042937 0.043077 
Config: granularity=100000, SDR=1000, ADR=0, Rigid=1, Capture_Method=0
Stage 0: PT=0, T_stage=0.012350, bytes=0, T_capped=0
Stage 1: PT=6, T_stage=0.000000, bytes=33176880, T_capped=0
Group 1: Iters=10, Procs=52, Factors=1.000000, Dist=2, RM=0, SM=0, RS=0, SS=5, parents=260, children=0
Async_Iters: 0
T_iter: 0.077095 0.054729 0.059907 0.056319 0.064817 0.054724 0.054647 0.054388 0.061071 0.059849 
T_stage 0: 0.013054 0.013064 0.013454 0.013107 0.013072 0.013295 0.013075 0.012783 0.013358 0.012794 
T_stage 1: 0.063916 0.041580 0.046322 0.043118 0.051660 0.041414 0.041418 0.041488 0.047625 0.046993 
Config: granularity=100000, SDR=1000, ADR=0, Rigid=1, Capture_Method=0
Stage 0: PT=0, T_stage=0.012350, bytes=0, T_capped=0
Stage 1: PT=6, T_stage=0.000000, bytes=33176880, T_capped=0
Group 1: Iters=10, Procs=52, Factors=1.000000, Dist=2, RM=0, SM=0, RS=0, SS=5, parents=260, children=0
Async_Iters: 0
T_iter: 0.078382 0.059367 0.058063 0.060085 0.062998 0.056119 0.060950 0.056088 0.056841 0.056841 
T_stage 0: 0.012910 0.013178 0.012750 0.012910 0.013059 0.013000 0.012791 0.012820 0.012828 0.012925 
T_stage 1: 0.065367 0.046072 0.045208 0.047025 0.049832 0.043090 0.048090 0.043272 0.043979 0.043854 
Config: granularity=100000, SDR=1000, ADR=0, Rigid=1, Capture_Method=0
Stage 0: PT=0, T_stage=0.012350, bytes=0, T_capped=0
Stage 1: PT=6, T_stage=0.000000, bytes=33176880, T_capped=0
Group 1: Iters=10, Procs=52, Factors=1.000000, Dist=2, RM=0, SM=0, RS=0, SS=5, parents=260, children=0
Async_Iters: 0
T_iter: 0.077011 0.057432 0.058705 0.057052 0.068970 0.056144 0.055997 0.056467 0.055812 0.055898 
T_stage 0: 0.012962 0.012712 0.013317 0.013065 0.013067 0.012746 0.012692 0.013077 0.012681 0.012725 
T_stage 1: 0.063901 0.044649 0.045546 0.043877 0.055749 0.043318 0.043161 0.043279 0.043026 0.043066 
Config: granularity=100000, SDR=1000, ADR=0, Rigid=1, Capture_Method=0
Stage 0: PT=0, T_stage=0.012350, bytes=0, T_capped=0
Stage 1: PT=6, T_stage=0.000000, bytes=33176880, T_capped=0
Group 1: Iters=10, Procs=52, Factors=1.000000, Dist=2, RM=0, SM=0, RS=0, SS=5, parents=260, children=0
Async_Iters: 0
T_iter: 0.108326 0.061763 0.062509 0.070220 0.064957 0.067148 0.066657 0.066992 0.060349 0.060596 
T_stage 0: 0.012882 0.013085 0.013084 0.019779 0.012722 0.012806 0.012752 0.012717 0.012754 0.012731 
T_stage 1: 0.095399 0.048585 0.049289 0.050348 0.052084 0.054292 0.053827 0.054077 0.047407 0.047722 
Config: granularity=100000, SDR=1000, ADR=0, Rigid=1, Capture_Method=0
Stage 0: PT=0, T_stage=0.012350, bytes=0, T_capped=0
Stage 1: PT=6, T_stage=0.000000, bytes=33176880, T_capped=0
Group 1: Iters=10, Procs=52, Factors=1.000000, Dist=2, RM=0, SM=0, RS=0, SS=5, parents=260, children=0
Async_Iters: 0
T_iter: 0.104019 0.059387 0.063424 0.069450 0.058866 0.059182 0.059403 0.058677 0.058845 0.058659 
T_stage 0: 0.027175 0.013080 0.013167 0.012975 0.012762 0.013088 0.012739 0.012767 0.012721 0.012722 
T_stage 1: 0.076259 0.046255 0.050086 0.056364 0.045977 0.046005 0.046558 0.045774 0.045981 0.045778 
Config: granularity=100000, SDR=1000, ADR=0, Rigid=1, Capture_Method=0
Stage 0: PT=0, T_stage=0.012350, bytes=0, T_capped=0
Stage 1: PT=6, T_stage=0.000000, bytes=33176880, T_capped=0
Group 1: Iters=10, Procs=52, Factors=1.000000, Dist=2, RM=0, SM=0, RS=0, SS=5, parents=260, children=0
Async_Iters: 0
T_iter: 0.075917 0.059240 0.064458 0.064581 0.068295 0.056337 0.056594 0.056399 0.056830 0.056358 
T_stage 0: 0.013951 0.013279 0.013828 0.013220 0.012719 0.012722 0.012700 0.012699 0.013005 0.012680 
T_stage 1: 0.061872 0.045828 0.050521 0.051325 0.055512 0.043554 0.043781 0.043646 0.043769 0.043580 
Config: granularity=100000, SDR=1000, ADR=0, Rigid=1, Capture_Method=0
Stage 0: PT=0, T_stage=0.012350, bytes=0, T_capped=0
Stage 1: PT=6, T_stage=0.000000, bytes=33176880, T_capped=0
Group 1: Iters=10, Procs=52, Factors=1.000000, Dist=2, RM=0, SM=0, RS=0, SS=5, parents=260, children=0
Async_Iters: 0
T_iter: 0.077392 0.061819 0.072288 0.066411 0.079926 0.091612 0.078928 0.077758 0.063383 0.061320 
T_stage 0: 0.014351 0.013003 0.018011 0.013144 0.017570 0.013044 0.024198 0.021981 0.014900 0.012873 
T_stage 1: 0.062244 0.048744 0.055998 0.053178 0.062274 0.078459 0.054648 0.055695 0.048405 0.048350 
Config: granularity=100000, SDR=1000, ADR=0, Rigid=1, Capture_Method=0
Stage 0: PT=0, T_stage=0.012350, bytes=0, T_capped=0
Stage 1: PT=6, T_stage=0.000000, bytes=33176880, T_capped=0
Group 1: Iters=10, Procs=52, Factors=1.000000, Dist=2, RM=0, SM=0, RS=0, SS=5, parents=260, children=0
Async_Iters: 0
T_iter: 0.078700 0.068535 0.064486 0.060540 0.071131 0.060644 0.062789 0.060067 0.060342 0.064654 
T_stage 0: 0.013914 0.013367 0.012734 0.013057 0.012990 0.013028 0.013084 0.012707 0.012733 0.012712 
T_stage 1: 0.064683 0.055056 0.051584 0.047390 0.058131 0.047135 0.049571 0.047177 0.047471 0.051820 
Config: granularity=100000, SDR=1000, ADR=0, Rigid=1, Capture_Method=0
Stage 0: PT=0, T_stage=0.012350, bytes=0, T_capped=0
Stage 1: PT=6, T_stage=0.000000, bytes=33176880, T_capped=0
Group 1: Iters=10, Procs=52, Factors=1.000000, Dist=2, RM=0, SM=0, RS=0, SS=5, parents=260, children=0
Async_Iters: 0
T_iter: 0.082993 0.061269 0.065718 0.058804 0.066953 0.058855 0.058605 0.058799 0.058481 0.059048 
T_stage 0: 0.012930 0.013553 0.013522 0.013151 0.012789 0.012982 0.012746 0.013040 0.012789 0.013087 
T_stage 1: 0.069977 0.047633 0.052103 0.045534 0.054086 0.045797 0.045763 0.045701 0.045581 0.045880 
Config: granularity=100000, SDR=1000, ADR=0, Rigid=1, Capture_Method=0
Stage 0: PT=0, T_stage=0.012350, bytes=0, T_capped=0
Stage 1: PT=6, T_stage=0.000000, bytes=33176880, T_capped=0
Group 1: Iters=10, Procs=52, Factors=1.000000, Dist=2, RM=0, SM=0, RS=0, SS=5, parents=260, children=0
Async_Iters: 0
T_iter: 0.084830 0.063260 0.063377 0.067097 0.074292 0.068121 0.069012 0.068387 0.069313 0.070270 
T_stage 0: 0.012942 0.013030 0.013162 0.012889 0.018162 0.013105 0.012705 0.012702 0.012705 0.012731 
T_stage 1: 0.071730 0.050134 0.050097 0.054092 0.056088 0.054909 0.056244 0.055629 0.056557 0.057485 
Config: granularity=100000, SDR=1000, ADR=0, Rigid=1, Capture_Method=0
Stage 0: PT=0, T_stage=0.012350, bytes=0, T_capped=0
Stage 1: PT=6, T_stage=0.000000, bytes=33176880, T_capped=0
Group 1: Iters=10, Procs=52, Factors=1.000000, Dist=2, RM=0, SM=0, RS=0, SS=5, parents=260, children=0
Async_Iters: 0
T_iter: 0.088735 0.060364 0.061158 0.067577 0.066039 0.066703 0.059842 0.059292 0.059357 0.066969 
T_stage 0: 0.013316 0.013010 0.014305 0.013832 0.012822 0.013959 0.012977 0.012760 0.012907 0.012789 
T_stage 1: 0.075283 0.047277 0.047912 0.053636 0.046573 0.052608 0.046776 0.046408 0.046344 0.054031 
Config: granularity=100000, SDR=1000, ADR=0, Rigid=1, Capture_Method=0
Stage 0: PT=0, T_stage=0.012350, bytes=0, T_capped=0
Stage 1: PT=6, T_stage=0.000000, bytes=33176880, T_capped=0
Group 1: Iters=10, Procs=52, Factors=1.000000, Dist=2, RM=0, SM=0, RS=0, SS=5, parents=260, children=0
Async_Iters: 0
T_iter: 0.071789 0.057901 0.064571 0.056450 0.065463 0.060364 0.056343 0.056434 0.056038 0.055938 
T_stage 0: 0.013030 0.012800 0.013326 0.012959 0.012720 0.012697 0.013032 0.012988 0.012712 0.012676 
T_stage 1: 0.058696 0.044980 0.051209 0.043492 0.052690 0.047598 0.043214 0.043396 0.043274 0.043205 
Config: granularity=100000, SDR=1000, ADR=0, Rigid=1, Capture_Method=0
Stage 0: PT=0, T_stage=0.012350, bytes=0, T_capped=0
Stage 1: PT=6, T_stage=0.000000, bytes=33176880, T_capped=0
Group 1: Iters=10, Procs=52, Factors=1.000000, Dist=2, RM=0, SM=0, RS=0, SS=5, parents=260, children=0
Async_Iters: 0
T_iter: 0.087126 0.054976 0.055067 0.059918 0.060421 0.061154 0.054488 0.054541 0.054892 0.054969 
T_stage 0: 0.018338 0.013527 0.013057 0.013703 0.012728 0.019334 0.012891 0.012783 0.012714 0.012716 
T_stage 1: 0.068711 0.041300 0.041928 0.046021 0.047622 0.041683 0.041493 0.041750 0.042088 0.042159 
Config: granularity=100000, SDR=1000, ADR=0, Rigid=1, Capture_Method=0
Stage 0: PT=0, T_stage=0.012350, bytes=0, T_capped=0
Stage 1: PT=6, T_stage=0.000000, bytes=33176880, T_capped=0
Group 1: Iters=10, Procs=52, Factors=1.000000, Dist=2, RM=0, SM=0, RS=0, SS=5, parents=260, children=0
Async_Iters: 0
T_iter: 0.076474 0.062729 0.062162 0.063655 0.068647 0.065630 0.069216 0.060960 0.061290 0.066067 
T_stage 0: 0.013044 0.013393 0.013232 0.013125 0.013022 0.013005 0.012935 0.012794 0.012821 0.013042 
T_stage 1: 0.063282 0.049258 0.048916 0.050449 0.055599 0.052540 0.056157 0.048025 0.048362 0.053170 
Config: granularity=100000, SDR=1000, ADR=0, Rigid=1, Capture_Method=0
Stage 0: PT=0, T_stage=0.012350, bytes=0, T_capped=0
Stage 1: PT=6, T_stage=0.000000, bytes=33176880, T_capped=0
Group 1: Iters=10, Procs=52, Factors=1.000000, Dist=2, RM=0, SM=0, RS=0, SS=5, parents=260, children=0
Async_Iters: 0
T_iter: 0.082755 0.060412 0.065424 0.060657 0.070619 0.061392 0.060979 0.061121 0.061074 0.061170 
T_stage 0: 0.012810 0.012734 0.013233 0.012731 0.017852 0.012721 0.012704 0.012701 0.012704 0.012706 
T_stage 1: 0.069841 0.047631 0.052140 0.047856 0.052684 0.048602 0.048205 0.048362 0.048296 0.048409 
