Config loaded: R=1, S=2, granularity=100000, SDR=1000, ADR=0, Rigid=1, Capture_Method=0
Stage 0: PT=0, T_stage=0.012350, bytes=0, T_capped=0
Stage 1: PT=6, T_stage=0.000000, bytes=33176880, T_capped=0
Group 0: Iters=5, Procs=364, Factors=1.000000, Dist=2, RM=0, SM=0, RS=0, SS=0
Group 1: Iters=10, Procs=52, Factors=1.000000, Dist=2, RM=0, SM=0, RS=0, SS=5
T_spawn: 4.147126 
T_SR: 0.124001 
T_AR: 0.000000 
T_US: 0.259716 
T_Malleability: 4.818087 
T_total: 5.880782
Config loaded: R=1, S=2, granularity=100000, SDR=1000, ADR=0, Rigid=1, Capture_Method=0
Stage 0: PT=0, T_stage=0.012350, bytes=0, T_capped=0
Stage 1: PT=6, T_stage=0.000000, bytes=33176880, T_capped=0
Group 0: Iters=5, Procs=364, Factors=1.000000, Dist=2, RM=0, SM=0, RS=0, SS=0
Group 1: Iters=10, Procs=52, Factors=1.000000, Dist=2, RM=0, SM=0, RS=0, SS=5
T_spawn: 4.197690 
T_SR: 0.135979 
T_AR: 0.000000 
T_US: 0.263736 
T_Malleability: 4.847666 
T_total: 5.931089
Config loaded: R=1, S=2, granularity=100000, SDR=1000, ADR=0, Rigid=1, Capture_Method=0
Stage 0: PT=0, T_stage=0.012350, bytes=0, T_capped=0
Stage 1: PT=6, T_stage=0.000000, bytes=33176880, T_capped=0
Group 0: Iters=5, Procs=364, Factors=1.000000, Dist=2, RM=0, SM=0, RS=0, SS=0
Group 1: Iters=10, Procs=52, Factors=1.000000, Dist=2, RM=0, SM=0, RS=0, SS=5
T_spawn: 4.069174 
T_SR: 0.095931 
T_AR: 0.000000 
T_US: 0.231938 
T_Malleability: 4.659211 
T_total: 5.716804
Config loaded: R=1, S=2, granularity=100000, SDR=1000, ADR=0, Rigid=1, Capture_Method=0
Stage 0: PT=0, T_stage=0.012350, bytes=0, T_capped=0
Stage 1: PT=6, T_stage=0.000000, bytes=33176880, T_capped=0
Group 0: Iters=5, Procs=364, Factors=1.000000, Dist=2, RM=0, SM=0, RS=0, SS=0
Group 1: Iters=10, Procs=52, Factors=1.000000, Dist=2, RM=0, SM=0, RS=0, SS=5
T_spawn: 4.458803 
T_SR: 0.094892 
T_AR: 0.000000 
T_US: 0.252784 
T_Malleability: 5.089923 
T_total: 6.224935
Config loaded: R=1, S=2, granularity=100000, SDR=1000, ADR=0, Rigid=1, Capture_Method=0
Stage 0: PT=0, T_stage=0.012350, bytes=0, T_capped=0
Stage 1: PT=6, T_stage=0.000000, bytes=33176880, T_capped=0
Group 0: Iters=5, Procs=364, Factors=1.000000, Dist=2, RM=0, SM=0, RS=0, SS=0
Group 1: Iters=10, Procs=52, Factors=1.000000, Dist=2, RM=0, SM=0, RS=0, SS=5
T_spawn: 4.372578 
T_SR: 0.079945 
T_AR: 0.000000 
T_US: 0.176919 
T_Malleability: 5.060688 
T_total: 6.058671
Config loaded: R=1, S=2, granularity=100000, SDR=1000, ADR=0, Rigid=1, Capture_Method=0
Stage 0: PT=0, T_stage=0.012350, bytes=0, T_capped=0
Stage 1: PT=6, T_stage=0.000000, bytes=33176880, T_capped=0
Group 0: Iters=5, Procs=364, Factors=1.000000, Dist=2, RM=0, SM=0, RS=0, SS=0
Group 1: Iters=10, Procs=52, Factors=1.000000, Dist=2, RM=0, SM=0, RS=0, SS=5
T_spawn: 4.251231 
T_SR: 0.081121 
T_AR: 0.000000 
T_US: 0.219929 
T_Malleability: 4.847910 
T_total: 6.011071
Config loaded: R=1, S=2, granularity=100000, SDR=1000, ADR=0, Rigid=1, Capture_Method=0
Stage 0: PT=0, T_stage=0.012350, bytes=0, T_capped=0
Stage 1: PT=6, T_stage=0.000000, bytes=33176880, T_capped=0
Group 0: Iters=5, Procs=364, Factors=1.000000, Dist=2, RM=0, SM=0, RS=0, SS=0
Group 1: Iters=10, Procs=52, Factors=1.000000, Dist=2, RM=0, SM=0, RS=0, SS=5
T_spawn: 4.528580 
T_SR: 0.129113 
T_AR: 0.000000 
T_US: 0.196956 
T_Malleability: 5.131464 
T_total: 6.232291
Config loaded: R=1, S=2, granularity=100000, SDR=1000, ADR=0, Rigid=1, Capture_Method=0
Stage 0: PT=0, T_stage=0.012350, bytes=0, T_capped=0
Stage 1: PT=6, T_stage=0.000000, bytes=33176880, T_capped=0
Group 0: Iters=5, Procs=364, Factors=1.000000, Dist=2, RM=0, SM=0, RS=0, SS=0
Group 1: Iters=10, Procs=52, Factors=1.000000, Dist=2, RM=0, SM=0, RS=0, SS=5
T_spawn: 4.172020 
T_SR: 0.100702 
T_AR: 0.000000 
T_US: 0.231977 
T_Malleability: 4.807482 
T_total: 5.950524
Config loaded: R=1, S=2, granularity=100000, SDR=1000, ADR=0, Rigid=1, Capture_Method=0
Stage 0: PT=0, T_stage=0.012350, bytes=0, T_capped=0
Stage 1: PT=6, T_stage=0.000000, bytes=33176880, T_capped=0
Group 0: Iters=5, Procs=364, Factors=1.000000, Dist=2, RM=0, SM=0, RS=0, SS=0
Group 1: Iters=10, Procs=52, Factors=1.000000, Dist=2, RM=0, SM=0, RS=0, SS=5
T_spawn: 4.004730 
T_SR: 0.091932 
T_AR: 0.000000 
T_US: 0.248929 
T_Malleability: 4.649962 
T_total: 5.650270
Config loaded: R=1, S=2, granularity=100000, SDR=1000, ADR=0, Rigid=1, Capture_Method=0
Stage 0: PT=0, T_stage=0.012350, bytes=0, T_capped=0
Stage 1: PT=6, T_stage=0.000000, bytes=33176880, T_capped=0
Group 0: Iters=5, Procs=364, Factors=1.000000, Dist=2, RM=0, SM=0, RS=0, SS=0
Group 1: Iters=10, Procs=52, Factors=1.000000, Dist=2, RM=0, SM=0, RS=0, SS=5
T_spawn: 4.558373 
T_SR: 0.135919 
T_AR: 0.000000 
T_US: 0.259764 
T_Malleability: 5.206652 
T_total: 6.229399
Config loaded: R=1, S=2, granularity=100000, SDR=1000, ADR=0, Rigid=1, Capture_Method=0
Stage 0: PT=0, T_stage=0.012350, bytes=0, T_capped=0
Stage 1: PT=6, T_stage=0.000000, bytes=33176880, T_capped=0
Group 0: Iters=5, Procs=364, Factors=1.000000, Dist=2, RM=0, SM=0, RS=0, SS=0
Group 1: Iters=10, Procs=52, Factors=1.000000, Dist=2, RM=0, SM=0, RS=0, SS=5
T_spawn: 4.132402 
T_SR: 0.114798 
T_AR: 0.000000 
T_US: 0.256700 
T_Malleability: 4.741841 
T_total: 5.796879
Config loaded: R=1, S=2, granularity=100000, SDR=1000, ADR=0, Rigid=1, Capture_Method=0
Stage 0: PT=0, T_stage=0.012350, bytes=0, T_capped=0
Stage 1: PT=6, T_stage=0.000000, bytes=33176880, T_capped=0
Group 0: Iters=5, Procs=364, Factors=1.000000, Dist=2, RM=0, SM=0, RS=0, SS=0
Group 1: Iters=10, Procs=52, Factors=1.000000, Dist=2, RM=0, SM=0, RS=0, SS=5
T_spawn: 4.268435 
T_SR: 0.068008 
T_AR: 0.000000 
T_US: 0.267972 
T_Malleability: 4.889941 
T_total: 5.944559
Config loaded: R=1, S=2, granularity=100000, SDR=1000, ADR=0, Rigid=1, Capture_Method=0
Stage 0: PT=0, T_stage=0.012350, bytes=0, T_capped=0
Stage 1: PT=6, T_stage=0.000000, bytes=33176880, T_capped=0
Group 0: Iters=5, Procs=364, Factors=1.000000, Dist=2, RM=0, SM=0, RS=0, SS=0
Group 1: Iters=10, Procs=52, Factors=1.000000, Dist=2, RM=0, SM=0, RS=0, SS=5
T_spawn: 4.245370 
T_SR: 0.075934 
T_AR: 0.000000 
T_US: 0.178614 
T_Malleability: 4.830082 
T_total: 5.885944
Config loaded: R=1, S=2, granularity=100000, SDR=1000, ADR=0, Rigid=1, Capture_Method=0
Stage 0: PT=0, T_stage=0.012350, bytes=0, T_capped=0
Stage 1: PT=6, T_stage=0.000000, bytes=33176880, T_capped=0
Group 0: Iters=5, Procs=364, Factors=1.000000, Dist=2, RM=0, SM=0, RS=0, SS=0
Group 1: Iters=10, Procs=52, Factors=1.000000, Dist=2, RM=0, SM=0, RS=0, SS=5
T_spawn: 4.416858 
T_SR: 0.075993 
T_AR: 0.000000 
T_US: 0.251774 
T_Malleability: 5.116217 
T_total: 6.189935
Config loaded: R=1, S=2, granularity=100000, SDR=1000, ADR=0, Rigid=1, Capture_Method=0
Stage 0: PT=0, T_stage=0.012350, bytes=0, T_capped=0
Stage 1: PT=6, T_stage=0.000000, bytes=33176880, T_capped=0
Group 0: Iters=5, Procs=364, Factors=1.000000, Dist=2, RM=0, SM=0, RS=0, SS=0
Group 1: Iters=10, Procs=52, Factors=1.000000, Dist=2, RM=0, SM=0, RS=0, SS=5
T_spawn: 4.221904 
T_SR: 0.060004 
T_AR: 0.000000 
T_US: 0.189026 
T_Malleability: 4.828177 
T_total: 5.837543
Config loaded: R=1, S=2, granularity=100000, SDR=1000, ADR=0, Rigid=1, Capture_Method=0
Stage 0: PT=0, T_stage=0.012350, bytes=0, T_capped=0
Stage 1: PT=6, T_stage=0.000000, bytes=33176880, T_capped=0
Group 0: Iters=5, Procs=364, Factors=1.000000, Dist=2, RM=0, SM=0, RS=0, SS=0
Group 1: Iters=10, Procs=52, Factors=1.000000, Dist=2, RM=0, SM=0, RS=0, SS=5
T_spawn: 4.447408 
T_SR: 0.096003 
T_AR: 0.000000 
T_US: 0.247927 
T_Malleability: 5.102695 
T_total: 6.127786
Config loaded: R=1, S=2, granularity=100000, SDR=1000, ADR=0, Rigid=1, Capture_Method=0
Stage 0: PT=0, T_stage=0.012350, bytes=0, T_capped=0
Stage 1: PT=6, T_stage=0.000000, bytes=33176880, T_capped=0
Group 0: Iters=5, Procs=364, Factors=1.000000, Dist=2, RM=0, SM=0, RS=0, SS=0
Group 1: Iters=10, Procs=52, Factors=1.000000, Dist=2, RM=0, SM=0, RS=0, SS=5
T_spawn: 4.649875 
T_SR: 0.154660 
T_AR: 0.000000 
T_US: 0.192334 
T_Malleability: 5.354833 
T_total: 6.352843
Config loaded: R=1, S=2, granularity=100000, SDR=1000, ADR=0, Rigid=1, Capture_Method=0
Stage 0: PT=0, T_stage=0.012350, bytes=0, T_capped=0
Stage 1: PT=6, T_stage=0.000000, bytes=33176880, T_capped=0
Group 0: Iters=5, Procs=364, Factors=1.000000, Dist=2, RM=0, SM=0, RS=0, SS=0
Group 1: Iters=10, Procs=52, Factors=1.000000, Dist=2, RM=0, SM=0, RS=0, SS=5
T_spawn: 4.493484 
T_SR: 0.099973 
T_AR: 0.000000 
T_US: 0.233167 
T_Malleability: 5.149873 
T_total: 6.171482
Config loaded: R=1, S=2, granularity=100000, SDR=1000, ADR=0, Rigid=1, Capture_Method=0
Stage 0: PT=0, T_stage=0.012350, bytes=0, T_capped=0
Stage 1: PT=6, T_stage=0.000000, bytes=33176880, T_capped=0
Group 0: Iters=5, Procs=364, Factors=1.000000, Dist=2, RM=0, SM=0, RS=0, SS=0
Group 1: Iters=10, Procs=52, Factors=1.000000, Dist=2, RM=0, SM=0, RS=0, SS=5
T_spawn: 4.329720 
T_SR: 0.064064 
T_AR: 0.000000 
T_US: 0.192420 
T_Malleability: 4.925103 
T_total: 5.968875
Config loaded: R=1, S=2, granularity=100000, SDR=1000, ADR=0, Rigid=1, Capture_Method=0
Stage 0: PT=0, T_stage=0.012350, bytes=0, T_capped=0
Stage 1: PT=6, T_stage=0.000000, bytes=33176880, T_capped=0
Group 0: Iters=5, Procs=364, Factors=1.000000, Dist=2, RM=0, SM=0, RS=0, SS=0
Group 1: Iters=10, Procs=52, Factors=1.000000, Dist=2, RM=0, SM=0, RS=0, SS=5
T_spawn: 4.796527 
T_SR: 0.133283 
T_AR: 0.000000 
T_US: 0.300971 
T_Malleability: 5.487237 
T_total: 6.548790
