Config: granularity=100000, SDR=1000, ADR=0, Rigid=1, Capture_Method=0
Stage 0: PT=0, T_stage=0.012350, bytes=0, T_capped=0
Stage 1: PT=6, T_stage=0.000000, bytes=33176880, T_capped=0
Group 1: Iters=10, Procs=52, Factors=1.000000, Dist=2, RM=0, SM=1, RS=0, SS=0, parents=20, children=0
Async_Iters: 0
T_iter: 0.091856 0.074740 0.077099 0.076005 0.077033 0.075682 0.076879 0.076419 0.075999 0.075737 
T_stage 0: 0.013270 0.013210 0.013229 0.013267 0.013213 0.013222 0.013211 0.013240 0.013209 0.013245 
T_stage 1: 0.078463 0.061397 0.063754 0.062629 0.063752 0.062365 0.063609 0.063093 0.062654 0.062433 
Config: granularity=100000, SDR=1000, ADR=0, Rigid=1, Capture_Method=0
Stage 0: PT=0, T_stage=0.012350, bytes=0, T_capped=0
Stage 1: PT=6, T_stage=0.000000, bytes=33176880, T_capped=0
Group 1: Iters=10, Procs=52, Factors=1.000000, Dist=2, RM=0, SM=1, RS=0, SS=0, parents=20, children=0
Async_Iters: 0
T_iter: 0.093312 0.075516 0.075012 0.075042 0.075198 0.074454 0.075142 0.075188 0.075620 0.075660 
T_stage 0: 0.013129 0.013183 0.013035 0.013050 0.013052 0.013070 0.013077 0.013067 0.013071 0.013065 
T_stage 1: 0.080088 0.062234 0.061860 0.061907 0.062051 0.061315 0.061958 0.062015 0.062450 0.062528 
Config: granularity=100000, SDR=1000, ADR=0, Rigid=1, Capture_Method=0
Stage 0: PT=0, T_stage=0.012350, bytes=0, T_capped=0
Stage 1: PT=6, T_stage=0.000000, bytes=33176880, T_capped=0
Group 1: Iters=10, Procs=52, Factors=1.000000, Dist=2, RM=0, SM=1, RS=0, SS=0, parents=20, children=0
Async_Iters: 0
T_iter: 0.113325 0.080086 0.088958 0.075517 0.075772 0.075849 0.075797 0.075955 0.075879 0.075902 
T_stage 0: 0.013222 0.013219 0.013238 0.013242 0.013251 0.013249 0.013235 0.013197 0.013215 0.013218 
T_stage 1: 0.099960 0.066660 0.075631 0.062210 0.062424 0.062529 0.062465 0.062637 0.062589 0.062619 
Config: granularity=100000, SDR=1000, ADR=0, Rigid=1, Capture_Method=0
Stage 0: PT=0, T_stage=0.012350, bytes=0, T_capped=0
Stage 1: PT=6, T_stage=0.000000, bytes=33176880, T_capped=0
Group 1: Iters=10, Procs=52, Factors=1.000000, Dist=2, RM=0, SM=1, RS=0, SS=0, parents=20, children=0
Async_Iters: 0
T_iter: 0.117518 0.075923 0.073698 0.073364 0.074213 0.075141 0.075134 0.075606 0.075342 0.075180 
T_stage 0: 0.013100 0.013038 0.013054 0.013027 0.013031 0.013062 0.013085 0.013059 0.013015 0.013046 
T_stage 1: 0.104294 0.062829 0.060567 0.060217 0.061054 0.062015 0.061979 0.062466 0.062238 0.062037 
Config: granularity=100000, SDR=1000, ADR=0, Rigid=1, Capture_Method=0
Stage 0: PT=0, T_stage=0.012350, bytes=0, T_capped=0
Stage 1: PT=6, T_stage=0.000000, bytes=33176880, T_capped=0
Group 1: Iters=10, Procs=52, Factors=1.000000, Dist=2, RM=0, SM=1, RS=0, SS=0, parents=20, children=0
Async_Iters: 0
T_iter: 0.087278 0.075431 0.074542 0.075188 0.075011 0.075207 0.075059 0.074953 0.074752 0.075101 
T_stage 0: 0.013191 0.013224 0.013186 0.013168 0.013185 0.013228 0.013187 0.013201 0.013203 0.013203 
T_stage 1: 0.073962 0.062144 0.061273 0.061960 0.061708 0.061897 0.061752 0.061658 0.061475 0.061809 
Config: granularity=100000, SDR=1000, ADR=0, Rigid=1, Capture_Method=0
Stage 0: PT=0, T_stage=0.012350, bytes=0, T_capped=0
Stage 1: PT=6, T_stage=0.000000, bytes=33176880, T_capped=0
Group 1: Iters=10, Procs=52, Factors=1.000000, Dist=2, RM=0, SM=1, RS=0, SS=0, parents=20, children=0
Async_Iters: 0
T_iter: 0.095905 0.078561 0.079230 0.081349 0.079718 0.077118 0.079574 0.078630 0.078627 0.078010 
T_stage 0: 0.013073 0.013305 0.013080 0.013069 0.013108 0.013090 0.013182 0.013074 0.013053 0.013108 
T_stage 1: 0.082682 0.065142 0.066082 0.068134 0.066518 0.063933 0.066378 0.065528 0.065515 0.064873 
Config: granularity=100000, SDR=1000, ADR=0, Rigid=1, Capture_Method=0
Stage 0: PT=0, T_stage=0.012350, bytes=0, T_capped=0
Stage 1: PT=6, T_stage=0.000000, bytes=33176880, T_capped=0
Group 1: Iters=10, Procs=52, Factors=1.000000, Dist=2, RM=0, SM=1, RS=0, SS=0, parents=20, children=0
Async_Iters: 0
T_iter: 0.095198 0.078156 0.078264 0.077346 0.077744 0.077346 0.078211 0.078088 0.077625 0.077757 
T_stage 0: 0.013120 0.013137 0.013162 0.013131 0.013163 0.013130 0.013127 0.013126 0.013114 0.013118 
T_stage 1: 0.081899 0.064960 0.065040 0.064065 0.064533 0.064133 0.064965 0.064873 0.064408 0.064514 
Config: granularity=100000, SDR=1000, ADR=0, Rigid=1, Capture_Method=0
Stage 0: PT=0, T_stage=0.012350, bytes=0, T_capped=0
Stage 1: PT=6, T_stage=0.000000, bytes=33176880, T_capped=0
Group 1: Iters=10, Procs=52, Factors=1.000000, Dist=2, RM=0, SM=1, RS=0, SS=0, parents=20, children=0
Async_Iters: 0
T_iter: 0.088579 0.077964 0.071397 0.071866 0.071274 0.071222 0.071154 0.071275 0.070853 0.071485 
T_stage 0: 0.013103 0.013319 0.013121 0.013397 0.013118 0.013143 0.013118 0.013115 0.013117 0.013132 
T_stage 1: 0.075346 0.064532 0.058186 0.058346 0.058054 0.058028 0.057951 0.058058 0.057650 0.058205 
Config: granularity=100000, SDR=1000, ADR=0, Rigid=1, Capture_Method=0
Stage 0: PT=0, T_stage=0.012350, bytes=0, T_capped=0
Stage 1: PT=6, T_stage=0.000000, bytes=33176880, T_capped=0
Group 1: Iters=10, Procs=52, Factors=1.000000, Dist=2, RM=0, SM=1, RS=0, SS=0, parents=20, children=0
Async_Iters: 0
T_iter: 0.093384 0.078014 0.077081 0.082397 0.288328 0.084421 0.079610 0.078677 0.077232 0.079489 
T_stage 0: 0.013131 0.013306 0.013031 0.013030 0.013051 0.013058 0.013039 0.013044 0.013068 0.013363 
T_stage 1: 0.080134 0.064626 0.063962 0.069241 0.275133 0.071262 0.066467 0.065534 0.064093 0.066046 
Config: granularity=100000, SDR=1000, ADR=0, Rigid=1, Capture_Method=0
Stage 0: PT=0, T_stage=0.012350, bytes=0, T_capped=0
Stage 1: PT=6, T_stage=0.000000, bytes=33176880, T_capped=0
Group 1: Iters=10, Procs=52, Factors=1.000000, Dist=2, RM=0, SM=1, RS=0, SS=0, parents=20, children=0
Async_Iters: 0
T_iter: 0.087738 0.073769 0.073660 0.073682 0.073625 0.073376 0.073400 0.073719 0.073689 0.073322 
T_stage 0: 0.013103 0.013319 0.013054 0.013073 0.013041 0.013051 0.013007 0.013042 0.013019 0.013085 
T_stage 1: 0.074529 0.060317 0.060477 0.060479 0.060424 0.060248 0.060308 0.060498 0.060563 0.060204 
Config: granularity=100000, SDR=1000, ADR=0, Rigid=1, Capture_Method=0
Stage 0: PT=0, T_stage=0.012350, bytes=0, T_capped=0
Stage 1: PT=6, T_stage=0.000000, bytes=33176880, T_capped=0
Group 1: Iters=10, Procs=52, Factors=1.000000, Dist=2, RM=0, SM=1, RS=0, SS=0, parents=20, children=0
Async_Iters: 0
T_iter: 0.093173 0.086019 0.077394 0.081310 0.089224 0.077171 0.080034 0.077635 0.078508 0.078431 
T_stage 0: 0.013070 0.013313 0.013069 0.013051 0.013013 0.013056 0.013037 0.013128 0.013021 0.013062 
T_stage 1: 0.079986 0.072665 0.064296 0.068142 0.076078 0.064074 0.066848 0.064476 0.065382 0.065244 
Config: granularity=100000, SDR=1000, ADR=0, Rigid=1, Capture_Method=0
Stage 0: PT=0, T_stage=0.012350, bytes=0, T_capped=0
Stage 1: PT=6, T_stage=0.000000, bytes=33176880, T_capped=0
Group 1: Iters=10, Procs=52, Factors=1.000000, Dist=2, RM=0, SM=1, RS=0, SS=0, parents=20, children=0
Async_Iters: 0
T_iter: 0.095911 0.076072 0.075702 0.075464 0.075769 0.075301 0.075092 0.075586 0.075520 0.075287 
T_stage 0: 0.013595 0.013911 0.013622 0.013637 0.013611 0.013617 0.013631 0.013618 0.013601 0.013637 
T_stage 1: 0.082194 0.062015 0.062018 0.061768 0.062075 0.061605 0.061385 0.061876 0.061828 0.061561 
Config: granularity=100000, SDR=1000, ADR=0, Rigid=1, Capture_Method=0
Stage 0: PT=0, T_stage=0.012350, bytes=0, T_capped=0
Stage 1: PT=6, T_stage=0.000000, bytes=33176880, T_capped=0
Group 1: Iters=10, Procs=52, Factors=1.000000, Dist=2, RM=0, SM=1, RS=0, SS=0, parents=20, children=0
Async_Iters: 0
T_iter: 0.093992 0.076142 0.076460 0.075824 0.075858 0.075869 0.075680 0.075948 0.075893 0.076117 
T_stage 0: 0.013088 0.013330 0.013324 0.013146 0.013116 0.013101 0.013093 0.013165 0.013106 0.013164 
T_stage 1: 0.080772 0.062730 0.063092 0.062577 0.062654 0.062672 0.062447 0.062476 0.062686 0.062901 
Config: granularity=100000, SDR=1000, ADR=0, Rigid=1, Capture_Method=0
Stage 0: PT=0, T_stage=0.012350, bytes=0, T_capped=0
Stage 1: PT=6, T_stage=0.000000, bytes=33176880, T_capped=0
Group 1: Iters=10, Procs=52, Factors=1.000000, Dist=2, RM=0, SM=1, RS=0, SS=0, parents=20, children=0
Async_Iters: 0
T_iter: 0.092881 0.081185 0.089285 0.089992 0.080663 0.078403 0.077901 0.286196 0.078673 0.080340 
T_stage 0: 0.013141 0.013051 0.013090 0.013104 0.013092 0.013025 0.013103 0.013134 0.013048 0.013053 
T_stage 1: 0.079771 0.068074 0.076124 0.076799 0.067524 0.065199 0.064726 0.272984 0.065534 0.067215 
Config: granularity=100000, SDR=1000, ADR=0, Rigid=1, Capture_Method=0
Stage 0: PT=0, T_stage=0.012350, bytes=0, T_capped=0
Stage 1: PT=6, T_stage=0.000000, bytes=33176880, T_capped=0
Group 1: Iters=10, Procs=52, Factors=1.000000, Dist=2, RM=0, SM=1, RS=0, SS=0, parents=20, children=0
Async_Iters: 0
T_iter: 0.089867 0.077176 0.079700 0.071502 0.070442 0.070525 0.070922 0.071074 0.071218 0.070796 
T_stage 0: 0.013007 0.013301 0.012996 0.013071 0.013124 0.013009 0.012993 0.013189 0.013465 0.013036 
T_stage 1: 0.076721 0.063759 0.066534 0.058311 0.057216 0.057441 0.057768 0.057823 0.057670 0.057652 
Config: granularity=100000, SDR=1000, ADR=0, Rigid=1, Capture_Method=0
Stage 0: PT=0, T_stage=0.012350, bytes=0, T_capped=0
Stage 1: PT=6, T_stage=0.000000, bytes=33176880, T_capped=0
Group 1: Iters=10, Procs=52, Factors=1.000000, Dist=2, RM=0, SM=1, RS=0, SS=0, parents=20, children=0
Async_Iters: 0
T_iter: 0.097568 0.075138 0.074518 0.074917 0.075425 0.075753 0.075543 0.075512 0.075948 0.075464 
T_stage 0: 0.013118 0.013149 0.013166 0.013145 0.013148 0.013131 0.013147 0.013172 0.013152 0.013156 
T_stage 1: 0.084349 0.061924 0.061301 0.061688 0.062233 0.062538 0.062315 0.062235 0.062666 0.062184 
Config: granularity=100000, SDR=1000, ADR=0, Rigid=1, Capture_Method=0
Stage 0: PT=0, T_stage=0.012350, bytes=0, T_capped=0
Stage 1: PT=6, T_stage=0.000000, bytes=33176880, T_capped=0
Group 1: Iters=10, Procs=52, Factors=1.000000, Dist=2, RM=0, SM=1, RS=0, SS=0, parents=20, children=0
Async_Iters: 0
T_iter: 0.093458 0.070847 0.071206 0.071490 0.071305 0.072087 0.071079 0.071366 0.071136 0.071244 
T_stage 0: 0.013044 0.013057 0.013072 0.013038 0.013004 0.013017 0.013021 0.013033 0.013005 0.013068 
T_stage 1: 0.080339 0.057709 0.058112 0.058361 0.058185 0.059002 0.057965 0.058255 0.058033 0.058091 
Config: granularity=100000, SDR=1000, ADR=0, Rigid=1, Capture_Method=0
Stage 0: PT=0, T_stage=0.012350, bytes=0, T_capped=0
Stage 1: PT=6, T_stage=0.000000, bytes=33176880, T_capped=0
Group 1: Iters=10, Procs=52, Factors=1.000000, Dist=2, RM=0, SM=1, RS=0, SS=0, parents=20, children=0
Async_Iters: 0
T_iter: 0.095485 0.076192 0.077455 0.077181 0.076986 0.075782 0.074475 0.073602 0.075689 0.078090 
T_stage 0: 0.013057 0.013021 0.013022 0.013045 0.013028 0.012999 0.013048 0.013042 0.013021 0.013007 
T_stage 1: 0.082358 0.063002 0.064359 0.064001 0.063839 0.062718 0.061346 0.060470 0.062552 0.064975 
Config: granularity=100000, SDR=1000, ADR=0, Rigid=1, Capture_Method=0
Stage 0: PT=0, T_stage=0.012350, bytes=0, T_capped=0
Stage 1: PT=6, T_stage=0.000000, bytes=33176880, T_capped=0
Group 1: Iters=10, Procs=52, Factors=1.000000, Dist=2, RM=0, SM=1, RS=0, SS=0, parents=20, children=0
Async_Iters: 0
T_iter: 0.175459 0.126162 0.076692 0.076693 0.077034 0.077201 0.076493 0.077362 0.075528 0.076423 
T_stage 0: 0.013133 0.013032 0.013008 0.013037 0.013042 0.013050 0.013053 0.013062 0.013085 0.013095 
T_stage 1: 0.162145 0.113009 0.063515 0.063539 0.063906 0.064065 0.063347 0.064159 0.062365 0.063232 
Config: granularity=100000, SDR=1000, ADR=0, Rigid=1, Capture_Method=0
Stage 0: PT=0, T_stage=0.012350, bytes=0, T_capped=0
Stage 1: PT=6, T_stage=0.000000, bytes=33176880, T_capped=0
Group 1: Iters=10, Procs=52, Factors=1.000000, Dist=2, RM=0, SM=1, RS=0, SS=0, parents=20, children=0
Async_Iters: 0
T_iter: 0.086675 0.077376 0.077067 0.077654 0.077721 0.077329 0.076567 0.078091 0.078226 0.077718 
T_stage 0: 0.013178 0.013159 0.013163 0.013135 0.013148 0.013160 0.013166 0.013129 0.013128 0.013136 
T_stage 1: 0.073328 0.064097 0.063795 0.064409 0.064461 0.064047 0.063311 0.064873 0.065038 0.064457 
