Config: granularity=100000, SDR=1000, ADR=0, Rigid=1, Capture_Method=0
Stage 0: PT=0, T_stage=0.012350, bytes=0, T_capped=0
Stage 1: PT=6, T_stage=0.000000, bytes=33176880, T_capped=0
Group 1: Iters=10, Procs=104, Factors=1.000000, Dist=2, RM=0, SM=0, RS=0, SS=5, parents=156, children=0
Async_Iters: 0
T_iter: 0.118866 0.080594 0.077554 0.058809 0.058759 0.058645 0.059078 0.059852 0.058633 0.057912 
T_stage 0: 0.021189 0.013328 0.022676 0.012879 0.014159 0.012819 0.012832 0.013694 0.012884 0.012773 
T_stage 1: 0.097602 0.067165 0.058587 0.045838 0.045537 0.045713 0.046155 0.046129 0.045637 0.044981 
Config: granularity=100000, SDR=1000, ADR=0, Rigid=1, Capture_Method=0
Stage 0: PT=0, T_stage=0.012350, bytes=0, T_capped=0
Stage 1: PT=6, T_stage=0.000000, bytes=33176880, T_capped=0
Group 1: Iters=10, Procs=104, Factors=1.000000, Dist=2, RM=0, SM=0, RS=0, SS=5, parents=156, children=0
Async_Iters: 0
T_iter: 0.087102 0.063183 0.062905 0.067822 0.079703 0.061825 0.061768 0.066099 0.060764 0.065268 
T_stage 0: 0.017191 0.012818 0.013476 0.012796 0.018925 0.012854 0.013102 0.012833 0.012819 0.012834 
T_stage 1: 0.069855 0.049882 0.049360 0.054937 0.060597 0.048884 0.048476 0.053133 0.047887 0.052253 
Config: granularity=100000, SDR=1000, ADR=0, Rigid=1, Capture_Method=0
Stage 0: PT=0, T_stage=0.012350, bytes=0, T_capped=0
Stage 1: PT=6, T_stage=0.000000, bytes=33176880, T_capped=0
Group 1: Iters=10, Procs=104, Factors=1.000000, Dist=2, RM=0, SM=0, RS=0, SS=5, parents=156, children=0
Async_Iters: 0
T_iter: 0.077306 0.065290 0.061019 0.080495 0.061072 0.063553 0.063249 0.061452 0.061336 0.061466 
T_stage 0: 0.013014 0.013326 0.014215 0.013017 0.012860 0.015294 0.015586 0.012949 0.012965 0.012905 
T_stage 1: 0.064129 0.051925 0.048086 0.067308 0.048073 0.048034 0.050255 0.048402 0.048354 0.048443 
Config: granularity=100000, SDR=1000, ADR=0, Rigid=1, Capture_Method=0
Stage 0: PT=0, T_stage=0.012350, bytes=0, T_capped=0
Stage 1: PT=6, T_stage=0.000000, bytes=33176880, T_capped=0
Group 1: Iters=10, Procs=104, Factors=1.000000, Dist=2, RM=0, SM=0, RS=0, SS=5, parents=156, children=0
Async_Iters: 0
T_iter: 0.127859 0.062099 0.083502 0.070167 0.064056 0.063852 0.063107 0.063594 0.063336 0.063337 
T_stage 0: 0.028978 0.013308 0.012803 0.013813 0.013128 0.012828 0.012790 0.012808 0.012755 0.012804 
T_stage 1: 0.099161 0.048624 0.070545 0.057207 0.050804 0.050923 0.050205 0.050687 0.050518 0.050422 
Config: granularity=100000, SDR=1000, ADR=0, Rigid=1, Capture_Method=0
Stage 0: PT=0, T_stage=0.012350, bytes=0, T_capped=0
Stage 1: PT=6, T_stage=0.000000, bytes=33176880, T_capped=0
Group 1: Iters=10, Procs=104, Factors=1.000000, Dist=2, RM=0, SM=0, RS=0, SS=5, parents=156, children=0
Async_Iters: 0
T_iter: 0.089996 0.069510 0.064895 0.083042 0.062905 0.065651 0.065834 0.062850 0.062776 0.063263 
T_stage 0: 0.016630 0.013880 0.013238 0.013098 0.013047 0.014382 0.012805 0.012920 0.012856 0.012800 
T_stage 1: 0.073250 0.055507 0.051606 0.069784 0.049729 0.052584 0.052938 0.049791 0.049810 0.050354 
Config: granularity=100000, SDR=1000, ADR=0, Rigid=1, Capture_Method=0
Stage 0: PT=0, T_stage=0.012350, bytes=0, T_capped=0
Stage 1: PT=6, T_stage=0.000000, bytes=33176880, T_capped=0
Group 1: Iters=10, Procs=104, Factors=1.000000, Dist=2, RM=0, SM=0, RS=0, SS=5, parents=156, children=0
Async_Iters: 0
T_iter: 0.113795 0.074705 0.094689 0.068590 0.062421 0.062170 0.062298 0.062803 0.062327 0.061957 
T_stage 0: 0.044734 0.014235 0.012983 0.019476 0.012909 0.012835 0.012854 0.012958 0.012946 0.012767 
T_stage 1: 0.068914 0.060742 0.081565 0.049037 0.049410 0.049236 0.049321 0.049767 0.049153 0.049019 
Config: granularity=100000, SDR=1000, ADR=0, Rigid=1, Capture_Method=0
Stage 0: PT=0, T_stage=0.012350, bytes=0, T_capped=0
Stage 1: PT=6, T_stage=0.000000, bytes=33176880, T_capped=0
Group 1: Iters=10, Procs=104, Factors=1.000000, Dist=2, RM=0, SM=0, RS=0, SS=5, parents=156, children=0
Async_Iters: 0
T_iter: 0.085560 0.072352 0.065815 0.076928 0.068994 0.062019 0.062946 0.068662 0.077029 0.065191 
T_stage 0: 0.013562 0.013467 0.013147 0.013049 0.013021 0.013143 0.012960 0.014142 0.012952 0.013652 
T_stage 1: 0.071874 0.058626 0.052451 0.063810 0.055839 0.048735 0.049933 0.055770 0.063960 0.052262 
Config: granularity=100000, SDR=1000, ADR=0, Rigid=1, Capture_Method=0
Stage 0: PT=0, T_stage=0.012350, bytes=0, T_capped=0
Stage 1: PT=6, T_stage=0.000000, bytes=33176880, T_capped=0
Group 1: Iters=10, Procs=104, Factors=1.000000, Dist=2, RM=0, SM=0, RS=0, SS=5, parents=156, children=0
Async_Iters: 0
T_iter: 0.082347 0.061649 0.062026 0.071698 0.064756 0.067251 0.084113 0.071742 0.060194 0.060717 
T_stage 0: 0.018487 0.013246 0.014175 0.013017 0.015816 0.012908 0.025752 0.012914 0.012930 0.012913 
T_stage 1: 0.063606 0.048080 0.047565 0.058588 0.048839 0.054230 0.058263 0.058628 0.047160 0.047697 
Config: granularity=100000, SDR=1000, ADR=0, Rigid=1, Capture_Method=0
Stage 0: PT=0, T_stage=0.012350, bytes=0, T_capped=0
Stage 1: PT=6, T_stage=0.000000, bytes=33176880, T_capped=0
Group 1: Iters=10, Procs=104, Factors=1.000000, Dist=2, RM=0, SM=0, RS=0, SS=5, parents=156, children=0
Async_Iters: 0
T_iter: 0.089591 0.071553 0.066950 0.098223 0.063070 0.063594 0.072635 0.072593 0.084299 0.064207 
T_stage 0: 0.012801 0.013363 0.013189 0.030554 0.012816 0.012807 0.012826 0.012871 0.016847 0.012967 
T_stage 1: 0.076685 0.057983 0.053649 0.067565 0.050178 0.050643 0.059722 0.059751 0.071056 0.051306 
Config: granularity=100000, SDR=1000, ADR=0, Rigid=1, Capture_Method=0
Stage 0: PT=0, T_stage=0.012350, bytes=0, T_capped=0
Stage 1: PT=6, T_stage=0.000000, bytes=33176880, T_capped=0
Group 1: Iters=10, Procs=104, Factors=1.000000, Dist=2, RM=0, SM=0, RS=0, SS=5, parents=156, children=0
Async_Iters: 0
T_iter: 0.077723 0.064582 0.059089 0.058985 0.075351 0.057557 0.057154 0.057607 0.058876 0.058934 
T_stage 0: 0.013368 0.013290 0.013885 0.013262 0.026584 0.012809 0.012865 0.012844 0.014388 0.012771 
T_stage 1: 0.064175 0.051012 0.045034 0.045610 0.048783 0.044659 0.044152 0.044709 0.045856 0.046061 
Config: granularity=100000, SDR=1000, ADR=0, Rigid=1, Capture_Method=0
Stage 0: PT=0, T_stage=0.012350, bytes=0, T_capped=0
Stage 1: PT=6, T_stage=0.000000, bytes=33176880, T_capped=0
Group 1: Iters=10, Procs=104, Factors=1.000000, Dist=2, RM=0, SM=0, RS=0, SS=5, parents=156, children=0
Async_Iters: 0
T_iter: 0.074112 0.065085 0.071865 0.076176 0.059140 0.059719 0.059243 0.059496 0.059412 0.059343 
T_stage 0: 0.013117 0.013314 0.020157 0.012871 0.013531 0.013088 0.012869 0.014178 0.012791 0.012771 
T_stage 1: 0.060896 0.051627 0.051669 0.063174 0.046228 0.046523 0.046333 0.046566 0.046477 0.046397 
Config: granularity=100000, SDR=1000, ADR=0, Rigid=1, Capture_Method=0
Stage 0: PT=0, T_stage=0.012350, bytes=0, T_capped=0
Stage 1: PT=6, T_stage=0.000000, bytes=33176880, T_capped=0
Group 1: Iters=10, Procs=104, Factors=1.000000, Dist=2, RM=0, SM=0, RS=0, SS=5, parents=156, children=0
Async_Iters: 0
T_iter: 0.081987 0.076068 0.066493 0.086766 0.061580 0.060349 0.060714 0.060746 0.062409 0.060978 
T_stage 0: 0.012793 0.019696 0.013263 0.013077 0.012901 0.013011 0.013026 0.012882 0.012931 0.012789 
T_stage 1: 0.069105 0.061405 0.053110 0.073622 0.048532 0.047267 0.047731 0.047846 0.049302 0.048064 
Config: granularity=100000, SDR=1000, ADR=0, Rigid=1, Capture_Method=0
Stage 0: PT=0, T_stage=0.012350, bytes=0, T_capped=0
Stage 1: PT=6, T_stage=0.000000, bytes=33176880, T_capped=0
Group 1: Iters=10, Procs=104, Factors=1.000000, Dist=2, RM=0, SM=0, RS=0, SS=5, parents=156, children=0
Async_Iters: 0
T_iter: 0.094330 0.065544 0.078354 0.084307 0.067559 0.285976 0.067041 0.062154 0.062051 0.064901 
T_stage 0: 0.024570 0.013738 0.012982 0.019778 0.012835 0.012848 0.012809 0.012828 0.012758 0.013012 
T_stage 1: 0.069619 0.051633 0.065296 0.064375 0.054548 0.273069 0.054136 0.049195 0.049193 0.051831 
Config: granularity=100000, SDR=1000, ADR=0, Rigid=1, Capture_Method=0
Stage 0: PT=0, T_stage=0.012350, bytes=0, T_capped=0
Stage 1: PT=6, T_stage=0.000000, bytes=33176880, T_capped=0
Group 1: Iters=10, Procs=104, Factors=1.000000, Dist=2, RM=0, SM=0, RS=0, SS=5, parents=156, children=0
Async_Iters: 0
T_iter: 0.083238 0.069633 0.062772 0.062493 0.075296 0.069674 0.064835 0.065397 0.067729 0.062722 
T_stage 0: 0.019522 0.012953 0.013107 0.012756 0.020033 0.012919 0.013004 0.012777 0.012780 0.012928 
T_stage 1: 0.063571 0.056608 0.049529 0.049642 0.059150 0.056619 0.051790 0.052507 0.054818 0.049691 
Config: granularity=100000, SDR=1000, ADR=0, Rigid=1, Capture_Method=0
Stage 0: PT=0, T_stage=0.012350, bytes=0, T_capped=0
Stage 1: PT=6, T_stage=0.000000, bytes=33176880, T_capped=0
Group 1: Iters=10, Procs=104, Factors=1.000000, Dist=2, RM=0, SM=0, RS=0, SS=5, parents=156, children=0
Async_Iters: 0
T_iter: 0.085420 0.070043 0.061162 0.065809 0.071285 0.061764 0.061197 0.061157 0.061816 0.061373 
T_stage 0: 0.013156 0.013312 0.013142 0.012881 0.012809 0.012923 0.013160 0.012833 0.013338 0.012806 
T_stage 1: 0.072045 0.056611 0.047862 0.052827 0.058357 0.048697 0.047946 0.048232 0.048846 0.048396 
Config: granularity=100000, SDR=1000, ADR=0, Rigid=1, Capture_Method=0
Stage 0: PT=0, T_stage=0.012350, bytes=0, T_capped=0
Stage 1: PT=6, T_stage=0.000000, bytes=33176880, T_capped=0
Group 1: Iters=10, Procs=104, Factors=1.000000, Dist=2, RM=0, SM=0, RS=0, SS=5, parents=156, children=0
Async_Iters: 0
T_iter: 0.103233 0.065734 0.077306 0.074382 0.087080 0.072863 0.066770 0.064840 0.298344 0.067574 
T_stage 0: 0.021854 0.013644 0.021498 0.018203 0.014329 0.012826 0.012813 0.012798 0.013126 0.012767 
T_stage 1: 0.081250 0.051875 0.055722 0.056000 0.072633 0.059936 0.053855 0.051885 0.285014 0.054583 
Config: granularity=100000, SDR=1000, ADR=0, Rigid=1, Capture_Method=0
Stage 0: PT=0, T_stage=0.012350, bytes=0, T_capped=0
Stage 1: PT=6, T_stage=0.000000, bytes=33176880, T_capped=0
Group 1: Iters=10, Procs=104, Factors=1.000000, Dist=2, RM=0, SM=0, RS=0, SS=5, parents=156, children=0
Async_Iters: 0
T_iter: 0.100520 0.075333 0.073672 0.092665 0.073777 0.073633 0.074198 0.064185 0.064532 0.066359 
T_stage 0: 0.024328 0.013681 0.012944 0.023536 0.012797 0.012800 0.012836 0.012806 0.012883 0.013790 
T_stage 1: 0.076057 0.061400 0.060542 0.068990 0.060865 0.060701 0.061284 0.051288 0.051584 0.053432 
Config: granularity=100000, SDR=1000, ADR=0, Rigid=1, Capture_Method=0
Stage 0: PT=0, T_stage=0.012350, bytes=0, T_capped=0
Stage 1: PT=6, T_stage=0.000000, bytes=33176880, T_capped=0
Group 1: Iters=10, Procs=104, Factors=1.000000, Dist=2, RM=0, SM=0, RS=0, SS=5, parents=156, children=0
Async_Iters: 0
T_iter: 0.081317 0.058990 0.059407 0.070064 0.067271 0.059734 0.056900 0.056498 0.056580 0.056553 
T_stage 0: 0.015210 0.013240 0.012999 0.012830 0.019179 0.012908 0.013066 0.012818 0.012844 0.012913 
T_stage 1: 0.065993 0.045586 0.046411 0.057077 0.046691 0.046786 0.043690 0.043463 0.043525 0.043521 
Config: granularity=100000, SDR=1000, ADR=0, Rigid=1, Capture_Method=0
Stage 0: PT=0, T_stage=0.012350, bytes=0, T_capped=0
Stage 1: PT=6, T_stage=0.000000, bytes=33176880, T_capped=0
Group 1: Iters=10, Procs=104, Factors=1.000000, Dist=2, RM=0, SM=0, RS=0, SS=5, parents=156, children=0
Async_Iters: 0
T_iter: 0.092684 0.071821 0.083216 0.081874 0.073845 0.060127 0.058922 0.061096 0.059791 0.061189 
T_stage 0: 0.016628 0.013449 0.013171 0.012888 0.012894 0.014170 0.014127 0.012993 0.012816 0.012829 
T_stage 1: 0.075979 0.058253 0.069918 0.068970 0.060774 0.047167 0.046073 0.048033 0.046846 0.048230 
Config: granularity=100000, SDR=1000, ADR=0, Rigid=1, Capture_Method=0
Stage 0: PT=0, T_stage=0.012350, bytes=0, T_capped=0
Stage 1: PT=6, T_stage=0.000000, bytes=33176880, T_capped=0
Group 1: Iters=10, Procs=104, Factors=1.000000, Dist=2, RM=0, SM=0, RS=0, SS=5, parents=156, children=0
Async_Iters: 0
T_iter: 0.088170 0.078961 0.068658 0.076846 0.063806 0.063932 0.060468 0.063407 0.062504 0.075350 
T_stage 0: 0.013248 0.013232 0.013139 0.012929 0.012856 0.012856 0.012856 0.012785 0.012822 0.028341 
T_stage 1: 0.074734 0.065554 0.055389 0.063776 0.050809 0.050890 0.047496 0.050405 0.049510 0.046984 
