Config: granularity=100000, SDR=1000, ADR=0, Rigid=1, Capture_Method=0
Stage 0: PT=0, T_stage=0.012350, bytes=0, T_capped=0
Stage 1: PT=6, T_stage=0.000000, bytes=33176880, T_capped=0
Group 0: Iters=5, Procs=364, Factors=1.000000, Dist=2, RM=0, SM=0, RS=0, SS=0, parents=0, children=104
Async_Iters: 0
T_iter: 0.091119 0.073274 0.074232 0.071569 0.073251 
T_stage 0: 0.013008 0.013055 0.012970 0.012993 0.013036 
T_stage 1: 0.077982 0.060134 0.061167 0.058363 0.060057 
Config: granularity=100000, SDR=1000, ADR=0, Rigid=1, Capture_Method=0
Stage 0: PT=0, T_stage=0.012350, bytes=0, T_capped=0
Stage 1: PT=6, T_stage=0.000000, bytes=33176880, T_capped=0
Group 0: Iters=5, Procs=364, Factors=1.000000, Dist=2, RM=0, SM=0, RS=0, SS=0, parents=0, children=104
Async_Iters: 0
T_iter: 0.090835 0.075841 0.076532 0.076812 0.076569 
T_stage 0: 0.012964 0.013314 0.012988 0.012967 0.013024 
T_stage 1: 0.077779 0.062382 0.063393 0.063732 0.063410 
Config: granularity=100000, SDR=1000, ADR=0, Rigid=1, Capture_Method=0
Stage 0: PT=0, T_stage=0.012350, bytes=0, T_capped=0
Stage 1: PT=6, T_stage=0.000000, bytes=33176880, T_capped=0
Group 0: Iters=5, Procs=364, Factors=1.000000, Dist=2, RM=0, SM=0, RS=0, SS=0, parents=0, children=104
Async_Iters: 0
T_iter: 0.091867 0.075116 0.078366 0.074859 0.073571 
T_stage 0: 0.012978 0.016182 0.012986 0.013026 0.012977 
T_stage 1: 0.078753 0.058771 0.065246 0.061645 0.060456 
Config: granularity=100000, SDR=1000, ADR=0, Rigid=1, Capture_Method=0
Stage 0: PT=0, T_stage=0.012350, bytes=0, T_capped=0
Stage 1: PT=6, T_stage=0.000000, bytes=33176880, T_capped=0
Group 0: Iters=5, Procs=364, Factors=1.000000, Dist=2, RM=0, SM=0, RS=0, SS=0, parents=0, children=104
Async_Iters: 0
T_iter: 0.093363 0.078272 0.076194 0.074067 0.076820 
T_stage 0: 0.013027 0.016681 0.014955 0.013034 0.013055 
T_stage 1: 0.080218 0.061525 0.061140 0.060922 0.063631 
Config: granularity=100000, SDR=1000, ADR=0, Rigid=1, Capture_Method=0
Stage 0: PT=0, T_stage=0.012350, bytes=0, T_capped=0
Stage 1: PT=6, T_stage=0.000000, bytes=33176880, T_capped=0
Group 0: Iters=5, Procs=364, Factors=1.000000, Dist=2, RM=0, SM=0, RS=0, SS=0, parents=0, children=104
Async_Iters: 0
T_iter: 0.092767 0.074955 0.074892 0.074135 0.076836 
T_stage 0: 0.013147 0.013319 0.013143 0.013181 0.013293 
T_stage 1: 0.079485 0.061552 0.061655 0.060772 0.063453 
Config: granularity=100000, SDR=1000, ADR=0, Rigid=1, Capture_Method=0
Stage 0: PT=0, T_stage=0.012350, bytes=0, T_capped=0
Stage 1: PT=6, T_stage=0.000000, bytes=33176880, T_capped=0
Group 0: Iters=5, Procs=364, Factors=1.000000, Dist=2, RM=0, SM=0, RS=0, SS=0, parents=0, children=104
Async_Iters: 0
T_iter: 0.091066 0.076254 0.076840 0.074420 0.075357 
T_stage 0: 0.012961 0.013269 0.012970 0.012998 0.013012 
T_stage 1: 0.077947 0.062898 0.063796 0.061295 0.062206 
Config: granularity=100000, SDR=1000, ADR=0, Rigid=1, Capture_Method=0
Stage 0: PT=0, T_stage=0.012350, bytes=0, T_capped=0
Stage 1: PT=6, T_stage=0.000000, bytes=33176880, T_capped=0
Group 0: Iters=5, Procs=364, Factors=1.000000, Dist=2, RM=0, SM=0, RS=0, SS=0, parents=0, children=104
Async_Iters: 0
T_iter: 0.106990 0.085792 0.089718 0.085823 0.086162 
T_stage 0: 0.024783 0.022737 0.022775 0.022767 0.022716 
T_stage 1: 0.084128 0.062931 0.066824 0.062940 0.063361 
Config: granularity=100000, SDR=1000, ADR=0, Rigid=1, Capture_Method=0
Stage 0: PT=0, T_stage=0.012350, bytes=0, T_capped=0
Stage 1: PT=6, T_stage=0.000000, bytes=33176880, T_capped=0
Group 0: Iters=5, Procs=364, Factors=1.000000, Dist=2, RM=0, SM=0, RS=0, SS=0, parents=0, children=104
Async_Iters: 0
T_iter: 0.098224 0.080561 0.080280 0.084197 0.081037 
T_stage 0: 0.012986 0.012981 0.012965 0.012977 0.012998 
T_stage 1: 0.085048 0.067453 0.067160 0.071095 0.067957 
Config: granularity=100000, SDR=1000, ADR=0, Rigid=1, Capture_Method=0
Stage 0: PT=0, T_stage=0.012350, bytes=0, T_capped=0
Stage 1: PT=6, T_stage=0.000000, bytes=33176880, T_capped=0
Group 0: Iters=5, Procs=364, Factors=1.000000, Dist=2, RM=0, SM=0, RS=0, SS=0, parents=0, children=104
Async_Iters: 0
T_iter: 0.092363 0.075228 0.074936 0.075202 0.076027 
T_stage 0: 0.012961 0.012972 0.012953 0.012989 0.013037 
T_stage 1: 0.079273 0.062092 0.061833 0.062109 0.062849 
Config: granularity=100000, SDR=1000, ADR=0, Rigid=1, Capture_Method=0
Stage 0: PT=0, T_stage=0.012350, bytes=0, T_capped=0
Stage 1: PT=6, T_stage=0.000000, bytes=33176880, T_capped=0
Group 0: Iters=5, Procs=364, Factors=1.000000, Dist=2, RM=0, SM=0, RS=0, SS=0, parents=0, children=104
Async_Iters: 0
T_iter: 0.093265 0.072890 0.073607 0.073362 0.075216 
T_stage 0: 0.012964 0.013055 0.013256 0.012982 0.012984 
T_stage 1: 0.080133 0.059720 0.060199 0.060264 0.062129 
Config: granularity=100000, SDR=1000, ADR=0, Rigid=1, Capture_Method=0
Stage 0: PT=0, T_stage=0.012350, bytes=0, T_capped=0
Stage 1: PT=6, T_stage=0.000000, bytes=33176880, T_capped=0
Group 0: Iters=5, Procs=364, Factors=1.000000, Dist=2, RM=0, SM=0, RS=0, SS=0, parents=0, children=104
Async_Iters: 0
T_iter: 0.091355 0.072316 0.073419 0.076153 0.073904 
T_stage 0: 0.013051 0.012986 0.012991 0.013021 0.012987 
T_stage 1: 0.078179 0.059208 0.060271 0.063072 0.060801 
Config: granularity=100000, SDR=1000, ADR=0, Rigid=1, Capture_Method=0
Stage 0: PT=0, T_stage=0.012350, bytes=0, T_capped=0
Stage 1: PT=6, T_stage=0.000000, bytes=33176880, T_capped=0
Group 0: Iters=5, Procs=364, Factors=1.000000, Dist=2, RM=0, SM=0, RS=0, SS=0, parents=0, children=104
Async_Iters: 0
T_iter: 0.101253 0.074400 0.076956 0.079396 0.075930 
T_stage 0: 0.013002 0.012973 0.012968 0.016424 0.013015 
T_stage 1: 0.088064 0.061301 0.063828 0.062907 0.062779 
Config: granularity=100000, SDR=1000, ADR=0, Rigid=1, Capture_Method=0
Stage 0: PT=0, T_stage=0.012350, bytes=0, T_capped=0
Stage 1: PT=6, T_stage=0.000000, bytes=33176880, T_capped=0
Group 0: Iters=5, Procs=364, Factors=1.000000, Dist=2, RM=0, SM=0, RS=0, SS=0, parents=0, children=104
Async_Iters: 0
T_iter: 0.096477 0.073791 0.073944 0.074787 0.073952 
T_stage 0: 0.012961 0.013005 0.012963 0.012989 0.013049 
T_stage 1: 0.083387 0.060680 0.060873 0.061689 0.060811 
Config: granularity=100000, SDR=1000, ADR=0, Rigid=1, Capture_Method=0
Stage 0: PT=0, T_stage=0.012350, bytes=0, T_capped=0
Stage 1: PT=6, T_stage=0.000000, bytes=33176880, T_capped=0
Group 0: Iters=5, Procs=364, Factors=1.000000, Dist=2, RM=0, SM=0, RS=0, SS=0, parents=0, children=104
Async_Iters: 0
T_iter: 0.094010 0.074069 0.073743 0.074575 0.075954 
T_stage 0: 0.012991 0.013262 0.012971 0.012980 0.013816 
T_stage 1: 0.080913 0.060666 0.060658 0.061493 0.062041 
Config: granularity=100000, SDR=1000, ADR=0, Rigid=1, Capture_Method=0
Stage 0: PT=0, T_stage=0.012350, bytes=0, T_capped=0
Stage 1: PT=6, T_stage=0.000000, bytes=33176880, T_capped=0
Group 0: Iters=5, Procs=364, Factors=1.000000, Dist=2, RM=0, SM=0, RS=0, SS=0, parents=0, children=104
Async_Iters: 0
T_iter: 0.092326 0.075023 0.075447 0.075559 0.077822 
T_stage 0: 0.013003 0.013083 0.013018 0.012996 0.012986 
T_stage 1: 0.079180 0.061812 0.062331 0.062429 0.064682 
Config: granularity=100000, SDR=1000, ADR=0, Rigid=1, Capture_Method=0
Stage 0: PT=0, T_stage=0.012350, bytes=0, T_capped=0
Stage 1: PT=6, T_stage=0.000000, bytes=33176880, T_capped=0
Group 0: Iters=5, Procs=364, Factors=1.000000, Dist=2, RM=0, SM=0, RS=0, SS=0, parents=0, children=104
Async_Iters: 0
T_iter: 0.085230 0.073009 0.071806 0.071790 0.075037 
T_stage 0: 0.012975 0.012978 0.012973 0.012971 0.012958 
T_stage 1: 0.072155 0.059943 0.058749 0.058676 0.061960 
Config: granularity=100000, SDR=1000, ADR=0, Rigid=1, Capture_Method=0
Stage 0: PT=0, T_stage=0.012350, bytes=0, T_capped=0
Stage 1: PT=6, T_stage=0.000000, bytes=33176880, T_capped=0
Group 0: Iters=5, Procs=364, Factors=1.000000, Dist=2, RM=0, SM=0, RS=0, SS=0, parents=0, children=104
Async_Iters: 0
T_iter: 0.089519 0.072716 0.072893 0.072772 0.073572 
T_stage 0: 0.013204 0.013179 0.013197 0.013220 0.013194 
T_stage 1: 0.076249 0.059389 0.059513 0.059401 0.060234 
Config: granularity=100000, SDR=1000, ADR=0, Rigid=1, Capture_Method=0
Stage 0: PT=0, T_stage=0.012350, bytes=0, T_capped=0
Stage 1: PT=6, T_stage=0.000000, bytes=33176880, T_capped=0
Group 0: Iters=5, Procs=364, Factors=1.000000, Dist=2, RM=0, SM=0, RS=0, SS=0, parents=0, children=104
Async_Iters: 0
T_iter: 0.093553 0.075689 0.075501 0.074833 0.076307 
T_stage 0: 0.012958 0.013065 0.013112 0.013016 0.013006 
T_stage 1: 0.080512 0.062496 0.062218 0.061699 0.063120 
Config: granularity=100000, SDR=1000, ADR=0, Rigid=1, Capture_Method=0
Stage 0: PT=0, T_stage=0.012350, bytes=0, T_capped=0
Stage 1: PT=6, T_stage=0.000000, bytes=33176880, T_capped=0
Group 0: Iters=5, Procs=364, Factors=1.000000, Dist=2, RM=0, SM=0, RS=0, SS=0, parents=0, children=104
Async_Iters: 0
T_iter: 0.123372 0.085220 0.075615 0.073841 0.078777 
T_stage 0: 0.016265 0.019068 0.012973 0.012989 0.013003 
T_stage 1: 0.107005 0.066110 0.062528 0.060705 0.065585 
Config: granularity=100000, SDR=1000, ADR=0, Rigid=1, Capture_Method=0
Stage 0: PT=0, T_stage=0.012350, bytes=0, T_capped=0
Stage 1: PT=6, T_stage=0.000000, bytes=33176880, T_capped=0
Group 0: Iters=5, Procs=364, Factors=1.000000, Dist=2, RM=0, SM=0, RS=0, SS=0, parents=0, children=104
Async_Iters: 0
T_iter: 0.090867 0.075094 0.074026 0.072557 0.085949 
T_stage 0: 0.012983 0.013288 0.012985 0.013008 0.022797 
T_stage 1: 0.077763 0.061710 0.060947 0.059310 0.063008 
