Config loaded: R=1, S=2, granularity=100000, SDR=1000, ADR=0, Rigid=1, Capture_Method=0
Stage 0: PT=0, T_stage=0.012350, bytes=0, T_capped=0
Stage 1: PT=6, T_stage=0.000000, bytes=33176880, T_capped=0
Group 0: Iters=5, Procs=104, Factors=1.000000, Dist=2, RM=0, SM=0, RS=0, SS=0
Group 1: Iters=10, Procs=156, Factors=1.000000, Dist=2, RM=0, SM=0, RS=0, SS=5
T_spawn: 5.022452 
T_SR: 0.135975 
T_AR: 0.000000 
T_US: 0.231149 
T_Malleability: 5.767633 
T_total: 6.806558
Config loaded: R=1, S=2, granularity=100000, SDR=1000, ADR=0, Rigid=1, Capture_Method=0
Stage 0: PT=0, T_stage=0.012350, bytes=0, T_capped=0
Stage 1: PT=6, T_stage=0.000000, bytes=33176880, T_capped=0
Group 0: Iters=5, Procs=104, Factors=1.000000, Dist=2, RM=0, SM=0, RS=0, SS=0
Group 1: Iters=10, Procs=156, Factors=1.000000, Dist=2, RM=0, SM=0, RS=0, SS=5
T_spawn: 5.383483 
T_SR: 0.123998 
T_AR: 0.000000 
T_US: 0.320790 
T_Malleability: 6.205380 
T_total: 7.272992
Config loaded: R=1, S=2, granularity=100000, SDR=1000, ADR=0, Rigid=1, Capture_Method=0
Stage 0: PT=0, T_stage=0.012350, bytes=0, T_capped=0
Stage 1: PT=6, T_stage=0.000000, bytes=33176880, T_capped=0
Group 0: Iters=5, Procs=104, Factors=1.000000, Dist=2, RM=0, SM=0, RS=0, SS=0
Group 1: Iters=10, Procs=156, Factors=1.000000, Dist=2, RM=0, SM=0, RS=0, SS=5
T_spawn: 4.950676 
T_SR: 0.115153 
T_AR: 0.000000 
T_US: 0.271175 
T_Malleability: 5.720858 
T_total: 6.751851
Config loaded: R=1, S=2, granularity=100000, SDR=1000, ADR=0, Rigid=1, Capture_Method=0
Stage 0: PT=0, T_stage=0.012350, bytes=0, T_capped=0
Stage 1: PT=6, T_stage=0.000000, bytes=33176880, T_capped=0
Group 0: Iters=5, Procs=104, Factors=1.000000, Dist=2, RM=0, SM=0, RS=0, SS=0
Group 1: Iters=10, Procs=156, Factors=1.000000, Dist=2, RM=0, SM=0, RS=0, SS=5
T_spawn: 4.894608 
T_SR: 0.122989 
T_AR: 0.000000 
T_US: 0.168039 
T_Malleability: 5.664163 
T_total: 6.639857
Config loaded: R=1, S=2, granularity=100000, SDR=1000, ADR=0, Rigid=1, Capture_Method=0
Stage 0: PT=0, T_stage=0.012350, bytes=0, T_capped=0
Stage 1: PT=6, T_stage=0.000000, bytes=33176880, T_capped=0
Group 0: Iters=5, Procs=104, Factors=1.000000, Dist=2, RM=0, SM=0, RS=0, SS=0
Group 1: Iters=10, Procs=156, Factors=1.000000, Dist=2, RM=0, SM=0, RS=0, SS=5
T_spawn: 4.846909 
T_SR: 0.111981 
T_AR: 0.000000 
T_US: 0.254902 
T_Malleability: 5.637432 
T_total: 6.645788
Config loaded: R=1, S=2, granularity=100000, SDR=1000, ADR=0, Rigid=1, Capture_Method=0
Stage 0: PT=0, T_stage=0.012350, bytes=0, T_capped=0
Stage 1: PT=6, T_stage=0.000000, bytes=33176880, T_capped=0
Group 0: Iters=5, Procs=104, Factors=1.000000, Dist=2, RM=0, SM=0, RS=0, SS=0
Group 1: Iters=10, Procs=156, Factors=1.000000, Dist=2, RM=0, SM=0, RS=0, SS=5
T_spawn: 5.048992 
T_SR: 0.127999 
T_AR: 0.000000 
T_US: 0.299917 
T_Malleability: 5.870479 
T_total: 6.991395
Config loaded: R=1, S=2, granularity=100000, SDR=1000, ADR=0, Rigid=1, Capture_Method=0
Stage 0: PT=0, T_stage=0.012350, bytes=0, T_capped=0
Stage 1: PT=6, T_stage=0.000000, bytes=33176880, T_capped=0
Group 0: Iters=5, Procs=104, Factors=1.000000, Dist=2, RM=0, SM=0, RS=0, SS=0
Group 1: Iters=10, Procs=156, Factors=1.000000, Dist=2, RM=0, SM=0, RS=0, SS=5
T_spawn: 5.065817 
T_SR: 0.086987 
T_AR: 0.000000 
T_US: 0.274175 
T_Malleability: 5.839028 
T_total: 6.873474
Config loaded: R=1, S=2, granularity=100000, SDR=1000, ADR=0, Rigid=1, Capture_Method=0
Stage 0: PT=0, T_stage=0.012350, bytes=0, T_capped=0
Stage 1: PT=6, T_stage=0.000000, bytes=33176880, T_capped=0
Group 0: Iters=5, Procs=104, Factors=1.000000, Dist=2, RM=0, SM=0, RS=0, SS=0
Group 1: Iters=10, Procs=156, Factors=1.000000, Dist=2, RM=0, SM=0, RS=0, SS=5
T_spawn: 4.968937 
T_SR: 0.087039 
T_AR: 0.000000 
T_US: 0.247952 
T_Malleability: 5.726040 
T_total: 6.720075
Config loaded: R=1, S=2, granularity=100000, SDR=1000, ADR=0, Rigid=1, Capture_Method=0
Stage 0: PT=0, T_stage=0.012350, bytes=0, T_capped=0
Stage 1: PT=6, T_stage=0.000000, bytes=33176880, T_capped=0
Group 0: Iters=5, Procs=104, Factors=1.000000, Dist=2, RM=0, SM=0, RS=0, SS=0
Group 1: Iters=10, Procs=156, Factors=1.000000, Dist=2, RM=0, SM=0, RS=0, SS=5
T_spawn: 5.088572 
T_SR: 0.096007 
T_AR: 0.000000 
T_US: 0.275203 
T_Malleability: 5.819493 
T_total: 6.894253
Config loaded: R=1, S=2, granularity=100000, SDR=1000, ADR=0, Rigid=1, Capture_Method=0
Stage 0: PT=0, T_stage=0.012350, bytes=0, T_capped=0
Stage 1: PT=6, T_stage=0.000000, bytes=33176880, T_capped=0
Group 0: Iters=5, Procs=104, Factors=1.000000, Dist=2, RM=0, SM=0, RS=0, SS=0
Group 1: Iters=10, Procs=156, Factors=1.000000, Dist=2, RM=0, SM=0, RS=0, SS=5
T_spawn: 5.550260 
T_SR: 0.084000 
T_AR: 0.000000 
T_US: 0.253721 
T_Malleability: 6.360056 
T_total: 7.447704
Config loaded: R=1, S=2, granularity=100000, SDR=1000, ADR=0, Rigid=1, Capture_Method=0
Stage 0: PT=0, T_stage=0.012350, bytes=0, T_capped=0
Stage 1: PT=6, T_stage=0.000000, bytes=33176880, T_capped=0
Group 0: Iters=5, Procs=104, Factors=1.000000, Dist=2, RM=0, SM=0, RS=0, SS=0
Group 1: Iters=10, Procs=156, Factors=1.000000, Dist=2, RM=0, SM=0, RS=0, SS=5
T_spawn: 4.761858 
T_SR: 0.119993 
T_AR: 0.000000 
T_US: 0.263934 
T_Malleability: 5.548249 
T_total: 6.587398
Config loaded: R=1, S=2, granularity=100000, SDR=1000, ADR=0, Rigid=1, Capture_Method=0
Stage 0: PT=0, T_stage=0.012350, bytes=0, T_capped=0
Stage 1: PT=6, T_stage=0.000000, bytes=33176880, T_capped=0
Group 0: Iters=5, Procs=104, Factors=1.000000, Dist=2, RM=0, SM=0, RS=0, SS=0
Group 1: Iters=10, Procs=156, Factors=1.000000, Dist=2, RM=0, SM=0, RS=0, SS=5
T_spawn: 5.020557 
T_SR: 0.112010 
T_AR: 0.000000 
T_US: 0.240006 
T_Malleability: 5.887671 
T_total: 6.880102
Config loaded: R=1, S=2, granularity=100000, SDR=1000, ADR=0, Rigid=1, Capture_Method=0
Stage 0: PT=0, T_stage=0.012350, bytes=0, T_capped=0
Stage 1: PT=6, T_stage=0.000000, bytes=33176880, T_capped=0
Group 0: Iters=5, Procs=104, Factors=1.000000, Dist=2, RM=0, SM=0, RS=0, SS=0
Group 1: Iters=10, Procs=156, Factors=1.000000, Dist=2, RM=0, SM=0, RS=0, SS=5
T_spawn: 5.031109 
T_SR: 0.095984 
T_AR: 0.000000 
T_US: 0.276019 
T_Malleability: 5.872416 
T_total: 6.993474
Config loaded: R=1, S=2, granularity=100000, SDR=1000, ADR=0, Rigid=1, Capture_Method=0
Stage 0: PT=0, T_stage=0.012350, bytes=0, T_capped=0
Stage 1: PT=6, T_stage=0.000000, bytes=33176880, T_capped=0
Group 0: Iters=5, Procs=104, Factors=1.000000, Dist=2, RM=0, SM=0, RS=0, SS=0
Group 1: Iters=10, Procs=156, Factors=1.000000, Dist=2, RM=0, SM=0, RS=0, SS=5
T_spawn: 5.104718 
T_SR: 0.143997 
T_AR: 0.000000 
T_US: 0.252001 
T_Malleability: 5.907796 
T_total: 6.920339
Config loaded: R=1, S=2, granularity=100000, SDR=1000, ADR=0, Rigid=1, Capture_Method=0
Stage 0: PT=0, T_stage=0.012350, bytes=0, T_capped=0
Stage 1: PT=6, T_stage=0.000000, bytes=33176880, T_capped=0
Group 0: Iters=5, Procs=104, Factors=1.000000, Dist=2, RM=0, SM=0, RS=0, SS=0
Group 1: Iters=10, Procs=156, Factors=1.000000, Dist=2, RM=0, SM=0, RS=0, SS=5
T_spawn: 4.943922 
T_SR: 0.103988 
T_AR: 0.000000 
T_US: 0.271927 
T_Malleability: 5.734124 
T_total: 6.852868
Config loaded: R=1, S=2, granularity=100000, SDR=1000, ADR=0, Rigid=1, Capture_Method=0
Stage 0: PT=0, T_stage=0.012350, bytes=0, T_capped=0
Stage 1: PT=6, T_stage=0.000000, bytes=33176880, T_capped=0
Group 0: Iters=5, Procs=104, Factors=1.000000, Dist=2, RM=0, SM=0, RS=0, SS=0
Group 1: Iters=10, Procs=156, Factors=1.000000, Dist=2, RM=0, SM=0, RS=0, SS=5
T_spawn: 5.326809 
T_SR: 0.115063 
T_AR: 0.000000 
T_US: 0.252041 
T_Malleability: 6.177047 
T_total: 7.213552
Config loaded: R=1, S=2, granularity=100000, SDR=1000, ADR=0, Rigid=1, Capture_Method=0
Stage 0: PT=0, T_stage=0.012350, bytes=0, T_capped=0
Stage 1: PT=6, T_stage=0.000000, bytes=33176880, T_capped=0
Group 0: Iters=5, Procs=104, Factors=1.000000, Dist=2, RM=0, SM=0, RS=0, SS=0
Group 1: Iters=10, Procs=156, Factors=1.000000, Dist=2, RM=0, SM=0, RS=0, SS=5
T_spawn: 5.022404 
T_SR: 0.112008 
T_AR: 0.000000 
T_US: 0.287932 
T_Malleability: 5.853520 
T_total: 7.152469
Config loaded: R=1, S=2, granularity=100000, SDR=1000, ADR=0, Rigid=1, Capture_Method=0
Stage 0: PT=0, T_stage=0.012350, bytes=0, T_capped=0
Stage 1: PT=6, T_stage=0.000000, bytes=33176880, T_capped=0
Group 0: Iters=5, Procs=104, Factors=1.000000, Dist=2, RM=0, SM=0, RS=0, SS=0
Group 1: Iters=10, Procs=156, Factors=1.000000, Dist=2, RM=0, SM=0, RS=0, SS=5
T_spawn: 4.905604 
T_SR: 0.107070 
T_AR: 0.000000 
T_US: 0.249152 
T_Malleability: 5.590519 
T_total: 6.541348
Config loaded: R=1, S=2, granularity=100000, SDR=1000, ADR=0, Rigid=1, Capture_Method=0
Stage 0: PT=0, T_stage=0.012350, bytes=0, T_capped=0
Stage 1: PT=6, T_stage=0.000000, bytes=33176880, T_capped=0
Group 0: Iters=5, Procs=104, Factors=1.000000, Dist=2, RM=0, SM=0, RS=0, SS=0
Group 1: Iters=10, Procs=156, Factors=1.000000, Dist=2, RM=0, SM=0, RS=0, SS=5
T_spawn: 4.893004 
T_SR: 0.104011 
T_AR: 0.000000 
T_US: 0.207083 
T_Malleability: 5.628766 
T_total: 6.611179
Config loaded: R=1, S=2, granularity=100000, SDR=1000, ADR=0, Rigid=1, Capture_Method=0
Stage 0: PT=0, T_stage=0.012350, bytes=0, T_capped=0
Stage 1: PT=6, T_stage=0.000000, bytes=33176880, T_capped=0
Group 0: Iters=5, Procs=104, Factors=1.000000, Dist=2, RM=0, SM=0, RS=0, SS=0
Group 1: Iters=10, Procs=156, Factors=1.000000, Dist=2, RM=0, SM=0, RS=0, SS=5
T_spawn: 5.390840 
T_SR: 0.173414 
T_AR: 0.000000 
T_US: 0.274867 
T_Malleability: 6.209451 
T_total: 7.250043
