Config loaded: R=1, S=2, granularity=100000, SDR=10000, ADR=0, Rigid=1, Capture_Method=0
Stage 0: PT=0, T_stage=0.523500, bytes=0, T_capped=0
Stage 1: PT=6, T_stage=0.000000, bytes=33176880, T_capped=0
Group 0: Iters=5, Procs=224, Factors=1.000000, Dist=2, RM=0, SM=0, RS=0, SS=0
Group 1: Iters=10, Procs=3584, Factors=1.000000, Dist=2, RM=0, SM=1, RS=0, SS=4
T_spawn: 28.127519 
T_SR: 1.065768 
T_AR: 0.000000 
T_US: 0.025514 
T_Malleability: 29.263676 
T_total: 45.413300
Config loaded: R=1, S=2, granularity=100000, SDR=10000, ADR=0, Rigid=1, Capture_Method=0
Stage 0: PT=0, T_stage=0.523500, bytes=0, T_capped=0
Stage 1: PT=6, T_stage=0.000000, bytes=33176880, T_capped=0
Group 0: Iters=5, Procs=224, Factors=1.000000, Dist=2, RM=0, SM=0, RS=0, SS=0
Group 1: Iters=10, Procs=3584, Factors=1.000000, Dist=2, RM=0, SM=1, RS=0, SS=4
T_spawn: 13.264591 
T_SR: 0.019327 
T_AR: 0.000000 
T_US: 0.012888 
T_Malleability: 13.361654 
T_total: 29.122126
Config loaded: R=1, S=2, granularity=100000, SDR=10000, ADR=0, Rigid=1, Capture_Method=0
Stage 0: PT=0, T_stage=0.523500, bytes=0, T_capped=0
Stage 1: PT=6, T_stage=0.000000, bytes=33176880, T_capped=0
Group 0: Iters=5, Procs=224, Factors=1.000000, Dist=2, RM=0, SM=0, RS=0, SS=0
Group 1: Iters=10, Procs=3584, Factors=1.000000, Dist=2, RM=0, SM=1, RS=0, SS=4
T_spawn: 12.499140 
T_SR: 0.020485 
T_AR: 0.000000 
T_US: 0.020098 
T_Malleability: 12.567801 
T_total: 30.300539
Config loaded: R=1, S=2, granularity=100000, SDR=10000, ADR=0, Rigid=1, Capture_Method=0
Stage 0: PT=0, T_stage=0.523500, bytes=0, T_capped=0
Stage 1: PT=6, T_stage=0.000000, bytes=33176880, T_capped=0
Group 0: Iters=5, Procs=224, Factors=1.000000, Dist=2, RM=0, SM=0, RS=0, SS=0
Group 1: Iters=10, Procs=3584, Factors=1.000000, Dist=2, RM=0, SM=1, RS=0, SS=4
T_spawn: 12.423995 
T_SR: 0.024613 
T_AR: 0.000000 
T_US: 0.020789 
T_Malleability: 12.493487 
T_total: 28.965404
Config loaded: R=1, S=2, granularity=100000, SDR=10000, ADR=0, Rigid=1, Capture_Method=0
Stage 0: PT=0, T_stage=0.523500, bytes=0, T_capped=0
Stage 1: PT=6, T_stage=0.000000, bytes=33176880, T_capped=0
Group 0: Iters=5, Procs=224, Factors=1.000000, Dist=2, RM=0, SM=0, RS=0, SS=0
Group 1: Iters=10, Procs=3584, Factors=1.000000, Dist=2, RM=0, SM=1, RS=0, SS=4
T_spawn: 13.039463 
T_SR: 0.019723 
T_AR: 0.000000 
T_US: 0.028259 
T_Malleability: 13.111782 
T_total: 29.981135
Config loaded: R=1, S=2, granularity=100000, SDR=10000, ADR=0, Rigid=1, Capture_Method=0
Stage 0: PT=0, T_stage=0.523500, bytes=0, T_capped=0
Stage 1: PT=6, T_stage=0.000000, bytes=33176880, T_capped=0
Group 0: Iters=5, Procs=224, Factors=1.000000, Dist=2, RM=0, SM=0, RS=0, SS=0
Group 1: Iters=10, Procs=3584, Factors=1.000000, Dist=2, RM=0, SM=1, RS=0, SS=4
T_spawn: 13.248509 
T_SR: 0.021352 
T_AR: 0.000000 
T_US: 0.016738 
T_Malleability: 13.310985 
T_total: 29.931084
Config loaded: R=1, S=2, granularity=100000, SDR=10000, ADR=0, Rigid=1, Capture_Method=0
Stage 0: PT=0, T_stage=0.523500, bytes=0, T_capped=0
Stage 1: PT=6, T_stage=0.000000, bytes=33176880, T_capped=0
Group 0: Iters=5, Procs=224, Factors=1.000000, Dist=2, RM=0, SM=0, RS=0, SS=0
Group 1: Iters=10, Procs=3584, Factors=1.000000, Dist=2, RM=0, SM=1, RS=0, SS=4
T_spawn: 12.984506 
T_SR: 0.020006 
T_AR: 0.000000 
T_US: 0.029841 
T_Malleability: 13.074337 
T_total: 29.565247
Config loaded: R=1, S=2, granularity=100000, SDR=10000, ADR=0, Rigid=1, Capture_Method=0
Stage 0: PT=0, T_stage=0.523500, bytes=0, T_capped=0
Stage 1: PT=6, T_stage=0.000000, bytes=33176880, T_capped=0
Group 0: Iters=5, Procs=224, Factors=1.000000, Dist=2, RM=0, SM=0, RS=0, SS=0
Group 1: Iters=10, Procs=3584, Factors=1.000000, Dist=2, RM=0, SM=1, RS=0, SS=4
T_spawn: 13.518208 
T_SR: 0.023028 
T_AR: 0.000000 
T_US: 0.015033 
T_Malleability: 13.606532 
T_total: 30.462970
Config loaded: R=1, S=2, granularity=100000, SDR=10000, ADR=0, Rigid=1, Capture_Method=0
Stage 0: PT=0, T_stage=0.523500, bytes=0, T_capped=0
Stage 1: PT=6, T_stage=0.000000, bytes=33176880, T_capped=0
Group 0: Iters=5, Procs=224, Factors=1.000000, Dist=2, RM=0, SM=0, RS=0, SS=0
Group 1: Iters=10, Procs=3584, Factors=1.000000, Dist=2, RM=0, SM=1, RS=0, SS=4
T_spawn: 12.633890 
T_SR: 0.022559 
T_AR: 0.000000 
T_US: 0.023669 
T_Malleability: 12.709356 
T_total: 29.645107
Config loaded: R=1, S=2, granularity=100000, SDR=10000, ADR=0, Rigid=1, Capture_Method=0
Stage 0: PT=0, T_stage=0.523500, bytes=0, T_capped=0
Stage 1: PT=6, T_stage=0.000000, bytes=33176880, T_capped=0
Group 0: Iters=5, Procs=224, Factors=1.000000, Dist=2, RM=0, SM=0, RS=0, SS=0
Group 1: Iters=10, Procs=3584, Factors=1.000000, Dist=2, RM=0, SM=1, RS=0, SS=4
T_spawn: 12.765923 
T_SR: 0.019000 
T_AR: 0.000000 
T_US: 0.022830 
T_Malleability: 12.838202 
T_total: 30.321440
Config loaded: R=1, S=2, granularity=100000, SDR=10000, ADR=0, Rigid=1, Capture_Method=0
Stage 0: PT=0, T_stage=0.523500, bytes=0, T_capped=0
Stage 1: PT=6, T_stage=0.000000, bytes=33176880, T_capped=0
Group 0: Iters=5, Procs=224, Factors=1.000000, Dist=2, RM=0, SM=0, RS=0, SS=0
Group 1: Iters=10, Procs=3584, Factors=1.000000, Dist=2, RM=0, SM=1, RS=0, SS=4
T_spawn: 12.636737 
T_SR: 0.019585 
T_AR: 0.000000 
T_US: 0.040362 
T_Malleability: 12.725278 
T_total: 31.029547
Config loaded: R=1, S=2, granularity=100000, SDR=10000, ADR=0, Rigid=1, Capture_Method=0
Stage 0: PT=0, T_stage=0.523500, bytes=0, T_capped=0
Stage 1: PT=6, T_stage=0.000000, bytes=33176880, T_capped=0
Group 0: Iters=5, Procs=224, Factors=1.000000, Dist=2, RM=0, SM=0, RS=0, SS=0
Group 1: Iters=10, Procs=3584, Factors=1.000000, Dist=2, RM=0, SM=1, RS=0, SS=4
T_spawn: 13.452503 
T_SR: 0.019803 
T_AR: 0.000000 
T_US: 0.020661 
T_Malleability: 13.540441 
T_total: 30.193065
Config loaded: R=1, S=2, granularity=100000, SDR=10000, ADR=0, Rigid=1, Capture_Method=0
Stage 0: PT=0, T_stage=0.523500, bytes=0, T_capped=0
Stage 1: PT=6, T_stage=0.000000, bytes=33176880, T_capped=0
Group 0: Iters=5, Procs=224, Factors=1.000000, Dist=2, RM=0, SM=0, RS=0, SS=0
Group 1: Iters=10, Procs=3584, Factors=1.000000, Dist=2, RM=0, SM=1, RS=0, SS=4
T_spawn: 11.690030 
T_SR: 0.021270 
T_AR: 0.000000 
T_US: 0.035377 
T_Malleability: 11.813895 
T_total: 29.243947
Config loaded: R=1, S=2, granularity=100000, SDR=10000, ADR=0, Rigid=1, Capture_Method=0
Stage 0: PT=0, T_stage=0.523500, bytes=0, T_capped=0
Stage 1: PT=6, T_stage=0.000000, bytes=33176880, T_capped=0
Group 0: Iters=5, Procs=224, Factors=1.000000, Dist=2, RM=0, SM=0, RS=0, SS=0
Group 1: Iters=10, Procs=3584, Factors=1.000000, Dist=2, RM=0, SM=1, RS=0, SS=4
T_spawn: 13.832483 
T_SR: 0.019773 
T_AR: 0.000000 
T_US: 0.029212 
T_Malleability: 13.906579 
T_total: 31.668914
Config loaded: R=1, S=2, granularity=100000, SDR=10000, ADR=0, Rigid=1, Capture_Method=0
Stage 0: PT=0, T_stage=0.523500, bytes=0, T_capped=0
Stage 1: PT=6, T_stage=0.000000, bytes=33176880, T_capped=0
Group 0: Iters=5, Procs=224, Factors=1.000000, Dist=2, RM=0, SM=0, RS=0, SS=0
Group 1: Iters=10, Procs=3584, Factors=1.000000, Dist=2, RM=0, SM=1, RS=0, SS=4
T_spawn: 13.371668 
T_SR: 0.021145 
T_AR: 0.000000 
T_US: 0.018027 
T_Malleability: 13.468911 
T_total: 29.578367
Config loaded: R=1, S=2, granularity=100000, SDR=10000, ADR=0, Rigid=1, Capture_Method=0
Stage 0: PT=0, T_stage=0.523500, bytes=0, T_capped=0
Stage 1: PT=6, T_stage=0.000000, bytes=33176880, T_capped=0
Group 0: Iters=5, Procs=224, Factors=1.000000, Dist=2, RM=0, SM=0, RS=0, SS=0
Group 1: Iters=10, Procs=3584, Factors=1.000000, Dist=2, RM=0, SM=1, RS=0, SS=4
T_spawn: 13.014134 
T_SR: 0.027229 
T_AR: 0.000000 
T_US: 0.032732 
T_Malleability: 13.097042 
T_total: 29.823486
Config loaded: R=1, S=2, granularity=100000, SDR=10000, ADR=0, Rigid=1, Capture_Method=0
Stage 0: PT=0, T_stage=0.523500, bytes=0, T_capped=0
Stage 1: PT=6, T_stage=0.000000, bytes=33176880, T_capped=0
Group 0: Iters=5, Procs=224, Factors=1.000000, Dist=2, RM=0, SM=0, RS=0, SS=0
Group 1: Iters=10, Procs=3584, Factors=1.000000, Dist=2, RM=0, SM=1, RS=0, SS=4
T_spawn: 12.764079 
T_SR: 0.020591 
T_AR: 0.000000 
T_US: 0.004780 
T_Malleability: 12.842488 
T_total: 29.524691
Config loaded: R=1, S=2, granularity=100000, SDR=10000, ADR=0, Rigid=1, Capture_Method=0
Stage 0: PT=0, T_stage=0.523500, bytes=0, T_capped=0
Stage 1: PT=6, T_stage=0.000000, bytes=33176880, T_capped=0
Group 0: Iters=5, Procs=224, Factors=1.000000, Dist=2, RM=0, SM=0, RS=0, SS=0
Group 1: Iters=10, Procs=3584, Factors=1.000000, Dist=2, RM=0, SM=1, RS=0, SS=4
T_spawn: 15.961783 
T_SR: 0.019479 
T_AR: 0.000000 
T_US: 0.021298 
T_Malleability: 16.046838 
T_total: 36.291384
Config loaded: R=1, S=2, granularity=100000, SDR=10000, ADR=0, Rigid=1, Capture_Method=0
Stage 0: PT=0, T_stage=0.523500, bytes=0, T_capped=0
Stage 1: PT=6, T_stage=0.000000, bytes=33176880, T_capped=0
Group 0: Iters=5, Procs=224, Factors=1.000000, Dist=2, RM=0, SM=0, RS=0, SS=0
Group 1: Iters=10, Procs=3584, Factors=1.000000, Dist=2, RM=0, SM=1, RS=0, SS=4
T_spawn: 13.973149 
T_SR: 0.020135 
T_AR: 0.000000 
T_US: 0.040792 
T_Malleability: 14.061823 
T_total: 30.846890
Config loaded: R=1, S=2, granularity=100000, SDR=10000, ADR=0, Rigid=1, Capture_Method=0
Stage 0: PT=0, T_stage=0.523500, bytes=0, T_capped=0
Stage 1: PT=6, T_stage=0.000000, bytes=33176880, T_capped=0
Group 0: Iters=5, Procs=224, Factors=1.000000, Dist=2, RM=0, SM=0, RS=0, SS=0
Group 1: Iters=10, Procs=3584, Factors=1.000000, Dist=2, RM=0, SM=1, RS=0, SS=4
T_spawn: 12.839816 
T_SR: 0.020416 
T_AR: 0.000000 
T_US: 0.024805 
T_Malleability: 12.915752 
T_total: 44.692641
