Config: granularity=100000, SDR=10000, ADR=0, Rigid=1, Capture_Method=0
Stage 0: PT=0, T_stage=0.523500, bytes=0, T_capped=0
Stage 1: PT=6, T_stage=0.000000, bytes=33176880, T_capped=0
Group 1: Iters=10, Procs=3584, Factors=1.000000, Dist=2, RM=0, SM=1, RS=0, SS=4, parents=224, children=0
Async_Iters: 0
T_iter: 1.220596 1.273655 1.179074 1.206926 1.191325 1.211263 1.145867 1.155901 1.106076 1.190899 
T_stage 0: 0.781272 0.793303 0.795537 0.799138 0.799201 0.790864 0.782971 0.787152 0.778688 0.780058 
T_stage 1: 0.435103 0.481426 0.375864 0.411710 0.394733 0.419521 0.362023 0.373972 0.326825 0.413013 
Config: granularity=100000, SDR=10000, ADR=0, Rigid=1, Capture_Method=0
Stage 0: PT=0, T_stage=0.523500, bytes=0, T_capped=0
Stage 1: PT=6, T_stage=0.000000, bytes=33176880, T_capped=0
Group 1: Iters=10, Procs=3584, Factors=1.000000, Dist=2, RM=0, SM=1, RS=0, SS=4, parents=224, children=0
Async_Iters: 0
T_iter: 1.255749 1.151170 1.172402 1.355940 1.204129 1.133375 1.030396 1.093317 1.213060 1.211439 
T_stage 0: 0.761312 0.773495 0.761906 0.782687 0.773177 0.770463 0.764822 0.752184 0.766007 0.767492 
T_stage 1: 0.487689 0.377330 0.400263 0.564758 0.432675 0.369879 0.275336 0.338998 0.446679 0.449821 
Config: granularity=100000, SDR=10000, ADR=0, Rigid=1, Capture_Method=0
Stage 0: PT=0, T_stage=0.523500, bytes=0, T_capped=0
Stage 1: PT=6, T_stage=0.000000, bytes=33176880, T_capped=0
Group 1: Iters=10, Procs=3584, Factors=1.000000, Dist=2, RM=0, SM=1, RS=0, SS=4, parents=224, children=0
Async_Iters: 0
T_iter: 1.351363 1.417775 1.260241 1.263175 1.332065 1.332241 1.184567 1.189938 1.351618 1.338838 
T_stage 0: 0.843998 0.863472 0.853899 0.858717 0.853050 0.885632 0.867434 0.854973 0.861980 0.860793 
T_stage 1: 0.497396 0.547911 0.411439 0.414251 0.488928 0.454602 0.319825 0.335308 0.484730 0.479490 
Config: granularity=100000, SDR=10000, ADR=0, Rigid=1, Capture_Method=0
Stage 0: PT=0, T_stage=0.523500, bytes=0, T_capped=0
Stage 1: PT=6, T_stage=0.000000, bytes=33176880, T_capped=0
Group 1: Iters=10, Procs=3584, Factors=1.000000, Dist=2, RM=0, SM=1, RS=0, SS=4, parents=224, children=0
Async_Iters: 0
T_iter: 1.373704 1.349570 1.327669 1.294376 1.382861 1.101339 1.207587 1.132727 1.191908 1.284500 
T_stage 0: 0.778351 0.818081 0.782003 0.784041 0.769977 0.776942 0.775113 0.762050 0.760471 0.761646 
T_stage 1: 0.588938 0.548049 0.548358 0.510218 0.612537 0.320757 0.433103 0.367835 0.422129 0.503936 
Config: granularity=100000, SDR=10000, ADR=0, Rigid=1, Capture_Method=0
Stage 0: PT=0, T_stage=0.523500, bytes=0, T_capped=0
Stage 1: PT=6, T_stage=0.000000, bytes=33176880, T_capped=0
Group 1: Iters=10, Procs=3584, Factors=1.000000, Dist=2, RM=0, SM=1, RS=0, SS=4, parents=224, children=0
Async_Iters: 0
T_iter: 1.215536 1.277156 1.259784 1.305469 1.358062 1.189995 1.197519 1.256757 1.271210 1.247025 
T_stage 0: 0.765640 0.776575 0.771558 0.762893 0.792576 0.769602 0.766361 0.759486 0.761137 0.767652 
T_stage 1: 0.442322 0.503307 0.484841 0.520919 0.580727 0.430597 0.427417 0.495861 0.502567 0.475770 
Config: granularity=100000, SDR=10000, ADR=0, Rigid=1, Capture_Method=0
Stage 0: PT=0, T_stage=0.523500, bytes=0, T_capped=0
Stage 1: PT=6, T_stage=0.000000, bytes=33176880, T_capped=0
Group 1: Iters=10, Procs=3584, Factors=1.000000, Dist=2, RM=0, SM=1, RS=0, SS=4, parents=224, children=0
Async_Iters: 0
T_iter: 1.496249 1.267951 1.264065 1.273758 1.364364 1.145064 1.098075 1.087276 1.275387 1.255063 
T_stage 0: 0.782628 0.789319 0.784559 0.781013 0.782488 0.788994 0.788440 0.775126 0.775050 0.784103 
T_stage 1: 0.688197 0.466930 0.482365 0.491589 0.577511 0.365244 0.319193 0.308590 0.494720 0.470289 
Config: granularity=100000, SDR=10000, ADR=0, Rigid=1, Capture_Method=0
Stage 0: PT=0, T_stage=0.523500, bytes=0, T_capped=0
Stage 1: PT=6, T_stage=0.000000, bytes=33176880, T_capped=0
Group 1: Iters=10, Procs=3584, Factors=1.000000, Dist=2, RM=0, SM=1, RS=0, SS=4, parents=224, children=0
Async_Iters: 0
T_iter: 1.368725 1.355279 1.334545 1.289412 1.339900 1.248838 1.100065 1.053044 1.229711 1.313323 
T_stage 0: 0.806417 0.827989 0.807740 0.804533 0.774949 0.765098 0.758091 0.755945 0.755677 0.762517 
T_stage 1: 0.550900 0.514379 0.524868 0.484246 0.549893 0.483903 0.341796 0.301857 0.466428 0.547799 
Config: granularity=100000, SDR=10000, ADR=0, Rigid=1, Capture_Method=0
Stage 0: PT=0, T_stage=0.523500, bytes=0, T_capped=0
Stage 1: PT=6, T_stage=0.000000, bytes=33176880, T_capped=0
Group 1: Iters=10, Procs=3584, Factors=1.000000, Dist=2, RM=0, SM=1, RS=0, SS=4, parents=224, children=0
Async_Iters: 0
T_iter: 1.358449 1.316826 1.254847 1.314073 1.267789 1.308986 1.231150 1.043555 1.269045 1.189810 
T_stage 0: 0.780219 0.792576 0.785178 0.791132 0.787576 0.779866 0.778123 0.769137 0.785759 0.776156 
T_stage 1: 0.568862 0.521912 0.472628 0.525421 0.482695 0.523476 0.455766 0.264699 0.479265 0.414619 
Config: granularity=100000, SDR=10000, ADR=0, Rigid=1, Capture_Method=0
Stage 0: PT=0, T_stage=0.523500, bytes=0, T_capped=0
Stage 1: PT=6, T_stage=0.000000, bytes=33176880, T_capped=0
Group 1: Iters=10, Procs=3584, Factors=1.000000, Dist=2, RM=0, SM=1, RS=0, SS=4, parents=224, children=0
Async_Iters: 0
T_iter: 1.308424 1.229066 1.297914 1.115160 1.330704 1.432917 1.217211 1.091250 1.272700 1.160215 
T_stage 0: 0.776354 0.791329 0.787411 0.783264 0.790542 0.784274 0.771612 0.769061 0.772707 0.768800 
T_stage 1: 0.519961 0.434037 0.504868 0.334721 0.543423 0.648040 0.445846 0.321527 0.505061 0.389444 
Config: granularity=100000, SDR=10000, ADR=0, Rigid=1, Capture_Method=0
Stage 0: PT=0, T_stage=0.523500, bytes=0, T_capped=0
Stage 1: PT=6, T_stage=0.000000, bytes=33176880, T_capped=0
Group 1: Iters=10, Procs=3584, Factors=1.000000, Dist=2, RM=0, SM=1, RS=0, SS=4, parents=224, children=0
Async_Iters: 0
T_iter: 1.349209 1.365409 1.359585 1.250254 1.386975 1.245973 1.211361 1.114902 1.297470 1.365561 
T_stage 0: 0.849433 0.883125 0.852740 0.842978 0.832960 0.818349 0.819529 0.813290 0.811004 0.809515 
T_stage 1: 0.470618 0.491290 0.508475 0.404681 0.554478 0.430878 0.389260 0.308443 0.486022 0.551444 
Config: granularity=100000, SDR=10000, ADR=0, Rigid=1, Capture_Method=0
Stage 0: PT=0, T_stage=0.523500, bytes=0, T_capped=0
Stage 1: PT=6, T_stage=0.000000, bytes=33176880, T_capped=0
Group 1: Iters=10, Procs=3584, Factors=1.000000, Dist=2, RM=0, SM=1, RS=0, SS=4, parents=224, children=0
Async_Iters: 0
T_iter: 1.367085 1.345298 1.360885 1.303131 1.510183 1.324149 1.209238 1.237519 1.338914 1.353955 
T_stage 0: 0.854511 0.872108 0.859305 0.859530 0.865425 0.862453 0.851315 0.843361 0.844668 0.850770 
T_stage 1: 0.494613 0.467960 0.502969 0.447585 0.641732 0.460485 0.363317 0.388821 0.489074 0.501119 
Config: granularity=100000, SDR=10000, ADR=0, Rigid=1, Capture_Method=0
Stage 0: PT=0, T_stage=0.523500, bytes=0, T_capped=0
Stage 1: PT=6, T_stage=0.000000, bytes=33176880, T_capped=0
Group 1: Iters=10, Procs=3584, Factors=1.000000, Dist=2, RM=0, SM=1, RS=0, SS=4, parents=224, children=0
Async_Iters: 0
T_iter: 1.283336 1.354173 1.192092 1.239188 1.235704 1.292611 1.211971 1.102456 1.217237 1.266322 
T_stage 0: 0.744940 0.774592 0.771070 0.759184 0.771039 0.773646 0.766410 0.765282 0.759419 0.764768 
T_stage 1: 0.523150 0.584157 0.419766 0.460078 0.464870 0.519570 0.450274 0.336255 0.456860 0.500815 
Config: granularity=100000, SDR=10000, ADR=0, Rigid=1, Capture_Method=0
Stage 0: PT=0, T_stage=0.523500, bytes=0, T_capped=0
Stage 1: PT=6, T_stage=0.000000, bytes=33176880, T_capped=0
Group 1: Iters=10, Procs=3584, Factors=1.000000, Dist=2, RM=0, SM=1, RS=0, SS=4, parents=224, children=0
Async_Iters: 0
T_iter: 1.355024 1.284269 1.354097 1.200682 1.296005 1.412237 1.240478 1.219145 1.157861 1.274129 
T_stage 0: 0.862602 0.885450 0.877405 0.861336 0.860722 0.868270 0.853119 0.851236 0.850156 0.851034 
T_stage 1: 0.473245 0.413567 0.484763 0.336478 0.433104 0.545683 0.383643 0.367080 0.313964 0.419098 
Config: granularity=100000, SDR=10000, ADR=0, Rigid=1, Capture_Method=0
Stage 0: PT=0, T_stage=0.523500, bytes=0, T_capped=0
Stage 1: PT=6, T_stage=0.000000, bytes=33176880, T_capped=0
Group 1: Iters=10, Procs=3584, Factors=1.000000, Dist=2, RM=0, SM=1, RS=0, SS=4, parents=224, children=0
Async_Iters: 0
T_iter: 1.459873 1.314569 1.278121 1.311547 1.404393 1.251880 1.238413 1.347609 1.331667 1.199509 
T_stage 0: 0.860754 0.881609 0.864765 0.875809 0.882731 0.865093 0.856215 0.863995 0.860136 0.855174 
T_stage 1: 0.558807 0.434998 0.415261 0.432421 0.522601 0.389136 0.381671 0.484540 0.466481 0.344752 
Config: granularity=100000, SDR=10000, ADR=0, Rigid=1, Capture_Method=0
Stage 0: PT=0, T_stage=0.523500, bytes=0, T_capped=0
Stage 1: PT=6, T_stage=0.000000, bytes=33176880, T_capped=0
Group 1: Iters=10, Procs=3584, Factors=1.000000, Dist=2, RM=0, SM=1, RS=0, SS=4, parents=224, children=0
Async_Iters: 0
T_iter: 1.329325 1.306152 1.280661 1.295352 1.291134 1.299162 1.222543 1.106492 1.211073 1.153149 
T_stage 0: 0.799271 0.828102 0.805340 0.804887 0.798542 0.811984 0.799430 0.793187 0.792921 0.791986 
T_stage 1: 0.527300 0.488643 0.478703 0.471690 0.491787 0.492145 0.427459 0.315491 0.419360 0.363431 
Config: granularity=100000, SDR=10000, ADR=0, Rigid=1, Capture_Method=0
Stage 0: PT=0, T_stage=0.523500, bytes=0, T_capped=0
Stage 1: PT=6, T_stage=0.000000, bytes=33176880, T_capped=0
Group 1: Iters=10, Procs=3584, Factors=1.000000, Dist=2, RM=0, SM=1, RS=0, SS=4, parents=224, children=0
Async_Iters: 0
T_iter: 1.328859 1.285633 1.317503 1.217101 1.406523 1.255158 1.209154 1.247907 1.176426 1.221766 
T_stage 0: 0.763383 0.789149 0.765713 0.772527 0.778347 0.775989 0.771467 0.765152 0.758894 0.769621 
T_stage 1: 0.551864 0.509815 0.552984 0.433880 0.622454 0.484978 0.446648 0.484199 0.415470 0.455850 
Config: granularity=100000, SDR=10000, ADR=0, Rigid=1, Capture_Method=0
Stage 0: PT=0, T_stage=0.523500, bytes=0, T_capped=0
Stage 1: PT=6, T_stage=0.000000, bytes=33176880, T_capped=0
Group 1: Iters=10, Procs=3584, Factors=1.000000, Dist=2, RM=0, SM=1, RS=0, SS=4, parents=224, children=0
Async_Iters: 0
T_iter: 1.344899 1.350412 1.169948 1.266272 1.311106 1.419598 1.166746 1.092752 1.130687 1.258787 
T_stage 0: 0.772053 0.775450 0.777000 0.767992 0.765958 0.776990 0.777123 0.758898 0.761141 0.759701 
T_stage 1: 0.560197 0.564180 0.386747 0.495491 0.545386 0.639974 0.392617 0.336157 0.371771 0.496542 
Config: granularity=100000, SDR=10000, ADR=0, Rigid=1, Capture_Method=0
Stage 0: PT=0, T_stage=0.523500, bytes=0, T_capped=0
Stage 1: PT=6, T_stage=0.000000, bytes=33176880, T_capped=0
Group 1: Iters=10, Procs=3584, Factors=1.000000, Dist=2, RM=0, SM=1, RS=0, SS=4, parents=224, children=0
Async_Iters: 0
T_iter: 2.764542 2.658459 2.446366 1.179265 1.256784 1.194590 1.120244 1.159719 1.079216 1.147182 
T_stage 0: 2.237089 2.266609 2.001295 0.780150 0.787187 0.775519 0.774775 0.770783 0.763411 0.767692 
T_stage 1: 0.514397 0.401889 0.443890 0.398202 0.466363 0.421438 0.340600 0.392195 0.312462 0.375365 
Config: granularity=100000, SDR=10000, ADR=0, Rigid=1, Capture_Method=0
Stage 0: PT=0, T_stage=0.523500, bytes=0, T_capped=0
Stage 1: PT=6, T_stage=0.000000, bytes=33176880, T_capped=0
Group 1: Iters=10, Procs=3584, Factors=1.000000, Dist=2, RM=0, SM=1, RS=0, SS=4, parents=224, children=0
Async_Iters: 0
T_iter: 1.271872 1.208588 1.303832 1.400628 1.235193 1.095578 1.185384 1.132570 1.361796 1.227355 
T_stage 0: 0.779722 0.786721 0.780551 0.800763 0.792327 0.781117 0.778732 0.777450 0.787262 0.782642 
T_stage 1: 0.483479 0.420393 0.509560 0.610125 0.442137 0.310398 0.406470 0.362730 0.571897 0.444401 
Config: granularity=100000, SDR=10000, ADR=0, Rigid=1, Capture_Method=0
Stage 0: PT=0, T_stage=0.523500, bytes=0, T_capped=0
Stage 1: PT=6, T_stage=0.000000, bytes=33176880, T_capped=0
Group 1: Iters=10, Procs=3584, Factors=1.000000, Dist=2, RM=0, SM=1, RS=0, SS=4, parents=224, children=0
Async_Iters: 0
T_iter: 2.850434 2.863125 2.854784 2.726458 2.857304 2.629558 2.710149 2.687830 2.641063 2.615682 
T_stage 0: 2.343559 2.337684 2.351326 2.332055 2.341144 2.332644 2.334058 2.344238 2.337411 2.329113 
T_stage 1: 0.496575 0.510334 0.505258 0.385886 0.512588 0.295662 0.375899 0.346220 0.309550 0.283701 
