Config: granularity=100000, SDR=10000, ADR=0, Rigid=1, Capture_Method=0
Stage 0: PT=0, T_stage=0.523500, bytes=0, T_capped=0
Stage 1: PT=6, T_stage=0.000000, bytes=33176880, T_capped=0
Group 1: Iters=10, Procs=3584, Factors=1.000000, Dist=2, RM=0, SM=1, RS=0, SS=4, parents=896, children=0
Async_Iters: 0
T_iter: 1.230098 1.167078 1.395360 1.385245 1.296243 1.198770 1.127604 1.235096 1.347973 1.178582 
T_stage 0: 0.770491 0.775125 0.779596 0.775663 0.766851 0.774872 0.763477 0.772915 0.765697 0.760952 
T_stage 1: 0.447774 0.393811 0.611706 0.598769 0.525201 0.424489 0.357772 0.456897 0.582964 0.419437 
Config: granularity=100000, SDR=10000, ADR=0, Rigid=1, Capture_Method=0
Stage 0: PT=0, T_stage=0.523500, bytes=0, T_capped=0
Stage 1: PT=6, T_stage=0.000000, bytes=33176880, T_capped=0
Group 1: Iters=10, Procs=3584, Factors=1.000000, Dist=2, RM=0, SM=1, RS=0, SS=4, parents=896, children=0
Async_Iters: 0
T_iter: 1.300525 1.287859 1.256003 1.298242 1.174419 1.170805 1.238330 1.202208 1.213303 1.153924 
T_stage 0: 0.788651 0.795470 0.802296 0.806646 0.792475 0.791554 0.791159 0.793904 0.795464 0.784233 
T_stage 1: 0.501104 0.484128 0.451680 0.499986 0.380326 0.375867 0.442266 0.406489 0.419637 0.370704 
Config: granularity=100000, SDR=10000, ADR=0, Rigid=1, Capture_Method=0
Stage 0: PT=0, T_stage=0.523500, bytes=0, T_capped=0
Stage 1: PT=6, T_stage=0.000000, bytes=33176880, T_capped=0
Group 1: Iters=10, Procs=3584, Factors=1.000000, Dist=2, RM=0, SM=1, RS=0, SS=4, parents=896, children=0
Async_Iters: 0
T_iter: 1.364771 1.391236 1.368740 1.423097 1.373991 1.239008 1.208664 1.168935 1.442027 1.294903 
T_stage 0: 0.865755 0.878722 0.882068 0.896062 0.875757 0.866567 0.877186 0.840008 0.875448 0.815233 
T_stage 1: 0.497630 0.510913 0.484618 0.537389 0.503968 0.373387 0.334565 0.321489 0.564404 0.484173 
Config: granularity=100000, SDR=10000, ADR=0, Rigid=1, Capture_Method=0
Stage 0: PT=0, T_stage=0.523500, bytes=0, T_capped=0
Stage 1: PT=6, T_stage=0.000000, bytes=33176880, T_capped=0
Group 1: Iters=10, Procs=3584, Factors=1.000000, Dist=2, RM=0, SM=1, RS=0, SS=4, parents=896, children=0
Async_Iters: 0
T_iter: 1.301426 1.385843 1.234278 1.157758 1.310115 1.145649 1.246273 1.200292 1.217850 1.453412 
T_stage 0: 0.811845 0.823546 0.811620 0.817220 0.827668 0.806913 0.811836 0.802207 0.811670 0.809014 
T_stage 1: 0.481712 0.571375 0.425600 0.343095 0.478304 0.336229 0.431999 0.393624 0.409086 0.640278 
Config: granularity=100000, SDR=10000, ADR=0, Rigid=1, Capture_Method=0
Stage 0: PT=0, T_stage=0.523500, bytes=0, T_capped=0
Stage 1: PT=6, T_stage=0.000000, bytes=33176880, T_capped=0
Group 1: Iters=10, Procs=3584, Factors=1.000000, Dist=2, RM=0, SM=1, RS=0, SS=4, parents=896, children=0
Async_Iters: 0
T_iter: 1.300383 1.247166 1.253252 1.172552 1.321221 1.082384 1.298024 1.060529 1.091612 1.280750 
T_stage 0: 0.769927 0.788542 0.790385 0.771167 0.777712 0.777741 0.771925 0.760673 0.760207 0.766114 
T_stage 1: 0.512871 0.458478 0.455529 0.398960 0.546025 0.311136 0.525718 0.300007 0.327791 0.515989 
Config: granularity=100000, SDR=10000, ADR=0, Rigid=1, Capture_Method=0
Stage 0: PT=0, T_stage=0.523500, bytes=0, T_capped=0
Stage 1: PT=6, T_stage=0.000000, bytes=33176880, T_capped=0
Group 1: Iters=10, Procs=3584, Factors=1.000000, Dist=2, RM=0, SM=1, RS=0, SS=4, parents=896, children=0
Async_Iters: 0
T_iter: 1.318921 1.376771 1.309546 1.562870 1.259791 1.318924 1.151666 1.192225 1.333569 1.221164 
T_stage 0: 0.809864 0.836477 0.840494 0.830531 0.816509 0.820639 0.818115 0.814132 0.822466 0.809084 
T_stage 1: 0.491944 0.553417 0.489762 0.739801 0.440439 0.502163 0.330993 0.385710 0.516096 0.411048 
Config: granularity=100000, SDR=10000, ADR=0, Rigid=1, Capture_Method=0
Stage 0: PT=0, T_stage=0.523500, bytes=0, T_capped=0
Stage 1: PT=6, T_stage=0.000000, bytes=33176880, T_capped=0
Group 1: Iters=10, Procs=3584, Factors=1.000000, Dist=2, RM=0, SM=1, RS=0, SS=4, parents=896, children=0
Async_Iters: 0
T_iter: 1.370518 1.223599 1.217167 1.218896 1.382004 1.196427 1.214019 1.081405 1.176570 1.255711 
T_stage 0: 0.762183 0.774948 0.769472 0.774775 0.769895 0.770669 0.756595 0.757094 0.766011 0.760329 
T_stage 1: 0.571924 0.443442 0.449264 0.441047 0.614923 0.420754 0.452841 0.327237 0.411149 0.497368 
Config: granularity=100000, SDR=10000, ADR=0, Rigid=1, Capture_Method=0
Stage 0: PT=0, T_stage=0.523500, bytes=0, T_capped=0
Stage 1: PT=6, T_stage=0.000000, bytes=33176880, T_capped=0
Group 1: Iters=10, Procs=3584, Factors=1.000000, Dist=2, RM=0, SM=1, RS=0, SS=4, parents=896, children=0
Async_Iters: 0
T_iter: 1.239487 1.385738 1.316669 1.236147 1.302437 1.224266 1.162042 1.197162 1.029347 1.232368 
T_stage 0: 0.760008 0.793021 0.770307 0.767674 0.772600 0.753012 0.748287 0.743645 0.737479 0.737396 
T_stage 1: 0.464160 0.612899 0.541908 0.468362 0.537754 0.467830 0.417591 0.452738 0.286053 0.493996 
Config: granularity=100000, SDR=10000, ADR=0, Rigid=1, Capture_Method=0
Stage 0: PT=0, T_stage=0.523500, bytes=0, T_capped=0
Stage 1: PT=6, T_stage=0.000000, bytes=33176880, T_capped=0
Group 1: Iters=10, Procs=3584, Factors=1.000000, Dist=2, RM=0, SM=1, RS=0, SS=4, parents=896, children=0
Async_Iters: 0
T_iter: 1.388728 1.239917 1.188646 1.191134 1.327097 1.273180 1.253857 1.046040 1.135221 1.333763 
T_stage 0: 0.776556 0.757441 0.766658 0.755448 0.763290 0.745873 0.746757 0.748976 0.742857 0.750964 
T_stage 1: 0.585693 0.483386 0.421579 0.439732 0.565865 0.525501 0.513289 0.306524 0.399813 0.574743 
Config: granularity=100000, SDR=10000, ADR=0, Rigid=1, Capture_Method=0
Stage 0: PT=0, T_stage=0.523500, bytes=0, T_capped=0
Stage 1: PT=6, T_stage=0.000000, bytes=33176880, T_capped=0
Group 1: Iters=10, Procs=3584, Factors=1.000000, Dist=2, RM=0, SM=1, RS=0, SS=4, parents=896, children=0
Async_Iters: 0
T_iter: 1.277126 1.359186 1.208756 1.360930 1.386086 1.203432 1.143744 1.076799 1.336284 1.330407 
T_stage 0: 0.771687 0.781820 0.782958 0.774940 0.793714 0.777735 0.777491 0.774210 0.771710 0.778874 
T_stage 1: 0.470551 0.573269 0.430083 0.586892 0.602565 0.428351 0.375372 0.306046 0.575303 0.550744 
Config: granularity=100000, SDR=10000, ADR=0, Rigid=1, Capture_Method=0
Stage 0: PT=0, T_stage=0.523500, bytes=0, T_capped=0
Stage 1: PT=6, T_stage=0.000000, bytes=33176880, T_capped=0
Group 1: Iters=10, Procs=3584, Factors=1.000000, Dist=2, RM=0, SM=1, RS=0, SS=4, parents=896, children=0
Async_Iters: 0
T_iter: 1.375136 1.395639 1.262237 1.147019 1.368114 1.425949 1.269980 1.320136 1.184478 1.366000 
T_stage 0: 0.833879 0.856471 0.849094 0.839090 0.842878 0.847782 0.836048 0.831025 0.829981 0.825856 
T_stage 1: 0.523234 0.527280 0.411357 0.309186 0.521203 0.578713 0.432007 0.486917 0.361849 0.538294 
Config: granularity=100000, SDR=10000, ADR=0, Rigid=1, Capture_Method=0
Stage 0: PT=0, T_stage=0.523500, bytes=0, T_capped=0
Stage 1: PT=6, T_stage=0.000000, bytes=33176880, T_capped=0
Group 1: Iters=10, Procs=3584, Factors=1.000000, Dist=2, RM=0, SM=1, RS=0, SS=4, parents=896, children=0
Async_Iters: 0
T_iter: 1.323420 1.525769 1.272041 1.257530 1.279709 1.228746 1.183732 1.167879 1.285324 1.472697 
T_stage 0: 0.787040 0.805693 0.803928 0.795242 0.783925 0.786465 0.786222 0.774759 0.785258 0.782758 
T_stage 1: 0.523309 0.722482 0.485751 0.464253 0.487981 0.438021 0.400808 0.395473 0.500001 0.692272 
Config: granularity=100000, SDR=10000, ADR=0, Rigid=1, Capture_Method=0
Stage 0: PT=0, T_stage=0.523500, bytes=0, T_capped=0
Stage 1: PT=6, T_stage=0.000000, bytes=33176880, T_capped=0
Group 1: Iters=10, Procs=3584, Factors=1.000000, Dist=2, RM=0, SM=1, RS=0, SS=4, parents=896, children=0
Async_Iters: 0
T_iter: 1.376913 1.375947 1.328374 1.268601 1.278705 1.147210 1.223497 1.073866 1.323851 1.302426 
T_stage 0: 0.795857 0.826472 0.818060 0.811700 0.811102 0.796747 0.795783 0.785165 0.799875 0.802642 
T_stage 1: 0.568591 0.567855 0.520906 0.461512 0.477326 0.336842 0.428771 0.283794 0.522175 0.507680 
Config: granularity=100000, SDR=10000, ADR=0, Rigid=1, Capture_Method=0
Stage 0: PT=0, T_stage=0.523500, bytes=0, T_capped=0
Stage 1: PT=6, T_stage=0.000000, bytes=33176880, T_capped=0
Group 1: Iters=10, Procs=3584, Factors=1.000000, Dist=2, RM=0, SM=1, RS=0, SS=4, parents=896, children=0
Async_Iters: 0
T_iter: 1.375812 1.558329 1.293285 1.374010 1.378900 1.333361 1.179847 1.245405 1.288148 1.323552 
T_stage 0: 0.846686 0.865821 0.867355 0.848055 0.858478 0.847140 0.837676 0.837077 0.840013 0.849090 
T_stage 1: 0.504529 0.693844 0.440844 0.518538 0.501433 0.486916 0.341229 0.404319 0.448913 0.475547 
Config: granularity=100000, SDR=10000, ADR=0, Rigid=1, Capture_Method=0
Stage 0: PT=0, T_stage=0.523500, bytes=0, T_capped=0
Stage 1: PT=6, T_stage=0.000000, bytes=33176880, T_capped=0
Group 1: Iters=10, Procs=3584, Factors=1.000000, Dist=2, RM=0, SM=1, RS=0, SS=4, parents=896, children=0
Async_Iters: 0
T_iter: 1.293243 1.413282 1.173006 1.264217 1.252159 1.322654 1.119341 1.068745 1.148834 1.209732 
T_stage 0: 0.776681 0.772448 0.771682 0.755940 0.758943 0.769270 0.750200 0.749070 0.748434 0.749406 
T_stage 1: 0.494767 0.642677 0.406918 0.497731 0.495902 0.555412 0.368958 0.319127 0.389207 0.459153 
Config: granularity=100000, SDR=10000, ADR=0, Rigid=1, Capture_Method=0
Stage 0: PT=0, T_stage=0.523500, bytes=0, T_capped=0
Stage 1: PT=6, T_stage=0.000000, bytes=33176880, T_capped=0
Group 1: Iters=10, Procs=3584, Factors=1.000000, Dist=2, RM=0, SM=1, RS=0, SS=4, parents=896, children=0
Async_Iters: 0
T_iter: 1.332916 1.383315 1.304188 1.373089 3.022222 3.146428 2.968898 2.972380 2.944390 2.763196 
T_stage 0: 0.803280 0.833878 0.814703 0.808387 2.633973 2.613721 2.592924 2.515782 2.486032 2.485674 
T_stage 1: 0.509840 0.569049 0.498030 0.557023 0.394167 0.547827 0.373114 0.466455 0.455108 0.283563 
Config: granularity=100000, SDR=10000, ADR=0, Rigid=1, Capture_Method=0
Stage 0: PT=0, T_stage=0.523500, bytes=0, T_capped=0
Stage 1: PT=6, T_stage=0.000000, bytes=33176880, T_capped=0
Group 1: Iters=10, Procs=3584, Factors=1.000000, Dist=2, RM=0, SM=1, RS=0, SS=4, parents=896, children=0
Async_Iters: 0
T_iter: 1.387249 1.417711 1.201427 1.393995 1.378683 1.339060 1.169293 1.152954 1.235637 1.321777 
T_stage 0: 0.840106 0.866188 0.856296 0.841569 0.841081 0.838728 0.833234 0.832456 0.830634 0.837658 
T_stage 1: 0.529009 0.559749 0.352369 0.552891 0.537600 0.495688 0.339124 0.313933 0.403656 0.495944 
Config: granularity=100000, SDR=10000, ADR=0, Rigid=1, Capture_Method=0
Stage 0: PT=0, T_stage=0.523500, bytes=0, T_capped=0
Stage 1: PT=6, T_stage=0.000000, bytes=33176880, T_capped=0
Group 1: Iters=10, Procs=3584, Factors=1.000000, Dist=2, RM=0, SM=1, RS=0, SS=4, parents=896, children=0
Async_Iters: 0
T_iter: 1.404907 1.425473 1.354611 1.367255 1.399703 1.325138 1.305798 1.188661 1.341269 1.372802 
T_stage 0: 0.860614 0.883057 0.863711 0.844543 0.836436 0.836520 0.827176 0.820111 0.831946 0.824890 
T_stage 1: 0.535375 0.545195 0.497449 0.504378 0.560509 0.488867 0.482348 0.361217 0.504303 0.546810 
Config: granularity=100000, SDR=10000, ADR=0, Rigid=1, Capture_Method=0
Stage 0: PT=0, T_stage=0.523500, bytes=0, T_capped=0
Stage 1: PT=6, T_stage=0.000000, bytes=33176880, T_capped=0
Group 1: Iters=10, Procs=3584, Factors=1.000000, Dist=2, RM=0, SM=1, RS=0, SS=4, parents=896, children=0
Async_Iters: 0
T_iter: 1.288320 1.296549 1.354949 1.326750 1.431493 1.439919 1.339477 1.322072 1.380950 1.172719 
T_stage 0: 0.868382 0.881831 0.872320 0.867215 0.855958 0.859802 0.847643 0.842111 0.848266 0.850415 
T_stage 1: 0.406072 0.440014 0.486677 0.462138 0.575582 0.580310 0.494282 0.474750 0.530559 0.324401 
Config: granularity=100000, SDR=10000, ADR=0, Rigid=1, Capture_Method=0
Stage 0: PT=0, T_stage=0.523500, bytes=0, T_capped=0
Stage 1: PT=6, T_stage=0.000000, bytes=33176880, T_capped=0
Group 1: Iters=10, Procs=3584, Factors=1.000000, Dist=2, RM=0, SM=1, RS=0, SS=4, parents=896, children=0
Async_Iters: 0
T_iter: 1.306072 1.252542 1.171319 1.323842 1.352776 1.364317 1.077092 1.269335 1.317682 1.232689 
T_stage 0: 0.773444 0.786218 0.776696 0.773384 0.779135 0.769492 0.762294 0.769176 0.786324 0.764184 
T_stage 1: 0.516967 0.461761 0.391507 0.547610 0.576634 0.591573 0.310835 0.507616 0.540380 0.477755 
