Config: granularity=100000, SDR=10000, ADR=0, Rigid=1, Capture_Method=0
Stage 0: PT=0, T_stage=0.523500, bytes=0, T_capped=0
Stage 1: PT=6, T_stage=0.000000, bytes=33176880, T_capped=0
Group 1: Iters=10, Procs=3584, Factors=1.000000, Dist=2, RM=0, SM=1, RS=0, SS=4, parents=1792, children=0
Async_Iters: 0
T_iter: 1.350683 1.346071 1.350526 1.326802 1.511461 1.377320 1.249058 1.159672 1.110857 1.324844 
T_stage 0: 0.841280 0.852499 0.860754 0.845241 0.850426 0.852239 0.844568 0.841652 0.829246 0.840887 
T_stage 1: 0.506059 0.485952 0.495530 0.480312 0.648458 0.533180 0.402905 0.322463 0.275301 0.482439 
Config: granularity=100000, SDR=10000, ADR=0, Rigid=1, Capture_Method=0
Stage 0: PT=0, T_stage=0.523500, bytes=0, T_capped=0
Stage 1: PT=6, T_stage=0.000000, bytes=33176880, T_capped=0
Group 1: Iters=10, Procs=3584, Factors=1.000000, Dist=2, RM=0, SM=1, RS=0, SS=4, parents=1792, children=0
Async_Iters: 0
T_iter: 1.299559 1.487744 1.345269 1.260271 1.475777 1.343878 1.347312 1.308076 1.383605 1.316961 
T_stage 0: 0.854730 0.872681 0.860392 0.849859 0.856594 0.860834 0.847191 0.843530 0.848696 0.850866 
T_stage 1: 0.438780 0.609866 0.491145 0.412623 0.626018 0.496420 0.493678 0.457913 0.532472 0.467240 
Config: granularity=100000, SDR=10000, ADR=0, Rigid=1, Capture_Method=0
Stage 0: PT=0, T_stage=0.523500, bytes=0, T_capped=0
Stage 1: PT=6, T_stage=0.000000, bytes=33176880, T_capped=0
Group 1: Iters=10, Procs=3584, Factors=1.000000, Dist=2, RM=0, SM=1, RS=0, SS=4, parents=1792, children=0
Async_Iters: 0
T_iter: 1.252760 1.403095 1.321233 1.307646 3.311317 4.099457 3.947417 4.000037 3.840394 3.940688 
T_stage 0: 0.848379 0.863476 0.857525 0.849909 2.736233 3.528212 3.525790 3.490889 3.485418 3.482400 
T_stage 1: 0.386311 0.536025 0.471098 0.447832 0.569981 0.565576 0.422527 0.508432 0.355717 0.466013 
Config: granularity=100000, SDR=10000, ADR=0, Rigid=1, Capture_Method=0
Stage 0: PT=0, T_stage=0.523500, bytes=0, T_capped=0
Stage 1: PT=6, T_stage=0.000000, bytes=33176880, T_capped=0
Group 1: Iters=10, Procs=3584, Factors=1.000000, Dist=2, RM=0, SM=1, RS=0, SS=4, parents=1792, children=0
Async_Iters: 0
T_iter: 1.352822 1.457868 1.397921 1.311461 1.396279 1.315790 1.304135 1.158978 1.281683 1.314217 
T_stage 0: 0.834748 0.869574 0.857927 0.841160 0.846154 0.834723 0.820842 0.824723 0.843959 0.821639 
T_stage 1: 0.508861 0.597209 0.543508 0.461343 0.555252 0.484618 0.485453 0.328725 0.437898 0.490032 
Config: granularity=100000, SDR=10000, ADR=0, Rigid=1, Capture_Method=0
Stage 0: PT=0, T_stage=0.523500, bytes=0, T_capped=0
Stage 1: PT=6, T_stage=0.000000, bytes=33176880, T_capped=0
Group 1: Iters=10, Procs=3584, Factors=1.000000, Dist=2, RM=0, SM=1, RS=0, SS=4, parents=1792, children=0
Async_Iters: 0
T_iter: 1.281248 1.481707 1.298859 1.105686 1.271532 1.299648 1.251521 1.054861 1.091914 1.192819 
T_stage 0: 0.790458 0.807792 0.793680 0.784198 0.783544 0.800393 0.786606 0.782174 0.787804 0.782406 
T_stage 1: 0.481969 0.658658 0.507978 0.316666 0.482224 0.504911 0.470721 0.276782 0.310020 0.411133 
Config: granularity=100000, SDR=10000, ADR=0, Rigid=1, Capture_Method=0
Stage 0: PT=0, T_stage=0.523500, bytes=0, T_capped=0
Stage 1: PT=6, T_stage=0.000000, bytes=33176880, T_capped=0
Group 1: Iters=10, Procs=3584, Factors=1.000000, Dist=2, RM=0, SM=1, RS=0, SS=4, parents=1792, children=0
Async_Iters: 0
T_iter: 1.202176 1.260071 1.331535 1.100488 1.425929 1.402336 1.250609 1.029392 1.246879 1.124125 
T_stage 0: 0.766470 0.773643 0.778733 0.779842 0.771968 0.779070 0.767306 0.767413 0.759247 0.764553 
T_stage 1: 0.434662 0.477809 0.550287 0.324189 0.651580 0.622218 0.470514 0.267026 0.484653 0.356977 
Config: granularity=100000, SDR=10000, ADR=0, Rigid=1, Capture_Method=0
Stage 0: PT=0, T_stage=0.523500, bytes=0, T_capped=0
Stage 1: PT=6, T_stage=0.000000, bytes=33176880, T_capped=0
Group 1: Iters=10, Procs=3584, Factors=1.000000, Dist=2, RM=0, SM=1, RS=0, SS=4, parents=1792, children=0
Async_Iters: 0
T_iter: 1.248664 1.220065 1.259694 1.048143 1.286051 1.282227 1.143724 1.077270 1.083095 1.198833 
T_stage 0: 0.763668 0.788305 0.770607 0.761198 0.775200 0.771492 0.760913 0.760277 0.776374 0.782493 
T_stage 1: 0.483150 0.436228 0.496393 0.282815 0.522587 0.514153 0.379649 0.319140 0.303525 0.414921 
Config: granularity=100000, SDR=10000, ADR=0, Rigid=1, Capture_Method=0
Stage 0: PT=0, T_stage=0.523500, bytes=0, T_capped=0
Stage 1: PT=6, T_stage=0.000000, bytes=33176880, T_capped=0
Group 1: Iters=10, Procs=3584, Factors=1.000000, Dist=2, RM=0, SM=1, RS=0, SS=4, parents=1792, children=0
Async_Iters: 0
T_iter: 1.313355 1.347761 1.349495 1.158253 1.478738 1.153947 1.258574 1.052143 1.137637 1.381548 
T_stage 0: 0.765764 0.778472 0.772796 0.773661 0.785311 0.775015 0.770288 0.758780 0.761938 0.771911 
T_stage 1: 0.518235 0.546795 0.576903 0.382321 0.697291 0.383277 0.495580 0.293919 0.373241 0.599422 
Config: granularity=100000, SDR=10000, ADR=0, Rigid=1, Capture_Method=0
Stage 0: PT=0, T_stage=0.523500, bytes=0, T_capped=0
Stage 1: PT=6, T_stage=0.000000, bytes=33176880, T_capped=0
Group 1: Iters=10, Procs=3584, Factors=1.000000, Dist=2, RM=0, SM=1, RS=0, SS=4, parents=1792, children=0
Async_Iters: 0
T_iter: 1.253624 1.283735 1.085242 1.195559 1.195104 1.257635 1.209842 2.272630 2.892199 2.909483 
T_stage 0: 0.734117 0.765476 0.744129 0.746369 0.732118 0.749197 0.734305 1.870495 2.443297 2.415745 
T_stage 1: 0.512549 0.515864 0.336403 0.447857 0.457306 0.507559 0.471398 0.400027 0.446791 0.501372 
Config: granularity=100000, SDR=10000, ADR=0, Rigid=1, Capture_Method=0
Stage 0: PT=0, T_stage=0.523500, bytes=0, T_capped=0
Stage 1: PT=6, T_stage=0.000000, bytes=33176880, T_capped=0
Group 1: Iters=10, Procs=3584, Factors=1.000000, Dist=2, RM=0, SM=1, RS=0, SS=4, parents=1792, children=0
Async_Iters: 0
T_iter: 1.287767 1.535059 1.404504 1.265040 1.288577 1.357949 1.212282 1.167928 1.224632 1.266703 
T_stage 0: 0.878889 0.882639 0.887030 0.883086 0.886742 0.885242 0.876460 0.876439 0.863387 0.868440 
T_stage 1: 0.404600 0.643606 0.521574 0.385062 0.416249 0.483720 0.339424 0.290827 0.360369 0.400023 
Config: granularity=100000, SDR=10000, ADR=0, Rigid=1, Capture_Method=0
Stage 0: PT=0, T_stage=0.523500, bytes=0, T_capped=0
Stage 1: PT=6, T_stage=0.000000, bytes=33176880, T_capped=0
Group 1: Iters=10, Procs=3584, Factors=1.000000, Dist=2, RM=0, SM=1, RS=0, SS=4, parents=1792, children=0
Async_Iters: 0
T_iter: 1.107024 1.356791 1.160665 1.150158 1.183139 1.299073 1.205826 1.130206 1.073075 1.139405 
T_stage 0: 0.760660 0.817927 0.791247 0.790800 0.781318 0.782521 0.798306 0.799740 0.787843 0.769501 
T_stage 1: 0.340879 0.550319 0.374586 0.363305 0.408422 0.522357 0.412353 0.336858 0.289799 0.374751 
Config: granularity=100000, SDR=10000, ADR=0, Rigid=1, Capture_Method=0
Stage 0: PT=0, T_stage=0.523500, bytes=0, T_capped=0
Stage 1: PT=6, T_stage=0.000000, bytes=33176880, T_capped=0
Group 1: Iters=10, Procs=3584, Factors=1.000000, Dist=2, RM=0, SM=1, RS=0, SS=4, parents=1792, children=0
Async_Iters: 0
T_iter: 1.280913 1.402087 1.247307 1.222153 1.251918 1.191535 1.440520 1.144741 1.150930 1.267616 
T_stage 0: 0.773590 0.780999 0.789896 0.771054 0.779787 0.768762 0.756820 0.745891 0.743056 0.747180 
T_stage 1: 0.496599 0.617923 0.453740 0.436792 0.474081 0.416908 0.689757 0.403863 0.403585 0.518991 
Config: granularity=100000, SDR=10000, ADR=0, Rigid=1, Capture_Method=0
Stage 0: PT=0, T_stage=0.523500, bytes=0, T_capped=0
Stage 1: PT=6, T_stage=0.000000, bytes=33176880, T_capped=0
Group 1: Iters=10, Procs=3584, Factors=1.000000, Dist=2, RM=0, SM=1, RS=0, SS=4, parents=1792, children=0
Async_Iters: 0
T_iter: 1.306940 1.267360 1.161907 1.165870 1.309702 1.251535 1.291039 1.117860 1.181919 1.200092 
T_stage 0: 0.775715 0.792699 0.782646 0.786947 0.794907 0.782170 0.778885 0.771777 0.771726 0.782447 
T_stage 1: 0.504585 0.470950 0.367170 0.367722 0.512645 0.470953 0.506866 0.346221 0.405278 0.414452 
Config: granularity=100000, SDR=10000, ADR=0, Rigid=1, Capture_Method=0
Stage 0: PT=0, T_stage=0.523500, bytes=0, T_capped=0
Stage 1: PT=6, T_stage=0.000000, bytes=33176880, T_capped=0
Group 1: Iters=10, Procs=3584, Factors=1.000000, Dist=2, RM=0, SM=1, RS=0, SS=4, parents=1792, children=0
Async_Iters: 0
T_iter: 1.373980 1.438153 1.393643 1.392718 1.407395 1.197195 1.146595 1.261114 1.281926 1.227328 
T_stage 0: 0.858928 0.875951 0.857135 0.862319 0.853538 0.848693 0.851482 0.844203 0.836506 0.847444 
T_stage 1: 0.496179 0.557196 0.532091 0.526799 0.558061 0.354727 0.290853 0.416013 0.435601 0.378587 
Config: granularity=100000, SDR=10000, ADR=0, Rigid=1, Capture_Method=0
Stage 0: PT=0, T_stage=0.523500, bytes=0, T_capped=0
Stage 1: PT=6, T_stage=0.000000, bytes=33176880, T_capped=0
Group 1: Iters=10, Procs=3584, Factors=1.000000, Dist=2, RM=0, SM=1, RS=0, SS=4, parents=1792, children=0
Async_Iters: 0
T_iter: 1.361359 1.468953 1.275793 1.177362 1.340913 1.225835 1.213678 1.114094 1.132644 1.367978 
T_stage 0: 0.778074 0.778480 0.769098 0.758386 0.765467 0.767322 0.766004 0.752824 0.763585 0.778782 
T_stage 1: 0.560477 0.689024 0.509202 0.417855 0.583299 0.463200 0.449725 0.358248 0.373828 0.601338 
Config: granularity=100000, SDR=10000, ADR=0, Rigid=1, Capture_Method=0
Stage 0: PT=0, T_stage=0.523500, bytes=0, T_capped=0
Stage 1: PT=6, T_stage=0.000000, bytes=33176880, T_capped=0
Group 1: Iters=10, Procs=3584, Factors=1.000000, Dist=2, RM=0, SM=1, RS=0, SS=4, parents=1792, children=0
Async_Iters: 0
T_iter: 1.230942 1.360571 1.233842 1.265956 1.330374 1.197483 1.267212 1.148123 1.160795 1.352985 
T_stage 0: 0.761839 0.777708 0.794073 0.773555 0.786757 0.760867 0.764256 0.757067 0.758937 0.764064 
T_stage 1: 0.469199 0.583858 0.459403 0.482502 0.543988 0.431109 0.501534 0.391438 0.397785 0.589590 
Config: granularity=100000, SDR=10000, ADR=0, Rigid=1, Capture_Method=0
Stage 0: PT=0, T_stage=0.523500, bytes=0, T_capped=0
Stage 1: PT=6, T_stage=0.000000, bytes=33176880, T_capped=0
Group 1: Iters=10, Procs=3584, Factors=1.000000, Dist=2, RM=0, SM=1, RS=0, SS=4, parents=1792, children=0
Async_Iters: 0
T_iter: 1.203651 1.298218 1.233789 1.087591 1.234978 1.242309 1.239889 1.237563 1.110117 1.137886 
T_stage 0: 0.764239 0.784887 0.771507 0.768998 0.778146 0.777763 0.767071 0.768162 0.763126 0.766056 
T_stage 1: 0.427650 0.509400 0.462961 0.323263 0.459652 0.468264 0.469199 0.475621 0.352526 0.376274 
Config: granularity=100000, SDR=10000, ADR=0, Rigid=1, Capture_Method=0
Stage 0: PT=0, T_stage=0.523500, bytes=0, T_capped=0
Stage 1: PT=6, T_stage=0.000000, bytes=33176880, T_capped=0
Group 1: Iters=10, Procs=3584, Factors=1.000000, Dist=2, RM=0, SM=1, RS=0, SS=4, parents=1792, children=0
Async_Iters: 0
T_iter: 1.307642 1.346883 1.224566 1.123462 1.312516 1.221195 1.252226 1.012679 1.166791 1.304208 
T_stage 0: 0.768355 0.809459 0.798873 0.783942 0.775759 0.782541 0.788984 0.766831 0.767854 0.762910 
T_stage 1: 0.531156 0.535723 0.429739 0.348924 0.534505 0.424589 0.473623 0.252066 0.398899 0.536151 
Config: granularity=100000, SDR=10000, ADR=0, Rigid=1, Capture_Method=0
Stage 0: PT=0, T_stage=0.523500, bytes=0, T_capped=0
Stage 1: PT=6, T_stage=0.000000, bytes=33176880, T_capped=0
Group 1: Iters=10, Procs=3584, Factors=1.000000, Dist=2, RM=0, SM=1, RS=0, SS=4, parents=1792, children=0
Async_Iters: 0
T_iter: 1.350881 1.529509 1.362968 1.399920 1.369161 1.242959 1.094812 1.119679 1.263191 1.308350 
T_stage 0: 0.837137 0.863034 0.848142 0.839012 0.838358 0.834719 0.805139 0.791275 0.799019 0.795296 
T_stage 1: 0.503912 0.662501 0.518339 0.556788 0.537339 0.412233 0.286757 0.325960 0.466931 0.516925 
Config: granularity=100000, SDR=10000, ADR=0, Rigid=1, Capture_Method=0
Stage 0: PT=0, T_stage=0.523500, bytes=0, T_capped=0
Stage 1: PT=6, T_stage=0.000000, bytes=33176880, T_capped=0
Group 1: Iters=10, Procs=3584, Factors=1.000000, Dist=2, RM=0, SM=1, RS=0, SS=4, parents=1792, children=0
Async_Iters: 0
T_iter: 1.510309 1.300076 1.364074 1.380017 1.368925 1.289266 1.205404 1.248503 1.197376 1.205723 
T_stage 0: 0.874210 0.881079 0.875813 0.888782 0.903506 0.880390 0.871756 0.872605 0.795992 0.786913 
T_stage 1: 0.634074 0.414411 0.485472 0.491417 0.465186 0.423309 0.339274 0.368395 0.402479 0.424421 
