Config: granularity=100000, SDR=10000, ADR=0, Rigid=1, Capture_Method=0
Stage 0: PT=0, T_stage=0.523500, bytes=0, T_capped=0
Stage 1: PT=6, T_stage=0.000000, bytes=33176880, T_capped=0
Group 1: Iters=10, Procs=112, Factors=1.000000, Dist=2, RM=0, SM=0, RS=0, SS=5, parents=448, children=0
Async_Iters: 0
T_iter: 0.685436 0.650872 0.621554 0.625183 0.660388 0.642487 0.646165 0.630712 0.609981 0.625609 
T_stage 0: 0.566669 0.613759 0.587225 0.591273 0.604016 0.599861 0.602258 0.597084 0.575302 0.594102 
T_stage 1: 0.114932 0.037403 0.034478 0.034118 0.059956 0.042622 0.044075 0.033847 0.034682 0.031523 
Config: granularity=100000, SDR=10000, ADR=0, Rigid=1, Capture_Method=0
Stage 0: PT=0, T_stage=0.523500, bytes=0, T_capped=0
Stage 1: PT=6, T_stage=0.000000, bytes=33176880, T_capped=0
Group 1: Iters=10, Procs=112, Factors=1.000000, Dist=2, RM=0, SM=0, RS=0, SS=5, parents=448, children=0
Async_Iters: 0
T_iter: 0.765614 0.732999 0.739390 0.732209 0.727505 0.758147 0.723929 0.740985 0.724414 0.741042 
T_stage 0: 0.668030 0.697873 0.704820 0.689320 0.687683 0.713743 0.690170 0.707666 0.688840 0.688420 
T_stage 1: 0.097605 0.035493 0.034835 0.043041 0.040004 0.044578 0.033858 0.033401 0.035557 0.052624 
Config: granularity=100000, SDR=10000, ADR=0, Rigid=1, Capture_Method=0
Stage 0: PT=0, T_stage=0.523500, bytes=0, T_capped=0
Stage 1: PT=6, T_stage=0.000000, bytes=33176880, T_capped=0
Group 1: Iters=10, Procs=112, Factors=1.000000, Dist=2, RM=0, SM=0, RS=0, SS=5, parents=448, children=0
Async_Iters: 0
T_iter: 0.743663 0.711126 0.704238 0.688065 0.699020 0.693477 0.669193 0.635444 0.570285 0.566707 
T_stage 0: 0.658645 0.677914 0.673819 0.646478 0.651693 0.647468 0.641974 0.607780 0.542551 0.537315 
T_stage 1: 0.085137 0.033638 0.030520 0.043652 0.047534 0.046421 0.027680 0.027852 0.028099 0.029472 
Config: granularity=100000, SDR=10000, ADR=0, Rigid=1, Capture_Method=0
Stage 0: PT=0, T_stage=0.523500, bytes=0, T_capped=0
Stage 1: PT=6, T_stage=0.000000, bytes=33176880, T_capped=0
Group 1: Iters=10, Procs=112, Factors=1.000000, Dist=2, RM=0, SM=0, RS=0, SS=5, parents=448, children=0
Async_Iters: 0
T_iter: 0.693415 0.624752 0.630184 0.622718 0.584630 0.540808 0.555477 0.514019 0.531006 0.515103 
T_stage 0: 0.599087 0.592616 0.600350 0.588473 0.537940 0.495062 0.498641 0.487625 0.493090 0.484403 
T_stage 1: 0.090090 0.032512 0.029843 0.035180 0.046832 0.045777 0.057008 0.026659 0.037868 0.030705 
Config: granularity=100000, SDR=10000, ADR=0, Rigid=1, Capture_Method=0
Stage 0: PT=0, T_stage=0.523500, bytes=0, T_capped=0
Stage 1: PT=6, T_stage=0.000000, bytes=33176880, T_capped=0
Group 1: Iters=10, Procs=112, Factors=1.000000, Dist=2, RM=0, SM=0, RS=0, SS=5, parents=448, children=0
Async_Iters: 0
T_iter: 0.766643 0.681729 0.684587 0.690118 0.718976 0.690212 0.678880 0.603049 0.579361 0.563232 
T_stage 0: 0.690432 0.653773 0.648613 0.650280 0.650216 0.651372 0.645551 0.575202 0.546869 0.536559 
T_stage 1: 0.076594 0.028042 0.036248 0.040126 0.070200 0.039107 0.033279 0.027868 0.032564 0.026677 
Config: granularity=100000, SDR=10000, ADR=0, Rigid=1, Capture_Method=0
Stage 0: PT=0, T_stage=0.523500, bytes=0, T_capped=0
Stage 1: PT=6, T_stage=0.000000, bytes=33176880, T_capped=0
Group 1: Iters=10, Procs=112, Factors=1.000000, Dist=2, RM=0, SM=0, RS=0, SS=5, parents=448, children=0
Async_Iters: 0
T_iter: 0.744629 0.663364 0.672323 0.652719 0.689336 0.673897 0.671771 0.648588 0.661965 0.639269 
T_stage 0: 0.607391 0.622713 0.638540 0.613207 0.636605 0.609784 0.627676 0.606821 0.630505 0.607337 
T_stage 1: 0.135784 0.040682 0.033868 0.040303 0.053138 0.067498 0.044668 0.041960 0.031640 0.031961 
Config: granularity=100000, SDR=10000, ADR=0, Rigid=1, Capture_Method=0
Stage 0: PT=0, T_stage=0.523500, bytes=0, T_capped=0
Stage 1: PT=6, T_stage=0.000000, bytes=33176880, T_capped=0
Group 1: Iters=10, Procs=112, Factors=1.000000, Dist=2, RM=0, SM=0, RS=0, SS=5, parents=448, children=0
Async_Iters: 0
T_iter: 0.686886 0.654443 0.645763 0.651918 0.661027 0.667359 0.659512 0.640132 0.640598 0.622582 
T_stage 0: 0.584575 0.619858 0.613570 0.612020 0.615295 0.618244 0.614644 0.599448 0.609420 0.591795 
T_stage 1: 0.102305 0.034887 0.032316 0.040146 0.045881 0.052345 0.045053 0.041157 0.031568 0.030927 
Config: granularity=100000, SDR=10000, ADR=0, Rigid=1, Capture_Method=0
Stage 0: PT=0, T_stage=0.523500, bytes=0, T_capped=0
Stage 1: PT=6, T_stage=0.000000, bytes=33176880, T_capped=0
Group 1: Iters=10, Procs=112, Factors=1.000000, Dist=2, RM=0, SM=0, RS=0, SS=5, parents=448, children=0
Async_Iters: 0
T_iter: 0.775864 0.724923 0.737712 0.732081 0.781461 0.725200 0.727645 0.719560 0.717901 0.715834 
T_stage 0: 0.693652 0.693710 0.692008 0.692057 0.698770 0.689323 0.691066 0.688316 0.686259 0.683584 
T_stage 1: 0.082303 0.031522 0.045875 0.040391 0.085498 0.036103 0.036796 0.031302 0.031749 0.032239 
Config: granularity=100000, SDR=10000, ADR=0, Rigid=1, Capture_Method=0
Stage 0: PT=0, T_stage=0.523500, bytes=0, T_capped=0
Stage 1: PT=6, T_stage=0.000000, bytes=33176880, T_capped=0
Group 1: Iters=10, Procs=112, Factors=1.000000, Dist=2, RM=0, SM=0, RS=0, SS=5, parents=448, children=0
Async_Iters: 0
T_iter: 0.712667 0.646826 0.633667 0.639903 0.647512 0.635660 0.645491 0.629162 0.629826 0.627666 
T_stage 0: 0.574058 0.606183 0.600144 0.602454 0.602333 0.600356 0.602240 0.597481 0.598760 0.596921 
T_stage 1: 0.138540 0.041199 0.033628 0.039188 0.046545 0.035568 0.043341 0.031818 0.031221 0.030741 
Config: granularity=100000, SDR=10000, ADR=0, Rigid=1, Capture_Method=0
Stage 0: PT=0, T_stage=0.523500, bytes=0, T_capped=0
Stage 1: PT=6, T_stage=0.000000, bytes=33176880, T_capped=0
Group 1: Iters=10, Procs=112, Factors=1.000000, Dist=2, RM=0, SM=0, RS=0, SS=5, parents=448, children=0
Async_Iters: 0
T_iter: 0.709609 0.646112 0.676750 0.652635 0.676617 0.664629 0.642559 0.647260 0.647532 0.638649 
T_stage 0: 0.610940 0.611829 0.640970 0.614824 0.629940 0.623385 0.608945 0.608954 0.613472 0.603905 
T_stage 1: 0.098689 0.034235 0.035866 0.037938 0.046796 0.041356 0.033787 0.038593 0.034048 0.034852 
Config: granularity=100000, SDR=10000, ADR=0, Rigid=1, Capture_Method=0
Stage 0: PT=0, T_stage=0.523500, bytes=0, T_capped=0
Stage 1: PT=6, T_stage=0.000000, bytes=33176880, T_capped=0
Group 1: Iters=10, Procs=112, Factors=1.000000, Dist=2, RM=0, SM=0, RS=0, SS=5, parents=448, children=0
Async_Iters: 0
T_iter: 0.687283 0.641339 0.645540 0.634754 0.646461 0.673737 0.635923 0.615414 0.614778 0.608661 
T_stage 0: 0.589472 0.608921 0.612617 0.582629 0.592051 0.589735 0.596495 0.582853 0.585105 0.578886 
T_stage 1: 0.096668 0.032561 0.033441 0.052715 0.054721 0.088684 0.039951 0.032511 0.029402 0.029776 
Config: granularity=100000, SDR=10000, ADR=0, Rigid=1, Capture_Method=0
Stage 0: PT=0, T_stage=0.523500, bytes=0, T_capped=0
Stage 1: PT=6, T_stage=0.000000, bytes=33176880, T_capped=0
Group 1: Iters=10, Procs=112, Factors=1.000000, Dist=2, RM=0, SM=0, RS=0, SS=5, parents=448, children=0
Async_Iters: 0
T_iter: 0.784269 0.736628 0.748767 0.675561 0.682577 0.686608 0.655247 0.653050 0.660066 0.650639 
T_stage 0: 0.665268 0.697452 0.713489 0.629376 0.642123 0.634458 0.621999 0.620266 0.624569 0.617278 
T_stage 1: 0.119013 0.039585 0.035457 0.046428 0.040641 0.052211 0.033445 0.032811 0.035754 0.033395 
Config: granularity=100000, SDR=10000, ADR=0, Rigid=1, Capture_Method=0
Stage 0: PT=0, T_stage=0.523500, bytes=0, T_capped=0
Stage 1: PT=6, T_stage=0.000000, bytes=33176880, T_capped=0
Group 1: Iters=10, Procs=112, Factors=1.000000, Dist=2, RM=0, SM=0, RS=0, SS=5, parents=448, children=0
Async_Iters: 0
T_iter: 0.792348 0.748445 0.767621 0.792941 0.750350 0.788925 0.758250 0.750499 0.739709 0.761390 
T_stage 0: 0.696640 0.713902 0.730540 0.734368 0.713451 0.738331 0.709061 0.716878 0.706846 0.716853 
T_stage 1: 0.095721 0.034504 0.037311 0.058822 0.037103 0.051048 0.049492 0.033879 0.032869 0.044658 
Config: granularity=100000, SDR=10000, ADR=0, Rigid=1, Capture_Method=0
Stage 0: PT=0, T_stage=0.523500, bytes=0, T_capped=0
Stage 1: PT=6, T_stage=0.000000, bytes=33176880, T_capped=0
Group 1: Iters=10, Procs=112, Factors=1.000000, Dist=2, RM=0, SM=0, RS=0, SS=5, parents=448, children=0
Async_Iters: 0
T_iter: 0.785652 0.722803 0.747083 0.757919 0.755288 0.734445 0.717584 0.719718 0.717431 0.736444 
T_stage 0: 0.700118 0.688864 0.698996 0.706223 0.706397 0.702552 0.687208 0.690030 0.687076 0.686044 
T_stage 1: 0.085568 0.034019 0.048236 0.052224 0.049007 0.031949 0.030630 0.029823 0.030337 0.050699 
Config: granularity=100000, SDR=10000, ADR=0, Rigid=1, Capture_Method=0
Stage 0: PT=0, T_stage=0.523500, bytes=0, T_capped=0
Stage 1: PT=6, T_stage=0.000000, bytes=33176880, T_capped=0
Group 1: Iters=10, Procs=112, Factors=1.000000, Dist=2, RM=0, SM=0, RS=0, SS=5, parents=448, children=0
Async_Iters: 0
T_iter: 0.774379 0.698040 0.708072 0.708444 0.717656 0.728779 0.689490 0.692781 0.698693 0.676113 
T_stage 0: 0.633147 0.660451 0.673359 0.656392 0.669923 0.659805 0.653303 0.655505 0.662215 0.643015 
T_stage 1: 0.137166 0.037781 0.034839 0.054144 0.048067 0.069160 0.036317 0.037239 0.036577 0.033409 
Config: granularity=100000, SDR=10000, ADR=0, Rigid=1, Capture_Method=0
Stage 0: PT=0, T_stage=0.523500, bytes=0, T_capped=0
Stage 1: PT=6, T_stage=0.000000, bytes=33176880, T_capped=0
Group 1: Iters=10, Procs=112, Factors=1.000000, Dist=2, RM=0, SM=0, RS=0, SS=5, parents=448, children=0
Async_Iters: 0
T_iter: 0.751754 0.697554 0.711503 0.696601 0.720014 0.715761 0.706659 0.703623 0.701852 0.685962 
T_stage 0: 0.640210 0.661555 0.677509 0.656675 0.671738 0.674386 0.669354 0.669426 0.666909 0.650972 
T_stage 1: 0.108965 0.035952 0.034134 0.040274 0.048445 0.041558 0.037605 0.034461 0.035022 0.034983 
Config: granularity=100000, SDR=10000, ADR=0, Rigid=1, Capture_Method=0
Stage 0: PT=0, T_stage=0.523500, bytes=0, T_capped=0
Stage 1: PT=6, T_stage=0.000000, bytes=33176880, T_capped=0
Group 1: Iters=10, Procs=112, Factors=1.000000, Dist=2, RM=0, SM=0, RS=0, SS=5, parents=448, children=0
Async_Iters: 0
T_iter: 0.742779 0.703159 0.679415 0.686686 0.696353 0.696391 0.693258 0.680948 0.674092 0.670083 
T_stage 0: 0.643380 0.670096 0.650893 0.650200 0.658279 0.649335 0.654770 0.647357 0.646027 0.642229 
T_stage 1: 0.096253 0.033616 0.028656 0.036885 0.038198 0.047165 0.038605 0.033609 0.028077 0.027922 
Config: granularity=100000, SDR=10000, ADR=0, Rigid=1, Capture_Method=0
Stage 0: PT=0, T_stage=0.523500, bytes=0, T_capped=0
Stage 1: PT=6, T_stage=0.000000, bytes=33176880, T_capped=0
Group 1: Iters=10, Procs=112, Factors=1.000000, Dist=2, RM=0, SM=0, RS=0, SS=5, parents=448, children=0
Async_Iters: 0
T_iter: 0.737151 0.678324 0.664714 0.645727 0.677757 0.653882 0.677536 0.644223 0.664902 0.637763 
T_stage 0: 0.594009 0.634971 0.631856 0.610578 0.636091 0.610690 0.634642 0.611799 0.631690 0.604941 
T_stage 1: 0.143141 0.043474 0.032926 0.035240 0.042094 0.046289 0.042965 0.032619 0.033209 0.032793 
Config: granularity=100000, SDR=10000, ADR=0, Rigid=1, Capture_Method=0
Stage 0: PT=0, T_stage=0.523500, bytes=0, T_capped=0
Stage 1: PT=6, T_stage=0.000000, bytes=33176880, T_capped=0
Group 1: Iters=10, Procs=112, Factors=1.000000, Dist=2, RM=0, SM=0, RS=0, SS=5, parents=448, children=0
Async_Iters: 0
T_iter: 0.742514 0.664504 0.653276 0.665420 0.681661 0.709873 0.666369 0.639863 0.653319 0.643287 
T_stage 0: 0.595733 0.622520 0.619316 0.616145 0.638554 0.611446 0.622714 0.604793 0.619198 0.608847 
T_stage 1: 0.146421 0.042302 0.034004 0.050931 0.043450 0.096608 0.043765 0.035067 0.034135 0.034607 
Config: granularity=100000, SDR=10000, ADR=0, Rigid=1, Capture_Method=0
Stage 0: PT=0, T_stage=0.523500, bytes=0, T_capped=0
Stage 1: PT=6, T_stage=0.000000, bytes=33176880, T_capped=0
Group 1: Iters=10, Procs=112, Factors=1.000000, Dist=2, RM=0, SM=0, RS=0, SS=5, parents=448, children=0
Async_Iters: 0
T_iter: 0.718976 0.657197 0.634294 0.649199 0.656124 0.635048 0.659231 0.641799 0.644363 0.641033 
T_stage 0: 0.586065 0.618979 0.601459 0.614047 0.616934 0.594746 0.618208 0.610113 0.612138 0.608980 
T_stage 1: 0.129860 0.038622 0.032926 0.035113 0.039467 0.040411 0.043088 0.031914 0.032490 0.032068 
