Config: granularity=100000, SDR=10000, ADR=0, Rigid=1, Capture_Method=0
Stage 0: PT=0, T_stage=0.523500, bytes=0, T_capped=0
Stage 1: PT=6, T_stage=0.000000, bytes=33176880, T_capped=0
Group 1: Iters=10, Procs=224, Factors=1.000000, Dist=2, RM=0, SM=1, RS=0, SS=0, parents=2688, children=0
Async_Iters: 0
T_iter: 0.889182 0.898313 0.893927 0.884075 0.868975 0.869127 0.873093 0.875373 0.869929 0.862201 
T_stage 0: 0.791384 0.798197 0.800193 0.797607 0.795429 0.795096 0.792193 0.794748 0.789597 0.788222 
T_stage 1: 0.098034 0.100605 0.094116 0.089365 0.073923 0.076482 0.081623 0.081162 0.080344 0.074429 
Config: granularity=100000, SDR=10000, ADR=0, Rigid=1, Capture_Method=0
Stage 0: PT=0, T_stage=0.523500, bytes=0, T_capped=0
Stage 1: PT=6, T_stage=0.000000, bytes=33176880, T_capped=0
Group 1: Iters=10, Procs=224, Factors=1.000000, Dist=2, RM=0, SM=1, RS=0, SS=0, parents=2688, children=0
Async_Iters: 0
T_iter: 0.821170 0.817520 0.874177 0.809669 0.790645 0.825804 0.796857 0.799112 0.800812 0.824579 
T_stage 0: 0.712717 0.715801 0.719105 0.717825 0.711729 0.713112 0.713961 0.716699 0.709162 0.711939 
T_stage 1: 0.108391 0.102056 0.153977 0.092462 0.079069 0.112749 0.085608 0.085564 0.091886 0.109145 
Config: granularity=100000, SDR=10000, ADR=0, Rigid=1, Capture_Method=0
Stage 0: PT=0, T_stage=0.523500, bytes=0, T_capped=0
Stage 1: PT=6, T_stage=0.000000, bytes=33176880, T_capped=0
Group 1: Iters=10, Procs=224, Factors=1.000000, Dist=2, RM=0, SM=1, RS=0, SS=0, parents=2688, children=0
Async_Iters: 0
T_iter: 0.773370 0.734324 0.765624 0.744749 0.736916 0.728099 0.726960 0.746052 0.737466 0.757465 
T_stage 0: 0.651255 0.647835 0.652533 0.657312 0.646455 0.645851 0.645816 0.646937 0.647301 0.639525 
T_stage 1: 0.122100 0.086451 0.109655 0.087919 0.090509 0.082680 0.081660 0.099374 0.090333 0.118320 
Config: granularity=100000, SDR=10000, ADR=0, Rigid=1, Capture_Method=0
Stage 0: PT=0, T_stage=0.523500, bytes=0, T_capped=0
Stage 1: PT=6, T_stage=0.000000, bytes=33176880, T_capped=0
Group 1: Iters=10, Procs=224, Factors=1.000000, Dist=2, RM=0, SM=1, RS=0, SS=0, parents=2688, children=0
Async_Iters: 0
T_iter: 0.812040 0.799069 0.803247 0.802511 0.786791 0.786821 0.782569 0.755111 0.735530 0.744302 
T_stage 0: 0.691701 0.698393 0.697855 0.702384 0.695924 0.694513 0.694086 0.648594 0.645102 0.642668 
T_stage 1: 0.120200 0.100471 0.105868 0.100794 0.091173 0.092405 0.088629 0.105187 0.090751 0.101741 
Config: granularity=100000, SDR=10000, ADR=0, Rigid=1, Capture_Method=0
Stage 0: PT=0, T_stage=0.523500, bytes=0, T_capped=0
Stage 1: PT=6, T_stage=0.000000, bytes=33176880, T_capped=0
Group 1: Iters=10, Procs=224, Factors=1.000000, Dist=2, RM=0, SM=1, RS=0, SS=0, parents=2688, children=0
Async_Iters: 0
T_iter: 0.825574 0.816661 0.845562 0.756797 0.749223 0.763344 0.741140 0.728061 0.726687 0.731266 
T_stage 0: 0.726007 0.725057 0.727489 0.674976 0.670260 0.667934 0.671786 0.663987 0.664437 0.659988 
T_stage 1: 0.099509 0.091621 0.118154 0.082140 0.079445 0.095103 0.069790 0.063502 0.062278 0.071473 
Config: granularity=100000, SDR=10000, ADR=0, Rigid=1, Capture_Method=0
Stage 0: PT=0, T_stage=0.523500, bytes=0, T_capped=0
Stage 1: PT=6, T_stage=0.000000, bytes=33176880, T_capped=0
Group 1: Iters=10, Procs=224, Factors=1.000000, Dist=2, RM=0, SM=1, RS=0, SS=0, parents=2688, children=0
Async_Iters: 0
T_iter: 0.861243 0.860136 0.885955 0.840526 0.823203 0.833034 0.850337 0.830009 0.838780 0.891512 
T_stage 0: 0.747728 0.753179 0.751828 0.749848 0.746947 0.749202 0.745804 0.748247 0.746833 0.743478 
T_stage 1: 0.113457 0.107025 0.132736 0.091186 0.076247 0.084415 0.104487 0.081899 0.092368 0.148212 
Config: granularity=100000, SDR=10000, ADR=0, Rigid=1, Capture_Method=0
Stage 0: PT=0, T_stage=0.523500, bytes=0, T_capped=0
Stage 1: PT=6, T_stage=0.000000, bytes=33176880, T_capped=0
Group 1: Iters=10, Procs=224, Factors=1.000000, Dist=2, RM=0, SM=1, RS=0, SS=0, parents=2688, children=0
Async_Iters: 0
T_iter: 0.872992 0.874022 0.871444 0.859028 0.838485 0.848950 0.835225 0.872003 0.843469 0.884724 
T_stage 0: 0.749501 0.755214 0.764009 0.757534 0.754156 0.752442 0.750490 0.755941 0.747339 0.729798 
T_stage 1: 0.123293 0.118783 0.112414 0.101792 0.082302 0.096135 0.085094 0.118503 0.096507 0.155399 
Config: granularity=100000, SDR=10000, ADR=0, Rigid=1, Capture_Method=0
Stage 0: PT=0, T_stage=0.523500, bytes=0, T_capped=0
Stage 1: PT=6, T_stage=0.000000, bytes=33176880, T_capped=0
Group 1: Iters=10, Procs=224, Factors=1.000000, Dist=2, RM=0, SM=1, RS=0, SS=0, parents=2688, children=0
Async_Iters: 0
T_iter: 0.833515 0.817134 0.827015 0.822819 0.812720 0.835096 0.815579 0.829661 0.812774 0.817665 
T_stage 0: 0.722681 0.733628 0.731154 0.734486 0.728730 0.730316 0.729164 0.733965 0.726224 0.727705 
T_stage 1: 0.110782 0.083490 0.095770 0.088591 0.084270 0.105413 0.085964 0.097776 0.086584 0.090336 
Config: granularity=100000, SDR=10000, ADR=0, Rigid=1, Capture_Method=0
Stage 0: PT=0, T_stage=0.523500, bytes=0, T_capped=0
Stage 1: PT=6, T_stage=0.000000, bytes=33176880, T_capped=0
Group 1: Iters=10, Procs=224, Factors=1.000000, Dist=2, RM=0, SM=1, RS=0, SS=0, parents=2688, children=0
Async_Iters: 0
T_iter: 0.910715 0.899454 0.904143 0.892871 0.896802 0.887297 0.896444 0.888810 0.982108 0.888105 
T_stage 0: 0.805560 0.812622 0.818064 0.809616 0.809292 0.807899 0.810253 0.805449 0.807434 0.809793 
T_stage 1: 0.106377 0.086773 0.086507 0.083608 0.087716 0.079484 0.086492 0.083600 0.174065 0.078826 
Config: granularity=100000, SDR=10000, ADR=0, Rigid=1, Capture_Method=0
Stage 0: PT=0, T_stage=0.523500, bytes=0, T_capped=0
Stage 1: PT=6, T_stage=0.000000, bytes=33176880, T_capped=0
Group 1: Iters=10, Procs=224, Factors=1.000000, Dist=2, RM=0, SM=1, RS=0, SS=0, parents=2688, children=0
Async_Iters: 0
T_iter: 0.807422 0.774111 0.766269 0.788624 0.759406 0.760224 0.754848 0.773092 0.765705 0.764101 
T_stage 0: 0.679096 0.679060 0.678661 0.684468 0.676200 0.674122 0.674005 0.675342 0.673657 0.668651 
T_stage 1: 0.128236 0.095148 0.087994 0.105219 0.083268 0.086206 0.080988 0.096078 0.092133 0.095715 
Config: granularity=100000, SDR=10000, ADR=0, Rigid=1, Capture_Method=0
Stage 0: PT=0, T_stage=0.523500, bytes=0, T_capped=0
Stage 1: PT=6, T_stage=0.000000, bytes=33176880, T_capped=0
Group 1: Iters=10, Procs=224, Factors=1.000000, Dist=2, RM=0, SM=1, RS=0, SS=0, parents=2688, children=0
Async_Iters: 0
T_iter: 0.744954 0.718606 0.726971 0.770940 0.741196 0.715097 0.712740 0.704130 0.707285 0.701067 
T_stage 0: 0.616509 0.622508 0.616853 0.625694 0.619545 0.616693 0.615750 0.613131 0.622657 0.617535 
T_stage 1: 0.128362 0.096087 0.110410 0.148433 0.121938 0.099222 0.097871 0.091042 0.084895 0.083688 
Config: granularity=100000, SDR=10000, ADR=0, Rigid=1, Capture_Method=0
Stage 0: PT=0, T_stage=0.523500, bytes=0, T_capped=0
Stage 1: PT=6, T_stage=0.000000, bytes=33176880, T_capped=0
Group 1: Iters=10, Procs=224, Factors=1.000000, Dist=2, RM=0, SM=1, RS=0, SS=0, parents=2688, children=0
Async_Iters: 0
T_iter: 0.847371 0.824547 0.855548 0.838970 0.849980 0.814825 0.823277 0.824301 0.805870 0.831732 
T_stage 0: 0.730185 0.737320 0.738637 0.741540 0.736414 0.733236 0.735100 0.734515 0.731307 0.729341 
T_stage 1: 0.117129 0.087217 0.117550 0.097754 0.113489 0.081726 0.091342 0.090436 0.074848 0.102684 
Config: granularity=100000, SDR=10000, ADR=0, Rigid=1, Capture_Method=0
Stage 0: PT=0, T_stage=0.523500, bytes=0, T_capped=0
Stage 1: PT=6, T_stage=0.000000, bytes=33176880, T_capped=0
Group 1: Iters=10, Procs=224, Factors=1.000000, Dist=2, RM=0, SM=1, RS=0, SS=0, parents=2688, children=0
Async_Iters: 0
T_iter: 0.782761 0.751500 0.752402 0.811248 0.756788 0.741985 0.758407 0.749135 0.750615 0.749297 
T_stage 0: 0.663952 0.670033 0.671151 0.671802 0.674420 0.667460 0.676990 0.665486 0.668713 0.669488 
T_stage 1: 0.118747 0.081293 0.081555 0.137010 0.085198 0.074254 0.081636 0.083663 0.082858 0.082956 
Config: granularity=100000, SDR=10000, ADR=0, Rigid=1, Capture_Method=0
Stage 0: PT=0, T_stage=0.523500, bytes=0, T_capped=0
Stage 1: PT=6, T_stage=0.000000, bytes=33176880, T_capped=0
Group 1: Iters=10, Procs=224, Factors=1.000000, Dist=2, RM=0, SM=1, RS=0, SS=0, parents=2688, children=0
Async_Iters: 0
T_iter: 0.794244 0.760154 0.765368 0.796510 0.803249 0.770173 0.756629 0.774188 0.748863 0.748458 
T_stage 0: 0.691310 0.676608 0.675348 0.686055 0.670924 0.671764 0.675360 0.675611 0.673739 0.662962 
T_stage 1: 0.102853 0.083492 0.090108 0.110995 0.132779 0.098565 0.081619 0.102801 0.075673 0.085828 
Config: granularity=100000, SDR=10000, ADR=0, Rigid=1, Capture_Method=0
Stage 0: PT=0, T_stage=0.523500, bytes=0, T_capped=0
Stage 1: PT=6, T_stage=0.000000, bytes=33176880, T_capped=0
Group 1: Iters=10, Procs=224, Factors=1.000000, Dist=2, RM=0, SM=1, RS=0, SS=0, parents=2688, children=0
Async_Iters: 0
T_iter: 0.777958 0.781920 0.760558 0.764609 0.790394 0.750024 0.772616 0.768361 0.765289 0.743610 
T_stage 0: 0.667653 0.670577 0.674308 0.675409 0.669734 0.667387 0.666697 0.666334 0.666393 0.666441 
T_stage 1: 0.110242 0.111556 0.089156 0.089546 0.121157 0.082499 0.106430 0.102056 0.098977 0.077953 
Config: granularity=100000, SDR=10000, ADR=0, Rigid=1, Capture_Method=0
Stage 0: PT=0, T_stage=0.523500, bytes=0, T_capped=0
Stage 1: PT=6, T_stage=0.000000, bytes=33176880, T_capped=0
Group 1: Iters=10, Procs=224, Factors=1.000000, Dist=2, RM=0, SM=1, RS=0, SS=0, parents=2688, children=0
Async_Iters: 0
T_iter: 0.879134 0.847446 0.882943 0.870486 0.866290 0.862952 0.851802 0.847297 0.850075 0.851147 
T_stage 0: 0.767938 0.769707 0.773773 0.770609 0.770046 0.773427 0.770350 0.767050 0.767449 0.765055 
T_stage 1: 0.111109 0.077680 0.109191 0.100026 0.094660 0.089496 0.081706 0.080281 0.082622 0.086428 
Config: granularity=100000, SDR=10000, ADR=0, Rigid=1, Capture_Method=0
Stage 0: PT=0, T_stage=0.523500, bytes=0, T_capped=0
Stage 1: PT=6, T_stage=0.000000, bytes=33176880, T_capped=0
Group 1: Iters=10, Procs=224, Factors=1.000000, Dist=2, RM=0, SM=1, RS=0, SS=0, parents=2688, children=0
Async_Iters: 0
T_iter: 0.826620 0.782368 0.797210 0.803133 0.787039 0.779363 0.778739 0.789947 0.772251 0.774679 
T_stage 0: 0.695332 0.696903 0.696661 0.700527 0.693635 0.695493 0.693374 0.692590 0.690164 0.686074 
T_stage 1: 0.131069 0.085370 0.101212 0.103034 0.093818 0.086721 0.085557 0.098843 0.082093 0.088969 
Config: granularity=100000, SDR=10000, ADR=0, Rigid=1, Capture_Method=0
Stage 0: PT=0, T_stage=0.523500, bytes=0, T_capped=0
Stage 1: PT=6, T_stage=0.000000, bytes=33176880, T_capped=0
Group 1: Iters=10, Procs=224, Factors=1.000000, Dist=2, RM=0, SM=1, RS=0, SS=0, parents=2688, children=0
Async_Iters: 0
T_iter: 0.845758 0.745812 0.758679 0.774169 0.762054 0.758736 0.757096 0.760668 0.762335 0.754301 
T_stage 0: 0.737612 0.661640 0.659141 0.689032 0.675321 0.675192 0.673917 0.672514 0.675096 0.673931 
T_stage 1: 0.108092 0.084123 0.099977 0.085501 0.087513 0.084575 0.083568 0.088178 0.087277 0.080835 
Config: granularity=100000, SDR=10000, ADR=0, Rigid=1, Capture_Method=0
Stage 0: PT=0, T_stage=0.523500, bytes=0, T_capped=0
Stage 1: PT=6, T_stage=0.000000, bytes=33176880, T_capped=0
Group 1: Iters=10, Procs=224, Factors=1.000000, Dist=2, RM=0, SM=1, RS=0, SS=0, parents=2688, children=0
Async_Iters: 0
T_iter: 0.791693 0.739900 0.740328 0.774976 0.779551 0.740667 0.757084 0.749446 0.746645 0.749627 
T_stage 0: 0.660096 0.657825 0.655932 0.659203 0.653570 0.653696 0.654516 0.649077 0.650826 0.647914 
T_stage 1: 0.131398 0.081900 0.084410 0.116621 0.124873 0.087675 0.103243 0.100499 0.095994 0.102026 
Config: granularity=100000, SDR=10000, ADR=0, Rigid=1, Capture_Method=0
Stage 0: PT=0, T_stage=0.523500, bytes=0, T_capped=0
Stage 1: PT=6, T_stage=0.000000, bytes=33176880, T_capped=0
Group 1: Iters=10, Procs=224, Factors=1.000000, Dist=2, RM=0, SM=1, RS=0, SS=0, parents=2688, children=0
Async_Iters: 0
T_iter: 0.845086 0.761407 0.766212 0.773165 0.780349 0.761337 0.763227 0.776823 0.774991 0.769592 
T_stage 0: 0.703188 0.674235 0.677318 0.676862 0.671007 0.671926 0.669512 0.672583 0.671148 0.668524 
T_stage 1: 0.141852 0.087315 0.093434 0.096581 0.109728 0.089747 0.093690 0.107379 0.103924 0.101479 
