Config: granularity=100000, SDR=10000, ADR=0, Rigid=1, Capture_Method=0
Stage 0: PT=0, T_stage=0.523500, bytes=0, T_capped=0
Stage 1: PT=6, T_stage=0.000000, bytes=33176880, T_capped=0
Group 1: Iters=10, Procs=224, Factors=1.000000, Dist=2, RM=0, SM=0, RS=0, SS=5, parents=112, children=0
Async_Iters: 0
T_iter: 0.720056 0.722539 0.748061 0.723142 0.722149 0.739273 0.718692 0.710312 0.746395 0.738157 
T_stage 0: 0.603329 0.609335 0.636502 0.635872 0.634781 0.630082 0.634084 0.628658 0.628193 0.627320 
T_stage 1: 0.116736 0.116019 0.111713 0.087892 0.090614 0.109258 0.084671 0.081869 0.118197 0.111135 
Config: granularity=100000, SDR=10000, ADR=0, Rigid=1, Capture_Method=0
Stage 0: PT=0, T_stage=0.523500, bytes=0, T_capped=0
Stage 1: PT=6, T_stage=0.000000, bytes=33176880, T_capped=0
Group 1: Iters=10, Procs=224, Factors=1.000000, Dist=2, RM=0, SM=0, RS=0, SS=5, parents=112, children=0
Async_Iters: 0
T_iter: 0.826638 0.803234 0.812371 0.812775 0.819658 0.800880 0.807551 0.791455 0.809702 0.796962 
T_stage 0: 0.715045 0.718074 0.716292 0.718860 0.717117 0.712274 0.713187 0.715832 0.710008 0.710526 
T_stage 1: 0.111667 0.085251 0.096265 0.093660 0.105528 0.088617 0.094694 0.080222 0.097507 0.086761 
Config: granularity=100000, SDR=10000, ADR=0, Rigid=1, Capture_Method=0
Stage 0: PT=0, T_stage=0.523500, bytes=0, T_capped=0
Stage 1: PT=6, T_stage=0.000000, bytes=33176880, T_capped=0
Group 1: Iters=10, Procs=224, Factors=1.000000, Dist=2, RM=0, SM=0, RS=0, SS=5, parents=112, children=0
Async_Iters: 0
T_iter: 0.721507 0.690214 0.695636 0.684106 0.735602 0.704155 0.700000 0.684399 0.696276 0.674821 
T_stage 0: 0.590315 0.592702 0.601747 0.597675 0.622469 0.610132 0.618892 0.600370 0.592816 0.587865 
T_stage 1: 0.131230 0.097862 0.093826 0.087183 0.117378 0.094238 0.080877 0.083983 0.103973 0.087320 
Config: granularity=100000, SDR=10000, ADR=0, Rigid=1, Capture_Method=0
Stage 0: PT=0, T_stage=0.523500, bytes=0, T_capped=0
Stage 1: PT=6, T_stage=0.000000, bytes=33176880, T_capped=0
Group 1: Iters=10, Procs=224, Factors=1.000000, Dist=2, RM=0, SM=0, RS=0, SS=5, parents=112, children=0
Async_Iters: 0
T_iter: 0.895431 0.883535 0.918206 0.901742 0.911700 0.912801 0.905894 0.914192 0.927604 0.905014 
T_stage 0: 0.776243 0.796284 0.827966 0.811971 0.822235 0.824470 0.817594 0.819706 0.814400 0.812446 
T_stage 1: 0.119117 0.087320 0.090621 0.088787 0.089502 0.088303 0.088663 0.094571 0.113288 0.092668 
Config: granularity=100000, SDR=10000, ADR=0, Rigid=1, Capture_Method=0
Stage 0: PT=0, T_stage=0.523500, bytes=0, T_capped=0
Stage 1: PT=6, T_stage=0.000000, bytes=33176880, T_capped=0
Group 1: Iters=10, Procs=224, Factors=1.000000, Dist=2, RM=0, SM=0, RS=0, SS=5, parents=112, children=0
Async_Iters: 0
T_iter: 0.839220 0.764578 0.761413 0.802062 0.797859 0.771944 0.761662 0.760490 0.764984 0.763103 
T_stage 0: 0.731942 0.677287 0.680126 0.675341 0.673886 0.673968 0.671964 0.670970 0.669778 0.672904 
T_stage 1: 0.107509 0.088014 0.085125 0.127300 0.126530 0.098005 0.089696 0.089850 0.095201 0.090289 
Config: granularity=100000, SDR=10000, ADR=0, Rigid=1, Capture_Method=0
Stage 0: PT=0, T_stage=0.523500, bytes=0, T_capped=0
Stage 1: PT=6, T_stage=0.000000, bytes=33176880, T_capped=0
Group 1: Iters=10, Procs=224, Factors=1.000000, Dist=2, RM=0, SM=0, RS=0, SS=5, parents=112, children=0
Async_Iters: 0
T_iter: 0.793691 0.720000 0.741451 0.711311 0.737177 0.716671 0.717711 0.699321 0.706932 0.710763 
T_stage 0: 0.671628 0.636505 0.655072 0.639124 0.634906 0.629645 0.631842 0.626810 0.630027 0.629182 
T_stage 1: 0.122258 0.083601 0.086777 0.076527 0.102327 0.088020 0.085822 0.072543 0.076904 0.078849 
Config: granularity=100000, SDR=10000, ADR=0, Rigid=1, Capture_Method=0
Stage 0: PT=0, T_stage=0.523500, bytes=0, T_capped=0
Stage 1: PT=6, T_stage=0.000000, bytes=33176880, T_capped=0
Group 1: Iters=10, Procs=224, Factors=1.000000, Dist=2, RM=0, SM=0, RS=0, SS=5, parents=112, children=0
Async_Iters: 0
T_iter: 0.732664 0.718884 0.704930 0.766000 0.699458 0.723933 0.716073 0.721286 0.715147 0.736770 
T_stage 0: 0.606920 0.606927 0.622312 0.643566 0.615788 0.640576 0.637164 0.635259 0.631114 0.631622 
T_stage 1: 0.125684 0.121927 0.082787 0.122700 0.084738 0.083673 0.079074 0.086109 0.084070 0.102048 
Config: granularity=100000, SDR=10000, ADR=0, Rigid=1, Capture_Method=0
Stage 0: PT=0, T_stage=0.523500, bytes=0, T_capped=0
Stage 1: PT=6, T_stage=0.000000, bytes=33176880, T_capped=0
Group 1: Iters=10, Procs=224, Factors=1.000000, Dist=2, RM=0, SM=0, RS=0, SS=5, parents=112, children=0
Async_Iters: 0
T_iter: 0.834325 0.788038 0.861377 0.836228 0.826097 0.835608 0.812121 0.822717 0.830436 0.815217 
T_stage 0: 0.695683 0.701301 0.756463 0.742129 0.739409 0.741841 0.731933 0.731406 0.728893 0.729920 
T_stage 1: 0.138479 0.086684 0.105435 0.094325 0.087433 0.093724 0.080255 0.091441 0.101610 0.085806 
Config: granularity=100000, SDR=10000, ADR=0, Rigid=1, Capture_Method=0
Stage 0: PT=0, T_stage=0.523500, bytes=0, T_capped=0
Stage 1: PT=6, T_stage=0.000000, bytes=33176880, T_capped=0
Group 1: Iters=10, Procs=224, Factors=1.000000, Dist=2, RM=0, SM=0, RS=0, SS=5, parents=112, children=0
Async_Iters: 0
T_iter: 0.748968 0.764894 0.768206 0.718696 0.752581 0.765258 0.755856 0.742844 0.731069 0.740269 
T_stage 0: 0.625401 0.670317 0.655471 0.633764 0.664609 0.651709 0.659325 0.648725 0.640925 0.641736 
T_stage 1: 0.123412 0.094957 0.113027 0.085152 0.088276 0.116822 0.096871 0.094104 0.090148 0.098580 
Config: granularity=100000, SDR=10000, ADR=0, Rigid=1, Capture_Method=0
Stage 0: PT=0, T_stage=0.523500, bytes=0, T_capped=0
Stage 1: PT=6, T_stage=0.000000, bytes=33176880, T_capped=0
Group 1: Iters=10, Procs=224, Factors=1.000000, Dist=2, RM=0, SM=0, RS=0, SS=5, parents=112, children=0
Async_Iters: 0
T_iter: 0.761785 0.753876 0.760871 0.748079 0.741523 0.741210 0.734309 0.739717 0.735322 0.742552 
T_stage 0: 0.644848 0.654902 0.658293 0.654816 0.650745 0.652913 0.648398 0.650447 0.651162 0.648226 
T_stage 1: 0.116930 0.098919 0.102670 0.093639 0.090923 0.088582 0.085909 0.089208 0.084311 0.094449 
Config: granularity=100000, SDR=10000, ADR=0, Rigid=1, Capture_Method=0
Stage 0: PT=0, T_stage=0.523500, bytes=0, T_capped=0
Stage 1: PT=6, T_stage=0.000000, bytes=33176880, T_capped=0
Group 1: Iters=10, Procs=224, Factors=1.000000, Dist=2, RM=0, SM=0, RS=0, SS=5, parents=112, children=0
Async_Iters: 0
T_iter: 0.917476 0.890705 0.889389 0.926405 0.898864 0.885422 0.883190 0.881774 0.897047 0.883173 
T_stage 0: 0.806824 0.805843 0.808566 0.807941 0.803746 0.802920 0.803643 0.801681 0.813722 0.802031 
T_stage 1: 0.110849 0.085080 0.081893 0.118700 0.096968 0.082822 0.079601 0.080368 0.083310 0.081424 
Config: granularity=100000, SDR=10000, ADR=0, Rigid=1, Capture_Method=0
Stage 0: PT=0, T_stage=0.523500, bytes=0, T_capped=0
Stage 1: PT=6, T_stage=0.000000, bytes=33176880, T_capped=0
Group 1: Iters=10, Procs=224, Factors=1.000000, Dist=2, RM=0, SM=0, RS=0, SS=5, parents=112, children=0
Async_Iters: 0
T_iter: 0.774579 0.705384 0.710214 0.741042 0.709228 0.729822 0.699670 0.694068 0.714121 0.701124 
T_stage 0: 0.618444 0.623200 0.621186 0.635775 0.619566 0.619044 0.616633 0.615314 0.614133 0.614904 
T_stage 1: 0.156170 0.082194 0.089207 0.115001 0.089974 0.110991 0.083156 0.078781 0.100022 0.086234 
Config: granularity=100000, SDR=10000, ADR=0, Rigid=1, Capture_Method=0
Stage 0: PT=0, T_stage=0.523500, bytes=0, T_capped=0
Stage 1: PT=6, T_stage=0.000000, bytes=33176880, T_capped=0
Group 1: Iters=10, Procs=224, Factors=1.000000, Dist=2, RM=0, SM=0, RS=0, SS=5, parents=112, children=0
Async_Iters: 0
T_iter: 0.770014 0.752638 0.770575 0.792454 0.755569 0.750671 0.782089 0.797588 0.767899 0.778223 
T_stage 0: 0.645262 0.632359 0.674854 0.690732 0.665090 0.671218 0.688717 0.682906 0.681838 0.681297 
T_stage 1: 0.124765 0.120692 0.095812 0.102823 0.090779 0.079429 0.093447 0.112815 0.086146 0.097021 
Config: granularity=100000, SDR=10000, ADR=0, Rigid=1, Capture_Method=0
Stage 0: PT=0, T_stage=0.523500, bytes=0, T_capped=0
Stage 1: PT=6, T_stage=0.000000, bytes=33176880, T_capped=0
Group 1: Iters=10, Procs=224, Factors=1.000000, Dist=2, RM=0, SM=0, RS=0, SS=5, parents=112, children=0
Async_Iters: 0
T_iter: 0.820359 0.808682 0.830785 0.817536 0.810087 0.841092 0.816501 0.836820 0.813603 0.807163 
T_stage 0: 0.685051 0.690346 0.744339 0.726528 0.722145 0.727240 0.722148 0.719222 0.721143 0.715934 
T_stage 1: 0.135276 0.118448 0.086430 0.092744 0.088585 0.117438 0.094466 0.118687 0.092675 0.091303 
Config: granularity=100000, SDR=10000, ADR=0, Rigid=1, Capture_Method=0
Stage 0: PT=0, T_stage=0.523500, bytes=0, T_capped=0
Stage 1: PT=6, T_stage=0.000000, bytes=33176880, T_capped=0
Group 1: Iters=10, Procs=224, Factors=1.000000, Dist=2, RM=0, SM=0, RS=0, SS=5, parents=112, children=0
Async_Iters: 0
T_iter: 0.820748 0.803991 0.828520 0.812510 0.808861 0.828157 0.806737 0.812075 0.801413 0.750488 
T_stage 0: 0.689761 0.694708 0.742322 0.729859 0.729504 0.733436 0.723830 0.726796 0.723406 0.669550 
T_stage 1: 0.130959 0.109506 0.086523 0.083269 0.080126 0.098098 0.082896 0.085642 0.078295 0.080948 
Config: granularity=100000, SDR=10000, ADR=0, Rigid=1, Capture_Method=0
Stage 0: PT=0, T_stage=0.523500, bytes=0, T_capped=0
Stage 1: PT=6, T_stage=0.000000, bytes=33176880, T_capped=0
Group 1: Iters=10, Procs=224, Factors=1.000000, Dist=2, RM=0, SM=0, RS=0, SS=5, parents=112, children=0
Async_Iters: 0
T_iter: 0.757652 0.769522 0.744532 0.762137 0.741490 0.740678 0.726355 0.731457 0.730610 0.743964 
T_stage 0: 0.623931 0.647243 0.645303 0.648843 0.651024 0.646799 0.644414 0.641754 0.641170 0.642262 
T_stage 1: 0.133685 0.122565 0.099317 0.117300 0.090809 0.094096 0.081920 0.089775 0.089455 0.103208 
Config: granularity=100000, SDR=10000, ADR=0, Rigid=1, Capture_Method=0
Stage 0: PT=0, T_stage=0.523500, bytes=0, T_capped=0
Stage 1: PT=6, T_stage=0.000000, bytes=33176880, T_capped=0
Group 1: Iters=10, Procs=224, Factors=1.000000, Dist=2, RM=0, SM=0, RS=0, SS=5, parents=112, children=0
Async_Iters: 0
T_iter: 0.819020 0.805986 0.859716 0.832430 0.826074 0.826348 0.827045 0.822454 0.827005 0.823550 
T_stage 0: 0.701938 0.706537 0.758114 0.742783 0.746007 0.740423 0.740280 0.738207 0.737140 0.739322 
T_stage 1: 0.116993 0.101836 0.101925 0.089526 0.080536 0.086137 0.086764 0.084292 0.089910 0.084219 
Config: granularity=100000, SDR=10000, ADR=0, Rigid=1, Capture_Method=0
Stage 0: PT=0, T_stage=0.523500, bytes=0, T_capped=0
Stage 1: PT=6, T_stage=0.000000, bytes=33176880, T_capped=0
Group 1: Iters=10, Procs=224, Factors=1.000000, Dist=2, RM=0, SM=0, RS=0, SS=5, parents=112, children=0
Async_Iters: 0
T_iter: 0.768313 0.737479 0.742380 0.766219 0.754697 0.743157 0.726060 0.730695 0.739843 0.771303 
T_stage 0: 0.630905 0.661423 0.663236 0.662522 0.661535 0.663246 0.642148 0.654005 0.648996 0.655360 
T_stage 1: 0.137345 0.076635 0.079296 0.103892 0.093699 0.080252 0.084312 0.076876 0.090931 0.115915 
Config: granularity=100000, SDR=10000, ADR=0, Rigid=1, Capture_Method=0
Stage 0: PT=0, T_stage=0.523500, bytes=0, T_capped=0
Stage 1: PT=6, T_stage=0.000000, bytes=33176880, T_capped=0
Group 1: Iters=10, Procs=224, Factors=1.000000, Dist=2, RM=0, SM=0, RS=0, SS=5, parents=112, children=0
Async_Iters: 0
T_iter: 0.927699 0.884946 0.912270 0.950008 0.946758 0.938148 0.927286 0.930581 0.963844 0.964395 
T_stage 0: 0.798253 0.809292 0.840831 0.844824 0.860767 0.863437 0.859272 0.860204 0.860920 0.852244 
T_stage 1: 0.129493 0.076030 0.072229 0.108487 0.086191 0.074828 0.068102 0.074527 0.107076 0.112236 
Config: granularity=100000, SDR=10000, ADR=0, Rigid=1, Capture_Method=0
Stage 0: PT=0, T_stage=0.523500, bytes=0, T_capped=0
Stage 1: PT=6, T_stage=0.000000, bytes=33176880, T_capped=0
Group 1: Iters=10, Procs=224, Factors=1.000000, Dist=2, RM=0, SM=0, RS=0, SS=5, parents=112, children=0
Async_Iters: 0
T_iter: 0.847516 0.822997 0.842407 0.847498 0.843206 0.824742 0.825853 0.829738 0.826432 0.870724 
T_stage 0: 0.702529 0.717085 0.747948 0.740194 0.746003 0.737942 0.736104 0.748220 0.729922 0.736684 
T_stage 1: 0.144928 0.106343 0.094828 0.103940 0.097357 0.086859 0.089719 0.081522 0.096583 0.131189 
