Config: granularity=100000, SDR=10000, ADR=0, Rigid=1, Capture_Method=0
Stage 0: PT=0, T_stage=0.523500, bytes=0, T_capped=0
Stage 1: PT=6, T_stage=0.000000, bytes=33176880, T_capped=0
Group 1: Iters=10, Procs=224, Factors=1.000000, Dist=2, RM=0, SM=0, RS=0, SS=5, parents=448, children=0
Async_Iters: 0
T_iter: 0.814112 0.741173 0.744314 0.769134 0.769353 0.722064 0.717480 0.735639 0.717963 0.747372 
T_stage 0: 0.680670 0.663994 0.646120 0.665274 0.659828 0.633095 0.640768 0.648273 0.635575 0.649770 
T_stage 1: 0.133417 0.077126 0.094538 0.109998 0.110078 0.089195 0.076625 0.087435 0.082424 0.097695 
Config: granularity=100000, SDR=10000, ADR=0, Rigid=1, Capture_Method=0
Stage 0: PT=0, T_stage=0.523500, bytes=0, T_capped=0
Stage 1: PT=6, T_stage=0.000000, bytes=33176880, T_capped=0
Group 1: Iters=10, Procs=224, Factors=1.000000, Dist=2, RM=0, SM=0, RS=0, SS=5, parents=448, children=0
Async_Iters: 0
T_iter: 0.833333 0.861880 0.832614 0.803377 0.811501 0.829997 0.821049 0.831816 0.809633 0.822086 
T_stage 0: 0.709898 0.756759 0.735668 0.720043 0.723486 0.743114 0.730037 0.741563 0.713953 0.726933 
T_stage 1: 0.123391 0.105522 0.097135 0.083783 0.088058 0.087014 0.091120 0.090248 0.095719 0.095140 
Config: granularity=100000, SDR=10000, ADR=0, Rigid=1, Capture_Method=0
Stage 0: PT=0, T_stage=0.523500, bytes=0, T_capped=0
Stage 1: PT=6, T_stage=0.000000, bytes=33176880, T_capped=0
Group 1: Iters=10, Procs=224, Factors=1.000000, Dist=2, RM=0, SM=0, RS=0, SS=5, parents=448, children=0
Async_Iters: 0
T_iter: 0.858011 0.809149 0.742117 0.739107 0.744218 0.756038 0.727713 0.737142 0.728279 0.735832 
T_stage 0: 0.738758 0.727749 0.671935 0.671354 0.666366 0.678955 0.657966 0.662887 0.661171 0.652669 
T_stage 1: 0.119450 0.081505 0.070286 0.068117 0.077992 0.077286 0.069801 0.074597 0.067172 0.083177 
Config: granularity=100000, SDR=10000, ADR=0, Rigid=1, Capture_Method=0
Stage 0: PT=0, T_stage=0.523500, bytes=0, T_capped=0
Stage 1: PT=6, T_stage=0.000000, bytes=33176880, T_capped=0
Group 1: Iters=10, Procs=224, Factors=1.000000, Dist=2, RM=0, SM=0, RS=0, SS=5, parents=448, children=0
Async_Iters: 0
T_iter: 0.816712 0.762022 0.751092 0.778156 0.737056 0.760413 0.732716 0.762991 0.748008 0.774253 
T_stage 0: 0.669230 0.678611 0.663242 0.682992 0.647138 0.673358 0.648034 0.673944 0.668105 0.669382 
T_stage 1: 0.147392 0.083447 0.088361 0.095526 0.090289 0.087097 0.084796 0.089125 0.079865 0.104941 
Config: granularity=100000, SDR=10000, ADR=0, Rigid=1, Capture_Method=0
Stage 0: PT=0, T_stage=0.523500, bytes=0, T_capped=0
Stage 1: PT=6, T_stage=0.000000, bytes=33176880, T_capped=0
Group 1: Iters=10, Procs=224, Factors=1.000000, Dist=2, RM=0, SM=0, RS=0, SS=5, parents=448, children=0
Async_Iters: 0
T_iter: 0.870256 0.850118 0.845993 0.839685 0.844776 0.825102 0.823926 0.823429 0.823395 0.843094 
T_stage 0: 0.745943 0.768354 0.746534 0.756327 0.743248 0.748036 0.737732 0.732327 0.731324 0.724398 
T_stage 1: 0.124298 0.081811 0.098829 0.083647 0.100665 0.077090 0.086235 0.091764 0.093663 0.118815 
Config: granularity=100000, SDR=10000, ADR=0, Rigid=1, Capture_Method=0
Stage 0: PT=0, T_stage=0.523500, bytes=0, T_capped=0
Stage 1: PT=6, T_stage=0.000000, bytes=33176880, T_capped=0
Group 1: Iters=10, Procs=224, Factors=1.000000, Dist=2, RM=0, SM=0, RS=0, SS=5, parents=448, children=0
Async_Iters: 0
T_iter: 0.880497 0.898413 0.911148 0.909572 0.903167 0.868104 0.901400 0.873546 0.908964 0.877045 
T_stage 0: 0.764293 0.803012 0.788649 0.806913 0.802595 0.785309 0.794401 0.788423 0.790613 0.787495 
T_stage 1: 0.116472 0.095521 0.123964 0.102876 0.100724 0.083028 0.107067 0.085084 0.118459 0.089689 
Config: granularity=100000, SDR=10000, ADR=0, Rigid=1, Capture_Method=0
Stage 0: PT=0, T_stage=0.523500, bytes=0, T_capped=0
Stage 1: PT=6, T_stage=0.000000, bytes=33176880, T_capped=0
Group 1: Iters=10, Procs=224, Factors=1.000000, Dist=2, RM=0, SM=0, RS=0, SS=5, parents=448, children=0
Async_Iters: 0
T_iter: 0.896439 0.845494 0.889904 0.858486 0.860633 0.838290 0.857837 0.844862 0.858500 0.836053 
T_stage 0: 0.764057 0.753693 0.780520 0.749153 0.750225 0.739022 0.761633 0.750319 0.751063 0.745817 
T_stage 1: 0.132372 0.091778 0.109737 0.109438 0.110452 0.097343 0.096237 0.094619 0.107477 0.090359 
Config: granularity=100000, SDR=10000, ADR=0, Rigid=1, Capture_Method=0
Stage 0: PT=0, T_stage=0.523500, bytes=0, T_capped=0
Stage 1: PT=6, T_stage=0.000000, bytes=33176880, T_capped=0
Group 1: Iters=10, Procs=224, Factors=1.000000, Dist=2, RM=0, SM=0, RS=0, SS=5, parents=448, children=0
Async_Iters: 0
T_iter: 0.818854 0.791114 0.780050 0.772817 0.770248 0.768722 0.779363 0.765416 0.775016 0.775780 
T_stage 0: 0.683146 0.686315 0.682427 0.685248 0.678423 0.686288 0.687416 0.667073 0.681436 0.680353 
T_stage 1: 0.135700 0.104981 0.097620 0.087684 0.091960 0.082493 0.092090 0.098343 0.089696 0.095493 
Config: granularity=100000, SDR=10000, ADR=0, Rigid=1, Capture_Method=0
Stage 0: PT=0, T_stage=0.523500, bytes=0, T_capped=0
Stage 1: PT=6, T_stage=0.000000, bytes=33176880, T_capped=0
Group 1: Iters=10, Procs=224, Factors=1.000000, Dist=2, RM=0, SM=0, RS=0, SS=5, parents=448, children=0
Async_Iters: 0
T_iter: 0.750986 0.716089 0.744094 0.717651 0.713881 0.696129 0.717785 0.690158 0.699009 0.723738 
T_stage 0: 0.619962 0.629150 0.624731 0.626900 0.619101 0.611739 0.609113 0.612212 0.614359 0.615934 
T_stage 1: 0.131060 0.087127 0.119422 0.091374 0.098362 0.084340 0.108677 0.078001 0.084740 0.112000 
Config: granularity=100000, SDR=10000, ADR=0, Rigid=1, Capture_Method=0
Stage 0: PT=0, T_stage=0.523500, bytes=0, T_capped=0
Stage 1: PT=6, T_stage=0.000000, bytes=33176880, T_capped=0
Group 1: Iters=10, Procs=224, Factors=1.000000, Dist=2, RM=0, SM=0, RS=0, SS=5, parents=448, children=0
Async_Iters: 0
T_iter: 0.882883 0.882140 0.883359 0.874977 0.879121 0.857457 0.875759 0.855276 0.764062 0.807806 
T_stage 0: 0.757564 0.801306 0.784596 0.792035 0.790786 0.785231 0.794958 0.773876 0.685388 0.670747 
T_stage 1: 0.125428 0.081281 0.099295 0.083141 0.088514 0.072303 0.081183 0.081588 0.078676 0.137366 
Config: granularity=100000, SDR=10000, ADR=0, Rigid=1, Capture_Method=0
Stage 0: PT=0, T_stage=0.523500, bytes=0, T_capped=0
Stage 1: PT=6, T_stage=0.000000, bytes=33176880, T_capped=0
Group 1: Iters=10, Procs=224, Factors=1.000000, Dist=2, RM=0, SM=0, RS=0, SS=5, parents=448, children=0
Async_Iters: 0
T_iter: 0.951193 0.894424 0.911621 0.904954 0.950302 0.897964 0.931168 0.908219 0.897744 0.898547 
T_stage 0: 0.808618 0.799577 0.798131 0.812792 0.828826 0.794169 0.801861 0.803459 0.814766 0.817549 
T_stage 1: 0.142630 0.094836 0.114131 0.092532 0.121827 0.102377 0.123432 0.104749 0.083022 0.081103 
Config: granularity=100000, SDR=10000, ADR=0, Rigid=1, Capture_Method=0
Stage 0: PT=0, T_stage=0.523500, bytes=0, T_capped=0
Stage 1: PT=6, T_stage=0.000000, bytes=33176880, T_capped=0
Group 1: Iters=10, Procs=224, Factors=1.000000, Dist=2, RM=0, SM=0, RS=0, SS=5, parents=448, children=0
Async_Iters: 0
T_iter: 0.878870 0.844275 0.865233 0.875314 0.862018 0.854261 0.848410 0.847845 0.848264 0.889660 
T_stage 0: 0.754087 0.765616 0.782285 0.788445 0.773116 0.784568 0.764456 0.759360 0.768892 0.772225 
T_stage 1: 0.124420 0.078832 0.083466 0.087480 0.089139 0.069735 0.084035 0.088826 0.079394 0.118694 
Config: granularity=100000, SDR=10000, ADR=0, Rigid=1, Capture_Method=0
Stage 0: PT=0, T_stage=0.523500, bytes=0, T_capped=0
Stage 1: PT=6, T_stage=0.000000, bytes=33176880, T_capped=0
Group 1: Iters=10, Procs=224, Factors=1.000000, Dist=2, RM=0, SM=0, RS=0, SS=5, parents=448, children=0
Async_Iters: 0
T_iter: 0.801249 0.798009 0.768131 0.754218 0.733470 0.752448 0.749367 0.763462 0.762078 0.729462 
T_stage 0: 0.678157 0.660486 0.671199 0.662641 0.650933 0.649214 0.663939 0.649236 0.665843 0.644665 
T_stage 1: 0.120129 0.141625 0.099030 0.092074 0.082762 0.103218 0.085453 0.109869 0.096306 0.085258 
Config: granularity=100000, SDR=10000, ADR=0, Rigid=1, Capture_Method=0
Stage 0: PT=0, T_stage=0.523500, bytes=0, T_capped=0
Stage 1: PT=6, T_stage=0.000000, bytes=33176880, T_capped=0
Group 1: Iters=10, Procs=224, Factors=1.000000, Dist=2, RM=0, SM=0, RS=0, SS=5, parents=448, children=0
Async_Iters: 0
T_iter: 0.868021 0.885455 0.858431 0.850564 0.851542 0.843149 0.832101 0.824478 0.838784 0.875534 
T_stage 0: 0.738198 0.763400 0.768390 0.758054 0.754096 0.754218 0.744335 0.740567 0.734666 0.731344 
T_stage 1: 0.129809 0.119335 0.087748 0.092650 0.097664 0.089013 0.087841 0.084087 0.104169 0.144286 
Config: granularity=100000, SDR=10000, ADR=0, Rigid=1, Capture_Method=0
Stage 0: PT=0, T_stage=0.523500, bytes=0, T_capped=0
Stage 1: PT=6, T_stage=0.000000, bytes=33176880, T_capped=0
Group 1: Iters=10, Procs=224, Factors=1.000000, Dist=2, RM=0, SM=0, RS=0, SS=5, parents=448, children=0
Async_Iters: 0
T_iter: 0.875071 0.851461 0.845935 0.839690 0.827684 0.829543 0.810174 0.812296 0.826137 0.796710 
T_stage 0: 0.735838 0.727423 0.732068 0.726117 0.725258 0.730975 0.722706 0.722076 0.723375 0.711790 
T_stage 1: 0.139211 0.123591 0.113143 0.111360 0.102491 0.098674 0.087539 0.090221 0.103503 0.082825 
Config: granularity=100000, SDR=10000, ADR=0, Rigid=1, Capture_Method=0
Stage 0: PT=0, T_stage=0.523500, bytes=0, T_capped=0
Stage 1: PT=6, T_stage=0.000000, bytes=33176880, T_capped=0
Group 1: Iters=10, Procs=224, Factors=1.000000, Dist=2, RM=0, SM=0, RS=0, SS=5, parents=448, children=0
Async_Iters: 0
T_iter: 0.847452 0.794836 0.775572 0.814384 0.791701 0.778880 0.812853 0.777857 0.793304 0.729293 
T_stage 0: 0.713288 0.698353 0.704601 0.722229 0.704686 0.698984 0.708778 0.695940 0.719782 0.648157 
T_stage 1: 0.134164 0.096422 0.071042 0.092246 0.087146 0.080050 0.104006 0.081939 0.075958 0.081191 
Config: granularity=100000, SDR=10000, ADR=0, Rigid=1, Capture_Method=0
Stage 0: PT=0, T_stage=0.523500, bytes=0, T_capped=0
Stage 1: PT=6, T_stage=0.000000, bytes=33176880, T_capped=0
Group 1: Iters=10, Procs=224, Factors=1.000000, Dist=2, RM=0, SM=0, RS=0, SS=5, parents=448, children=0
Async_Iters: 0
T_iter: 0.879657 0.877925 0.838306 0.817008 0.796692 0.788930 0.786761 0.810536 0.786335 0.787799 
T_stage 0: 0.750270 0.779716 0.725413 0.710476 0.704688 0.699247 0.706469 0.701066 0.690728 0.690494 
T_stage 1: 0.129393 0.099932 0.113333 0.106845 0.092060 0.089602 0.082735 0.109480 0.095484 0.097378 
Config: granularity=100000, SDR=10000, ADR=0, Rigid=1, Capture_Method=0
Stage 0: PT=0, T_stage=0.523500, bytes=0, T_capped=0
Stage 1: PT=6, T_stage=0.000000, bytes=33176880, T_capped=0
Group 1: Iters=10, Procs=224, Factors=1.000000, Dist=2, RM=0, SM=0, RS=0, SS=5, parents=448, children=0
Async_Iters: 0
T_iter: 0.858697 0.828755 0.807771 0.808353 0.824366 0.784692 0.795662 0.802670 0.785782 0.814641 
T_stage 0: 0.732470 0.725495 0.726750 0.719181 0.696895 0.702603 0.698996 0.704794 0.693498 0.716296 
T_stage 1: 0.126474 0.103366 0.081255 0.092033 0.129184 0.082119 0.098120 0.098035 0.092376 0.098350 
Config: granularity=100000, SDR=10000, ADR=0, Rigid=1, Capture_Method=0
Stage 0: PT=0, T_stage=0.523500, bytes=0, T_capped=0
Stage 1: PT=6, T_stage=0.000000, bytes=33176880, T_capped=0
Group 1: Iters=10, Procs=224, Factors=1.000000, Dist=2, RM=0, SM=0, RS=0, SS=5, parents=448, children=0
Async_Iters: 0
T_iter: 0.843720 0.831238 0.700264 0.713642 0.697957 0.723425 0.675889 0.686706 0.673484 0.674155 
T_stage 0: 0.737362 0.740882 0.614939 0.612366 0.610662 0.615305 0.598061 0.600845 0.598845 0.598946 
T_stage 1: 0.106388 0.090581 0.085489 0.101333 0.085375 0.108234 0.078097 0.086212 0.074647 0.075310 
Config: granularity=100000, SDR=10000, ADR=0, Rigid=1, Capture_Method=0
Stage 0: PT=0, T_stage=0.523500, bytes=0, T_capped=0
Stage 1: PT=6, T_stage=0.000000, bytes=33176880, T_capped=0
Group 1: Iters=10, Procs=224, Factors=1.000000, Dist=2, RM=0, SM=0, RS=0, SS=5, parents=448, children=0
Async_Iters: 0
T_iter: 0.807182 0.752224 0.761603 0.783021 0.802631 0.745024 0.691644 0.698961 0.699216 0.717613 
T_stage 0: 0.648148 0.672878 0.671015 0.659515 0.675114 0.653881 0.615358 0.612671 0.612738 0.614273 
T_stage 1: 0.159278 0.079627 0.091090 0.120895 0.129527 0.091251 0.076632 0.086277 0.086291 0.103317 
