Config: granularity=100000, SDR=10000, ADR=0, Rigid=1, Capture_Method=0
Stage 0: PT=0, T_stage=0.523500, bytes=0, T_capped=0
Stage 1: PT=6, T_stage=0.000000, bytes=33176880, T_capped=0
Group 1: Iters=10, Procs=224, Factors=1.000000, Dist=2, RM=0, SM=0, RS=0, SS=5, parents=896, children=0
Async_Iters: 0
T_iter: 0.759646 0.764697 0.721605 0.742333 0.761063 0.735590 0.697693 0.712640 0.694394 0.713650 
T_stage 0: 0.604375 0.611153 0.628553 0.639150 0.617793 0.636801 0.603748 0.624891 0.596558 0.615742 
T_stage 1: 0.155655 0.153756 0.093251 0.106099 0.146269 0.098877 0.093951 0.087793 0.097903 0.093963 
Config: granularity=100000, SDR=10000, ADR=0, Rigid=1, Capture_Method=0
Stage 0: PT=0, T_stage=0.523500, bytes=0, T_capped=0
Stage 1: PT=6, T_stage=0.000000, bytes=33176880, T_capped=0
Group 1: Iters=10, Procs=224, Factors=1.000000, Dist=2, RM=0, SM=0, RS=0, SS=5, parents=896, children=0
Async_Iters: 0
T_iter: 0.834494 0.755088 0.741520 0.771860 0.800138 0.757278 0.742561 0.740058 0.738684 0.744575 
T_stage 0: 0.703138 0.674406 0.664614 0.682280 0.669672 0.685131 0.664419 0.665550 0.661311 0.655638 
T_stage 1: 0.131443 0.082377 0.077003 0.089971 0.132944 0.072561 0.079163 0.074710 0.077495 0.089056 
Config: granularity=100000, SDR=10000, ADR=0, Rigid=1, Capture_Method=0
Stage 0: PT=0, T_stage=0.523500, bytes=0, T_capped=0
Stage 1: PT=6, T_stage=0.000000, bytes=33176880, T_capped=0
Group 1: Iters=10, Procs=224, Factors=1.000000, Dist=2, RM=0, SM=0, RS=0, SS=5, parents=896, children=0
Async_Iters: 0
T_iter: 0.819726 0.794657 0.796207 0.844143 0.818486 0.814600 0.803334 0.787644 0.823571 0.805140 
T_stage 0: 0.702121 0.714389 0.713031 0.716183 0.711857 0.712777 0.708444 0.710147 0.709885 0.710426 
T_stage 1: 0.116002 0.080297 0.083531 0.128073 0.108121 0.102287 0.094913 0.077575 0.113581 0.094796 
Config: granularity=100000, SDR=10000, ADR=0, Rigid=1, Capture_Method=0
Stage 0: PT=0, T_stage=0.523500, bytes=0, T_capped=0
Stage 1: PT=6, T_stage=0.000000, bytes=33176880, T_capped=0
Group 1: Iters=10, Procs=224, Factors=1.000000, Dist=2, RM=0, SM=0, RS=0, SS=5, parents=896, children=0
Async_Iters: 0
T_iter: 0.855445 0.809157 0.796094 0.813543 0.802362 0.789328 0.773395 0.698599 0.722004 0.713709 
T_stage 0: 0.723765 0.711185 0.698111 0.717322 0.704556 0.711765 0.694652 0.608094 0.597296 0.609617 
T_stage 1: 0.131908 0.098147 0.098177 0.096282 0.098423 0.077698 0.078734 0.090542 0.124850 0.104183 
Config: granularity=100000, SDR=10000, ADR=0, Rigid=1, Capture_Method=0
Stage 0: PT=0, T_stage=0.523500, bytes=0, T_capped=0
Stage 1: PT=6, T_stage=0.000000, bytes=33176880, T_capped=0
Group 1: Iters=10, Procs=224, Factors=1.000000, Dist=2, RM=0, SM=0, RS=0, SS=5, parents=896, children=0
Async_Iters: 0
T_iter: 0.737282 0.713718 0.694202 0.744915 0.723884 0.717806 0.711972 0.728323 0.678141 0.695046 
T_stage 0: 0.615768 0.618638 0.609359 0.644682 0.616627 0.631148 0.608298 0.626560 0.604607 0.615324 
T_stage 1: 0.121490 0.095241 0.085496 0.107580 0.108635 0.086748 0.104794 0.102069 0.073521 0.079868 
Config: granularity=100000, SDR=10000, ADR=0, Rigid=1, Capture_Method=0
Stage 0: PT=0, T_stage=0.523500, bytes=0, T_capped=0
Stage 1: PT=6, T_stage=0.000000, bytes=33176880, T_capped=0
Group 1: Iters=10, Procs=224, Factors=1.000000, Dist=2, RM=0, SM=0, RS=0, SS=5, parents=896, children=0
Async_Iters: 0
T_iter: 0.821814 0.808934 0.737819 0.702685 0.715574 0.713904 0.708460 0.696572 0.713283 0.707873 
T_stage 0: 0.683041 0.707239 0.616280 0.611254 0.603302 0.605966 0.595320 0.600270 0.596084 0.587150 
T_stage 1: 0.138904 0.101777 0.121580 0.094661 0.115618 0.108105 0.112852 0.096518 0.119756 0.124675 
Config: granularity=100000, SDR=10000, ADR=0, Rigid=1, Capture_Method=0
Stage 0: PT=0, T_stage=0.523500, bytes=0, T_capped=0
Stage 1: PT=6, T_stage=0.000000, bytes=33176880, T_capped=0
Group 1: Iters=10, Procs=224, Factors=1.000000, Dist=2, RM=0, SM=0, RS=0, SS=5, parents=896, children=0
Async_Iters: 0
T_iter: 0.775252 0.776764 0.739269 0.742328 0.725449 0.735266 0.721937 0.755635 0.719710 0.721514 
T_stage 0: 0.661941 0.642036 0.649428 0.660092 0.637129 0.639827 0.636722 0.648944 0.639912 0.637097 
T_stage 1: 0.113764 0.139675 0.090286 0.083383 0.088536 0.095490 0.085458 0.110064 0.079858 0.084834 
Config: granularity=100000, SDR=10000, ADR=0, Rigid=1, Capture_Method=0
Stage 0: PT=0, T_stage=0.523500, bytes=0, T_capped=0
Stage 1: PT=6, T_stage=0.000000, bytes=33176880, T_capped=0
Group 1: Iters=10, Procs=224, Factors=1.000000, Dist=2, RM=0, SM=0, RS=0, SS=5, parents=896, children=0
Async_Iters: 0
T_iter: 0.739334 0.702340 0.704933 0.747805 0.702695 0.744240 0.702662 0.712275 0.707173 0.707248 
T_stage 0: 0.617396 0.613892 0.619974 0.629357 0.612528 0.638044 0.619691 0.628051 0.611027 0.618398 
T_stage 1: 0.121951 0.088393 0.085050 0.119857 0.090178 0.106253 0.083401 0.084269 0.096117 0.088907 
Config: granularity=100000, SDR=10000, ADR=0, Rigid=1, Capture_Method=0
Stage 0: PT=0, T_stage=0.523500, bytes=0, T_capped=0
Stage 1: PT=6, T_stage=0.000000, bytes=33176880, T_capped=0
Group 1: Iters=10, Procs=224, Factors=1.000000, Dist=2, RM=0, SM=0, RS=0, SS=5, parents=896, children=0
Async_Iters: 0
T_iter: 0.864801 0.781319 0.782725 0.752043 0.775246 0.747491 0.750357 0.741723 0.754985 0.767242 
T_stage 0: 0.710211 0.691678 0.672342 0.655268 0.657834 0.652620 0.653468 0.649384 0.651718 0.650970 
T_stage 1: 0.155008 0.089709 0.110543 0.098768 0.110721 0.095494 0.097408 0.092336 0.103771 0.114537 
Config: granularity=100000, SDR=10000, ADR=0, Rigid=1, Capture_Method=0
Stage 0: PT=0, T_stage=0.523500, bytes=0, T_capped=0
Stage 1: PT=6, T_stage=0.000000, bytes=33176880, T_capped=0
Group 1: Iters=10, Procs=224, Factors=1.000000, Dist=2, RM=0, SM=0, RS=0, SS=5, parents=896, children=0
Async_Iters: 0
T_iter: 0.830838 0.809349 0.788150 0.765919 0.778724 0.739048 0.762583 0.752288 0.780994 0.742536 
T_stage 0: 0.694055 0.686454 0.682356 0.665954 0.690052 0.659159 0.682758 0.671112 0.686411 0.660765 
T_stage 1: 0.136883 0.122849 0.097866 0.100019 0.088788 0.079977 0.079864 0.081192 0.094613 0.081861 
Config: granularity=100000, SDR=10000, ADR=0, Rigid=1, Capture_Method=0
Stage 0: PT=0, T_stage=0.523500, bytes=0, T_capped=0
Stage 1: PT=6, T_stage=0.000000, bytes=33176880, T_capped=0
Group 1: Iters=10, Procs=224, Factors=1.000000, Dist=2, RM=0, SM=0, RS=0, SS=5, parents=896, children=0
Async_Iters: 0
T_iter: 0.868844 0.845414 0.840495 0.831232 0.813268 0.839810 0.802805 0.806443 0.824053 0.767191 
T_stage 0: 0.732887 0.742472 0.742040 0.735636 0.732970 0.732429 0.732477 0.728741 0.732818 0.684819 
T_stage 1: 0.135966 0.102971 0.101515 0.092182 0.080489 0.107444 0.072633 0.077666 0.091519 0.082467 
Config: granularity=100000, SDR=10000, ADR=0, Rigid=1, Capture_Method=0
Stage 0: PT=0, T_stage=0.523500, bytes=0, T_capped=0
Stage 1: PT=6, T_stage=0.000000, bytes=33176880, T_capped=0
Group 1: Iters=10, Procs=224, Factors=1.000000, Dist=2, RM=0, SM=0, RS=0, SS=5, parents=896, children=0
Async_Iters: 0
T_iter: 0.781408 0.756469 0.760180 0.769154 0.751294 0.738170 0.773822 0.741195 0.768106 0.776935 
T_stage 0: 0.666483 0.652961 0.654525 0.669974 0.655620 0.650386 0.655376 0.646304 0.649382 0.652579 
T_stage 1: 0.114453 0.103751 0.106996 0.091985 0.096040 0.088112 0.118620 0.095240 0.118884 0.124420 
Config: granularity=100000, SDR=10000, ADR=0, Rigid=1, Capture_Method=0
Stage 0: PT=0, T_stage=0.523500, bytes=0, T_capped=0
Stage 1: PT=6, T_stage=0.000000, bytes=33176880, T_capped=0
Group 1: Iters=10, Procs=224, Factors=1.000000, Dist=2, RM=0, SM=0, RS=0, SS=5, parents=896, children=0
Async_Iters: 0
T_iter: 0.863259 0.747401 0.731836 0.752167 0.767273 0.760159 0.724730 0.713485 0.729067 0.739720 
T_stage 0: 0.760726 0.645088 0.656580 0.646505 0.643170 0.653680 0.640149 0.640401 0.639555 0.642750 
T_stage 1: 0.102891 0.102265 0.075384 0.106026 0.120842 0.106801 0.084920 0.073265 0.089558 0.100106 
Config: granularity=100000, SDR=10000, ADR=0, Rigid=1, Capture_Method=0
Stage 0: PT=0, T_stage=0.523500, bytes=0, T_capped=0
Stage 1: PT=6, T_stage=0.000000, bytes=33176880, T_capped=0
Group 1: Iters=10, Procs=224, Factors=1.000000, Dist=2, RM=0, SM=0, RS=0, SS=5, parents=896, children=0
Async_Iters: 0
T_iter: 0.740970 0.704006 0.736813 0.721299 0.694552 0.729420 0.699638 0.720265 0.702220 0.708716 
T_stage 0: 0.622468 0.622019 0.637479 0.635920 0.616352 0.642182 0.617195 0.638385 0.612490 0.623610 
T_stage 1: 0.118601 0.082222 0.099848 0.082056 0.078369 0.087453 0.082767 0.081870 0.089850 0.085102 
Config: granularity=100000, SDR=10000, ADR=0, Rigid=1, Capture_Method=0
Stage 0: PT=0, T_stage=0.523500, bytes=0, T_capped=0
Stage 1: PT=6, T_stage=0.000000, bytes=33176880, T_capped=0
Group 1: Iters=10, Procs=224, Factors=1.000000, Dist=2, RM=0, SM=0, RS=0, SS=5, parents=896, children=0
Async_Iters: 0
T_iter: 0.834865 0.813553 0.748421 0.793503 0.796265 0.761147 0.763214 0.755119 0.787590 0.783429 
T_stage 0: 0.705408 0.716983 0.659767 0.678418 0.680376 0.660085 0.678989 0.661089 0.682909 0.661815 
T_stage 1: 0.129515 0.096925 0.089076 0.115188 0.116182 0.101415 0.084394 0.093905 0.104949 0.121668 
Config: granularity=100000, SDR=10000, ADR=0, Rigid=1, Capture_Method=0
Stage 0: PT=0, T_stage=0.523500, bytes=0, T_capped=0
Stage 1: PT=6, T_stage=0.000000, bytes=33176880, T_capped=0
Group 1: Iters=10, Procs=224, Factors=1.000000, Dist=2, RM=0, SM=0, RS=0, SS=5, parents=896, children=0
Async_Iters: 0
T_iter: 0.732214 0.711919 0.711289 0.724612 0.701084 0.707022 0.677894 0.669590 0.690613 0.682880 
T_stage 0: 0.604418 0.619583 0.616024 0.612810 0.617120 0.617009 0.596215 0.594845 0.606345 0.591677 
T_stage 1: 0.127839 0.092528 0.095575 0.111913 0.084163 0.093665 0.082164 0.074869 0.084259 0.092027 
Config: granularity=100000, SDR=10000, ADR=0, Rigid=1, Capture_Method=0
Stage 0: PT=0, T_stage=0.523500, bytes=0, T_capped=0
Stage 1: PT=6, T_stage=0.000000, bytes=33176880, T_capped=0
Group 1: Iters=10, Procs=224, Factors=1.000000, Dist=2, RM=0, SM=0, RS=0, SS=5, parents=896, children=0
Async_Iters: 0
T_iter: 0.832012 0.815979 0.831792 0.818421 0.816821 0.816680 0.818903 0.805956 0.812519 0.816013 
T_stage 0: 0.719408 0.732596 0.729324 0.727223 0.726980 0.723933 0.722612 0.718704 0.720000 0.717657 
T_stage 1: 0.112542 0.083835 0.101529 0.091716 0.090009 0.092854 0.096276 0.087352 0.092650 0.097833 
Config: granularity=100000, SDR=10000, ADR=0, Rigid=1, Capture_Method=0
Stage 0: PT=0, T_stage=0.523500, bytes=0, T_capped=0
Stage 1: PT=6, T_stage=0.000000, bytes=33176880, T_capped=0
Group 1: Iters=10, Procs=224, Factors=1.000000, Dist=2, RM=0, SM=0, RS=0, SS=5, parents=896, children=0
Async_Iters: 0
T_iter: 0.739039 0.693319 0.710820 0.704641 0.691205 0.698221 0.683122 0.683697 0.687388 0.689962 
T_stage 0: 0.605341 0.614380 0.620265 0.605496 0.596937 0.598935 0.592171 0.597430 0.591177 0.590561 
T_stage 1: 0.133721 0.078830 0.090566 0.102187 0.095417 0.099403 0.092065 0.086443 0.096275 0.099296 
Config: granularity=100000, SDR=10000, ADR=0, Rigid=1, Capture_Method=0
Stage 0: PT=0, T_stage=0.523500, bytes=0, T_capped=0
Stage 1: PT=6, T_stage=0.000000, bytes=33176880, T_capped=0
Group 1: Iters=10, Procs=224, Factors=1.000000, Dist=2, RM=0, SM=0, RS=0, SS=5, parents=896, children=0
Async_Iters: 0
T_iter: 0.771539 0.737538 0.747437 0.759564 0.761350 0.747215 0.750684 0.738650 0.748454 0.745839 
T_stage 0: 0.662131 0.658675 0.656556 0.671922 0.659545 0.654077 0.653974 0.654720 0.656303 0.656905 
T_stage 1: 0.109649 0.078944 0.090837 0.087900 0.104085 0.093303 0.096716 0.083797 0.092125 0.090077 
Config: granularity=100000, SDR=10000, ADR=0, Rigid=1, Capture_Method=0
Stage 0: PT=0, T_stage=0.523500, bytes=0, T_capped=0
Stage 1: PT=6, T_stage=0.000000, bytes=33176880, T_capped=0
Group 1: Iters=10, Procs=224, Factors=1.000000, Dist=2, RM=0, SM=0, RS=0, SS=5, parents=896, children=0
Async_Iters: 0
T_iter: 0.828349 0.806141 0.782301 0.811063 0.809379 0.780799 0.777442 0.771913 0.771529 0.818540 
T_stage 0: 0.694523 0.710023 0.681713 0.702091 0.710506 0.685102 0.689827 0.678038 0.675478 0.682517 
T_stage 1: 0.133987 0.096284 0.100956 0.108957 0.099040 0.096051 0.087633 0.094035 0.098364 0.137142 
