Config loaded: R=1, S=2, granularity=100000, SDR=10000, ADR=0, Rigid=1, Capture_Method=0
Stage 0: PT=0, T_stage=0.523500, bytes=0, T_capped=0
Stage 1: PT=6, T_stage=0.000000, bytes=33176880, T_capped=0
Group 0: Iters=5, Procs=2688, Factors=1.000000, Dist=2, RM=0, SM=0, RS=0, SS=0
Group 1: Iters=10, Procs=224, Factors=1.000000, Dist=2, RM=0, SM=0, RS=0, SS=5
T_spawn: 14.595550 
T_SR: 1.042717 
T_AR: 0.000000 
T_US: 0.054260 
T_Malleability: 15.778381 
T_total: 29.404367
Config loaded: R=1, S=2, granularity=100000, SDR=10000, ADR=0, Rigid=1, Capture_Method=0
Stage 0: PT=0, T_stage=0.523500, bytes=0, T_capped=0
Stage 1: PT=6, T_stage=0.000000, bytes=33176880, T_capped=0
Group 0: Iters=5, Procs=2688, Factors=1.000000, Dist=2, RM=0, SM=0, RS=0, SS=0
Group 1: Iters=10, Procs=224, Factors=1.000000, Dist=2, RM=0, SM=0, RS=0, SS=5
T_spawn: 12.252829 
T_SR: 0.042804 
T_AR: 0.000000 
T_US: 0.084208 
T_Malleability: 12.446441 
T_total: 25.838009
Config loaded: R=1, S=2, granularity=100000, SDR=10000, ADR=0, Rigid=1, Capture_Method=0
Stage 0: PT=0, T_stage=0.523500, bytes=0, T_capped=0
Stage 1: PT=6, T_stage=0.000000, bytes=33176880, T_capped=0
Group 0: Iters=5, Procs=2688, Factors=1.000000, Dist=2, RM=0, SM=0, RS=0, SS=0
Group 1: Iters=10, Procs=224, Factors=1.000000, Dist=2, RM=0, SM=0, RS=0, SS=5
T_spawn: 12.961361 
T_SR: 0.041176 
T_AR: 0.000000 
T_US: 0.024328 
T_Malleability: 13.101508 
T_total: 28.130685
Config loaded: R=1, S=2, granularity=100000, SDR=10000, ADR=0, Rigid=1, Capture_Method=0
Stage 0: PT=0, T_stage=0.523500, bytes=0, T_capped=0
Stage 1: PT=6, T_stage=0.000000, bytes=33176880, T_capped=0
Group 0: Iters=5, Procs=2688, Factors=1.000000, Dist=2, RM=0, SM=0, RS=0, SS=0
Group 1: Iters=10, Procs=224, Factors=1.000000, Dist=2, RM=0, SM=0, RS=0, SS=5
T_spawn: 12.850921 
T_SR: 0.040454 
T_AR: 0.000000 
T_US: 0.131843 
T_Malleability: 13.142071 
T_total: 26.623439
Config loaded: R=1, S=2, granularity=100000, SDR=10000, ADR=0, Rigid=1, Capture_Method=0
Stage 0: PT=0, T_stage=0.523500, bytes=0, T_capped=0
Stage 1: PT=6, T_stage=0.000000, bytes=33176880, T_capped=0
Group 0: Iters=5, Procs=2688, Factors=1.000000, Dist=2, RM=0, SM=0, RS=0, SS=0
Group 1: Iters=10, Procs=224, Factors=1.000000, Dist=2, RM=0, SM=0, RS=0, SS=5
T_spawn: 13.308620 
T_SR: 0.034395 
T_AR: 0.000000 
T_US: 0.036279 
T_Malleability: 13.466764 
T_total: 27.761283
Config loaded: R=1, S=2, granularity=100000, SDR=10000, ADR=0, Rigid=1, Capture_Method=0
Stage 0: PT=0, T_stage=0.523500, bytes=0, T_capped=0
Stage 1: PT=6, T_stage=0.000000, bytes=33176880, T_capped=0
Group 0: Iters=5, Procs=2688, Factors=1.000000, Dist=2, RM=0, SM=0, RS=0, SS=0
Group 1: Iters=10, Procs=224, Factors=1.000000, Dist=2, RM=0, SM=0, RS=0, SS=5
T_spawn: 12.316841 
T_SR: 0.046716 
T_AR: 0.000000 
T_US: 0.087444 
T_Malleability: 12.521311 
T_total: 25.628626
Config loaded: R=1, S=2, granularity=100000, SDR=10000, ADR=0, Rigid=1, Capture_Method=0
Stage 0: PT=0, T_stage=0.523500, bytes=0, T_capped=0
Stage 1: PT=6, T_stage=0.000000, bytes=33176880, T_capped=0
Group 0: Iters=5, Procs=2688, Factors=1.000000, Dist=2, RM=0, SM=0, RS=0, SS=0
Group 1: Iters=10, Procs=224, Factors=1.000000, Dist=2, RM=0, SM=0, RS=0, SS=5
T_spawn: 12.068639 
T_SR: 0.032963 
T_AR: 0.000000 
T_US: 0.063529 
T_Malleability: 12.247297 
T_total: 24.991905
Config loaded: R=1, S=2, granularity=100000, SDR=10000, ADR=0, Rigid=1, Capture_Method=0
Stage 0: PT=0, T_stage=0.523500, bytes=0, T_capped=0
Stage 1: PT=6, T_stage=0.000000, bytes=33176880, T_capped=0
Group 0: Iters=5, Procs=2688, Factors=1.000000, Dist=2, RM=0, SM=0, RS=0, SS=0
Group 1: Iters=10, Procs=224, Factors=1.000000, Dist=2, RM=0, SM=0, RS=0, SS=5
T_spawn: 12.076874 
T_SR: 0.032440 
T_AR: 0.000000 
T_US: 0.018179 
T_Malleability: 12.255096 
T_total: 25.583182
Config loaded: R=1, S=2, granularity=100000, SDR=10000, ADR=0, Rigid=1, Capture_Method=0
Stage 0: PT=0, T_stage=0.523500, bytes=0, T_capped=0
Stage 1: PT=6, T_stage=0.000000, bytes=33176880, T_capped=0
Group 0: Iters=5, Procs=2688, Factors=1.000000, Dist=2, RM=0, SM=0, RS=0, SS=0
Group 1: Iters=10, Procs=224, Factors=1.000000, Dist=2, RM=0, SM=0, RS=0, SS=5
T_spawn: 11.776665 
T_SR: 0.027804 
T_AR: 0.000000 
T_US: 0.059896 
T_Malleability: 11.937217 
T_total: 25.528727
Config loaded: R=1, S=2, granularity=100000, SDR=10000, ADR=0, Rigid=1, Capture_Method=0
Stage 0: PT=0, T_stage=0.523500, bytes=0, T_capped=0
Stage 1: PT=6, T_stage=0.000000, bytes=33176880, T_capped=0
Group 0: Iters=5, Procs=2688, Factors=1.000000, Dist=2, RM=0, SM=0, RS=0, SS=0
Group 1: Iters=10, Procs=224, Factors=1.000000, Dist=2, RM=0, SM=0, RS=0, SS=5
T_spawn: 13.133644 
T_SR: 0.027307 
T_AR: 0.000000 
T_US: 0.032430 
T_Malleability: 13.297565 
T_total: 26.824883
Config loaded: R=1, S=2, granularity=100000, SDR=10000, ADR=0, Rigid=1, Capture_Method=0
Stage 0: PT=0, T_stage=0.523500, bytes=0, T_capped=0
Stage 1: PT=6, T_stage=0.000000, bytes=33176880, T_capped=0
Group 0: Iters=5, Procs=2688, Factors=1.000000, Dist=2, RM=0, SM=0, RS=0, SS=0
Group 1: Iters=10, Procs=224, Factors=1.000000, Dist=2, RM=0, SM=0, RS=0, SS=5
T_spawn: 12.367929 
T_SR: 0.029283 
T_AR: 0.000000 
T_US: 0.063391 
T_Malleability: 12.541339 
T_total: 25.832420
Config loaded: R=1, S=2, granularity=100000, SDR=10000, ADR=0, Rigid=1, Capture_Method=0
Stage 0: PT=0, T_stage=0.523500, bytes=0, T_capped=0
Stage 1: PT=6, T_stage=0.000000, bytes=33176880, T_capped=0
Group 0: Iters=5, Procs=2688, Factors=1.000000, Dist=2, RM=0, SM=0, RS=0, SS=0
Group 1: Iters=10, Procs=224, Factors=1.000000, Dist=2, RM=0, SM=0, RS=0, SS=5
T_spawn: 11.971627 
T_SR: 0.030508 
T_AR: 0.000000 
T_US: 0.037240 
T_Malleability: 12.111820 
T_total: 25.674733
Config loaded: R=1, S=2, granularity=100000, SDR=10000, ADR=0, Rigid=1, Capture_Method=0
Stage 0: PT=0, T_stage=0.523500, bytes=0, T_capped=0
Stage 1: PT=6, T_stage=0.000000, bytes=33176880, T_capped=0
Group 0: Iters=5, Procs=2688, Factors=1.000000, Dist=2, RM=0, SM=0, RS=0, SS=0
Group 1: Iters=10, Procs=224, Factors=1.000000, Dist=2, RM=0, SM=0, RS=0, SS=5
T_spawn: 13.095228 
T_SR: 0.065844 
T_AR: 0.000000 
T_US: 0.045129 
T_Malleability: 13.302872 
T_total: 25.762858
Config loaded: R=1, S=2, granularity=100000, SDR=10000, ADR=0, Rigid=1, Capture_Method=0
Stage 0: PT=0, T_stage=0.523500, bytes=0, T_capped=0
Stage 1: PT=6, T_stage=0.000000, bytes=33176880, T_capped=0
Group 0: Iters=5, Procs=2688, Factors=1.000000, Dist=2, RM=0, SM=0, RS=0, SS=0
Group 1: Iters=10, Procs=224, Factors=1.000000, Dist=2, RM=0, SM=0, RS=0, SS=5
T_spawn: 12.669143 
T_SR: 0.032629 
T_AR: 0.000000 
T_US: 0.043170 
T_Malleability: 12.835780 
T_total: 26.652254
Config loaded: R=1, S=2, granularity=100000, SDR=10000, ADR=0, Rigid=1, Capture_Method=0
Stage 0: PT=0, T_stage=0.523500, bytes=0, T_capped=0
Stage 1: PT=6, T_stage=0.000000, bytes=33176880, T_capped=0
Group 0: Iters=5, Procs=2688, Factors=1.000000, Dist=2, RM=0, SM=0, RS=0, SS=0
Group 1: Iters=10, Procs=224, Factors=1.000000, Dist=2, RM=0, SM=0, RS=0, SS=5
T_spawn: 12.934644 
T_SR: 0.057940 
T_AR: 0.000000 
T_US: 0.056374 
T_Malleability: 13.111845 
T_total: 26.089632
Config loaded: R=1, S=2, granularity=100000, SDR=10000, ADR=0, Rigid=1, Capture_Method=0
Stage 0: PT=0, T_stage=0.523500, bytes=0, T_capped=0
Stage 1: PT=6, T_stage=0.000000, bytes=33176880, T_capped=0
Group 0: Iters=5, Procs=2688, Factors=1.000000, Dist=2, RM=0, SM=0, RS=0, SS=0
Group 1: Iters=10, Procs=224, Factors=1.000000, Dist=2, RM=0, SM=0, RS=0, SS=5
T_spawn: 12.266511 
T_SR: 0.050376 
T_AR: 0.000000 
T_US: 0.048207 
T_Malleability: 12.451110 
T_total: 25.871321
Config loaded: R=1, S=2, granularity=100000, SDR=10000, ADR=0, Rigid=1, Capture_Method=0
Stage 0: PT=0, T_stage=0.523500, bytes=0, T_capped=0
Stage 1: PT=6, T_stage=0.000000, bytes=33176880, T_capped=0
Group 0: Iters=5, Procs=2688, Factors=1.000000, Dist=2, RM=0, SM=0, RS=0, SS=0
Group 1: Iters=10, Procs=224, Factors=1.000000, Dist=2, RM=0, SM=0, RS=0, SS=5
T_spawn: 12.094564 
T_SR: 0.053804 
T_AR: 0.000000 
T_US: 0.062498 
T_Malleability: 12.288130 
T_total: 25.707060
Config loaded: R=1, S=2, granularity=100000, SDR=10000, ADR=0, Rigid=1, Capture_Method=0
Stage 0: PT=0, T_stage=0.523500, bytes=0, T_capped=0
Stage 1: PT=6, T_stage=0.000000, bytes=33176880, T_capped=0
Group 0: Iters=5, Procs=2688, Factors=1.000000, Dist=2, RM=0, SM=0, RS=0, SS=0
Group 1: Iters=10, Procs=224, Factors=1.000000, Dist=2, RM=0, SM=0, RS=0, SS=5
T_spawn: 11.636831 
T_SR: 0.029312 
T_AR: 0.000000 
T_US: 0.120114 
T_Malleability: 11.917330 
T_total: 25.182306
Config loaded: R=1, S=2, granularity=100000, SDR=10000, ADR=0, Rigid=1, Capture_Method=0
Stage 0: PT=0, T_stage=0.523500, bytes=0, T_capped=0
Stage 1: PT=6, T_stage=0.000000, bytes=33176880, T_capped=0
Group 0: Iters=5, Procs=2688, Factors=1.000000, Dist=2, RM=0, SM=0, RS=0, SS=0
Group 1: Iters=10, Procs=224, Factors=1.000000, Dist=2, RM=0, SM=0, RS=0, SS=5
T_spawn: 10.885257 
T_SR: 0.035108 
T_AR: 0.000000 
T_US: 0.056719 
T_Malleability: 11.072677 
T_total: 24.733703
Config loaded: R=1, S=2, granularity=100000, SDR=10000, ADR=0, Rigid=1, Capture_Method=0
Stage 0: PT=0, T_stage=0.523500, bytes=0, T_capped=0
Stage 1: PT=6, T_stage=0.000000, bytes=33176880, T_capped=0
Group 0: Iters=5, Procs=2688, Factors=1.000000, Dist=2, RM=0, SM=0, RS=0, SS=0
Group 1: Iters=10, Procs=224, Factors=1.000000, Dist=2, RM=0, SM=0, RS=0, SS=5
T_spawn: 11.167553 
T_SR: 0.034391 
T_AR: 0.000000 
T_US: 0.039496 
T_Malleability: 11.343011 
T_total: 23.983508
