Config: granularity=100000, SDR=10000, ADR=0, Rigid=1, Capture_Method=0
Stage 0: PT=0, T_stage=0.523500, bytes=0, T_capped=0
Stage 1: PT=6, T_stage=0.000000, bytes=33176880, T_capped=0
Group 1: Iters=10, Procs=224, Factors=1.000000, Dist=2, RM=0, SM=0, RS=0, SS=5, parents=2688, children=0
Async_Iters: 0
T_iter: 0.815998 0.791217 0.782516 0.785359 0.782690 0.789023 0.778033 0.786901 0.764441 0.764403 
T_stage 0: 0.696994 0.704768 0.687469 0.685640 0.695175 0.701468 0.700754 0.699107 0.683206 0.682353 
T_stage 1: 0.119051 0.086630 0.095154 0.099715 0.087915 0.087842 0.077596 0.087824 0.081279 0.082195 
Config: granularity=100000, SDR=10000, ADR=0, Rigid=1, Capture_Method=0
Stage 0: PT=0, T_stage=0.523500, bytes=0, T_capped=0
Stage 1: PT=6, T_stage=0.000000, bytes=33176880, T_capped=0
Group 1: Iters=10, Procs=224, Factors=1.000000, Dist=2, RM=0, SM=0, RS=0, SS=5, parents=2688, children=0
Async_Iters: 0
T_iter: 0.821881 0.805436 0.803941 0.805794 0.830379 0.766622 0.744276 0.763843 0.747321 0.752692 
T_stage 0: 0.691001 0.715886 0.706798 0.710392 0.698594 0.670215 0.650527 0.654179 0.652427 0.657460 
T_stage 1: 0.130976 0.089565 0.097368 0.096022 0.132760 0.096698 0.095396 0.102754 0.094981 0.095237 
Config: granularity=100000, SDR=10000, ADR=0, Rigid=1, Capture_Method=0
Stage 0: PT=0, T_stage=0.523500, bytes=0, T_capped=0
Stage 1: PT=6, T_stage=0.000000, bytes=33176880, T_capped=0
Group 1: Iters=10, Procs=224, Factors=1.000000, Dist=2, RM=0, SM=0, RS=0, SS=5, parents=2688, children=0
Async_Iters: 0
T_iter: 0.912126 0.876764 0.921255 0.905718 0.858376 0.852030 0.855767 0.875392 0.874643 0.857485 
T_stage 0: 0.804329 0.800049 0.809297 0.802941 0.785479 0.779433 0.785744 0.797853 0.790989 0.786448 
T_stage 1: 0.107678 0.076976 0.112273 0.103056 0.073212 0.072571 0.070160 0.077604 0.085959 0.071135 
Config: granularity=100000, SDR=10000, ADR=0, Rigid=1, Capture_Method=0
Stage 0: PT=0, T_stage=0.523500, bytes=0, T_capped=0
Stage 1: PT=6, T_stage=0.000000, bytes=33176880, T_capped=0
Group 1: Iters=10, Procs=224, Factors=1.000000, Dist=2, RM=0, SM=0, RS=0, SS=5, parents=2688, children=0
Async_Iters: 0
T_iter: 0.896565 0.860290 0.763659 0.784335 0.765594 0.748998 0.760596 0.766379 0.772480 0.744605 
T_stage 0: 0.756241 0.743760 0.669604 0.678512 0.681712 0.668948 0.670461 0.671149 0.679884 0.663615 
T_stage 1: 0.140371 0.116806 0.094503 0.105979 0.085863 0.080160 0.090578 0.096845 0.090995 0.080978 
Config: granularity=100000, SDR=10000, ADR=0, Rigid=1, Capture_Method=0
Stage 0: PT=0, T_stage=0.523500, bytes=0, T_capped=0
Stage 1: PT=6, T_stage=0.000000, bytes=33176880, T_capped=0
Group 1: Iters=10, Procs=224, Factors=1.000000, Dist=2, RM=0, SM=0, RS=0, SS=5, parents=2688, children=0
Async_Iters: 0
T_iter: 0.906816 0.870250 0.890607 0.864168 0.854433 0.853456 0.867340 0.868264 0.846154 0.862745 
T_stage 0: 0.767185 0.777590 0.786818 0.772753 0.755293 0.749713 0.768538 0.770742 0.765482 0.766614 
T_stage 1: 0.139706 0.092775 0.104105 0.092571 0.099309 0.103856 0.098870 0.097590 0.081045 0.096539 
Config: granularity=100000, SDR=10000, ADR=0, Rigid=1, Capture_Method=0
Stage 0: PT=0, T_stage=0.523500, bytes=0, T_capped=0
Stage 1: PT=6, T_stage=0.000000, bytes=33176880, T_capped=0
Group 1: Iters=10, Procs=224, Factors=1.000000, Dist=2, RM=0, SM=0, RS=0, SS=5, parents=2688, children=0
Async_Iters: 0
T_iter: 0.802094 0.853946 0.746733 0.744663 0.759941 0.718891 0.703491 0.750694 0.734955 0.702271 
T_stage 0: 0.698477 0.733229 0.659387 0.639416 0.641473 0.632433 0.624051 0.623504 0.653365 0.627845 
T_stage 1: 0.103850 0.124940 0.090222 0.105868 0.121882 0.086616 0.079457 0.127203 0.081668 0.077015 
Config: granularity=100000, SDR=10000, ADR=0, Rigid=1, Capture_Method=0
Stage 0: PT=0, T_stage=0.523500, bytes=0, T_capped=0
Stage 1: PT=6, T_stage=0.000000, bytes=33176880, T_capped=0
Group 1: Iters=10, Procs=224, Factors=1.000000, Dist=2, RM=0, SM=0, RS=0, SS=5, parents=2688, children=0
Async_Iters: 0
T_iter: 0.723401 0.739605 0.708755 0.726117 0.747991 0.670831 0.663832 0.667447 0.657126 0.662844 
T_stage 0: 0.615507 0.628032 0.602492 0.597648 0.609624 0.587820 0.580496 0.582724 0.580606 0.580579 
T_stage 1: 0.107699 0.111625 0.104079 0.128704 0.134800 0.083220 0.083422 0.084769 0.076562 0.082312 
Config: granularity=100000, SDR=10000, ADR=0, Rigid=1, Capture_Method=0
Stage 0: PT=0, T_stage=0.523500, bytes=0, T_capped=0
Stage 1: PT=6, T_stage=0.000000, bytes=33176880, T_capped=0
Group 1: Iters=10, Procs=224, Factors=1.000000, Dist=2, RM=0, SM=0, RS=0, SS=5, parents=2688, children=0
Async_Iters: 0
T_iter: 0.836327 0.755387 0.759492 0.762560 0.763113 0.748557 0.766793 0.742381 0.736727 0.757130 
T_stage 0: 0.719442 0.664440 0.674784 0.672811 0.653836 0.660132 0.651053 0.651087 0.657863 0.664250 
T_stage 1: 0.117103 0.091052 0.084830 0.090067 0.109456 0.088725 0.115804 0.087408 0.078947 0.092979 
Config: granularity=100000, SDR=10000, ADR=0, Rigid=1, Capture_Method=0
Stage 0: PT=0, T_stage=0.523500, bytes=0, T_capped=0
Stage 1: PT=6, T_stage=0.000000, bytes=33176880, T_capped=0
Group 1: Iters=10, Procs=224, Factors=1.000000, Dist=2, RM=0, SM=0, RS=0, SS=5, parents=2688, children=0
Async_Iters: 0
T_iter: 0.853242 0.817662 0.828966 0.817017 0.831147 0.803748 0.810308 0.799399 0.824976 0.798514 
T_stage 0: 0.726042 0.731251 0.727736 0.727470 0.726933 0.722608 0.721235 0.718928 0.718819 0.716044 
T_stage 1: 0.127298 0.089153 0.101236 0.089831 0.104588 0.081215 0.089131 0.080294 0.106363 0.082616 
Config: granularity=100000, SDR=10000, ADR=0, Rigid=1, Capture_Method=0
Stage 0: PT=0, T_stage=0.523500, bytes=0, T_capped=0
Stage 1: PT=6, T_stage=0.000000, bytes=33176880, T_capped=0
Group 1: Iters=10, Procs=224, Factors=1.000000, Dist=2, RM=0, SM=0, RS=0, SS=5, parents=2688, children=0
Async_Iters: 0
T_iter: 0.839561 0.818228 0.843846 0.851025 0.789295 0.790793 0.805949 0.808049 0.800160 0.785864 
T_stage 0: 0.706280 0.727229 0.728764 0.725390 0.708244 0.709120 0.716507 0.703036 0.703131 0.693424 
T_stage 1: 0.133511 0.091094 0.116724 0.126028 0.081227 0.081675 0.089426 0.106353 0.097086 0.092573 
Config: granularity=100000, SDR=10000, ADR=0, Rigid=1, Capture_Method=0
Stage 0: PT=0, T_stage=0.523500, bytes=0, T_capped=0
Stage 1: PT=6, T_stage=0.000000, bytes=33176880, T_capped=0
Group 1: Iters=10, Procs=224, Factors=1.000000, Dist=2, RM=0, SM=0, RS=0, SS=5, parents=2688, children=0
Async_Iters: 0
T_iter: 0.807472 0.769179 0.755757 0.750939 0.764156 0.753125 0.742706 0.754828 0.748986 0.739868 
T_stage 0: 0.668916 0.673654 0.661592 0.656416 0.658111 0.659930 0.653047 0.650282 0.656518 0.647715 
T_stage 1: 0.138552 0.095808 0.092359 0.094637 0.109322 0.093180 0.089727 0.105181 0.092432 0.092158 
Config: granularity=100000, SDR=10000, ADR=0, Rigid=1, Capture_Method=0
Stage 0: PT=0, T_stage=0.523500, bytes=0, T_capped=0
Stage 1: PT=6, T_stage=0.000000, bytes=33176880, T_capped=0
Group 1: Iters=10, Procs=224, Factors=1.000000, Dist=2, RM=0, SM=0, RS=0, SS=5, parents=2688, children=0
Async_Iters: 0
T_iter: 0.823380 0.835800 0.824613 0.796888 0.797732 0.795829 0.773738 0.761979 0.764503 0.621122 
T_stage 0: 0.723162 0.742190 0.735286 0.719837 0.719306 0.718197 0.714517 0.695890 0.696092 0.550583 
T_stage 1: 0.100308 0.093785 0.089560 0.077459 0.078661 0.077955 0.059281 0.066171 0.068487 0.071565 
Config: granularity=100000, SDR=10000, ADR=0, Rigid=1, Capture_Method=0
Stage 0: PT=0, T_stage=0.523500, bytes=0, T_capped=0
Stage 1: PT=6, T_stage=0.000000, bytes=33176880, T_capped=0
Group 1: Iters=10, Procs=224, Factors=1.000000, Dist=2, RM=0, SM=0, RS=0, SS=5, parents=2688, children=0
Async_Iters: 0
T_iter: 0.741960 0.713964 0.678123 0.716656 0.690609 0.695731 0.681130 0.682511 0.686723 0.678852 
T_stage 0: 0.624798 0.623770 0.603458 0.633433 0.602102 0.623513 0.606165 0.615666 0.618252 0.612170 
T_stage 1: 0.117387 0.090382 0.074481 0.085551 0.090533 0.072102 0.074982 0.066877 0.068943 0.069642 
Config: granularity=100000, SDR=10000, ADR=0, Rigid=1, Capture_Method=0
Stage 0: PT=0, T_stage=0.523500, bytes=0, T_capped=0
Stage 1: PT=6, T_stage=0.000000, bytes=33176880, T_capped=0
Group 1: Iters=10, Procs=224, Factors=1.000000, Dist=2, RM=0, SM=0, RS=0, SS=5, parents=2688, children=0
Async_Iters: 0
T_iter: 0.862266 0.831498 0.829990 0.802807 0.807432 0.801333 0.779301 0.851826 0.832800 0.784390 
T_stage 0: 0.732218 0.722290 0.731496 0.707116 0.712560 0.707961 0.699017 0.709877 0.715877 0.697962 
T_stage 1: 0.130113 0.109302 0.098046 0.094752 0.095565 0.093414 0.080269 0.149282 0.117015 0.085475 
Config: granularity=100000, SDR=10000, ADR=0, Rigid=1, Capture_Method=0
Stage 0: PT=0, T_stage=0.523500, bytes=0, T_capped=0
Stage 1: PT=6, T_stage=0.000000, bytes=33176880, T_capped=0
Group 1: Iters=10, Procs=224, Factors=1.000000, Dist=2, RM=0, SM=0, RS=0, SS=5, parents=2688, children=0
Async_Iters: 0
T_iter: 0.862296 0.817048 0.762419 0.741279 0.754537 0.720686 0.724328 0.725274 0.741051 0.733264 
T_stage 0: 0.732892 0.722829 0.661305 0.653987 0.649863 0.643665 0.640942 0.643673 0.641255 0.642772 
T_stage 1: 0.129797 0.094283 0.099809 0.087640 0.106182 0.076994 0.083382 0.085593 0.100819 0.090633 
Config: granularity=100000, SDR=10000, ADR=0, Rigid=1, Capture_Method=0
Stage 0: PT=0, T_stage=0.523500, bytes=0, T_capped=0
Stage 1: PT=6, T_stage=0.000000, bytes=33176880, T_capped=0
Group 1: Iters=10, Procs=224, Factors=1.000000, Dist=2, RM=0, SM=0, RS=0, SS=5, parents=2688, children=0
Async_Iters: 0
T_iter: 0.885035 0.788896 0.795827 0.778371 0.773245 0.765194 0.769640 0.757257 0.771225 0.780656 
T_stage 0: 0.757458 0.694258 0.667473 0.693479 0.686473 0.688034 0.684314 0.673364 0.684729 0.687030 
T_stage 1: 0.127520 0.094795 0.132601 0.085155 0.087194 0.077022 0.085413 0.083944 0.086513 0.094168 
Config: granularity=100000, SDR=10000, ADR=0, Rigid=1, Capture_Method=0
Stage 0: PT=0, T_stage=0.523500, bytes=0, T_capped=0
Stage 1: PT=6, T_stage=0.000000, bytes=33176880, T_capped=0
Group 1: Iters=10, Procs=224, Factors=1.000000, Dist=2, RM=0, SM=0, RS=0, SS=5, parents=2688, children=0
Async_Iters: 0
T_iter: 0.804567 0.742060 0.730474 0.754285 0.734489 0.728051 0.721119 0.735398 0.730234 0.741319 
T_stage 0: 0.680059 0.674759 0.664642 0.669488 0.655237 0.649725 0.653869 0.660357 0.650977 0.665839 
T_stage 1: 0.125060 0.067449 0.066316 0.085095 0.079399 0.078594 0.067308 0.075012 0.079499 0.075558 
Config: granularity=100000, SDR=10000, ADR=0, Rigid=1, Capture_Method=0
Stage 0: PT=0, T_stage=0.523500, bytes=0, T_capped=0
Stage 1: PT=6, T_stage=0.000000, bytes=33176880, T_capped=0
Group 1: Iters=10, Procs=224, Factors=1.000000, Dist=2, RM=0, SM=0, RS=0, SS=5, parents=2688, children=0
Async_Iters: 0
T_iter: 0.812585 0.750458 0.768407 0.738109 0.748369 0.744499 0.741972 0.734474 0.754157 0.745401 
T_stage 0: 0.697563 0.661335 0.658302 0.646472 0.659753 0.649724 0.648840 0.647520 0.643361 0.645563 
T_stage 1: 0.114976 0.089427 0.110492 0.091737 0.089065 0.093888 0.093147 0.086981 0.110771 0.099897 
Config: granularity=100000, SDR=10000, ADR=0, Rigid=1, Capture_Method=0
Stage 0: PT=0, T_stage=0.523500, bytes=0, T_capped=0
Stage 1: PT=6, T_stage=0.000000, bytes=33176880, T_capped=0
Group 1: Iters=10, Procs=224, Factors=1.000000, Dist=2, RM=0, SM=0, RS=0, SS=5, parents=2688, children=0
Async_Iters: 0
T_iter: 0.834535 0.792828 0.812045 0.800600 0.826970 0.790663 0.780087 0.785812 0.775243 0.774293 
T_stage 0: 0.691326 0.709912 0.708329 0.705533 0.689501 0.699229 0.694843 0.696712 0.692311 0.688832 
T_stage 1: 0.143143 0.082935 0.104023 0.095356 0.136239 0.091872 0.086314 0.089119 0.083035 0.085525 
Config: granularity=100000, SDR=10000, ADR=0, Rigid=1, Capture_Method=0
Stage 0: PT=0, T_stage=0.523500, bytes=0, T_capped=0
Stage 1: PT=6, T_stage=0.000000, bytes=33176880, T_capped=0
Group 1: Iters=10, Procs=224, Factors=1.000000, Dist=2, RM=0, SM=0, RS=0, SS=5, parents=2688, children=0
Async_Iters: 0
T_iter: 0.705515 0.670469 0.669217 0.688880 0.700220 0.690669 0.671087 0.693635 0.710294 0.686128 
T_stage 0: 0.592305 0.592024 0.592780 0.589664 0.602272 0.596814 0.591729 0.587182 0.590074 0.592922 
T_stage 1: 0.113282 0.078423 0.076751 0.099358 0.098175 0.093950 0.079610 0.106554 0.120269 0.094122 
