Config: granularity=100000, SDR=10000, ADR=0, Rigid=1, Capture_Method=0
Stage 0: PT=0, T_stage=0.523500, bytes=0, T_capped=0
Stage 1: PT=6, T_stage=0.000000, bytes=33176880, T_capped=0
Group 1: Iters=10, Procs=448, Factors=1.000000, Dist=2, RM=0, SM=0, RS=0, SS=5, parents=896, children=0
Async_Iters: 0
T_iter: 0.865437 0.801042 0.845118 0.841696 0.746216 0.710556 0.689942 0.713120 0.723371 0.724453 
T_stage 0: 0.736289 0.691308 0.694236 0.684596 0.611499 0.621690 0.601131 0.619162 0.622677 0.616244 
T_stage 1: 0.129172 0.109877 0.155204 0.154482 0.136001 0.090343 0.088800 0.094044 0.101588 0.108416 
Config: granularity=100000, SDR=10000, ADR=0, Rigid=1, Capture_Method=0
Stage 0: PT=0, T_stage=0.523500, bytes=0, T_capped=0
Stage 1: PT=6, T_stage=0.000000, bytes=33176880, T_capped=0
Group 1: Iters=10, Procs=448, Factors=1.000000, Dist=2, RM=0, SM=0, RS=0, SS=5, parents=896, children=0
Async_Iters: 0
T_iter: 0.815179 0.850681 0.818736 0.786260 0.770925 0.779567 0.781281 0.758437 0.750155 0.707833 
T_stage 0: 0.671524 0.665766 0.690323 0.665181 0.670568 0.659721 0.672093 0.630964 0.628816 0.602991 
T_stage 1: 0.143781 0.184931 0.127888 0.121170 0.100638 0.119904 0.109297 0.127557 0.120231 0.105185 
Config: granularity=100000, SDR=10000, ADR=0, Rigid=1, Capture_Method=0
Stage 0: PT=0, T_stage=0.523500, bytes=0, T_capped=0
Stage 1: PT=6, T_stage=0.000000, bytes=33176880, T_capped=0
Group 1: Iters=10, Procs=448, Factors=1.000000, Dist=2, RM=0, SM=0, RS=0, SS=5, parents=896, children=0
Async_Iters: 0
T_iter: 0.823216 0.759126 0.838861 0.772277 0.771081 0.774144 0.757648 0.775982 0.791480 0.768080 
T_stage 0: 0.614156 0.619498 0.657589 0.659209 0.657170 0.658745 0.654558 0.651983 0.655888 0.652575 
T_stage 1: 0.208827 0.138744 0.177769 0.113484 0.115371 0.116739 0.103036 0.126014 0.134654 0.118024 
Config: granularity=100000, SDR=10000, ADR=0, Rigid=1, Capture_Method=0
Stage 0: PT=0, T_stage=0.523500, bytes=0, T_capped=0
Stage 1: PT=6, T_stage=0.000000, bytes=33176880, T_capped=0
Group 1: Iters=10, Procs=448, Factors=1.000000, Dist=2, RM=0, SM=0, RS=0, SS=5, parents=896, children=0
Async_Iters: 0
T_iter: 0.808682 0.742857 0.725987 0.716049 0.726518 0.715423 0.703472 0.699796 0.692960 0.704445 
T_stage 0: 0.673820 0.624596 0.616153 0.605836 0.607314 0.592677 0.600980 0.587861 0.592719 0.601819 
T_stage 1: 0.134216 0.118828 0.110393 0.112562 0.119724 0.122795 0.102953 0.112269 0.100229 0.104927 
Config: granularity=100000, SDR=10000, ADR=0, Rigid=1, Capture_Method=0
Stage 0: PT=0, T_stage=0.523500, bytes=0, T_capped=0
Stage 1: PT=6, T_stage=0.000000, bytes=33176880, T_capped=0
Group 1: Iters=10, Procs=448, Factors=1.000000, Dist=2, RM=0, SM=0, RS=0, SS=5, parents=896, children=0
Async_Iters: 0
T_iter: 0.953635 0.907222 0.953930 0.929447 0.923382 0.915360 0.877484 0.905537 0.873860 0.890366 
T_stage 0: 0.806104 0.802690 0.815881 0.807150 0.803752 0.792470 0.786031 0.781134 0.770551 0.777088 
T_stage 1: 0.147135 0.104985 0.140922 0.122445 0.116398 0.123197 0.091495 0.126482 0.103478 0.113300 
Config: granularity=100000, SDR=10000, ADR=0, Rigid=1, Capture_Method=0
Stage 0: PT=0, T_stage=0.523500, bytes=0, T_capped=0
Stage 1: PT=6, T_stage=0.000000, bytes=33176880, T_capped=0
Group 1: Iters=10, Procs=448, Factors=1.000000, Dist=2, RM=0, SM=0, RS=0, SS=5, parents=896, children=0
Async_Iters: 0
T_iter: 0.835535 0.796666 0.813532 0.803220 0.797138 0.775852 0.786193 0.803098 0.810561 0.811190 
T_stage 0: 0.684767 0.685959 0.705856 0.695540 0.691139 0.682343 0.697024 0.697289 0.694868 0.700319 
T_stage 1: 0.150657 0.110794 0.110232 0.113960 0.106275 0.093599 0.089185 0.105971 0.115746 0.115351 
Config: granularity=100000, SDR=10000, ADR=0, Rigid=1, Capture_Method=0
Stage 0: PT=0, T_stage=0.523500, bytes=0, T_capped=0
Stage 1: PT=6, T_stage=0.000000, bytes=33176880, T_capped=0
Group 1: Iters=10, Procs=448, Factors=1.000000, Dist=2, RM=0, SM=0, RS=0, SS=5, parents=896, children=0
Async_Iters: 0
T_iter: 0.811835 0.798333 0.811259 0.805353 0.786028 0.793853 0.805883 0.763605 0.777653 0.822133 
T_stage 0: 0.678044 0.680744 0.675660 0.683023 0.690154 0.671669 0.685457 0.666427 0.662009 0.667454 
T_stage 1: 0.133797 0.117679 0.128238 0.122434 0.096932 0.120628 0.120417 0.097180 0.119073 0.155572 
Config: granularity=100000, SDR=10000, ADR=0, Rigid=1, Capture_Method=0
Stage 0: PT=0, T_stage=0.523500, bytes=0, T_capped=0
Stage 1: PT=6, T_stage=0.000000, bytes=33176880, T_capped=0
Group 1: Iters=10, Procs=448, Factors=1.000000, Dist=2, RM=0, SM=0, RS=0, SS=5, parents=896, children=0
Async_Iters: 0
T_iter: 0.908206 0.834403 0.920122 0.878405 0.850129 0.850150 0.864276 0.860553 0.876745 0.826636 
T_stage 0: 0.740075 0.722086 0.755741 0.733746 0.729548 0.733945 0.726561 0.747763 0.724021 0.722851 
T_stage 1: 0.168447 0.112401 0.164754 0.144432 0.120791 0.116313 0.137780 0.116769 0.153966 0.103901 
Config: granularity=100000, SDR=10000, ADR=0, Rigid=1, Capture_Method=0
Stage 0: PT=0, T_stage=0.523500, bytes=0, T_capped=0
Stage 1: PT=6, T_stage=0.000000, bytes=33176880, T_capped=0
Group 1: Iters=10, Procs=448, Factors=1.000000, Dist=2, RM=0, SM=0, RS=0, SS=5, parents=896, children=0
Async_Iters: 0
T_iter: 0.940191 0.857445 0.881736 0.883483 0.845227 0.831256 0.853714 0.872332 0.867582 0.855932 
T_stage 0: 0.771573 0.736371 0.744125 0.756025 0.738137 0.729959 0.733672 0.752583 0.750609 0.727330 
T_stage 1: 0.168764 0.121287 0.137810 0.127276 0.107524 0.101418 0.120885 0.124173 0.116427 0.128788 
Config: granularity=100000, SDR=10000, ADR=0, Rigid=1, Capture_Method=0
Stage 0: PT=0, T_stage=0.523500, bytes=0, T_capped=0
Stage 1: PT=6, T_stage=0.000000, bytes=33176880, T_capped=0
Group 1: Iters=10, Procs=448, Factors=1.000000, Dist=2, RM=0, SM=0, RS=0, SS=5, parents=896, children=0
Async_Iters: 0
T_iter: 0.913044 0.878063 0.880549 0.867450 0.855577 0.829567 0.862527 0.845659 0.917399 0.826932 
T_stage 0: 0.753522 0.752324 0.728526 0.722177 0.747071 0.725687 0.734346 0.728874 0.752791 0.738193 
T_stage 1: 0.158133 0.125842 0.150794 0.145544 0.108826 0.104031 0.128236 0.116883 0.163351 0.088746 
Config: granularity=100000, SDR=10000, ADR=0, Rigid=1, Capture_Method=0
Stage 0: PT=0, T_stage=0.523500, bytes=0, T_capped=0
Stage 1: PT=6, T_stage=0.000000, bytes=33176880, T_capped=0
Group 1: Iters=10, Procs=448, Factors=1.000000, Dist=2, RM=0, SM=0, RS=0, SS=5, parents=896, children=0
Async_Iters: 0
T_iter: 0.804993 0.820239 0.770577 0.804490 0.781885 0.763316 0.763261 0.762751 0.738363 0.739801 
T_stage 0: 0.679976 0.692172 0.674952 0.679545 0.677772 0.675369 0.676383 0.675191 0.649642 0.645259 
T_stage 1: 0.125312 0.128667 0.095902 0.125632 0.104279 0.088205 0.086486 0.088076 0.088831 0.094673 
Config: granularity=100000, SDR=10000, ADR=0, Rigid=1, Capture_Method=0
Stage 0: PT=0, T_stage=0.523500, bytes=0, T_capped=0
Stage 1: PT=6, T_stage=0.000000, bytes=33176880, T_capped=0
Group 1: Iters=10, Procs=448, Factors=1.000000, Dist=2, RM=0, SM=0, RS=0, SS=5, parents=896, children=0
Async_Iters: 0
T_iter: 0.864972 0.850477 0.884307 0.853558 0.843740 0.809772 0.818097 0.816694 0.856388 0.840157 
T_stage 0: 0.731843 0.750405 0.737652 0.742682 0.740936 0.717218 0.721923 0.710328 0.720449 0.710504 
T_stage 1: 0.132366 0.102256 0.150036 0.111555 0.104107 0.092598 0.096496 0.106539 0.139998 0.134145 
Config: granularity=100000, SDR=10000, ADR=0, Rigid=1, Capture_Method=0
Stage 0: PT=0, T_stage=0.523500, bytes=0, T_capped=0
Stage 1: PT=6, T_stage=0.000000, bytes=33176880, T_capped=0
Group 1: Iters=10, Procs=448, Factors=1.000000, Dist=2, RM=0, SM=0, RS=0, SS=5, parents=896, children=0
Async_Iters: 0
T_iter: 0.892025 0.902104 0.777273 0.794158 0.775856 0.772711 0.774446 0.792647 0.795112 0.776496 
T_stage 0: 0.758577 0.769479 0.655776 0.681436 0.666794 0.678573 0.678207 0.675453 0.670348 0.675609 
T_stage 1: 0.133434 0.134676 0.120899 0.113101 0.110518 0.094250 0.096129 0.118802 0.122940 0.100967 
Config: granularity=100000, SDR=10000, ADR=0, Rigid=1, Capture_Method=0
Stage 0: PT=0, T_stage=0.523500, bytes=0, T_capped=0
Stage 1: PT=6, T_stage=0.000000, bytes=33176880, T_capped=0
Group 1: Iters=10, Procs=448, Factors=1.000000, Dist=2, RM=0, SM=0, RS=0, SS=5, parents=896, children=0
Async_Iters: 0
T_iter: 0.780524 0.777393 0.729509 0.771047 0.728283 0.678911 0.680532 0.698867 0.699011 0.716417 
T_stage 0: 0.654766 0.670768 0.616500 0.619547 0.605668 0.590791 0.596164 0.595356 0.592226 0.604168 
T_stage 1: 0.125783 0.106905 0.117962 0.154711 0.122843 0.088685 0.085714 0.103654 0.109570 0.111416 
Config: granularity=100000, SDR=10000, ADR=0, Rigid=1, Capture_Method=0
Stage 0: PT=0, T_stage=0.523500, bytes=0, T_capped=0
Stage 1: PT=6, T_stage=0.000000, bytes=33176880, T_capped=0
Group 1: Iters=10, Procs=448, Factors=1.000000, Dist=2, RM=0, SM=0, RS=0, SS=5, parents=896, children=0
Async_Iters: 0
T_iter: 0.835394 0.786483 0.742629 0.772826 0.746373 0.765338 0.708053 0.720750 0.748564 0.725213 
T_stage 0: 0.694166 0.683027 0.636071 0.647444 0.629106 0.633080 0.616793 0.619538 0.625306 0.622493 
T_stage 1: 0.141431 0.103931 0.108677 0.126777 0.119043 0.132532 0.091349 0.101246 0.123362 0.107055 
Config: granularity=100000, SDR=10000, ADR=0, Rigid=1, Capture_Method=0
Stage 0: PT=0, T_stage=0.523500, bytes=0, T_capped=0
Stage 1: PT=6, T_stage=0.000000, bytes=33176880, T_capped=0
Group 1: Iters=10, Procs=448, Factors=1.000000, Dist=2, RM=0, SM=0, RS=0, SS=5, parents=896, children=0
Async_Iters: 0
T_iter: 0.873295 0.816804 0.852244 0.840611 0.826583 0.823703 0.832840 0.836073 0.830969 0.827495 
T_stage 0: 0.736730 0.713881 0.719726 0.733406 0.727016 0.728394 0.710575 0.715684 0.714827 0.714593 
T_stage 1: 0.136471 0.103109 0.133551 0.107269 0.100082 0.096247 0.122478 0.120858 0.116366 0.110571 
Config: granularity=100000, SDR=10000, ADR=0, Rigid=1, Capture_Method=0
Stage 0: PT=0, T_stage=0.523500, bytes=0, T_capped=0
Stage 1: PT=6, T_stage=0.000000, bytes=33176880, T_capped=0
Group 1: Iters=10, Procs=448, Factors=1.000000, Dist=2, RM=0, SM=0, RS=0, SS=5, parents=896, children=0
Async_Iters: 0
T_iter: 0.869189 0.835037 0.869383 0.858445 0.843258 0.824311 0.828129 0.830891 0.813479 0.834501 
T_stage 0: 0.716784 0.730130 0.742387 0.741707 0.718182 0.729320 0.726820 0.739832 0.720233 0.725511 
T_stage 1: 0.152430 0.105027 0.127604 0.115549 0.125062 0.095508 0.101545 0.091136 0.093374 0.110816 
Config: granularity=100000, SDR=10000, ADR=0, Rigid=1, Capture_Method=0
Stage 0: PT=0, T_stage=0.523500, bytes=0, T_capped=0
Stage 1: PT=6, T_stage=0.000000, bytes=33176880, T_capped=0
Group 1: Iters=10, Procs=448, Factors=1.000000, Dist=2, RM=0, SM=0, RS=0, SS=5, parents=896, children=0
Async_Iters: 0
T_iter: 0.942616 0.912760 0.940057 0.884759 0.883054 0.871678 0.903388 0.891932 0.874026 0.906743 
T_stage 0: 0.775858 0.794928 0.788188 0.779028 0.786414 0.760379 0.775843 0.764083 0.774830 0.789397 
T_stage 1: 0.166566 0.118059 0.154653 0.106030 0.096930 0.111814 0.127701 0.129492 0.099464 0.117847 
Config: granularity=100000, SDR=10000, ADR=0, Rigid=1, Capture_Method=0
Stage 0: PT=0, T_stage=0.523500, bytes=0, T_capped=0
Stage 1: PT=6, T_stage=0.000000, bytes=33176880, T_capped=0
Group 1: Iters=10, Procs=448, Factors=1.000000, Dist=2, RM=0, SM=0, RS=0, SS=5, parents=896, children=0
Async_Iters: 0
T_iter: 0.922248 0.908734 0.897614 0.914733 0.851936 0.838969 0.836656 0.895591 0.936144 0.837088 
T_stage 0: 0.778664 0.790261 0.783725 0.777869 0.753051 0.750513 0.745242 0.758578 0.750045 0.734756 
T_stage 1: 0.143217 0.118597 0.114817 0.142253 0.098999 0.088920 0.091465 0.138950 0.185424 0.102540 
Config: granularity=100000, SDR=10000, ADR=0, Rigid=1, Capture_Method=0
Stage 0: PT=0, T_stage=0.523500, bytes=0, T_capped=0
Stage 1: PT=6, T_stage=0.000000, bytes=33176880, T_capped=0
Group 1: Iters=10, Procs=448, Factors=1.000000, Dist=2, RM=0, SM=0, RS=0, SS=5, parents=896, children=0
Async_Iters: 0
T_iter: 0.841467 0.872334 0.870092 0.846245 0.835035 0.835087 0.850729 0.821659 0.798056 0.809788 
T_stage 0: 0.706573 0.733207 0.724294 0.728004 0.722526 0.715487 0.720848 0.706790 0.703709 0.701701 
T_stage 1: 0.134840 0.143179 0.148960 0.123442 0.113137 0.119963 0.128361 0.115178 0.094345 0.108277 
