Config: granularity=100000, SDR=10000, ADR=0, Rigid=1, Capture_Method=0
Stage 0: PT=0, T_stage=0.523500, bytes=0, T_capped=0
Stage 1: PT=6, T_stage=0.000000, bytes=33176880, T_capped=0
Group 1: Iters=10, Procs=448, Factors=1.000000, Dist=2, RM=0, SM=0, RS=0, SS=5, parents=1792, children=0
Async_Iters: 0
T_iter: 0.861689 0.858694 0.901015 0.836539 0.837894 0.860458 0.833441 0.838889 0.838695 0.840677 
T_stage 0: 0.724667 0.741726 0.753823 0.737037 0.742403 0.732114 0.733546 0.720481 0.718194 0.717552 
T_stage 1: 0.136908 0.116812 0.150147 0.099944 0.095765 0.128442 0.099899 0.117643 0.120635 0.123286 
Config: granularity=100000, SDR=10000, ADR=0, Rigid=1, Capture_Method=0
Stage 0: PT=0, T_stage=0.523500, bytes=0, T_capped=0
Stage 1: PT=6, T_stage=0.000000, bytes=33176880, T_capped=0
Group 1: Iters=10, Procs=448, Factors=1.000000, Dist=2, RM=0, SM=0, RS=0, SS=5, parents=1792, children=0
Async_Iters: 0
T_iter: 0.821786 0.750170 0.800860 0.815737 0.723923 0.740551 0.741510 0.711897 0.763284 0.752702 
T_stage 0: 0.649201 0.652038 0.629797 0.642666 0.631354 0.629573 0.625720 0.628815 0.635688 0.623482 
T_stage 1: 0.172581 0.098700 0.174593 0.174270 0.092886 0.111522 0.115832 0.083200 0.127684 0.126050 
Config: granularity=100000, SDR=10000, ADR=0, Rigid=1, Capture_Method=0
Stage 0: PT=0, T_stage=0.523500, bytes=0, T_capped=0
Stage 1: PT=6, T_stage=0.000000, bytes=33176880, T_capped=0
Group 1: Iters=10, Procs=448, Factors=1.000000, Dist=2, RM=0, SM=0, RS=0, SS=5, parents=1792, children=0
Async_Iters: 0
T_iter: 0.900121 0.824632 0.822656 0.830637 0.835091 0.800294 0.802095 0.836769 0.794175 0.770646 
T_stage 0: 0.770740 0.728558 0.714429 0.710180 0.712218 0.713803 0.689663 0.708692 0.709150 0.686497 
T_stage 1: 0.129302 0.096149 0.104481 0.120766 0.122574 0.086850 0.112570 0.128878 0.085382 0.088637 
Config: granularity=100000, SDR=10000, ADR=0, Rigid=1, Capture_Method=0
Stage 0: PT=0, T_stage=0.523500, bytes=0, T_capped=0
Stage 1: PT=6, T_stage=0.000000, bytes=33176880, T_capped=0
Group 1: Iters=10, Procs=448, Factors=1.000000, Dist=2, RM=0, SM=0, RS=0, SS=5, parents=1792, children=0
Async_Iters: 0
T_iter: 0.864896 0.856861 0.824427 0.742554 0.723770 0.701963 0.712057 0.763346 0.793346 0.785948 
T_stage 0: 0.720288 0.720877 0.713370 0.612608 0.627463 0.607994 0.611048 0.659233 0.661868 0.663853 
T_stage 1: 0.144131 0.136527 0.112102 0.130069 0.096431 0.094472 0.101074 0.101516 0.131744 0.121780 
Config: granularity=100000, SDR=10000, ADR=0, Rigid=1, Capture_Method=0
Stage 0: PT=0, T_stage=0.523500, bytes=0, T_capped=0
Stage 1: PT=6, T_stage=0.000000, bytes=33176880, T_capped=0
Group 1: Iters=10, Procs=448, Factors=1.000000, Dist=2, RM=0, SM=0, RS=0, SS=5, parents=1792, children=0
Async_Iters: 0
T_iter: 0.860724 0.835629 0.863467 0.855625 0.826832 0.821171 0.764418 0.774372 0.764404 0.751328 
T_stage 0: 0.735908 0.726013 0.727693 0.713981 0.710767 0.707520 0.656368 0.663092 0.669079 0.656221 
T_stage 1: 0.124728 0.109948 0.135609 0.141646 0.117563 0.114001 0.108072 0.111421 0.097702 0.095848 
Config: granularity=100000, SDR=10000, ADR=0, Rigid=1, Capture_Method=0
Stage 0: PT=0, T_stage=0.523500, bytes=0, T_capped=0
Stage 1: PT=6, T_stage=0.000000, bytes=33176880, T_capped=0
Group 1: Iters=10, Procs=448, Factors=1.000000, Dist=2, RM=0, SM=0, RS=0, SS=5, parents=1792, children=0
Async_Iters: 0
T_iter: 0.876166 0.861419 0.852156 0.871839 0.850863 0.815120 0.820773 0.888738 0.847930 0.849612 
T_stage 0: 0.736804 0.742946 0.733445 0.738135 0.732982 0.712556 0.723608 0.729160 0.726701 0.727502 
T_stage 1: 0.139196 0.115484 0.119209 0.136586 0.118091 0.103029 0.098100 0.156620 0.121306 0.122457 
Config: granularity=100000, SDR=10000, ADR=0, Rigid=1, Capture_Method=0
Stage 0: PT=0, T_stage=0.523500, bytes=0, T_capped=0
Stage 1: PT=6, T_stage=0.000000, bytes=33176880, T_capped=0
Group 1: Iters=10, Procs=448, Factors=1.000000, Dist=2, RM=0, SM=0, RS=0, SS=5, parents=1792, children=0
Async_Iters: 0
T_iter: 0.976477 0.882303 0.798094 0.803931 0.788327 0.779326 0.764218 0.774957 0.788604 0.819589 
T_stage 0: 0.797986 0.785091 0.667939 0.691864 0.687422 0.681555 0.670915 0.668077 0.667072 0.658085 
T_stage 1: 0.178662 0.096527 0.129909 0.115334 0.101544 0.098323 0.093324 0.107258 0.121676 0.158024 
Config: granularity=100000, SDR=10000, ADR=0, Rigid=1, Capture_Method=0
Stage 0: PT=0, T_stage=0.523500, bytes=0, T_capped=0
Stage 1: PT=6, T_stage=0.000000, bytes=33176880, T_capped=0
Group 1: Iters=10, Procs=448, Factors=1.000000, Dist=2, RM=0, SM=0, RS=0, SS=5, parents=1792, children=0
Async_Iters: 0
T_iter: 0.908913 0.932018 0.792860 0.811893 0.751588 0.777695 0.747972 0.788218 0.753780 0.772138 
T_stage 0: 0.762263 0.769507 0.673707 0.663379 0.657673 0.653373 0.655635 0.657256 0.653271 0.652450 
T_stage 1: 0.146295 0.163374 0.118889 0.149941 0.094291 0.124140 0.092363 0.131083 0.100467 0.119926 
Config: granularity=100000, SDR=10000, ADR=0, Rigid=1, Capture_Method=0
Stage 0: PT=0, T_stage=0.523500, bytes=0, T_capped=0
Stage 1: PT=6, T_stage=0.000000, bytes=33176880, T_capped=0
Group 1: Iters=10, Procs=448, Factors=1.000000, Dist=2, RM=0, SM=0, RS=0, SS=5, parents=1792, children=0
Async_Iters: 0
T_iter: 0.892368 0.889440 0.918526 0.874518 0.873066 0.867872 0.870789 0.927762 0.886016 0.869852 
T_stage 0: 0.750878 0.774871 0.776230 0.764528 0.746833 0.756883 0.761237 0.764764 0.744572 0.760100 
T_stage 1: 0.141542 0.114892 0.147127 0.110779 0.126553 0.111242 0.109589 0.164077 0.141604 0.109846 
Config: granularity=100000, SDR=10000, ADR=0, Rigid=1, Capture_Method=0
Stage 0: PT=0, T_stage=0.523500, bytes=0, T_capped=0
Stage 1: PT=6, T_stage=0.000000, bytes=33176880, T_capped=0
Group 1: Iters=10, Procs=448, Factors=1.000000, Dist=2, RM=0, SM=0, RS=0, SS=5, parents=1792, children=0
Async_Iters: 0
T_iter: 0.787918 0.796566 0.765420 0.776975 0.785520 0.758889 0.719918 0.735900 0.736533 0.741685 
T_stage 0: 0.650987 0.671081 0.653627 0.656225 0.663281 0.651120 0.622927 0.622133 0.621671 0.631519 
T_stage 1: 0.136918 0.121879 0.112439 0.121291 0.122703 0.108149 0.097159 0.113811 0.115008 0.110330 
Config: granularity=100000, SDR=10000, ADR=0, Rigid=1, Capture_Method=0
Stage 0: PT=0, T_stage=0.523500, bytes=0, T_capped=0
Stage 1: PT=6, T_stage=0.000000, bytes=33176880, T_capped=0
Group 1: Iters=10, Procs=448, Factors=1.000000, Dist=2, RM=0, SM=0, RS=0, SS=5, parents=1792, children=0
Async_Iters: 0
T_iter: 0.919904 0.959671 0.814352 0.792447 0.761053 0.762288 0.779599 0.805033 0.775145 0.765804 
T_stage 0: 0.776321 0.807732 0.681848 0.674368 0.674114 0.671487 0.675797 0.673876 0.674372 0.663556 
T_stage 1: 0.143440 0.146935 0.130539 0.117008 0.087291 0.092916 0.103877 0.132038 0.101513 0.101646 
Config: granularity=100000, SDR=10000, ADR=0, Rigid=1, Capture_Method=0
Stage 0: PT=0, T_stage=0.523500, bytes=0, T_capped=0
Stage 1: PT=6, T_stage=0.000000, bytes=33176880, T_capped=0
Group 1: Iters=10, Procs=448, Factors=1.000000, Dist=2, RM=0, SM=0, RS=0, SS=5, parents=1792, children=0
Async_Iters: 0
T_iter: 0.819074 0.734517 0.768318 0.742516 0.768520 0.730413 0.711886 0.716729 0.732005 0.757995 
T_stage 0: 0.646264 0.615417 0.625741 0.626091 0.617969 0.618442 0.614224 0.612621 0.622316 0.623170 
T_stage 1: 0.172686 0.119068 0.145045 0.119947 0.152240 0.112982 0.097987 0.104061 0.113287 0.138290 
Config: granularity=100000, SDR=10000, ADR=0, Rigid=1, Capture_Method=0
Stage 0: PT=0, T_stage=0.523500, bytes=0, T_capped=0
Stage 1: PT=6, T_stage=0.000000, bytes=33176880, T_capped=0
Group 1: Iters=10, Procs=448, Factors=1.000000, Dist=2, RM=0, SM=0, RS=0, SS=5, parents=1792, children=0
Async_Iters: 0
T_iter: 0.863528 0.846018 0.862408 0.804291 0.792775 0.767453 0.774326 0.768427 0.786384 0.779435 
T_stage 0: 0.724959 0.729671 0.680261 0.667512 0.687707 0.658741 0.668080 0.662919 0.677315 0.665347 
T_stage 1: 0.138392 0.116383 0.177571 0.139479 0.105321 0.108563 0.106800 0.105570 0.113465 0.117126 
Config: granularity=100000, SDR=10000, ADR=0, Rigid=1, Capture_Method=0
Stage 0: PT=0, T_stage=0.523500, bytes=0, T_capped=0
Stage 1: PT=6, T_stage=0.000000, bytes=33176880, T_capped=0
Group 1: Iters=10, Procs=448, Factors=1.000000, Dist=2, RM=0, SM=0, RS=0, SS=5, parents=1792, children=0
Async_Iters: 0
T_iter: 0.960776 0.948155 0.916507 0.805120 0.843498 0.792794 0.775376 0.793945 0.818678 0.793086 
T_stage 0: 0.820687 0.823994 0.791945 0.689238 0.698489 0.672503 0.675441 0.679165 0.694440 0.671012 
T_stage 1: 0.139925 0.126574 0.124885 0.115874 0.144565 0.120444 0.099954 0.114826 0.121308 0.121188 
Config: granularity=100000, SDR=10000, ADR=0, Rigid=1, Capture_Method=0
Stage 0: PT=0, T_stage=0.523500, bytes=0, T_capped=0
Stage 1: PT=6, T_stage=0.000000, bytes=33176880, T_capped=0
Group 1: Iters=10, Procs=448, Factors=1.000000, Dist=2, RM=0, SM=0, RS=0, SS=5, parents=1792, children=0
Async_Iters: 0
T_iter: 0.860242 0.811121 0.828894 0.853432 0.815716 0.840259 0.779886 0.794629 0.842192 0.798977 
T_stage 0: 0.721975 0.697071 0.715037 0.717954 0.701539 0.708494 0.689255 0.689501 0.708585 0.703638 
T_stage 1: 0.137896 0.114708 0.118342 0.134573 0.114315 0.132123 0.090671 0.107008 0.133750 0.095346 
Config: granularity=100000, SDR=10000, ADR=0, Rigid=1, Capture_Method=0
Stage 0: PT=0, T_stage=0.523500, bytes=0, T_capped=0
Stage 1: PT=6, T_stage=0.000000, bytes=33176880, T_capped=0
Group 1: Iters=10, Procs=448, Factors=1.000000, Dist=2, RM=0, SM=0, RS=0, SS=5, parents=1792, children=0
Async_Iters: 0
T_iter: 0.897970 0.895797 0.874301 0.837202 0.826261 0.808228 0.823562 0.832308 0.859393 0.819207 
T_stage 0: 0.749952 0.756041 0.750311 0.718505 0.731628 0.727930 0.723515 0.725825 0.733579 0.716922 
T_stage 1: 0.147924 0.146271 0.124299 0.121775 0.095253 0.083791 0.100008 0.106562 0.124885 0.102912 
Config: granularity=100000, SDR=10000, ADR=0, Rigid=1, Capture_Method=0
Stage 0: PT=0, T_stage=0.523500, bytes=0, T_capped=0
Stage 1: PT=6, T_stage=0.000000, bytes=33176880, T_capped=0
Group 1: Iters=10, Procs=448, Factors=1.000000, Dist=2, RM=0, SM=0, RS=0, SS=5, parents=1792, children=0
Async_Iters: 0
T_iter: 0.889717 0.886503 0.884041 0.814829 0.775594 0.743541 0.755014 0.777852 0.801250 0.779599 
T_stage 0: 0.769055 0.782087 0.767469 0.689209 0.679297 0.652503 0.653970 0.649504 0.654556 0.658479 
T_stage 1: 0.120477 0.105084 0.118836 0.126175 0.096610 0.091191 0.101574 0.128465 0.146207 0.125833 
Config: granularity=100000, SDR=10000, ADR=0, Rigid=1, Capture_Method=0
Stage 0: PT=0, T_stage=0.523500, bytes=0, T_capped=0
Stage 1: PT=6, T_stage=0.000000, bytes=33176880, T_capped=0
Group 1: Iters=10, Procs=448, Factors=1.000000, Dist=2, RM=0, SM=0, RS=0, SS=5, parents=1792, children=0
Async_Iters: 0
T_iter: 0.767310 0.713965 0.699951 0.743932 0.703524 0.688594 0.694103 0.695982 0.713738 0.708209 
T_stage 0: 0.625698 0.607050 0.607246 0.613326 0.611323 0.602915 0.600064 0.600636 0.603170 0.592261 
T_stage 1: 0.141556 0.106619 0.093168 0.134695 0.093701 0.086264 0.094286 0.095647 0.110346 0.111945 
Config: granularity=100000, SDR=10000, ADR=0, Rigid=1, Capture_Method=0
Stage 0: PT=0, T_stage=0.523500, bytes=0, T_capped=0
Stage 1: PT=6, T_stage=0.000000, bytes=33176880, T_capped=0
Group 1: Iters=10, Procs=448, Factors=1.000000, Dist=2, RM=0, SM=0, RS=0, SS=5, parents=1792, children=0
Async_Iters: 0
T_iter: 0.868913 0.877511 0.839221 0.837633 0.709896 0.696156 0.693864 0.687748 0.732568 0.694550 
T_stage 0: 0.743348 0.746756 0.723681 0.693101 0.617679 0.610266 0.606532 0.592102 0.605244 0.594112 
T_stage 1: 0.125567 0.126334 0.119665 0.144977 0.091674 0.087423 0.087490 0.096902 0.128272 0.100494 
Config: granularity=100000, SDR=10000, ADR=0, Rigid=1, Capture_Method=0
Stage 0: PT=0, T_stage=0.523500, bytes=0, T_capped=0
Stage 1: PT=6, T_stage=0.000000, bytes=33176880, T_capped=0
Group 1: Iters=10, Procs=448, Factors=1.000000, Dist=2, RM=0, SM=0, RS=0, SS=5, parents=1792, children=0
Async_Iters: 0
T_iter: 0.861356 0.862567 0.806935 0.797466 0.804054 0.797210 0.785000 0.793192 0.777914 0.768494 
T_stage 0: 0.712441 0.693716 0.703597 0.684179 0.678721 0.698943 0.684525 0.682646 0.666564 0.666624 
T_stage 1: 0.149196 0.162080 0.104925 0.115336 0.125560 0.098127 0.100433 0.111092 0.115558 0.100971 
