Config: granularity=100000, SDR=10000, ADR=0, Rigid=1, Capture_Method=0
Stage 0: PT=0, T_stage=0.523500, bytes=0, T_capped=0
Stage 1: PT=6, T_stage=0.000000, bytes=33176880, T_capped=0
Group 1: Iters=10, Procs=448, Factors=1.000000, Dist=2, RM=0, SM=0, RS=0, SS=5, parents=2688, children=0
Async_Iters: 0
T_iter: 0.891327 0.853232 0.842768 0.809057 0.806484 0.808417 0.816608 0.805218 0.794259 0.785401 
T_stage 0: 0.708868 0.716957 0.718254 0.709840 0.714057 0.706501 0.720018 0.702961 0.701204 0.699471 
T_stage 1: 0.182554 0.133501 0.124809 0.099665 0.096157 0.102468 0.096979 0.100917 0.094654 0.085920 
Config: granularity=100000, SDR=10000, ADR=0, Rigid=1, Capture_Method=0
Stage 0: PT=0, T_stage=0.523500, bytes=0, T_capped=0
Stage 1: PT=6, T_stage=0.000000, bytes=33176880, T_capped=0
Group 1: Iters=10, Procs=448, Factors=1.000000, Dist=2, RM=0, SM=0, RS=0, SS=5, parents=2688, children=0
Async_Iters: 0
T_iter: 0.859794 0.830771 0.830412 0.803356 0.788739 0.805744 0.826898 0.812667 0.821630 0.798180 
T_stage 0: 0.698410 0.711239 0.712084 0.704995 0.691172 0.709649 0.691498 0.701032 0.687799 0.701553 
T_stage 1: 0.161254 0.121754 0.121675 0.098973 0.097683 0.098108 0.135825 0.114398 0.130466 0.097063 
Config: granularity=100000, SDR=10000, ADR=0, Rigid=1, Capture_Method=0
Stage 0: PT=0, T_stage=0.523500, bytes=0, T_capped=0
Stage 1: PT=6, T_stage=0.000000, bytes=33176880, T_capped=0
Group 1: Iters=10, Procs=448, Factors=1.000000, Dist=2, RM=0, SM=0, RS=0, SS=5, parents=2688, children=0
Async_Iters: 0
T_iter: 0.950233 0.852829 0.875830 0.813308 0.786544 0.780429 0.802481 0.831458 0.811250 0.778477 
T_stage 0: 0.801961 0.695824 0.720387 0.697758 0.683990 0.696721 0.701152 0.716802 0.693273 0.686556 
T_stage 1: 0.148259 0.153623 0.159456 0.115887 0.103004 0.086938 0.101396 0.115393 0.118200 0.092873 
Config: granularity=100000, SDR=10000, ADR=0, Rigid=1, Capture_Method=0
Stage 0: PT=0, T_stage=0.523500, bytes=0, T_capped=0
Stage 1: PT=6, T_stage=0.000000, bytes=33176880, T_capped=0
Group 1: Iters=10, Procs=448, Factors=1.000000, Dist=2, RM=0, SM=0, RS=0, SS=5, parents=2688, children=0
Async_Iters: 0
T_iter: 0.959669 0.902888 0.906486 0.885312 0.880139 0.874420 0.875305 0.877434 0.878979 0.868158 
T_stage 0: 0.815096 0.793704 0.816584 0.795068 0.787056 0.783357 0.779853 0.788970 0.781887 0.776631 
T_stage 1: 0.144513 0.109629 0.090285 0.090662 0.094083 0.091215 0.095704 0.088890 0.101978 0.091549 
Config: granularity=100000, SDR=10000, ADR=0, Rigid=1, Capture_Method=0
Stage 0: PT=0, T_stage=0.523500, bytes=0, T_capped=0
Stage 1: PT=6, T_stage=0.000000, bytes=33176880, T_capped=0
Group 1: Iters=10, Procs=448, Factors=1.000000, Dist=2, RM=0, SM=0, RS=0, SS=5, parents=2688, children=0
Async_Iters: 0
T_iter: 0.792159 0.785855 0.774562 0.735825 0.736722 0.732582 0.736451 0.730374 0.730747 0.719227 
T_stage 0: 0.674406 0.667639 0.665800 0.624855 0.626121 0.614830 0.636193 0.616738 0.630128 0.606139 
T_stage 1: 0.117256 0.119490 0.111539 0.110478 0.110151 0.117607 0.102587 0.116082 0.103842 0.110228 
Config: granularity=100000, SDR=10000, ADR=0, Rigid=1, Capture_Method=0
Stage 0: PT=0, T_stage=0.523500, bytes=0, T_capped=0
Stage 1: PT=6, T_stage=0.000000, bytes=33176880, T_capped=0
Group 1: Iters=10, Procs=448, Factors=1.000000, Dist=2, RM=0, SM=0, RS=0, SS=5, parents=2688, children=0
Async_Iters: 0
T_iter: 0.823864 0.807227 0.783755 0.788356 0.737784 0.756354 0.722087 0.768763 0.722600 0.758458 
T_stage 0: 0.692581 0.698517 0.671373 0.672737 0.630133 0.632182 0.631871 0.647293 0.632856 0.626893 
T_stage 1: 0.131299 0.112054 0.112678 0.119275 0.107537 0.125151 0.090314 0.124351 0.093708 0.135542 
Config: granularity=100000, SDR=10000, ADR=0, Rigid=1, Capture_Method=0
Stage 0: PT=0, T_stage=0.523500, bytes=0, T_capped=0
Stage 1: PT=6, T_stage=0.000000, bytes=33176880, T_capped=0
Group 1: Iters=10, Procs=448, Factors=1.000000, Dist=2, RM=0, SM=0, RS=0, SS=5, parents=2688, children=0
Async_Iters: 0
T_iter: 0.906546 0.876901 0.856530 0.767183 0.771983 0.753890 0.757131 0.748328 0.790631 0.774607 
T_stage 0: 0.783834 0.777258 0.727282 0.665342 0.673833 0.659797 0.668515 0.655130 0.670117 0.654605 
T_stage 1: 0.122879 0.100021 0.133693 0.101972 0.098355 0.094414 0.088575 0.093354 0.122867 0.114422 
Config: granularity=100000, SDR=10000, ADR=0, Rigid=1, Capture_Method=0
Stage 0: PT=0, T_stage=0.523500, bytes=0, T_capped=0
Stage 1: PT=6, T_stage=0.000000, bytes=33176880, T_capped=0
Group 1: Iters=10, Procs=448, Factors=1.000000, Dist=2, RM=0, SM=0, RS=0, SS=5, parents=2688, children=0
Async_Iters: 0
T_iter: 0.840624 0.843974 0.805613 0.837194 0.799368 0.784230 0.837627 0.810137 0.766845 0.774440 
T_stage 0: 0.706514 0.701412 0.697495 0.706139 0.679844 0.680895 0.678177 0.702748 0.675941 0.675391 
T_stage 1: 0.133421 0.142833 0.110740 0.136312 0.120011 0.103514 0.159558 0.107726 0.091144 0.099326 
Config: granularity=100000, SDR=10000, ADR=0, Rigid=1, Capture_Method=0
Stage 0: PT=0, T_stage=0.523500, bytes=0, T_capped=0
Stage 1: PT=6, T_stage=0.000000, bytes=33176880, T_capped=0
Group 1: Iters=10, Procs=448, Factors=1.000000, Dist=2, RM=0, SM=0, RS=0, SS=5, parents=2688, children=0
Async_Iters: 0
T_iter: 0.874672 0.868735 0.853808 0.831854 0.807030 0.816789 0.821953 0.832664 0.792294 0.801600 
T_stage 0: 0.722899 0.732471 0.735549 0.720892 0.720775 0.719781 0.728046 0.721902 0.711574 0.715034 
T_stage 1: 0.151614 0.131819 0.118566 0.111334 0.086644 0.096839 0.093998 0.110944 0.081660 0.086880 
Config: granularity=100000, SDR=10000, ADR=0, Rigid=1, Capture_Method=0
Stage 0: PT=0, T_stage=0.523500, bytes=0, T_capped=0
Stage 1: PT=6, T_stage=0.000000, bytes=33176880, T_capped=0
Group 1: Iters=10, Procs=448, Factors=1.000000, Dist=2, RM=0, SM=0, RS=0, SS=5, parents=2688, children=0
Async_Iters: 0
T_iter: 0.830414 0.769516 0.791702 0.791381 0.784817 0.765532 0.787142 0.804433 0.794393 0.787156 
T_stage 0: 0.696173 0.650877 0.673794 0.675367 0.673684 0.672000 0.671205 0.673017 0.670563 0.671617 
T_stage 1: 0.134216 0.121004 0.120058 0.116293 0.109244 0.093522 0.114746 0.131378 0.126610 0.117359 
Config: granularity=100000, SDR=10000, ADR=0, Rigid=1, Capture_Method=0
Stage 0: PT=0, T_stage=0.523500, bytes=0, T_capped=0
Stage 1: PT=6, T_stage=0.000000, bytes=33176880, T_capped=0
Group 1: Iters=10, Procs=448, Factors=1.000000, Dist=2, RM=0, SM=0, RS=0, SS=5, parents=2688, children=0
Async_Iters: 0
T_iter: 0.810217 0.776196 0.866624 0.823853 0.813015 0.802604 0.813860 0.787075 0.806968 0.821597 
T_stage 0: 0.657809 0.652529 0.689214 0.693280 0.698838 0.697022 0.676828 0.693847 0.675011 0.692464 
T_stage 1: 0.152219 0.123865 0.177787 0.130786 0.113809 0.105694 0.133205 0.093360 0.132076 0.129560 
Config: granularity=100000, SDR=10000, ADR=0, Rigid=1, Capture_Method=0
Stage 0: PT=0, T_stage=0.523500, bytes=0, T_capped=0
Stage 1: PT=6, T_stage=0.000000, bytes=33176880, T_capped=0
Group 1: Iters=10, Procs=448, Factors=1.000000, Dist=2, RM=0, SM=0, RS=0, SS=5, parents=2688, children=0
Async_Iters: 0
T_iter: 0.807263 0.776732 0.808800 0.764369 0.775893 0.775353 0.767500 0.776229 0.786963 0.757916 
T_stage 0: 0.657493 0.650019 0.679803 0.656823 0.672690 0.655238 0.655352 0.660382 0.674797 0.654729 
T_stage 1: 0.150213 0.126899 0.128678 0.107718 0.103563 0.120106 0.112297 0.113544 0.115975 0.103537 
Config: granularity=100000, SDR=10000, ADR=0, Rigid=1, Capture_Method=0
Stage 0: PT=0, T_stage=0.523500, bytes=0, T_capped=0
Stage 1: PT=6, T_stage=0.000000, bytes=33176880, T_capped=0
Group 1: Iters=10, Procs=448, Factors=1.000000, Dist=2, RM=0, SM=0, RS=0, SS=5, parents=2688, children=0
Async_Iters: 0
T_iter: 0.896067 0.843237 0.836399 0.808621 0.805406 0.780315 0.814531 0.816921 0.791703 0.788807 
T_stage 0: 0.713211 0.716496 0.720082 0.710239 0.706637 0.687348 0.716359 0.693876 0.687099 0.679578 
T_stage 1: 0.179177 0.124608 0.120107 0.098540 0.096421 0.092965 0.098278 0.123948 0.105514 0.110391 
Config: granularity=100000, SDR=10000, ADR=0, Rigid=1, Capture_Method=0
Stage 0: PT=0, T_stage=0.523500, bytes=0, T_capped=0
Stage 1: PT=6, T_stage=0.000000, bytes=33176880, T_capped=0
Group 1: Iters=10, Procs=448, Factors=1.000000, Dist=2, RM=0, SM=0, RS=0, SS=5, parents=2688, children=0
Async_Iters: 0
T_iter: 0.853622 0.840496 0.798410 0.737405 0.724219 0.733304 0.739949 0.751255 0.775816 0.729948 
T_stage 0: 0.693850 0.703220 0.686109 0.642559 0.639901 0.637931 0.640969 0.638192 0.648218 0.640678 
T_stage 1: 0.159780 0.142060 0.112987 0.094306 0.084568 0.095415 0.097107 0.114422 0.129121 0.089328 
Config: granularity=100000, SDR=10000, ADR=0, Rigid=1, Capture_Method=0
Stage 0: PT=0, T_stage=0.523500, bytes=0, T_capped=0
Stage 1: PT=6, T_stage=0.000000, bytes=33176880, T_capped=0
Group 1: Iters=10, Procs=448, Factors=1.000000, Dist=2, RM=0, SM=0, RS=0, SS=5, parents=2688, children=0
Async_Iters: 0
T_iter: 0.886460 0.836366 0.852972 0.811213 0.802486 0.803171 0.796750 0.722464 0.706017 0.732320 
T_stage 0: 0.721047 0.713103 0.711067 0.706006 0.713538 0.706594 0.686051 0.617518 0.607023 0.621765 
T_stage 1: 0.165461 0.122076 0.142460 0.105603 0.093700 0.096672 0.110880 0.105346 0.098873 0.110820 
Config: granularity=100000, SDR=10000, ADR=0, Rigid=1, Capture_Method=0
Stage 0: PT=0, T_stage=0.523500, bytes=0, T_capped=0
Stage 1: PT=6, T_stage=0.000000, bytes=33176880, T_capped=0
Group 1: Iters=10, Procs=448, Factors=1.000000, Dist=2, RM=0, SM=0, RS=0, SS=5, parents=2688, children=0
Async_Iters: 0
T_iter: 0.805766 0.773015 0.762232 0.726724 0.749664 0.732946 0.712520 0.726965 0.711482 0.725411 
T_stage 0: 0.670342 0.649458 0.648985 0.630549 0.641318 0.635796 0.619479 0.614062 0.609627 0.623772 
T_stage 1: 0.135415 0.128750 0.115998 0.096297 0.107883 0.097402 0.093128 0.114801 0.102067 0.101710 
Config: granularity=100000, SDR=10000, ADR=0, Rigid=1, Capture_Method=0
Stage 0: PT=0, T_stage=0.523500, bytes=0, T_capped=0
Stage 1: PT=6, T_stage=0.000000, bytes=33176880, T_capped=0
Group 1: Iters=10, Procs=448, Factors=1.000000, Dist=2, RM=0, SM=0, RS=0, SS=5, parents=2688, children=0
Async_Iters: 0
T_iter: 0.764713 0.712884 0.723774 0.699365 0.696325 0.697693 0.689170 0.698188 0.707243 0.698254 
T_stage 0: 0.615286 0.595211 0.602456 0.587598 0.594095 0.590215 0.582955 0.593176 0.598613 0.588838 
T_stage 1: 0.149396 0.117797 0.120748 0.113493 0.102909 0.107694 0.104730 0.105079 0.111211 0.115185 
Config: granularity=100000, SDR=10000, ADR=0, Rigid=1, Capture_Method=0
Stage 0: PT=0, T_stage=0.523500, bytes=0, T_capped=0
Stage 1: PT=6, T_stage=0.000000, bytes=33176880, T_capped=0
Group 1: Iters=10, Procs=448, Factors=1.000000, Dist=2, RM=0, SM=0, RS=0, SS=5, parents=2688, children=0
Async_Iters: 0
T_iter: 0.795451 0.763844 0.791856 0.776678 0.752597 0.742914 0.737827 0.769522 0.759511 0.753822 
T_stage 0: 0.644723 0.637636 0.656641 0.631080 0.631183 0.626833 0.629596 0.639209 0.636085 0.638646 
T_stage 1: 0.150655 0.123190 0.130534 0.146359 0.122180 0.117269 0.108392 0.132565 0.120938 0.115298 
Config: granularity=100000, SDR=10000, ADR=0, Rigid=1, Capture_Method=0
Stage 0: PT=0, T_stage=0.523500, bytes=0, T_capped=0
Stage 1: PT=6, T_stage=0.000000, bytes=33176880, T_capped=0
Group 1: Iters=10, Procs=448, Factors=1.000000, Dist=2, RM=0, SM=0, RS=0, SS=5, parents=2688, children=0
Async_Iters: 0
T_iter: 0.862938 0.826869 0.798507 0.787665 0.804566 0.799827 0.815031 0.806490 0.775174 0.826573 
T_stage 0: 0.693760 0.695426 0.680305 0.678654 0.677277 0.688883 0.687625 0.675221 0.673558 0.693256 
T_stage 1: 0.169131 0.131697 0.121165 0.109773 0.127377 0.107444 0.125503 0.131548 0.101742 0.133427 
Config: granularity=100000, SDR=10000, ADR=0, Rigid=1, Capture_Method=0
Stage 0: PT=0, T_stage=0.523500, bytes=0, T_capped=0
Stage 1: PT=6, T_stage=0.000000, bytes=33176880, T_capped=0
Group 1: Iters=10, Procs=448, Factors=1.000000, Dist=2, RM=0, SM=0, RS=0, SS=5, parents=2688, children=0
Async_Iters: 0
T_iter: 0.807554 0.741163 0.743644 0.722372 0.731546 0.717176 0.719310 0.733051 0.726499 0.754009 
T_stage 0: 0.665399 0.634184 0.621348 0.622208 0.624310 0.613416 0.616208 0.613838 0.612525 0.617565 
T_stage 1: 0.141418 0.107154 0.122854 0.102048 0.107581 0.103923 0.103159 0.118863 0.114125 0.133626 
