Config: granularity=100000, SDR=10000, ADR=0, Rigid=1, Capture_Method=0
Stage 0: PT=0, T_stage=0.523500, bytes=0, T_capped=0
Stage 1: PT=6, T_stage=0.000000, bytes=33176880, T_capped=0
Group 1: Iters=10, Procs=448, Factors=1.000000, Dist=2, RM=0, SM=0, RS=0, SS=5, parents=3584, children=0
Async_Iters: 0
T_iter: 0.747673 0.717095 0.694623 0.694083 0.704774 0.746112 0.691928 0.737402 0.707235 0.710940 
T_stage 0: 0.603946 0.612910 0.594188 0.591367 0.606161 0.608254 0.599487 0.604630 0.597149 0.593928 
T_stage 1: 0.143582 0.104357 0.100467 0.102716 0.098503 0.139626 0.094484 0.133272 0.110156 0.117392 
Config: granularity=100000, SDR=10000, ADR=0, Rigid=1, Capture_Method=0
Stage 0: PT=0, T_stage=0.523500, bytes=0, T_capped=0
Stage 1: PT=6, T_stage=0.000000, bytes=33176880, T_capped=0
Group 1: Iters=10, Procs=448, Factors=1.000000, Dist=2, RM=0, SM=0, RS=0, SS=5, parents=3584, children=0
Async_Iters: 0
T_iter: 0.862335 0.820101 0.867586 0.786455 0.836231 0.776000 0.815696 0.777418 0.825435 0.798119 
T_stage 0: 0.715201 0.707495 0.694129 0.685039 0.717854 0.679195 0.707167 0.690436 0.689311 0.677765 
T_stage 1: 0.147003 0.112915 0.176093 0.100900 0.120034 0.096898 0.108602 0.091182 0.136250 0.124280 
Config: granularity=100000, SDR=10000, ADR=0, Rigid=1, Capture_Method=0
Stage 0: PT=0, T_stage=0.523500, bytes=0, T_capped=0
Stage 1: PT=6, T_stage=0.000000, bytes=33176880, T_capped=0
Group 1: Iters=10, Procs=448, Factors=1.000000, Dist=2, RM=0, SM=0, RS=0, SS=5, parents=3584, children=0
Async_Iters: 0
T_iter: 0.946384 0.927056 0.913052 0.911660 0.921909 0.886700 0.898356 0.915836 0.884140 0.883569 
T_stage 0: 0.807126 0.807405 0.803759 0.789253 0.791204 0.781699 0.796130 0.799466 0.781677 0.791398 
T_stage 1: 0.139327 0.121091 0.109564 0.121825 0.127624 0.105150 0.102287 0.116716 0.103846 0.092365 
Config: granularity=100000, SDR=10000, ADR=0, Rigid=1, Capture_Method=0
Stage 0: PT=0, T_stage=0.523500, bytes=0, T_capped=0
Stage 1: PT=6, T_stage=0.000000, bytes=33176880, T_capped=0
Group 1: Iters=10, Procs=448, Factors=1.000000, Dist=2, RM=0, SM=0, RS=0, SS=5, parents=3584, children=0
Async_Iters: 0
T_iter: 0.892927 0.848676 0.867817 0.876000 0.878107 0.861079 0.876756 0.878014 0.860433 0.860261 
T_stage 0: 0.759012 0.750977 0.752507 0.767829 0.772334 0.746127 0.755522 0.756147 0.765586 0.757394 
T_stage 1: 0.133621 0.098007 0.115798 0.108656 0.106005 0.116150 0.121498 0.123036 0.094988 0.103034 
Config: granularity=100000, SDR=10000, ADR=0, Rigid=1, Capture_Method=0
Stage 0: PT=0, T_stage=0.523500, bytes=0, T_capped=0
Stage 1: PT=6, T_stage=0.000000, bytes=33176880, T_capped=0
Group 1: Iters=10, Procs=448, Factors=1.000000, Dist=2, RM=0, SM=0, RS=0, SS=5, parents=3584, children=0
Async_Iters: 0
T_iter: 0.969587 0.920217 0.934297 0.913072 0.928232 0.898271 0.908600 0.924477 0.889781 0.925697 
T_stage 0: 0.809811 0.821564 0.819110 0.817313 0.815408 0.797917 0.791447 0.805443 0.793343 0.808326 
T_stage 1: 0.159794 0.098976 0.112296 0.096069 0.113055 0.100535 0.118863 0.123349 0.096613 0.119286 
Config: granularity=100000, SDR=10000, ADR=0, Rigid=1, Capture_Method=0
Stage 0: PT=0, T_stage=0.523500, bytes=0, T_capped=0
Stage 1: PT=6, T_stage=0.000000, bytes=33176880, T_capped=0
Group 1: Iters=10, Procs=448, Factors=1.000000, Dist=2, RM=0, SM=0, RS=0, SS=5, parents=3584, children=0
Async_Iters: 0
T_iter: 0.925742 0.908311 0.878533 0.859527 0.866935 0.856098 0.883743 0.862061 0.831417 0.845544 
T_stage 0: 0.769056 0.771938 0.759413 0.759634 0.756293 0.742968 0.762332 0.742475 0.733584 0.752151 
T_stage 1: 0.148005 0.133236 0.119726 0.100935 0.110369 0.113151 0.121523 0.119898 0.097090 0.093442 
Config: granularity=100000, SDR=10000, ADR=0, Rigid=1, Capture_Method=0
Stage 0: PT=0, T_stage=0.523500, bytes=0, T_capped=0
Stage 1: PT=6, T_stage=0.000000, bytes=33176880, T_capped=0
Group 1: Iters=10, Procs=448, Factors=1.000000, Dist=2, RM=0, SM=0, RS=0, SS=5, parents=3584, children=0
Async_Iters: 0
T_iter: 0.860639 0.817348 0.830349 0.805657 0.797756 0.783884 0.801305 0.795337 0.810234 0.767178 
T_stage 0: 0.708645 0.709990 0.690936 0.686234 0.692771 0.682180 0.685757 0.691455 0.680935 0.671448 
T_stage 1: 0.151893 0.107653 0.133233 0.120359 0.105223 0.101769 0.117475 0.100718 0.131471 0.096087 
Config: granularity=100000, SDR=10000, ADR=0, Rigid=1, Capture_Method=0
Stage 0: PT=0, T_stage=0.523500, bytes=0, T_capped=0
Stage 1: PT=6, T_stage=0.000000, bytes=33176880, T_capped=0
Group 1: Iters=10, Procs=448, Factors=1.000000, Dist=2, RM=0, SM=0, RS=0, SS=5, parents=3584, children=0
Async_Iters: 0
T_iter: 0.853393 0.847203 0.829417 0.809980 0.783324 0.786165 0.784331 0.793156 0.796606 0.799303 
T_stage 0: 0.700137 0.709059 0.697262 0.684576 0.684332 0.684389 0.683044 0.683679 0.674608 0.678851 
T_stage 1: 0.151554 0.136967 0.132997 0.124875 0.099190 0.101771 0.103669 0.112048 0.120470 0.120493 
Config: granularity=100000, SDR=10000, ADR=0, Rigid=1, Capture_Method=0
Stage 0: PT=0, T_stage=0.523500, bytes=0, T_capped=0
Stage 1: PT=6, T_stage=0.000000, bytes=33176880, T_capped=0
Group 1: Iters=10, Procs=448, Factors=1.000000, Dist=2, RM=0, SM=0, RS=0, SS=5, parents=3584, children=0
Async_Iters: 0
T_iter: 0.941111 0.840188 0.814016 0.857935 0.820365 0.832932 0.811699 0.829626 0.824499 0.790786 
T_stage 0: 0.795878 0.718092 0.716958 0.720324 0.715407 0.712440 0.708391 0.717981 0.709811 0.659701 
T_stage 1: 0.145174 0.124190 0.097453 0.137666 0.109787 0.123020 0.103317 0.112064 0.115171 0.131343 
Config: granularity=100000, SDR=10000, ADR=0, Rigid=1, Capture_Method=0
Stage 0: PT=0, T_stage=0.523500, bytes=0, T_capped=0
Stage 1: PT=6, T_stage=0.000000, bytes=33176880, T_capped=0
Group 1: Iters=10, Procs=448, Factors=1.000000, Dist=2, RM=0, SM=0, RS=0, SS=5, parents=3584, children=0
Async_Iters: 0
T_iter: 0.850984 0.828954 0.731904 0.705130 0.693723 0.698741 0.693833 0.704110 0.721143 0.719960 
T_stage 0: 0.731514 0.722041 0.605598 0.603757 0.597878 0.600509 0.606096 0.588916 0.603623 0.605905 
T_stage 1: 0.119453 0.109006 0.129923 0.102878 0.098809 0.098478 0.088046 0.115203 0.120403 0.114786 
Config: granularity=100000, SDR=10000, ADR=0, Rigid=1, Capture_Method=0
Stage 0: PT=0, T_stage=0.523500, bytes=0, T_capped=0
Stage 1: PT=6, T_stage=0.000000, bytes=33176880, T_capped=0
Group 1: Iters=10, Procs=448, Factors=1.000000, Dist=2, RM=0, SM=0, RS=0, SS=5, parents=3584, children=0
Async_Iters: 0
T_iter: 0.812567 0.734384 0.771385 0.760981 0.715784 0.716852 0.736899 0.739289 0.738061 0.764922 
T_stage 0: 0.674866 0.626549 0.625772 0.630099 0.617740 0.611769 0.641609 0.639808 0.617752 0.623056 
T_stage 1: 0.137430 0.107987 0.145834 0.135215 0.098086 0.105932 0.095738 0.099431 0.120083 0.145383 
Config: granularity=100000, SDR=10000, ADR=0, Rigid=1, Capture_Method=0
Stage 0: PT=0, T_stage=0.523500, bytes=0, T_capped=0
Stage 1: PT=6, T_stage=0.000000, bytes=33176880, T_capped=0
Group 1: Iters=10, Procs=448, Factors=1.000000, Dist=2, RM=0, SM=0, RS=0, SS=5, parents=3584, children=0
Async_Iters: 0
T_iter: 0.884850 0.842516 0.886282 0.834117 0.828427 0.789265 0.808114 0.799877 0.796708 0.789519 
T_stage 0: 0.730904 0.720953 0.696207 0.713793 0.706715 0.697408 0.702690 0.689618 0.700336 0.692391 
T_stage 1: 0.153573 0.121746 0.190640 0.117646 0.126661 0.091958 0.107362 0.111387 0.096998 0.098308 
Config: granularity=100000, SDR=10000, ADR=0, Rigid=1, Capture_Method=0
Stage 0: PT=0, T_stage=0.523500, bytes=0, T_capped=0
Stage 1: PT=6, T_stage=0.000000, bytes=33176880, T_capped=0
Group 1: Iters=10, Procs=448, Factors=1.000000, Dist=2, RM=0, SM=0, RS=0, SS=5, parents=3584, children=0
Async_Iters: 0
T_iter: 0.952772 0.903412 0.924368 0.894074 0.893652 0.891642 0.893039 0.892237 0.900082 0.892977 
T_stage 0: 0.807259 0.786751 0.791792 0.792083 0.793345 0.773753 0.778879 0.781202 0.778250 0.786273 
T_stage 1: 0.145431 0.120516 0.129735 0.102429 0.101245 0.118073 0.116127 0.111272 0.122545 0.106753 
Config: granularity=100000, SDR=10000, ADR=0, Rigid=1, Capture_Method=0
Stage 0: PT=0, T_stage=0.523500, bytes=0, T_capped=0
Stage 1: PT=6, T_stage=0.000000, bytes=33176880, T_capped=0
Group 1: Iters=10, Procs=448, Factors=1.000000, Dist=2, RM=0, SM=0, RS=0, SS=5, parents=3584, children=0
Async_Iters: 0
T_iter: 0.893612 0.838967 0.871395 0.849427 0.852287 0.834992 0.859444 0.838938 0.800022 0.812472 
T_stage 0: 0.742695 0.736081 0.738348 0.737574 0.722067 0.720791 0.722615 0.697178 0.701527 0.711823 
T_stage 1: 0.150914 0.106804 0.132579 0.112472 0.130308 0.117138 0.139346 0.136130 0.098718 0.100704 
Config: granularity=100000, SDR=10000, ADR=0, Rigid=1, Capture_Method=0
Stage 0: PT=0, T_stage=0.523500, bytes=0, T_capped=0
Stage 1: PT=6, T_stage=0.000000, bytes=33176880, T_capped=0
Group 1: Iters=10, Procs=448, Factors=1.000000, Dist=2, RM=0, SM=0, RS=0, SS=5, parents=3584, children=0
Async_Iters: 0
T_iter: 0.791831 0.752391 0.739002 0.740140 0.745215 0.737424 0.720253 0.725972 0.757806 0.724144 
T_stage 0: 0.652099 0.631519 0.620905 0.630100 0.637935 0.643138 0.626952 0.618780 0.628776 0.615293 
T_stage 1: 0.137666 0.120784 0.115046 0.109986 0.107512 0.095683 0.093361 0.110146 0.129919 0.109804 
Config: granularity=100000, SDR=10000, ADR=0, Rigid=1, Capture_Method=0
Stage 0: PT=0, T_stage=0.523500, bytes=0, T_capped=0
Stage 1: PT=6, T_stage=0.000000, bytes=33176880, T_capped=0
Group 1: Iters=10, Procs=448, Factors=1.000000, Dist=2, RM=0, SM=0, RS=0, SS=5, parents=3584, children=0
Async_Iters: 0
T_iter: 0.867997 0.830780 0.809284 0.810741 0.791866 0.795669 0.792390 0.803419 0.796839 0.770235 
T_stage 0: 0.702623 0.703819 0.694197 0.698157 0.686396 0.680166 0.695954 0.683662 0.688346 0.677121 
T_stage 1: 0.161604 0.126998 0.115207 0.114684 0.105446 0.115503 0.098618 0.119943 0.108791 0.094234 
Config: granularity=100000, SDR=10000, ADR=0, Rigid=1, Capture_Method=0
Stage 0: PT=0, T_stage=0.523500, bytes=0, T_capped=0
Stage 1: PT=6, T_stage=0.000000, bytes=33176880, T_capped=0
Group 1: Iters=10, Procs=448, Factors=1.000000, Dist=2, RM=0, SM=0, RS=0, SS=5, parents=3584, children=0
Async_Iters: 0
T_iter: 0.899898 0.826689 0.783582 0.831113 0.793472 0.800268 0.845327 0.823319 0.820962 0.799073 
T_stage 0: 0.727580 0.725522 0.694954 0.720569 0.692368 0.700948 0.693239 0.691527 0.692802 0.696777 
T_stage 1: 0.172232 0.101742 0.088771 0.110023 0.101132 0.101773 0.148192 0.133258 0.128231 0.102627 
Config: granularity=100000, SDR=10000, ADR=0, Rigid=1, Capture_Method=0
Stage 0: PT=0, T_stage=0.523500, bytes=0, T_capped=0
Stage 1: PT=6, T_stage=0.000000, bytes=33176880, T_capped=0
Group 1: Iters=10, Procs=448, Factors=1.000000, Dist=2, RM=0, SM=0, RS=0, SS=5, parents=3584, children=0
Async_Iters: 0
T_iter: 0.890448 0.869061 0.850014 0.861211 0.806035 0.811920 0.822198 0.840200 0.836494 0.822064 
T_stage 0: 0.775834 0.738821 0.733428 0.711886 0.717634 0.714497 0.725625 0.730293 0.730022 0.738160 
T_stage 1: 0.112992 0.134561 0.116977 0.149637 0.088506 0.097802 0.096915 0.110058 0.106590 0.087362 
Config: granularity=100000, SDR=10000, ADR=0, Rigid=1, Capture_Method=0
Stage 0: PT=0, T_stage=0.523500, bytes=0, T_capped=0
Stage 1: PT=6, T_stage=0.000000, bytes=33176880, T_capped=0
Group 1: Iters=10, Procs=448, Factors=1.000000, Dist=2, RM=0, SM=0, RS=0, SS=5, parents=3584, children=0
Async_Iters: 0
T_iter: 0.909912 0.886042 0.854606 0.832911 0.854599 0.862259 0.873284 0.858626 0.832933 0.848048 
T_stage 0: 0.756982 0.764729 0.745697 0.735578 0.755582 0.742952 0.745022 0.744904 0.726647 0.728588 
T_stage 1: 0.152858 0.121592 0.109066 0.097618 0.099391 0.119847 0.131597 0.115631 0.106800 0.119450 
Config: granularity=100000, SDR=10000, ADR=0, Rigid=1, Capture_Method=0
Stage 0: PT=0, T_stage=0.523500, bytes=0, T_capped=0
Stage 1: PT=6, T_stage=0.000000, bytes=33176880, T_capped=0
Group 1: Iters=10, Procs=448, Factors=1.000000, Dist=2, RM=0, SM=0, RS=0, SS=5, parents=3584, children=0
Async_Iters: 0
T_iter: 0.887350 0.869450 0.841571 0.859130 0.845274 0.838679 0.862035 0.881605 0.845237 0.847652 
T_stage 0: 0.742114 0.745363 0.746833 0.738639 0.746179 0.734245 0.742884 0.740456 0.732192 0.741516 
T_stage 1: 0.143392 0.124258 0.095064 0.120706 0.099244 0.104961 0.123429 0.141685 0.113742 0.106271 
