Config: granularity=100000, SDR=10000, ADR=0, Rigid=1, Capture_Method=0
Stage 0: PT=0, T_stage=0.523500, bytes=0, T_capped=0
Stage 1: PT=6, T_stage=0.000000, bytes=33176880, T_capped=0
Group 1: Iters=10, Procs=896, Factors=1.000000, Dist=2, RM=0, SM=0, RS=0, SS=5, parents=448, children=0
Async_Iters: 0
T_iter: 0.943956 0.907192 0.880840 0.890976 0.957511 0.899541 0.924916 0.865322 0.876005 0.869077 
T_stage 0: 0.757485 0.764926 0.756451 0.756123 0.753205 0.750305 0.753555 0.746489 0.743981 0.743185 
T_stage 1: 0.186494 0.140802 0.127067 0.130955 0.201931 0.151117 0.171622 0.119518 0.132133 0.126039 
Config: granularity=100000, SDR=10000, ADR=0, Rigid=1, Capture_Method=0
Stage 0: PT=0, T_stage=0.523500, bytes=0, T_capped=0
Stage 1: PT=6, T_stage=0.000000, bytes=33176880, T_capped=0
Group 1: Iters=10, Procs=896, Factors=1.000000, Dist=2, RM=0, SM=0, RS=0, SS=5, parents=448, children=0
Async_Iters: 0
T_iter: 0.925607 0.964294 0.985156 0.911810 0.909908 0.902063 0.950132 0.920000 0.903664 0.893868 
T_stage 0: 0.758653 0.772774 0.768283 0.764878 0.771341 0.764488 0.767608 0.764696 0.762616 0.766597 
T_stage 1: 0.166835 0.197459 0.209578 0.147496 0.139707 0.137877 0.180747 0.155887 0.143081 0.127670 
Config: granularity=100000, SDR=10000, ADR=0, Rigid=1, Capture_Method=0
Stage 0: PT=0, T_stage=0.523500, bytes=0, T_capped=0
Stage 1: PT=6, T_stage=0.000000, bytes=33176880, T_capped=0
Group 1: Iters=10, Procs=896, Factors=1.000000, Dist=2, RM=0, SM=0, RS=0, SS=5, parents=448, children=0
Async_Iters: 0
T_iter: 1.025724 1.016376 0.953424 0.923936 0.924665 0.952559 0.966094 0.993854 0.931396 0.915802 
T_stage 0: 0.823846 0.807102 0.818345 0.805456 0.796042 0.816609 0.811186 0.795994 0.803076 0.794194 
T_stage 1: 0.201762 0.211510 0.132965 0.117374 0.127956 0.136284 0.157090 0.198228 0.128628 0.122959 
Config: granularity=100000, SDR=10000, ADR=0, Rigid=1, Capture_Method=0
Stage 0: PT=0, T_stage=0.523500, bytes=0, T_capped=0
Stage 1: PT=6, T_stage=0.000000, bytes=33176880, T_capped=0
Group 1: Iters=10, Procs=896, Factors=1.000000, Dist=2, RM=0, SM=0, RS=0, SS=5, parents=448, children=0
Async_Iters: 0
T_iter: 0.964457 0.900398 0.894242 0.877846 0.894979 0.888420 0.870548 0.876677 0.965548 0.958975 
T_stage 0: 0.737962 0.752329 0.750698 0.749345 0.759504 0.738203 0.748543 0.751803 0.750148 0.744726 
T_stage 1: 0.222743 0.153292 0.144286 0.130015 0.141132 0.146505 0.122060 0.129403 0.221549 0.218039 
Config: granularity=100000, SDR=10000, ADR=0, Rigid=1, Capture_Method=0
Stage 0: PT=0, T_stage=0.523500, bytes=0, T_capped=0
Stage 1: PT=6, T_stage=0.000000, bytes=33176880, T_capped=0
Group 1: Iters=10, Procs=896, Factors=1.000000, Dist=2, RM=0, SM=0, RS=0, SS=5, parents=448, children=0
Async_Iters: 0
T_iter: 0.937020 0.935966 0.952904 0.924783 0.914068 0.943187 1.012083 0.949231 0.956454 0.910302 
T_stage 0: 0.770800 0.801037 0.800776 0.794503 0.781579 0.793089 0.798173 0.771162 0.782539 0.771413 
T_stage 1: 0.166122 0.135348 0.156662 0.127953 0.133355 0.152458 0.212958 0.178797 0.174478 0.136220 
Config: granularity=100000, SDR=10000, ADR=0, Rigid=1, Capture_Method=0
Stage 0: PT=0, T_stage=0.523500, bytes=0, T_capped=0
Stage 1: PT=6, T_stage=0.000000, bytes=33176880, T_capped=0
Group 1: Iters=10, Procs=896, Factors=1.000000, Dist=2, RM=0, SM=0, RS=0, SS=5, parents=448, children=0
Async_Iters: 0
T_iter: 0.972689 1.060671 0.937899 0.929989 0.924122 0.932739 1.016535 0.978656 0.921710 0.909081 
T_stage 0: 0.796663 0.810704 0.799844 0.799687 0.795470 0.791863 0.799355 0.788444 0.789076 0.786576 
T_stage 1: 0.172631 0.259384 0.136379 0.128773 0.129338 0.141211 0.221956 0.187751 0.133248 0.123292 
Config: granularity=100000, SDR=10000, ADR=0, Rigid=1, Capture_Method=0
Stage 0: PT=0, T_stage=0.523500, bytes=0, T_capped=0
Stage 1: PT=6, T_stage=0.000000, bytes=33176880, T_capped=0
Group 1: Iters=10, Procs=896, Factors=1.000000, Dist=2, RM=0, SM=0, RS=0, SS=5, parents=448, children=0
Async_Iters: 0
T_iter: 0.990877 0.956337 0.957499 0.906553 0.922931 0.910199 0.960568 0.966656 0.912623 0.895736 
T_stage 0: 0.783488 0.798216 0.785967 0.787374 0.782707 0.783421 0.784433 0.779285 0.774059 0.771867 
T_stage 1: 0.207408 0.171616 0.170123 0.120327 0.137553 0.130145 0.171840 0.191132 0.139143 0.124770 
Config: granularity=100000, SDR=10000, ADR=0, Rigid=1, Capture_Method=0
Stage 0: PT=0, T_stage=0.523500, bytes=0, T_capped=0
Stage 1: PT=6, T_stage=0.000000, bytes=33176880, T_capped=0
Group 1: Iters=10, Procs=896, Factors=1.000000, Dist=2, RM=0, SM=0, RS=0, SS=5, parents=448, children=0
Async_Iters: 0
T_iter: 0.951130 0.904026 0.921694 0.918316 0.856340 0.878034 0.934414 0.956881 0.914266 0.897212 
T_stage 0: 0.758169 0.734169 0.726996 0.730337 0.728102 0.723867 0.723812 0.726013 0.726386 0.719074 
T_stage 1: 0.192867 0.172044 0.190291 0.187524 0.130054 0.154419 0.198632 0.234073 0.186997 0.179050 
Config: granularity=100000, SDR=10000, ADR=0, Rigid=1, Capture_Method=0
Stage 0: PT=0, T_stage=0.523500, bytes=0, T_capped=0
Stage 1: PT=6, T_stage=0.000000, bytes=33176880, T_capped=0
Group 1: Iters=10, Procs=896, Factors=1.000000, Dist=2, RM=0, SM=0, RS=0, SS=5, parents=448, children=0
Async_Iters: 0
T_iter: 0.928322 0.887997 0.965564 0.861186 0.834692 0.838571 0.863526 0.913550 0.857827 0.857164 
T_stage 0: 0.767218 0.755909 0.708493 0.705361 0.709315 0.712543 0.709614 0.703174 0.705405 0.702221 
T_stage 1: 0.160803 0.137438 0.256205 0.156384 0.125501 0.126242 0.152291 0.211135 0.155913 0.154111 
Config: granularity=100000, SDR=10000, ADR=0, Rigid=1, Capture_Method=0
Stage 0: PT=0, T_stage=0.523500, bytes=0, T_capped=0
Stage 1: PT=6, T_stage=0.000000, bytes=33176880, T_capped=0
Group 1: Iters=10, Procs=896, Factors=1.000000, Dist=2, RM=0, SM=0, RS=0, SS=5, parents=448, children=0
Async_Iters: 0
T_iter: 0.902074 0.831772 0.925648 0.865026 0.854029 0.842647 0.841083 0.875318 0.849293 0.835683 
T_stage 0: 0.709067 0.717255 0.726043 0.719088 0.713248 0.708939 0.707933 0.708250 0.706330 0.707024 
T_stage 1: 0.192870 0.118268 0.198336 0.152313 0.140882 0.132440 0.133385 0.162796 0.141784 0.129712 
Config: granularity=100000, SDR=10000, ADR=0, Rigid=1, Capture_Method=0
Stage 0: PT=0, T_stage=0.523500, bytes=0, T_capped=0
Stage 1: PT=6, T_stage=0.000000, bytes=33176880, T_capped=0
Group 1: Iters=10, Procs=896, Factors=1.000000, Dist=2, RM=0, SM=0, RS=0, SS=5, parents=448, children=0
Async_Iters: 0
T_iter: 1.022712 1.055163 1.027457 0.964643 0.965640 0.984370 0.997427 1.019308 0.964858 0.946974 
T_stage 0: 0.836266 0.838058 0.840325 0.835210 0.832592 0.834709 0.841594 0.833653 0.830152 0.826319 
T_stage 1: 0.182075 0.219222 0.186819 0.129341 0.132441 0.144607 0.161663 0.189806 0.135326 0.121136 
Config: granularity=100000, SDR=10000, ADR=0, Rigid=1, Capture_Method=0
Stage 0: PT=0, T_stage=0.523500, bytes=0, T_capped=0
Stage 1: PT=6, T_stage=0.000000, bytes=33176880, T_capped=0
Group 1: Iters=10, Procs=896, Factors=1.000000, Dist=2, RM=0, SM=0, RS=0, SS=5, parents=448, children=0
Async_Iters: 0
T_iter: 1.071090 0.997672 1.065670 0.987742 0.995236 1.044759 1.019018 0.992594 0.977465 0.962871 
T_stage 0: 0.851075 0.852716 0.868384 0.850752 0.848930 0.851599 0.856319 0.851566 0.846384 0.840899 
T_stage 1: 0.219890 0.144582 0.193962 0.138051 0.146519 0.193509 0.168686 0.146927 0.130518 0.122028 
Config: granularity=100000, SDR=10000, ADR=0, Rigid=1, Capture_Method=0
Stage 0: PT=0, T_stage=0.523500, bytes=0, T_capped=0
Stage 1: PT=6, T_stage=0.000000, bytes=33176880, T_capped=0
Group 1: Iters=10, Procs=896, Factors=1.000000, Dist=2, RM=0, SM=0, RS=0, SS=5, parents=448, children=0
Async_Iters: 0
T_iter: 0.977644 0.969909 0.906019 0.959931 0.915930 0.886328 0.900919 0.893805 0.955818 0.901275 
T_stage 0: 0.775596 0.781380 0.775425 0.781492 0.771733 0.771357 0.774689 0.775438 0.777356 0.765780 
T_stage 1: 0.197551 0.197401 0.131856 0.182168 0.144824 0.115288 0.131968 0.122584 0.182666 0.135767 
Config: granularity=100000, SDR=10000, ADR=0, Rigid=1, Capture_Method=0
Stage 0: PT=0, T_stage=0.523500, bytes=0, T_capped=0
Stage 1: PT=6, T_stage=0.000000, bytes=33176880, T_capped=0
Group 1: Iters=10, Procs=896, Factors=1.000000, Dist=2, RM=0, SM=0, RS=0, SS=5, parents=448, children=0
Async_Iters: 0
T_iter: 1.003486 0.952633 0.937164 0.886801 0.904778 0.939630 0.908767 0.896178 0.891075 0.882535 
T_stage 0: 0.771990 0.781549 0.773261 0.764820 0.757997 0.762583 0.756490 0.750126 0.758970 0.745515 
T_stage 1: 0.226100 0.175051 0.158384 0.122682 0.147627 0.177161 0.150588 0.146262 0.132652 0.139810 
Config: granularity=100000, SDR=10000, ADR=0, Rigid=1, Capture_Method=0
Stage 0: PT=0, T_stage=0.523500, bytes=0, T_capped=0
Stage 1: PT=6, T_stage=0.000000, bytes=33176880, T_capped=0
Group 1: Iters=10, Procs=896, Factors=1.000000, Dist=2, RM=0, SM=0, RS=0, SS=5, parents=448, children=0
Async_Iters: 0
T_iter: 0.957745 0.918890 0.965078 0.939033 0.925820 0.950981 0.990397 0.914468 0.916668 0.908754 
T_stage 0: 0.762563 0.791773 0.801037 0.800908 0.798044 0.796895 0.795702 0.794178 0.794115 0.789390 
T_stage 1: 0.195196 0.127117 0.158718 0.135717 0.127985 0.156193 0.196030 0.120072 0.120867 0.120147 
Config: granularity=100000, SDR=10000, ADR=0, Rigid=1, Capture_Method=0
Stage 0: PT=0, T_stage=0.523500, bytes=0, T_capped=0
Stage 1: PT=6, T_stage=0.000000, bytes=33176880, T_capped=0
Group 1: Iters=10, Procs=896, Factors=1.000000, Dist=2, RM=0, SM=0, RS=0, SS=5, parents=448, children=0
Async_Iters: 0
T_iter: 1.032887 1.043449 1.030025 0.990991 0.982975 1.004453 1.139432 0.983366 0.979417 0.968758 
T_stage 0: 0.847927 0.866747 0.868420 0.857169 0.861220 0.871637 0.864835 0.857712 0.857332 0.853739 
T_stage 1: 0.180160 0.174971 0.163196 0.136195 0.122039 0.139177 0.281196 0.124882 0.122445 0.115030 
Config: granularity=100000, SDR=10000, ADR=0, Rigid=1, Capture_Method=0
Stage 0: PT=0, T_stage=0.523500, bytes=0, T_capped=0
Stage 1: PT=6, T_stage=0.000000, bytes=33176880, T_capped=0
Group 1: Iters=10, Procs=896, Factors=1.000000, Dist=2, RM=0, SM=0, RS=0, SS=5, parents=448, children=0
Async_Iters: 0
T_iter: 0.876724 0.880647 0.860821 0.871721 0.838321 0.828554 0.853178 0.876710 0.850933 0.804338 
T_stage 0: 0.719637 0.722522 0.715968 0.714672 0.716254 0.701097 0.705926 0.705826 0.713545 0.676988 
T_stage 1: 0.156179 0.153964 0.146927 0.159378 0.122505 0.127685 0.156629 0.173063 0.133747 0.127610 
Config: granularity=100000, SDR=10000, ADR=0, Rigid=1, Capture_Method=0
Stage 0: PT=0, T_stage=0.523500, bytes=0, T_capped=0
Stage 1: PT=6, T_stage=0.000000, bytes=33176880, T_capped=0
Group 1: Iters=10, Procs=896, Factors=1.000000, Dist=2, RM=0, SM=0, RS=0, SS=5, parents=448, children=0
Async_Iters: 0
T_iter: 0.860479 0.916166 0.920353 0.914172 0.865079 0.853074 0.869107 0.895526 0.838880 0.849343 
T_stage 0: 0.687571 0.724078 0.723275 0.721758 0.727016 0.727358 0.722173 0.719903 0.714795 0.721699 
T_stage 1: 0.172778 0.192278 0.197518 0.191190 0.138220 0.131756 0.149420 0.176486 0.124487 0.124988 
Config: granularity=100000, SDR=10000, ADR=0, Rigid=1, Capture_Method=0
Stage 0: PT=0, T_stage=0.523500, bytes=0, T_capped=0
Stage 1: PT=6, T_stage=0.000000, bytes=33176880, T_capped=0
Group 1: Iters=10, Procs=896, Factors=1.000000, Dist=2, RM=0, SM=0, RS=0, SS=5, parents=448, children=0
Async_Iters: 0
T_iter: 1.033216 1.020716 0.992272 0.908386 0.909977 0.992707 0.925535 0.936765 0.909031 0.928264 
T_stage 0: 0.838984 0.847207 0.840146 0.786061 0.788462 0.825240 0.788760 0.809468 0.782492 0.805506 
T_stage 1: 0.190154 0.173490 0.150667 0.122211 0.121433 0.177209 0.137153 0.127478 0.126850 0.123236 
Config: granularity=100000, SDR=10000, ADR=0, Rigid=1, Capture_Method=0
Stage 0: PT=0, T_stage=0.523500, bytes=0, T_capped=0
Stage 1: PT=6, T_stage=0.000000, bytes=33176880, T_capped=0
Group 1: Iters=10, Procs=896, Factors=1.000000, Dist=2, RM=0, SM=0, RS=0, SS=5, parents=448, children=0
Async_Iters: 0
T_iter: 0.937397 0.935607 0.950849 0.883301 0.879583 0.895846 0.872691 0.891813 0.869750 0.860976 
T_stage 0: 0.729762 0.738428 0.741576 0.732225 0.744885 0.714921 0.735191 0.731179 0.734106 0.733208 
T_stage 1: 0.207484 0.198574 0.209234 0.140356 0.137524 0.173117 0.140850 0.160916 0.136888 0.129552 
