Config: granularity=100000, SDR=10000, ADR=0, Rigid=1, Capture_Method=0
Stage 0: PT=0, T_stage=0.523500, bytes=0, T_capped=0
Stage 1: PT=6, T_stage=0.000000, bytes=33176880, T_capped=0
Group 1: Iters=10, Procs=896, Factors=1.000000, Dist=2, RM=0, SM=0, RS=0, SS=5, parents=1792, children=0
Async_Iters: 0
T_iter: 0.950412 0.928001 0.895790 0.883397 0.900912 0.859763 0.854410 0.889647 0.838641 0.812505 
T_stage 0: 0.747602 0.766721 0.760787 0.762564 0.759782 0.717667 0.695746 0.718529 0.704740 0.692594 
T_stage 1: 0.197722 0.163057 0.140462 0.121227 0.141162 0.144923 0.158843 0.172669 0.134603 0.119916 
Config: granularity=100000, SDR=10000, ADR=0, Rigid=1, Capture_Method=0
Stage 0: PT=0, T_stage=0.523500, bytes=0, T_capped=0
Stage 1: PT=6, T_stage=0.000000, bytes=33176880, T_capped=0
Group 1: Iters=10, Procs=896, Factors=1.000000, Dist=2, RM=0, SM=0, RS=0, SS=5, parents=1792, children=0
Async_Iters: 0
T_iter: 0.916957 0.981222 0.962719 0.928680 0.872961 0.867426 0.942911 0.917911 0.853080 0.840340 
T_stage 0: 0.752110 0.742269 0.730274 0.745920 0.737576 0.734524 0.742873 0.733613 0.732938 0.714333 
T_stage 1: 0.164674 0.240081 0.236883 0.184244 0.135690 0.133737 0.203601 0.193529 0.122950 0.126184 
Config: granularity=100000, SDR=10000, ADR=0, Rigid=1, Capture_Method=0
Stage 0: PT=0, T_stage=0.523500, bytes=0, T_capped=0
Stage 1: PT=6, T_stage=0.000000, bytes=33176880, T_capped=0
Group 1: Iters=10, Procs=896, Factors=1.000000, Dist=2, RM=0, SM=0, RS=0, SS=5, parents=1792, children=0
Async_Iters: 0
T_iter: 0.916979 0.973953 0.905481 0.864070 0.870917 0.886643 0.912344 0.869623 0.852554 0.852046 
T_stage 0: 0.741766 0.749336 0.757330 0.731781 0.747904 0.729636 0.725405 0.728979 0.734111 0.716985 
T_stage 1: 0.175182 0.223972 0.150616 0.133357 0.127967 0.160306 0.191041 0.141962 0.119883 0.135120 
Config: granularity=100000, SDR=10000, ADR=0, Rigid=1, Capture_Method=0
Stage 0: PT=0, T_stage=0.523500, bytes=0, T_capped=0
Stage 1: PT=6, T_stage=0.000000, bytes=33176880, T_capped=0
Group 1: Iters=10, Procs=896, Factors=1.000000, Dist=2, RM=0, SM=0, RS=0, SS=5, parents=1792, children=0
Async_Iters: 0
T_iter: 0.923307 0.948296 0.872657 0.870254 0.879830 0.856545 0.907408 0.871220 0.863130 0.871837 
T_stage 0: 0.767375 0.761314 0.746988 0.749757 0.747559 0.733641 0.724239 0.731532 0.723049 0.730142 
T_stage 1: 0.156445 0.185653 0.126004 0.120394 0.132470 0.123359 0.181131 0.141264 0.141087 0.145622 
Config: granularity=100000, SDR=10000, ADR=0, Rigid=1, Capture_Method=0
Stage 0: PT=0, T_stage=0.523500, bytes=0, T_capped=0
Stage 1: PT=6, T_stage=0.000000, bytes=33176880, T_capped=0
Group 1: Iters=10, Procs=896, Factors=1.000000, Dist=2, RM=0, SM=0, RS=0, SS=5, parents=1792, children=0
Async_Iters: 0
T_iter: 0.955678 1.065856 0.944356 0.894353 0.897619 0.897202 0.938778 0.905720 0.892053 0.866721 
T_stage 0: 0.759229 0.751159 0.770212 0.763133 0.754708 0.746047 0.761809 0.762851 0.761381 0.745451 
T_stage 1: 0.196426 0.312461 0.178692 0.131478 0.143331 0.154118 0.180893 0.143478 0.132790 0.121717 
Config: granularity=100000, SDR=10000, ADR=0, Rigid=1, Capture_Method=0
Stage 0: PT=0, T_stage=0.523500, bytes=0, T_capped=0
Stage 1: PT=6, T_stage=0.000000, bytes=33176880, T_capped=0
Group 1: Iters=10, Procs=896, Factors=1.000000, Dist=2, RM=0, SM=0, RS=0, SS=5, parents=1792, children=0
Async_Iters: 0
T_iter: 0.875848 0.993380 0.887779 0.889023 0.772939 0.793834 0.867942 0.822380 0.744917 0.749946 
T_stage 0: 0.700490 0.745623 0.737784 0.733663 0.651613 0.633302 0.657547 0.631989 0.621697 0.627997 
T_stage 1: 0.175665 0.246449 0.153610 0.156095 0.121402 0.165531 0.207388 0.183885 0.124941 0.123064 
Config: granularity=100000, SDR=10000, ADR=0, Rigid=1, Capture_Method=0
Stage 0: PT=0, T_stage=0.523500, bytes=0, T_capped=0
Stage 1: PT=6, T_stage=0.000000, bytes=33176880, T_capped=0
Group 1: Iters=10, Procs=896, Factors=1.000000, Dist=2, RM=0, SM=0, RS=0, SS=5, parents=1792, children=0
Async_Iters: 0
T_iter: 0.875929 0.957148 0.930091 0.863102 0.868848 0.833728 0.924214 0.859816 0.844929 0.847632 
T_stage 0: 0.724627 0.749274 0.716563 0.725831 0.722279 0.700604 0.729406 0.712265 0.705980 0.708219 
T_stage 1: 0.151366 0.216083 0.207972 0.139409 0.146055 0.133359 0.194848 0.152796 0.144306 0.139620 
Config: granularity=100000, SDR=10000, ADR=0, Rigid=1, Capture_Method=0
Stage 0: PT=0, T_stage=0.523500, bytes=0, T_capped=0
Stage 1: PT=6, T_stage=0.000000, bytes=33176880, T_capped=0
Group 1: Iters=10, Procs=896, Factors=1.000000, Dist=2, RM=0, SM=0, RS=0, SS=5, parents=1792, children=0
Async_Iters: 0
T_iter: 0.956356 0.960983 0.884088 0.869981 0.876411 0.908400 0.889201 0.877244 0.884190 0.862652 
T_stage 0: 0.748902 0.770002 0.753609 0.750457 0.747405 0.753205 0.759841 0.747093 0.747228 0.745139 
T_stage 1: 0.203791 0.197555 0.130991 0.120145 0.128293 0.159687 0.133213 0.133141 0.139973 0.119572 
Config: granularity=100000, SDR=10000, ADR=0, Rigid=1, Capture_Method=0
Stage 0: PT=0, T_stage=0.523500, bytes=0, T_capped=0
Stage 1: PT=6, T_stage=0.000000, bytes=33176880, T_capped=0
Group 1: Iters=10, Procs=896, Factors=1.000000, Dist=2, RM=0, SM=0, RS=0, SS=5, parents=1792, children=0
Async_Iters: 0
T_iter: 0.915767 0.940064 0.846089 0.857255 0.821468 0.878517 0.917382 0.878790 0.833032 0.857909 
T_stage 0: 0.718909 0.712952 0.709121 0.717366 0.701672 0.731612 0.728467 0.726212 0.697238 0.725217 
T_stage 1: 0.191862 0.221766 0.137417 0.140321 0.120211 0.150139 0.189964 0.155871 0.133329 0.132810 
Config: granularity=100000, SDR=10000, ADR=0, Rigid=1, Capture_Method=0
Stage 0: PT=0, T_stage=0.523500, bytes=0, T_capped=0
Stage 1: PT=6, T_stage=0.000000, bytes=33176880, T_capped=0
Group 1: Iters=10, Procs=896, Factors=1.000000, Dist=2, RM=0, SM=0, RS=0, SS=5, parents=1792, children=0
Async_Iters: 0
T_iter: 0.891598 0.918735 0.933720 0.895795 0.866912 0.827747 0.852811 0.946159 0.861511 0.824489 
T_stage 0: 0.736179 0.744730 0.727535 0.743044 0.726468 0.706896 0.708301 0.725775 0.738803 0.698448 
T_stage 1: 0.155431 0.171518 0.204982 0.154037 0.141636 0.121149 0.144674 0.217971 0.126540 0.123480 
Config: granularity=100000, SDR=10000, ADR=0, Rigid=1, Capture_Method=0
Stage 0: PT=0, T_stage=0.523500, bytes=0, T_capped=0
Stage 1: PT=6, T_stage=0.000000, bytes=33176880, T_capped=0
Group 1: Iters=10, Procs=896, Factors=1.000000, Dist=2, RM=0, SM=0, RS=0, SS=5, parents=1792, children=0
Async_Iters: 0
T_iter: 0.889655 0.943463 0.870311 0.852450 0.835752 0.845283 0.869544 0.839662 0.836162 0.835463 
T_stage 0: 0.716658 0.733840 0.705279 0.726653 0.717133 0.716273 0.716416 0.717028 0.712355 0.711684 
T_stage 1: 0.172864 0.207565 0.166529 0.126987 0.121655 0.128883 0.156784 0.123278 0.125218 0.123892 
Config: granularity=100000, SDR=10000, ADR=0, Rigid=1, Capture_Method=0
Stage 0: PT=0, T_stage=0.523500, bytes=0, T_capped=0
Stage 1: PT=6, T_stage=0.000000, bytes=33176880, T_capped=0
Group 1: Iters=10, Procs=896, Factors=1.000000, Dist=2, RM=0, SM=0, RS=0, SS=5, parents=1792, children=0
Async_Iters: 0
T_iter: 0.841428 0.855394 0.814036 0.808917 0.805059 0.824241 0.805819 0.881778 0.841619 0.798878 
T_stage 0: 0.666688 0.681087 0.667634 0.679864 0.680305 0.678385 0.669402 0.683872 0.666931 0.679615 
T_stage 1: 0.174880 0.172394 0.141932 0.127308 0.126936 0.146147 0.141932 0.199844 0.170268 0.120933 
Config: granularity=100000, SDR=10000, ADR=0, Rigid=1, Capture_Method=0
Stage 0: PT=0, T_stage=0.523500, bytes=0, T_capped=0
Stage 1: PT=6, T_stage=0.000000, bytes=33176880, T_capped=0
Group 1: Iters=10, Procs=896, Factors=1.000000, Dist=2, RM=0, SM=0, RS=0, SS=5, parents=1792, children=0
Async_Iters: 0
T_iter: 1.032041 1.010236 0.993807 0.990091 0.993662 0.995505 1.054364 1.052626 0.975771 0.955233 
T_stage 0: 0.855790 0.861797 0.860843 0.857971 0.852357 0.855074 0.851114 0.846920 0.844434 0.843794 
T_stage 1: 0.175893 0.154681 0.137325 0.131870 0.141384 0.147167 0.198261 0.206016 0.131770 0.114277 
Config: granularity=100000, SDR=10000, ADR=0, Rigid=1, Capture_Method=0
Stage 0: PT=0, T_stage=0.523500, bytes=0, T_capped=0
Stage 1: PT=6, T_stage=0.000000, bytes=33176880, T_capped=0
Group 1: Iters=10, Procs=896, Factors=1.000000, Dist=2, RM=0, SM=0, RS=0, SS=5, parents=1792, children=0
Async_Iters: 0
T_iter: 0.928572 0.921385 0.954791 0.853754 0.856902 0.828457 0.853983 0.938367 0.879315 0.862961 
T_stage 0: 0.741972 0.738372 0.715587 0.716934 0.712428 0.708126 0.709797 0.711769 0.709534 0.701389 
T_stage 1: 0.186672 0.182018 0.244850 0.136419 0.143606 0.120561 0.145212 0.226108 0.170076 0.161484 
Config: granularity=100000, SDR=10000, ADR=0, Rigid=1, Capture_Method=0
Stage 0: PT=0, T_stage=0.523500, bytes=0, T_capped=0
Stage 1: PT=6, T_stage=0.000000, bytes=33176880, T_capped=0
Group 1: Iters=10, Procs=896, Factors=1.000000, Dist=2, RM=0, SM=0, RS=0, SS=5, parents=1792, children=0
Async_Iters: 0
T_iter: 0.954085 0.908376 0.896791 0.887725 0.857223 0.912843 0.885505 0.857882 0.862933 0.852025 
T_stage 0: 0.737541 0.754434 0.742301 0.743037 0.733481 0.739173 0.738165 0.726265 0.724486 0.724683 
T_stage 1: 0.215832 0.161331 0.156427 0.144112 0.124059 0.171971 0.147784 0.132372 0.138810 0.129831 
Config: granularity=100000, SDR=10000, ADR=0, Rigid=1, Capture_Method=0
Stage 0: PT=0, T_stage=0.523500, bytes=0, T_capped=0
Stage 1: PT=6, T_stage=0.000000, bytes=33176880, T_capped=0
Group 1: Iters=10, Procs=896, Factors=1.000000, Dist=2, RM=0, SM=0, RS=0, SS=5, parents=1792, children=0
Async_Iters: 0
T_iter: 0.980460 0.936615 0.935632 0.911993 0.925876 0.938532 1.018289 0.987079 0.900521 0.912450 
T_stage 0: 0.810116 0.804812 0.809786 0.795412 0.794476 0.804396 0.807709 0.811343 0.778614 0.786757 
T_stage 1: 0.170457 0.135468 0.127173 0.119678 0.131586 0.134303 0.213334 0.175510 0.122709 0.125575 
Config: granularity=100000, SDR=10000, ADR=0, Rigid=1, Capture_Method=0
Stage 0: PT=0, T_stage=0.523500, bytes=0, T_capped=0
Stage 1: PT=6, T_stage=0.000000, bytes=33176880, T_capped=0
Group 1: Iters=10, Procs=896, Factors=1.000000, Dist=2, RM=0, SM=0, RS=0, SS=5, parents=1792, children=0
Async_Iters: 0
T_iter: 1.010253 0.992997 1.035948 0.920899 0.927252 0.930527 0.944407 0.951867 0.916861 0.942400 
T_stage 0: 0.833094 0.813603 0.817605 0.795007 0.808253 0.806366 0.807769 0.808528 0.802613 0.804552 
T_stage 1: 0.177295 0.180309 0.222511 0.126320 0.119464 0.124346 0.137449 0.147475 0.114526 0.138504 
Config: granularity=100000, SDR=10000, ADR=0, Rigid=1, Capture_Method=0
Stage 0: PT=0, T_stage=0.523500, bytes=0, T_capped=0
Stage 1: PT=6, T_stage=0.000000, bytes=33176880, T_capped=0
Group 1: Iters=10, Procs=896, Factors=1.000000, Dist=2, RM=0, SM=0, RS=0, SS=5, parents=1792, children=0
Async_Iters: 0
T_iter: 0.880955 0.826250 0.812265 0.814683 0.793101 0.846788 0.845689 0.814460 0.849737 0.814863 
T_stage 0: 0.689106 0.681006 0.657301 0.673376 0.642515 0.665124 0.658836 0.664113 0.646035 0.665221 
T_stage 1: 0.185501 0.150570 0.153833 0.144322 0.150319 0.184787 0.187447 0.150417 0.198694 0.147993 
Config: granularity=100000, SDR=10000, ADR=0, Rigid=1, Capture_Method=0
Stage 0: PT=0, T_stage=0.523500, bytes=0, T_capped=0
Stage 1: PT=6, T_stage=0.000000, bytes=33176880, T_capped=0
Group 1: Iters=10, Procs=896, Factors=1.000000, Dist=2, RM=0, SM=0, RS=0, SS=5, parents=1792, children=0
Async_Iters: 0
T_iter: 0.863657 0.898649 0.812152 0.848586 0.798991 0.769383 0.809404 0.832096 0.786554 0.740653 
T_stage 0: 0.665721 0.664384 0.656912 0.652550 0.649503 0.646526 0.649297 0.631909 0.626742 0.611205 
T_stage 1: 0.197758 0.234918 0.161419 0.193784 0.149609 0.122647 0.163870 0.202504 0.159133 0.127971 
Config: granularity=100000, SDR=10000, ADR=0, Rigid=1, Capture_Method=0
Stage 0: PT=0, T_stage=0.523500, bytes=0, T_capped=0
Stage 1: PT=6, T_stage=0.000000, bytes=33176880, T_capped=0
Group 1: Iters=10, Procs=896, Factors=1.000000, Dist=2, RM=0, SM=0, RS=0, SS=5, parents=1792, children=0
Async_Iters: 0
T_iter: 0.893303 0.889648 0.912311 0.888137 0.870172 0.911517 0.885938 0.875454 0.853393 0.876201 
T_stage 0: 0.739086 0.737704 0.749005 0.730664 0.733176 0.757496 0.729604 0.752212 0.720647 0.746282 
T_stage 1: 0.154170 0.154501 0.163460 0.158042 0.143046 0.157315 0.157128 0.122775 0.132329 0.127525 
