Config loaded: R=1, S=2, granularity=100000, SDR=10000, ADR=0, Rigid=1, Capture_Method=0
Stage 0: PT=0, T_stage=0.523500, bytes=0, T_capped=0
Stage 1: PT=6, T_stage=0.000000, bytes=33176880, T_capped=0
Group 0: Iters=5, Procs=1792, Factors=1.000000, Dist=2, RM=0, SM=0, RS=0, SS=0
Group 1: Iters=10, Procs=896, Factors=1.000000, Dist=2, RM=0, SM=0, RS=0, SS=5
T_spawn: 14.246977 
T_SR: 0.053673 
T_AR: 0.000000 
T_US: 0.077238 
T_Malleability: 14.497323 
T_total: 28.192713
Config loaded: R=1, S=2, granularity=100000, SDR=10000, ADR=0, Rigid=1, Capture_Method=0
Stage 0: PT=0, T_stage=0.523500, bytes=0, T_capped=0
Stage 1: PT=6, T_stage=0.000000, bytes=33176880, T_capped=0
Group 0: Iters=5, Procs=1792, Factors=1.000000, Dist=2, RM=0, SM=0, RS=0, SS=0
Group 1: Iters=10, Procs=896, Factors=1.000000, Dist=2, RM=0, SM=0, RS=0, SS=5
T_spawn: 12.822574 
T_SR: 0.037310 
T_AR: 0.000000 
T_US: 0.064448 
T_Malleability: 13.035591 
T_total: 26.791126
Config loaded: R=1, S=2, granularity=100000, SDR=10000, ADR=0, Rigid=1, Capture_Method=0
Stage 0: PT=0, T_stage=0.523500, bytes=0, T_capped=0
Stage 1: PT=6, T_stage=0.000000, bytes=33176880, T_capped=0
Group 0: Iters=5, Procs=1792, Factors=1.000000, Dist=2, RM=0, SM=0, RS=0, SS=0
Group 1: Iters=10, Procs=896, Factors=1.000000, Dist=2, RM=0, SM=0, RS=0, SS=5
T_spawn: 13.408219 
T_SR: 0.037036 
T_AR: 0.000000 
T_US: 0.078171 
T_Malleability: 13.648177 
T_total: 27.291083
Config loaded: R=1, S=2, granularity=100000, SDR=10000, ADR=0, Rigid=1, Capture_Method=0
Stage 0: PT=0, T_stage=0.523500, bytes=0, T_capped=0
Stage 1: PT=6, T_stage=0.000000, bytes=33176880, T_capped=0
Group 0: Iters=5, Procs=1792, Factors=1.000000, Dist=2, RM=0, SM=0, RS=0, SS=0
Group 1: Iters=10, Procs=896, Factors=1.000000, Dist=2, RM=0, SM=0, RS=0, SS=5
T_spawn: 12.670071 
T_SR: 0.040406 
T_AR: 0.000000 
T_US: 0.125063 
T_Malleability: 12.978185 
T_total: 26.410796
Config loaded: R=1, S=2, granularity=100000, SDR=10000, ADR=0, Rigid=1, Capture_Method=0
Stage 0: PT=0, T_stage=0.523500, bytes=0, T_capped=0
Stage 1: PT=6, T_stage=0.000000, bytes=33176880, T_capped=0
Group 0: Iters=5, Procs=1792, Factors=1.000000, Dist=2, RM=0, SM=0, RS=0, SS=0
Group 1: Iters=10, Procs=896, Factors=1.000000, Dist=2, RM=0, SM=0, RS=0, SS=5
T_spawn: 12.418963 
T_SR: 0.040562 
T_AR: 0.000000 
T_US: 0.075757 
T_Malleability: 12.675211 
T_total: 26.939562
Config loaded: R=1, S=2, granularity=100000, SDR=10000, ADR=0, Rigid=1, Capture_Method=0
Stage 0: PT=0, T_stage=0.523500, bytes=0, T_capped=0
Stage 1: PT=6, T_stage=0.000000, bytes=33176880, T_capped=0
Group 0: Iters=5, Procs=1792, Factors=1.000000, Dist=2, RM=0, SM=0, RS=0, SS=0
Group 1: Iters=10, Procs=896, Factors=1.000000, Dist=2, RM=0, SM=0, RS=0, SS=5
T_spawn: 13.329968 
T_SR: 0.034196 
T_AR: 0.000000 
T_US: 0.049478 
T_Malleability: 13.577823 
T_total: 26.689171
Config loaded: R=1, S=2, granularity=100000, SDR=10000, ADR=0, Rigid=1, Capture_Method=0
Stage 0: PT=0, T_stage=0.523500, bytes=0, T_capped=0
Stage 1: PT=6, T_stage=0.000000, bytes=33176880, T_capped=0
Group 0: Iters=5, Procs=1792, Factors=1.000000, Dist=2, RM=0, SM=0, RS=0, SS=0
Group 1: Iters=10, Procs=896, Factors=1.000000, Dist=2, RM=0, SM=0, RS=0, SS=5
T_spawn: 13.124061 
T_SR: 0.039724 
T_AR: 0.000000 
T_US: 0.040452 
T_Malleability: 13.338457 
T_total: 27.116083
Config loaded: R=1, S=2, granularity=100000, SDR=10000, ADR=0, Rigid=1, Capture_Method=0
Stage 0: PT=0, T_stage=0.523500, bytes=0, T_capped=0
Stage 1: PT=6, T_stage=0.000000, bytes=33176880, T_capped=0
Group 0: Iters=5, Procs=1792, Factors=1.000000, Dist=2, RM=0, SM=0, RS=0, SS=0
Group 1: Iters=10, Procs=896, Factors=1.000000, Dist=2, RM=0, SM=0, RS=0, SS=5
T_spawn: 13.287922 
T_SR: 0.039713 
T_AR: 0.000000 
T_US: 0.055367 
T_Malleability: 13.497182 
T_total: 27.134453
Config loaded: R=1, S=2, granularity=100000, SDR=10000, ADR=0, Rigid=1, Capture_Method=0
Stage 0: PT=0, T_stage=0.523500, bytes=0, T_capped=0
Stage 1: PT=6, T_stage=0.000000, bytes=33176880, T_capped=0
Group 0: Iters=5, Procs=1792, Factors=1.000000, Dist=2, RM=0, SM=0, RS=0, SS=0
Group 1: Iters=10, Procs=896, Factors=1.000000, Dist=2, RM=0, SM=0, RS=0, SS=5
T_spawn: 12.727606 
T_SR: 0.034562 
T_AR: 0.000000 
T_US: 0.040549 
T_Malleability: 12.932288 
T_total: 26.477157
Config loaded: R=1, S=2, granularity=100000, SDR=10000, ADR=0, Rigid=1, Capture_Method=0
Stage 0: PT=0, T_stage=0.523500, bytes=0, T_capped=0
Stage 1: PT=6, T_stage=0.000000, bytes=33176880, T_capped=0
Group 0: Iters=5, Procs=1792, Factors=1.000000, Dist=2, RM=0, SM=0, RS=0, SS=0
Group 1: Iters=10, Procs=896, Factors=1.000000, Dist=2, RM=0, SM=0, RS=0, SS=5
T_spawn: 11.942518 
T_SR: 0.055086 
T_AR: 0.000000 
T_US: 0.065528 
T_Malleability: 12.197034 
T_total: 25.786566
Config loaded: R=1, S=2, granularity=100000, SDR=10000, ADR=0, Rigid=1, Capture_Method=0
Stage 0: PT=0, T_stage=0.523500, bytes=0, T_capped=0
Stage 1: PT=6, T_stage=0.000000, bytes=33176880, T_capped=0
Group 0: Iters=5, Procs=1792, Factors=1.000000, Dist=2, RM=0, SM=0, RS=0, SS=0
Group 1: Iters=10, Procs=896, Factors=1.000000, Dist=2, RM=0, SM=0, RS=0, SS=5
T_spawn: 13.207299 
T_SR: 0.036029 
T_AR: 0.000000 
T_US: 0.108738 
T_Malleability: 13.468907 
T_total: 26.877078
Config loaded: R=1, S=2, granularity=100000, SDR=10000, ADR=0, Rigid=1, Capture_Method=0
Stage 0: PT=0, T_stage=0.523500, bytes=0, T_capped=0
Stage 1: PT=6, T_stage=0.000000, bytes=33176880, T_capped=0
Group 0: Iters=5, Procs=1792, Factors=1.000000, Dist=2, RM=0, SM=0, RS=0, SS=0
Group 1: Iters=10, Procs=896, Factors=1.000000, Dist=2, RM=0, SM=0, RS=0, SS=5
T_spawn: 13.208784 
T_SR: 0.039374 
T_AR: 0.000000 
T_US: 0.059256 
T_Malleability: 13.453537 
T_total: 26.239788
Config loaded: R=1, S=2, granularity=100000, SDR=10000, ADR=0, Rigid=1, Capture_Method=0
Stage 0: PT=0, T_stage=0.523500, bytes=0, T_capped=0
Stage 1: PT=6, T_stage=0.000000, bytes=33176880, T_capped=0
Group 0: Iters=5, Procs=1792, Factors=1.000000, Dist=2, RM=0, SM=0, RS=0, SS=0
Group 1: Iters=10, Procs=896, Factors=1.000000, Dist=2, RM=0, SM=0, RS=0, SS=5
T_spawn: 13.734789 
T_SR: 0.033704 
T_AR: 0.000000 
T_US: 0.093646 
T_Malleability: 13.966066 
T_total: 29.145041
Config loaded: R=1, S=2, granularity=100000, SDR=10000, ADR=0, Rigid=1, Capture_Method=0
Stage 0: PT=0, T_stage=0.523500, bytes=0, T_capped=0
Stage 1: PT=6, T_stage=0.000000, bytes=33176880, T_capped=0
Group 0: Iters=5, Procs=1792, Factors=1.000000, Dist=2, RM=0, SM=0, RS=0, SS=0
Group 1: Iters=10, Procs=896, Factors=1.000000, Dist=2, RM=0, SM=0, RS=0, SS=5
T_spawn: 12.004687 
T_SR: 0.034559 
T_AR: 0.000000 
T_US: 0.095809 
T_Malleability: 12.272643 
T_total: 25.922634
Config loaded: R=1, S=2, granularity=100000, SDR=10000, ADR=0, Rigid=1, Capture_Method=0
Stage 0: PT=0, T_stage=0.523500, bytes=0, T_capped=0
Stage 1: PT=6, T_stage=0.000000, bytes=33176880, T_capped=0
Group 0: Iters=5, Procs=1792, Factors=1.000000, Dist=2, RM=0, SM=0, RS=0, SS=0
Group 1: Iters=10, Procs=896, Factors=1.000000, Dist=2, RM=0, SM=0, RS=0, SS=5
T_spawn: 13.590361 
T_SR: 0.036648 
T_AR: 0.000000 
T_US: 0.063288 
T_Malleability: 13.844843 
T_total: 27.269240
Config loaded: R=1, S=2, granularity=100000, SDR=10000, ADR=0, Rigid=1, Capture_Method=0
Stage 0: PT=0, T_stage=0.523500, bytes=0, T_capped=0
Stage 1: PT=6, T_stage=0.000000, bytes=33176880, T_capped=0
Group 0: Iters=5, Procs=1792, Factors=1.000000, Dist=2, RM=0, SM=0, RS=0, SS=0
Group 1: Iters=10, Procs=896, Factors=1.000000, Dist=2, RM=0, SM=0, RS=0, SS=5
T_spawn: 12.634196 
T_SR: 0.041982 
T_AR: 0.000000 
T_US: 0.054191 
T_Malleability: 12.841307 
T_total: 27.713656
Config loaded: R=1, S=2, granularity=100000, SDR=10000, ADR=0, Rigid=1, Capture_Method=0
Stage 0: PT=0, T_stage=0.523500, bytes=0, T_capped=0
Stage 1: PT=6, T_stage=0.000000, bytes=33176880, T_capped=0
Group 0: Iters=5, Procs=1792, Factors=1.000000, Dist=2, RM=0, SM=0, RS=0, SS=0
Group 1: Iters=10, Procs=896, Factors=1.000000, Dist=2, RM=0, SM=0, RS=0, SS=5
T_spawn: 12.464181 
T_SR: 0.036292 
T_AR: 0.000000 
T_US: 0.071407 
T_Malleability: 12.687304 
T_total: 27.151865
Config loaded: R=1, S=2, granularity=100000, SDR=10000, ADR=0, Rigid=1, Capture_Method=0
Stage 0: PT=0, T_stage=0.523500, bytes=0, T_capped=0
Stage 1: PT=6, T_stage=0.000000, bytes=33176880, T_capped=0
Group 0: Iters=5, Procs=1792, Factors=1.000000, Dist=2, RM=0, SM=0, RS=0, SS=0
Group 1: Iters=10, Procs=896, Factors=1.000000, Dist=2, RM=0, SM=0, RS=0, SS=5
T_spawn: 12.933696 
T_SR: 0.051934 
T_AR: 0.000000 
T_US: 0.058597 
T_Malleability: 13.149195 
T_total: 26.420613
Config loaded: R=1, S=2, granularity=100000, SDR=10000, ADR=0, Rigid=1, Capture_Method=0
Stage 0: PT=0, T_stage=0.523500, bytes=0, T_capped=0
Stage 1: PT=6, T_stage=0.000000, bytes=33176880, T_capped=0
Group 0: Iters=5, Procs=1792, Factors=1.000000, Dist=2, RM=0, SM=0, RS=0, SS=0
Group 1: Iters=10, Procs=896, Factors=1.000000, Dist=2, RM=0, SM=0, RS=0, SS=5
T_spawn: 12.256546 
T_SR: 0.040235 
T_AR: 0.000000 
T_US: 0.034145 
T_Malleability: 12.450366 
T_total: 25.232865
Config loaded: R=1, S=2, granularity=100000, SDR=10000, ADR=0, Rigid=1, Capture_Method=0
Stage 0: PT=0, T_stage=0.523500, bytes=0, T_capped=0
Stage 1: PT=6, T_stage=0.000000, bytes=33176880, T_capped=0
Group 0: Iters=5, Procs=1792, Factors=1.000000, Dist=2, RM=0, SM=0, RS=0, SS=0
Group 1: Iters=10, Procs=896, Factors=1.000000, Dist=2, RM=0, SM=0, RS=0, SS=5
T_spawn: 14.249971 
T_SR: 0.041274 
T_AR: 0.000000 
T_US: 0.062048 
T_Malleability: 14.463688 
T_total: 28.461716
