Config: granularity=100000, SDR=10000, ADR=0, Rigid=1, Capture_Method=0
Stage 0: PT=0, T_stage=0.523500, bytes=0, T_capped=0
Stage 1: PT=6, T_stage=0.000000, bytes=33176880, T_capped=0
Group 1: Iters=10, Procs=896, Factors=1.000000, Dist=2, RM=0, SM=0, RS=0, SS=5, parents=3584, children=0
Async_Iters: 0
T_iter: 0.933559 0.934901 0.917633 0.920067 0.889620 0.879647 0.932486 0.938611 0.970308 0.949617 
T_stage 0: 0.776906 0.789248 0.778801 0.782787 0.766544 0.761185 0.776510 0.759214 0.765962 0.775557 
T_stage 1: 0.156533 0.149123 0.142001 0.137744 0.125584 0.118758 0.155980 0.182897 0.208262 0.177138 
Config: granularity=100000, SDR=10000, ADR=0, Rigid=1, Capture_Method=0
Stage 0: PT=0, T_stage=0.523500, bytes=0, T_capped=0
Stage 1: PT=6, T_stage=0.000000, bytes=33176880, T_capped=0
Group 1: Iters=10, Procs=896, Factors=1.000000, Dist=2, RM=0, SM=0, RS=0, SS=5, parents=3584, children=0
Async_Iters: 0
T_iter: 0.987122 0.906476 0.932816 0.878283 0.839954 0.898445 0.886354 0.838354 0.858977 0.846129 
T_stage 0: 0.745655 0.748551 0.726008 0.726591 0.711192 0.721943 0.727876 0.700309 0.705668 0.711407 
T_stage 1: 0.241369 0.157955 0.212539 0.149744 0.128767 0.169752 0.162941 0.134430 0.154810 0.140421 
Config: granularity=100000, SDR=10000, ADR=0, Rigid=1, Capture_Method=0
Stage 0: PT=0, T_stage=0.523500, bytes=0, T_capped=0
Stage 1: PT=6, T_stage=0.000000, bytes=33176880, T_capped=0
Group 1: Iters=10, Procs=896, Factors=1.000000, Dist=2, RM=0, SM=0, RS=0, SS=5, parents=3584, children=0
Async_Iters: 0
T_iter: 0.991211 0.993672 0.926703 0.933729 0.929046 0.929535 0.949441 0.924359 0.918140 0.908246 
T_stage 0: 0.810543 0.792001 0.788298 0.786135 0.770999 0.777525 0.772852 0.776271 0.767476 0.766158 
T_stage 1: 0.180755 0.208174 0.138168 0.152725 0.154221 0.152292 0.176835 0.148891 0.150990 0.142149 
Config: granularity=100000, SDR=10000, ADR=0, Rigid=1, Capture_Method=0
Stage 0: PT=0, T_stage=0.523500, bytes=0, T_capped=0
Stage 1: PT=6, T_stage=0.000000, bytes=33176880, T_capped=0
Group 1: Iters=10, Procs=896, Factors=1.000000, Dist=2, RM=0, SM=0, RS=0, SS=5, parents=3584, children=0
Async_Iters: 0
T_iter: 1.052973 1.014864 1.011647 1.022806 1.014862 1.044175 1.011286 0.994237 0.990211 0.985219 
T_stage 0: 0.858703 0.855720 0.849934 0.848325 0.852403 0.840237 0.838026 0.853657 0.835357 0.836398 
T_stage 1: 0.194121 0.162216 0.167529 0.178214 0.166453 0.200419 0.173731 0.143656 0.149484 0.149413 
Config: granularity=100000, SDR=10000, ADR=0, Rigid=1, Capture_Method=0
Stage 0: PT=0, T_stage=0.523500, bytes=0, T_capped=0
Stage 1: PT=6, T_stage=0.000000, bytes=33176880, T_capped=0
Group 1: Iters=10, Procs=896, Factors=1.000000, Dist=2, RM=0, SM=0, RS=0, SS=5, parents=3584, children=0
Async_Iters: 0
T_iter: 0.953411 0.893533 0.874128 0.875634 0.886298 0.874589 0.958157 0.860388 0.866425 0.891444 
T_stage 0: 0.746820 0.749694 0.718665 0.727332 0.729459 0.729752 0.741833 0.715040 0.715646 0.711252 
T_stage 1: 0.202288 0.139782 0.152093 0.146505 0.155357 0.144477 0.220189 0.150300 0.151120 0.180146 
Config: granularity=100000, SDR=10000, ADR=0, Rigid=1, Capture_Method=0
Stage 0: PT=0, T_stage=0.523500, bytes=0, T_capped=0
Stage 1: PT=6, T_stage=0.000000, bytes=33176880, T_capped=0
Group 1: Iters=10, Procs=896, Factors=1.000000, Dist=2, RM=0, SM=0, RS=0, SS=5, parents=3584, children=0
Async_Iters: 0
T_iter: 1.033032 0.975857 0.942393 0.940561 0.959804 0.975335 0.968123 0.941256 0.922004 0.912792 
T_stage 0: 0.796617 0.815805 0.795432 0.802039 0.806044 0.813152 0.788564 0.797201 0.782241 0.788757 
T_stage 1: 0.229219 0.159078 0.148807 0.138981 0.149320 0.163150 0.178023 0.142447 0.140181 0.124721 
Config: granularity=100000, SDR=10000, ADR=0, Rigid=1, Capture_Method=0
Stage 0: PT=0, T_stage=0.523500, bytes=0, T_capped=0
Stage 1: PT=6, T_stage=0.000000, bytes=33176880, T_capped=0
Group 1: Iters=10, Procs=896, Factors=1.000000, Dist=2, RM=0, SM=0, RS=0, SS=5, parents=3584, children=0
Async_Iters: 0
T_iter: 1.110944 1.021386 0.983951 0.959597 1.016353 1.006321 0.967154 0.956685 0.946975 0.961589 
T_stage 0: 0.858730 0.859388 0.801690 0.811681 0.816913 0.801967 0.792358 0.817562 0.798692 0.801280 
T_stage 1: 0.244481 0.164322 0.181260 0.149057 0.198655 0.206741 0.169218 0.141285 0.148585 0.160227 
Config: granularity=100000, SDR=10000, ADR=0, Rigid=1, Capture_Method=0
Stage 0: PT=0, T_stage=0.523500, bytes=0, T_capped=0
Stage 1: PT=6, T_stage=0.000000, bytes=33176880, T_capped=0
Group 1: Iters=10, Procs=896, Factors=1.000000, Dist=2, RM=0, SM=0, RS=0, SS=5, parents=3584, children=0
Async_Iters: 0
T_iter: 0.988480 0.966920 0.906542 0.918279 0.914753 0.938169 0.944989 0.905319 0.949665 0.955835 
T_stage 0: 0.771425 0.792883 0.770163 0.772037 0.781736 0.766139 0.779292 0.764509 0.773320 0.776942 
T_stage 1: 0.215153 0.170663 0.136060 0.144963 0.133293 0.167514 0.164632 0.141182 0.180136 0.179020 
Config: granularity=100000, SDR=10000, ADR=0, Rigid=1, Capture_Method=0
Stage 0: PT=0, T_stage=0.523500, bytes=0, T_capped=0
Stage 1: PT=6, T_stage=0.000000, bytes=33176880, T_capped=0
Group 1: Iters=10, Procs=896, Factors=1.000000, Dist=2, RM=0, SM=0, RS=0, SS=5, parents=3584, children=0
Async_Iters: 0
T_iter: 1.042594 0.982584 0.971531 0.979626 1.039668 0.957017 0.952093 0.939859 0.925083 0.936789 
T_stage 0: 0.831758 0.836333 0.827548 0.837874 0.835315 0.826548 0.806275 0.806919 0.798759 0.805047 
T_stage 1: 0.204514 0.148757 0.144251 0.141470 0.215246 0.134695 0.146225 0.132627 0.126433 0.135579 
Config: granularity=100000, SDR=10000, ADR=0, Rigid=1, Capture_Method=0
Stage 0: PT=0, T_stage=0.523500, bytes=0, T_capped=0
Stage 1: PT=6, T_stage=0.000000, bytes=33176880, T_capped=0
Group 1: Iters=10, Procs=896, Factors=1.000000, Dist=2, RM=0, SM=0, RS=0, SS=5, parents=3584, children=0
Async_Iters: 0
T_iter: 1.006875 0.947312 0.948668 0.893297 0.937658 1.013325 0.874258 0.884769 0.850565 0.844402 
T_stage 0: 0.754433 0.739985 0.725774 0.722678 0.750357 0.751154 0.719076 0.730701 0.715816 0.704124 
T_stage 1: 0.246872 0.212689 0.219474 0.175663 0.189672 0.262512 0.155112 0.152861 0.134812 0.138919 
Config: granularity=100000, SDR=10000, ADR=0, Rigid=1, Capture_Method=0
Stage 0: PT=0, T_stage=0.523500, bytes=0, T_capped=0
Stage 1: PT=6, T_stage=0.000000, bytes=33176880, T_capped=0
Group 1: Iters=10, Procs=896, Factors=1.000000, Dist=2, RM=0, SM=0, RS=0, SS=5, parents=3584, children=0
Async_Iters: 0
T_iter: 0.959534 0.903705 0.882179 0.916020 0.911952 0.888816 0.898017 0.894016 0.899360 0.892049 
T_stage 0: 0.754558 0.766799 0.751767 0.741915 0.758811 0.751085 0.746697 0.741244 0.739775 0.745161 
T_stage 1: 0.204893 0.138637 0.134407 0.169140 0.155805 0.142690 0.150831 0.149098 0.159036 0.146067 
Config: granularity=100000, SDR=10000, ADR=0, Rigid=1, Capture_Method=0
Stage 0: PT=0, T_stage=0.523500, bytes=0, T_capped=0
Stage 1: PT=6, T_stage=0.000000, bytes=33176880, T_capped=0
Group 1: Iters=10, Procs=896, Factors=1.000000, Dist=2, RM=0, SM=0, RS=0, SS=5, parents=3584, children=0
Async_Iters: 0
T_iter: 0.986978 0.912925 0.893523 0.872852 0.902978 0.889853 0.875874 0.954509 0.844478 0.863029 
T_stage 0: 0.741650 0.753656 0.723937 0.727698 0.741546 0.731250 0.725300 0.732281 0.717312 0.736072 
T_stage 1: 0.239891 0.160475 0.172205 0.145176 0.161735 0.158320 0.151025 0.226390 0.127422 0.128586 
Config: granularity=100000, SDR=10000, ADR=0, Rigid=1, Capture_Method=0
Stage 0: PT=0, T_stage=0.523500, bytes=0, T_capped=0
Stage 1: PT=6, T_stage=0.000000, bytes=33176880, T_capped=0
Group 1: Iters=10, Procs=896, Factors=1.000000, Dist=2, RM=0, SM=0, RS=0, SS=5, parents=3584, children=0
Async_Iters: 0
T_iter: 0.958564 0.926426 0.931838 0.906218 0.975697 0.910016 0.894240 0.890476 0.928632 0.914929 
T_stage 0: 0.772358 0.769191 0.767647 0.770264 0.770181 0.769579 0.745117 0.759453 0.759461 0.755967 
T_stage 1: 0.183757 0.154184 0.159437 0.132626 0.206244 0.140047 0.149274 0.132363 0.169406 0.159575 
Config: granularity=100000, SDR=10000, ADR=0, Rigid=1, Capture_Method=0
Stage 0: PT=0, T_stage=0.523500, bytes=0, T_capped=0
Stage 1: PT=6, T_stage=0.000000, bytes=33176880, T_capped=0
Group 1: Iters=10, Procs=896, Factors=1.000000, Dist=2, RM=0, SM=0, RS=0, SS=5, parents=3584, children=0
Async_Iters: 0
T_iter: 1.020579 0.985633 0.963442 0.949313 0.954518 0.992663 0.956503 0.951949 0.960525 0.948117 
T_stage 0: 0.810414 0.814712 0.808808 0.804933 0.809174 0.820522 0.801382 0.802917 0.795333 0.796294 
T_stage 1: 0.204287 0.174896 0.151937 0.145060 0.147628 0.175438 0.156562 0.148941 0.165546 0.151862 
Config: granularity=100000, SDR=10000, ADR=0, Rigid=1, Capture_Method=0
Stage 0: PT=0, T_stage=0.523500, bytes=0, T_capped=0
Stage 1: PT=6, T_stage=0.000000, bytes=33176880, T_capped=0
Group 1: Iters=10, Procs=896, Factors=1.000000, Dist=2, RM=0, SM=0, RS=0, SS=5, parents=3584, children=0
Async_Iters: 0
T_iter: 0.924209 0.905304 0.902465 0.915312 0.873214 0.921709 0.880818 0.851030 0.858639 0.854848 
T_stage 0: 0.737912 0.733824 0.738902 0.729813 0.735013 0.743917 0.729738 0.729598 0.728379 0.727928 
T_stage 1: 0.186301 0.170971 0.166858 0.184496 0.138487 0.183020 0.151377 0.128190 0.129819 0.125399 
Config: granularity=100000, SDR=10000, ADR=0, Rigid=1, Capture_Method=0
Stage 0: PT=0, T_stage=0.523500, bytes=0, T_capped=0
Stage 1: PT=6, T_stage=0.000000, bytes=33176880, T_capped=0
Group 1: Iters=10, Procs=896, Factors=1.000000, Dist=2, RM=0, SM=0, RS=0, SS=5, parents=3584, children=0
Async_Iters: 0
T_iter: 1.037549 1.020062 0.957461 0.922068 0.951668 0.964761 0.887544 0.908336 0.898653 0.885881 
T_stage 0: 0.830000 0.825793 0.826517 0.791104 0.810194 0.778903 0.750537 0.769913 0.747258 0.764526 
T_stage 1: 0.202229 0.194640 0.133147 0.130096 0.141842 0.186374 0.137244 0.139642 0.151427 0.121328 
Config: granularity=100000, SDR=10000, ADR=0, Rigid=1, Capture_Method=0
Stage 0: PT=0, T_stage=0.523500, bytes=0, T_capped=0
Stage 1: PT=6, T_stage=0.000000, bytes=33176880, T_capped=0
Group 1: Iters=10, Procs=896, Factors=1.000000, Dist=2, RM=0, SM=0, RS=0, SS=5, parents=3584, children=0
Async_Iters: 0
T_iter: 0.881748 0.884206 0.863190 0.868439 0.841708 0.829408 0.917390 0.877001 0.837462 0.862010 
T_stage 0: 0.719040 0.709297 0.693769 0.715026 0.689241 0.700263 0.688920 0.689304 0.681430 0.694740 
T_stage 1: 0.162546 0.178636 0.171091 0.154286 0.152162 0.132909 0.224619 0.190447 0.154309 0.165460 
Config: granularity=100000, SDR=10000, ADR=0, Rigid=1, Capture_Method=0
Stage 0: PT=0, T_stage=0.523500, bytes=0, T_capped=0
Stage 1: PT=6, T_stage=0.000000, bytes=33176880, T_capped=0
Group 1: Iters=10, Procs=896, Factors=1.000000, Dist=2, RM=0, SM=0, RS=0, SS=5, parents=3584, children=0
Async_Iters: 0
T_iter: 0.957108 0.971976 0.912588 1.049354 1.008851 0.955779 0.951498 0.964248 0.955757 0.994388 
T_stage 0: 0.778332 0.789711 0.791316 0.846234 0.840771 0.821133 0.825100 0.825013 0.811356 0.808711 
T_stage 1: 0.173334 0.188526 0.121428 0.204121 0.168823 0.139499 0.127218 0.140816 0.144708 0.187507 
Config: granularity=100000, SDR=10000, ADR=0, Rigid=1, Capture_Method=0
Stage 0: PT=0, T_stage=0.523500, bytes=0, T_capped=0
Stage 1: PT=6, T_stage=0.000000, bytes=33176880, T_capped=0
Group 1: Iters=10, Procs=896, Factors=1.000000, Dist=2, RM=0, SM=0, RS=0, SS=5, parents=3584, children=0
Async_Iters: 0
T_iter: 0.966065 0.939782 0.901820 0.921390 0.956418 0.903655 0.989093 0.909809 0.881681 0.887903 
T_stage 0: 0.782674 0.777543 0.776121 0.770490 0.762871 0.766861 0.771564 0.768309 0.766008 0.762241 
T_stage 1: 0.178207 0.157629 0.127285 0.152593 0.198107 0.137377 0.221673 0.145182 0.118450 0.125141 
Config: granularity=100000, SDR=10000, ADR=0, Rigid=1, Capture_Method=0
Stage 0: PT=0, T_stage=0.523500, bytes=0, T_capped=0
Stage 1: PT=6, T_stage=0.000000, bytes=33176880, T_capped=0
Group 1: Iters=10, Procs=896, Factors=1.000000, Dist=2, RM=0, SM=0, RS=0, SS=5, parents=3584, children=0
Async_Iters: 0
T_iter: 0.896993 0.938447 0.856442 0.900305 0.888141 0.861594 0.912224 0.839013 0.852485 0.842944 
T_stage 0: 0.719743 0.739414 0.724073 0.723956 0.733579 0.733345 0.723875 0.716431 0.720451 0.722047 
T_stage 1: 0.172723 0.203406 0.132676 0.176480 0.154194 0.130024 0.188242 0.122780 0.131261 0.121248 
