Config loaded: R=1, S=2, granularity=100000, SDR=10000, ADR=0, Rigid=1, Capture_Method=0
Stage 0: PT=0, T_stage=0.523500, bytes=0, T_capped=0
Stage 1: PT=6, T_stage=0.000000, bytes=33176880, T_capped=0
Group 0: Iters=5, Procs=3584, Factors=1.000000, Dist=2, RM=0, SM=0, RS=0, SS=0
Group 1: Iters=10, Procs=896, Factors=1.000000, Dist=2, RM=0, SM=0, RS=0, SS=5
T_spawn: 15.104191 
T_SR: 1.076780 
T_AR: 0.000000 
T_US: 0.132866 
T_Malleability: 16.424892 
T_total: 32.353707
Config loaded: R=1, S=2, granularity=100000, SDR=10000, ADR=0, Rigid=1, Capture_Method=0
Stage 0: PT=0, T_stage=0.523500, bytes=0, T_capped=0
Stage 1: PT=6, T_stage=0.000000, bytes=33176880, T_capped=0
Group 0: Iters=5, Procs=3584, Factors=1.000000, Dist=2, RM=0, SM=0, RS=0, SS=0
Group 1: Iters=10, Procs=896, Factors=1.000000, Dist=2, RM=0, SM=0, RS=0, SS=5
T_spawn: 12.851088 
T_SR: 0.039092 
T_AR: 0.000000 
T_US: 0.069135 
T_Malleability: 13.088809 
T_total: 28.738701
Config loaded: R=1, S=2, granularity=100000, SDR=10000, ADR=0, Rigid=1, Capture_Method=0
Stage 0: PT=0, T_stage=0.523500, bytes=0, T_capped=0
Stage 1: PT=6, T_stage=0.000000, bytes=33176880, T_capped=0
Group 0: Iters=5, Procs=3584, Factors=1.000000, Dist=2, RM=0, SM=0, RS=0, SS=0
Group 1: Iters=10, Procs=896, Factors=1.000000, Dist=2, RM=0, SM=0, RS=0, SS=5
T_spawn: 13.590184 
T_SR: 0.034246 
T_AR: 0.000000 
T_US: 0.057777 
T_Malleability: 13.792322 
T_total: 29.935702
Config loaded: R=1, S=2, granularity=100000, SDR=10000, ADR=0, Rigid=1, Capture_Method=0
Stage 0: PT=0, T_stage=0.523500, bytes=0, T_capped=0
Stage 1: PT=6, T_stage=0.000000, bytes=33176880, T_capped=0
Group 0: Iters=5, Procs=3584, Factors=1.000000, Dist=2, RM=0, SM=0, RS=0, SS=0
Group 1: Iters=10, Procs=896, Factors=1.000000, Dist=2, RM=0, SM=0, RS=0, SS=5
T_spawn: 14.460981 
T_SR: 0.041088 
T_AR: 0.000000 
T_US: 0.093270 
T_Malleability: 14.750657 
T_total: 32.249947
Config loaded: R=1, S=2, granularity=100000, SDR=10000, ADR=0, Rigid=1, Capture_Method=0
Stage 0: PT=0, T_stage=0.523500, bytes=0, T_capped=0
Stage 1: PT=6, T_stage=0.000000, bytes=33176880, T_capped=0
Group 0: Iters=5, Procs=3584, Factors=1.000000, Dist=2, RM=0, SM=0, RS=0, SS=0
Group 1: Iters=10, Procs=896, Factors=1.000000, Dist=2, RM=0, SM=0, RS=0, SS=5
T_spawn: 12.983178 
T_SR: 0.045802 
T_AR: 0.000000 
T_US: 0.069234 
T_Malleability: 13.258710 
T_total: 28.651507
Config loaded: R=1, S=2, granularity=100000, SDR=10000, ADR=0, Rigid=1, Capture_Method=0
Stage 0: PT=0, T_stage=0.523500, bytes=0, T_capped=0
Stage 1: PT=6, T_stage=0.000000, bytes=33176880, T_capped=0
Group 0: Iters=5, Procs=3584, Factors=1.000000, Dist=2, RM=0, SM=0, RS=0, SS=0
Group 1: Iters=10, Procs=896, Factors=1.000000, Dist=2, RM=0, SM=0, RS=0, SS=5
T_spawn: 14.260169 
T_SR: 0.047139 
T_AR: 0.000000 
T_US: 0.073212 
T_Malleability: 14.515127 
T_total: 32.850970
Config loaded: R=1, S=2, granularity=100000, SDR=10000, ADR=0, Rigid=1, Capture_Method=0
Stage 0: PT=0, T_stage=0.523500, bytes=0, T_capped=0
Stage 1: PT=6, T_stage=0.000000, bytes=33176880, T_capped=0
Group 0: Iters=5, Procs=3584, Factors=1.000000, Dist=2, RM=0, SM=0, RS=0, SS=0
Group 1: Iters=10, Procs=896, Factors=1.000000, Dist=2, RM=0, SM=0, RS=0, SS=5
T_spawn: 12.968965 
T_SR: 0.039840 
T_AR: 0.000000 
T_US: 0.081573 
T_Malleability: 13.230987 
T_total: 29.998390
Config loaded: R=1, S=2, granularity=100000, SDR=10000, ADR=0, Rigid=1, Capture_Method=0
Stage 0: PT=0, T_stage=0.523500, bytes=0, T_capped=0
Stage 1: PT=6, T_stage=0.000000, bytes=33176880, T_capped=0
Group 0: Iters=5, Procs=3584, Factors=1.000000, Dist=2, RM=0, SM=0, RS=0, SS=0
Group 1: Iters=10, Procs=896, Factors=1.000000, Dist=2, RM=0, SM=0, RS=0, SS=5
T_spawn: 13.308057 
T_SR: 0.056877 
T_AR: 0.000000 
T_US: 0.084021 
T_Malleability: 13.571858 
T_total: 29.873094
Config loaded: R=1, S=2, granularity=100000, SDR=10000, ADR=0, Rigid=1, Capture_Method=0
Stage 0: PT=0, T_stage=0.523500, bytes=0, T_capped=0
Stage 1: PT=6, T_stage=0.000000, bytes=33176880, T_capped=0
Group 0: Iters=5, Procs=3584, Factors=1.000000, Dist=2, RM=0, SM=0, RS=0, SS=0
Group 1: Iters=10, Procs=896, Factors=1.000000, Dist=2, RM=0, SM=0, RS=0, SS=5
T_spawn: 13.809887 
T_SR: 0.047874 
T_AR: 0.000000 
T_US: 0.088983 
T_Malleability: 14.113940 
T_total: 30.797723
Config loaded: R=1, S=2, granularity=100000, SDR=10000, ADR=0, Rigid=1, Capture_Method=0
Stage 0: PT=0, T_stage=0.523500, bytes=0, T_capped=0
Stage 1: PT=6, T_stage=0.000000, bytes=33176880, T_capped=0
Group 0: Iters=5, Procs=3584, Factors=1.000000, Dist=2, RM=0, SM=0, RS=0, SS=0
Group 1: Iters=10, Procs=896, Factors=1.000000, Dist=2, RM=0, SM=0, RS=0, SS=5
T_spawn: 12.961905 
T_SR: 0.049192 
T_AR: 0.000000 
T_US: 0.145691 
T_Malleability: 13.317836 
T_total: 29.102910
Config loaded: R=1, S=2, granularity=100000, SDR=10000, ADR=0, Rigid=1, Capture_Method=0
Stage 0: PT=0, T_stage=0.523500, bytes=0, T_capped=0
Stage 1: PT=6, T_stage=0.000000, bytes=33176880, T_capped=0
Group 0: Iters=5, Procs=3584, Factors=1.000000, Dist=2, RM=0, SM=0, RS=0, SS=0
Group 1: Iters=10, Procs=896, Factors=1.000000, Dist=2, RM=0, SM=0, RS=0, SS=5
T_spawn: 14.129465 
T_SR: 0.039593 
T_AR: 0.000000 
T_US: 0.067087 
T_Malleability: 14.425652 
T_total: 29.821926
Config loaded: R=1, S=2, granularity=100000, SDR=10000, ADR=0, Rigid=1, Capture_Method=0
Stage 0: PT=0, T_stage=0.523500, bytes=0, T_capped=0
Stage 1: PT=6, T_stage=0.000000, bytes=33176880, T_capped=0
Group 0: Iters=5, Procs=3584, Factors=1.000000, Dist=2, RM=0, SM=0, RS=0, SS=0
Group 1: Iters=10, Procs=896, Factors=1.000000, Dist=2, RM=0, SM=0, RS=0, SS=5
T_spawn: 13.116939 
T_SR: 0.031375 
T_AR: 0.000000 
T_US: 0.072042 
T_Malleability: 13.334849 
T_total: 28.711104
Config loaded: R=1, S=2, granularity=100000, SDR=10000, ADR=0, Rigid=1, Capture_Method=0
Stage 0: PT=0, T_stage=0.523500, bytes=0, T_capped=0
Stage 1: PT=6, T_stage=0.000000, bytes=33176880, T_capped=0
Group 0: Iters=5, Procs=3584, Factors=1.000000, Dist=2, RM=0, SM=0, RS=0, SS=0
Group 1: Iters=10, Procs=896, Factors=1.000000, Dist=2, RM=0, SM=0, RS=0, SS=5
T_spawn: 14.165280 
T_SR: 0.040076 
T_AR: 0.000000 
T_US: 0.057756 
T_Malleability: 14.421436 
T_total: 29.661054
Config loaded: R=1, S=2, granularity=100000, SDR=10000, ADR=0, Rigid=1, Capture_Method=0
Stage 0: PT=0, T_stage=0.523500, bytes=0, T_capped=0
Stage 1: PT=6, T_stage=0.000000, bytes=33176880, T_capped=0
Group 0: Iters=5, Procs=3584, Factors=1.000000, Dist=2, RM=0, SM=0, RS=0, SS=0
Group 1: Iters=10, Procs=896, Factors=1.000000, Dist=2, RM=0, SM=0, RS=0, SS=5
T_spawn: 13.323268 
T_SR: 0.040534 
T_AR: 0.000000 
T_US: 0.071566 
T_Malleability: 13.577548 
T_total: 29.776663
Config loaded: R=1, S=2, granularity=100000, SDR=10000, ADR=0, Rigid=1, Capture_Method=0
Stage 0: PT=0, T_stage=0.523500, bytes=0, T_capped=0
Stage 1: PT=6, T_stage=0.000000, bytes=33176880, T_capped=0
Group 0: Iters=5, Procs=3584, Factors=1.000000, Dist=2, RM=0, SM=0, RS=0, SS=0
Group 1: Iters=10, Procs=896, Factors=1.000000, Dist=2, RM=0, SM=0, RS=0, SS=5
T_spawn: 13.394049 
T_SR: 0.040915 
T_AR: 0.000000 
T_US: 0.183324 
T_Malleability: 13.780681 
T_total: 28.737855
Config loaded: R=1, S=2, granularity=100000, SDR=10000, ADR=0, Rigid=1, Capture_Method=0
Stage 0: PT=0, T_stage=0.523500, bytes=0, T_capped=0
Stage 1: PT=6, T_stage=0.000000, bytes=33176880, T_capped=0
Group 0: Iters=5, Procs=3584, Factors=1.000000, Dist=2, RM=0, SM=0, RS=0, SS=0
Group 1: Iters=10, Procs=896, Factors=1.000000, Dist=2, RM=0, SM=0, RS=0, SS=5
T_spawn: 13.206922 
T_SR: 0.044393 
T_AR: 0.000000 
T_US: 0.086745 
T_Malleability: 13.442056 
T_total: 30.845853
Config loaded: R=1, S=2, granularity=100000, SDR=10000, ADR=0, Rigid=1, Capture_Method=0
Stage 0: PT=0, T_stage=0.523500, bytes=0, T_capped=0
Stage 1: PT=6, T_stage=0.000000, bytes=33176880, T_capped=0
Group 0: Iters=5, Procs=3584, Factors=1.000000, Dist=2, RM=0, SM=0, RS=0, SS=0
Group 1: Iters=10, Procs=896, Factors=1.000000, Dist=2, RM=0, SM=0, RS=0, SS=5
T_spawn: 13.035669 
T_SR: 0.040384 
T_AR: 0.000000 
T_US: 0.053632 
T_Malleability: 13.263671 
T_total: 28.143314
Config loaded: R=1, S=2, granularity=100000, SDR=10000, ADR=0, Rigid=1, Capture_Method=0
Stage 0: PT=0, T_stage=0.523500, bytes=0, T_capped=0
Stage 1: PT=6, T_stage=0.000000, bytes=33176880, T_capped=0
Group 0: Iters=5, Procs=3584, Factors=1.000000, Dist=2, RM=0, SM=0, RS=0, SS=0
Group 1: Iters=10, Procs=896, Factors=1.000000, Dist=2, RM=0, SM=0, RS=0, SS=5
T_spawn: 14.881509 
T_SR: 0.035588 
T_AR: 0.000000 
T_US: 0.058856 
T_Malleability: 15.129661 
T_total: 31.744316
Config loaded: R=1, S=2, granularity=100000, SDR=10000, ADR=0, Rigid=1, Capture_Method=0
Stage 0: PT=0, T_stage=0.523500, bytes=0, T_capped=0
Stage 1: PT=6, T_stage=0.000000, bytes=33176880, T_capped=0
Group 0: Iters=5, Procs=3584, Factors=1.000000, Dist=2, RM=0, SM=0, RS=0, SS=0
Group 1: Iters=10, Procs=896, Factors=1.000000, Dist=2, RM=0, SM=0, RS=0, SS=5
T_spawn: 14.218238 
T_SR: 0.040451 
T_AR: 0.000000 
T_US: 0.052667 
T_Malleability: 14.457175 
T_total: 30.048888
Config loaded: R=1, S=2, granularity=100000, SDR=10000, ADR=0, Rigid=1, Capture_Method=0
Stage 0: PT=0, T_stage=0.523500, bytes=0, T_capped=0
Stage 1: PT=6, T_stage=0.000000, bytes=33176880, T_capped=0
Group 0: Iters=5, Procs=3584, Factors=1.000000, Dist=2, RM=0, SM=0, RS=0, SS=0
Group 1: Iters=10, Procs=896, Factors=1.000000, Dist=2, RM=0, SM=0, RS=0, SS=5
T_spawn: 13.658094 
T_SR: 0.045582 
T_AR: 0.000000 
T_US: 0.075828 
T_Malleability: 13.907031 
T_total: 28.888783
