Config: granularity=100000, SDR=10000, ADR=0, Rigid=1, Capture_Method=0
Stage 0: PT=0, T_stage=0.523500, bytes=0, T_capped=0
Stage 1: PT=6, T_stage=0.000000, bytes=33176880, T_capped=0
Group 0: Iters=5, Procs=224, Factors=1.000000, Dist=2, RM=0, SM=0, RS=0, SS=0, parents=0, children=1792
Async_Iters: 0
T_iter: 0.915044 0.878927 0.894410 0.917227 0.882696 
T_stage 0: 0.765114 0.783924 0.785009 0.791317 0.780867 
T_stage 1: 0.149885 0.095222 0.109915 0.126698 0.101890 
Config: granularity=100000, SDR=10000, ADR=0, Rigid=1, Capture_Method=0
Stage 0: PT=0, T_stage=0.523500, bytes=0, T_capped=0
Stage 1: PT=6, T_stage=0.000000, bytes=33176880, T_capped=0
Group 0: Iters=5, Procs=224, Factors=1.000000, Dist=2, RM=0, SM=0, RS=0, SS=0, parents=0, children=1792
Async_Iters: 0
T_iter: 0.839287 0.826424 0.859535 0.889761 0.837592 
T_stage 0: 0.712355 0.738507 0.738431 0.740818 0.736348 
T_stage 1: 0.126892 0.088244 0.121665 0.148968 0.101308 
Config: granularity=100000, SDR=10000, ADR=0, Rigid=1, Capture_Method=0
Stage 0: PT=0, T_stage=0.523500, bytes=0, T_capped=0
Stage 1: PT=6, T_stage=0.000000, bytes=33176880, T_capped=0
Group 0: Iters=5, Procs=224, Factors=1.000000, Dist=2, RM=0, SM=0, RS=0, SS=0, parents=0, children=1792
Async_Iters: 0
T_iter: 0.899632 0.919458 0.915009 0.959665 0.866131 
T_stage 0: 0.760871 0.806937 0.810778 0.807818 0.775218 
T_stage 1: 0.139365 0.112472 0.108029 0.147375 0.090951 
Config: granularity=100000, SDR=10000, ADR=0, Rigid=1, Capture_Method=0
Stage 0: PT=0, T_stage=0.523500, bytes=0, T_capped=0
Stage 1: PT=6, T_stage=0.000000, bytes=33176880, T_capped=0
Group 0: Iters=5, Procs=224, Factors=1.000000, Dist=2, RM=0, SM=0, RS=0, SS=0, parents=0, children=1792
Async_Iters: 0
T_iter: 0.874000 0.835986 0.898211 0.861282 0.833493 
T_stage 0: 0.719464 0.735086 0.738392 0.729126 0.728149 
T_stage 1: 0.154534 0.101209 0.161538 0.132194 0.105328 
Config: granularity=100000, SDR=10000, ADR=0, Rigid=1, Capture_Method=0
Stage 0: PT=0, T_stage=0.523500, bytes=0, T_capped=0
Stage 1: PT=6, T_stage=0.000000, bytes=33176880, T_capped=0
Group 0: Iters=5, Procs=224, Factors=1.000000, Dist=2, RM=0, SM=0, RS=0, SS=0, parents=0, children=1792
Async_Iters: 0
T_iter: 0.821328 0.812655 0.848374 0.833134 0.817382 
T_stage 0: 0.702219 0.715495 0.715973 0.712497 0.717064 
T_stage 1: 0.119640 0.097527 0.133076 0.120688 0.100398 
Config: granularity=100000, SDR=10000, ADR=0, Rigid=1, Capture_Method=0
Stage 0: PT=0, T_stage=0.523500, bytes=0, T_capped=0
Stage 1: PT=6, T_stage=0.000000, bytes=33176880, T_capped=0
Group 0: Iters=5, Procs=224, Factors=1.000000, Dist=2, RM=0, SM=0, RS=0, SS=0, parents=0, children=1792
Async_Iters: 0
T_iter: 0.839199 0.863184 0.912630 0.903622 0.874356 
T_stage 0: 0.723239 0.765808 0.768383 0.761380 0.762267 
T_stage 1: 0.116052 0.097657 0.146198 0.142607 0.112176 
Config: granularity=100000, SDR=10000, ADR=0, Rigid=1, Capture_Method=0
Stage 0: PT=0, T_stage=0.523500, bytes=0, T_capped=0
Stage 1: PT=6, T_stage=0.000000, bytes=33176880, T_capped=0
Group 0: Iters=5, Procs=224, Factors=1.000000, Dist=2, RM=0, SM=0, RS=0, SS=0, parents=0, children=1792
Async_Iters: 0
T_iter: 0.864016 0.853261 0.903617 0.848453 0.830257 
T_stage 0: 0.745155 0.764377 0.772229 0.762375 0.764825 
T_stage 1: 0.119301 0.089186 0.137205 0.086181 0.065526 
Config: granularity=100000, SDR=10000, ADR=0, Rigid=1, Capture_Method=0
Stage 0: PT=0, T_stage=0.523500, bytes=0, T_capped=0
Stage 1: PT=6, T_stage=0.000000, bytes=33176880, T_capped=0
Group 0: Iters=5, Procs=224, Factors=1.000000, Dist=2, RM=0, SM=0, RS=0, SS=0, parents=0, children=1792
Async_Iters: 0
T_iter: 0.901083 0.910470 0.940745 0.908702 0.889906 
T_stage 0: 0.761834 0.790978 0.790890 0.793970 0.787353 
T_stage 1: 0.139477 0.119936 0.150648 0.121694 0.102819 
Config: granularity=100000, SDR=10000, ADR=0, Rigid=1, Capture_Method=0
Stage 0: PT=0, T_stage=0.523500, bytes=0, T_capped=0
Stage 1: PT=6, T_stage=0.000000, bytes=33176880, T_capped=0
Group 0: Iters=5, Procs=224, Factors=1.000000, Dist=2, RM=0, SM=0, RS=0, SS=0, parents=0, children=1792
Async_Iters: 0
T_iter: 0.850016 0.813362 0.884365 0.814576 0.814051 
T_stage 0: 0.712808 0.726838 0.725904 0.726743 0.723205 
T_stage 1: 0.137469 0.086880 0.158691 0.087755 0.090972 
Config: granularity=100000, SDR=10000, ADR=0, Rigid=1, Capture_Method=0
Stage 0: PT=0, T_stage=0.523500, bytes=0, T_capped=0
Stage 1: PT=6, T_stage=0.000000, bytes=33176880, T_capped=0
Group 0: Iters=5, Procs=224, Factors=1.000000, Dist=2, RM=0, SM=0, RS=0, SS=0, parents=0, children=1792
Async_Iters: 0
T_iter: 0.857729 0.825613 0.871738 0.845807 0.814290 
T_stage 0: 0.731332 0.722090 0.726236 0.721192 0.721421 
T_stage 1: 0.126361 0.103701 0.145006 0.124671 0.093094 
Config: granularity=100000, SDR=10000, ADR=0, Rigid=1, Capture_Method=0
Stage 0: PT=0, T_stage=0.523500, bytes=0, T_capped=0
Stage 1: PT=6, T_stage=0.000000, bytes=33176880, T_capped=0
Group 0: Iters=5, Procs=224, Factors=1.000000, Dist=2, RM=0, SM=0, RS=0, SS=0, parents=0, children=1792
Async_Iters: 0
T_iter: 0.790092 0.776311 0.816707 0.805601 0.833038 
T_stage 0: 0.658456 0.678601 0.723069 0.719873 0.723538 
T_stage 1: 0.132023 0.098210 0.095111 0.085828 0.109658 
Config: granularity=100000, SDR=10000, ADR=0, Rigid=1, Capture_Method=0
Stage 0: PT=0, T_stage=0.523500, bytes=0, T_capped=0
Stage 1: PT=6, T_stage=0.000000, bytes=33176880, T_capped=0
Group 0: Iters=5, Procs=224, Factors=1.000000, Dist=2, RM=0, SM=0, RS=0, SS=0, parents=0, children=1792
Async_Iters: 0
T_iter: 0.780303 0.795631 0.770638 0.797577 0.795644 
T_stage 0: 0.650479 0.685470 0.676834 0.682742 0.681714 
T_stage 1: 0.130017 0.116198 0.094009 0.114862 0.112201 
Config: granularity=100000, SDR=10000, ADR=0, Rigid=1, Capture_Method=0
Stage 0: PT=0, T_stage=0.523500, bytes=0, T_capped=0
Stage 1: PT=6, T_stage=0.000000, bytes=33176880, T_capped=0
Group 0: Iters=5, Procs=224, Factors=1.000000, Dist=2, RM=0, SM=0, RS=0, SS=0, parents=0, children=1792
Async_Iters: 0
T_iter: 0.798736 0.809385 0.795970 0.760843 0.764969 
T_stage 0: 0.671386 0.705710 0.683344 0.678688 0.682081 
T_stage 1: 0.127558 0.104025 0.112952 0.082257 0.084634 
Config: granularity=100000, SDR=10000, ADR=0, Rigid=1, Capture_Method=0
Stage 0: PT=0, T_stage=0.523500, bytes=0, T_capped=0
Stage 1: PT=6, T_stage=0.000000, bytes=33176880, T_capped=0
Group 0: Iters=5, Procs=224, Factors=1.000000, Dist=2, RM=0, SM=0, RS=0, SS=0, parents=0, children=1792
Async_Iters: 0
T_iter: 0.882083 0.841739 0.898299 0.916840 0.853202 
T_stage 0: 0.745519 0.762802 0.776636 0.761761 0.761609 
T_stage 1: 0.136950 0.079294 0.129450 0.151962 0.091600 
Config: granularity=100000, SDR=10000, ADR=0, Rigid=1, Capture_Method=0
Stage 0: PT=0, T_stage=0.523500, bytes=0, T_capped=0
Stage 1: PT=6, T_stage=0.000000, bytes=33176880, T_capped=0
Group 0: Iters=5, Procs=224, Factors=1.000000, Dist=2, RM=0, SM=0, RS=0, SS=0, parents=0, children=1792
Async_Iters: 0
T_iter: 0.887748 0.880852 0.902054 0.895100 0.862513 
T_stage 0: 0.758541 0.777335 0.779566 0.772396 0.769291 
T_stage 1: 0.129494 0.103680 0.127037 0.119482 0.093217 
Config: granularity=100000, SDR=10000, ADR=0, Rigid=1, Capture_Method=0
Stage 0: PT=0, T_stage=0.523500, bytes=0, T_capped=0
Stage 1: PT=6, T_stage=0.000000, bytes=33176880, T_capped=0
Group 0: Iters=5, Procs=224, Factors=1.000000, Dist=2, RM=0, SM=0, RS=0, SS=0, parents=0, children=1792
Async_Iters: 0
T_iter: 0.794640 0.819834 0.821468 0.831318 0.833204 
T_stage 0: 0.668668 0.728643 0.720972 0.725140 0.717623 
T_stage 1: 0.126136 0.091474 0.099897 0.106424 0.115922 
Config: granularity=100000, SDR=10000, ADR=0, Rigid=1, Capture_Method=0
Stage 0: PT=0, T_stage=0.523500, bytes=0, T_capped=0
Stage 1: PT=6, T_stage=0.000000, bytes=33176880, T_capped=0
Group 0: Iters=5, Procs=224, Factors=1.000000, Dist=2, RM=0, SM=0, RS=0, SS=0, parents=0, children=1792
Async_Iters: 0
T_iter: 0.815160 0.803978 0.844520 0.869340 0.808453 
T_stage 0: 0.692112 0.708599 0.708367 0.706572 0.707864 
T_stage 1: 0.123049 0.095821 0.136539 0.162756 0.100659 
Config: granularity=100000, SDR=10000, ADR=0, Rigid=1, Capture_Method=0
Stage 0: PT=0, T_stage=0.523500, bytes=0, T_capped=0
Stage 1: PT=6, T_stage=0.000000, bytes=33176880, T_capped=0
Group 0: Iters=5, Procs=224, Factors=1.000000, Dist=2, RM=0, SM=0, RS=0, SS=0, parents=0, children=1792
Async_Iters: 0
T_iter: 0.905189 0.810536 0.811137 0.837699 0.835620 
T_stage 0: 0.776915 0.726323 0.733535 0.752076 0.752058 
T_stage 1: 0.128293 0.084428 0.078040 0.085747 0.083843 
Config: granularity=100000, SDR=10000, ADR=0, Rigid=1, Capture_Method=0
Stage 0: PT=0, T_stage=0.523500, bytes=0, T_capped=0
Stage 1: PT=6, T_stage=0.000000, bytes=33176880, T_capped=0
Group 0: Iters=5, Procs=224, Factors=1.000000, Dist=2, RM=0, SM=0, RS=0, SS=0, parents=0, children=1792
Async_Iters: 0
T_iter: 0.836713 0.831688 0.868244 0.831449 0.829549 
T_stage 0: 0.708778 0.730818 0.739084 0.733773 0.732010 
T_stage 1: 0.128278 0.101154 0.126650 0.097781 0.097841 
Config: granularity=100000, SDR=10000, ADR=0, Rigid=1, Capture_Method=0
Stage 0: PT=0, T_stage=0.523500, bytes=0, T_capped=0
Stage 1: PT=6, T_stage=0.000000, bytes=33176880, T_capped=0
Group 0: Iters=5, Procs=224, Factors=1.000000, Dist=2, RM=0, SM=0, RS=0, SS=0, parents=0, children=1792
Async_Iters: 0
T_iter: 0.867919 0.847887 0.918554 0.862088 0.842305 
T_stage 0: 0.727950 0.774428 0.779871 0.771156 0.771142 
T_stage 1: 0.140272 0.073843 0.132994 0.090904 0.071421 
