Config loaded: R=1, S=2, granularity=100000, SDR=10000, ADR=0, Rigid=1, Capture_Method=0
Stage 0: PT=0, T_stage=0.523500, bytes=0, T_capped=0
Stage 1: PT=6, T_stage=0.000000, bytes=33176880, T_capped=0
Group 0: Iters=5, Procs=448, Factors=1.000000, Dist=2, RM=0, SM=0, RS=0, SS=0
Group 1: Iters=10, Procs=1792, Factors=1.000000, Dist=2, RM=0, SM=0, RS=0, SS=5
T_spawn: 18.383190 
T_SR: 0.036846 
T_AR: 0.000000 
T_US: 0.097893 
T_Malleability: 18.638839 
T_total: 32.096143
Config loaded: R=1, S=2, granularity=100000, SDR=10000, ADR=0, Rigid=1, Capture_Method=0
Stage 0: PT=0, T_stage=0.523500, bytes=0, T_capped=0
Stage 1: PT=6, T_stage=0.000000, bytes=33176880, T_capped=0
Group 0: Iters=5, Procs=448, Factors=1.000000, Dist=2, RM=0, SM=0, RS=0, SS=0
Group 1: Iters=10, Procs=1792, Factors=1.000000, Dist=2, RM=0, SM=0, RS=0, SS=5
T_spawn: 13.498048 
T_SR: 0.028747 
T_AR: 0.000000 
T_US: 0.073285 
T_Malleability: 13.697893 
T_total: 28.455304
Config loaded: R=1, S=2, granularity=100000, SDR=10000, ADR=0, Rigid=1, Capture_Method=0
Stage 0: PT=0, T_stage=0.523500, bytes=0, T_capped=0
Stage 1: PT=6, T_stage=0.000000, bytes=33176880, T_capped=0
Group 0: Iters=5, Procs=448, Factors=1.000000, Dist=2, RM=0, SM=0, RS=0, SS=0
Group 1: Iters=10, Procs=1792, Factors=1.000000, Dist=2, RM=0, SM=0, RS=0, SS=5
T_spawn: 13.072572 
T_SR: 0.034976 
T_AR: 0.000000 
T_US: 0.124879 
T_Malleability: 13.413514 
T_total: 28.159999
Config loaded: R=1, S=2, granularity=100000, SDR=10000, ADR=0, Rigid=1, Capture_Method=0
Stage 0: PT=0, T_stage=0.523500, bytes=0, T_capped=0
Stage 1: PT=6, T_stage=0.000000, bytes=33176880, T_capped=0
Group 0: Iters=5, Procs=448, Factors=1.000000, Dist=2, RM=0, SM=0, RS=0, SS=0
Group 1: Iters=10, Procs=1792, Factors=1.000000, Dist=2, RM=0, SM=0, RS=0, SS=5
T_spawn: 12.866598 
T_SR: 0.038091 
T_AR: 0.000000 
T_US: 0.058631 
T_Malleability: 13.102495 
T_total: 28.467756
Config loaded: R=1, S=2, granularity=100000, SDR=10000, ADR=0, Rigid=1, Capture_Method=0
Stage 0: PT=0, T_stage=0.523500, bytes=0, T_capped=0
Stage 1: PT=6, T_stage=0.000000, bytes=33176880, T_capped=0
Group 0: Iters=5, Procs=448, Factors=1.000000, Dist=2, RM=0, SM=0, RS=0, SS=0
Group 1: Iters=10, Procs=1792, Factors=1.000000, Dist=2, RM=0, SM=0, RS=0, SS=5
T_spawn: 12.912695 
T_SR: 0.036791 
T_AR: 0.000000 
T_US: 0.072470 
T_Malleability: 13.165354 
T_total: 27.208584
Config loaded: R=1, S=2, granularity=100000, SDR=10000, ADR=0, Rigid=1, Capture_Method=0
Stage 0: PT=0, T_stage=0.523500, bytes=0, T_capped=0
Stage 1: PT=6, T_stage=0.000000, bytes=33176880, T_capped=0
Group 0: Iters=5, Procs=448, Factors=1.000000, Dist=2, RM=0, SM=0, RS=0, SS=0
Group 1: Iters=10, Procs=1792, Factors=1.000000, Dist=2, RM=0, SM=0, RS=0, SS=5
T_spawn: 12.036814 
T_SR: 0.053898 
T_AR: 0.000000 
T_US: 0.054248 
T_Malleability: 12.259833 
T_total: 25.479769
Config loaded: R=1, S=2, granularity=100000, SDR=10000, ADR=0, Rigid=1, Capture_Method=0
Stage 0: PT=0, T_stage=0.523500, bytes=0, T_capped=0
Stage 1: PT=6, T_stage=0.000000, bytes=33176880, T_capped=0
Group 0: Iters=5, Procs=448, Factors=1.000000, Dist=2, RM=0, SM=0, RS=0, SS=0
Group 1: Iters=10, Procs=1792, Factors=1.000000, Dist=2, RM=0, SM=0, RS=0, SS=5
T_spawn: 13.822411 
T_SR: 0.030031 
T_AR: 0.000000 
T_US: 0.042148 
T_Malleability: 13.984256 
T_total: 29.082122
Config loaded: R=1, S=2, granularity=100000, SDR=10000, ADR=0, Rigid=1, Capture_Method=0
Stage 0: PT=0, T_stage=0.523500, bytes=0, T_capped=0
Stage 1: PT=6, T_stage=0.000000, bytes=33176880, T_capped=0
Group 0: Iters=5, Procs=448, Factors=1.000000, Dist=2, RM=0, SM=0, RS=0, SS=0
Group 1: Iters=10, Procs=1792, Factors=1.000000, Dist=2, RM=0, SM=0, RS=0, SS=5
T_spawn: 14.721779 
T_SR: 0.035039 
T_AR: 0.000000 
T_US: 0.045530 
T_Malleability: 14.914685 
T_total: 30.285351
Config loaded: R=1, S=2, granularity=100000, SDR=10000, ADR=0, Rigid=1, Capture_Method=0
Stage 0: PT=0, T_stage=0.523500, bytes=0, T_capped=0
Stage 1: PT=6, T_stage=0.000000, bytes=33176880, T_capped=0
Group 0: Iters=5, Procs=448, Factors=1.000000, Dist=2, RM=0, SM=0, RS=0, SS=0
Group 1: Iters=10, Procs=1792, Factors=1.000000, Dist=2, RM=0, SM=0, RS=0, SS=5
T_spawn: 12.671032 
T_SR: 0.037025 
T_AR: 0.000000 
T_US: 0.081259 
T_Malleability: 12.951229 
T_total: 27.225913
Config loaded: R=1, S=2, granularity=100000, SDR=10000, ADR=0, Rigid=1, Capture_Method=0
Stage 0: PT=0, T_stage=0.523500, bytes=0, T_capped=0
Stage 1: PT=6, T_stage=0.000000, bytes=33176880, T_capped=0
Group 0: Iters=5, Procs=448, Factors=1.000000, Dist=2, RM=0, SM=0, RS=0, SS=0
Group 1: Iters=10, Procs=1792, Factors=1.000000, Dist=2, RM=0, SM=0, RS=0, SS=5
T_spawn: 13.373551 
T_SR: 0.035515 
T_AR: 0.000000 
T_US: 0.055816 
T_Malleability: 13.565504 
T_total: 28.630058
Config loaded: R=1, S=2, granularity=100000, SDR=10000, ADR=0, Rigid=1, Capture_Method=0
Stage 0: PT=0, T_stage=0.523500, bytes=0, T_capped=0
Stage 1: PT=6, T_stage=0.000000, bytes=33176880, T_capped=0
Group 0: Iters=5, Procs=448, Factors=1.000000, Dist=2, RM=0, SM=0, RS=0, SS=0
Group 1: Iters=10, Procs=1792, Factors=1.000000, Dist=2, RM=0, SM=0, RS=0, SS=5
T_spawn: 13.059378 
T_SR: 0.035661 
T_AR: 0.000000 
T_US: 0.050190 
T_Malleability: 13.243094 
T_total: 28.089794
Config loaded: R=1, S=2, granularity=100000, SDR=10000, ADR=0, Rigid=1, Capture_Method=0
Stage 0: PT=0, T_stage=0.523500, bytes=0, T_capped=0
Stage 1: PT=6, T_stage=0.000000, bytes=33176880, T_capped=0
Group 0: Iters=5, Procs=448, Factors=1.000000, Dist=2, RM=0, SM=0, RS=0, SS=0
Group 1: Iters=10, Procs=1792, Factors=1.000000, Dist=2, RM=0, SM=0, RS=0, SS=5
T_spawn: 13.994969 
T_SR: 0.030612 
T_AR: 0.000000 
T_US: 0.089490 
T_Malleability: 14.204677 
T_total: 29.355815
Config loaded: R=1, S=2, granularity=100000, SDR=10000, ADR=0, Rigid=1, Capture_Method=0
Stage 0: PT=0, T_stage=0.523500, bytes=0, T_capped=0
Stage 1: PT=6, T_stage=0.000000, bytes=33176880, T_capped=0
Group 0: Iters=5, Procs=448, Factors=1.000000, Dist=2, RM=0, SM=0, RS=0, SS=0
Group 1: Iters=10, Procs=1792, Factors=1.000000, Dist=2, RM=0, SM=0, RS=0, SS=5
T_spawn: 13.315736 
T_SR: 0.037479 
T_AR: 0.000000 
T_US: 0.057095 
T_Malleability: 13.551733 
T_total: 27.510537
Config loaded: R=1, S=2, granularity=100000, SDR=10000, ADR=0, Rigid=1, Capture_Method=0
Stage 0: PT=0, T_stage=0.523500, bytes=0, T_capped=0
Stage 1: PT=6, T_stage=0.000000, bytes=33176880, T_capped=0
Group 0: Iters=5, Procs=448, Factors=1.000000, Dist=2, RM=0, SM=0, RS=0, SS=0
Group 1: Iters=10, Procs=1792, Factors=1.000000, Dist=2, RM=0, SM=0, RS=0, SS=5
T_spawn: 13.315718 
T_SR: 0.028411 
T_AR: 0.000000 
T_US: 0.081533 
T_Malleability: 13.534113 
T_total: 27.731483
Config loaded: R=1, S=2, granularity=100000, SDR=10000, ADR=0, Rigid=1, Capture_Method=0
Stage 0: PT=0, T_stage=0.523500, bytes=0, T_capped=0
Stage 1: PT=6, T_stage=0.000000, bytes=33176880, T_capped=0
Group 0: Iters=5, Procs=448, Factors=1.000000, Dist=2, RM=0, SM=0, RS=0, SS=0
Group 1: Iters=10, Procs=1792, Factors=1.000000, Dist=2, RM=0, SM=0, RS=0, SS=5
T_spawn: 12.946990 
T_SR: 0.038028 
T_AR: 0.000000 
T_US: 0.134692 
T_Malleability: 13.301210 
T_total: 27.633465
Config loaded: R=1, S=2, granularity=100000, SDR=10000, ADR=0, Rigid=1, Capture_Method=0
Stage 0: PT=0, T_stage=0.523500, bytes=0, T_capped=0
Stage 1: PT=6, T_stage=0.000000, bytes=33176880, T_capped=0
Group 0: Iters=5, Procs=448, Factors=1.000000, Dist=2, RM=0, SM=0, RS=0, SS=0
Group 1: Iters=10, Procs=1792, Factors=1.000000, Dist=2, RM=0, SM=0, RS=0, SS=5
T_spawn: 14.316991 
T_SR: 0.035778 
T_AR: 0.000000 
T_US: 0.061580 
T_Malleability: 14.547800 
T_total: 36.227292
Config loaded: R=1, S=2, granularity=100000, SDR=10000, ADR=0, Rigid=1, Capture_Method=0
Stage 0: PT=0, T_stage=0.523500, bytes=0, T_capped=0
Stage 1: PT=6, T_stage=0.000000, bytes=33176880, T_capped=0
Group 0: Iters=5, Procs=448, Factors=1.000000, Dist=2, RM=0, SM=0, RS=0, SS=0
Group 1: Iters=10, Procs=1792, Factors=1.000000, Dist=2, RM=0, SM=0, RS=0, SS=5
T_spawn: 12.728111 
T_SR: 0.038952 
T_AR: 0.000000 
T_US: 0.039861 
T_Malleability: 12.920750 
T_total: 28.341992
Config loaded: R=1, S=2, granularity=100000, SDR=10000, ADR=0, Rigid=1, Capture_Method=0
Stage 0: PT=0, T_stage=0.523500, bytes=0, T_capped=0
Stage 1: PT=6, T_stage=0.000000, bytes=33176880, T_capped=0
Group 0: Iters=5, Procs=448, Factors=1.000000, Dist=2, RM=0, SM=0, RS=0, SS=0
Group 1: Iters=10, Procs=1792, Factors=1.000000, Dist=2, RM=0, SM=0, RS=0, SS=5
T_spawn: 13.839708 
T_SR: 0.043960 
T_AR: 0.000000 
T_US: 0.040488 
T_Malleability: 14.027605 
T_total: 28.218381
Config loaded: R=1, S=2, granularity=100000, SDR=10000, ADR=0, Rigid=1, Capture_Method=0
Stage 0: PT=0, T_stage=0.523500, bytes=0, T_capped=0
Stage 1: PT=6, T_stage=0.000000, bytes=33176880, T_capped=0
Group 0: Iters=5, Procs=448, Factors=1.000000, Dist=2, RM=0, SM=0, RS=0, SS=0
Group 1: Iters=10, Procs=1792, Factors=1.000000, Dist=2, RM=0, SM=0, RS=0, SS=5
T_spawn: 13.603899 
T_SR: 0.056863 
T_AR: 0.000000 
T_US: 0.060933 
T_Malleability: 13.823690 
T_total: 28.897066
Config loaded: R=1, S=2, granularity=100000, SDR=10000, ADR=0, Rigid=1, Capture_Method=0
Stage 0: PT=0, T_stage=0.523500, bytes=0, T_capped=0
Stage 1: PT=6, T_stage=0.000000, bytes=33176880, T_capped=0
Group 0: Iters=5, Procs=448, Factors=1.000000, Dist=2, RM=0, SM=0, RS=0, SS=0
Group 1: Iters=10, Procs=1792, Factors=1.000000, Dist=2, RM=0, SM=0, RS=0, SS=5
T_spawn: 14.926967 
T_SR: 0.049129 
T_AR: 0.000000 
T_US: 0.068033 
T_Malleability: 15.116195 
T_total: 29.106209
