Config: granularity=100000, SDR=10000, ADR=0, Rigid=1, Capture_Method=0
Stage 0: PT=0, T_stage=0.523500, bytes=0, T_capped=0
Stage 1: PT=6, T_stage=0.000000, bytes=33176880, T_capped=0
Group 0: Iters=5, Procs=3584, Factors=1.000000, Dist=2, RM=0, SM=0, RS=0, SS=0, parents=0, children=1792
Async_Iters: 0
T_iter: 1.372695 1.564729 1.284260 1.344767 1.331807 
T_stage 0: 0.828770 0.856423 0.847153 0.843703 0.855419 
T_stage 1: 0.543397 0.713140 0.436872 0.490519 0.481614 
Config: granularity=100000, SDR=10000, ADR=0, Rigid=1, Capture_Method=0
Stage 0: PT=0, T_stage=0.523500, bytes=0, T_capped=0
Stage 1: PT=6, T_stage=0.000000, bytes=33176880, T_capped=0
Group 0: Iters=5, Procs=3584, Factors=1.000000, Dist=2, RM=0, SM=0, RS=0, SS=0, parents=0, children=1792
Async_Iters: 0
T_iter: 1.312238 1.436407 1.178438 1.273241 1.062870 
T_stage 0: 0.762077 0.784857 0.792837 0.782531 0.794572 
T_stage 1: 0.550061 0.655445 0.394271 0.484672 0.277354 
Config: granularity=100000, SDR=10000, ADR=0, Rigid=1, Capture_Method=0
Stage 0: PT=0, T_stage=0.523500, bytes=0, T_capped=0
Stage 1: PT=6, T_stage=0.000000, bytes=33176880, T_capped=0
Group 0: Iters=5, Procs=3584, Factors=1.000000, Dist=2, RM=0, SM=0, RS=0, SS=0, parents=0, children=1792
Async_Iters: 0
T_iter: 1.356939 1.567801 1.191130 1.200563 1.147445 
T_stage 0: 0.825219 0.873828 0.861859 0.861395 0.872766 
T_stage 1: 0.531723 0.694911 0.328845 0.333694 0.274747 
Config: granularity=100000, SDR=10000, ADR=0, Rigid=1, Capture_Method=0
Stage 0: PT=0, T_stage=0.523500, bytes=0, T_capped=0
Stage 1: PT=6, T_stage=0.000000, bytes=33176880, T_capped=0
Group 0: Iters=5, Procs=3584, Factors=1.000000, Dist=2, RM=0, SM=0, RS=0, SS=0, parents=0, children=1792
Async_Iters: 0
T_iter: 1.300164 1.439714 1.286139 1.087566 1.055415 
T_stage 0: 0.779260 0.812435 0.811097 0.802576 0.807434 
T_stage 1: 0.520750 0.624655 0.481398 0.286445 0.251323 
Config: granularity=100000, SDR=10000, ADR=0, Rigid=1, Capture_Method=0
Stage 0: PT=0, T_stage=0.523500, bytes=0, T_capped=0
Stage 1: PT=6, T_stage=0.000000, bytes=33176880, T_capped=0
Group 0: Iters=5, Procs=3584, Factors=1.000000, Dist=2, RM=0, SM=0, RS=0, SS=0, parents=0, children=1792
Async_Iters: 0
T_iter: 1.278889 1.478661 1.213986 1.241098 1.140507 
T_stage 0: 0.765459 0.794543 0.801502 0.784814 0.827910 
T_stage 1: 0.513564 0.689609 0.425870 0.451304 0.317404 
Config: granularity=100000, SDR=10000, ADR=0, Rigid=1, Capture_Method=0
Stage 0: PT=0, T_stage=0.523500, bytes=0, T_capped=0
Stage 1: PT=6, T_stage=0.000000, bytes=33176880, T_capped=0
Group 0: Iters=5, Procs=3584, Factors=1.000000, Dist=2, RM=0, SM=0, RS=0, SS=0, parents=0, children=1792
Async_Iters: 0
T_iter: 1.366923 1.541532 1.308309 1.198357 3.046125 
T_stage 0: 0.831051 0.877604 0.874518 0.873972 2.682109 
T_stage 1: 0.535527 0.665100 0.433263 0.319164 0.367231 
Config: granularity=100000, SDR=10000, ADR=0, Rigid=1, Capture_Method=0
Stage 0: PT=0, T_stage=0.523500, bytes=0, T_capped=0
Stage 1: PT=6, T_stage=0.000000, bytes=33176880, T_capped=0
Group 0: Iters=5, Procs=3584, Factors=1.000000, Dist=2, RM=0, SM=0, RS=0, SS=0, parents=0, children=1792
Async_Iters: 0
T_iter: 1.268131 1.463675 1.055261 1.019886 1.091156 
T_stage 0: 0.771410 0.794375 0.793566 0.789816 0.794219 
T_stage 1: 0.496151 0.674963 0.267272 0.231066 0.292784 
Config: granularity=100000, SDR=10000, ADR=0, Rigid=1, Capture_Method=0
Stage 0: PT=0, T_stage=0.523500, bytes=0, T_capped=0
Stage 1: PT=6, T_stage=0.000000, bytes=33176880, T_capped=0
Group 0: Iters=5, Procs=3584, Factors=1.000000, Dist=2, RM=0, SM=0, RS=0, SS=0, parents=0, children=1792
Async_Iters: 0
T_iter: 1.415501 1.617844 1.136221 1.395949 1.345506 
T_stage 0: 0.856972 0.888142 0.875452 0.872633 0.871942 
T_stage 1: 0.558303 0.736849 0.259863 0.517127 0.475714 
Config: granularity=100000, SDR=10000, ADR=0, Rigid=1, Capture_Method=0
Stage 0: PT=0, T_stage=0.523500, bytes=0, T_capped=0
Stage 1: PT=6, T_stage=0.000000, bytes=33176880, T_capped=0
Group 0: Iters=5, Procs=3584, Factors=1.000000, Dist=2, RM=0, SM=0, RS=0, SS=0, parents=0, children=1792
Async_Iters: 0
T_iter: 1.296258 1.442360 1.084229 1.051199 1.028332 
T_stage 0: 0.745558 0.774844 0.783631 0.773256 0.776497 
T_stage 1: 0.550322 0.669051 0.312259 0.281019 0.251639 
Config: granularity=100000, SDR=10000, ADR=0, Rigid=1, Capture_Method=0
Stage 0: PT=0, T_stage=0.523500, bytes=0, T_capped=0
Stage 1: PT=6, T_stage=0.000000, bytes=33176880, T_capped=0
Group 0: Iters=5, Procs=3584, Factors=1.000000, Dist=2, RM=0, SM=0, RS=0, SS=0, parents=0, children=1792
Async_Iters: 0
T_iter: 1.271749 1.558712 1.054857 1.023966 1.047660 
T_stage 0: 0.766877 0.788062 0.772055 0.771966 0.768878 
T_stage 1: 0.505538 0.789250 0.282337 0.251712 0.278686 
Config: granularity=100000, SDR=10000, ADR=0, Rigid=1, Capture_Method=0
Stage 0: PT=0, T_stage=0.523500, bytes=0, T_capped=0
Stage 1: PT=6, T_stage=0.000000, bytes=33176880, T_capped=0
Group 0: Iters=5, Procs=3584, Factors=1.000000, Dist=2, RM=0, SM=0, RS=0, SS=0, parents=0, children=1792
Async_Iters: 0
T_iter: 1.312666 1.509937 1.063316 1.099009 1.282572 
T_stage 0: 0.789833 0.804665 0.796008 0.792905 1.023123 
T_stage 1: 0.522996 0.716351 0.270471 0.301773 0.260017 
Config: granularity=100000, SDR=10000, ADR=0, Rigid=1, Capture_Method=0
Stage 0: PT=0, T_stage=0.523500, bytes=0, T_capped=0
Stage 1: PT=6, T_stage=0.000000, bytes=33176880, T_capped=0
Group 0: Iters=5, Procs=3584, Factors=1.000000, Dist=2, RM=0, SM=0, RS=0, SS=0, parents=0, children=1792
Async_Iters: 0
T_iter: 1.359187 1.541693 1.115866 1.334022 1.138014 
T_stage 0: 0.808905 0.846422 0.839162 0.838196 0.843354 
T_stage 1: 0.549917 0.698654 0.275391 0.486571 0.287477 
Config: granularity=100000, SDR=10000, ADR=0, Rigid=1, Capture_Method=0
Stage 0: PT=0, T_stage=0.523500, bytes=0, T_capped=0
Stage 1: PT=6, T_stage=0.000000, bytes=33176880, T_capped=0
Group 0: Iters=5, Procs=3584, Factors=1.000000, Dist=2, RM=0, SM=0, RS=0, SS=0, parents=0, children=1792
Async_Iters: 0
T_iter: 1.385892 1.494890 1.339335 1.119036 1.124866 
T_stage 0: 0.828501 0.862498 0.859480 0.853297 0.861212 
T_stage 1: 0.556640 0.629172 0.486084 0.263958 0.265631 
Config: granularity=100000, SDR=10000, ADR=0, Rigid=1, Capture_Method=0
Stage 0: PT=0, T_stage=0.523500, bytes=0, T_capped=0
Stage 1: PT=6, T_stage=0.000000, bytes=33176880, T_capped=0
Group 0: Iters=5, Procs=3584, Factors=1.000000, Dist=2, RM=0, SM=0, RS=0, SS=0, parents=0, children=1792
Async_Iters: 0
T_iter: 2.974002 2.804443 2.763772 2.772751 2.973359 
T_stage 0: 2.482025 2.508216 2.501789 2.491282 2.494605 
T_stage 1: 0.495297 0.303359 0.260791 0.283950 0.484719 
Config: granularity=100000, SDR=10000, ADR=0, Rigid=1, Capture_Method=0
Stage 0: PT=0, T_stage=0.523500, bytes=0, T_capped=0
Stage 1: PT=6, T_stage=0.000000, bytes=33176880, T_capped=0
Group 0: Iters=5, Procs=3584, Factors=1.000000, Dist=2, RM=0, SM=0, RS=0, SS=0, parents=0, children=1792
Async_Iters: 0
T_iter: 1.371706 1.546127 1.316628 1.288905 3.758067 
T_stage 0: 0.827356 0.866522 0.857282 0.857859 3.473729 
T_stage 1: 0.535954 0.687134 0.457667 0.427654 0.284988 
Config: granularity=100000, SDR=10000, ADR=0, Rigid=1, Capture_Method=0
Stage 0: PT=0, T_stage=0.523500, bytes=0, T_capped=0
Stage 1: PT=6, T_stage=0.000000, bytes=33176880, T_capped=0
Group 0: Iters=5, Procs=3584, Factors=1.000000, Dist=2, RM=0, SM=0, RS=0, SS=0, parents=0, children=1792
Async_Iters: 0
T_iter: 1.462217 1.128473 1.269537 1.126860 1.443386 
T_stage 0: 0.786527 0.795570 0.785108 0.796887 0.796084 
T_stage 1: 0.670977 0.342598 0.484257 0.334999 0.650884 
Config: granularity=100000, SDR=10000, ADR=0, Rigid=1, Capture_Method=0
Stage 0: PT=0, T_stage=0.523500, bytes=0, T_capped=0
Stage 1: PT=6, T_stage=0.000000, bytes=33176880, T_capped=0
Group 0: Iters=5, Procs=3584, Factors=1.000000, Dist=2, RM=0, SM=0, RS=0, SS=0, parents=0, children=1792
Async_Iters: 0
T_iter: 1.302270 1.519976 1.324193 1.197768 1.196622 
T_stage 0: 0.811419 0.844944 0.847139 0.843441 0.852557 
T_stage 1: 0.460308 0.660493 0.476833 0.353028 0.346152 
Config: granularity=100000, SDR=10000, ADR=0, Rigid=1, Capture_Method=0
Stage 0: PT=0, T_stage=0.523500, bytes=0, T_capped=0
Stage 1: PT=6, T_stage=0.000000, bytes=33176880, T_capped=0
Group 0: Iters=5, Procs=3584, Factors=1.000000, Dist=2, RM=0, SM=0, RS=0, SS=0, parents=0, children=1792
Async_Iters: 0
T_iter: 1.314580 1.451902 1.114460 1.095326 1.153587 
T_stage 0: 0.781280 0.797939 0.803685 0.798659 0.802368 
T_stage 1: 0.533099 0.654970 0.316511 0.297180 0.353745 
Config: granularity=100000, SDR=10000, ADR=0, Rigid=1, Capture_Method=0
Stage 0: PT=0, T_stage=0.523500, bytes=0, T_capped=0
Stage 1: PT=6, T_stage=0.000000, bytes=33176880, T_capped=0
Group 0: Iters=5, Procs=3584, Factors=1.000000, Dist=2, RM=0, SM=0, RS=0, SS=0, parents=0, children=1792
Async_Iters: 0
T_iter: 1.286531 1.452718 1.187507 1.060816 1.265725 
T_stage 0: 0.775777 0.795396 0.794857 0.782814 0.785275 
T_stage 1: 0.509397 0.667100 0.400412 0.272243 0.480742 
Config: granularity=100000, SDR=10000, ADR=0, Rigid=1, Capture_Method=0
Stage 0: PT=0, T_stage=0.523500, bytes=0, T_capped=0
Stage 1: PT=6, T_stage=0.000000, bytes=33176880, T_capped=0
Group 0: Iters=5, Procs=3584, Factors=1.000000, Dist=2, RM=0, SM=0, RS=0, SS=0, parents=0, children=1792
Async_Iters: 0
T_iter: 2.761007 2.801473 2.798809 2.730535 2.588244 
T_stage 0: 2.324734 2.346554 2.346798 2.331412 2.325254 
T_stage 1: 0.439938 0.455187 0.453135 0.406813 0.271228 
