Config: granularity=100000, SDR=10000, ADR=0, Rigid=1, Capture_Method=0
Stage 0: PT=0, T_stage=0.523500, bytes=0, T_capped=0
Stage 1: PT=6, T_stage=0.000000, bytes=33176880, T_capped=0
Group 1: Iters=10, Procs=2688, Factors=1.000000, Dist=2, RM=0, SM=0, RS=0, SS=5, parents=224, children=0
Async_Iters: 0
T_iter: 1.113867 1.128145 1.135052 1.116010 1.128582 1.145174 1.103897 1.009508 1.037972 1.097134 
T_stage 0: 0.772425 0.791755 0.778817 0.780466 0.777380 0.777757 0.776729 0.768906 0.760963 0.761990 
T_stage 1: 0.333623 0.338716 0.355205 0.332602 0.348763 0.367369 0.319838 0.243854 0.277678 0.331397 
Config: granularity=100000, SDR=10000, ADR=0, Rigid=1, Capture_Method=0
Stage 0: PT=0, T_stage=0.523500, bytes=0, T_capped=0
Stage 1: PT=6, T_stage=0.000000, bytes=33176880, T_capped=0
Group 1: Iters=10, Procs=2688, Factors=1.000000, Dist=2, RM=0, SM=0, RS=0, SS=5, parents=224, children=0
Async_Iters: 0
T_iter: 1.240692 1.248695 1.133296 1.068942 1.257454 1.196241 1.101337 1.126650 1.042856 1.201188 
T_stage 0: 0.848293 0.855154 0.858700 0.844563 0.838155 0.848002 0.845188 0.835191 0.829809 0.829377 
T_stage 1: 0.373426 0.392586 0.273629 0.220889 0.409815 0.348907 0.256572 0.295642 0.212642 0.368822 
Config: granularity=100000, SDR=10000, ADR=0, Rigid=1, Capture_Method=0
Stage 0: PT=0, T_stage=0.523500, bytes=0, T_capped=0
Stage 1: PT=6, T_stage=0.000000, bytes=33176880, T_capped=0
Group 1: Iters=10, Procs=2688, Factors=1.000000, Dist=2, RM=0, SM=0, RS=0, SS=5, parents=224, children=0
Async_Iters: 0
T_iter: 1.281656 1.285120 1.231847 1.124708 1.220239 1.231185 1.222210 1.088612 1.094016 1.120787 
T_stage 0: 0.863481 0.882485 0.869271 0.860046 0.864952 0.871097 0.864965 0.855668 0.853885 0.856964 
T_stage 1: 0.411817 0.414086 0.362299 0.259848 0.354221 0.365955 0.358190 0.228196 0.241062 0.254447 
Config: granularity=100000, SDR=10000, ADR=0, Rigid=1, Capture_Method=0
Stage 0: PT=0, T_stage=0.523500, bytes=0, T_capped=0
Stage 1: PT=6, T_stage=0.000000, bytes=33176880, T_capped=0
Group 1: Iters=10, Procs=2688, Factors=1.000000, Dist=2, RM=0, SM=0, RS=0, SS=5, parents=224, children=0
Async_Iters: 0
T_iter: 1.146512 1.187308 1.088089 1.140677 1.171394 1.122049 1.025825 1.085094 1.135736 1.127527 
T_stage 0: 0.789078 0.802378 0.792480 0.793329 0.793422 0.796156 0.784877 0.785969 0.777714 0.783761 
T_stage 1: 0.353122 0.384052 0.296288 0.345973 0.372006 0.327699 0.244570 0.299577 0.351381 0.342298 
Config: granularity=100000, SDR=10000, ADR=0, Rigid=1, Capture_Method=0
Stage 0: PT=0, T_stage=0.523500, bytes=0, T_capped=0
Stage 1: PT=6, T_stage=0.000000, bytes=33176880, T_capped=0
Group 1: Iters=10, Procs=2688, Factors=1.000000, Dist=2, RM=0, SM=0, RS=0, SS=5, parents=224, children=0
Async_Iters: 0
T_iter: 1.128569 1.184978 1.083891 1.138361 1.110913 1.060276 1.070282 1.026965 1.148923 1.172844 
T_stage 0: 0.764384 0.782205 0.782329 0.769582 0.793103 0.764505 0.782524 0.775653 0.784273 0.787809 
T_stage 1: 0.334055 0.398298 0.304121 0.363892 0.318445 0.295293 0.290546 0.249852 0.368695 0.390806 
Config: granularity=100000, SDR=10000, ADR=0, Rigid=1, Capture_Method=0
Stage 0: PT=0, T_stage=0.523500, bytes=0, T_capped=0
Stage 1: PT=6, T_stage=0.000000, bytes=33176880, T_capped=0
Group 1: Iters=10, Procs=2688, Factors=1.000000, Dist=2, RM=0, SM=0, RS=0, SS=5, parents=224, children=0
Async_Iters: 0
T_iter: 1.188829 1.216160 1.172782 1.236914 1.100035 1.210308 1.145780 1.113133 1.075783 1.143814 
T_stage 0: 0.845155 0.851193 0.855947 0.846598 0.847265 0.845956 0.844610 0.838463 0.833652 0.831555 
T_stage 1: 0.334858 0.365069 0.324549 0.389170 0.248728 0.362785 0.305509 0.264925 0.237222 0.311542 
Config: granularity=100000, SDR=10000, ADR=0, Rigid=1, Capture_Method=0
Stage 0: PT=0, T_stage=0.523500, bytes=0, T_capped=0
Stage 1: PT=6, T_stage=0.000000, bytes=33176880, T_capped=0
Group 1: Iters=10, Procs=2688, Factors=1.000000, Dist=2, RM=0, SM=0, RS=0, SS=5, parents=224, children=0
Async_Iters: 0
T_iter: 1.176752 1.246061 1.179967 1.085552 1.152338 1.239708 1.114758 1.119949 1.034452 1.080713 
T_stage 0: 0.800891 0.829186 0.802328 0.802887 0.798753 0.811916 0.799145 0.794221 0.792147 0.791840 
T_stage 1: 0.369817 0.431450 0.375637 0.281290 0.350536 0.434377 0.318982 0.326845 0.240396 0.288129 
Config: granularity=100000, SDR=10000, ADR=0, Rigid=1, Capture_Method=0
Stage 0: PT=0, T_stage=0.523500, bytes=0, T_capped=0
Stage 1: PT=6, T_stage=0.000000, bytes=33176880, T_capped=0
Group 1: Iters=10, Procs=2688, Factors=1.000000, Dist=2, RM=0, SM=0, RS=0, SS=5, parents=224, children=0
Async_Iters: 0
T_iter: 1.235271 1.201337 1.182753 1.164642 1.139047 1.309668 1.203065 1.141135 1.135335 1.126667 
T_stage 0: 0.861546 0.875551 0.870898 0.865284 0.861859 0.868344 0.859319 0.849997 0.854819 0.854582 
T_stage 1: 0.370675 0.330395 0.319470 0.304048 0.281333 0.443850 0.351453 0.292640 0.282462 0.267545 
Config: granularity=100000, SDR=10000, ADR=0, Rigid=1, Capture_Method=0
Stage 0: PT=0, T_stage=0.523500, bytes=0, T_capped=0
Stage 1: PT=6, T_stage=0.000000, bytes=33176880, T_capped=0
Group 1: Iters=10, Procs=2688, Factors=1.000000, Dist=2, RM=0, SM=0, RS=0, SS=5, parents=224, children=0
Async_Iters: 0
T_iter: 1.115394 1.141735 1.163346 1.164562 1.116255 1.201473 1.113817 1.027493 1.045791 1.093604 
T_stage 0: 0.796967 0.800656 0.801501 0.804218 0.811966 0.794370 0.802832 0.798316 0.792558 0.793013 
T_stage 1: 0.317199 0.344192 0.362377 0.356600 0.313945 0.409499 0.309695 0.230149 0.246613 0.300166 
Config: granularity=100000, SDR=10000, ADR=0, Rigid=1, Capture_Method=0
Stage 0: PT=0, T_stage=0.523500, bytes=0, T_capped=0
Stage 1: PT=6, T_stage=0.000000, bytes=33176880, T_capped=0
Group 1: Iters=10, Procs=2688, Factors=1.000000, Dist=2, RM=0, SM=0, RS=0, SS=5, parents=224, children=0
Async_Iters: 0
T_iter: 1.271735 1.212134 1.258488 1.238362 1.202941 1.118788 1.161257 1.221043 3.126984 2.953615 
T_stage 0: 0.862586 0.878023 0.869104 0.867191 0.872673 0.867397 0.865215 0.859359 2.710656 2.694648 
T_stage 1: 0.401644 0.332287 0.390495 0.370217 0.330101 0.253927 0.298362 0.366243 0.409213 0.255106 
Config: granularity=100000, SDR=10000, ADR=0, Rigid=1, Capture_Method=0
Stage 0: PT=0, T_stage=0.523500, bytes=0, T_capped=0
Stage 1: PT=6, T_stage=0.000000, bytes=33176880, T_capped=0
Group 1: Iters=10, Procs=2688, Factors=1.000000, Dist=2, RM=0, SM=0, RS=0, SS=5, parents=224, children=0
Async_Iters: 0
T_iter: 1.171583 1.081013 1.182797 1.107890 1.008615 1.131767 1.011454 1.095762 0.984741 1.120749 
T_stage 0: 0.773323 0.780930 0.774065 0.762863 0.763013 0.775361 0.764094 0.764678 0.751075 0.756596 
T_stage 1: 0.390204 0.289142 0.405907 0.346804 0.245959 0.368954 0.244471 0.336691 0.229797 0.365724 
Config: granularity=100000, SDR=10000, ADR=0, Rigid=1, Capture_Method=0
Stage 0: PT=0, T_stage=0.523500, bytes=0, T_capped=0
Stage 1: PT=6, T_stage=0.000000, bytes=33176880, T_capped=0
Group 1: Iters=10, Procs=2688, Factors=1.000000, Dist=2, RM=0, SM=0, RS=0, SS=5, parents=224, children=0
Async_Iters: 0
T_iter: 1.192274 1.134251 1.096780 1.069572 1.153206 1.207952 0.999055 0.968441 0.972021 1.060156 
T_stage 0: 0.771428 0.810215 0.778581 0.779731 0.779534 0.788277 0.771020 0.772207 0.772197 0.769468 
T_stage 1: 0.418499 0.335465 0.317113 0.283230 0.367826 0.423987 0.229326 0.200669 0.205148 0.292613 
Config: granularity=100000, SDR=10000, ADR=0, Rigid=1, Capture_Method=0
Stage 0: PT=0, T_stage=0.523500, bytes=0, T_capped=0
Stage 1: PT=6, T_stage=0.000000, bytes=33176880, T_capped=0
Group 1: Iters=10, Procs=2688, Factors=1.000000, Dist=2, RM=0, SM=0, RS=0, SS=5, parents=224, children=0
Async_Iters: 0
T_iter: 1.091523 1.193151 1.023700 1.030004 1.126209 1.196174 1.147176 0.985460 0.955811 0.964470 
T_stage 0: 0.758008 0.795377 0.787835 0.783498 0.771455 0.780891 0.773136 0.768914 0.750916 0.753924 
T_stage 1: 0.333603 0.399721 0.239904 0.243344 0.355184 0.412647 0.378596 0.216667 0.205185 0.212731 
Config: granularity=100000, SDR=10000, ADR=0, Rigid=1, Capture_Method=0
Stage 0: PT=0, T_stage=0.523500, bytes=0, T_capped=0
Stage 1: PT=6, T_stage=0.000000, bytes=33176880, T_capped=0
Group 1: Iters=10, Procs=2688, Factors=1.000000, Dist=2, RM=0, SM=0, RS=0, SS=5, parents=224, children=0
Async_Iters: 0
T_iter: 1.158018 1.099423 1.088946 0.976804 1.122398 1.170228 1.135531 0.989992 1.082645 1.025129 
T_stage 0: 0.767046 0.782262 0.779373 0.769931 0.774803 0.781804 0.770767 0.762104 0.760356 0.762900 
T_stage 1: 0.375921 0.329304 0.310225 0.207078 0.349070 0.386396 0.365996 0.229713 0.324216 0.258799 
Config: granularity=100000, SDR=10000, ADR=0, Rigid=1, Capture_Method=0
Stage 0: PT=0, T_stage=0.523500, bytes=0, T_capped=0
Stage 1: PT=6, T_stage=0.000000, bytes=33176880, T_capped=0
Group 1: Iters=10, Procs=2688, Factors=1.000000, Dist=2, RM=0, SM=0, RS=0, SS=5, parents=224, children=0
Async_Iters: 0
T_iter: 1.172603 1.170983 1.070160 1.099144 1.062745 1.100500 1.127227 0.996537 1.092323 1.077973 
T_stage 0: 0.805983 0.813205 0.792129 0.783520 0.786212 0.784445 0.786377 0.773590 0.777619 0.776448 
T_stage 1: 0.366445 0.363958 0.279071 0.310699 0.275660 0.319992 0.335670 0.221163 0.318022 0.298741 
Config: granularity=100000, SDR=10000, ADR=0, Rigid=1, Capture_Method=0
Stage 0: PT=0, T_stage=0.523500, bytes=0, T_capped=0
Stage 1: PT=6, T_stage=0.000000, bytes=33176880, T_capped=0
Group 1: Iters=10, Procs=2688, Factors=1.000000, Dist=2, RM=0, SM=0, RS=0, SS=5, parents=224, children=0
Async_Iters: 0
T_iter: 1.092977 1.177691 1.092607 1.082383 1.108085 1.142625 1.153086 1.105044 1.013741 1.136887 
T_stage 0: 0.745891 0.756264 0.768557 0.772920 0.769656 0.764406 0.749282 0.768848 0.753610 0.754331 
T_stage 1: 0.326749 0.418095 0.330980 0.306373 0.336840 0.376291 0.405076 0.333954 0.261491 0.378178 
Config: granularity=100000, SDR=10000, ADR=0, Rigid=1, Capture_Method=0
Stage 0: PT=0, T_stage=0.523500, bytes=0, T_capped=0
Stage 1: PT=6, T_stage=0.000000, bytes=33176880, T_capped=0
Group 1: Iters=10, Procs=2688, Factors=1.000000, Dist=2, RM=0, SM=0, RS=0, SS=5, parents=224, children=0
Async_Iters: 0
T_iter: 1.213441 1.110475 1.176918 1.071728 1.199746 1.147511 1.216784 1.293384 2.693132 2.675469 
T_stage 0: 0.786235 0.799625 0.793173 0.798633 0.790935 0.792551 0.790418 1.048407 2.326968 2.314770 
T_stage 1: 0.405439 0.301488 0.384902 0.275906 0.406683 0.360023 0.429727 0.238071 0.370997 0.349667 
Config: granularity=100000, SDR=10000, ADR=0, Rigid=1, Capture_Method=0
Stage 0: PT=0, T_stage=0.523500, bytes=0, T_capped=0
Stage 1: PT=6, T_stage=0.000000, bytes=33176880, T_capped=0
Group 1: Iters=10, Procs=2688, Factors=1.000000, Dist=2, RM=0, SM=0, RS=0, SS=5, parents=224, children=0
Async_Iters: 0
T_iter: 1.136530 1.080861 1.106657 0.999863 1.005481 1.137891 1.102884 0.962792 0.958598 0.968950 
T_stage 0: 0.740364 0.755239 0.750258 0.744195 0.748654 0.754207 0.746678 0.725278 0.734343 0.724541 
T_stage 1: 0.384914 0.338034 0.354752 0.257336 0.254041 0.376492 0.360363 0.234761 0.228073 0.239861 
Config: granularity=100000, SDR=10000, ADR=0, Rigid=1, Capture_Method=0
Stage 0: PT=0, T_stage=0.523500, bytes=0, T_capped=0
Stage 1: PT=6, T_stage=0.000000, bytes=33176880, T_capped=0
Group 1: Iters=10, Procs=2688, Factors=1.000000, Dist=2, RM=0, SM=0, RS=0, SS=5, parents=224, children=0
Async_Iters: 0
T_iter: 1.131525 1.068924 1.003563 1.035226 1.051443 1.081631 0.975038 1.003550 0.974123 0.998501 
T_stage 0: 0.755531 0.759390 0.761006 0.755211 0.760067 0.739566 0.736624 0.733449 0.728894 0.728018 
T_stage 1: 0.369551 0.307034 0.245997 0.276698 0.285951 0.347605 0.242535 0.270249 0.248574 0.269963 
Config: granularity=100000, SDR=10000, ADR=0, Rigid=1, Capture_Method=0
Stage 0: PT=0, T_stage=0.523500, bytes=0, T_capped=0
Stage 1: PT=6, T_stage=0.000000, bytes=33176880, T_capped=0
Group 1: Iters=10, Procs=2688, Factors=1.000000, Dist=2, RM=0, SM=0, RS=0, SS=5, parents=224, children=0
Async_Iters: 0
T_iter: 2.633319 2.759688 2.556595 2.653637 2.523473 2.583513 2.587263 2.560056 2.521072 2.515807 
T_stage 0: 2.312317 2.333135 2.321053 2.330452 2.318263 2.313502 2.333530 2.314169 2.313888 2.313777 
T_stage 1: 0.317833 0.431466 0.240567 0.323503 0.200988 0.270092 0.254767 0.243683 0.201025 0.202416 
