Config: granularity=100000, SDR=10000, ADR=0, Rigid=1, Capture_Method=0
Stage 0: PT=0, T_stage=0.523500, bytes=0, T_capped=0
Stage 1: PT=6, T_stage=0.000000, bytes=33176880, T_capped=0
Group 1: Iters=10, Procs=2688, Factors=1.000000, Dist=2, RM=0, SM=0, RS=0, SS=5, parents=896, children=0
Async_Iters: 0
T_iter: 1.334519 1.231459 1.173799 1.225597 1.206705 1.138147 1.190696 1.203020 1.173918 1.126803 
T_stage 0: 0.862020 0.861590 0.869548 0.862743 0.856131 0.858074 0.855361 0.862288 0.852222 0.850711 
T_stage 1: 0.467201 0.363929 0.305647 0.358284 0.348222 0.275911 0.328606 0.341038 0.318621 0.273769 
Config: granularity=100000, SDR=10000, ADR=0, Rigid=1, Capture_Method=0
Stage 0: PT=0, T_stage=0.523500, bytes=0, T_capped=0
Stage 1: PT=6, T_stage=0.000000, bytes=33176880, T_capped=0
Group 1: Iters=10, Procs=2688, Factors=1.000000, Dist=2, RM=0, SM=0, RS=0, SS=5, parents=896, children=0
Async_Iters: 0
T_iter: 1.167962 1.022232 1.082404 1.148402 1.027536 1.077591 1.128960 1.156435 3.648712 3.523308 
T_stage 0: 0.784912 0.789689 0.798952 0.800639 0.789866 0.785171 0.783915 0.782622 3.337357 3.308048 
T_stage 1: 0.376223 0.236148 0.279986 0.346758 0.246732 0.287099 0.342377 0.376399 0.309816 0.212708 
Config: granularity=100000, SDR=10000, ADR=0, Rigid=1, Capture_Method=0
Stage 0: PT=0, T_stage=0.523500, bytes=0, T_capped=0
Stage 1: PT=6, T_stage=0.000000, bytes=33176880, T_capped=0
Group 1: Iters=10, Procs=2688, Factors=1.000000, Dist=2, RM=0, SM=0, RS=0, SS=5, parents=896, children=0
Async_Iters: 0
T_iter: 1.091280 1.009101 1.036942 1.238647 1.101258 1.054190 1.107102 1.066966 1.125225 1.040368 
T_stage 0: 0.767895 0.772178 0.762307 0.776189 0.777760 0.767818 0.767939 0.769633 0.765501 0.762155 
T_stage 1: 0.315661 0.237394 0.273436 0.461003 0.331810 0.289423 0.338919 0.298389 0.356262 0.284394 
Config: granularity=100000, SDR=10000, ADR=0, Rigid=1, Capture_Method=0
Stage 0: PT=0, T_stage=0.523500, bytes=0, T_capped=0
Stage 1: PT=6, T_stage=0.000000, bytes=33176880, T_capped=0
Group 1: Iters=10, Procs=2688, Factors=1.000000, Dist=2, RM=0, SM=0, RS=0, SS=5, parents=896, children=0
Async_Iters: 0
T_iter: 1.078781 1.105367 1.181902 1.096797 1.022860 1.061988 1.044579 1.061249 1.082987 1.099587 
T_stage 0: 0.785761 0.787158 0.792455 0.793424 0.786467 0.790642 0.786999 0.791116 0.786424 0.790175 
T_stage 1: 0.286296 0.310814 0.382066 0.297297 0.234239 0.273812 0.261141 0.271810 0.297723 0.300514 
Config: granularity=100000, SDR=10000, ADR=0, Rigid=1, Capture_Method=0
Stage 0: PT=0, T_stage=0.523500, bytes=0, T_capped=0
Stage 1: PT=6, T_stage=0.000000, bytes=33176880, T_capped=0
Group 1: Iters=10, Procs=2688, Factors=1.000000, Dist=2, RM=0, SM=0, RS=0, SS=5, parents=896, children=0
Async_Iters: 0
T_iter: 1.075598 1.008650 1.039533 1.090370 1.096625 1.008007 0.998620 1.012509 1.054791 1.050544 
T_stage 0: 0.772631 0.776910 0.779716 0.773216 0.779076 0.779760 0.773220 0.767016 0.771936 0.773977 
T_stage 1: 0.297851 0.230680 0.250418 0.317063 0.320381 0.233372 0.224623 0.239656 0.282408 0.276539 
Config: granularity=100000, SDR=10000, ADR=0, Rigid=1, Capture_Method=0
Stage 0: PT=0, T_stage=0.523500, bytes=0, T_capped=0
Stage 1: PT=6, T_stage=0.000000, bytes=33176880, T_capped=0
Group 1: Iters=10, Procs=2688, Factors=1.000000, Dist=2, RM=0, SM=0, RS=0, SS=5, parents=896, children=0
Async_Iters: 0
T_iter: 1.235921 1.205673 1.220209 1.205607 1.134464 1.130995 1.075177 1.059828 1.158388 1.101929 
T_stage 0: 0.862216 0.868420 0.863791 0.863387 0.859827 0.854414 0.858539 0.850201 0.832421 0.831395 
T_stage 1: 0.369998 0.333148 0.363362 0.343902 0.271921 0.278153 0.224976 0.205674 0.326228 0.269547 
Config: granularity=100000, SDR=10000, ADR=0, Rigid=1, Capture_Method=0
Stage 0: PT=0, T_stage=0.523500, bytes=0, T_capped=0
Stage 1: PT=6, T_stage=0.000000, bytes=33176880, T_capped=0
Group 1: Iters=10, Procs=2688, Factors=1.000000, Dist=2, RM=0, SM=0, RS=0, SS=5, parents=896, children=0
Async_Iters: 0
T_iter: 1.110533 1.059978 0.971565 1.072341 1.130346 1.085743 1.011059 0.980607 0.961122 1.022126 
T_stage 0: 0.746137 0.759657 0.745009 0.747657 0.752668 0.748092 0.752059 0.749956 0.751470 0.759077 
T_stage 1: 0.351578 0.304079 0.224369 0.319379 0.375845 0.343489 0.257561 0.241927 0.206753 0.261164 
Config: granularity=100000, SDR=10000, ADR=0, Rigid=1, Capture_Method=0
Stage 0: PT=0, T_stage=0.523500, bytes=0, T_capped=0
Stage 1: PT=6, T_stage=0.000000, bytes=33176880, T_capped=0
Group 1: Iters=10, Procs=2688, Factors=1.000000, Dist=2, RM=0, SM=0, RS=0, SS=5, parents=896, children=0
Async_Iters: 0
T_iter: 1.156622 1.070463 1.009828 1.140027 1.145671 1.219440 0.971395 1.118484 1.054611 1.116017 
T_stage 0: 0.766594 0.780099 0.768983 0.763828 0.766445 0.767716 0.758854 0.755176 0.755911 0.758701 
T_stage 1: 0.390106 0.288927 0.240480 0.368964 0.380627 0.449361 0.209972 0.360331 0.299289 0.352901 
Config: granularity=100000, SDR=10000, ADR=0, Rigid=1, Capture_Method=0
Stage 0: PT=0, T_stage=0.523500, bytes=0, T_capped=0
Stage 1: PT=6, T_stage=0.000000, bytes=33176880, T_capped=0
Group 1: Iters=10, Procs=2688, Factors=1.000000, Dist=2, RM=0, SM=0, RS=0, SS=5, parents=896, children=0
Async_Iters: 0
T_iter: 1.221001 1.218862 1.156590 1.178794 1.154742 1.173821 1.211222 1.182380 1.050431 1.207342 
T_stage 0: 0.844388 0.864613 0.848982 0.852632 0.850375 0.842867 0.836491 0.840222 0.837081 0.841162 
T_stage 1: 0.372569 0.367308 0.310156 0.331677 0.311372 0.334388 0.368426 0.342720 0.208299 0.367481 
Config: granularity=100000, SDR=10000, ADR=0, Rigid=1, Capture_Method=0
Stage 0: PT=0, T_stage=0.523500, bytes=0, T_capped=0
Stage 1: PT=6, T_stage=0.000000, bytes=33176880, T_capped=0
Group 1: Iters=10, Procs=2688, Factors=1.000000, Dist=2, RM=0, SM=0, RS=0, SS=5, parents=896, children=0
Async_Iters: 0
T_iter: 1.156466 1.094621 1.041492 1.112531 1.131438 1.079528 0.995259 2.386272 2.448475 2.305521 
T_stage 0: 0.774161 0.782792 0.773242 0.777857 0.787595 0.776999 0.770998 2.072336 2.075040 2.073592 
T_stage 1: 0.377461 0.316944 0.265439 0.331273 0.345254 0.306828 0.223481 0.311666 0.369013 0.229387 
Config: granularity=100000, SDR=10000, ADR=0, Rigid=1, Capture_Method=0
Stage 0: PT=0, T_stage=0.523500, bytes=0, T_capped=0
Stage 1: PT=6, T_stage=0.000000, bytes=33176880, T_capped=0
Group 1: Iters=10, Procs=2688, Factors=1.000000, Dist=2, RM=0, SM=0, RS=0, SS=5, parents=896, children=0
Async_Iters: 0
T_iter: 1.218972 1.220292 1.143379 1.191351 1.105978 1.130120 1.115252 1.180024 1.211116 1.164817 
T_stage 0: 0.855653 0.865724 0.866993 0.889896 0.859496 0.864537 0.851206 0.854367 0.855696 0.838609 
T_stage 1: 0.359323 0.357876 0.270450 0.315111 0.243549 0.270429 0.257659 0.324733 0.354438 0.330177 
Config: granularity=100000, SDR=10000, ADR=0, Rigid=1, Capture_Method=0
Stage 0: PT=0, T_stage=0.523500, bytes=0, T_capped=0
Stage 1: PT=6, T_stage=0.000000, bytes=33176880, T_capped=0
Group 1: Iters=10, Procs=2688, Factors=1.000000, Dist=2, RM=0, SM=0, RS=0, SS=5, parents=896, children=0
Async_Iters: 0
T_iter: 1.193361 1.169639 1.124241 1.119025 1.112290 1.076932 1.079911 1.086676 1.054340 1.036923 
T_stage 0: 0.810700 0.825758 0.819133 0.822644 0.787191 0.778473 0.773437 0.780549 0.773053 0.775787 
T_stage 1: 0.379394 0.347738 0.308005 0.301096 0.327595 0.283428 0.312279 0.309916 0.283312 0.259546 
Config: granularity=100000, SDR=10000, ADR=0, Rigid=1, Capture_Method=0
Stage 0: PT=0, T_stage=0.523500, bytes=0, T_capped=0
Stage 1: PT=6, T_stage=0.000000, bytes=33176880, T_capped=0
Group 1: Iters=10, Procs=2688, Factors=1.000000, Dist=2, RM=0, SM=0, RS=0, SS=5, parents=896, children=0
Async_Iters: 0
T_iter: 1.143745 1.057094 1.166567 1.136022 1.101998 1.115733 1.070078 1.035513 1.094052 1.067182 
T_stage 0: 0.769491 0.779353 0.777312 0.786523 0.778669 0.774608 0.778210 0.766931 0.770172 0.770034 
T_stage 1: 0.367089 0.276994 0.391354 0.347096 0.319093 0.341492 0.292580 0.264553 0.323497 0.298366 
Config: granularity=100000, SDR=10000, ADR=0, Rigid=1, Capture_Method=0
Stage 0: PT=0, T_stage=0.523500, bytes=0, T_capped=0
Stage 1: PT=6, T_stage=0.000000, bytes=33176880, T_capped=0
Group 1: Iters=10, Procs=2688, Factors=1.000000, Dist=2, RM=0, SM=0, RS=0, SS=5, parents=896, children=0
Async_Iters: 0
T_iter: 1.151842 1.024060 1.085554 0.996004 1.018546 1.072241 1.058773 1.148830 1.151599 1.125599 
T_stage 0: 0.778521 0.781662 0.792547 0.779163 0.785412 0.783766 0.781970 0.779497 0.787074 0.767562 
T_stage 1: 0.365842 0.245022 0.295668 0.214436 0.235734 0.292565 0.276198 0.367937 0.368510 0.350195 
Config: granularity=100000, SDR=10000, ADR=0, Rigid=1, Capture_Method=0
Stage 0: PT=0, T_stage=0.523500, bytes=0, T_capped=0
Stage 1: PT=6, T_stage=0.000000, bytes=33176880, T_capped=0
Group 1: Iters=10, Procs=2688, Factors=1.000000, Dist=2, RM=0, SM=0, RS=0, SS=5, parents=896, children=0
Async_Iters: 0
T_iter: 1.160341 1.054869 1.092930 1.055647 1.041358 1.095376 1.102817 1.154298 1.126995 1.141377 
T_stage 0: 0.784476 0.790504 0.794807 0.798756 0.790114 0.791104 0.783435 0.785288 0.791300 0.780962 
T_stage 1: 0.368407 0.260740 0.296141 0.259612 0.249162 0.304035 0.315914 0.370655 0.338662 0.351122 
Config: granularity=100000, SDR=10000, ADR=0, Rigid=1, Capture_Method=0
Stage 0: PT=0, T_stage=0.523500, bytes=0, T_capped=0
Stage 1: PT=6, T_stage=0.000000, bytes=33176880, T_capped=0
Group 1: Iters=10, Procs=2688, Factors=1.000000, Dist=2, RM=0, SM=0, RS=0, SS=5, parents=896, children=0
Async_Iters: 0
T_iter: 1.217691 1.106119 1.123507 1.228778 1.073503 1.072354 1.053419 1.167488 1.251304 1.043362 
T_stage 0: 0.841882 0.845452 0.848926 0.844647 0.843980 0.842100 0.833217 0.837363 0.840619 0.831071 
T_stage 1: 0.372686 0.245866 0.268693 0.379105 0.229256 0.226729 0.221284 0.326841 0.404626 0.212260 
Config: granularity=100000, SDR=10000, ADR=0, Rigid=1, Capture_Method=0
Stage 0: PT=0, T_stage=0.523500, bytes=0, T_capped=0
Stage 1: PT=6, T_stage=0.000000, bytes=33176880, T_capped=0
Group 1: Iters=10, Procs=2688, Factors=1.000000, Dist=2, RM=0, SM=0, RS=0, SS=5, parents=896, children=0
Async_Iters: 0
T_iter: 1.254291 1.178705 1.183683 1.191671 1.116670 1.092970 1.164899 1.188364 1.224112 1.092844 
T_stage 0: 0.849610 0.874518 0.863393 0.871249 0.851624 0.853618 0.847690 0.851593 0.855806 0.844354 
T_stage 1: 0.399451 0.311304 0.327941 0.327102 0.265284 0.243968 0.311741 0.338106 0.371895 0.249487 
Config: granularity=100000, SDR=10000, ADR=0, Rigid=1, Capture_Method=0
Stage 0: PT=0, T_stage=0.523500, bytes=0, T_capped=0
Stage 1: PT=6, T_stage=0.000000, bytes=33176880, T_capped=0
Group 1: Iters=10, Procs=2688, Factors=1.000000, Dist=2, RM=0, SM=0, RS=0, SS=5, parents=896, children=0
Async_Iters: 0
T_iter: 1.125139 1.063373 0.975834 1.086211 1.123063 1.120712 1.039355 0.993571 1.000318 1.135155 
T_stage 0: 0.774744 0.774553 0.778248 0.776251 0.774492 0.768203 0.767525 0.760422 0.756483 0.773678 
T_stage 1: 0.337577 0.292133 0.195617 0.309253 0.351030 0.349697 0.274792 0.229767 0.235624 0.359942 
Config: granularity=100000, SDR=10000, ADR=0, Rigid=1, Capture_Method=0
Stage 0: PT=0, T_stage=0.523500, bytes=0, T_capped=0
Stage 1: PT=6, T_stage=0.000000, bytes=33176880, T_capped=0
Group 1: Iters=10, Procs=2688, Factors=1.000000, Dist=2, RM=0, SM=0, RS=0, SS=5, parents=896, children=0
Async_Iters: 0
T_iter: 1.316941 1.040632 1.074691 1.190693 1.093530 1.042891 1.015386 1.044264 1.123392 1.132531 
T_stage 0: 0.784936 0.797878 0.807388 0.807713 0.798526 0.787002 0.791337 0.778684 0.801543 0.777422 
T_stage 1: 0.523543 0.244321 0.266767 0.381181 0.282169 0.254608 0.223007 0.264935 0.322651 0.351150 
Config: granularity=100000, SDR=10000, ADR=0, Rigid=1, Capture_Method=0
Stage 0: PT=0, T_stage=0.523500, bytes=0, T_capped=0
Stage 1: PT=6, T_stage=0.000000, bytes=33176880, T_capped=0
Group 1: Iters=10, Procs=2688, Factors=1.000000, Dist=2, RM=0, SM=0, RS=0, SS=5, parents=896, children=0
Async_Iters: 0
T_iter: 1.144945 1.060671 1.136745 1.072075 1.217830 1.009719 1.016404 1.007213 0.995372 1.114223 
T_stage 0: 0.782049 0.780951 0.777991 0.783756 0.766151 0.771649 0.776216 0.758016 0.768737 0.770923 
T_stage 1: 0.350305 0.288409 0.364551 0.290402 0.448006 0.236806 0.239259 0.250588 0.222510 0.338688 
