Config: granularity=100000, SDR=10000, ADR=0, Rigid=1, Capture_Method=0
Stage 0: PT=0, T_stage=0.523500, bytes=0, T_capped=0
Stage 1: PT=6, T_stage=0.000000, bytes=33176880, T_capped=0
Group 1: Iters=10, Procs=2688, Factors=1.000000, Dist=2, RM=0, SM=0, RS=0, SS=5, parents=1792, children=0
Async_Iters: 0
T_iter: 1.158767 1.050639 1.047189 1.167477 1.046530 1.154872 1.144932 1.157670 1.174045 1.042743 
T_stage 0: 0.778874 0.787315 0.794989 0.783322 0.782354 0.782194 0.780915 0.772573 0.773878 0.787210 
T_stage 1: 0.377944 0.264824 0.257735 0.383295 0.260734 0.372193 0.360682 0.374955 0.395601 0.254720 
Config: granularity=100000, SDR=10000, ADR=0, Rigid=1, Capture_Method=0
Stage 0: PT=0, T_stage=0.523500, bytes=0, T_capped=0
Stage 1: PT=6, T_stage=0.000000, bytes=33176880, T_capped=0
Group 1: Iters=10, Procs=2688, Factors=1.000000, Dist=2, RM=0, SM=0, RS=0, SS=5, parents=1792, children=0
Async_Iters: 0
T_iter: 1.054288 1.081639 1.110342 1.050999 1.003466 1.004992 1.016732 1.035844 1.006123 1.063930 
T_stage 0: 0.760588 0.769509 0.779311 0.766623 0.758706 0.754829 0.759623 0.760947 0.759506 0.753851 
T_stage 1: 0.287199 0.315095 0.342134 0.279361 0.243626 0.245499 0.255366 0.276921 0.246359 0.306905 
Config: granularity=100000, SDR=10000, ADR=0, Rigid=1, Capture_Method=0
Stage 0: PT=0, T_stage=0.523500, bytes=0, T_capped=0
Stage 1: PT=6, T_stage=0.000000, bytes=33176880, T_capped=0
Group 1: Iters=10, Procs=2688, Factors=1.000000, Dist=2, RM=0, SM=0, RS=0, SS=5, parents=1792, children=0
Async_Iters: 0
T_iter: 1.162506 1.133235 1.130257 1.047959 1.154228 1.081077 1.119058 1.184043 1.098707 1.150967 
T_stage 0: 0.790634 0.812799 0.796454 0.803038 0.793086 0.783461 0.793376 0.775491 0.772539 0.793770 
T_stage 1: 0.365645 0.324435 0.331059 0.247190 0.360837 0.296946 0.327918 0.409535 0.324092 0.362239 
Config: granularity=100000, SDR=10000, ADR=0, Rigid=1, Capture_Method=0
Stage 0: PT=0, T_stage=0.523500, bytes=0, T_capped=0
Stage 1: PT=6, T_stage=0.000000, bytes=33176880, T_capped=0
Group 1: Iters=10, Procs=2688, Factors=1.000000, Dist=2, RM=0, SM=0, RS=0, SS=5, parents=1792, children=0
Async_Iters: 0
T_iter: 1.098060 1.032204 1.101345 1.115768 1.059111 1.037077 1.051220 1.138792 1.130161 1.001416 
T_stage 0: 0.775646 0.782133 0.775368 0.786551 0.775452 0.777477 0.774914 0.765795 0.763514 0.769705 
T_stage 1: 0.313740 0.254594 0.330623 0.330031 0.279499 0.266338 0.276242 0.371412 0.364219 0.233232 
Config: granularity=100000, SDR=10000, ADR=0, Rigid=1, Capture_Method=0
Stage 0: PT=0, T_stage=0.523500, bytes=0, T_capped=0
Stage 1: PT=6, T_stage=0.000000, bytes=33176880, T_capped=0
Group 1: Iters=10, Procs=2688, Factors=1.000000, Dist=2, RM=0, SM=0, RS=0, SS=5, parents=1792, children=0
Async_Iters: 0
T_iter: 1.161921 1.122963 1.057258 1.042437 1.130646 1.017818 1.047386 1.101689 1.214575 1.048591 
T_stage 0: 0.769870 0.781863 0.779460 0.776665 0.774181 0.769354 0.770789 0.772224 0.765243 0.762077 
T_stage 1: 0.374553 0.339890 0.280030 0.268063 0.362611 0.247800 0.277756 0.326824 0.449010 0.286949 
Config: granularity=100000, SDR=10000, ADR=0, Rigid=1, Capture_Method=0
Stage 0: PT=0, T_stage=0.523500, bytes=0, T_capped=0
Stage 1: PT=6, T_stage=0.000000, bytes=33176880, T_capped=0
Group 1: Iters=10, Procs=2688, Factors=1.000000, Dist=2, RM=0, SM=0, RS=0, SS=5, parents=1792, children=0
Async_Iters: 0
T_iter: 1.073134 1.067027 1.122519 1.104258 0.990945 1.047354 1.060077 1.042916 1.074888 1.131125 
T_stage 0: 0.772529 0.770067 0.778911 0.782162 0.760441 0.766626 0.766834 0.761911 0.757052 0.762137 
T_stage 1: 0.292937 0.302657 0.351658 0.326063 0.232067 0.281584 0.295863 0.275860 0.321331 0.367678 
Config: granularity=100000, SDR=10000, ADR=0, Rigid=1, Capture_Method=0
Stage 0: PT=0, T_stage=0.523500, bytes=0, T_capped=0
Stage 1: PT=6, T_stage=0.000000, bytes=33176880, T_capped=0
Group 1: Iters=10, Procs=2688, Factors=1.000000, Dist=2, RM=0, SM=0, RS=0, SS=5, parents=1792, children=0
Async_Iters: 0
T_iter: 1.035912 1.038406 1.114677 1.049617 1.082619 0.989054 1.115056 0.996722 1.002866 1.010357 
T_stage 0: 0.757624 0.766023 0.770600 0.760860 0.760482 0.760587 0.750915 0.749961 0.756043 0.752252 
T_stage 1: 0.271285 0.275391 0.341960 0.286044 0.318535 0.229001 0.359678 0.241352 0.249977 0.260480 
Config: granularity=100000, SDR=10000, ADR=0, Rigid=1, Capture_Method=0
Stage 0: PT=0, T_stage=0.523500, bytes=0, T_capped=0
Stage 1: PT=6, T_stage=0.000000, bytes=33176880, T_capped=0
Group 1: Iters=10, Procs=2688, Factors=1.000000, Dist=2, RM=0, SM=0, RS=0, SS=5, parents=1792, children=0
Async_Iters: 0
T_iter: 1.153829 1.018623 1.092647 1.078624 1.031756 0.990127 0.976860 0.965383 1.004882 1.035441 
T_stage 0: 0.755053 0.759140 0.756673 0.741268 0.748302 0.763021 0.758879 0.755298 0.748171 0.764233 
T_stage 1: 0.382360 0.262200 0.332676 0.331846 0.285071 0.230534 0.219315 0.203934 0.258005 0.265904 
Config: granularity=100000, SDR=10000, ADR=0, Rigid=1, Capture_Method=0
Stage 0: PT=0, T_stage=0.523500, bytes=0, T_capped=0
Stage 1: PT=6, T_stage=0.000000, bytes=33176880, T_capped=0
Group 1: Iters=10, Procs=2688, Factors=1.000000, Dist=2, RM=0, SM=0, RS=0, SS=5, parents=1792, children=0
Async_Iters: 0
T_iter: 1.092464 1.207904 1.142444 1.137531 1.059515 1.094030 1.145182 1.073590 1.039074 1.003763 
T_stage 0: 0.773864 0.778529 0.785992 0.780898 0.772332 0.781768 0.771472 0.775021 0.767213 0.764778 
T_stage 1: 0.318055 0.430078 0.361676 0.362018 0.285216 0.312128 0.373184 0.299865 0.270751 0.237481 
Config: granularity=100000, SDR=10000, ADR=0, Rigid=1, Capture_Method=0
Stage 0: PT=0, T_stage=0.523500, bytes=0, T_capped=0
Stage 1: PT=6, T_stage=0.000000, bytes=33176880, T_capped=0
Group 1: Iters=10, Procs=2688, Factors=1.000000, Dist=2, RM=0, SM=0, RS=0, SS=5, parents=1792, children=0
Async_Iters: 0
T_iter: 1.089676 1.081826 1.083789 1.159259 1.011972 1.024722 1.083899 1.073255 1.080804 1.106178 
T_stage 0: 0.794444 0.793878 0.799053 0.792070 0.786340 0.788986 0.789030 0.794753 0.783723 0.795273 
T_stage 1: 0.286504 0.285805 0.282848 0.365488 0.230569 0.233492 0.290391 0.277771 0.296727 0.320146 
Config: granularity=100000, SDR=10000, ADR=0, Rigid=1, Capture_Method=0
Stage 0: PT=0, T_stage=0.523500, bytes=0, T_capped=0
Stage 1: PT=6, T_stage=0.000000, bytes=33176880, T_capped=0
Group 1: Iters=10, Procs=2688, Factors=1.000000, Dist=2, RM=0, SM=0, RS=0, SS=5, parents=1792, children=0
Async_Iters: 0
T_iter: 1.127911 1.071721 1.126870 1.056584 1.015156 1.056735 0.993927 1.028330 0.994374 1.052719 
T_stage 0: 0.771026 0.780328 0.780688 0.772291 0.772538 0.771371 0.742488 0.769093 0.766514 0.770679 
T_stage 1: 0.350435 0.292394 0.347005 0.287274 0.238699 0.276407 0.250463 0.255380 0.230200 0.289697 
Config: granularity=100000, SDR=10000, ADR=0, Rigid=1, Capture_Method=0
Stage 0: PT=0, T_stage=0.523500, bytes=0, T_capped=0
Stage 1: PT=6, T_stage=0.000000, bytes=33176880, T_capped=0
Group 1: Iters=10, Procs=2688, Factors=1.000000, Dist=2, RM=0, SM=0, RS=0, SS=5, parents=1792, children=0
Async_Iters: 0
T_iter: 1.155428 1.172184 1.179257 1.168179 1.089345 1.105333 1.174866 1.109608 1.072488 1.123375 
T_stage 0: 0.869115 0.878467 0.871927 0.871522 0.862829 0.869804 0.867418 0.862646 0.864122 0.866407 
T_stage 1: 0.279045 0.293514 0.303881 0.290471 0.219721 0.238654 0.307176 0.247302 0.212677 0.253995 
Config: granularity=100000, SDR=10000, ADR=0, Rigid=1, Capture_Method=0
Stage 0: PT=0, T_stage=0.523500, bytes=0, T_capped=0
Stage 1: PT=6, T_stage=0.000000, bytes=33176880, T_capped=0
Group 1: Iters=10, Procs=2688, Factors=1.000000, Dist=2, RM=0, SM=0, RS=0, SS=5, parents=1792, children=0
Async_Iters: 0
T_iter: 1.152865 1.194657 1.122411 1.155418 1.144034 1.047379 1.098079 1.065613 0.993298 1.051475 
T_stage 0: 0.784573 0.811140 0.792610 0.793602 0.783635 0.788102 0.788504 0.782771 0.778888 0.774284 
T_stage 1: 0.360699 0.388859 0.334463 0.358663 0.362649 0.256803 0.310928 0.283395 0.211221 0.267915 
Config: granularity=100000, SDR=10000, ADR=0, Rigid=1, Capture_Method=0
Stage 0: PT=0, T_stage=0.523500, bytes=0, T_capped=0
Stage 1: PT=6, T_stage=0.000000, bytes=33176880, T_capped=0
Group 1: Iters=10, Procs=2688, Factors=1.000000, Dist=2, RM=0, SM=0, RS=0, SS=5, parents=1792, children=0
Async_Iters: 0
T_iter: 1.095896 1.127767 1.096522 1.111642 1.011312 1.041750 1.120128 1.055749 1.031663 0.984129 
T_stage 0: 0.784555 0.788205 0.788399 0.777431 0.762534 0.773775 0.771005 0.776286 0.775729 0.750478 
T_stage 1: 0.308600 0.344903 0.309577 0.332639 0.249201 0.266335 0.345855 0.278730 0.259074 0.232889 
Config: granularity=100000, SDR=10000, ADR=0, Rigid=1, Capture_Method=0
Stage 0: PT=0, T_stage=0.523500, bytes=0, T_capped=0
Stage 1: PT=6, T_stage=0.000000, bytes=33176880, T_capped=0
Group 1: Iters=10, Procs=2688, Factors=1.000000, Dist=2, RM=0, SM=0, RS=0, SS=5, parents=1792, children=0
Async_Iters: 0
T_iter: 1.155013 1.190251 1.202568 1.152967 1.120385 1.029308 1.047586 1.066691 1.050187 1.033858 
T_stage 0: 0.778666 0.776156 0.794684 0.785494 0.767216 0.762028 0.759108 0.776751 0.757488 0.755060 
T_stage 1: 0.373202 0.414541 0.411063 0.363386 0.350497 0.267464 0.289832 0.291269 0.292572 0.282599 
Config: granularity=100000, SDR=10000, ADR=0, Rigid=1, Capture_Method=0
Stage 0: PT=0, T_stage=0.523500, bytes=0, T_capped=0
Stage 1: PT=6, T_stage=0.000000, bytes=33176880, T_capped=0
Group 1: Iters=10, Procs=2688, Factors=1.000000, Dist=2, RM=0, SM=0, RS=0, SS=5, parents=1792, children=0
Async_Iters: 0
T_iter: 1.122844 1.156045 1.050925 1.016728 1.052945 1.070651 1.063260 1.042015 1.016991 1.017669 
T_stage 0: 0.773309 0.777764 0.778156 0.766868 0.770567 0.765793 0.766059 0.768205 0.761101 0.757360 
T_stage 1: 0.343259 0.380473 0.280346 0.252432 0.285482 0.302180 0.297454 0.278550 0.258494 0.261581 
Config: granularity=100000, SDR=10000, ADR=0, Rigid=1, Capture_Method=0
Stage 0: PT=0, T_stage=0.523500, bytes=0, T_capped=0
Stage 1: PT=6, T_stage=0.000000, bytes=33176880, T_capped=0
Group 1: Iters=10, Procs=2688, Factors=1.000000, Dist=2, RM=0, SM=0, RS=0, SS=5, parents=1792, children=0
Async_Iters: 0
T_iter: 1.231421 1.237294 1.254961 1.244317 1.222187 1.135239 1.134194 1.145862 1.208577 1.126460 
T_stage 0: 0.849812 0.866182 0.868787 0.866711 0.853937 0.842493 0.829249 0.852859 0.839294 0.826507 
T_stage 1: 0.372823 0.377162 0.388876 0.376107 0.366890 0.293331 0.306835 0.296482 0.371032 0.305548 
Config: granularity=100000, SDR=10000, ADR=0, Rigid=1, Capture_Method=0
Stage 0: PT=0, T_stage=0.523500, bytes=0, T_capped=0
Stage 1: PT=6, T_stage=0.000000, bytes=33176880, T_capped=0
Group 1: Iters=10, Procs=2688, Factors=1.000000, Dist=2, RM=0, SM=0, RS=0, SS=5, parents=1792, children=0
Async_Iters: 0
T_iter: 2.620027 2.577872 2.530887 2.451866 2.526660 2.506549 2.567382 2.615085 2.497755 2.484644 
T_stage 0: 2.251850 2.264519 2.261240 2.253373 2.264652 2.259409 2.253289 2.256187 2.262664 2.261427 
T_stage 1: 0.361915 0.313976 0.270043 0.194778 0.267349 0.245988 0.315493 0.365870 0.233442 0.231344 
Config: granularity=100000, SDR=10000, ADR=0, Rigid=1, Capture_Method=0
Stage 0: PT=0, T_stage=0.523500, bytes=0, T_capped=0
Stage 1: PT=6, T_stage=0.000000, bytes=33176880, T_capped=0
Group 1: Iters=10, Procs=2688, Factors=1.000000, Dist=2, RM=0, SM=0, RS=0, SS=5, parents=1792, children=0
Async_Iters: 0
T_iter: 1.293665 1.119080 1.220737 1.227997 1.183128 1.194772 1.155321 1.179517 1.080994 1.107131 
T_stage 0: 0.860836 0.870722 0.862874 0.861258 0.861828 0.856822 0.856214 0.857510 0.850313 0.848177 
T_stage 1: 0.424538 0.255276 0.358910 0.360198 0.317874 0.335186 0.301554 0.319969 0.226912 0.254242 
Config: granularity=100000, SDR=10000, ADR=0, Rigid=1, Capture_Method=0
Stage 0: PT=0, T_stage=0.523500, bytes=0, T_capped=0
Stage 1: PT=6, T_stage=0.000000, bytes=33176880, T_capped=0
Group 1: Iters=10, Procs=2688, Factors=1.000000, Dist=2, RM=0, SM=0, RS=0, SS=5, parents=1792, children=0
Async_Iters: 0
T_iter: 1.103632 1.056894 1.092625 1.059851 0.993782 1.036674 1.036801 1.082843 1.042605 1.035348 
T_stage 0: 0.760726 0.780591 0.773841 0.780229 0.766191 0.767509 0.760962 0.767812 0.772822 0.768085 
T_stage 1: 0.335470 0.268724 0.321374 0.285500 0.226944 0.270685 0.273253 0.316570 0.272333 0.267126 
