Config: granularity=100000, SDR=10000, ADR=0, Rigid=1, Capture_Method=0
Stage 0: PT=0, T_stage=0.523500, bytes=0, T_capped=0
Stage 1: PT=6, T_stage=0.000000, bytes=33176880, T_capped=0
Group 1: Iters=10, Procs=448, Factors=1.000000, Dist=2, RM=0, SM=1, RS=0, SS=0, parents=224, children=0
Async_Iters: 0
T_iter: 0.900254 0.845285 0.882920 0.855723 0.848597 0.863676 0.898403 0.849300 0.853203 0.851246 
T_stage 0: 0.748098 0.746042 0.747704 0.755692 0.742298 0.741655 0.751818 0.738769 0.738010 0.737004 
T_stage 1: 0.152181 0.099572 0.136688 0.099986 0.106748 0.122134 0.150679 0.110197 0.115299 0.116183 
Config: granularity=100000, SDR=10000, ADR=0, Rigid=1, Capture_Method=0
Stage 0: PT=0, T_stage=0.523500, bytes=0, T_capped=0
Stage 1: PT=6, T_stage=0.000000, bytes=33176880, T_capped=0
Group 1: Iters=10, Procs=448, Factors=1.000000, Dist=2, RM=0, SM=1, RS=0, SS=0, parents=224, children=0
Async_Iters: 0
T_iter: 0.979842 0.927866 0.990944 0.993698 0.986846 0.976852 0.949054 0.974697 0.969833 0.974076 
T_stage 0: 0.823497 0.821299 0.842498 0.867176 0.857776 0.859135 0.854552 0.851806 0.854141 0.827717 
T_stage 1: 0.156393 0.107020 0.149437 0.134175 0.129027 0.118120 0.094864 0.116081 0.118038 0.146676 
Config: granularity=100000, SDR=10000, ADR=0, Rigid=1, Capture_Method=0
Stage 0: PT=0, T_stage=0.523500, bytes=0, T_capped=0
Stage 1: PT=6, T_stage=0.000000, bytes=33176880, T_capped=0
Group 1: Iters=10, Procs=448, Factors=1.000000, Dist=2, RM=0, SM=1, RS=0, SS=0, parents=224, children=0
Async_Iters: 0
T_iter: 0.915856 0.861569 0.948040 0.870035 0.886683 0.885430 0.885977 0.887658 0.885786 0.923844 
T_stage 0: 0.762687 0.764172 0.790335 0.774272 0.780261 0.778841 0.772412 0.774729 0.769989 0.771796 
T_stage 1: 0.153212 0.097599 0.160616 0.095838 0.107973 0.106714 0.113700 0.113000 0.115863 0.152339 
Config: granularity=100000, SDR=10000, ADR=0, Rigid=1, Capture_Method=0
Stage 0: PT=0, T_stage=0.523500, bytes=0, T_capped=0
Stage 1: PT=6, T_stage=0.000000, bytes=33176880, T_capped=0
Group 1: Iters=10, Procs=448, Factors=1.000000, Dist=2, RM=0, SM=1, RS=0, SS=0, parents=224, children=0
Async_Iters: 0
T_iter: 0.876493 0.889209 0.841908 0.848255 0.829054 0.920734 0.857327 0.839309 0.844187 0.849753 
T_stage 0: 0.715567 0.719630 0.743388 0.736721 0.736311 0.741448 0.730145 0.729506 0.726800 0.730016 
T_stage 1: 0.160972 0.173282 0.100492 0.112990 0.095839 0.186588 0.127531 0.109886 0.117758 0.124011 
Config: granularity=100000, SDR=10000, ADR=0, Rigid=1, Capture_Method=0
Stage 0: PT=0, T_stage=0.523500, bytes=0, T_capped=0
Stage 1: PT=6, T_stage=0.000000, bytes=33176880, T_capped=0
Group 1: Iters=10, Procs=448, Factors=1.000000, Dist=2, RM=0, SM=1, RS=0, SS=0, parents=224, children=0
Async_Iters: 0
T_iter: 0.844955 0.851615 0.802602 0.784235 0.813559 0.787801 0.792940 0.800917 0.822549 0.780644 
T_stage 0: 0.696613 0.701578 0.698064 0.697448 0.699930 0.693847 0.693575 0.693199 0.692398 0.697490 
T_stage 1: 0.148405 0.152952 0.104647 0.087487 0.116580 0.093981 0.099522 0.107838 0.130505 0.087895 
Config: granularity=100000, SDR=10000, ADR=0, Rigid=1, Capture_Method=0
Stage 0: PT=0, T_stage=0.523500, bytes=0, T_capped=0
Stage 1: PT=6, T_stage=0.000000, bytes=33176880, T_capped=0
Group 1: Iters=10, Procs=448, Factors=1.000000, Dist=2, RM=0, SM=1, RS=0, SS=0, parents=224, children=0
Async_Iters: 0
T_iter: 0.867442 0.841753 0.967169 0.894187 0.906424 0.876954 0.891686 0.886052 0.874348 0.835487 
T_stage 0: 0.726951 0.728564 0.780521 0.771392 0.791885 0.774316 0.784287 0.783127 0.774577 0.724349 
T_stage 1: 0.140405 0.113466 0.185684 0.122974 0.114972 0.102895 0.107707 0.103093 0.099749 0.111276 
Config: granularity=100000, SDR=10000, ADR=0, Rigid=1, Capture_Method=0
Stage 0: PT=0, T_stage=0.523500, bytes=0, T_capped=0
Stage 1: PT=6, T_stage=0.000000, bytes=33176880, T_capped=0
Group 1: Iters=10, Procs=448, Factors=1.000000, Dist=2, RM=0, SM=1, RS=0, SS=0, parents=224, children=0
Async_Iters: 0
T_iter: 0.896584 0.860918 0.951618 0.901729 0.894913 0.907345 0.890769 0.877853 0.878624 0.882431 
T_stage 0: 0.736282 0.739055 0.782492 0.776523 0.779925 0.777743 0.773231 0.774089 0.772739 0.772035 
T_stage 1: 0.160563 0.122080 0.170441 0.125179 0.115342 0.129740 0.117927 0.101038 0.106276 0.110493 
Config: granularity=100000, SDR=10000, ADR=0, Rigid=1, Capture_Method=0
Stage 0: PT=0, T_stage=0.523500, bytes=0, T_capped=0
Stage 1: PT=6, T_stage=0.000000, bytes=33176880, T_capped=0
Group 1: Iters=10, Procs=448, Factors=1.000000, Dist=2, RM=0, SM=1, RS=0, SS=0, parents=224, children=0
Async_Iters: 0
T_iter: 0.951419 0.896285 0.964363 0.982011 0.990736 0.953898 0.955126 0.959798 0.989356 0.979586 
T_stage 0: 0.804100 0.807183 0.862689 0.829413 0.862020 0.864553 0.859077 0.857235 0.859210 0.835935 
T_stage 1: 0.149370 0.089458 0.102698 0.152498 0.128774 0.089612 0.096135 0.102807 0.133944 0.140229 
Config: granularity=100000, SDR=10000, ADR=0, Rigid=1, Capture_Method=0
Stage 0: PT=0, T_stage=0.523500, bytes=0, T_capped=0
Stage 1: PT=6, T_stage=0.000000, bytes=33176880, T_capped=0
Group 1: Iters=10, Procs=448, Factors=1.000000, Dist=2, RM=0, SM=1, RS=0, SS=0, parents=224, children=0
Async_Iters: 0
T_iter: 0.869605 0.865164 0.898996 0.885555 0.886149 0.887517 0.877853 0.887953 0.893568 0.903568 
T_stage 0: 0.732835 0.731604 0.775474 0.787271 0.790431 0.767305 0.785642 0.783489 0.780864 0.781773 
T_stage 1: 0.137039 0.133974 0.117890 0.098854 0.096281 0.120459 0.092571 0.104561 0.112827 0.121911 
Config: granularity=100000, SDR=10000, ADR=0, Rigid=1, Capture_Method=0
Stage 0: PT=0, T_stage=0.523500, bytes=0, T_capped=0
Stage 1: PT=6, T_stage=0.000000, bytes=33176880, T_capped=0
Group 1: Iters=10, Procs=448, Factors=1.000000, Dist=2, RM=0, SM=1, RS=0, SS=0, parents=224, children=0
Async_Iters: 0
T_iter: 0.893201 0.854090 0.888797 0.858416 0.871750 0.864075 0.845316 0.876346 0.862102 0.854812 
T_stage 0: 0.752240 0.753599 0.753945 0.759589 0.762770 0.751131 0.745684 0.746680 0.752564 0.753094 
T_stage 1: 0.141318 0.100722 0.134748 0.099109 0.109259 0.113894 0.099640 0.126440 0.109654 0.102898 
Config: granularity=100000, SDR=10000, ADR=0, Rigid=1, Capture_Method=0
Stage 0: PT=0, T_stage=0.523500, bytes=0, T_capped=0
Stage 1: PT=6, T_stage=0.000000, bytes=33176880, T_capped=0
Group 1: Iters=10, Procs=448, Factors=1.000000, Dist=2, RM=0, SM=1, RS=0, SS=0, parents=224, children=0
Async_Iters: 0
T_iter: 0.897311 0.855742 0.965092 0.904699 0.907499 0.914633 0.895604 0.899697 0.890669 0.895567 
T_stage 0: 0.760499 0.760987 0.815570 0.796189 0.795621 0.800294 0.792383 0.793263 0.789433 0.787671 
T_stage 1: 0.137014 0.094851 0.150360 0.109094 0.112494 0.115532 0.103332 0.106485 0.101415 0.107942 
Config: granularity=100000, SDR=10000, ADR=0, Rigid=1, Capture_Method=0
Stage 0: PT=0, T_stage=0.523500, bytes=0, T_capped=0
Stage 1: PT=6, T_stage=0.000000, bytes=33176880, T_capped=0
Group 1: Iters=10, Procs=448, Factors=1.000000, Dist=2, RM=0, SM=1, RS=0, SS=0, parents=224, children=0
Async_Iters: 0
T_iter: 0.881350 0.866174 0.942863 0.894145 0.909643 0.899532 0.893678 0.907313 0.885978 0.884062 
T_stage 0: 0.742393 0.747769 0.797213 0.788278 0.790887 0.791488 0.786118 0.786387 0.784070 0.783470 
T_stage 1: 0.138910 0.118475 0.148008 0.106070 0.119449 0.108200 0.107654 0.121073 0.102369 0.100933 
Config: granularity=100000, SDR=10000, ADR=0, Rigid=1, Capture_Method=0
Stage 0: PT=0, T_stage=0.523500, bytes=0, T_capped=0
Stage 1: PT=6, T_stage=0.000000, bytes=33176880, T_capped=0
Group 1: Iters=10, Procs=448, Factors=1.000000, Dist=2, RM=0, SM=1, RS=0, SS=0, parents=224, children=0
Async_Iters: 0
T_iter: 0.825091 0.861928 0.864521 0.818888 0.821157 0.828898 0.838359 0.813798 0.834654 0.803818 
T_stage 0: 0.684624 0.669587 0.703549 0.721792 0.721464 0.720514 0.736883 0.710345 0.731382 0.698028 
T_stage 1: 0.140691 0.192366 0.160276 0.098031 0.101638 0.109414 0.101674 0.103947 0.103460 0.105809 
Config: granularity=100000, SDR=10000, ADR=0, Rigid=1, Capture_Method=0
Stage 0: PT=0, T_stage=0.523500, bytes=0, T_capped=0
Stage 1: PT=6, T_stage=0.000000, bytes=33176880, T_capped=0
Group 1: Iters=10, Procs=448, Factors=1.000000, Dist=2, RM=0, SM=1, RS=0, SS=0, parents=224, children=0
Async_Iters: 0
T_iter: 0.917376 0.897271 0.891089 0.857653 0.878761 0.861745 0.846509 0.850524 0.856936 0.859259 
T_stage 0: 0.750836 0.769063 0.773742 0.767590 0.769165 0.749144 0.748281 0.750495 0.757052 0.758675 
T_stage 1: 0.166515 0.128563 0.120931 0.090609 0.110370 0.112707 0.098467 0.100178 0.104446 0.101120 
Config: granularity=100000, SDR=10000, ADR=0, Rigid=1, Capture_Method=0
Stage 0: PT=0, T_stage=0.523500, bytes=0, T_capped=0
Stage 1: PT=6, T_stage=0.000000, bytes=33176880, T_capped=0
Group 1: Iters=10, Procs=448, Factors=1.000000, Dist=2, RM=0, SM=1, RS=0, SS=0, parents=224, children=0
Async_Iters: 0
T_iter: 0.887238 0.871066 0.924117 0.905636 0.895989 0.907488 0.883155 0.905451 0.889752 0.898189 
T_stage 0: 0.751552 0.751903 0.805622 0.794461 0.794055 0.796294 0.788215 0.788547 0.786189 0.786593 
T_stage 1: 0.135705 0.119347 0.119536 0.109054 0.102339 0.110688 0.095297 0.117013 0.103680 0.111949 
Config: granularity=100000, SDR=10000, ADR=0, Rigid=1, Capture_Method=0
Stage 0: PT=0, T_stage=0.523500, bytes=0, T_capped=0
Stage 1: PT=6, T_stage=0.000000, bytes=33176880, T_capped=0
Group 1: Iters=10, Procs=448, Factors=1.000000, Dist=2, RM=0, SM=1, RS=0, SS=0, parents=224, children=0
Async_Iters: 0
T_iter: 1.019528 0.972463 0.951320 0.978980 0.984205 0.972068 0.951768 0.949149 0.948190 0.991235 
T_stage 0: 0.849589 0.852922 0.849197 0.853950 0.847352 0.848256 0.843856 0.843651 0.847396 0.841290 
T_stage 1: 0.170043 0.119861 0.102717 0.128915 0.136961 0.124166 0.108030 0.105764 0.101224 0.150648 
Config: granularity=100000, SDR=10000, ADR=0, Rigid=1, Capture_Method=0
Stage 0: PT=0, T_stage=0.523500, bytes=0, T_capped=0
Stage 1: PT=6, T_stage=0.000000, bytes=33176880, T_capped=0
Group 1: Iters=10, Procs=448, Factors=1.000000, Dist=2, RM=0, SM=1, RS=0, SS=0, parents=224, children=0
Async_Iters: 0
T_iter: 0.912404 0.899239 0.889833 0.862301 0.855999 0.865615 0.865733 0.876260 0.855381 0.854852 
T_stage 0: 0.770023 0.774806 0.765780 0.766317 0.765222 0.760807 0.759497 0.759603 0.756609 0.761453 
T_stage 1: 0.142304 0.129521 0.121524 0.096426 0.091210 0.103225 0.106867 0.119029 0.099006 0.093454 
Config: granularity=100000, SDR=10000, ADR=0, Rigid=1, Capture_Method=0
Stage 0: PT=0, T_stage=0.523500, bytes=0, T_capped=0
Stage 1: PT=6, T_stage=0.000000, bytes=33176880, T_capped=0
Group 1: Iters=10, Procs=448, Factors=1.000000, Dist=2, RM=0, SM=1, RS=0, SS=0, parents=224, children=0
Async_Iters: 0
T_iter: 0.862951 0.845973 0.861590 0.835526 0.846353 0.875442 0.858261 0.838705 0.815311 0.914345 
T_stage 0: 0.720882 0.721178 0.720456 0.732197 0.736307 0.720012 0.727592 0.728499 0.724807 0.726396 
T_stage 1: 0.142355 0.127173 0.141328 0.104387 0.111005 0.159776 0.130728 0.111297 0.090828 0.188831 
Config: granularity=100000, SDR=10000, ADR=0, Rigid=1, Capture_Method=0
Stage 0: PT=0, T_stage=0.523500, bytes=0, T_capped=0
Stage 1: PT=6, T_stage=0.000000, bytes=33176880, T_capped=0
Group 1: Iters=10, Procs=448, Factors=1.000000, Dist=2, RM=0, SM=1, RS=0, SS=0, parents=224, children=0
Async_Iters: 0
T_iter: 0.963893 0.930059 0.846691 0.858615 0.857300 0.852736 0.854167 0.835484 0.847377 0.851590 
T_stage 0: 0.812160 0.795140 0.745378 0.739446 0.743084 0.749937 0.740654 0.737329 0.735028 0.739359 
T_stage 1: 0.151710 0.135104 0.101735 0.114994 0.114754 0.103166 0.113927 0.098787 0.112691 0.113168 
Config: granularity=100000, SDR=10000, ADR=0, Rigid=1, Capture_Method=0
Stage 0: PT=0, T_stage=0.523500, bytes=0, T_capped=0
Stage 1: PT=6, T_stage=0.000000, bytes=33176880, T_capped=0
Group 1: Iters=10, Procs=448, Factors=1.000000, Dist=2, RM=0, SM=1, RS=0, SS=0, parents=224, children=0
Async_Iters: 0
T_iter: 0.857183 0.885901 0.859540 0.877283 0.888234 0.916001 0.873636 0.885913 0.857430 0.879432 
T_stage 0: 0.717744 0.717090 0.752544 0.772686 0.774190 0.770853 0.762201 0.762464 0.734863 0.764743 
T_stage 1: 0.139480 0.172802 0.106881 0.105589 0.114893 0.149398 0.111527 0.123507 0.122795 0.115006 
