Config: granularity=100000, SDR=10000, ADR=0, Rigid=1, Capture_Method=0
Stage 0: PT=0, T_stage=0.523500, bytes=0, T_capped=0
Stage 1: PT=6, T_stage=0.000000, bytes=33176880, T_capped=0
Group 1: Iters=10, Procs=3584, Factors=1.000000, Dist=2, RM=0, SM=0, RS=0, SS=5, parents=896, children=0
Async_Iters: 0
T_iter: 1.417898 1.332424 1.273470 1.367896 1.222242 1.161788 1.372676 1.369576 1.208252 1.152483 
T_stage 0: 0.871497 0.883913 0.880454 0.879238 0.870534 0.874089 0.865493 0.876642 0.866282 0.861045 
T_stage 1: 0.536978 0.434311 0.389898 0.486274 0.351938 0.289942 0.500897 0.496192 0.340832 0.293714 
Config: granularity=100000, SDR=10000, ADR=0, Rigid=1, Capture_Method=0
Stage 0: PT=0, T_stage=0.523500, bytes=0, T_capped=0
Stage 1: PT=6, T_stage=0.000000, bytes=33176880, T_capped=0
Group 1: Iters=10, Procs=3584, Factors=1.000000, Dist=2, RM=0, SM=0, RS=0, SS=5, parents=896, children=0
Async_Iters: 0
T_iter: 1.435063 1.355498 1.479239 1.413397 1.295724 4.085403 3.893246 4.040568 3.789589 3.959046 
T_stage 0: 0.861750 0.882942 0.891614 0.867135 0.875480 3.494640 3.474883 3.488076 3.494295 3.489102 
T_stage 1: 0.563446 0.476895 0.582773 0.543120 0.421650 0.590056 0.409396 0.549119 0.307175 0.471736 
Config: granularity=100000, SDR=10000, ADR=0, Rigid=1, Capture_Method=0
Stage 0: PT=0, T_stage=0.523500, bytes=0, T_capped=0
Stage 1: PT=6, T_stage=0.000000, bytes=33176880, T_capped=0
Group 1: Iters=10, Procs=3584, Factors=1.000000, Dist=2, RM=0, SM=0, RS=0, SS=5, parents=896, children=0
Async_Iters: 0
T_iter: 1.317962 1.196520 1.366924 1.351243 1.273352 1.191558 1.192884 1.297050 1.219569 1.085854 
T_stage 0: 0.788274 0.804578 0.802106 0.815324 0.787813 0.787479 0.793447 0.794658 0.787932 0.780588 
T_stage 1: 0.513219 0.386711 0.555546 0.547621 0.486163 0.405880 0.395324 0.503575 0.434946 0.307240 
Config: granularity=100000, SDR=10000, ADR=0, Rigid=1, Capture_Method=0
Stage 0: PT=0, T_stage=0.523500, bytes=0, T_capped=0
Stage 1: PT=6, T_stage=0.000000, bytes=33176880, T_capped=0
Group 1: Iters=10, Procs=3584, Factors=1.000000, Dist=2, RM=0, SM=0, RS=0, SS=5, parents=896, children=0
Async_Iters: 0
T_iter: 1.316564 1.217806 1.326266 1.282421 1.252286 1.103179 1.227119 1.260777 1.316506 1.163687 
T_stage 0: 0.767090 0.771886 0.786003 0.771462 0.771263 0.766325 0.768824 0.770059 0.778640 0.761437 
T_stage 1: 0.539390 0.441458 0.547371 0.514471 0.484445 0.334765 0.453163 0.489538 0.544908 0.404376 
Config: granularity=100000, SDR=10000, ADR=0, Rigid=1, Capture_Method=0
Stage 0: PT=0, T_stage=0.523500, bytes=0, T_capped=0
Stage 1: PT=6, T_stage=0.000000, bytes=33176880, T_capped=0
Group 1: Iters=10, Procs=3584, Factors=1.000000, Dist=2, RM=0, SM=0, RS=0, SS=5, parents=896, children=0
Async_Iters: 0
T_iter: 1.312034 1.232141 1.327472 1.317348 1.153509 1.289033 1.226171 1.239305 1.291347 1.284819 
T_stage 0: 0.808181 0.820170 0.824565 0.819611 0.817124 0.810038 0.809130 0.816394 0.815714 0.804719 
T_stage 1: 0.482634 0.413731 0.503142 0.507502 0.339469 0.482203 0.416491 0.417417 0.481124 0.467314 
Config: granularity=100000, SDR=10000, ADR=0, Rigid=1, Capture_Method=0
Stage 0: PT=0, T_stage=0.523500, bytes=0, T_capped=0
Stage 1: PT=6, T_stage=0.000000, bytes=33176880, T_capped=0
Group 1: Iters=10, Procs=3584, Factors=1.000000, Dist=2, RM=0, SM=0, RS=0, SS=5, parents=896, children=0
Async_Iters: 0
T_iter: 1.299607 1.214442 1.293832 1.323352 1.212333 1.171591 1.126517 1.231723 1.225318 1.165022 
T_stage 0: 0.775009 0.786930 0.788868 0.776140 0.782527 0.777733 0.769359 0.776754 0.769832 0.770400 
T_stage 1: 0.512819 0.430766 0.516265 0.545050 0.426814 0.395066 0.358311 0.455931 0.457660 0.393615 
Config: granularity=100000, SDR=10000, ADR=0, Rigid=1, Capture_Method=0
Stage 0: PT=0, T_stage=0.523500, bytes=0, T_capped=0
Stage 1: PT=6, T_stage=0.000000, bytes=33176880, T_capped=0
Group 1: Iters=10, Procs=3584, Factors=1.000000, Dist=2, RM=0, SM=0, RS=0, SS=5, parents=896, children=0
Async_Iters: 0
T_iter: 1.257324 1.274794 1.184106 1.411849 1.277093 1.267047 1.115973 1.335901 1.260818 1.225940 
T_stage 0: 0.780518 0.793627 0.787985 0.787882 0.784269 0.781527 0.774849 0.777248 0.781414 0.766916 
T_stage 1: 0.471066 0.487723 0.397107 0.622620 0.489649 0.492994 0.342549 0.562378 0.484722 0.456948 
Config: granularity=100000, SDR=10000, ADR=0, Rigid=1, Capture_Method=0
Stage 0: PT=0, T_stage=0.523500, bytes=0, T_capped=0
Stage 1: PT=6, T_stage=0.000000, bytes=33176880, T_capped=0
Group 1: Iters=10, Procs=3584, Factors=1.000000, Dist=2, RM=0, SM=0, RS=0, SS=5, parents=896, children=0
Async_Iters: 0
T_iter: 1.199918 1.265329 1.338521 1.259448 1.183231 1.132124 1.324855 1.235333 1.228207 1.153598 
T_stage 0: 0.810236 0.828108 0.822798 0.816531 0.809467 0.806499 0.808194 0.817644 0.807841 0.802020 
T_stage 1: 0.379415 0.433859 0.514323 0.431969 0.363678 0.323705 0.516848 0.422130 0.428881 0.348527 
Config: granularity=100000, SDR=10000, ADR=0, Rigid=1, Capture_Method=0
Stage 0: PT=0, T_stage=0.523500, bytes=0, T_capped=0
Stage 1: PT=6, T_stage=0.000000, bytes=33176880, T_capped=0
Group 1: Iters=10, Procs=3584, Factors=1.000000, Dist=2, RM=0, SM=0, RS=0, SS=5, parents=896, children=0
Async_Iters: 0
T_iter: 1.274223 1.279006 1.384767 1.471727 1.304964 1.335257 1.210215 1.263669 1.352068 1.140521 
T_stage 0: 0.854024 0.861457 0.869859 0.874085 0.859651 0.849538 0.854802 0.856809 0.852252 0.847056 
T_stage 1: 0.414473 0.413509 0.521099 0.613068 0.447176 0.485636 0.353835 0.412504 0.492761 0.291850 
Config: granularity=100000, SDR=10000, ADR=0, Rigid=1, Capture_Method=0
Stage 0: PT=0, T_stage=0.523500, bytes=0, T_capped=0
Stage 1: PT=6, T_stage=0.000000, bytes=33176880, T_capped=0
Group 1: Iters=10, Procs=3584, Factors=1.000000, Dist=2, RM=0, SM=0, RS=0, SS=5, parents=896, children=0
Async_Iters: 0
T_iter: 1.294447 1.236302 1.311880 1.221790 1.112699 1.236411 1.255599 1.251169 1.080229 1.070541 
T_stage 0: 0.775283 0.789333 0.784096 0.787800 0.777956 0.784346 0.780891 0.774506 0.774911 0.777590 
T_stage 1: 0.511293 0.435846 0.520805 0.444732 0.325323 0.445329 0.476774 0.484154 0.314452 0.298387 
Config: granularity=100000, SDR=10000, ADR=0, Rigid=1, Capture_Method=0
Stage 0: PT=0, T_stage=0.523500, bytes=0, T_capped=0
Stage 1: PT=6, T_stage=0.000000, bytes=33176880, T_capped=0
Group 1: Iters=10, Procs=3584, Factors=1.000000, Dist=2, RM=0, SM=0, RS=0, SS=5, parents=896, children=0
Async_Iters: 0
T_iter: 1.252742 1.208198 1.164163 1.404679 1.070366 1.096708 1.158231 1.261309 1.240535 1.120640 
T_stage 0: 0.771579 0.779727 0.775707 0.785789 0.778136 0.779725 0.769663 0.773650 0.778530 0.774127 
T_stage 1: 0.475099 0.422312 0.380889 0.620302 0.296078 0.318347 0.387109 0.486965 0.464176 0.348480 
Config: granularity=100000, SDR=10000, ADR=0, Rigid=1, Capture_Method=0
Stage 0: PT=0, T_stage=0.523500, bytes=0, T_capped=0
Stage 1: PT=6, T_stage=0.000000, bytes=33176880, T_capped=0
Group 1: Iters=10, Procs=3584, Factors=1.000000, Dist=2, RM=0, SM=0, RS=0, SS=5, parents=896, children=0
Async_Iters: 0
T_iter: 1.300938 1.243114 1.186850 1.238003 1.200945 1.142184 1.182620 1.222105 1.206655 1.136779 
T_stage 0: 0.759529 0.773753 0.765455 0.777075 0.763972 0.763439 0.761919 0.744235 0.753749 0.729495 
T_stage 1: 0.534214 0.469085 0.413824 0.461179 0.433285 0.382085 0.418024 0.486747 0.452227 0.411333 
Config: granularity=100000, SDR=10000, ADR=0, Rigid=1, Capture_Method=0
Stage 0: PT=0, T_stage=0.523500, bytes=0, T_capped=0
Stage 1: PT=6, T_stage=0.000000, bytes=33176880, T_capped=0
Group 1: Iters=10, Procs=3584, Factors=1.000000, Dist=2, RM=0, SM=0, RS=0, SS=5, parents=896, children=0
Async_Iters: 0
T_iter: 1.375445 1.258679 1.410664 1.344251 1.193115 1.280660 1.213342 1.272275 1.274375 1.164976 
T_stage 0: 0.859925 0.870064 0.851438 0.871032 0.861604 0.855094 0.840184 0.851940 0.849779 0.846164 
T_stage 1: 0.505179 0.389884 0.555781 0.484015 0.333648 0.431895 0.367046 0.426888 0.426068 0.317860 
Config: granularity=100000, SDR=10000, ADR=0, Rigid=1, Capture_Method=0
Stage 0: PT=0, T_stage=0.523500, bytes=0, T_capped=0
Stage 1: PT=6, T_stage=0.000000, bytes=33176880, T_capped=0
Group 1: Iters=10, Procs=3584, Factors=1.000000, Dist=2, RM=0, SM=0, RS=0, SS=5, parents=896, children=0
Async_Iters: 0
T_iter: 1.276835 1.238614 1.238716 1.276980 1.103890 1.208197 1.200435 1.278871 1.191072 1.121847 
T_stage 0: 0.778243 0.790095 0.795448 0.783837 0.774425 0.771967 0.781739 0.774056 0.780729 0.766367 
T_stage 1: 0.492730 0.445471 0.453603 0.494387 0.327639 0.431364 0.423407 0.505006 0.414983 0.359825 
Config: granularity=100000, SDR=10000, ADR=0, Rigid=1, Capture_Method=0
Stage 0: PT=0, T_stage=0.523500, bytes=0, T_capped=0
Stage 1: PT=6, T_stage=0.000000, bytes=33176880, T_capped=0
Group 1: Iters=10, Procs=3584, Factors=1.000000, Dist=2, RM=0, SM=0, RS=0, SS=5, parents=896, children=0
Async_Iters: 0
T_iter: 1.298829 1.219738 1.246928 1.216221 1.179100 1.254755 1.212053 1.176996 1.166614 1.108535 
T_stage 0: 0.770321 0.788361 0.780647 0.783877 0.780517 0.780235 0.780677 0.780124 0.781257 0.769835 
T_stage 1: 0.519835 0.423482 0.474216 0.437681 0.398387 0.475258 0.427425 0.408208 0.398322 0.337729 
Config: granularity=100000, SDR=10000, ADR=0, Rigid=1, Capture_Method=0
Stage 0: PT=0, T_stage=0.523500, bytes=0, T_capped=0
Stage 1: PT=6, T_stage=0.000000, bytes=33176880, T_capped=0
Group 1: Iters=10, Procs=3584, Factors=1.000000, Dist=2, RM=0, SM=0, RS=0, SS=5, parents=896, children=0
Async_Iters: 0
T_iter: 1.366062 1.238038 1.204599 1.354675 1.257399 1.143936 1.171558 1.240585 1.307975 1.275049 
T_stage 0: 0.772624 0.781280 0.778830 0.777290 0.787021 0.771835 0.781090 0.787945 0.789083 0.787249 
T_stage 1: 0.566123 0.458844 0.406774 0.571523 0.471596 0.371024 0.382499 0.456099 0.517108 0.488966 
Config: granularity=100000, SDR=10000, ADR=0, Rigid=1, Capture_Method=0
Stage 0: PT=0, T_stage=0.523500, bytes=0, T_capped=0
Stage 1: PT=6, T_stage=0.000000, bytes=33176880, T_capped=0
Group 1: Iters=10, Procs=3584, Factors=1.000000, Dist=2, RM=0, SM=0, RS=0, SS=5, parents=896, children=0
Async_Iters: 0
T_iter: 1.238509 1.197172 1.341987 1.442485 1.358485 1.208940 1.262991 1.204024 1.210741 1.207399 
T_stage 0: 0.775410 0.788942 0.786826 0.788050 0.781348 0.779342 0.777438 0.776788 0.779071 0.772508 
T_stage 1: 0.456368 0.406001 0.555795 0.661239 0.577760 0.429771 0.481430 0.430849 0.435616 0.434125 
Config: granularity=100000, SDR=10000, ADR=0, Rigid=1, Capture_Method=0
Stage 0: PT=0, T_stage=0.523500, bytes=0, T_capped=0
Stage 1: PT=6, T_stage=0.000000, bytes=33176880, T_capped=0
Group 1: Iters=10, Procs=3584, Factors=1.000000, Dist=2, RM=0, SM=0, RS=0, SS=5, parents=896, children=0
Async_Iters: 0
T_iter: 1.320321 1.262198 1.392287 1.294173 1.267920 1.269022 2.791962 2.870092 2.950887 2.940185 
T_stage 0: 0.854822 0.865887 0.868316 0.862198 0.870288 0.860317 2.395469 2.556558 2.557383 2.568524 
T_stage 1: 0.441735 0.381863 0.522978 0.433688 0.403499 0.411699 0.405903 0.307458 0.387474 0.370852 
Config: granularity=100000, SDR=10000, ADR=0, Rigid=1, Capture_Method=0
Stage 0: PT=0, T_stage=0.523500, bytes=0, T_capped=0
Stage 1: PT=6, T_stage=0.000000, bytes=33176880, T_capped=0
Group 1: Iters=10, Procs=3584, Factors=1.000000, Dist=2, RM=0, SM=0, RS=0, SS=5, parents=896, children=0
Async_Iters: 0
T_iter: 1.219009 1.246600 1.313718 1.371705 1.210700 1.129753 1.269027 1.268931 1.405558 1.193431 
T_stage 0: 0.779225 0.788246 0.794886 0.803863 0.794634 0.784311 0.786229 0.783253 0.786811 0.785819 
T_stage 1: 0.421141 0.446040 0.510968 0.568213 0.420066 0.342813 0.485275 0.485541 0.616670 0.405380 
Config: granularity=100000, SDR=10000, ADR=0, Rigid=1, Capture_Method=0
Stage 0: PT=0, T_stage=0.523500, bytes=0, T_capped=0
Stage 1: PT=6, T_stage=0.000000, bytes=33176880, T_capped=0
Group 1: Iters=10, Procs=3584, Factors=1.000000, Dist=2, RM=0, SM=0, RS=0, SS=5, parents=896, children=0
Async_Iters: 0
T_iter: 1.342546 1.343005 1.257031 1.412035 1.321455 1.218715 1.124309 1.182357 1.266531 1.261723 
T_stage 0: 0.847455 0.861633 0.854455 0.866058 0.852364 0.837835 0.846222 0.840987 0.840340 0.851255 
T_stage 1: 0.488786 0.475053 0.407850 0.555000 0.449576 0.372288 0.275873 0.342221 0.432798 0.411235 
