Config: granularity=100000, SDR=10000, ADR=0, Rigid=1, Capture_Method=0
Stage 0: PT=0, T_stage=0.523500, bytes=0, T_capped=0
Stage 1: PT=6, T_stage=0.000000, bytes=33176880, T_capped=0
Group 1: Iters=10, Procs=3584, Factors=1.000000, Dist=2, RM=0, SM=0, RS=0, SS=5, parents=2688, children=0
Async_Iters: 0
T_iter: 1.219243 1.129992 1.276843 1.074431 1.082486 1.194750 1.248269 1.231639 1.135539 1.131814 
T_stage 0: 0.762452 0.783694 0.782932 0.766369 0.762338 0.764483 0.760493 0.747918 0.765800 0.766425 
T_stage 1: 0.447960 0.354782 0.500123 0.311722 0.320220 0.425999 0.485359 0.485569 0.369797 0.372085 
Config: granularity=100000, SDR=10000, ADR=0, Rigid=1, Capture_Method=0
Stage 0: PT=0, T_stage=0.523500, bytes=0, T_capped=0
Stage 1: PT=6, T_stage=0.000000, bytes=33176880, T_capped=0
Group 1: Iters=10, Procs=3584, Factors=1.000000, Dist=2, RM=0, SM=0, RS=0, SS=5, parents=2688, children=0
Async_Iters: 0
T_iter: 1.291716 1.228659 1.354787 1.236898 1.178930 1.314535 1.259016 1.229749 1.210556 1.190502 
T_stage 0: 0.861288 0.866343 0.862732 0.864957 0.850729 0.862598 0.849063 0.848833 0.861010 0.854752 
T_stage 1: 0.411696 0.364713 0.495582 0.370595 0.324273 0.449118 0.409940 0.378058 0.355371 0.341433 
Config: granularity=100000, SDR=10000, ADR=0, Rigid=1, Capture_Method=0
Stage 0: PT=0, T_stage=0.523500, bytes=0, T_capped=0
Stage 1: PT=6, T_stage=0.000000, bytes=33176880, T_capped=0
Group 1: Iters=10, Procs=3584, Factors=1.000000, Dist=2, RM=0, SM=0, RS=0, SS=5, parents=2688, children=0
Async_Iters: 0
T_iter: 1.299974 1.288622 1.248510 1.290570 1.329355 1.331402 1.270876 1.123857 1.205320 1.251470 
T_stage 0: 0.853575 0.866753 0.868805 0.864933 0.850767 0.837544 0.837081 0.837700 0.832140 0.832908 
T_stage 1: 0.440997 0.424528 0.384338 0.429561 0.483554 0.492004 0.426352 0.290237 0.368126 0.415998 
Config: granularity=100000, SDR=10000, ADR=0, Rigid=1, Capture_Method=0
Stage 0: PT=0, T_stage=0.523500, bytes=0, T_capped=0
Stage 1: PT=6, T_stage=0.000000, bytes=33176880, T_capped=0
Group 1: Iters=10, Procs=3584, Factors=1.000000, Dist=2, RM=0, SM=0, RS=0, SS=5, parents=2688, children=0
Async_Iters: 0
T_iter: 1.270726 1.275992 1.187426 1.247058 1.274228 1.224389 1.220287 1.275091 1.125144 1.055376 
T_stage 0: 0.780827 0.798870 0.788960 0.786552 0.795582 0.792373 0.793138 0.790532 0.776991 0.784587 
T_stage 1: 0.478721 0.473425 0.400416 0.460069 0.475382 0.436168 0.431497 0.489353 0.343805 0.265998 
Config: granularity=100000, SDR=10000, ADR=0, Rigid=1, Capture_Method=0
Stage 0: PT=0, T_stage=0.523500, bytes=0, T_capped=0
Stage 1: PT=6, T_stage=0.000000, bytes=33176880, T_capped=0
Group 1: Iters=10, Procs=3584, Factors=1.000000, Dist=2, RM=0, SM=0, RS=0, SS=5, parents=2688, children=0
Async_Iters: 0
T_iter: 1.227796 1.190552 1.214418 1.252817 1.320132 1.170427 1.175909 1.148504 1.122388 1.136314 
T_stage 0: 0.776237 0.780845 0.784749 0.779513 0.771326 0.767412 0.784574 0.777806 0.775393 0.772159 
T_stage 1: 0.443686 0.399666 0.429156 0.472900 0.545837 0.407389 0.392939 0.360440 0.347263 0.359469 
Config: granularity=100000, SDR=10000, ADR=0, Rigid=1, Capture_Method=0
Stage 0: PT=0, T_stage=0.523500, bytes=0, T_capped=0
Stage 1: PT=6, T_stage=0.000000, bytes=33176880, T_capped=0
Group 1: Iters=10, Procs=3584, Factors=1.000000, Dist=2, RM=0, SM=0, RS=0, SS=5, parents=2688, children=0
Async_Iters: 0
T_iter: 1.263788 1.238162 1.326875 1.300402 1.356802 1.251494 1.191186 1.152257 1.197328 1.297255 
T_stage 0: 0.832200 0.836966 0.830406 0.832208 0.835685 0.817636 0.821974 0.816873 0.819470 0.820969 
T_stage 1: 0.425428 0.403289 0.496721 0.467567 0.525954 0.424982 0.370816 0.338047 0.376203 0.477768 
Config: granularity=100000, SDR=10000, ADR=0, Rigid=1, Capture_Method=0
Stage 0: PT=0, T_stage=0.523500, bytes=0, T_capped=0
Stage 1: PT=6, T_stage=0.000000, bytes=33176880, T_capped=0
Group 1: Iters=10, Procs=3584, Factors=1.000000, Dist=2, RM=0, SM=0, RS=0, SS=5, parents=2688, children=0
Async_Iters: 0
T_iter: 1.259683 1.198133 1.177210 1.199032 1.288308 1.231210 1.212860 1.166233 1.180272 1.131015 
T_stage 0: 0.778414 0.785040 0.784070 0.786895 0.784668 0.792019 0.781320 0.784332 0.773423 0.782976 
T_stage 1: 0.468726 0.409589 0.390102 0.409789 0.502632 0.450621 0.430432 0.385058 0.407865 0.349052 
Config: granularity=100000, SDR=10000, ADR=0, Rigid=1, Capture_Method=0
Stage 0: PT=0, T_stage=0.523500, bytes=0, T_capped=0
Stage 1: PT=6, T_stage=0.000000, bytes=33176880, T_capped=0
Group 1: Iters=10, Procs=3584, Factors=1.000000, Dist=2, RM=0, SM=0, RS=0, SS=5, parents=2688, children=0
Async_Iters: 0
T_iter: 1.205491 1.301992 1.239995 1.311794 1.211772 1.160660 1.303626 1.202251 1.103493 1.180869 
T_stage 0: 0.793073 0.807856 0.784258 0.775789 0.777838 0.777012 0.791994 0.769558 0.770317 0.763450 
T_stage 1: 0.406007 0.496130 0.452929 0.532626 0.431077 0.381685 0.510526 0.433823 0.330452 0.419259 
Config: granularity=100000, SDR=10000, ADR=0, Rigid=1, Capture_Method=0
Stage 0: PT=0, T_stage=0.523500, bytes=0, T_capped=0
Stage 1: PT=6, T_stage=0.000000, bytes=33176880, T_capped=0
Group 1: Iters=10, Procs=3584, Factors=1.000000, Dist=2, RM=0, SM=0, RS=0, SS=5, parents=2688, children=0
Async_Iters: 0
T_iter: 1.374813 1.275542 1.321777 1.212858 1.444841 1.276228 1.357297 1.230325 1.199610 1.291183 
T_stage 0: 0.860467 0.866035 0.865403 0.861770 0.864291 0.868140 0.858098 0.836562 0.829042 0.826048 
T_stage 1: 0.505740 0.403106 0.450308 0.348177 0.583697 0.404602 0.497657 0.392436 0.368765 0.463909 
Config: granularity=100000, SDR=10000, ADR=0, Rigid=1, Capture_Method=0
Stage 0: PT=0, T_stage=0.523500, bytes=0, T_capped=0
Stage 1: PT=6, T_stage=0.000000, bytes=33176880, T_capped=0
Group 1: Iters=10, Procs=3584, Factors=1.000000, Dist=2, RM=0, SM=0, RS=0, SS=5, parents=2688, children=0
Async_Iters: 0
T_iter: 1.233149 1.308292 1.142322 1.291987 1.296021 1.153423 1.272434 1.232033 1.118554 1.183334 
T_stage 0: 0.792099 0.809077 0.794401 0.791958 0.795949 0.800253 0.797130 0.789822 0.778542 0.765630 
T_stage 1: 0.433277 0.494902 0.342067 0.490126 0.500789 0.353953 0.475201 0.447854 0.340727 0.403480 
Config: granularity=100000, SDR=10000, ADR=0, Rigid=1, Capture_Method=0
Stage 0: PT=0, T_stage=0.523500, bytes=0, T_capped=0
Stage 1: PT=6, T_stage=0.000000, bytes=33176880, T_capped=0
Group 1: Iters=10, Procs=3584, Factors=1.000000, Dist=2, RM=0, SM=0, RS=0, SS=5, parents=2688, children=0
Async_Iters: 0
T_iter: 1.274185 1.313566 1.125786 1.245587 1.239787 1.208649 1.256852 1.109030 1.067226 1.162328 
T_stage 0: 0.775437 0.797633 0.778823 0.783980 0.782913 0.789424 0.779827 0.780781 0.768440 0.767492 
T_stage 1: 0.489134 0.520377 0.346740 0.459037 0.455561 0.417379 0.477560 0.334638 0.298336 0.402834 
Config: granularity=100000, SDR=10000, ADR=0, Rigid=1, Capture_Method=0
Stage 0: PT=0, T_stage=0.523500, bytes=0, T_capped=0
Stage 1: PT=6, T_stage=0.000000, bytes=33176880, T_capped=0
Group 1: Iters=10, Procs=3584, Factors=1.000000, Dist=2, RM=0, SM=0, RS=0, SS=5, parents=2688, children=0
Async_Iters: 0
T_iter: 1.274184 1.374450 1.239248 1.152198 1.213492 1.233213 1.297831 1.185394 1.094160 1.044382 
T_stage 0: 0.796033 0.811950 0.809498 0.794096 0.780536 0.781806 0.801589 0.801515 0.771708 0.781188 
T_stage 1: 0.461524 0.562092 0.430604 0.353502 0.432434 0.453583 0.496587 0.388217 0.323718 0.268857 
Config: granularity=100000, SDR=10000, ADR=0, Rigid=1, Capture_Method=0
Stage 0: PT=0, T_stage=0.523500, bytes=0, T_capped=0
Stage 1: PT=6, T_stage=0.000000, bytes=33176880, T_capped=0
Group 1: Iters=10, Procs=3584, Factors=1.000000, Dist=2, RM=0, SM=0, RS=0, SS=5, parents=2688, children=0
Async_Iters: 0
T_iter: 1.532380 1.267681 1.212206 1.403524 1.258409 1.282580 1.238913 1.217199 1.117188 1.174635 
T_stage 0: 0.866463 0.858212 0.852922 0.843627 0.840431 0.828204 0.849136 0.831565 0.817868 0.826729 
T_stage 1: 0.658734 0.413546 0.354749 0.561287 0.418919 0.453723 0.391116 0.393801 0.303659 0.351234 
Config: granularity=100000, SDR=10000, ADR=0, Rigid=1, Capture_Method=0
Stage 0: PT=0, T_stage=0.523500, bytes=0, T_capped=0
Stage 1: PT=6, T_stage=0.000000, bytes=33176880, T_capped=0
Group 1: Iters=10, Procs=3584, Factors=1.000000, Dist=2, RM=0, SM=0, RS=0, SS=5, parents=2688, children=0
Async_Iters: 0
T_iter: 1.367869 1.256992 1.395589 1.269068 1.279177 1.352428 1.220102 1.190968 1.308388 1.200677 
T_stage 0: 0.857937 0.869505 0.864495 0.866852 0.863525 0.860875 0.854604 0.830833 0.853366 0.858737 
T_stage 1: 0.500663 0.392673 0.533101 0.403983 0.406317 0.490691 0.364919 0.364539 0.459193 0.344888 
Config: granularity=100000, SDR=10000, ADR=0, Rigid=1, Capture_Method=0
Stage 0: PT=0, T_stage=0.523500, bytes=0, T_capped=0
Stage 1: PT=6, T_stage=0.000000, bytes=33176880, T_capped=0
Group 1: Iters=10, Procs=3584, Factors=1.000000, Dist=2, RM=0, SM=0, RS=0, SS=5, parents=2688, children=0
Async_Iters: 0
T_iter: 1.282014 1.179422 1.207551 1.222359 1.259049 1.107727 1.158756 1.117375 1.158353 1.228293 
T_stage 0: 0.782100 0.795704 0.785984 0.784355 0.786593 0.781987 0.783626 0.751364 0.758002 0.748443 
T_stage 1: 0.487577 0.384320 0.424062 0.433664 0.472012 0.329483 0.361812 0.363482 0.407016 0.476453 
Config: granularity=100000, SDR=10000, ADR=0, Rigid=1, Capture_Method=0
Stage 0: PT=0, T_stage=0.523500, bytes=0, T_capped=0
Stage 1: PT=6, T_stage=0.000000, bytes=33176880, T_capped=0
Group 1: Iters=10, Procs=3584, Factors=1.000000, Dist=2, RM=0, SM=0, RS=0, SS=5, parents=2688, children=0
Async_Iters: 0
T_iter: 1.331982 1.306495 1.289394 1.281434 1.228831 1.265505 1.146171 1.187935 1.157064 1.266583 
T_stage 0: 0.841881 0.857949 0.861069 0.856234 0.856859 0.854636 0.826331 0.850069 0.848734 0.842671 
T_stage 1: 0.483818 0.447723 0.441950 0.429433 0.372522 0.414418 0.322594 0.332599 0.318424 0.420093 
Config: granularity=100000, SDR=10000, ADR=0, Rigid=1, Capture_Method=0
Stage 0: PT=0, T_stage=0.523500, bytes=0, T_capped=0
Stage 1: PT=6, T_stage=0.000000, bytes=33176880, T_capped=0
Group 1: Iters=10, Procs=3584, Factors=1.000000, Dist=2, RM=0, SM=0, RS=0, SS=5, parents=2688, children=0
Async_Iters: 0
T_iter: 1.382583 1.287839 1.299668 1.258473 1.274074 1.186977 1.282307 1.158989 1.133140 1.240485 
T_stage 0: 0.836174 0.841698 0.840344 0.848391 0.841404 0.832634 0.826473 0.832739 0.819537 0.834337 
T_stage 1: 0.540556 0.445353 0.458804 0.411107 0.434522 0.350503 0.453363 0.328788 0.305386 0.406128 
Config: granularity=100000, SDR=10000, ADR=0, Rigid=1, Capture_Method=0
Stage 0: PT=0, T_stage=0.523500, bytes=0, T_capped=0
Stage 1: PT=6, T_stage=0.000000, bytes=33176880, T_capped=0
Group 1: Iters=10, Procs=3584, Factors=1.000000, Dist=2, RM=0, SM=0, RS=0, SS=5, parents=2688, children=0
Async_Iters: 0
T_iter: 1.287444 1.253590 1.196591 1.150942 1.325429 1.233394 1.191196 1.253441 1.163408 1.094233 
T_stage 0: 0.777218 0.784133 0.780444 0.774158 0.786213 0.773122 0.767798 0.768382 0.759944 0.763051 
T_stage 1: 0.502340 0.473163 0.418146 0.373256 0.540749 0.462870 0.426387 0.489891 0.400331 0.334671 
Config: granularity=100000, SDR=10000, ADR=0, Rigid=1, Capture_Method=0
Stage 0: PT=0, T_stage=0.523500, bytes=0, T_capped=0
Stage 1: PT=6, T_stage=0.000000, bytes=33176880, T_capped=0
Group 1: Iters=10, Procs=3584, Factors=1.000000, Dist=2, RM=0, SM=0, RS=0, SS=5, parents=2688, children=0
Async_Iters: 0
T_iter: 1.359250 1.352912 1.334923 1.343001 1.286031 1.241303 1.255804 1.253599 1.152495 1.335637 
T_stage 0: 0.844582 0.873976 0.875033 0.861321 0.871711 0.862879 0.867027 0.866819 0.847214 0.860796 
T_stage 1: 0.505129 0.482154 0.465034 0.477629 0.414436 0.372470 0.388597 0.387622 0.305021 0.476145 
Config: granularity=100000, SDR=10000, ADR=0, Rigid=1, Capture_Method=0
Stage 0: PT=0, T_stage=0.523500, bytes=0, T_capped=0
Stage 1: PT=6, T_stage=0.000000, bytes=33176880, T_capped=0
Group 1: Iters=10, Procs=3584, Factors=1.000000, Dist=2, RM=0, SM=0, RS=0, SS=5, parents=2688, children=0
Async_Iters: 0
T_iter: 1.309084 1.229181 1.298623 1.228312 1.386894 1.287387 1.265574 1.244061 1.147566 1.179700 
T_stage 0: 0.849605 0.871432 0.862273 0.853798 0.858263 0.855061 0.847751 0.841024 0.848723 0.849042 
T_stage 1: 0.448307 0.356453 0.432887 0.372892 0.536562 0.435487 0.414659 0.400774 0.305299 0.334978 
