Config loaded: R=1, S=2, granularity=100000, SDR=10000, ADR=0, Rigid=1, Capture_Method=0
Stage 0: PT=0, T_stage=0.523500, bytes=0, T_capped=0
Stage 1: PT=6, T_stage=0.000000, bytes=33176880, T_capped=0
Group 0: Iters=5, Procs=2688, Factors=1.000000, Dist=2, RM=0, SM=0, RS=0, SS=0
Group 1: Iters=10, Procs=3584, Factors=1.000000, Dist=2, RM=0, SM=0, RS=0, SS=5
T_spawn: 24.815455 
T_SR: 0.038106 
T_AR: 0.000000 
T_US: 0.105428 
T_Malleability: 25.093509 
T_total: 42.299844
Config loaded: R=1, S=2, granularity=100000, SDR=10000, ADR=0, Rigid=1, Capture_Method=0
Stage 0: PT=0, T_stage=0.523500, bytes=0, T_capped=0
Stage 1: PT=6, T_stage=0.000000, bytes=33176880, T_capped=0
Group 0: Iters=5, Procs=2688, Factors=1.000000, Dist=2, RM=0, SM=0, RS=0, SS=0
Group 1: Iters=10, Procs=3584, Factors=1.000000, Dist=2, RM=0, SM=0, RS=0, SS=5
T_spawn: 21.205195 
T_SR: 0.046197 
T_AR: 0.000000 
T_US: 0.086930 
T_Malleability: 21.545919 
T_total: 39.660749
Config loaded: R=1, S=2, granularity=100000, SDR=10000, ADR=0, Rigid=1, Capture_Method=0
Stage 0: PT=0, T_stage=0.523500, bytes=0, T_capped=0
Stage 1: PT=6, T_stage=0.000000, bytes=33176880, T_capped=0
Group 0: Iters=5, Procs=2688, Factors=1.000000, Dist=2, RM=0, SM=0, RS=0, SS=0
Group 1: Iters=10, Procs=3584, Factors=1.000000, Dist=2, RM=0, SM=0, RS=0, SS=5
T_spawn: 20.871682 
T_SR: 0.044090 
T_AR: 0.000000 
T_US: 0.102911 
T_Malleability: 21.162364 
T_total: 39.905998
Config loaded: R=1, S=2, granularity=100000, SDR=10000, ADR=0, Rigid=1, Capture_Method=0
Stage 0: PT=0, T_stage=0.523500, bytes=0, T_capped=0
Stage 1: PT=6, T_stage=0.000000, bytes=33176880, T_capped=0
Group 0: Iters=5, Procs=2688, Factors=1.000000, Dist=2, RM=0, SM=0, RS=0, SS=0
Group 1: Iters=10, Procs=3584, Factors=1.000000, Dist=2, RM=0, SM=0, RS=0, SS=5
T_spawn: 18.675542 
T_SR: 0.038605 
T_AR: 0.000000 
T_US: 0.084623 
T_Malleability: 18.965431 
T_total: 36.729710
Config loaded: R=1, S=2, granularity=100000, SDR=10000, ADR=0, Rigid=1, Capture_Method=0
Stage 0: PT=0, T_stage=0.523500, bytes=0, T_capped=0
Stage 1: PT=6, T_stage=0.000000, bytes=33176880, T_capped=0
Group 0: Iters=5, Procs=2688, Factors=1.000000, Dist=2, RM=0, SM=0, RS=0, SS=0
Group 1: Iters=10, Procs=3584, Factors=1.000000, Dist=2, RM=0, SM=0, RS=0, SS=5
T_spawn: 20.285182 
T_SR: 0.035862 
T_AR: 0.000000 
T_US: 0.164291 
T_Malleability: 20.660467 
T_total: 38.312832
Config loaded: R=1, S=2, granularity=100000, SDR=10000, ADR=0, Rigid=1, Capture_Method=0
Stage 0: PT=0, T_stage=0.523500, bytes=0, T_capped=0
Stage 1: PT=6, T_stage=0.000000, bytes=33176880, T_capped=0
Group 0: Iters=5, Procs=2688, Factors=1.000000, Dist=2, RM=0, SM=0, RS=0, SS=0
Group 1: Iters=10, Procs=3584, Factors=1.000000, Dist=2, RM=0, SM=0, RS=0, SS=5
T_spawn: 20.945703 
T_SR: 0.037985 
T_AR: 0.000000 
T_US: 0.098779 
T_Malleability: 21.235494 
T_total: 39.588735
Config loaded: R=1, S=2, granularity=100000, SDR=10000, ADR=0, Rigid=1, Capture_Method=0
Stage 0: PT=0, T_stage=0.523500, bytes=0, T_capped=0
Stage 1: PT=6, T_stage=0.000000, bytes=33176880, T_capped=0
Group 0: Iters=5, Procs=2688, Factors=1.000000, Dist=2, RM=0, SM=0, RS=0, SS=0
Group 1: Iters=10, Procs=3584, Factors=1.000000, Dist=2, RM=0, SM=0, RS=0, SS=5
T_spawn: 20.054687 
T_SR: 0.039232 
T_AR: 0.000000 
T_US: 0.079407 
T_Malleability: 20.318853 
T_total: 38.065011
Config loaded: R=1, S=2, granularity=100000, SDR=10000, ADR=0, Rigid=1, Capture_Method=0
Stage 0: PT=0, T_stage=0.523500, bytes=0, T_capped=0
Stage 1: PT=6, T_stage=0.000000, bytes=33176880, T_capped=0
Group 0: Iters=5, Procs=2688, Factors=1.000000, Dist=2, RM=0, SM=0, RS=0, SS=0
Group 1: Iters=10, Procs=3584, Factors=1.000000, Dist=2, RM=0, SM=0, RS=0, SS=5
T_spawn: 20.503328 
T_SR: 0.040193 
T_AR: 0.000000 
T_US: 0.088705 
T_Malleability: 20.805764 
T_total: 38.804143
Config loaded: R=1, S=2, granularity=100000, SDR=10000, ADR=0, Rigid=1, Capture_Method=0
Stage 0: PT=0, T_stage=0.523500, bytes=0, T_capped=0
Stage 1: PT=6, T_stage=0.000000, bytes=33176880, T_capped=0
Group 0: Iters=5, Procs=2688, Factors=1.000000, Dist=2, RM=0, SM=0, RS=0, SS=0
Group 1: Iters=10, Procs=3584, Factors=1.000000, Dist=2, RM=0, SM=0, RS=0, SS=5
T_spawn: 18.891389 
T_SR: 0.045851 
T_AR: 0.000000 
T_US: 0.086163 
T_Malleability: 19.207627 
T_total: 38.089107
Config loaded: R=1, S=2, granularity=100000, SDR=10000, ADR=0, Rigid=1, Capture_Method=0
Stage 0: PT=0, T_stage=0.523500, bytes=0, T_capped=0
Stage 1: PT=6, T_stage=0.000000, bytes=33176880, T_capped=0
Group 0: Iters=5, Procs=2688, Factors=1.000000, Dist=2, RM=0, SM=0, RS=0, SS=0
Group 1: Iters=10, Procs=3584, Factors=1.000000, Dist=2, RM=0, SM=0, RS=0, SS=5
T_spawn: 20.023612 
T_SR: 0.056885 
T_AR: 0.000000 
T_US: 0.075558 
T_Malleability: 20.347250 
T_total: 38.292031
Config loaded: R=1, S=2, granularity=100000, SDR=10000, ADR=0, Rigid=1, Capture_Method=0
Stage 0: PT=0, T_stage=0.523500, bytes=0, T_capped=0
Stage 1: PT=6, T_stage=0.000000, bytes=33176880, T_capped=0
Group 0: Iters=5, Procs=2688, Factors=1.000000, Dist=2, RM=0, SM=0, RS=0, SS=0
Group 1: Iters=10, Procs=3584, Factors=1.000000, Dist=2, RM=0, SM=0, RS=0, SS=5
T_spawn: 19.739446 
T_SR: 0.064030 
T_AR: 0.000000 
T_US: 0.079790 
T_Malleability: 20.018648 
T_total: 37.954966
Config loaded: R=1, S=2, granularity=100000, SDR=10000, ADR=0, Rigid=1, Capture_Method=0
Stage 0: PT=0, T_stage=0.523500, bytes=0, T_capped=0
Stage 1: PT=6, T_stage=0.000000, bytes=33176880, T_capped=0
Group 0: Iters=5, Procs=2688, Factors=1.000000, Dist=2, RM=0, SM=0, RS=0, SS=0
Group 1: Iters=10, Procs=3584, Factors=1.000000, Dist=2, RM=0, SM=0, RS=0, SS=5
T_spawn: 18.622353 
T_SR: 0.044463 
T_AR: 0.000000 
T_US: 0.107232 
T_Malleability: 18.915779 
T_total: 36.237131
Config loaded: R=1, S=2, granularity=100000, SDR=10000, ADR=0, Rigid=1, Capture_Method=0
Stage 0: PT=0, T_stage=0.523500, bytes=0, T_capped=0
Stage 1: PT=6, T_stage=0.000000, bytes=33176880, T_capped=0
Group 0: Iters=5, Procs=2688, Factors=1.000000, Dist=2, RM=0, SM=0, RS=0, SS=0
Group 1: Iters=10, Procs=3584, Factors=1.000000, Dist=2, RM=0, SM=0, RS=0, SS=5
T_spawn: 19.777201 
T_SR: 0.047634 
T_AR: 0.000000 
T_US: 0.127535 
T_Malleability: 20.110371 
T_total: 38.637729
Config loaded: R=1, S=2, granularity=100000, SDR=10000, ADR=0, Rigid=1, Capture_Method=0
Stage 0: PT=0, T_stage=0.523500, bytes=0, T_capped=0
Stage 1: PT=6, T_stage=0.000000, bytes=33176880, T_capped=0
Group 0: Iters=5, Procs=2688, Factors=1.000000, Dist=2, RM=0, SM=0, RS=0, SS=0
Group 1: Iters=10, Procs=3584, Factors=1.000000, Dist=2, RM=0, SM=0, RS=0, SS=5
T_spawn: 19.655017 
T_SR: 0.038625 
T_AR: 0.000000 
T_US: 0.070416 
T_Malleability: 19.905432 
T_total: 38.638882
Config loaded: R=1, S=2, granularity=100000, SDR=10000, ADR=0, Rigid=1, Capture_Method=0
Stage 0: PT=0, T_stage=0.523500, bytes=0, T_capped=0
Stage 1: PT=6, T_stage=0.000000, bytes=33176880, T_capped=0
Group 0: Iters=5, Procs=2688, Factors=1.000000, Dist=2, RM=0, SM=0, RS=0, SS=0
Group 1: Iters=10, Procs=3584, Factors=1.000000, Dist=2, RM=0, SM=0, RS=0, SS=5
T_spawn: 19.984368 
T_SR: 0.047103 
T_AR: 0.000000 
T_US: 0.099813 
T_Malleability: 20.302701 
T_total: 37.595919
Config loaded: R=1, S=2, granularity=100000, SDR=10000, ADR=0, Rigid=1, Capture_Method=0
Stage 0: PT=0, T_stage=0.523500, bytes=0, T_capped=0
Stage 1: PT=6, T_stage=0.000000, bytes=33176880, T_capped=0
Group 0: Iters=5, Procs=2688, Factors=1.000000, Dist=2, RM=0, SM=0, RS=0, SS=0
Group 1: Iters=10, Procs=3584, Factors=1.000000, Dist=2, RM=0, SM=0, RS=0, SS=5
T_spawn: 20.296088 
T_SR: 0.035407 
T_AR: 0.000000 
T_US: 0.096546 
T_Malleability: 20.573857 
T_total: 38.608027
Config loaded: R=1, S=2, granularity=100000, SDR=10000, ADR=0, Rigid=1, Capture_Method=0
Stage 0: PT=0, T_stage=0.523500, bytes=0, T_capped=0
Stage 1: PT=6, T_stage=0.000000, bytes=33176880, T_capped=0
Group 0: Iters=5, Procs=2688, Factors=1.000000, Dist=2, RM=0, SM=0, RS=0, SS=0
Group 1: Iters=10, Procs=3584, Factors=1.000000, Dist=2, RM=0, SM=0, RS=0, SS=5
T_spawn: 20.368906 
T_SR: 0.040704 
T_AR: 0.000000 
T_US: 0.175256 
T_Malleability: 20.752564 
T_total: 39.215509
Config loaded: R=1, S=2, granularity=100000, SDR=10000, ADR=0, Rigid=1, Capture_Method=0
Stage 0: PT=0, T_stage=0.523500, bytes=0, T_capped=0
Stage 1: PT=6, T_stage=0.000000, bytes=33176880, T_capped=0
Group 0: Iters=5, Procs=2688, Factors=1.000000, Dist=2, RM=0, SM=0, RS=0, SS=0
Group 1: Iters=10, Procs=3584, Factors=1.000000, Dist=2, RM=0, SM=0, RS=0, SS=5
T_spawn: 20.103398 
T_SR: 0.040548 
T_AR: 0.000000 
T_US: 0.097948 
T_Malleability: 20.392441 
T_total: 38.415253
Config loaded: R=1, S=2, granularity=100000, SDR=10000, ADR=0, Rigid=1, Capture_Method=0
Stage 0: PT=0, T_stage=0.523500, bytes=0, T_capped=0
Stage 1: PT=6, T_stage=0.000000, bytes=33176880, T_capped=0
Group 0: Iters=5, Procs=2688, Factors=1.000000, Dist=2, RM=0, SM=0, RS=0, SS=0
Group 1: Iters=10, Procs=3584, Factors=1.000000, Dist=2, RM=0, SM=0, RS=0, SS=5
T_spawn: 19.933747 
T_SR: 0.039380 
T_AR: 0.000000 
T_US: 0.112600 
T_Malleability: 20.251688 
T_total: 39.399990
Config loaded: R=1, S=2, granularity=100000, SDR=10000, ADR=0, Rigid=1, Capture_Method=0
Stage 0: PT=0, T_stage=0.523500, bytes=0, T_capped=0
Stage 1: PT=6, T_stage=0.000000, bytes=33176880, T_capped=0
Group 0: Iters=5, Procs=2688, Factors=1.000000, Dist=2, RM=0, SM=0, RS=0, SS=0
Group 1: Iters=10, Procs=3584, Factors=1.000000, Dist=2, RM=0, SM=0, RS=0, SS=5
T_spawn: 20.336248 
T_SR: 0.040117 
T_AR: 0.000000 
T_US: 0.112934 
T_Malleability: 20.657422 
T_total: 39.204149
