Config: granularity=100000, SDR=10000, ADR=0, Rigid=1, Capture_Method=0
Stage 0: PT=0, T_stage=0.523500, bytes=0, T_capped=0
Stage 1: PT=6, T_stage=0.000000, bytes=33176880, T_capped=0
Group 1: Iters=10, Procs=448, Factors=1.000000, Dist=2, RM=0, SM=1, RS=0, SS=5, parents=224, children=0
Async_Iters: 0
T_iter: 0.877923 0.846706 0.855320 0.866647 0.864561 0.862824 0.837096 0.854849 0.862563 0.845428 
T_stage 0: 0.732040 0.737195 0.750048 0.748504 0.756192 0.735119 0.726270 0.729622 0.743309 0.727301 
T_stage 1: 0.145266 0.109287 0.107684 0.118253 0.108664 0.127867 0.110756 0.129287 0.122980 0.119140 
Config: granularity=100000, SDR=10000, ADR=0, Rigid=1, Capture_Method=0
Stage 0: PT=0, T_stage=0.523500, bytes=0, T_capped=0
Stage 1: PT=6, T_stage=0.000000, bytes=33176880, T_capped=0
Group 1: Iters=10, Procs=448, Factors=1.000000, Dist=2, RM=0, SM=1, RS=0, SS=5, parents=224, children=0
Async_Iters: 0
T_iter: 0.927922 0.913577 0.926407 0.932201 0.930428 0.934824 0.907833 0.913951 0.913922 0.906910 
T_stage 0: 0.775230 0.799286 0.826477 0.810864 0.825446 0.822707 0.803566 0.802947 0.802384 0.803662 
T_stage 1: 0.152854 0.114289 0.106222 0.123117 0.105504 0.112496 0.099834 0.111189 0.112077 0.103413 
Config: granularity=100000, SDR=10000, ADR=0, Rigid=1, Capture_Method=0
Stage 0: PT=0, T_stage=0.523500, bytes=0, T_capped=0
Stage 1: PT=6, T_stage=0.000000, bytes=33176880, T_capped=0
Group 1: Iters=10, Procs=448, Factors=1.000000, Dist=2, RM=0, SM=1, RS=0, SS=5, parents=224, children=0
Async_Iters: 0
T_iter: 0.940806 0.943768 0.974872 0.981590 0.991800 0.952507 0.939700 0.924690 0.927455 0.991030 
T_stage 0: 0.797854 0.803364 0.855716 0.847946 0.841628 0.841484 0.839330 0.837104 0.833986 0.832412 
T_stage 1: 0.142979 0.140771 0.119685 0.135166 0.143602 0.111089 0.100540 0.087775 0.093718 0.158840 
Config: granularity=100000, SDR=10000, ADR=0, Rigid=1, Capture_Method=0
Stage 0: PT=0, T_stage=0.523500, bytes=0, T_capped=0
Stage 1: PT=6, T_stage=0.000000, bytes=33176880, T_capped=0
Group 1: Iters=10, Procs=448, Factors=1.000000, Dist=2, RM=0, SM=1, RS=0, SS=5, parents=224, children=0
Async_Iters: 0
T_iter: 0.939163 0.910571 0.912526 0.979304 0.943426 0.940739 0.938754 0.923199 0.941578 0.912462 
T_stage 0: 0.790303 0.791572 0.809879 0.821075 0.818987 0.827368 0.820110 0.817119 0.818581 0.806354 
T_stage 1: 0.148905 0.119321 0.103399 0.156064 0.124723 0.115783 0.120335 0.106430 0.120717 0.107139 
Config: granularity=100000, SDR=10000, ADR=0, Rigid=1, Capture_Method=0
Stage 0: PT=0, T_stage=0.523500, bytes=0, T_capped=0
Stage 1: PT=6, T_stage=0.000000, bytes=33176880, T_capped=0
Group 1: Iters=10, Procs=448, Factors=1.000000, Dist=2, RM=0, SM=1, RS=0, SS=5, parents=224, children=0
Async_Iters: 0
T_iter: 0.871632 0.855845 0.837878 0.851549 0.872505 0.848456 0.867483 0.843261 0.823316 0.869332 
T_stage 0: 0.735022 0.735350 0.729094 0.755204 0.744772 0.719805 0.751819 0.744283 0.720356 0.736211 
T_stage 1: 0.136667 0.121016 0.108905 0.099438 0.128013 0.132026 0.115324 0.099282 0.103606 0.136439 
Config: granularity=100000, SDR=10000, ADR=0, Rigid=1, Capture_Method=0
Stage 0: PT=0, T_stage=0.523500, bytes=0, T_capped=0
Stage 1: PT=6, T_stage=0.000000, bytes=33176880, T_capped=0
Group 1: Iters=10, Procs=448, Factors=1.000000, Dist=2, RM=0, SM=1, RS=0, SS=5, parents=224, children=0
Async_Iters: 0
T_iter: 0.886339 0.861990 0.909322 0.896950 0.888665 0.874336 0.852778 0.851453 0.840375 0.849433 
T_stage 0: 0.735776 0.739023 0.758218 0.774840 0.772807 0.759893 0.748471 0.748732 0.743227 0.742504 
T_stage 1: 0.151680 0.123731 0.152768 0.122296 0.116999 0.114659 0.104024 0.102701 0.097348 0.106352 
Config: granularity=100000, SDR=10000, ADR=0, Rigid=1, Capture_Method=0
Stage 0: PT=0, T_stage=0.523500, bytes=0, T_capped=0
Stage 1: PT=6, T_stage=0.000000, bytes=33176880, T_capped=0
Group 1: Iters=10, Procs=448, Factors=1.000000, Dist=2, RM=0, SM=1, RS=0, SS=5, parents=224, children=0
Async_Iters: 0
T_iter: 0.911587 0.860192 0.938863 0.896537 0.868696 0.869801 0.860502 0.853749 0.859324 0.865394 
T_stage 0: 0.756838 0.758580 0.777785 0.765325 0.766689 0.754409 0.751694 0.750862 0.756330 0.748281 
T_stage 1: 0.154685 0.101803 0.161870 0.125948 0.102428 0.113738 0.108877 0.103069 0.107600 0.117288 
Config: granularity=100000, SDR=10000, ADR=0, Rigid=1, Capture_Method=0
Stage 0: PT=0, T_stage=0.523500, bytes=0, T_capped=0
Stage 1: PT=6, T_stage=0.000000, bytes=33176880, T_capped=0
Group 1: Iters=10, Procs=448, Factors=1.000000, Dist=2, RM=0, SM=1, RS=0, SS=5, parents=224, children=0
Async_Iters: 0
T_iter: 0.871479 0.853475 0.909241 0.837076 0.834750 0.874426 0.837355 0.859158 0.847429 0.876136 
T_stage 0: 0.736379 0.742728 0.785190 0.739810 0.735309 0.743968 0.733363 0.732703 0.730417 0.735871 
T_stage 1: 0.135136 0.111017 0.124359 0.098223 0.099854 0.133494 0.104490 0.126724 0.116875 0.137487 
Config: granularity=100000, SDR=10000, ADR=0, Rigid=1, Capture_Method=0
Stage 0: PT=0, T_stage=0.523500, bytes=0, T_capped=0
Stage 1: PT=6, T_stage=0.000000, bytes=33176880, T_capped=0
Group 1: Iters=10, Procs=448, Factors=1.000000, Dist=2, RM=0, SM=1, RS=0, SS=5, parents=224, children=0
Async_Iters: 0
T_iter: 0.956071 0.925419 0.940643 0.977874 0.969464 0.957062 0.953652 0.970803 0.962500 0.923129 
T_stage 0: 0.820260 0.820745 0.832004 0.847945 0.844637 0.842941 0.837965 0.834497 0.815867 0.809485 
T_stage 1: 0.136094 0.104933 0.109627 0.131585 0.125128 0.115278 0.115098 0.132238 0.146710 0.116621 
Config: granularity=100000, SDR=10000, ADR=0, Rigid=1, Capture_Method=0
Stage 0: PT=0, T_stage=0.523500, bytes=0, T_capped=0
Stage 1: PT=6, T_stage=0.000000, bytes=33176880, T_capped=0
Group 1: Iters=10, Procs=448, Factors=1.000000, Dist=2, RM=0, SM=1, RS=0, SS=5, parents=224, children=0
Async_Iters: 0
T_iter: 0.970631 0.978175 0.946184 0.920525 0.922414 0.922590 0.949744 0.936943 0.919024 0.911107 
T_stage 0: 0.803978 0.856880 0.829133 0.828584 0.829525 0.821809 0.827800 0.821224 0.824199 0.820599 
T_stage 1: 0.166585 0.122125 0.113715 0.093147 0.093778 0.101144 0.122655 0.115891 0.102396 0.090493 
Config: granularity=100000, SDR=10000, ADR=0, Rigid=1, Capture_Method=0
Stage 0: PT=0, T_stage=0.523500, bytes=0, T_capped=0
Stage 1: PT=6, T_stage=0.000000, bytes=33176880, T_capped=0
Group 1: Iters=10, Procs=448, Factors=1.000000, Dist=2, RM=0, SM=1, RS=0, SS=5, parents=224, children=0
Async_Iters: 0
T_iter: 0.874962 0.886779 0.881990 0.865018 0.869248 0.869233 0.891533 0.852224 0.853809 0.864196 
T_stage 0: 0.725380 0.754144 0.766274 0.767310 0.763595 0.764421 0.769725 0.757568 0.758429 0.760382 
T_stage 1: 0.149540 0.138019 0.116500 0.097790 0.105874 0.104955 0.122005 0.094773 0.095357 0.105560 
Config: granularity=100000, SDR=10000, ADR=0, Rigid=1, Capture_Method=0
Stage 0: PT=0, T_stage=0.523500, bytes=0, T_capped=0
Stage 1: PT=6, T_stage=0.000000, bytes=33176880, T_capped=0
Group 1: Iters=10, Procs=448, Factors=1.000000, Dist=2, RM=0, SM=1, RS=0, SS=5, parents=224, children=0
Async_Iters: 0
T_iter: 0.946168 0.921459 0.948241 0.984546 0.956347 0.951525 0.914145 0.914756 0.936579 0.910694 
T_stage 0: 0.806982 0.822840 0.840188 0.832613 0.828849 0.831270 0.825864 0.828325 0.823440 0.821573 
T_stage 1: 0.139173 0.098912 0.108664 0.154819 0.127375 0.120510 0.089996 0.088788 0.113252 0.089075 
Config: granularity=100000, SDR=10000, ADR=0, Rigid=1, Capture_Method=0
Stage 0: PT=0, T_stage=0.523500, bytes=0, T_capped=0
Stage 1: PT=6, T_stage=0.000000, bytes=33176880, T_capped=0
Group 1: Iters=10, Procs=448, Factors=1.000000, Dist=2, RM=0, SM=1, RS=0, SS=5, parents=224, children=0
Async_Iters: 0
T_iter: 0.915685 0.882673 0.918573 0.930376 0.898761 0.901503 0.895259 0.911978 0.919887 0.897469 
T_stage 0: 0.760447 0.766304 0.817929 0.807835 0.806531 0.810728 0.802554 0.805052 0.801051 0.799713 
T_stage 1: 0.155190 0.116625 0.100752 0.115708 0.092760 0.091575 0.094324 0.110546 0.118910 0.097884 
Config: granularity=100000, SDR=10000, ADR=0, Rigid=1, Capture_Method=0
Stage 0: PT=0, T_stage=0.523500, bytes=0, T_capped=0
Stage 1: PT=6, T_stage=0.000000, bytes=33176880, T_capped=0
Group 1: Iters=10, Procs=448, Factors=1.000000, Dist=2, RM=0, SM=1, RS=0, SS=5, parents=224, children=0
Async_Iters: 0
T_iter: 0.884396 0.872358 0.909068 0.909260 0.910020 0.903040 0.919856 0.874777 0.884150 0.965071 
T_stage 0: 0.747974 0.753465 0.804047 0.791061 0.791437 0.791451 0.784753 0.782625 0.785078 0.787143 
T_stage 1: 0.136340 0.119598 0.105467 0.121956 0.119221 0.113026 0.135181 0.092479 0.102648 0.181156 
Config: granularity=100000, SDR=10000, ADR=0, Rigid=1, Capture_Method=0
Stage 0: PT=0, T_stage=0.523500, bytes=0, T_capped=0
Stage 1: PT=6, T_stage=0.000000, bytes=33176880, T_capped=0
Group 1: Iters=10, Procs=448, Factors=1.000000, Dist=2, RM=0, SM=1, RS=0, SS=5, parents=224, children=0
Async_Iters: 0
T_iter: 0.921055 0.908814 0.939345 0.958700 0.932415 0.925816 0.922916 0.913531 0.914549 0.919318 
T_stage 0: 0.776368 0.783701 0.833731 0.824247 0.817527 0.821863 0.814795 0.816342 0.813002 0.811885 
T_stage 1: 0.145245 0.125760 0.108198 0.138235 0.115090 0.104276 0.107927 0.098452 0.101688 0.107076 
Config: granularity=100000, SDR=10000, ADR=0, Rigid=1, Capture_Method=0
Stage 0: PT=0, T_stage=0.523500, bytes=0, T_capped=0
Stage 1: PT=6, T_stage=0.000000, bytes=33176880, T_capped=0
Group 1: Iters=10, Procs=448, Factors=1.000000, Dist=2, RM=0, SM=1, RS=0, SS=5, parents=224, children=0
Async_Iters: 0
T_iter: 0.865853 0.838163 0.898356 0.873605 0.877816 0.905348 0.889712 0.899282 0.866222 0.862040 
T_stage 0: 0.724502 0.731972 0.779120 0.774293 0.777372 0.779995 0.772070 0.769981 0.768487 0.769019 
T_stage 1: 0.141337 0.106673 0.120392 0.100105 0.100869 0.126996 0.120394 0.129638 0.097949 0.093435 
Config: granularity=100000, SDR=10000, ADR=0, Rigid=1, Capture_Method=0
Stage 0: PT=0, T_stage=0.523500, bytes=0, T_capped=0
Stage 1: PT=6, T_stage=0.000000, bytes=33176880, T_capped=0
Group 1: Iters=10, Procs=448, Factors=1.000000, Dist=2, RM=0, SM=1, RS=0, SS=5, parents=224, children=0
Async_Iters: 0
T_iter: 0.834082 0.837691 0.840279 0.823581 0.850904 0.865979 0.835518 0.814522 0.845293 0.814212 
T_stage 0: 0.689329 0.694233 0.728781 0.728327 0.731758 0.724182 0.729775 0.721882 0.720431 0.719943 
T_stage 1: 0.144776 0.150776 0.111553 0.095874 0.120724 0.141811 0.107061 0.092859 0.125003 0.094474 
Config: granularity=100000, SDR=10000, ADR=0, Rigid=1, Capture_Method=0
Stage 0: PT=0, T_stage=0.523500, bytes=0, T_capped=0
Stage 1: PT=6, T_stage=0.000000, bytes=33176880, T_capped=0
Group 1: Iters=10, Procs=448, Factors=1.000000, Dist=2, RM=0, SM=1, RS=0, SS=5, parents=224, children=0
Async_Iters: 0
T_iter: 0.953328 0.968469 0.964671 0.948100 1.000396 0.925565 0.901555 0.912074 0.958164 0.907585 
T_stage 0: 0.829631 0.830796 0.829905 0.833201 0.826013 0.810741 0.802303 0.804682 0.806842 0.799775 
T_stage 1: 0.123760 0.138305 0.134306 0.119240 0.169631 0.114992 0.100723 0.110848 0.155441 0.110224 
Config: granularity=100000, SDR=10000, ADR=0, Rigid=1, Capture_Method=0
Stage 0: PT=0, T_stage=0.523500, bytes=0, T_capped=0
Stage 1: PT=6, T_stage=0.000000, bytes=33176880, T_capped=0
Group 1: Iters=10, Procs=448, Factors=1.000000, Dist=2, RM=0, SM=1, RS=0, SS=5, parents=224, children=0
Async_Iters: 0
T_iter: 0.861222 0.850556 0.873354 0.870285 0.861478 0.886289 0.879475 0.848896 0.873182 0.861400 
T_stage 0: 0.720935 0.726728 0.773815 0.760520 0.761262 0.761355 0.756826 0.755569 0.754254 0.753817 
T_stage 1: 0.140541 0.123855 0.099980 0.109884 0.101073 0.125120 0.123315 0.093276 0.112516 0.109663 
Config: granularity=100000, SDR=10000, ADR=0, Rigid=1, Capture_Method=0
Stage 0: PT=0, T_stage=0.523500, bytes=0, T_capped=0
Stage 1: PT=6, T_stage=0.000000, bytes=33176880, T_capped=0
Group 1: Iters=10, Procs=448, Factors=1.000000, Dist=2, RM=0, SM=1, RS=0, SS=5, parents=224, children=0
Async_Iters: 0
T_iter: 0.824844 0.858793 0.840237 0.818783 0.855573 0.888710 0.824353 0.814079 0.817051 0.850864 
T_stage 0: 0.686239 0.730187 0.729509 0.723285 0.728079 0.721514 0.722353 0.719519 0.717992 0.727392 
T_stage 1: 0.138646 0.130734 0.114562 0.095875 0.127997 0.167504 0.102145 0.094932 0.099168 0.127356 
