Config loaded: R=1, S=2, granularity=100000, SDR=10000, ADR=0, Rigid=1, Capture_Method=0
Stage 0: PT=0, T_stage=0.523500, bytes=0, T_capped=0
Stage 1: PT=6, T_stage=0.000000, bytes=33176880, T_capped=0
Group 0: Iters=5, Procs=224, Factors=1.000000, Dist=2, RM=0, SM=0, RS=0, SS=0
Group 1: Iters=10, Procs=448, Factors=1.000000, Dist=2, RM=0, SM=1, RS=0, SS=5
T_spawn: 11.695755 
T_SR: 0.015394 
T_AR: 0.000000 
T_US: 0.003930 
T_Malleability: 11.719588 
T_total: 24.575450
Config loaded: R=1, S=2, granularity=100000, SDR=10000, ADR=0, Rigid=1, Capture_Method=0
Stage 0: PT=0, T_stage=0.523500, bytes=0, T_capped=0
Stage 1: PT=6, T_stage=0.000000, bytes=33176880, T_capped=0
Group 0: Iters=5, Procs=224, Factors=1.000000, Dist=2, RM=0, SM=0, RS=0, SS=0
Group 1: Iters=10, Procs=448, Factors=1.000000, Dist=2, RM=0, SM=1, RS=0, SS=5
T_spawn: 8.857500 
T_SR: 0.024205 
T_AR: 0.000000 
T_US: 0.002922 
T_Malleability: 8.888541 
T_total: 22.650378
Config loaded: R=1, S=2, granularity=100000, SDR=10000, ADR=0, Rigid=1, Capture_Method=0
Stage 0: PT=0, T_stage=0.523500, bytes=0, T_capped=0
Stage 1: PT=6, T_stage=0.000000, bytes=33176880, T_capped=0
Group 0: Iters=5, Procs=224, Factors=1.000000, Dist=2, RM=0, SM=0, RS=0, SS=0
Group 1: Iters=10, Procs=448, Factors=1.000000, Dist=2, RM=0, SM=1, RS=0, SS=5
T_spawn: 9.120024 
T_SR: 0.019113 
T_AR: 0.000000 
T_US: 0.004224 
T_Malleability: 9.147313 
T_total: 23.088480
Config loaded: R=1, S=2, granularity=100000, SDR=10000, ADR=0, Rigid=1, Capture_Method=0
Stage 0: PT=0, T_stage=0.523500, bytes=0, T_capped=0
Stage 1: PT=6, T_stage=0.000000, bytes=33176880, T_capped=0
Group 0: Iters=5, Procs=224, Factors=1.000000, Dist=2, RM=0, SM=0, RS=0, SS=0
Group 1: Iters=10, Procs=448, Factors=1.000000, Dist=2, RM=0, SM=1, RS=0, SS=5
T_spawn: 8.930546 
T_SR: 0.010074 
T_AR: 0.000000 
T_US: 0.003133 
T_Malleability: 8.947466 
T_total: 22.995476
Config loaded: R=1, S=2, granularity=100000, SDR=10000, ADR=0, Rigid=1, Capture_Method=0
Stage 0: PT=0, T_stage=0.523500, bytes=0, T_capped=0
Stage 1: PT=6, T_stage=0.000000, bytes=33176880, T_capped=0
Group 0: Iters=5, Procs=224, Factors=1.000000, Dist=2, RM=0, SM=0, RS=0, SS=0
Group 1: Iters=10, Procs=448, Factors=1.000000, Dist=2, RM=0, SM=1, RS=0, SS=5
T_spawn: 9.468546 
T_SR: 0.019205 
T_AR: 0.000000 
T_US: 0.007516 
T_Malleability: 9.499094 
T_total: 22.426827
Config loaded: R=1, S=2, granularity=100000, SDR=10000, ADR=0, Rigid=1, Capture_Method=0
Stage 0: PT=0, T_stage=0.523500, bytes=0, T_capped=0
Stage 1: PT=6, T_stage=0.000000, bytes=33176880, T_capped=0
Group 0: Iters=5, Procs=224, Factors=1.000000, Dist=2, RM=0, SM=0, RS=0, SS=0
Group 1: Iters=10, Procs=448, Factors=1.000000, Dist=2, RM=0, SM=1, RS=0, SS=5
T_spawn: 9.655334 
T_SR: 0.018452 
T_AR: 0.000000 
T_US: 0.002689 
T_Malleability: 9.680108 
T_total: 22.849657
Config loaded: R=1, S=2, granularity=100000, SDR=10000, ADR=0, Rigid=1, Capture_Method=0
Stage 0: PT=0, T_stage=0.523500, bytes=0, T_capped=0
Stage 1: PT=6, T_stage=0.000000, bytes=33176880, T_capped=0
Group 0: Iters=5, Procs=224, Factors=1.000000, Dist=2, RM=0, SM=0, RS=0, SS=0
Group 1: Iters=10, Procs=448, Factors=1.000000, Dist=2, RM=0, SM=1, RS=0, SS=5
T_spawn: 8.837302 
T_SR: 0.009945 
T_AR: 0.000000 
T_US: 0.002767 
T_Malleability: 8.853896 
T_total: 22.025805
Config loaded: R=1, S=2, granularity=100000, SDR=10000, ADR=0, Rigid=1, Capture_Method=0
Stage 0: PT=0, T_stage=0.523500, bytes=0, T_capped=0
Stage 1: PT=6, T_stage=0.000000, bytes=33176880, T_capped=0
Group 0: Iters=5, Procs=224, Factors=1.000000, Dist=2, RM=0, SM=0, RS=0, SS=0
Group 1: Iters=10, Procs=448, Factors=1.000000, Dist=2, RM=0, SM=1, RS=0, SS=5
T_spawn: 9.480986 
T_SR: 0.012918 
T_AR: 0.000000 
T_US: 0.003311 
T_Malleability: 9.501509 
T_total: 22.254273
Config loaded: R=1, S=2, granularity=100000, SDR=10000, ADR=0, Rigid=1, Capture_Method=0
Stage 0: PT=0, T_stage=0.523500, bytes=0, T_capped=0
Stage 1: PT=6, T_stage=0.000000, bytes=33176880, T_capped=0
Group 0: Iters=5, Procs=224, Factors=1.000000, Dist=2, RM=0, SM=0, RS=0, SS=0
Group 1: Iters=10, Procs=448, Factors=1.000000, Dist=2, RM=0, SM=1, RS=0, SS=5
T_spawn: 10.092655 
T_SR: 0.010799 
T_AR: 0.000000 
T_US: 0.003395 
T_Malleability: 10.110702 
T_total: 24.244971
Config loaded: R=1, S=2, granularity=100000, SDR=10000, ADR=0, Rigid=1, Capture_Method=0
Stage 0: PT=0, T_stage=0.523500, bytes=0, T_capped=0
Stage 1: PT=6, T_stage=0.000000, bytes=33176880, T_capped=0
Group 0: Iters=5, Procs=224, Factors=1.000000, Dist=2, RM=0, SM=0, RS=0, SS=0
Group 1: Iters=10, Procs=448, Factors=1.000000, Dist=2, RM=0, SM=1, RS=0, SS=5
T_spawn: 9.362049 
T_SR: 0.010193 
T_AR: 0.000000 
T_US: 0.004081 
T_Malleability: 9.381782 
T_total: 23.022965
Config loaded: R=1, S=2, granularity=100000, SDR=10000, ADR=0, Rigid=1, Capture_Method=0
Stage 0: PT=0, T_stage=0.523500, bytes=0, T_capped=0
Stage 1: PT=6, T_stage=0.000000, bytes=33176880, T_capped=0
Group 0: Iters=5, Procs=224, Factors=1.000000, Dist=2, RM=0, SM=0, RS=0, SS=0
Group 1: Iters=10, Procs=448, Factors=1.000000, Dist=2, RM=0, SM=1, RS=0, SS=5
T_spawn: 9.224884 
T_SR: 0.018657 
T_AR: 0.000000 
T_US: 0.002770 
T_Malleability: 9.249829 
T_total: 22.139021
Config loaded: R=1, S=2, granularity=100000, SDR=10000, ADR=0, Rigid=1, Capture_Method=0
Stage 0: PT=0, T_stage=0.523500, bytes=0, T_capped=0
Stage 1: PT=6, T_stage=0.000000, bytes=33176880, T_capped=0
Group 0: Iters=5, Procs=224, Factors=1.000000, Dist=2, RM=0, SM=0, RS=0, SS=0
Group 1: Iters=10, Procs=448, Factors=1.000000, Dist=2, RM=0, SM=1, RS=0, SS=5
T_spawn: 10.289748 
T_SR: 0.016953 
T_AR: 0.000000 
T_US: 0.002833 
T_Malleability: 10.313364 
T_total: 24.534352
Config loaded: R=1, S=2, granularity=100000, SDR=10000, ADR=0, Rigid=1, Capture_Method=0
Stage 0: PT=0, T_stage=0.523500, bytes=0, T_capped=0
Stage 1: PT=6, T_stage=0.000000, bytes=33176880, T_capped=0
Group 0: Iters=5, Procs=224, Factors=1.000000, Dist=2, RM=0, SM=0, RS=0, SS=0
Group 1: Iters=10, Procs=448, Factors=1.000000, Dist=2, RM=0, SM=1, RS=0, SS=5
T_spawn: 9.435432 
T_SR: 0.018597 
T_AR: 0.000000 
T_US: 0.002801 
T_Malleability: 9.460344 
T_total: 23.087464
Config loaded: R=1, S=2, granularity=100000, SDR=10000, ADR=0, Rigid=1, Capture_Method=0
Stage 0: PT=0, T_stage=0.523500, bytes=0, T_capped=0
Stage 1: PT=6, T_stage=0.000000, bytes=33176880, T_capped=0
Group 0: Iters=5, Procs=224, Factors=1.000000, Dist=2, RM=0, SM=0, RS=0, SS=0
Group 1: Iters=10, Procs=448, Factors=1.000000, Dist=2, RM=0, SM=1, RS=0, SS=5
T_spawn: 9.855875 
T_SR: 0.024708 
T_AR: 0.000000 
T_US: 0.002499 
T_Malleability: 9.886794 
T_total: 23.296558
Config loaded: R=1, S=2, granularity=100000, SDR=10000, ADR=0, Rigid=1, Capture_Method=0
Stage 0: PT=0, T_stage=0.523500, bytes=0, T_capped=0
Stage 1: PT=6, T_stage=0.000000, bytes=33176880, T_capped=0
Group 0: Iters=5, Procs=224, Factors=1.000000, Dist=2, RM=0, SM=0, RS=0, SS=0
Group 1: Iters=10, Procs=448, Factors=1.000000, Dist=2, RM=0, SM=1, RS=0, SS=5
T_spawn: 10.494030 
T_SR: 0.007620 
T_AR: 0.000000 
T_US: 0.002750 
T_Malleability: 10.508570 
T_total: 24.046089
Config loaded: R=1, S=2, granularity=100000, SDR=10000, ADR=0, Rigid=1, Capture_Method=0
Stage 0: PT=0, T_stage=0.523500, bytes=0, T_capped=0
Stage 1: PT=6, T_stage=0.000000, bytes=33176880, T_capped=0
Group 0: Iters=5, Procs=224, Factors=1.000000, Dist=2, RM=0, SM=0, RS=0, SS=0
Group 1: Iters=10, Procs=448, Factors=1.000000, Dist=2, RM=0, SM=1, RS=0, SS=5
T_spawn: 9.831481 
T_SR: 0.012403 
T_AR: 0.000000 
T_US: 0.003037 
T_Malleability: 9.850557 
T_total: 22.695473
Config loaded: R=1, S=2, granularity=100000, SDR=10000, ADR=0, Rigid=1, Capture_Method=0
Stage 0: PT=0, T_stage=0.523500, bytes=0, T_capped=0
Stage 1: PT=6, T_stage=0.000000, bytes=33176880, T_capped=0
Group 0: Iters=5, Procs=224, Factors=1.000000, Dist=2, RM=0, SM=0, RS=0, SS=0
Group 1: Iters=10, Procs=448, Factors=1.000000, Dist=2, RM=0, SM=1, RS=0, SS=5
T_spawn: 10.261844 
T_SR: 0.017564 
T_AR: 0.000000 
T_US: 0.002914 
T_Malleability: 10.286168 
T_total: 22.452594
Config loaded: R=1, S=2, granularity=100000, SDR=10000, ADR=0, Rigid=1, Capture_Method=0
Stage 0: PT=0, T_stage=0.523500, bytes=0, T_capped=0
Stage 1: PT=6, T_stage=0.000000, bytes=33176880, T_capped=0
Group 0: Iters=5, Procs=224, Factors=1.000000, Dist=2, RM=0, SM=0, RS=0, SS=0
Group 1: Iters=10, Procs=448, Factors=1.000000, Dist=2, RM=0, SM=1, RS=0, SS=5
T_spawn: 10.383821 
T_SR: 0.010994 
T_AR: 0.000000 
T_US: 0.003557 
T_Malleability: 10.402201 
T_total: 24.270498
Config loaded: R=1, S=2, granularity=100000, SDR=10000, ADR=0, Rigid=1, Capture_Method=0
Stage 0: PT=0, T_stage=0.523500, bytes=0, T_capped=0
Stage 1: PT=6, T_stage=0.000000, bytes=33176880, T_capped=0
Group 0: Iters=5, Procs=224, Factors=1.000000, Dist=2, RM=0, SM=0, RS=0, SS=0
Group 1: Iters=10, Procs=448, Factors=1.000000, Dist=2, RM=0, SM=1, RS=0, SS=5
T_spawn: 10.306947 
T_SR: 0.014549 
T_AR: 0.000000 
T_US: 0.002961 
T_Malleability: 10.328350 
T_total: 22.976495
Config loaded: R=1, S=2, granularity=100000, SDR=10000, ADR=0, Rigid=1, Capture_Method=0
Stage 0: PT=0, T_stage=0.523500, bytes=0, T_capped=0
Stage 1: PT=6, T_stage=0.000000, bytes=33176880, T_capped=0
Group 0: Iters=5, Procs=224, Factors=1.000000, Dist=2, RM=0, SM=0, RS=0, SS=0
Group 1: Iters=10, Procs=448, Factors=1.000000, Dist=2, RM=0, SM=1, RS=0, SS=5
T_spawn: 10.084032 
T_SR: 0.013206 
T_AR: 0.000000 
T_US: 0.003063 
T_Malleability: 10.103925 
T_total: 22.743101
