Config: granularity=100000, SDR=10000, ADR=0, Rigid=1, Capture_Method=0
Stage 0: PT=0, T_stage=0.523500, bytes=0, T_capped=0
Stage 1: PT=6, T_stage=0.000000, bytes=33176880, T_capped=0
Group 1: Iters=10, Procs=896, Factors=1.000000, Dist=2, RM=0, SM=1, RS=0, SS=5, parents=224, children=0
Async_Iters: 0
T_iter: 1.049853 1.018965 1.034873 0.994472 1.006622 0.997119 0.985623 1.073988 1.052942 0.987509 
T_stage 0: 0.816134 0.860974 0.868373 0.866776 0.873201 0.861729 0.861077 0.858991 0.860609 0.855071 
T_stage 1: 0.233829 0.156092 0.167124 0.128637 0.139717 0.134434 0.126815 0.218783 0.192695 0.133828 
Config: granularity=100000, SDR=10000, ADR=0, Rigid=1, Capture_Method=0
Stage 0: PT=0, T_stage=0.523500, bytes=0, T_capped=0
Stage 1: PT=6, T_stage=0.000000, bytes=33176880, T_capped=0
Group 1: Iters=10, Procs=896, Factors=1.000000, Dist=2, RM=0, SM=1, RS=0, SS=5, parents=224, children=0
Async_Iters: 0
T_iter: 0.973674 0.964139 0.952515 1.068931 0.998324 0.949371 0.953902 0.949090 0.987073 1.000301 
T_stage 0: 0.783222 0.821826 0.827730 0.830016 0.821810 0.823208 0.824620 0.820299 0.819951 0.827378 
T_stage 1: 0.190797 0.142420 0.126215 0.233678 0.175366 0.125683 0.130721 0.124035 0.167314 0.177451 
Config: granularity=100000, SDR=10000, ADR=0, Rigid=1, Capture_Method=0
Stage 0: PT=0, T_stage=0.523500, bytes=0, T_capped=0
Stage 1: PT=6, T_stage=0.000000, bytes=33176880, T_capped=0
Group 1: Iters=10, Procs=896, Factors=1.000000, Dist=2, RM=0, SM=1, RS=0, SS=5, parents=224, children=0
Async_Iters: 0
T_iter: 1.012805 0.973374 1.066086 1.006116 1.034889 0.962097 0.995970 1.057907 0.971810 0.990078 
T_stage 0: 0.821692 0.841599 0.847116 0.853761 0.840522 0.836230 0.839320 0.833092 0.834227 0.832709 
T_stage 1: 0.191622 0.132595 0.222928 0.161194 0.195454 0.125526 0.156910 0.225134 0.137636 0.158446 
Config: granularity=100000, SDR=10000, ADR=0, Rigid=1, Capture_Method=0
Stage 0: PT=0, T_stage=0.523500, bytes=0, T_capped=0
Stage 1: PT=6, T_stage=0.000000, bytes=33176880, T_capped=0
Group 1: Iters=10, Procs=896, Factors=1.000000, Dist=2, RM=0, SM=1, RS=0, SS=5, parents=224, children=0
Async_Iters: 0
T_iter: 0.940229 0.984858 0.887676 0.991922 0.892092 0.893964 0.972850 0.892776 0.967461 0.903325 
T_stage 0: 0.735345 0.763024 0.767787 0.769567 0.758346 0.768017 0.766524 0.765788 0.772038 0.768805 
T_stage 1: 0.204532 0.217532 0.120809 0.220674 0.136367 0.127883 0.206496 0.127399 0.203672 0.135530 
Config: granularity=100000, SDR=10000, ADR=0, Rigid=1, Capture_Method=0
Stage 0: PT=0, T_stage=0.523500, bytes=0, T_capped=0
Stage 1: PT=6, T_stage=0.000000, bytes=33176880, T_capped=0
Group 1: Iters=10, Procs=896, Factors=1.000000, Dist=2, RM=0, SM=1, RS=0, SS=5, parents=224, children=0
Async_Iters: 0
T_iter: 0.928780 0.913384 0.946801 0.996815 0.974238 0.903413 0.927725 0.925884 0.947133 0.902195 
T_stage 0: 0.739289 0.780269 0.782939 0.787152 0.782561 0.779132 0.775883 0.773875 0.719041 0.722872 
T_stage 1: 0.189412 0.131994 0.164558 0.204097 0.187190 0.124531 0.152844 0.152304 0.229664 0.184270 
Config: granularity=100000, SDR=10000, ADR=0, Rigid=1, Capture_Method=0
Stage 0: PT=0, T_stage=0.523500, bytes=0, T_capped=0
Stage 1: PT=6, T_stage=0.000000, bytes=33176880, T_capped=0
Group 1: Iters=10, Procs=896, Factors=1.000000, Dist=2, RM=0, SM=1, RS=0, SS=5, parents=224, children=0
Async_Iters: 0
T_iter: 0.922030 0.886159 0.936169 0.930517 0.997747 0.904907 0.897144 0.919596 0.912807 0.972254 
T_stage 0: 0.749926 0.758510 0.765195 0.768366 0.759389 0.759209 0.757873 0.759780 0.759435 0.756501 
T_stage 1: 0.172271 0.127899 0.171909 0.165052 0.238553 0.142123 0.139734 0.161065 0.147993 0.218531 
Config: granularity=100000, SDR=10000, ADR=0, Rigid=1, Capture_Method=0
Stage 0: PT=0, T_stage=0.523500, bytes=0, T_capped=0
Stage 1: PT=6, T_stage=0.000000, bytes=33176880, T_capped=0
Group 1: Iters=10, Procs=896, Factors=1.000000, Dist=2, RM=0, SM=1, RS=0, SS=5, parents=224, children=0
Async_Iters: 0
T_iter: 0.959841 0.881972 0.937790 0.942983 0.897872 0.925499 0.947105 0.972233 0.902361 0.865511 
T_stage 0: 0.755393 0.754480 0.778344 0.785535 0.777487 0.785612 0.751705 0.743004 0.744262 0.741242 
T_stage 1: 0.205146 0.127671 0.159656 0.159682 0.120571 0.135178 0.201718 0.222604 0.158989 0.124691 
Config: granularity=100000, SDR=10000, ADR=0, Rigid=1, Capture_Method=0
Stage 0: PT=0, T_stage=0.523500, bytes=0, T_capped=0
Stage 1: PT=6, T_stage=0.000000, bytes=33176880, T_capped=0
Group 1: Iters=10, Procs=896, Factors=1.000000, Dist=2, RM=0, SM=1, RS=0, SS=5, parents=224, children=0
Async_Iters: 0
T_iter: 0.888985 0.873445 0.974103 1.004843 0.901908 0.921067 0.869519 0.907341 0.952739 0.892991 
T_stage 0: 0.730662 0.740400 0.777788 0.780289 0.777823 0.784891 0.747776 0.772593 0.763171 0.760221 
T_stage 1: 0.158618 0.133442 0.196607 0.225538 0.124122 0.134930 0.122051 0.135893 0.195034 0.132893 
Config: granularity=100000, SDR=10000, ADR=0, Rigid=1, Capture_Method=0
Stage 0: PT=0, T_stage=0.523500, bytes=0, T_capped=0
Stage 1: PT=6, T_stage=0.000000, bytes=33176880, T_capped=0
Group 1: Iters=10, Procs=896, Factors=1.000000, Dist=2, RM=0, SM=1, RS=0, SS=5, parents=224, children=0
Async_Iters: 0
T_iter: 1.020414 0.957172 1.038895 0.949926 1.057824 0.951931 0.949919 1.072633 0.959727 0.944952 
T_stage 0: 0.831955 0.821568 0.829011 0.824621 0.821966 0.816674 0.816580 0.821000 0.812965 0.813862 
T_stage 1: 0.188316 0.135807 0.196149 0.125790 0.236483 0.135532 0.133528 0.251479 0.147029 0.128467 
Config: granularity=100000, SDR=10000, ADR=0, Rigid=1, Capture_Method=0
Stage 0: PT=0, T_stage=0.523500, bytes=0, T_capped=0
Stage 1: PT=6, T_stage=0.000000, bytes=33176880, T_capped=0
Group 1: Iters=10, Procs=896, Factors=1.000000, Dist=2, RM=0, SM=1, RS=0, SS=5, parents=224, children=0
Async_Iters: 0
T_iter: 1.006540 0.943546 0.964377 0.978776 1.042182 0.944472 0.940346 0.948641 0.934282 0.937313 
T_stage 0: 0.796134 0.799159 0.818860 0.815606 0.817254 0.814438 0.814255 0.808611 0.811852 0.811303 
T_stage 1: 0.210055 0.144820 0.146245 0.163638 0.224106 0.130400 0.125305 0.140198 0.122554 0.127279 
Config: granularity=100000, SDR=10000, ADR=0, Rigid=1, Capture_Method=0
Stage 0: PT=0, T_stage=0.523500, bytes=0, T_capped=0
Stage 1: PT=6, T_stage=0.000000, bytes=33176880, T_capped=0
Group 1: Iters=10, Procs=896, Factors=1.000000, Dist=2, RM=0, SM=1, RS=0, SS=5, parents=224, children=0
Async_Iters: 0
T_iter: 0.998916 1.010609 0.977725 0.988400 1.093180 1.026824 1.049231 1.001732 0.983022 0.986004 
T_stage 0: 0.830646 0.834907 0.844503 0.847419 0.845735 0.844323 0.850279 0.836851 0.843032 0.836490 
T_stage 1: 0.168486 0.176060 0.133817 0.136809 0.251580 0.183899 0.206772 0.164914 0.142869 0.147833 
Config: granularity=100000, SDR=10000, ADR=0, Rigid=1, Capture_Method=0
Stage 0: PT=0, T_stage=0.523500, bytes=0, T_capped=0
Stage 1: PT=6, T_stage=0.000000, bytes=33176880, T_capped=0
Group 1: Iters=10, Procs=896, Factors=1.000000, Dist=2, RM=0, SM=1, RS=0, SS=5, parents=224, children=0
Async_Iters: 0
T_iter: 1.040825 0.978881 1.027201 0.999981 1.021917 0.995668 0.963289 0.986497 1.013367 0.973126 
T_stage 0: 0.809679 0.850750 0.846964 0.850323 0.846399 0.843123 0.835722 0.838529 0.840506 0.833026 
T_stage 1: 0.231588 0.128210 0.182770 0.154062 0.182565 0.155670 0.127691 0.152845 0.171313 0.140551 
Config: granularity=100000, SDR=10000, ADR=0, Rigid=1, Capture_Method=0
Stage 0: PT=0, T_stage=0.523500, bytes=0, T_capped=0
Stage 1: PT=6, T_stage=0.000000, bytes=33176880, T_capped=0
Group 1: Iters=10, Procs=896, Factors=1.000000, Dist=2, RM=0, SM=1, RS=0, SS=5, parents=224, children=0
Async_Iters: 0
T_iter: 0.930822 0.896479 0.954419 0.988148 0.909760 0.884184 0.929489 0.902082 0.965294 0.896032 
T_stage 0: 0.729638 0.764018 0.760501 0.759368 0.759762 0.752107 0.755137 0.755190 0.748507 0.758474 
T_stage 1: 0.190023 0.132574 0.194490 0.223956 0.151026 0.132344 0.176090 0.152126 0.211570 0.141890 
Config: granularity=100000, SDR=10000, ADR=0, Rigid=1, Capture_Method=0
Stage 0: PT=0, T_stage=0.523500, bytes=0, T_capped=0
Stage 1: PT=6, T_stage=0.000000, bytes=33176880, T_capped=0
Group 1: Iters=10, Procs=896, Factors=1.000000, Dist=2, RM=0, SM=1, RS=0, SS=5, parents=224, children=0
Async_Iters: 0
T_iter: 0.944474 0.908903 0.894585 0.959883 0.906317 0.887946 0.837641 0.868351 0.939527 0.858165 
T_stage 0: 0.772262 0.771067 0.773196 0.777577 0.767551 0.767609 0.707651 0.711590 0.709165 0.706342 
T_stage 1: 0.171048 0.138263 0.122398 0.187886 0.135763 0.120711 0.130012 0.162828 0.232304 0.153291 
Config: granularity=100000, SDR=10000, ADR=0, Rigid=1, Capture_Method=0
Stage 0: PT=0, T_stage=0.523500, bytes=0, T_capped=0
Stage 1: PT=6, T_stage=0.000000, bytes=33176880, T_capped=0
Group 1: Iters=10, Procs=896, Factors=1.000000, Dist=2, RM=0, SM=1, RS=0, SS=5, parents=224, children=0
Async_Iters: 0
T_iter: 0.938291 0.904067 0.969844 0.929486 0.937435 0.930806 0.954751 1.026594 1.020043 1.036820 
T_stage 0: 0.773715 0.781330 0.822921 0.813199 0.816799 0.821838 0.812490 0.815291 0.816349 0.809793 
T_stage 1: 0.164479 0.122693 0.143045 0.119484 0.120873 0.111599 0.142452 0.208343 0.203006 0.229737 
Config: granularity=100000, SDR=10000, ADR=0, Rigid=1, Capture_Method=0
Stage 0: PT=0, T_stage=0.523500, bytes=0, T_capped=0
Stage 1: PT=6, T_stage=0.000000, bytes=33176880, T_capped=0
Group 1: Iters=10, Procs=896, Factors=1.000000, Dist=2, RM=0, SM=1, RS=0, SS=5, parents=224, children=0
Async_Iters: 0
T_iter: 0.892647 0.857761 0.943064 0.981233 0.905554 0.901495 0.947737 0.912857 0.851820 0.809200 
T_stage 0: 0.729930 0.735561 0.779547 0.771625 0.772072 0.771683 0.767795 0.764811 0.696470 0.682620 
T_stage 1: 0.162050 0.122063 0.166428 0.208789 0.134338 0.127840 0.178106 0.142832 0.154282 0.126023 
Config: granularity=100000, SDR=10000, ADR=0, Rigid=1, Capture_Method=0
Stage 0: PT=0, T_stage=0.523500, bytes=0, T_capped=0
Stage 1: PT=6, T_stage=0.000000, bytes=33176880, T_capped=0
Group 1: Iters=10, Procs=896, Factors=1.000000, Dist=2, RM=0, SM=1, RS=0, SS=5, parents=224, children=0
Async_Iters: 0
T_iter: 0.937686 0.915506 0.934823 0.991143 0.919669 0.970582 0.984664 0.939227 0.957557 0.962807 
T_stage 0: 0.784311 0.791565 0.801387 0.798609 0.797512 0.826156 0.793425 0.791332 0.800359 0.781503 
T_stage 1: 0.153455 0.124874 0.133914 0.187475 0.122417 0.144709 0.192042 0.148474 0.162004 0.177654 
Config: granularity=100000, SDR=10000, ADR=0, Rigid=1, Capture_Method=0
Stage 0: PT=0, T_stage=0.523500, bytes=0, T_capped=0
Stage 1: PT=6, T_stage=0.000000, bytes=33176880, T_capped=0
Group 1: Iters=10, Procs=896, Factors=1.000000, Dist=2, RM=0, SM=1, RS=0, SS=5, parents=224, children=0
Async_Iters: 0
T_iter: 0.961224 0.880743 0.898384 0.910744 0.872795 0.847606 0.835037 0.891451 0.933169 0.842814 
T_stage 0: 0.757691 0.760982 0.753694 0.737192 0.714904 0.712739 0.710761 0.710652 0.716336 0.709044 
T_stage 1: 0.194816 0.120149 0.145227 0.176991 0.158487 0.135137 0.124630 0.182159 0.217777 0.134405 
Config: granularity=100000, SDR=10000, ADR=0, Rigid=1, Capture_Method=0
Stage 0: PT=0, T_stage=0.523500, bytes=0, T_capped=0
Stage 1: PT=6, T_stage=0.000000, bytes=33176880, T_capped=0
Group 1: Iters=10, Procs=896, Factors=1.000000, Dist=2, RM=0, SM=1, RS=0, SS=5, parents=224, children=0
Async_Iters: 0
T_iter: 0.993107 1.008641 1.047721 1.019758 1.025599 0.958527 0.965886 0.965728 1.016996 0.968341 
T_stage 0: 0.796896 0.836453 0.824946 0.853930 0.852046 0.819797 0.841279 0.845097 0.844825 0.839531 
T_stage 1: 0.196409 0.172198 0.221048 0.170301 0.176130 0.139673 0.124816 0.122066 0.177445 0.129606 
Config: granularity=100000, SDR=10000, ADR=0, Rigid=1, Capture_Method=0
Stage 0: PT=0, T_stage=0.523500, bytes=0, T_capped=0
Stage 1: PT=6, T_stage=0.000000, bytes=33176880, T_capped=0
Group 1: Iters=10, Procs=896, Factors=1.000000, Dist=2, RM=0, SM=1, RS=0, SS=5, parents=224, children=0
Async_Iters: 0
T_iter: 1.007036 0.974000 1.021225 0.969567 0.974374 0.945562 0.990774 1.036534 0.955577 0.946275 
T_stage 0: 0.826432 0.827138 0.827122 0.826519 0.820408 0.820141 0.820691 0.817974 0.823620 0.816209 
T_stage 1: 0.180732 0.150219 0.194964 0.143526 0.153201 0.125905 0.172260 0.219585 0.132318 0.130548 
