Config: granularity=100000, SDR=10000, ADR=0, Rigid=1, Capture_Method=0
Stage 0: PT=0, T_stage=0.523500, bytes=0, T_capped=0
Stage 1: PT=6, T_stage=0.000000, bytes=33176880, T_capped=0
Group 0: Iters=5, Procs=224, Factors=1.000000, Dist=2, RM=0, SM=0, RS=0, SS=0, parents=0, children=1792
Async_Iters: 0
T_iter: 0.898208 0.867439 0.916466 0.953495 0.895355 
T_stage 0: 0.772104 0.788696 0.810620 0.808066 0.801884 
T_stage 1: 0.126235 0.078960 0.107643 0.149442 0.093858 
Config: granularity=100000, SDR=10000, ADR=0, Rigid=1, Capture_Method=0
Stage 0: PT=0, T_stage=0.523500, bytes=0, T_capped=0
Stage 1: PT=6, T_stage=0.000000, bytes=33176880, T_capped=0
Group 0: Iters=5, Procs=224, Factors=1.000000, Dist=2, RM=0, SM=0, RS=0, SS=0, parents=0, children=1792
Async_Iters: 0
T_iter: 0.881948 0.881263 0.946908 0.949930 0.879721 
T_stage 0: 0.759852 0.790908 0.789709 0.788700 0.789506 
T_stage 1: 0.122314 0.090529 0.157479 0.161191 0.090502 
Config: granularity=100000, SDR=10000, ADR=0, Rigid=1, Capture_Method=0
Stage 0: PT=0, T_stage=0.523500, bytes=0, T_capped=0
Stage 1: PT=6, T_stage=0.000000, bytes=33176880, T_capped=0
Group 0: Iters=5, Procs=224, Factors=1.000000, Dist=2, RM=0, SM=0, RS=0, SS=0, parents=0, children=1792
Async_Iters: 0
T_iter: 0.721335 0.725297 0.727604 0.717058 0.735795 
T_stage 0: 0.609126 0.615878 0.627777 0.633203 0.617928 
T_stage 1: 0.112415 0.109667 0.098843 0.084788 0.117892 
Config: granularity=100000, SDR=10000, ADR=0, Rigid=1, Capture_Method=0
Stage 0: PT=0, T_stage=0.523500, bytes=0, T_capped=0
Stage 1: PT=6, T_stage=0.000000, bytes=33176880, T_capped=0
Group 0: Iters=5, Procs=224, Factors=1.000000, Dist=2, RM=0, SM=0, RS=0, SS=0, parents=0, children=1792
Async_Iters: 0
T_iter: 0.902856 0.863469 0.879826 0.862029 0.865658 
T_stage 0: 0.748144 0.770626 0.775975 0.768604 0.767249 
T_stage 1: 0.154650 0.093046 0.108010 0.093461 0.098454 
Config: granularity=100000, SDR=10000, ADR=0, Rigid=1, Capture_Method=0
Stage 0: PT=0, T_stage=0.523500, bytes=0, T_capped=0
Stage 1: PT=6, T_stage=0.000000, bytes=33176880, T_capped=0
Group 0: Iters=5, Procs=224, Factors=1.000000, Dist=2, RM=0, SM=0, RS=0, SS=0, parents=0, children=1792
Async_Iters: 0
T_iter: 0.791321 0.822255 0.855165 0.799664 0.796265 
T_stage 0: 0.681525 0.718511 0.722556 0.715524 0.715429 
T_stage 1: 0.109858 0.103994 0.133117 0.084230 0.080873 
Config: granularity=100000, SDR=10000, ADR=0, Rigid=1, Capture_Method=0
Stage 0: PT=0, T_stage=0.523500, bytes=0, T_capped=0
Stage 1: PT=6, T_stage=0.000000, bytes=33176880, T_capped=0
Group 0: Iters=5, Procs=224, Factors=1.000000, Dist=2, RM=0, SM=0, RS=0, SS=0, parents=0, children=1792
Async_Iters: 0
T_iter: 0.822443 0.801403 0.863662 0.791589 0.794458 
T_stage 0: 0.705635 0.718325 0.716490 0.716299 0.715617 
T_stage 1: 0.116949 0.083348 0.143646 0.075333 0.078872 
Config: granularity=100000, SDR=10000, ADR=0, Rigid=1, Capture_Method=0
Stage 0: PT=0, T_stage=0.523500, bytes=0, T_capped=0
Stage 1: PT=6, T_stage=0.000000, bytes=33176880, T_capped=0
Group 0: Iters=5, Procs=224, Factors=1.000000, Dist=2, RM=0, SM=0, RS=0, SS=0, parents=0, children=1792
Async_Iters: 0
T_iter: 0.888692 0.862525 0.883526 0.912611 0.845653 
T_stage 0: 0.742285 0.762358 0.765140 0.761731 0.758633 
T_stage 1: 0.146488 0.100298 0.118541 0.152976 0.086959 
Config: granularity=100000, SDR=10000, ADR=0, Rigid=1, Capture_Method=0
Stage 0: PT=0, T_stage=0.523500, bytes=0, T_capped=0
Stage 1: PT=6, T_stage=0.000000, bytes=33176880, T_capped=0
Group 0: Iters=5, Procs=224, Factors=1.000000, Dist=2, RM=0, SM=0, RS=0, SS=0, parents=0, children=1792
Async_Iters: 0
T_iter: 0.830632 0.826925 0.878223 0.862113 0.835899 
T_stage 0: 0.712218 0.736731 0.736814 0.733812 0.734787 
T_stage 1: 0.118422 0.090388 0.143584 0.121013 0.101366 
Config: granularity=100000, SDR=10000, ADR=0, Rigid=1, Capture_Method=0
Stage 0: PT=0, T_stage=0.523500, bytes=0, T_capped=0
Stage 1: PT=6, T_stage=0.000000, bytes=33176880, T_capped=0
Group 0: Iters=5, Procs=224, Factors=1.000000, Dist=2, RM=0, SM=0, RS=0, SS=0, parents=0, children=1792
Async_Iters: 0
T_iter: 0.827267 0.830594 0.915854 0.849100 0.829237 
T_stage 0: 0.707008 0.740984 0.745040 0.744884 0.742829 
T_stage 1: 0.120176 0.089964 0.173227 0.110326 0.086744 
Config: granularity=100000, SDR=10000, ADR=0, Rigid=1, Capture_Method=0
Stage 0: PT=0, T_stage=0.523500, bytes=0, T_capped=0
Stage 1: PT=6, T_stage=0.000000, bytes=33176880, T_capped=0
Group 0: Iters=5, Procs=224, Factors=1.000000, Dist=2, RM=0, SM=0, RS=0, SS=0, parents=0, children=1792
Async_Iters: 0
T_iter: 0.881033 0.848038 0.884396 0.846788 0.838037 
T_stage 0: 0.739181 0.757230 0.761491 0.752686 0.756999 
T_stage 1: 0.142180 0.091057 0.126080 0.089403 0.081478 
Config: granularity=100000, SDR=10000, ADR=0, Rigid=1, Capture_Method=0
Stage 0: PT=0, T_stage=0.523500, bytes=0, T_capped=0
Stage 1: PT=6, T_stage=0.000000, bytes=33176880, T_capped=0
Group 0: Iters=5, Procs=224, Factors=1.000000, Dist=2, RM=0, SM=0, RS=0, SS=0, parents=0, children=1792
Async_Iters: 0
T_iter: 0.933004 0.917941 0.902689 0.920979 0.891348 
T_stage 0: 0.789078 0.815887 0.793271 0.795570 0.788317 
T_stage 1: 0.143915 0.102416 0.109719 0.132306 0.102977 
Config: granularity=100000, SDR=10000, ADR=0, Rigid=1, Capture_Method=0
Stage 0: PT=0, T_stage=0.523500, bytes=0, T_capped=0
Stage 1: PT=6, T_stage=0.000000, bytes=33176880, T_capped=0
Group 0: Iters=5, Procs=224, Factors=1.000000, Dist=2, RM=0, SM=0, RS=0, SS=0, parents=0, children=1792
Async_Iters: 0
T_iter: 0.877745 0.868532 0.892236 0.919193 0.874180 
T_stage 0: 0.754435 0.779315 0.783424 0.778975 0.776798 
T_stage 1: 0.123547 0.089616 0.108644 0.138126 0.097516 
Config: granularity=100000, SDR=10000, ADR=0, Rigid=1, Capture_Method=0
Stage 0: PT=0, T_stage=0.523500, bytes=0, T_capped=0
Stage 1: PT=6, T_stage=0.000000, bytes=33176880, T_capped=0
Group 0: Iters=5, Procs=224, Factors=1.000000, Dist=2, RM=0, SM=0, RS=0, SS=0, parents=0, children=1792
Async_Iters: 0
T_iter: 0.921537 0.934337 0.932338 0.956030 0.908208 
T_stage 0: 0.801677 0.828250 0.833591 0.825949 0.826786 
T_stage 1: 0.120241 0.106458 0.098981 0.129897 0.081667 
Config: granularity=100000, SDR=10000, ADR=0, Rigid=1, Capture_Method=0
Stage 0: PT=0, T_stage=0.523500, bytes=0, T_capped=0
Stage 1: PT=6, T_stage=0.000000, bytes=33176880, T_capped=0
Group 0: Iters=5, Procs=224, Factors=1.000000, Dist=2, RM=0, SM=0, RS=0, SS=0, parents=0, children=1792
Async_Iters: 0
T_iter: 0.899130 0.877022 0.855425 0.889356 0.842308 
T_stage 0: 0.742639 0.758249 0.750883 0.750181 0.748550 
T_stage 1: 0.156882 0.119223 0.104874 0.139288 0.093877 
Config: granularity=100000, SDR=10000, ADR=0, Rigid=1, Capture_Method=0
Stage 0: PT=0, T_stage=0.523500, bytes=0, T_capped=0
Stage 1: PT=6, T_stage=0.000000, bytes=33176880, T_capped=0
Group 0: Iters=5, Procs=224, Factors=1.000000, Dist=2, RM=0, SM=0, RS=0, SS=0, parents=0, children=1792
Async_Iters: 0
T_iter: 0.856168 0.842415 0.838307 0.873592 0.844582 
T_stage 0: 0.715270 0.729723 0.729660 0.725504 0.726839 
T_stage 1: 0.141202 0.113052 0.109050 0.144675 0.117792 
Config: granularity=100000, SDR=10000, ADR=0, Rigid=1, Capture_Method=0
Stage 0: PT=0, T_stage=0.523500, bytes=0, T_capped=0
Stage 1: PT=6, T_stage=0.000000, bytes=33176880, T_capped=0
Group 0: Iters=5, Procs=224, Factors=1.000000, Dist=2, RM=0, SM=0, RS=0, SS=0, parents=0, children=1792
Async_Iters: 0
T_iter: 0.811025 0.804722 0.870249 0.811033 0.814502 
T_stage 0: 0.688448 0.723818 0.724420 0.722495 0.720523 
T_stage 1: 0.122784 0.081168 0.149553 0.088605 0.094197 
Config: granularity=100000, SDR=10000, ADR=0, Rigid=1, Capture_Method=0
Stage 0: PT=0, T_stage=0.523500, bytes=0, T_capped=0
Stage 1: PT=6, T_stage=0.000000, bytes=33176880, T_capped=0
Group 0: Iters=5, Procs=224, Factors=1.000000, Dist=2, RM=0, SM=0, RS=0, SS=0, parents=0, children=1792
Async_Iters: 0
T_iter: 0.816844 0.816315 0.873942 0.809816 0.794722 
T_stage 0: 0.675272 0.716996 0.717059 0.716325 0.714520 
T_stage 1: 0.141616 0.099786 0.160896 0.093560 0.080310 
Config: granularity=100000, SDR=10000, ADR=0, Rigid=1, Capture_Method=0
Stage 0: PT=0, T_stage=0.523500, bytes=0, T_capped=0
Stage 1: PT=6, T_stage=0.000000, bytes=33176880, T_capped=0
Group 0: Iters=5, Procs=224, Factors=1.000000, Dist=2, RM=0, SM=0, RS=0, SS=0, parents=0, children=1792
Async_Iters: 0
T_iter: 0.863727 0.867994 0.914529 0.920913 0.869613 
T_stage 0: 0.741056 0.775800 0.783975 0.775982 0.775888 
T_stage 1: 0.122862 0.092755 0.136199 0.145298 0.093979 
Config: granularity=100000, SDR=10000, ADR=0, Rigid=1, Capture_Method=0
Stage 0: PT=0, T_stage=0.523500, bytes=0, T_capped=0
Stage 1: PT=6, T_stage=0.000000, bytes=33176880, T_capped=0
Group 0: Iters=5, Procs=224, Factors=1.000000, Dist=2, RM=0, SM=0, RS=0, SS=0, parents=0, children=1792
Async_Iters: 0
T_iter: 0.775623 0.745271 0.746242 0.750449 0.767047 
T_stage 0: 0.654387 0.660501 0.664227 0.659586 0.663729 
T_stage 1: 0.121583 0.084767 0.083368 0.090899 0.103366 
Config: granularity=100000, SDR=10000, ADR=0, Rigid=1, Capture_Method=0
Stage 0: PT=0, T_stage=0.523500, bytes=0, T_capped=0
Stage 1: PT=6, T_stage=0.000000, bytes=33176880, T_capped=0
Group 0: Iters=5, Procs=224, Factors=1.000000, Dist=2, RM=0, SM=0, RS=0, SS=0, parents=0, children=1792
Async_Iters: 0
T_iter: 0.848334 0.819731 0.876930 0.850764 0.799243 
T_stage 0: 0.732596 0.734906 0.742687 0.713370 0.712241 
T_stage 1: 0.115650 0.085116 0.137557 0.129142 0.087084 
