Config: granularity=100000, SDR=10000, ADR=0, Rigid=1, Capture_Method=0
Stage 0: PT=0, T_stage=0.523500, bytes=0, T_capped=0
Stage 1: PT=6, T_stage=0.000000, bytes=33176880, T_capped=0
Group 1: Iters=10, Procs=1792, Factors=1.000000, Dist=2, RM=0, SM=1, RS=0, SS=5, parents=448, children=0
Async_Iters: 0
T_iter: 1.080355 1.014865 1.041790 1.042915 0.996995 1.010472 1.049938 0.961186 1.003042 0.994840 
T_stage 0: 0.809173 0.817251 0.818896 0.805589 0.803032 0.802192 0.811198 0.796504 0.799124 0.794624 
T_stage 1: 0.265510 0.202078 0.213409 0.238315 0.193156 0.207985 0.239649 0.165050 0.201138 0.201326 
Config: granularity=100000, SDR=10000, ADR=0, Rigid=1, Capture_Method=0
Stage 0: PT=0, T_stage=0.523500, bytes=0, T_capped=0
Stage 1: PT=6, T_stage=0.000000, bytes=33176880, T_capped=0
Group 1: Iters=10, Procs=1792, Factors=1.000000, Dist=2, RM=0, SM=1, RS=0, SS=5, parents=448, children=0
Async_Iters: 0
T_iter: 1.056175 1.090742 1.051784 1.034866 0.978206 1.101698 1.068982 0.985282 0.958611 1.014974 
T_stage 0: 0.803782 0.841233 0.859171 0.834474 0.838320 0.848155 0.845530 0.827633 0.821591 0.842358 
T_stage 1: 0.252069 0.246369 0.199287 0.200683 0.140228 0.262526 0.227533 0.157583 0.136258 0.177089 
Config: granularity=100000, SDR=10000, ADR=0, Rigid=1, Capture_Method=0
Stage 0: PT=0, T_stage=0.523500, bytes=0, T_capped=0
Stage 1: PT=6, T_stage=0.000000, bytes=33176880, T_capped=0
Group 1: Iters=10, Procs=1792, Factors=1.000000, Dist=2, RM=0, SM=1, RS=0, SS=5, parents=448, children=0
Async_Iters: 0
T_iter: 0.975224 1.019333 1.027988 1.059596 1.005320 1.024959 1.058177 1.021020 0.930858 0.989226 
T_stage 0: 0.764077 0.775748 0.770081 0.772476 0.767558 0.760910 0.786230 0.772104 0.772678 0.760136 
T_stage 1: 0.208490 0.243290 0.247901 0.283755 0.237999 0.265587 0.276184 0.252851 0.158422 0.230618 
Config: granularity=100000, SDR=10000, ADR=0, Rigid=1, Capture_Method=0
Stage 0: PT=0, T_stage=0.523500, bytes=0, T_capped=0
Stage 1: PT=6, T_stage=0.000000, bytes=33176880, T_capped=0
Group 1: Iters=10, Procs=1792, Factors=1.000000, Dist=2, RM=0, SM=1, RS=0, SS=5, parents=448, children=0
Async_Iters: 0
T_iter: 0.989591 1.015439 0.942815 0.994407 1.028818 1.002244 0.916097 0.952314 1.033489 0.965134 
T_stage 0: 0.768627 0.773942 0.768518 0.767929 0.769590 0.764135 0.762512 0.770497 0.760998 0.761019 
T_stage 1: 0.220874 0.244071 0.170833 0.230445 0.264135 0.239089 0.155753 0.186693 0.272528 0.206453 
Config: granularity=100000, SDR=10000, ADR=0, Rigid=1, Capture_Method=0
Stage 0: PT=0, T_stage=0.523500, bytes=0, T_capped=0
Stage 1: PT=6, T_stage=0.000000, bytes=33176880, T_capped=0
Group 1: Iters=10, Procs=1792, Factors=1.000000, Dist=2, RM=0, SM=1, RS=0, SS=5, parents=448, children=0
Async_Iters: 0
T_iter: 0.977820 0.966289 1.054001 1.016580 0.942443 1.004832 1.036804 0.971363 0.998118 0.945117 
T_stage 0: 0.770321 0.781474 0.783808 0.785570 0.768071 0.775495 0.771873 0.774003 0.775687 0.767827 
T_stage 1: 0.207752 0.181387 0.275412 0.228116 0.175256 0.222877 0.264512 0.197522 0.225767 0.177631 
Config: granularity=100000, SDR=10000, ADR=0, Rigid=1, Capture_Method=0
Stage 0: PT=0, T_stage=0.523500, bytes=0, T_capped=0
Stage 1: PT=6, T_stage=0.000000, bytes=33176880, T_capped=0
Group 1: Iters=10, Procs=1792, Factors=1.000000, Dist=2, RM=0, SM=1, RS=0, SS=5, parents=448, children=0
Async_Iters: 0
T_iter: 1.016860 1.002713 0.908291 0.913253 0.957084 0.907050 0.924656 0.897414 0.899196 0.959895 
T_stage 0: 0.757510 0.773477 0.764438 0.757604 0.755214 0.756930 0.756934 0.756059 0.752779 0.751208 
T_stage 1: 0.252666 0.227941 0.143991 0.155321 0.201645 0.154364 0.171862 0.142830 0.149334 0.210527 
Config: granularity=100000, SDR=10000, ADR=0, Rigid=1, Capture_Method=0
Stage 0: PT=0, T_stage=0.523500, bytes=0, T_capped=0
Stage 1: PT=6, T_stage=0.000000, bytes=33176880, T_capped=0
Group 1: Iters=10, Procs=1792, Factors=1.000000, Dist=2, RM=0, SM=1, RS=0, SS=5, parents=448, children=0
Async_Iters: 0
T_iter: 1.070928 1.031067 1.041464 1.002291 1.074439 1.035643 1.044217 1.015868 1.063002 0.993623 
T_stage 0: 0.844702 0.860859 0.851429 0.853005 0.831752 0.830472 0.843396 0.827560 0.824810 0.831441 
T_stage 1: 0.209730 0.181300 0.194565 0.155058 0.238169 0.207096 0.203083 0.184918 0.233540 0.160734 
Config: granularity=100000, SDR=10000, ADR=0, Rigid=1, Capture_Method=0
Stage 0: PT=0, T_stage=0.523500, bytes=0, T_capped=0
Stage 1: PT=6, T_stage=0.000000, bytes=33176880, T_capped=0
Group 1: Iters=10, Procs=1792, Factors=1.000000, Dist=2, RM=0, SM=1, RS=0, SS=5, parents=448, children=0
Async_Iters: 0
T_iter: 0.907912 0.984692 0.987423 0.992874 0.945372 0.963587 0.978836 0.945844 0.932528 0.887293 
T_stage 0: 0.725123 0.745442 0.746995 0.753087 0.750474 0.726672 0.731394 0.728188 0.723052 0.722107 
T_stage 1: 0.182770 0.253103 0.240309 0.237704 0.199906 0.241206 0.252759 0.222719 0.212512 0.171289 
Config: granularity=100000, SDR=10000, ADR=0, Rigid=1, Capture_Method=0
Stage 0: PT=0, T_stage=0.523500, bytes=0, T_capped=0
Stage 1: PT=6, T_stage=0.000000, bytes=33176880, T_capped=0
Group 1: Iters=10, Procs=1792, Factors=1.000000, Dist=2, RM=0, SM=1, RS=0, SS=5, parents=448, children=0
Async_Iters: 0
T_iter: 0.987711 0.953190 0.941382 0.964363 1.002651 0.947777 0.949122 1.000203 1.010083 0.975390 
T_stage 0: 0.730819 0.776322 0.776696 0.773424 0.774260 0.769011 0.770259 0.766680 0.788719 0.774310 
T_stage 1: 0.253839 0.176543 0.150377 0.188952 0.232148 0.178471 0.181816 0.234035 0.241706 0.203689 
Config: granularity=100000, SDR=10000, ADR=0, Rigid=1, Capture_Method=0
Stage 0: PT=0, T_stage=0.523500, bytes=0, T_capped=0
Stage 1: PT=6, T_stage=0.000000, bytes=33176880, T_capped=0
Group 1: Iters=10, Procs=1792, Factors=1.000000, Dist=2, RM=0, SM=1, RS=0, SS=5, parents=448, children=0
Async_Iters: 0
T_iter: 0.955610 0.973939 0.927457 0.909803 0.990160 0.898617 0.970923 0.914774 0.962642 0.916158 
T_stage 0: 0.761640 0.762490 0.771468 0.759740 0.760312 0.756265 0.759478 0.754771 0.750832 0.752089 
T_stage 1: 0.188684 0.210695 0.163992 0.150785 0.226177 0.141793 0.216788 0.162733 0.213204 0.166730 
Config: granularity=100000, SDR=10000, ADR=0, Rigid=1, Capture_Method=0
Stage 0: PT=0, T_stage=0.523500, bytes=0, T_capped=0
Stage 1: PT=6, T_stage=0.000000, bytes=33176880, T_capped=0
Group 1: Iters=10, Procs=1792, Factors=1.000000, Dist=2, RM=0, SM=1, RS=0, SS=5, parents=448, children=0
Async_Iters: 0
T_iter: 0.968202 0.939776 1.019182 1.012917 1.020621 0.935247 0.945139 0.966349 1.015750 0.933942 
T_stage 0: 0.739668 0.773052 0.783864 0.779766 0.782612 0.770789 0.781565 0.775999 0.773852 0.774865 
T_stage 1: 0.227757 0.171512 0.239206 0.234683 0.236778 0.165060 0.161997 0.191502 0.243691 0.161316 
Config: granularity=100000, SDR=10000, ADR=0, Rigid=1, Capture_Method=0
Stage 0: PT=0, T_stage=0.523500, bytes=0, T_capped=0
Stage 1: PT=6, T_stage=0.000000, bytes=33176880, T_capped=0
Group 1: Iters=10, Procs=1792, Factors=1.000000, Dist=2, RM=0, SM=1, RS=0, SS=5, parents=448, children=0
Async_Iters: 0
T_iter: 1.083703 1.024571 1.002271 1.000938 0.987295 0.965225 0.972503 0.973032 0.945795 1.010916 
T_stage 0: 0.838081 0.851295 0.835593 0.819958 0.805684 0.811411 0.808265 0.799255 0.798813 0.796708 
T_stage 1: 0.245567 0.173351 0.170251 0.181467 0.181872 0.146513 0.162807 0.176465 0.150919 0.214166 
Config: granularity=100000, SDR=10000, ADR=0, Rigid=1, Capture_Method=0
Stage 0: PT=0, T_stage=0.523500, bytes=0, T_capped=0
Stage 1: PT=6, T_stage=0.000000, bytes=33176880, T_capped=0
Group 1: Iters=10, Procs=1792, Factors=1.000000, Dist=2, RM=0, SM=1, RS=0, SS=5, parents=448, children=0
Async_Iters: 0
T_iter: 1.022879 0.973269 1.018051 1.012287 0.970379 0.956951 0.972799 0.961785 0.995690 0.979522 
T_stage 0: 0.771341 0.779657 0.778124 0.776094 0.775149 0.778473 0.777326 0.775879 0.772538 0.763203 
T_stage 1: 0.251446 0.186536 0.239734 0.233850 0.195904 0.179582 0.200697 0.184770 0.225434 0.218019 
Config: granularity=100000, SDR=10000, ADR=0, Rigid=1, Capture_Method=0
Stage 0: PT=0, T_stage=0.523500, bytes=0, T_capped=0
Stage 1: PT=6, T_stage=0.000000, bytes=33176880, T_capped=0
Group 1: Iters=10, Procs=1792, Factors=1.000000, Dist=2, RM=0, SM=1, RS=0, SS=5, parents=448, children=0
Async_Iters: 0
T_iter: 0.967181 0.963312 0.929294 0.931885 1.008271 0.939939 0.971492 0.997604 1.036086 0.920521 
T_stage 0: 0.730892 0.772567 0.766327 0.766104 0.772724 0.762664 0.760327 0.763864 0.772573 0.756628 
T_stage 1: 0.231471 0.194148 0.157261 0.157468 0.240460 0.174476 0.211570 0.226292 0.262604 0.164441 
Config: granularity=100000, SDR=10000, ADR=0, Rigid=1, Capture_Method=0
Stage 0: PT=0, T_stage=0.523500, bytes=0, T_capped=0
Stage 1: PT=6, T_stage=0.000000, bytes=33176880, T_capped=0
Group 1: Iters=10, Procs=1792, Factors=1.000000, Dist=2, RM=0, SM=1, RS=0, SS=5, parents=448, children=0
Async_Iters: 0
T_iter: 0.911619 0.880221 0.943714 0.944489 0.915433 0.899156 0.922533 0.953083 0.902341 1.003987 
T_stage 0: 0.726418 0.755339 0.777071 0.765410 0.759423 0.760833 0.755895 0.754048 0.761150 0.753434 
T_stage 1: 0.184549 0.130116 0.176417 0.180189 0.156668 0.138595 0.162691 0.198839 0.145181 0.246158 
Config: granularity=100000, SDR=10000, ADR=0, Rigid=1, Capture_Method=0
Stage 0: PT=0, T_stage=0.523500, bytes=0, T_capped=0
Stage 1: PT=6, T_stage=0.000000, bytes=33176880, T_capped=0
Group 1: Iters=10, Procs=1792, Factors=1.000000, Dist=2, RM=0, SM=1, RS=0, SS=5, parents=448, children=0
Async_Iters: 0
T_iter: 1.080213 1.087740 1.008639 0.993255 1.001034 0.978227 1.014823 1.117896 1.049142 1.008049 
T_stage 0: 0.823318 0.845355 0.851706 0.842659 0.843740 0.840771 0.840891 0.849034 0.839162 0.836851 
T_stage 1: 0.253242 0.242899 0.157112 0.151359 0.158908 0.137690 0.169560 0.267043 0.208228 0.171864 
Config: granularity=100000, SDR=10000, ADR=0, Rigid=1, Capture_Method=0
Stage 0: PT=0, T_stage=0.523500, bytes=0, T_capped=0
Stage 1: PT=6, T_stage=0.000000, bytes=33176880, T_capped=0
Group 1: Iters=10, Procs=1792, Factors=1.000000, Dist=2, RM=0, SM=1, RS=0, SS=5, parents=448, children=0
Async_Iters: 0
T_iter: 1.034534 1.007419 1.077430 1.082630 1.013361 1.105156 1.075281 1.076571 1.001572 0.967365 
T_stage 0: 0.833611 0.845185 0.852709 0.843318 0.847462 0.847333 0.836606 0.844253 0.840655 0.837097 
T_stage 1: 0.200802 0.167456 0.207602 0.239673 0.167406 0.265528 0.239421 0.239722 0.165000 0.128521 
Config: granularity=100000, SDR=10000, ADR=0, Rigid=1, Capture_Method=0
Stage 0: PT=0, T_stage=0.523500, bytes=0, T_capped=0
Stage 1: PT=6, T_stage=0.000000, bytes=33176880, T_capped=0
Group 1: Iters=10, Procs=1792, Factors=1.000000, Dist=2, RM=0, SM=1, RS=0, SS=5, parents=448, children=0
Async_Iters: 0
T_iter: 1.036362 0.971959 1.028877 0.980625 0.993172 1.039663 1.039385 1.044557 1.027708 0.936887 
T_stage 0: 0.780230 0.803835 0.805291 0.799867 0.805172 0.797355 0.792949 0.798683 0.791980 0.789729 
T_stage 1: 0.252934 0.167680 0.224865 0.178787 0.191898 0.244154 0.244254 0.246975 0.232931 0.146356 
Config: granularity=100000, SDR=10000, ADR=0, Rigid=1, Capture_Method=0
Stage 0: PT=0, T_stage=0.523500, bytes=0, T_capped=0
Stage 1: PT=6, T_stage=0.000000, bytes=33176880, T_capped=0
Group 1: Iters=10, Procs=1792, Factors=1.000000, Dist=2, RM=0, SM=1, RS=0, SS=5, parents=448, children=0
Async_Iters: 0
T_iter: 1.056435 1.028849 0.950092 0.966900 1.003178 0.981802 1.019294 1.007726 1.010416 1.010595 
T_stage 0: 0.769386 0.780597 0.782569 0.781976 0.778057 0.771832 0.774990 0.775988 0.772293 0.769280 
T_stage 1: 0.285705 0.253208 0.173125 0.190239 0.227916 0.211383 0.248896 0.230445 0.240178 0.241517 
Config: granularity=100000, SDR=10000, ADR=0, Rigid=1, Capture_Method=0
Stage 0: PT=0, T_stage=0.523500, bytes=0, T_capped=0
Stage 1: PT=6, T_stage=0.000000, bytes=33176880, T_capped=0
Group 1: Iters=10, Procs=1792, Factors=1.000000, Dist=2, RM=0, SM=1, RS=0, SS=5, parents=448, children=0
Async_Iters: 0
T_iter: 1.109229 1.017349 1.102393 1.038788 1.003325 1.004541 1.097487 1.061716 1.045444 1.089807 
T_stage 0: 0.861753 0.853574 0.855829 0.856118 0.849605 0.848850 0.848486 0.853753 0.845464 0.843001 
T_stage 1: 0.240017 0.161272 0.244437 0.181178 0.154170 0.152525 0.243820 0.212458 0.204778 0.244144 
