Config: granularity=100000, SDR=10000, ADR=0, Rigid=1, Capture_Method=0
Stage 0: PT=0, T_stage=0.523500, bytes=0, T_capped=0
Stage 1: PT=6, T_stage=0.000000, bytes=33176880, T_capped=0
Group 1: Iters=10, Procs=2688, Factors=1.000000, Dist=2, RM=0, SM=1, RS=0, SS=5, parents=112, children=0
Async_Iters: 0
T_iter: 1.212391 1.238831 1.162872 1.269410 1.161946 1.246128 1.203799 1.208757 1.197403 1.155226 
T_stage 0: 0.853349 0.862647 0.864236 0.860690 0.857489 0.853885 0.846352 0.850168 0.850034 0.841427 
T_stage 1: 0.352248 0.376219 0.297382 0.408018 0.310754 0.387236 0.348520 0.361287 0.346000 0.310532 
Config: granularity=100000, SDR=10000, ADR=0, Rigid=1, Capture_Method=0
Stage 0: PT=0, T_stage=0.523500, bytes=0, T_capped=0
Stage 1: PT=6, T_stage=0.000000, bytes=33176880, T_capped=0
Group 1: Iters=10, Procs=2688, Factors=1.000000, Dist=2, RM=0, SM=1, RS=0, SS=5, parents=112, children=0
Async_Iters: 0
T_iter: 1.141921 1.124416 1.023492 1.016338 1.082725 1.175246 1.018483 1.020232 0.976555 1.045070 
T_stage 0: 0.740572 0.753878 0.751655 0.750422 0.746775 0.764351 0.742343 0.739176 0.733776 0.732747 
T_stage 1: 0.392727 0.368351 0.273839 0.271435 0.335920 0.417609 0.280783 0.277339 0.238028 0.311075 
Config: granularity=100000, SDR=10000, ADR=0, Rigid=1, Capture_Method=0
Stage 0: PT=0, T_stage=0.523500, bytes=0, T_capped=0
Stage 1: PT=6, T_stage=0.000000, bytes=33176880, T_capped=0
Group 1: Iters=10, Procs=2688, Factors=1.000000, Dist=2, RM=0, SM=1, RS=0, SS=5, parents=112, children=0
Async_Iters: 0
T_iter: 1.125367 1.068535 1.091940 1.080199 1.107198 1.093706 1.057458 0.959267 0.945480 0.957793 
T_stage 0: 0.732670 0.746762 0.747469 0.732758 0.739602 0.741405 0.730033 0.733069 0.724379 0.722911 
T_stage 1: 0.385133 0.323360 0.352429 0.348887 0.371023 0.358372 0.321040 0.231913 0.222729 0.234994 
Config: granularity=100000, SDR=10000, ADR=0, Rigid=1, Capture_Method=0
Stage 0: PT=0, T_stage=0.523500, bytes=0, T_capped=0
Stage 1: PT=6, T_stage=0.000000, bytes=33176880, T_capped=0
Group 1: Iters=10, Procs=2688, Factors=1.000000, Dist=2, RM=0, SM=1, RS=0, SS=5, parents=112, children=0
Async_Iters: 0
T_iter: 1.138739 1.153197 1.005583 1.120554 1.008367 1.145909 1.033827 0.983137 1.015362 0.942514 
T_stage 0: 0.749312 0.774731 0.761550 0.765916 0.764354 0.764385 0.752683 0.755257 0.767284 0.747767 
T_stage 1: 0.375104 0.364549 0.243363 0.361619 0.248038 0.373419 0.284486 0.230185 0.251576 0.194264 
Config: granularity=100000, SDR=10000, ADR=0, Rigid=1, Capture_Method=0
Stage 0: PT=0, T_stage=0.523500, bytes=0, T_capped=0
Stage 1: PT=6, T_stage=0.000000, bytes=33176880, T_capped=0
Group 1: Iters=10, Procs=2688, Factors=1.000000, Dist=2, RM=0, SM=1, RS=0, SS=5, parents=112, children=0
Async_Iters: 0
T_iter: 1.164323 1.033089 1.079437 1.047380 1.043093 1.121695 1.062187 1.079777 0.927281 1.064600 
T_stage 0: 0.724237 0.730429 0.730954 0.725603 0.729504 0.728386 0.728104 0.720189 0.716096 0.714247 
T_stage 1: 0.433474 0.303227 0.351623 0.321285 0.320348 0.388307 0.333818 0.357431 0.207551 0.345166 
Config: granularity=100000, SDR=10000, ADR=0, Rigid=1, Capture_Method=0
Stage 0: PT=0, T_stage=0.523500, bytes=0, T_capped=0
Stage 1: PT=6, T_stage=0.000000, bytes=33176880, T_capped=0
Group 1: Iters=10, Procs=2688, Factors=1.000000, Dist=2, RM=0, SM=1, RS=0, SS=5, parents=112, children=0
Async_Iters: 0
T_iter: 1.251698 1.270591 1.190854 1.114393 1.291291 1.179622 1.086232 1.162782 1.049890 1.158357 
T_stage 0: 0.860376 0.882809 0.855990 0.860891 0.866537 0.855110 0.849259 0.845749 0.839788 0.845191 
T_stage 1: 0.365785 0.396278 0.330095 0.253627 0.417120 0.330145 0.238071 0.319554 0.209815 0.310705 
Config: granularity=100000, SDR=10000, ADR=0, Rigid=1, Capture_Method=0
Stage 0: PT=0, T_stage=0.523500, bytes=0, T_capped=0
Stage 1: PT=6, T_stage=0.000000, bytes=33176880, T_capped=0
Group 1: Iters=10, Procs=2688, Factors=1.000000, Dist=2, RM=0, SM=1, RS=0, SS=5, parents=112, children=0
Async_Iters: 0
T_iter: 1.116518 1.191107 1.135149 1.044598 1.050969 1.172287 1.108977 1.124681 1.071034 1.006094 
T_stage 0: 0.811514 0.826848 0.837028 0.816109 0.813624 0.820495 0.815431 0.809323 0.798968 0.794951 
T_stage 1: 0.293900 0.348594 0.316071 0.227105 0.239237 0.347559 0.290486 0.318545 0.270356 0.208126 
Config: granularity=100000, SDR=10000, ADR=0, Rigid=1, Capture_Method=0
Stage 0: PT=0, T_stage=0.523500, bytes=0, T_capped=0
Stage 1: PT=6, T_stage=0.000000, bytes=33176880, T_capped=0
Group 1: Iters=10, Procs=2688, Factors=1.000000, Dist=2, RM=0, SM=1, RS=0, SS=5, parents=112, children=0
Async_Iters: 0
T_iter: 1.034148 1.067695 1.064880 1.056260 1.069378 1.113569 1.048312 1.107789 1.018801 1.106218 
T_stage 0: 0.745047 0.766858 0.755748 0.767156 0.749957 0.750829 0.760370 0.744080 0.739818 0.736557 
T_stage 1: 0.289204 0.302172 0.313985 0.295955 0.324530 0.358425 0.296843 0.364314 0.271853 0.365812 
Config: granularity=100000, SDR=10000, ADR=0, Rigid=1, Capture_Method=0
Stage 0: PT=0, T_stage=0.523500, bytes=0, T_capped=0
Stage 1: PT=6, T_stage=0.000000, bytes=33176880, T_capped=0
Group 1: Iters=10, Procs=2688, Factors=1.000000, Dist=2, RM=0, SM=1, RS=0, SS=5, parents=112, children=0
Async_Iters: 0
T_iter: 1.152044 1.250296 1.173168 1.091685 1.073838 1.267190 1.221427 1.133823 1.210509 1.128519 
T_stage 0: 0.863821 0.883595 0.867001 0.866770 0.864470 0.875129 0.862216 0.860434 0.861169 0.853853 
T_stage 1: 0.270629 0.364962 0.303916 0.225058 0.204920 0.393293 0.361907 0.271129 0.355280 0.274956 
Config: granularity=100000, SDR=10000, ADR=0, Rigid=1, Capture_Method=0
Stage 0: PT=0, T_stage=0.523500, bytes=0, T_capped=0
Stage 1: PT=6, T_stage=0.000000, bytes=33176880, T_capped=0
Group 1: Iters=10, Procs=2688, Factors=1.000000, Dist=2, RM=0, SM=1, RS=0, SS=5, parents=112, children=0
Async_Iters: 0
T_iter: 1.142733 1.107640 1.175576 1.086999 1.102501 1.130791 1.053134 1.059014 0.983740 0.929755 
T_stage 0: 0.742717 0.748881 0.739559 0.739030 0.732257 0.740316 0.741896 0.739063 0.731114 0.734276 
T_stage 1: 0.378124 0.356759 0.415404 0.348516 0.367129 0.385162 0.305488 0.315092 0.249861 0.200160 
Config: granularity=100000, SDR=10000, ADR=0, Rigid=1, Capture_Method=0
Stage 0: PT=0, T_stage=0.523500, bytes=0, T_capped=0
Stage 1: PT=6, T_stage=0.000000, bytes=33176880, T_capped=0
Group 1: Iters=10, Procs=2688, Factors=1.000000, Dist=2, RM=0, SM=1, RS=0, SS=5, parents=112, children=0
Async_Iters: 0
T_iter: 1.204695 1.112258 1.197526 1.042027 0.985447 1.118598 1.090958 1.092515 0.993000 0.971773 
T_stage 0: 0.758771 0.778114 0.774532 0.762209 0.762359 0.759613 0.776067 0.749967 0.749319 0.746458 
T_stage 1: 0.439537 0.345260 0.411418 0.285529 0.230031 0.365182 0.334624 0.337152 0.241055 0.222364 
Config: granularity=100000, SDR=10000, ADR=0, Rigid=1, Capture_Method=0
Stage 0: PT=0, T_stage=0.523500, bytes=0, T_capped=0
Stage 1: PT=6, T_stage=0.000000, bytes=33176880, T_capped=0
Group 1: Iters=10, Procs=2688, Factors=1.000000, Dist=2, RM=0, SM=1, RS=0, SS=5, parents=112, children=0
Async_Iters: 0
T_iter: 1.272224 1.245509 1.246766 1.154433 1.249703 1.234401 1.228724 1.063918 1.108825 1.209363 
T_stage 0: 0.863726 0.873436 0.871013 0.864059 0.871095 0.861295 0.863079 0.854985 0.853505 0.860301 
T_stage 1: 0.402370 0.374652 0.373803 0.288841 0.377821 0.368671 0.371246 0.207218 0.251566 0.349477 
Config: granularity=100000, SDR=10000, ADR=0, Rigid=1, Capture_Method=0
Stage 0: PT=0, T_stage=0.523500, bytes=0, T_capped=0
Stage 1: PT=6, T_stage=0.000000, bytes=33176880, T_capped=0
Group 1: Iters=10, Procs=2688, Factors=1.000000, Dist=2, RM=0, SM=1, RS=0, SS=5, parents=112, children=0
Async_Iters: 0
T_iter: 1.244248 1.262323 1.148939 1.258314 1.282714 1.283275 1.144829 1.130862 1.140309 1.266200 
T_stage 0: 0.890559 0.905524 0.890473 0.888040 0.882163 0.894726 0.891427 0.876027 0.878593 0.878446 
T_stage 1: 0.338613 0.351664 0.260210 0.367966 0.388670 0.394687 0.251833 0.253013 0.256692 0.384816 
Config: granularity=100000, SDR=10000, ADR=0, Rigid=1, Capture_Method=0
Stage 0: PT=0, T_stage=0.523500, bytes=0, T_capped=0
Stage 1: PT=6, T_stage=0.000000, bytes=33176880, T_capped=0
Group 1: Iters=10, Procs=2688, Factors=1.000000, Dist=2, RM=0, SM=1, RS=0, SS=5, parents=112, children=0
Async_Iters: 0
T_iter: 1.241077 1.202028 1.152817 1.214994 1.168720 1.191695 1.173524 1.124062 1.205849 1.085319 
T_stage 0: 0.852448 0.861833 0.854404 0.852871 0.850276 0.850251 0.837839 0.845507 0.844782 0.843272 
T_stage 1: 0.382233 0.338422 0.288080 0.364016 0.321070 0.346300 0.335356 0.278598 0.363427 0.244902 
Config: granularity=100000, SDR=10000, ADR=0, Rigid=1, Capture_Method=0
Stage 0: PT=0, T_stage=0.523500, bytes=0, T_capped=0
Stage 1: PT=6, T_stage=0.000000, bytes=33176880, T_capped=0
Group 1: Iters=10, Procs=2688, Factors=1.000000, Dist=2, RM=0, SM=1, RS=0, SS=5, parents=112, children=0
Async_Iters: 0
T_iter: 1.118238 1.050850 1.075989 1.036320 0.998788 1.068200 1.090803 1.121300 0.988926 0.937335 
T_stage 0: 0.727763 0.748063 0.764106 0.751222 0.749930 0.741458 0.742187 0.738070 0.735762 0.727481 
T_stage 1: 0.375739 0.298805 0.313702 0.284520 0.251863 0.323585 0.339972 0.383030 0.255559 0.208023 
Config: granularity=100000, SDR=10000, ADR=0, Rigid=1, Capture_Method=0
Stage 0: PT=0, T_stage=0.523500, bytes=0, T_capped=0
Stage 1: PT=6, T_stage=0.000000, bytes=33176880, T_capped=0
Group 1: Iters=10, Procs=2688, Factors=1.000000, Dist=2, RM=0, SM=1, RS=0, SS=5, parents=112, children=0
Async_Iters: 0
T_iter: 1.221879 1.187382 1.184247 1.088264 1.154288 1.206179 1.179050 1.049290 1.046279 1.089132 
T_stage 0: 0.839644 0.859755 0.853749 0.852048 0.846580 0.852245 0.847170 0.847472 0.844643 0.840425 
T_stage 1: 0.371714 0.329657 0.331606 0.239267 0.308026 0.349645 0.328225 0.207149 0.203244 0.248402 
Config: granularity=100000, SDR=10000, ADR=0, Rigid=1, Capture_Method=0
Stage 0: PT=0, T_stage=0.523500, bytes=0, T_capped=0
Stage 1: PT=6, T_stage=0.000000, bytes=33176880, T_capped=0
Group 1: Iters=10, Procs=2688, Factors=1.000000, Dist=2, RM=0, SM=1, RS=0, SS=5, parents=112, children=0
Async_Iters: 0
T_iter: 1.223938 1.191480 1.153789 1.185879 1.197244 1.200932 1.206910 1.204458 1.106206 1.157990 
T_stage 0: 0.842109 0.859990 0.853563 0.845847 0.848544 0.855192 0.847183 0.840799 0.834435 0.847515 
T_stage 1: 0.381526 0.336183 0.297260 0.337133 0.347508 0.346522 0.358924 0.362835 0.271100 0.318739 
Config: granularity=100000, SDR=10000, ADR=0, Rigid=1, Capture_Method=0
Stage 0: PT=0, T_stage=0.523500, bytes=0, T_capped=0
Stage 1: PT=6, T_stage=0.000000, bytes=33176880, T_capped=0
Group 1: Iters=10, Procs=2688, Factors=1.000000, Dist=2, RM=0, SM=1, RS=0, SS=5, parents=112, children=0
Async_Iters: 0
T_iter: 1.261098 1.224360 1.337397 1.195336 1.153796 1.248967 1.145649 1.077583 1.124633 1.003401 
T_stage 0: 0.838316 0.852805 0.845339 0.839873 0.840055 0.838254 0.839779 0.830539 0.812774 0.791927 
T_stage 1: 0.404925 0.366210 0.473792 0.354543 0.306458 0.403864 0.309212 0.246833 0.312590 0.206385 
Config: granularity=100000, SDR=10000, ADR=0, Rigid=1, Capture_Method=0
Stage 0: PT=0, T_stage=0.523500, bytes=0, T_capped=0
Stage 1: PT=6, T_stage=0.000000, bytes=33176880, T_capped=0
Group 1: Iters=10, Procs=2688, Factors=1.000000, Dist=2, RM=0, SM=1, RS=0, SS=5, parents=112, children=0
Async_Iters: 0
T_iter: 1.260712 1.274195 1.251072 1.119414 1.264429 1.261471 1.206770 1.161061 1.120642 1.212981 
T_stage 0: 0.854473 0.859835 0.876318 0.853740 0.867487 0.857539 0.859557 0.845803 0.841978 0.855458 
T_stage 1: 0.394351 0.413503 0.380445 0.266121 0.391853 0.403733 0.359284 0.317803 0.276094 0.359605 
Config: granularity=100000, SDR=10000, ADR=0, Rigid=1, Capture_Method=0
Stage 0: PT=0, T_stage=0.523500, bytes=0, T_capped=0
Stage 1: PT=6, T_stage=0.000000, bytes=33176880, T_capped=0
Group 1: Iters=10, Procs=2688, Factors=1.000000, Dist=2, RM=0, SM=1, RS=0, SS=5, parents=112, children=0
Async_Iters: 0
T_iter: 1.084611 1.070776 1.163769 1.041871 0.973442 0.942346 1.212355 1.001036 0.944757 0.935494 
T_stage 0: 0.709997 0.717468 0.722709 0.708073 0.703795 0.696074 0.708860 0.704555 0.690249 0.692054 
T_stage 1: 0.373909 0.355654 0.441128 0.336554 0.271979 0.239084 0.505093 0.293505 0.257496 0.247045 
