Config: granularity=100000, SDR=10000, ADR=0, Rigid=1, Capture_Method=0
Stage 0: PT=0, T_stage=0.523500, bytes=0, T_capped=0
Stage 1: PT=6, T_stage=0.000000, bytes=33176880, T_capped=0
Group 1: Iters=10, Procs=3584, Factors=1.000000, Dist=2, RM=0, SM=1, RS=0, SS=5, parents=224, children=0
Async_Iters: 0
T_iter: 1.396541 1.359037 1.317471 1.303202 1.360319 1.289259 1.217831 1.260963 1.340252 1.252523 
T_stage 0: 0.853826 0.865473 0.866441 0.853581 0.864901 0.852428 0.846983 0.851203 0.845950 0.846658 
T_stage 1: 0.534546 0.487012 0.453704 0.439401 0.491597 0.431596 0.362679 0.411425 0.492700 0.404964 
Config: granularity=100000, SDR=10000, ADR=0, Rigid=1, Capture_Method=0
Stage 0: PT=0, T_stage=0.523500, bytes=0, T_capped=0
Stage 1: PT=6, T_stage=0.000000, bytes=33176880, T_capped=0
Group 1: Iters=10, Procs=3584, Factors=1.000000, Dist=2, RM=0, SM=1, RS=0, SS=5, parents=224, children=0
Async_Iters: 0
T_iter: 1.229946 1.305409 1.228527 1.278490 1.324331 1.326371 1.313673 1.193320 1.162993 1.332023 
T_stage 0: 0.760149 0.791678 0.777761 0.788197 0.786307 0.790435 0.782092 0.769798 0.767881 0.763316 
T_stage 1: 0.442821 0.517725 0.435472 0.492128 0.547692 0.534604 0.543099 0.428063 0.403093 0.564885 
Config: granularity=100000, SDR=10000, ADR=0, Rigid=1, Capture_Method=0
Stage 0: PT=0, T_stage=0.523500, bytes=0, T_capped=0
Stage 1: PT=6, T_stage=0.000000, bytes=33176880, T_capped=0
Group 1: Iters=10, Procs=3584, Factors=1.000000, Dist=2, RM=0, SM=1, RS=0, SS=5, parents=224, children=0
Async_Iters: 0
T_iter: 1.224062 1.283866 1.299023 1.290117 1.338852 1.259908 1.203566 1.071234 1.242791 1.250443 
T_stage 0: 0.780768 0.798874 0.780722 0.781484 0.788343 0.784703 0.771540 0.771317 0.774098 0.774777 
T_stage 1: 0.426465 0.491739 0.515666 0.505256 0.544857 0.477833 0.435611 0.300484 0.469620 0.476535 
Config: granularity=100000, SDR=10000, ADR=0, Rigid=1, Capture_Method=0
Stage 0: PT=0, T_stage=0.523500, bytes=0, T_capped=0
Stage 1: PT=6, T_stage=0.000000, bytes=33176880, T_capped=0
Group 1: Iters=10, Procs=3584, Factors=1.000000, Dist=2, RM=0, SM=1, RS=0, SS=5, parents=224, children=0
Async_Iters: 0
T_iter: 1.301532 1.305604 1.354848 1.211591 1.358487 1.298308 1.267184 1.126424 2.752777 2.818105 
T_stage 0: 0.778938 0.806975 0.799197 0.781563 0.781969 0.776525 0.772634 0.769741 2.348954 2.325193 
T_stage 1: 0.519945 0.502828 0.564905 0.425910 0.577682 0.518227 0.492719 0.360311 0.393960 0.486566 
Config: granularity=100000, SDR=10000, ADR=0, Rigid=1, Capture_Method=0
Stage 0: PT=0, T_stage=0.523500, bytes=0, T_capped=0
Stage 1: PT=6, T_stage=0.000000, bytes=33176880, T_capped=0
Group 1: Iters=10, Procs=3584, Factors=1.000000, Dist=2, RM=0, SM=1, RS=0, SS=5, parents=224, children=0
Async_Iters: 0
T_iter: 1.331355 1.283832 1.263718 1.290698 1.310548 1.198112 1.194658 1.162317 1.249246 1.290994 
T_stage 0: 0.774605 0.788484 0.783704 0.778241 0.777670 0.779682 0.772401 0.770239 0.774988 0.767971 
T_stage 1: 0.536857 0.490333 0.486911 0.508943 0.527362 0.418371 0.422103 0.394141 0.474323 0.522207 
Config: granularity=100000, SDR=10000, ADR=0, Rigid=1, Capture_Method=0
Stage 0: PT=0, T_stage=0.523500, bytes=0, T_capped=0
Stage 1: PT=6, T_stage=0.000000, bytes=33176880, T_capped=0
Group 1: Iters=10, Procs=3584, Factors=1.000000, Dist=2, RM=0, SM=1, RS=0, SS=5, parents=224, children=0
Async_Iters: 0
T_iter: 1.304501 1.339647 1.237669 1.209139 1.338722 1.352500 1.185990 1.076150 1.202075 1.303852 
T_stage 0: 0.771035 0.799535 0.778870 0.776857 0.780097 0.781723 0.766753 0.770755 0.766414 0.765973 
T_stage 1: 0.517461 0.557745 0.453887 0.417427 0.565033 0.571529 0.415948 0.310505 0.431047 0.543448 
Config: granularity=100000, SDR=10000, ADR=0, Rigid=1, Capture_Method=0
Stage 0: PT=0, T_stage=0.523500, bytes=0, T_capped=0
Stage 1: PT=6, T_stage=0.000000, bytes=33176880, T_capped=0
Group 1: Iters=10, Procs=3584, Factors=1.000000, Dist=2, RM=0, SM=1, RS=0, SS=5, parents=224, children=0
Async_Iters: 0
T_iter: 1.284065 1.317553 1.222324 1.181822 1.432031 1.237838 1.219097 1.083682 1.146058 1.297101 
T_stage 0: 0.783025 0.811669 0.792102 0.780924 0.798181 0.786549 0.782996 0.777913 0.779592 0.783472 
T_stage 1: 0.488677 0.520153 0.414318 0.395412 0.628830 0.448048 0.436123 0.311100 0.368312 0.509425 
Config: granularity=100000, SDR=10000, ADR=0, Rigid=1, Capture_Method=0
Stage 0: PT=0, T_stage=0.523500, bytes=0, T_capped=0
Stage 1: PT=6, T_stage=0.000000, bytes=33176880, T_capped=0
Group 1: Iters=10, Procs=3584, Factors=1.000000, Dist=2, RM=0, SM=1, RS=0, SS=5, parents=224, children=0
Async_Iters: 0
T_iter: 1.252587 1.250731 1.165266 1.279009 1.382514 1.192232 1.309602 1.257457 1.247749 1.197383 
T_stage 0: 0.777419 0.798004 0.786303 0.781299 0.792649 0.784713 0.773099 0.769886 0.784205 0.778266 
T_stage 1: 0.466224 0.465616 0.382921 0.481245 0.584524 0.414040 0.532050 0.481376 0.462718 0.420966 
Config: granularity=100000, SDR=10000, ADR=0, Rigid=1, Capture_Method=0
Stage 0: PT=0, T_stage=0.523500, bytes=0, T_capped=0
Stage 1: PT=6, T_stage=0.000000, bytes=33176880, T_capped=0
Group 1: Iters=10, Procs=3584, Factors=1.000000, Dist=2, RM=0, SM=1, RS=0, SS=5, parents=224, children=0
Async_Iters: 0
T_iter: 1.341083 1.313661 1.217490 1.273249 1.383756 1.307286 1.132964 1.236943 1.234864 1.241794 
T_stage 0: 0.784279 0.818277 0.794783 0.784995 0.789876 0.791463 0.787145 0.777317 0.785125 0.796055 
T_stage 1: 0.539317 0.510055 0.428485 0.486314 0.595052 0.520392 0.351715 0.455682 0.447046 0.453795 
Config: granularity=100000, SDR=10000, ADR=0, Rigid=1, Capture_Method=0
Stage 0: PT=0, T_stage=0.523500, bytes=0, T_capped=0
Stage 1: PT=6, T_stage=0.000000, bytes=33176880, T_capped=0
Group 1: Iters=10, Procs=3584, Factors=1.000000, Dist=2, RM=0, SM=1, RS=0, SS=5, parents=224, children=0
Async_Iters: 0
T_iter: 1.393984 1.446346 1.270856 1.507165 1.471015 1.353480 1.211010 1.253688 1.396413 1.336555 
T_stage 0: 0.866498 0.893231 0.869836 0.878685 0.875728 0.860740 0.863705 0.856084 0.864306 0.864288 
T_stage 1: 0.513895 0.566542 0.402312 0.626860 0.586615 0.490709 0.343544 0.388117 0.525487 0.470324 
Config: granularity=100000, SDR=10000, ADR=0, Rigid=1, Capture_Method=0
Stage 0: PT=0, T_stage=0.523500, bytes=0, T_capped=0
Stage 1: PT=6, T_stage=0.000000, bytes=33176880, T_capped=0
Group 1: Iters=10, Procs=3584, Factors=1.000000, Dist=2, RM=0, SM=1, RS=0, SS=5, parents=224, children=0
Async_Iters: 0
T_iter: 1.304418 1.254366 1.219958 1.302240 1.385072 1.234989 1.172480 1.141295 1.250699 1.273486 
T_stage 0: 0.781694 0.787446 0.778729 0.767605 0.787091 0.771717 0.780819 0.767584 0.766791 0.768584 
T_stage 1: 0.503653 0.453559 0.441829 0.526208 0.605459 0.454187 0.403776 0.371820 0.481962 0.490469 
Config: granularity=100000, SDR=10000, ADR=0, Rigid=1, Capture_Method=0
Stage 0: PT=0, T_stage=0.523500, bytes=0, T_capped=0
Stage 1: PT=6, T_stage=0.000000, bytes=33176880, T_capped=0
Group 1: Iters=10, Procs=3584, Factors=1.000000, Dist=2, RM=0, SM=1, RS=0, SS=5, parents=224, children=0
Async_Iters: 0
T_iter: 1.319913 1.287026 1.214541 1.303267 1.371278 1.272785 1.176466 1.204714 1.155405 1.274613 
T_stage 0: 0.748562 0.772099 0.762826 0.757796 0.764369 0.761711 0.767512 0.754609 0.762112 0.756815 
T_stage 1: 0.552675 0.516038 0.452623 0.539173 0.597029 0.511328 0.412661 0.449022 0.392606 0.516424 
Config: granularity=100000, SDR=10000, ADR=0, Rigid=1, Capture_Method=0
Stage 0: PT=0, T_stage=0.523500, bytes=0, T_capped=0
Stage 1: PT=6, T_stage=0.000000, bytes=33176880, T_capped=0
Group 1: Iters=10, Procs=3584, Factors=1.000000, Dist=2, RM=0, SM=1, RS=0, SS=5, parents=224, children=0
Async_Iters: 0
T_iter: 1.239838 1.243695 1.253709 1.203653 1.266697 1.197637 1.330146 1.209543 1.337809 1.263351 
T_stage 0: 0.779059 0.803443 0.788413 0.780548 0.784274 0.784842 0.777283 0.766078 0.764530 0.763162 
T_stage 1: 0.451300 0.442814 0.465597 0.416722 0.494213 0.414123 0.561074 0.439866 0.562423 0.496508 
Config: granularity=100000, SDR=10000, ADR=0, Rigid=1, Capture_Method=0
Stage 0: PT=0, T_stage=0.523500, bytes=0, T_capped=0
Stage 1: PT=6, T_stage=0.000000, bytes=33176880, T_capped=0
Group 1: Iters=10, Procs=3584, Factors=1.000000, Dist=2, RM=0, SM=1, RS=0, SS=5, parents=224, children=0
Async_Iters: 0
T_iter: 1.200939 1.381526 1.123394 1.277072 1.239666 1.309229 1.188364 1.152815 1.191430 1.138670 
T_stage 0: 0.772052 0.777998 0.775373 0.782867 0.785524 0.778011 0.767846 0.784998 0.778245 0.769404 
T_stage 1: 0.420059 0.598290 0.340721 0.494038 0.456836 0.532606 0.419109 0.368993 0.415001 0.367028 
Config: granularity=100000, SDR=10000, ADR=0, Rigid=1, Capture_Method=0
Stage 0: PT=0, T_stage=0.523500, bytes=0, T_capped=0
Stage 1: PT=6, T_stage=0.000000, bytes=33176880, T_capped=0
Group 1: Iters=10, Procs=3584, Factors=1.000000, Dist=2, RM=0, SM=1, RS=0, SS=5, parents=224, children=0
Async_Iters: 0
T_iter: 1.433618 1.259829 1.275266 1.267267 1.386951 1.448432 1.220571 1.323989 1.315236 1.232050 
T_stage 0: 0.829284 0.854603 0.836831 0.833472 0.839891 0.843032 0.823797 0.824470 0.820803 0.831855 
T_stage 1: 0.565867 0.407021 0.439837 0.427704 0.551735 0.599097 0.396701 0.500276 0.486562 0.401952 
Config: granularity=100000, SDR=10000, ADR=0, Rigid=1, Capture_Method=0
Stage 0: PT=0, T_stage=0.523500, bytes=0, T_capped=0
Stage 1: PT=6, T_stage=0.000000, bytes=33176880, T_capped=0
Group 1: Iters=10, Procs=3584, Factors=1.000000, Dist=2, RM=0, SM=1, RS=0, SS=5, parents=224, children=0
Async_Iters: 0
T_iter: 1.288240 1.266092 1.267800 1.196596 1.355548 1.259825 1.339321 1.139711 1.260164 1.307929 
T_stage 0: 0.790762 0.811084 0.797689 0.789980 0.792269 0.789238 0.800751 0.778555 0.785957 0.778625 
T_stage 1: 0.486380 0.462416 0.462192 0.395628 0.562501 0.472594 0.551521 0.358391 0.480094 0.516464 
Config: granularity=100000, SDR=10000, ADR=0, Rigid=1, Capture_Method=0
Stage 0: PT=0, T_stage=0.523500, bytes=0, T_capped=0
Stage 1: PT=6, T_stage=0.000000, bytes=33176880, T_capped=0
Group 1: Iters=10, Procs=3584, Factors=1.000000, Dist=2, RM=0, SM=1, RS=0, SS=5, parents=224, children=0
Async_Iters: 0
T_iter: 1.259055 1.349127 1.317316 1.200231 1.292028 1.258484 1.161219 1.088309 1.074753 1.299712 
T_stage 0: 0.768494 0.766971 0.756597 0.746897 0.746716 0.750169 0.744792 0.738398 0.733859 0.736806 
T_stage 1: 0.477557 0.576763 0.559686 0.442007 0.546316 0.506412 0.414861 0.349461 0.341433 0.559110 
Config: granularity=100000, SDR=10000, ADR=0, Rigid=1, Capture_Method=0
Stage 0: PT=0, T_stage=0.523500, bytes=0, T_capped=0
Stage 1: PT=6, T_stage=0.000000, bytes=33176880, T_capped=0
Group 1: Iters=10, Procs=3584, Factors=1.000000, Dist=2, RM=0, SM=1, RS=0, SS=5, parents=224, children=0
Async_Iters: 0
T_iter: 1.424481 1.437694 1.294316 1.367528 1.423141 1.288961 1.218681 1.236982 1.250437 1.392433 
T_stage 0: 0.836741 0.873149 0.859215 0.855991 0.868497 0.864854 0.859674 0.848966 0.850636 0.855928 
T_stage 1: 0.572763 0.574578 0.439214 0.509038 0.554660 0.422126 0.366595 0.395146 0.403258 0.531540 
Config: granularity=100000, SDR=10000, ADR=0, Rigid=1, Capture_Method=0
Stage 0: PT=0, T_stage=0.523500, bytes=0, T_capped=0
Stage 1: PT=6, T_stage=0.000000, bytes=33176880, T_capped=0
Group 1: Iters=10, Procs=3584, Factors=1.000000, Dist=2, RM=0, SM=1, RS=0, SS=5, parents=224, children=0
Async_Iters: 0
T_iter: 1.302608 1.330128 1.181673 1.248406 1.319165 1.203269 1.221263 1.066455 1.123749 1.258424 
T_stage 0: 0.758825 0.783867 0.773525 0.765141 0.771166 0.770198 0.759010 0.755054 0.751315 0.768896 
T_stage 1: 0.537438 0.562352 0.416177 0.482015 0.555885 0.429011 0.462775 0.313038 0.369074 0.493205 
Config: granularity=100000, SDR=10000, ADR=0, Rigid=1, Capture_Method=0
Stage 0: PT=0, T_stage=0.523500, bytes=0, T_capped=0
Stage 1: PT=6, T_stage=0.000000, bytes=33176880, T_capped=0
Group 1: Iters=10, Procs=3584, Factors=1.000000, Dist=2, RM=0, SM=1, RS=0, SS=5, parents=224, children=0
Async_Iters: 0
T_iter: 1.325518 1.366158 1.225002 1.196320 1.328201 1.250218 1.199243 1.133692 1.136971 1.257952 
T_stage 0: 0.761640 0.783711 0.770179 0.759320 0.773160 0.781010 0.761155 0.759257 0.754147 0.764579 
T_stage 1: 0.543962 0.570002 0.461437 0.428148 0.556868 0.480735 0.438592 0.376324 0.380213 0.497837 
