Config: granularity=100000, SDR=10000, ADR=0, Rigid=1, Capture_Method=0
Stage 0: PT=0, T_stage=0.523500, bytes=0, T_capped=0
Stage 1: PT=6, T_stage=0.000000, bytes=33176880, T_capped=0
Group 1: Iters=10, Procs=3584, Factors=1.000000, Dist=2, RM=0, SM=1, RS=0, SS=5, parents=448, children=0
Async_Iters: 0
T_iter: 1.244224 1.136796 1.249557 1.370730 1.316033 1.319090 1.242401 1.130914 1.317731 1.265672 
T_stage 0: 0.757257 0.770542 0.763374 0.763735 0.766482 0.763224 0.754534 0.749154 0.755282 0.749800 
T_stage 1: 0.484428 0.372002 0.486549 0.595327 0.546868 0.544816 0.489213 0.374144 0.562569 0.512363 
Config: granularity=100000, SDR=10000, ADR=0, Rigid=1, Capture_Method=0
Stage 0: PT=0, T_stage=0.523500, bytes=0, T_capped=0
Stage 1: PT=6, T_stage=0.000000, bytes=33176880, T_capped=0
Group 1: Iters=10, Procs=3584, Factors=1.000000, Dist=2, RM=0, SM=1, RS=0, SS=5, parents=448, children=0
Async_Iters: 0
T_iter: 1.335328 1.248334 1.413076 1.200354 1.370322 1.206697 1.307731 1.108511 1.147421 1.283182 
T_stage 0: 0.784363 0.813728 0.809346 0.787372 0.790450 0.801380 0.794555 0.767761 0.770125 0.766799 
T_stage 1: 0.527990 0.418801 0.620717 0.411365 0.579830 0.411183 0.524004 0.339857 0.374313 0.512091 
Config: granularity=100000, SDR=10000, ADR=0, Rigid=1, Capture_Method=0
Stage 0: PT=0, T_stage=0.523500, bytes=0, T_capped=0
Stage 1: PT=6, T_stage=0.000000, bytes=33176880, T_capped=0
Group 1: Iters=10, Procs=3584, Factors=1.000000, Dist=2, RM=0, SM=1, RS=0, SS=5, parents=448, children=0
Async_Iters: 0
T_iter: 1.346530 1.267990 1.359134 1.278955 1.387373 1.286945 1.150266 1.076668 1.152171 1.344270 
T_stage 0: 0.771604 0.796670 0.789795 0.791881 0.789885 0.793375 0.800156 0.784916 0.789774 0.780094 
T_stage 1: 0.558582 0.472183 0.569097 0.482359 0.592802 0.492223 0.359849 0.295366 0.369068 0.560505 
Config: granularity=100000, SDR=10000, ADR=0, Rigid=1, Capture_Method=0
Stage 0: PT=0, T_stage=0.523500, bytes=0, T_capped=0
Stage 1: PT=6, T_stage=0.000000, bytes=33176880, T_capped=0
Group 1: Iters=10, Procs=3584, Factors=1.000000, Dist=2, RM=0, SM=1, RS=0, SS=5, parents=448, children=0
Async_Iters: 0
T_iter: 1.326830 1.283298 1.179819 1.252669 1.549392 1.262957 1.183819 1.200348 1.170803 1.316133 
T_stage 0: 0.759065 0.785349 0.777809 0.779424 0.784257 0.768578 0.778997 0.761819 0.770538 0.764092 
T_stage 1: 0.536145 0.491409 0.401893 0.469594 0.774624 0.486317 0.414306 0.440632 0.406728 0.552753 
Config: granularity=100000, SDR=10000, ADR=0, Rigid=1, Capture_Method=0
Stage 0: PT=0, T_stage=0.523500, bytes=0, T_capped=0
Stage 1: PT=6, T_stage=0.000000, bytes=33176880, T_capped=0
Group 1: Iters=10, Procs=3584, Factors=1.000000, Dist=2, RM=0, SM=1, RS=0, SS=5, parents=448, children=0
Async_Iters: 0
T_iter: 1.388699 1.407311 1.224702 1.251583 1.314634 1.204130 1.241816 1.258532 1.250326 1.182638 
T_stage 0: 0.776441 0.788916 0.783391 0.778275 0.781646 0.786367 0.776133 0.772975 0.771163 0.776954 
T_stage 1: 0.594643 0.620388 0.446507 0.464805 0.521821 0.422224 0.470524 0.481777 0.477372 0.416351 
Config: granularity=100000, SDR=10000, ADR=0, Rigid=1, Capture_Method=0
Stage 0: PT=0, T_stage=0.523500, bytes=0, T_capped=0
Stage 1: PT=6, T_stage=0.000000, bytes=33176880, T_capped=0
Group 1: Iters=10, Procs=3584, Factors=1.000000, Dist=2, RM=0, SM=1, RS=0, SS=5, parents=448, children=0
Async_Iters: 0
T_iter: 1.302581 1.404252 1.297995 1.232146 2.674862 2.640990 2.613818 2.515775 2.633250 2.588115 
T_stage 0: 0.767290 0.802994 0.781312 0.768480 2.187282 2.159284 2.169143 2.151015 2.149693 2.157455 
T_stage 1: 0.503226 0.618617 0.517998 0.460392 0.491343 0.476953 0.436381 0.361725 0.479556 0.429492 
Config: granularity=100000, SDR=10000, ADR=0, Rigid=1, Capture_Method=0
Stage 0: PT=0, T_stage=0.523500, bytes=0, T_capped=0
Stage 1: PT=6, T_stage=0.000000, bytes=33176880, T_capped=0
Group 1: Iters=10, Procs=3584, Factors=1.000000, Dist=2, RM=0, SM=1, RS=0, SS=5, parents=448, children=0
Async_Iters: 0
T_iter: 1.177500 1.287082 1.209009 1.063794 1.301747 1.302025 1.225961 1.250693 1.260633 1.174922 
T_stage 0: 0.768920 0.783633 0.779282 0.770391 0.787172 0.786807 0.768489 0.765088 0.770709 0.774226 
T_stage 1: 0.386458 0.470731 0.437214 0.290387 0.499093 0.528105 0.453847 0.481855 0.493891 0.399420 
Config: granularity=100000, SDR=10000, ADR=0, Rigid=1, Capture_Method=0
Stage 0: PT=0, T_stage=0.523500, bytes=0, T_capped=0
Stage 1: PT=6, T_stage=0.000000, bytes=33176880, T_capped=0
Group 1: Iters=10, Procs=3584, Factors=1.000000, Dist=2, RM=0, SM=1, RS=0, SS=5, parents=448, children=0
Async_Iters: 0
T_iter: 1.398644 1.359077 1.286043 1.325748 1.348623 1.217969 1.179366 1.094996 1.248965 1.365558 
T_stage 0: 0.807185 0.835899 0.819861 0.822344 0.816339 0.816906 0.803271 0.808767 0.807499 0.814279 
T_stage 1: 0.586117 0.533456 0.474359 0.502410 0.526914 0.410369 0.378813 0.290508 0.444336 0.553414 
Config: granularity=100000, SDR=10000, ADR=0, Rigid=1, Capture_Method=0
Stage 0: PT=0, T_stage=0.523500, bytes=0, T_capped=0
Stage 1: PT=6, T_stage=0.000000, bytes=33176880, T_capped=0
Group 1: Iters=10, Procs=3584, Factors=1.000000, Dist=2, RM=0, SM=1, RS=0, SS=5, parents=448, children=0
Async_Iters: 0
T_iter: 1.234532 1.266329 1.230298 1.201880 1.192202 1.303949 1.240170 1.146250 1.037635 1.211849 
T_stage 0: 0.771256 0.816871 0.787457 0.772176 0.779794 0.788955 0.772028 0.766515 0.764137 0.773815 
T_stage 1: 0.456806 0.468107 0.448985 0.421856 0.411698 0.518954 0.463583 0.381143 0.272039 0.434787 
Config: granularity=100000, SDR=10000, ADR=0, Rigid=1, Capture_Method=0
Stage 0: PT=0, T_stage=0.523500, bytes=0, T_capped=0
Stage 1: PT=6, T_stage=0.000000, bytes=33176880, T_capped=0
Group 1: Iters=10, Procs=3584, Factors=1.000000, Dist=2, RM=0, SM=1, RS=0, SS=5, parents=448, children=0
Async_Iters: 0
T_iter: 1.376982 1.413458 1.332132 1.216532 3.239236 3.232951 3.248799 3.075300 3.205157 3.090724 
T_stage 0: 0.842756 0.882422 0.855777 0.845613 2.777248 2.752221 2.748360 2.722729 2.718894 2.695296 
T_stage 1: 0.515176 0.541688 0.482460 0.366768 0.461096 0.483984 0.504367 0.363575 0.489817 0.393258 
Config: granularity=100000, SDR=10000, ADR=0, Rigid=1, Capture_Method=0
Stage 0: PT=0, T_stage=0.523500, bytes=0, T_capped=0
Stage 1: PT=6, T_stage=0.000000, bytes=33176880, T_capped=0
Group 1: Iters=10, Procs=3584, Factors=1.000000, Dist=2, RM=0, SM=1, RS=0, SS=5, parents=448, children=0
Async_Iters: 0
T_iter: 1.301497 1.355339 1.239379 1.330351 1.290973 1.295473 1.284346 1.192715 1.285953 1.141387 
T_stage 0: 0.782193 0.795232 0.789608 0.796514 0.807108 0.792092 0.782386 0.779725 0.786315 0.789910 
T_stage 1: 0.504251 0.553651 0.453023 0.535715 0.493253 0.508867 0.495916 0.419033 0.492364 0.357130 
Config: granularity=100000, SDR=10000, ADR=0, Rigid=1, Capture_Method=0
Stage 0: PT=0, T_stage=0.523500, bytes=0, T_capped=0
Stage 1: PT=6, T_stage=0.000000, bytes=33176880, T_capped=0
Group 1: Iters=10, Procs=3584, Factors=1.000000, Dist=2, RM=0, SM=1, RS=0, SS=5, parents=448, children=0
Async_Iters: 0
T_iter: 1.377359 1.339123 1.276233 1.202808 1.250950 1.214223 1.225297 1.093014 1.160440 1.261349 
T_stage 0: 0.766065 0.808302 0.800672 0.797616 0.796665 0.808511 0.784778 0.776071 0.782474 0.775169 
T_stage 1: 0.591374 0.531145 0.493315 0.416519 0.453929 0.414185 0.445614 0.315380 0.388701 0.486252 
Config: granularity=100000, SDR=10000, ADR=0, Rigid=1, Capture_Method=0
Stage 0: PT=0, T_stage=0.523500, bytes=0, T_capped=0
Stage 1: PT=6, T_stage=0.000000, bytes=33176880, T_capped=0
Group 1: Iters=10, Procs=3584, Factors=1.000000, Dist=2, RM=0, SM=1, RS=0, SS=5, parents=448, children=0
Async_Iters: 0
T_iter: 1.462037 1.475560 1.214898 1.226223 1.308357 1.343580 1.144652 1.110970 1.268138 1.331228 
T_stage 0: 0.802918 0.827954 0.814393 0.815106 0.824911 0.808909 0.809062 0.802248 0.804263 0.800439 
T_stage 1: 0.640495 0.660604 0.409777 0.409716 0.481898 0.532848 0.337751 0.312449 0.466340 0.530304 
Config: granularity=100000, SDR=10000, ADR=0, Rigid=1, Capture_Method=0
Stage 0: PT=0, T_stage=0.523500, bytes=0, T_capped=0
Stage 1: PT=6, T_stage=0.000000, bytes=33176880, T_capped=0
Group 1: Iters=10, Procs=3584, Factors=1.000000, Dist=2, RM=0, SM=1, RS=0, SS=5, parents=448, children=0
Async_Iters: 0
T_iter: 1.353370 1.373160 1.210981 1.246599 1.302833 1.190966 1.251173 1.120824 1.247817 1.293085 
T_stage 0: 0.791645 0.811326 0.795790 0.804363 0.805917 0.802108 0.793180 0.808202 0.820011 0.788945 
T_stage 1: 0.541470 0.562299 0.413288 0.440313 0.498513 0.402995 0.461102 0.309318 0.428289 0.510375 
Config: granularity=100000, SDR=10000, ADR=0, Rigid=1, Capture_Method=0
Stage 0: PT=0, T_stage=0.523500, bytes=0, T_capped=0
Stage 1: PT=6, T_stage=0.000000, bytes=33176880, T_capped=0
Group 1: Iters=10, Procs=3584, Factors=1.000000, Dist=2, RM=0, SM=1, RS=0, SS=5, parents=448, children=0
Async_Iters: 0
T_iter: 1.188497 1.380468 1.326395 1.339197 1.225603 1.229538 1.207601 1.079963 1.179511 1.281986 
T_stage 0: 0.782899 0.806106 0.782943 0.785392 0.793839 0.790267 0.780723 0.774097 0.777663 0.779843 
T_stage 1: 0.394383 0.577968 0.541538 0.547466 0.438953 0.437198 0.431822 0.303855 0.398351 0.503242 
Config: granularity=100000, SDR=10000, ADR=0, Rigid=1, Capture_Method=0
Stage 0: PT=0, T_stage=0.523500, bytes=0, T_capped=0
Stage 1: PT=6, T_stage=0.000000, bytes=33176880, T_capped=0
Group 1: Iters=10, Procs=3584, Factors=1.000000, Dist=2, RM=0, SM=1, RS=0, SS=5, parents=448, children=0
Async_Iters: 0
T_iter: 1.457449 1.329538 1.272213 1.303333 1.388187 1.265154 1.213028 1.059788 1.229696 1.283568 
T_stage 0: 0.778426 0.800348 0.788115 0.782507 0.796399 0.788712 0.773850 0.769882 0.776187 0.778548 
T_stage 1: 0.627367 0.541681 0.485800 0.518919 0.576307 0.480505 0.438686 0.290106 0.462198 0.509680 
Config: granularity=100000, SDR=10000, ADR=0, Rigid=1, Capture_Method=0
Stage 0: PT=0, T_stage=0.523500, bytes=0, T_capped=0
Stage 1: PT=6, T_stage=0.000000, bytes=33176880, T_capped=0
Group 1: Iters=10, Procs=3584, Factors=1.000000, Dist=2, RM=0, SM=1, RS=0, SS=5, parents=448, children=0
Async_Iters: 0
T_iter: 1.315620 1.472360 1.190022 1.282988 1.393867 1.309431 1.234705 1.113517 1.284384 1.381762 
T_stage 0: 0.782425 0.785507 0.790861 0.784626 0.786637 0.789795 0.777670 0.785173 0.778470 0.787106 
T_stage 1: 0.514498 0.652649 0.401521 0.485970 0.605043 0.514179 0.459306 0.337592 0.505422 0.604389 
Config: granularity=100000, SDR=10000, ADR=0, Rigid=1, Capture_Method=0
Stage 0: PT=0, T_stage=0.523500, bytes=0, T_capped=0
Stage 1: PT=6, T_stage=0.000000, bytes=33176880, T_capped=0
Group 1: Iters=10, Procs=3584, Factors=1.000000, Dist=2, RM=0, SM=1, RS=0, SS=5, parents=448, children=0
Async_Iters: 0
T_iter: 1.407321 1.445096 1.305381 1.350009 1.357080 1.365344 1.188673 1.186756 1.324320 1.362187 
T_stage 0: 0.878742 0.888124 0.877292 0.886998 0.871844 0.858243 0.856065 0.838517 0.842496 0.842001 
T_stage 1: 0.508693 0.572890 0.427080 0.481234 0.490765 0.496800 0.327872 0.346621 0.476442 0.512772 
Config: granularity=100000, SDR=10000, ADR=0, Rigid=1, Capture_Method=0
Stage 0: PT=0, T_stage=0.523500, bytes=0, T_capped=0
Stage 1: PT=6, T_stage=0.000000, bytes=33176880, T_capped=0
Group 1: Iters=10, Procs=3584, Factors=1.000000, Dist=2, RM=0, SM=1, RS=0, SS=5, parents=448, children=0
Async_Iters: 0
T_iter: 1.346555 1.250593 1.192190 1.165547 1.304648 1.203873 1.240059 1.082138 1.181167 1.321709 
T_stage 0: 0.765234 0.777406 0.775716 0.772582 0.782996 0.767169 0.767618 0.758961 0.761678 0.766442 
T_stage 1: 0.561250 0.478387 0.424052 0.391139 0.519270 0.441234 0.479306 0.325158 0.420376 0.556510 
Config: granularity=100000, SDR=10000, ADR=0, Rigid=1, Capture_Method=0
Stage 0: PT=0, T_stage=0.523500, bytes=0, T_capped=0
Stage 1: PT=6, T_stage=0.000000, bytes=33176880, T_capped=0
Group 1: Iters=10, Procs=3584, Factors=1.000000, Dist=2, RM=0, SM=1, RS=0, SS=5, parents=448, children=0
Async_Iters: 0
T_iter: 1.326872 1.474825 1.386813 1.375408 1.371223 1.345227 1.251475 1.335724 1.327496 1.324508 
T_stage 0: 0.861969 0.874720 0.877953 0.873131 0.866535 0.860195 0.860587 0.849937 0.858356 0.853594 
T_stage 1: 0.448455 0.599759 0.506104 0.497938 0.506766 0.482182 0.396653 0.478914 0.464077 0.473465 
