Config: granularity=100000, SDR=10000, ADR=0, Rigid=1, Capture_Method=0
Stage 0: PT=0, T_stage=0.523500, bytes=0, T_capped=0
Stage 1: PT=6, T_stage=0.000000, bytes=33176880, T_capped=0
Group 1: Iters=10, Procs=3584, Factors=1.000000, Dist=2, RM=0, SM=1, RS=0, SS=5, parents=896, children=0
Async_Iters: 0
T_iter: 1.195240 1.212071 1.442708 1.228823 1.190141 1.153094 1.231664 1.335888 1.317872 1.216342 
T_stage 0: 0.781781 0.788162 0.789807 0.792097 0.793071 0.779828 0.786605 0.789916 0.778752 0.776171 
T_stage 1: 0.409497 0.412975 0.642950 0.437778 0.398303 0.375563 0.437393 0.549600 0.530932 0.438452 
Config: granularity=100000, SDR=10000, ADR=0, Rigid=1, Capture_Method=0
Stage 0: PT=0, T_stage=0.523500, bytes=0, T_capped=0
Stage 1: PT=6, T_stage=0.000000, bytes=33176880, T_capped=0
Group 1: Iters=10, Procs=3584, Factors=1.000000, Dist=2, RM=0, SM=1, RS=0, SS=5, parents=896, children=0
Async_Iters: 0
T_iter: 1.352883 1.354502 1.238874 1.233610 1.412979 1.213091 1.161745 1.063758 1.169913 1.366233 
T_stage 0: 0.813858 0.851184 0.791872 0.809220 0.812655 0.804780 0.811201 0.774390 0.768988 0.776449 
T_stage 1: 0.517136 0.510167 0.450267 0.413821 0.595756 0.404534 0.354894 0.290326 0.389658 0.587293 
Config: granularity=100000, SDR=10000, ADR=0, Rigid=1, Capture_Method=0
Stage 0: PT=0, T_stage=0.523500, bytes=0, T_capped=0
Stage 1: PT=6, T_stage=0.000000, bytes=33176880, T_capped=0
Group 1: Iters=10, Procs=3584, Factors=1.000000, Dist=2, RM=0, SM=1, RS=0, SS=5, parents=896, children=0
Async_Iters: 0
T_iter: 1.326767 1.450267 1.347528 1.269245 1.528434 1.332636 1.311072 1.240583 1.359701 1.314895 
T_stage 0: 0.840619 0.862382 0.849742 0.842698 0.840405 0.844521 0.827915 0.823271 0.820052 0.828413 
T_stage 1: 0.480549 0.603750 0.498800 0.429753 0.687435 0.486546 0.485293 0.422654 0.536547 0.491188 
Config: granularity=100000, SDR=10000, ADR=0, Rigid=1, Capture_Method=0
Stage 0: PT=0, T_stage=0.523500, bytes=0, T_capped=0
Stage 1: PT=6, T_stage=0.000000, bytes=33176880, T_capped=0
Group 1: Iters=10, Procs=3584, Factors=1.000000, Dist=2, RM=0, SM=1, RS=0, SS=5, parents=896, children=0
Async_Iters: 0
T_iter: 1.357251 1.285846 1.249192 1.363907 1.361045 1.184162 1.300292 1.287963 1.318851 1.209286 
T_stage 0: 0.812815 0.830133 0.819108 0.818272 0.828864 0.819876 0.804221 0.808596 0.815184 0.809852 
T_stage 1: 0.523336 0.467083 0.439221 0.542683 0.535018 0.365116 0.487426 0.481529 0.506544 0.405925 
Config: granularity=100000, SDR=10000, ADR=0, Rigid=1, Capture_Method=0
Stage 0: PT=0, T_stage=0.523500, bytes=0, T_capped=0
Stage 1: PT=6, T_stage=0.000000, bytes=33176880, T_capped=0
Group 1: Iters=10, Procs=3584, Factors=1.000000, Dist=2, RM=0, SM=1, RS=0, SS=5, parents=896, children=0
Async_Iters: 0
T_iter: 1.344014 1.381851 1.355328 1.410544 1.347416 1.172096 1.177647 1.333697 1.209147 1.169062 
T_stage 0: 0.843498 0.856869 0.848325 0.851872 0.854923 0.846166 0.836498 0.832186 0.836119 0.836108 
T_stage 1: 0.493845 0.529235 0.495409 0.564551 0.493355 0.323867 0.332932 0.503175 0.374188 0.340321 
Config: granularity=100000, SDR=10000, ADR=0, Rigid=1, Capture_Method=0
Stage 0: PT=0, T_stage=0.523500, bytes=0, T_capped=0
Stage 1: PT=6, T_stage=0.000000, bytes=33176880, T_capped=0
Group 1: Iters=10, Procs=3584, Factors=1.000000, Dist=2, RM=0, SM=1, RS=0, SS=5, parents=896, children=0
Async_Iters: 0
T_iter: 1.208989 1.437852 1.098699 1.148990 1.306741 1.261583 1.159419 1.032725 1.086869 1.140946 
T_stage 0: 0.763967 0.797480 0.769456 0.773323 0.772488 0.784011 0.765459 0.767897 0.762554 0.763543 
T_stage 1: 0.430055 0.640020 0.326225 0.383072 0.532328 0.481116 0.380589 0.267931 0.331972 0.374153 
Config: granularity=100000, SDR=10000, ADR=0, Rigid=1, Capture_Method=0
Stage 0: PT=0, T_stage=0.523500, bytes=0, T_capped=0
Stage 1: PT=6, T_stage=0.000000, bytes=33176880, T_capped=0
Group 1: Iters=10, Procs=3584, Factors=1.000000, Dist=2, RM=0, SM=1, RS=0, SS=5, parents=896, children=0
Async_Iters: 0
T_iter: 1.387088 1.353464 1.231505 1.407483 1.475746 1.310465 1.228702 1.150745 1.400016 1.345780 
T_stage 0: 0.853051 0.870385 0.867633 0.856373 0.861719 0.861219 0.851582 0.848013 0.850441 0.856601 
T_stage 1: 0.503154 0.491476 0.374971 0.543527 0.613948 0.453956 0.373495 0.303390 0.541547 0.489085 
Config: granularity=100000, SDR=10000, ADR=0, Rigid=1, Capture_Method=0
Stage 0: PT=0, T_stage=0.523500, bytes=0, T_capped=0
Stage 1: PT=6, T_stage=0.000000, bytes=33176880, T_capped=0
Group 1: Iters=10, Procs=3584, Factors=1.000000, Dist=2, RM=0, SM=1, RS=0, SS=5, parents=896, children=0
Async_Iters: 0
T_iter: 1.310790 1.231303 1.237849 1.124887 1.344458 1.210194 1.253317 1.023846 1.096979 1.254568 
T_stage 0: 0.760335 0.786848 0.787496 0.757033 0.770073 0.776342 0.754912 0.756964 0.750391 0.762320 
T_stage 1: 0.541475 0.465314 0.449431 0.358497 0.567909 0.436813 0.491626 0.271229 0.342097 0.482840 
Config: granularity=100000, SDR=10000, ADR=0, Rigid=1, Capture_Method=0
Stage 0: PT=0, T_stage=0.523500, bytes=0, T_capped=0
Stage 1: PT=6, T_stage=0.000000, bytes=33176880, T_capped=0
Group 1: Iters=10, Procs=3584, Factors=1.000000, Dist=2, RM=0, SM=1, RS=0, SS=5, parents=896, children=0
Async_Iters: 0
T_iter: 1.438559 1.511442 1.340742 1.388699 1.469585 1.385000 1.119482 1.180823 1.320336 1.368035 
T_stage 0: 0.852056 0.879433 0.857632 0.864873 0.868003 0.850079 0.845734 0.842696 0.850711 0.857740 
T_stage 1: 0.567551 0.640158 0.485722 0.516315 0.601484 0.535514 0.278804 0.333478 0.466187 0.516117 
Config: granularity=100000, SDR=10000, ADR=0, Rigid=1, Capture_Method=0
Stage 0: PT=0, T_stage=0.523500, bytes=0, T_capped=0
Stage 1: PT=6, T_stage=0.000000, bytes=33176880, T_capped=0
Group 1: Iters=10, Procs=3584, Factors=1.000000, Dist=2, RM=0, SM=1, RS=0, SS=5, parents=896, children=0
Async_Iters: 0
T_iter: 1.428402 1.467713 1.315584 1.253904 1.326414 1.274155 1.213550 1.155301 1.217614 1.436559 
T_stage 0: 0.854311 0.862634 0.868288 0.845865 0.860629 0.855643 0.847394 0.843854 0.841918 0.840006 
T_stage 1: 0.561597 0.598693 0.459776 0.407193 0.466739 0.421338 0.367912 0.308946 0.380816 0.598119 
Config: granularity=100000, SDR=10000, ADR=0, Rigid=1, Capture_Method=0
Stage 0: PT=0, T_stage=0.523500, bytes=0, T_capped=0
Stage 1: PT=6, T_stage=0.000000, bytes=33176880, T_capped=0
Group 1: Iters=10, Procs=3584, Factors=1.000000, Dist=2, RM=0, SM=1, RS=0, SS=5, parents=896, children=0
Async_Iters: 0
T_iter: 1.256252 1.352840 1.206260 1.175935 1.310936 1.183605 1.217245 1.128248 1.261745 1.276019 
T_stage 0: 0.776325 0.793475 0.783247 0.775316 0.782744 0.788947 0.775505 0.772260 0.781460 0.777545 
T_stage 1: 0.474255 0.559407 0.420989 0.391851 0.528919 0.402565 0.441414 0.357310 0.490824 0.493749 
Config: granularity=100000, SDR=10000, ADR=0, Rigid=1, Capture_Method=0
Stage 0: PT=0, T_stage=0.523500, bytes=0, T_capped=0
Stage 1: PT=6, T_stage=0.000000, bytes=33176880, T_capped=0
Group 1: Iters=10, Procs=3584, Factors=1.000000, Dist=2, RM=0, SM=1, RS=0, SS=5, parents=896, children=0
Async_Iters: 0
T_iter: 1.350189 1.251119 1.243468 1.294588 1.416753 1.342985 1.219169 1.150812 1.391372 1.192457 
T_stage 0: 0.833513 0.862140 0.852695 0.844896 0.846184 0.849119 0.837580 0.838464 0.840485 0.837715 
T_stage 1: 0.476851 0.398420 0.395153 0.443890 0.577559 0.490891 0.382383 0.317098 0.552456 0.353396 
Config: granularity=100000, SDR=10000, ADR=0, Rigid=1, Capture_Method=0
Stage 0: PT=0, T_stage=0.523500, bytes=0, T_capped=0
Stage 1: PT=6, T_stage=0.000000, bytes=33176880, T_capped=0
Group 1: Iters=10, Procs=3584, Factors=1.000000, Dist=2, RM=0, SM=1, RS=0, SS=5, parents=896, children=0
Async_Iters: 0
T_iter: 1.435433 1.490166 1.331804 1.280634 1.291660 1.356258 1.112105 1.308843 1.324195 1.339440 
T_stage 0: 0.846269 0.866499 0.849006 0.851338 0.832867 0.841678 0.827253 0.816039 0.825824 0.821429 
T_stage 1: 0.581412 0.630000 0.484361 0.424514 0.457447 0.512485 0.286799 0.484839 0.497945 0.517816 
Config: granularity=100000, SDR=10000, ADR=0, Rigid=1, Capture_Method=0
Stage 0: PT=0, T_stage=0.523500, bytes=0, T_capped=0
Stage 1: PT=6, T_stage=0.000000, bytes=33176880, T_capped=0
Group 1: Iters=10, Procs=3584, Factors=1.000000, Dist=2, RM=0, SM=1, RS=0, SS=5, parents=896, children=0
Async_Iters: 0
T_iter: 1.407632 1.629988 1.237023 1.401152 1.360715 1.348017 1.142355 1.169335 1.272588 1.367885 
T_stage 0: 0.857260 0.875722 0.868997 0.871044 0.866352 0.861141 0.853726 0.845447 0.848704 0.866021 
T_stage 1: 0.537696 0.752014 0.378592 0.520488 0.495733 0.489894 0.292533 0.311432 0.412110 0.517541 
Config: granularity=100000, SDR=10000, ADR=0, Rigid=1, Capture_Method=0
Stage 0: PT=0, T_stage=0.523500, bytes=0, T_capped=0
Stage 1: PT=6, T_stage=0.000000, bytes=33176880, T_capped=0
Group 1: Iters=10, Procs=3584, Factors=1.000000, Dist=2, RM=0, SM=1, RS=0, SS=5, parents=896, children=0
Async_Iters: 0
T_iter: 1.298020 1.409491 1.181108 1.370400 1.354363 1.306784 1.076497 1.061102 1.236218 1.391614 
T_stage 0: 0.758608 0.776669 0.774613 0.762101 0.760123 0.780081 0.757184 0.750885 0.760665 0.773481 
T_stage 1: 0.523839 0.640783 0.409399 0.599856 0.590523 0.528086 0.322974 0.314034 0.472012 0.621603 
Config: granularity=100000, SDR=10000, ADR=0, Rigid=1, Capture_Method=0
Stage 0: PT=0, T_stage=0.523500, bytes=0, T_capped=0
Stage 1: PT=6, T_stage=0.000000, bytes=33176880, T_capped=0
Group 1: Iters=10, Procs=3584, Factors=1.000000, Dist=2, RM=0, SM=1, RS=0, SS=5, parents=896, children=0
Async_Iters: 0
T_iter: 1.270610 1.335767 1.240094 1.132102 1.310996 1.214711 1.280902 1.096418 1.186700 1.384544 
T_stage 0: 0.760601 0.797618 0.768967 0.771384 0.778159 0.766360 0.759779 0.755459 0.761390 0.761716 
T_stage 1: 0.500977 0.551774 0.476007 0.371413 0.529448 0.445747 0.517947 0.345369 0.426320 0.619662 
Config: granularity=100000, SDR=10000, ADR=0, Rigid=1, Capture_Method=0
Stage 0: PT=0, T_stage=0.523500, bytes=0, T_capped=0
Stage 1: PT=6, T_stage=0.000000, bytes=33176880, T_capped=0
Group 1: Iters=10, Procs=3584, Factors=1.000000, Dist=2, RM=0, SM=1, RS=0, SS=5, parents=896, children=0
Async_Iters: 0
T_iter: 1.330631 1.279762 1.315028 1.219087 1.300098 1.381572 1.185004 1.014429 1.233782 1.257342 
T_stage 0: 0.758349 0.792273 0.771729 0.763816 0.764920 0.785942 0.766916 0.751966 0.752451 0.746215 
T_stage 1: 0.563833 0.499414 0.545288 0.448139 0.527808 0.620628 0.431410 0.262592 0.472863 0.495653 
Config: granularity=100000, SDR=10000, ADR=0, Rigid=1, Capture_Method=0
Stage 0: PT=0, T_stage=0.523500, bytes=0, T_capped=0
Stage 1: PT=6, T_stage=0.000000, bytes=33176880, T_capped=0
Group 1: Iters=10, Procs=3584, Factors=1.000000, Dist=2, RM=0, SM=1, RS=0, SS=5, parents=896, children=0
Async_Iters: 0
T_iter: 1.287697 1.411017 1.298361 1.235034 1.526997 1.365652 1.337492 1.210420 1.233595 1.285914 
T_stage 0: 0.859392 0.885865 0.864433 0.864473 0.887847 0.859959 0.855617 0.855790 0.855159 0.865188 
T_stage 1: 0.422114 0.535471 0.436776 0.375133 0.639071 0.511585 0.481926 0.356371 0.377711 0.421098 
Config: granularity=100000, SDR=10000, ADR=0, Rigid=1, Capture_Method=0
Stage 0: PT=0, T_stage=0.523500, bytes=0, T_capped=0
Stage 1: PT=6, T_stage=0.000000, bytes=33176880, T_capped=0
Group 1: Iters=10, Procs=3584, Factors=1.000000, Dist=2, RM=0, SM=1, RS=0, SS=5, parents=896, children=0
Async_Iters: 0
T_iter: 1.591145 1.433009 1.333609 1.418715 1.329966 1.196061 1.201179 1.322613 1.274151 1.291118 
T_stage 0: 0.851319 0.877557 0.859997 0.863930 0.861634 0.845498 0.847800 0.841387 0.852326 0.852952 
T_stage 1: 0.727184 0.564637 0.472453 0.546737 0.472956 0.344155 0.353603 0.483605 0.417769 0.440348 
Config: granularity=100000, SDR=10000, ADR=0, Rigid=1, Capture_Method=0
Stage 0: PT=0, T_stage=0.523500, bytes=0, T_capped=0
Stage 1: PT=6, T_stage=0.000000, bytes=33176880, T_capped=0
Group 1: Iters=10, Procs=3584, Factors=1.000000, Dist=2, RM=0, SM=1, RS=0, SS=5, parents=896, children=0
Async_Iters: 0
T_iter: 1.318955 1.520914 1.170730 1.286114 1.407971 1.361441 1.266954 1.110389 1.209238 1.310127 
T_stage 0: 0.788926 0.825252 0.800851 0.792863 0.791676 0.805291 0.791094 0.787464 0.789928 0.787837 
T_stage 1: 0.502428 0.700888 0.372488 0.488959 0.610642 0.565895 0.473416 0.323978 0.414479 0.520083 
