Config: granularity=100000, SDR=10000, ADR=0, Rigid=1, Capture_Method=0
Stage 0: PT=0, T_stage=0.523500, bytes=0, T_capped=0
Stage 1: PT=6, T_stage=0.000000, bytes=33176880, T_capped=0
Group 1: Iters=10, Procs=3584, Factors=1.000000, Dist=2, RM=0, SM=1, RS=0, SS=5, parents=1792, children=0
Async_Iters: 0
T_iter: 1.225787 1.399901 1.341951 1.332053 1.345251 1.446050 1.121416 1.269602 1.184899 1.167211 
T_stage 0: 0.830538 0.844551 0.838510 0.829450 0.832655 0.829936 0.820065 0.818542 0.819311 0.801526 
T_stage 1: 0.390368 0.557618 0.488276 0.492822 0.514394 0.618327 0.307017 0.453362 0.371053 0.362770 
Config: granularity=100000, SDR=10000, ADR=0, Rigid=1, Capture_Method=0
Stage 0: PT=0, T_stage=0.523500, bytes=0, T_capped=0
Stage 1: PT=6, T_stage=0.000000, bytes=33176880, T_capped=0
Group 1: Iters=10, Procs=3584, Factors=1.000000, Dist=2, RM=0, SM=1, RS=0, SS=5, parents=1792, children=0
Async_Iters: 0
T_iter: 1.399467 1.543810 1.354402 1.261778 1.334176 1.389899 1.204941 1.286236 1.165327 1.354328 
T_stage 0: 0.872866 0.887947 0.888684 0.883643 0.892039 0.881388 0.873358 0.866953 0.863094 0.867105 
T_stage 1: 0.516597 0.649865 0.471427 0.386917 0.459890 0.525852 0.335088 0.422152 0.302492 0.486296 
Config: granularity=100000, SDR=10000, ADR=0, Rigid=1, Capture_Method=0
Stage 0: PT=0, T_stage=0.523500, bytes=0, T_capped=0
Stage 1: PT=6, T_stage=0.000000, bytes=33176880, T_capped=0
Group 1: Iters=10, Procs=3584, Factors=1.000000, Dist=2, RM=0, SM=1, RS=0, SS=5, parents=1792, children=0
Async_Iters: 0
T_iter: 1.205827 1.433737 1.285065 1.125857 1.292437 1.152510 1.226992 1.100064 1.169001 1.242800 
T_stage 0: 0.784606 0.798447 0.797353 0.790873 0.783614 0.793398 0.792797 0.772443 0.773514 0.772467 
T_stage 1: 0.408962 0.631859 0.482669 0.342603 0.509121 0.369294 0.430993 0.327837 0.389469 0.465217 
Config: granularity=100000, SDR=10000, ADR=0, Rigid=1, Capture_Method=0
Stage 0: PT=0, T_stage=0.523500, bytes=0, T_capped=0
Stage 1: PT=6, T_stage=0.000000, bytes=33176880, T_capped=0
Group 1: Iters=10, Procs=3584, Factors=1.000000, Dist=2, RM=0, SM=1, RS=0, SS=5, parents=1792, children=0
Async_Iters: 0
T_iter: 1.284561 1.342448 1.264918 1.092271 1.188447 1.210596 1.277544 1.140910 1.132074 1.087808 
T_stage 0: 0.787750 0.783412 0.778621 0.768050 0.771204 0.766611 0.777129 0.763167 0.762295 0.762021 
T_stage 1: 0.483370 0.540542 0.486924 0.329280 0.405312 0.438476 0.497573 0.384374 0.369417 0.324178 
Config: granularity=100000, SDR=10000, ADR=0, Rigid=1, Capture_Method=0
Stage 0: PT=0, T_stage=0.523500, bytes=0, T_capped=0
Stage 1: PT=6, T_stage=0.000000, bytes=33176880, T_capped=0
Group 1: Iters=10, Procs=3584, Factors=1.000000, Dist=2, RM=0, SM=1, RS=0, SS=5, parents=1792, children=0
Async_Iters: 0
T_iter: 1.370384 1.409974 1.264806 1.269509 1.296095 1.452989 1.193185 1.173111 1.222390 1.136438 
T_stage 0: 0.858543 0.874459 0.855444 0.842339 0.854890 0.849127 0.839298 0.830436 0.829965 0.826226 
T_stage 1: 0.511960 0.549129 0.397892 0.431274 0.457656 0.602584 0.356866 0.343598 0.397996 0.315831 
Config: granularity=100000, SDR=10000, ADR=0, Rigid=1, Capture_Method=0
Stage 0: PT=0, T_stage=0.523500, bytes=0, T_capped=0
Stage 1: PT=6, T_stage=0.000000, bytes=33176880, T_capped=0
Group 1: Iters=10, Procs=3584, Factors=1.000000, Dist=2, RM=0, SM=1, RS=0, SS=5, parents=1792, children=0
Async_Iters: 0
T_iter: 1.308253 1.380814 1.297810 1.230193 1.285167 1.183538 1.171365 1.023679 1.152916 1.372368 
T_stage 0: 0.776727 0.782571 0.793883 0.770825 0.772688 0.765814 0.773129 0.753878 0.759706 0.765693 
T_stage 1: 0.522229 0.603045 0.511560 0.455403 0.510257 0.411373 0.390601 0.265075 0.388049 0.608914 
Config: granularity=100000, SDR=10000, ADR=0, Rigid=1, Capture_Method=0
Stage 0: PT=0, T_stage=0.523500, bytes=0, T_capped=0
Stage 1: PT=6, T_stage=0.000000, bytes=33176880, T_capped=0
Group 1: Iters=10, Procs=3584, Factors=1.000000, Dist=2, RM=0, SM=1, RS=0, SS=5, parents=1792, children=0
Async_Iters: 0
T_iter: 1.150904 1.320350 1.145009 1.126340 1.202996 1.373347 1.087437 1.152953 1.088651 1.175135 
T_stage 0: 0.777800 0.787923 0.783182 0.788811 0.785498 0.778052 0.767968 0.779305 0.768034 0.774819 
T_stage 1: 0.369588 0.532992 0.356001 0.347787 0.416763 0.585062 0.311498 0.380421 0.320235 0.399503 
Config: granularity=100000, SDR=10000, ADR=0, Rigid=1, Capture_Method=0
Stage 0: PT=0, T_stage=0.523500, bytes=0, T_capped=0
Stage 1: PT=6, T_stage=0.000000, bytes=33176880, T_capped=0
Group 1: Iters=10, Procs=3584, Factors=1.000000, Dist=2, RM=0, SM=1, RS=0, SS=5, parents=1792, children=0
Async_Iters: 0
T_iter: 1.347623 1.247198 1.440431 1.416514 1.376157 1.122502 1.304023 1.122175 1.328335 1.251535 
T_stage 0: 0.840324 0.853942 0.866669 0.856157 0.848685 0.834767 0.839470 0.828832 0.830695 0.820525 
T_stage 1: 0.495817 0.388846 0.570184 0.559054 0.523586 0.288781 0.479555 0.293771 0.497659 0.423161 
Config: granularity=100000, SDR=10000, ADR=0, Rigid=1, Capture_Method=0
Stage 0: PT=0, T_stage=0.523500, bytes=0, T_capped=0
Stage 1: PT=6, T_stage=0.000000, bytes=33176880, T_capped=0
Group 1: Iters=10, Procs=3584, Factors=1.000000, Dist=2, RM=0, SM=1, RS=0, SS=5, parents=1792, children=0
Async_Iters: 0
T_iter: 1.287495 1.231179 1.208549 1.447132 1.335125 1.287657 1.214459 1.111718 1.200723 1.244259 
T_stage 0: 0.778385 0.796035 0.787537 0.784590 0.783495 0.792757 0.774173 0.777428 0.785329 0.776136 
T_stage 1: 0.474717 0.430327 0.433097 0.653984 0.544946 0.502923 0.443731 0.333162 0.424162 0.476450 
Config: granularity=100000, SDR=10000, ADR=0, Rigid=1, Capture_Method=0
Stage 0: PT=0, T_stage=0.523500, bytes=0, T_capped=0
Stage 1: PT=6, T_stage=0.000000, bytes=33176880, T_capped=0
Group 1: Iters=10, Procs=3584, Factors=1.000000, Dist=2, RM=0, SM=1, RS=0, SS=5, parents=1792, children=0
Async_Iters: 0
T_iter: 1.283544 1.531850 1.359296 1.272840 1.361516 1.330928 1.355077 1.235312 1.176838 1.390995 
T_stage 0: 0.867077 0.887666 0.869304 0.872459 0.871629 0.881633 0.868491 0.862688 0.865880 0.865447 
T_stage 1: 0.397891 0.646199 0.491207 0.395293 0.491410 0.448623 0.485074 0.369780 0.311784 0.529337 
Config: granularity=100000, SDR=10000, ADR=0, Rigid=1, Capture_Method=0
Stage 0: PT=0, T_stage=0.523500, bytes=0, T_capped=0
Stage 1: PT=6, T_stage=0.000000, bytes=33176880, T_capped=0
Group 1: Iters=10, Procs=3584, Factors=1.000000, Dist=2, RM=0, SM=1, RS=0, SS=5, parents=1792, children=0
Async_Iters: 0
T_iter: 1.415797 1.501105 1.217246 1.325071 1.369634 1.301623 1.166608 1.257353 1.289410 1.358139 
T_stage 0: 0.861963 0.893028 0.872655 0.864876 0.865787 0.876220 0.856350 0.859460 0.860045 0.869530 
T_stage 1: 0.546602 0.622694 0.346559 0.453191 0.508792 0.435424 0.308624 0.400886 0.424460 0.484238 
Config: granularity=100000, SDR=10000, ADR=0, Rigid=1, Capture_Method=0
Stage 0: PT=0, T_stage=0.523500, bytes=0, T_capped=0
Stage 1: PT=6, T_stage=0.000000, bytes=33176880, T_capped=0
Group 1: Iters=10, Procs=3584, Factors=1.000000, Dist=2, RM=0, SM=1, RS=0, SS=5, parents=1792, children=0
Async_Iters: 0
T_iter: 1.302202 1.426650 1.303224 1.254551 1.254696 1.167669 1.358956 1.229454 1.251073 1.339359 
T_stage 0: 0.745374 0.773779 0.756406 0.763030 0.765006 0.753484 0.764849 0.752474 0.756541 0.777487 
T_stage 1: 0.546096 0.653643 0.527134 0.488559 0.491808 0.405495 0.598531 0.481261 0.491702 0.569786 
Config: granularity=100000, SDR=10000, ADR=0, Rigid=1, Capture_Method=0
Stage 0: PT=0, T_stage=0.523500, bytes=0, T_capped=0
Stage 1: PT=6, T_stage=0.000000, bytes=33176880, T_capped=0
Group 1: Iters=10, Procs=3584, Factors=1.000000, Dist=2, RM=0, SM=1, RS=0, SS=5, parents=1792, children=0
Async_Iters: 0
T_iter: 1.374644 1.361317 1.164661 1.183281 1.304133 1.280656 1.186643 1.240829 1.253376 1.361899 
T_stage 0: 0.769265 0.799404 0.770729 0.775141 0.768714 0.773097 0.764883 0.755026 0.767933 0.769996 
T_stage 1: 0.599641 0.578656 0.390552 0.415998 0.534517 0.507981 0.425656 0.482080 0.483828 0.606768 
Config: granularity=100000, SDR=10000, ADR=0, Rigid=1, Capture_Method=0
Stage 0: PT=0, T_stage=0.523500, bytes=0, T_capped=0
Stage 1: PT=6, T_stage=0.000000, bytes=33176880, T_capped=0
Group 1: Iters=10, Procs=3584, Factors=1.000000, Dist=2, RM=0, SM=1, RS=0, SS=5, parents=1792, children=0
Async_Iters: 0
T_iter: 3.016498 3.044733 2.936820 2.066178 1.210003 1.176130 1.160984 1.086184 1.088050 1.029010 
T_stage 0: 2.553779 2.565175 2.566229 1.772703 0.775639 0.753435 0.757718 0.767546 0.748781 0.743260 
T_stage 1: 0.454346 0.482344 0.372583 0.294640 0.445651 0.419984 0.409558 0.327088 0.340187 0.281319 
Config: granularity=100000, SDR=10000, ADR=0, Rigid=1, Capture_Method=0
Stage 0: PT=0, T_stage=0.523500, bytes=0, T_capped=0
Stage 1: PT=6, T_stage=0.000000, bytes=33176880, T_capped=0
Group 1: Iters=10, Procs=3584, Factors=1.000000, Dist=2, RM=0, SM=1, RS=0, SS=5, parents=1792, children=0
Async_Iters: 0
T_iter: 2.599339 2.524709 2.560695 2.391083 2.563416 2.501405 2.441856 2.495862 2.453882 2.390536 
T_stage 0: 2.066413 2.072233 2.081389 2.075386 2.080594 2.073754 2.086917 2.069510 2.070425 2.076744 
T_stage 1: 0.532553 0.453994 0.468050 0.312960 0.481174 0.427719 0.347194 0.423524 0.382317 0.316620 
Config: granularity=100000, SDR=10000, ADR=0, Rigid=1, Capture_Method=0
Stage 0: PT=0, T_stage=0.523500, bytes=0, T_capped=0
Stage 1: PT=6, T_stage=0.000000, bytes=33176880, T_capped=0
Group 1: Iters=10, Procs=3584, Factors=1.000000, Dist=2, RM=0, SM=1, RS=0, SS=5, parents=1792, children=0
Async_Iters: 0
T_iter: 1.223229 1.427496 1.298047 1.226721 1.303386 1.162666 1.298918 1.111791 1.227105 1.448133 
T_stage 0: 0.784092 0.804269 0.773614 0.773283 0.790190 0.772270 0.795824 0.763360 0.788184 0.785731 
T_stage 1: 0.394670 0.619579 0.520966 0.449134 0.512572 0.394015 0.512046 0.339005 0.436511 0.660846 
Config: granularity=100000, SDR=10000, ADR=0, Rigid=1, Capture_Method=0
Stage 0: PT=0, T_stage=0.523500, bytes=0, T_capped=0
Stage 1: PT=6, T_stage=0.000000, bytes=33176880, T_capped=0
Group 1: Iters=10, Procs=3584, Factors=1.000000, Dist=2, RM=0, SM=1, RS=0, SS=5, parents=1792, children=0
Async_Iters: 0
T_iter: 1.316982 1.454628 1.221378 1.107796 1.182818 1.315199 1.317129 1.592194 3.701214 3.550189 
T_stage 0: 0.793986 0.822584 0.792326 0.789230 0.799325 0.796378 0.787816 1.108629 3.186478 3.158247 
T_stage 1: 0.497432 0.644022 0.426431 0.308214 0.386783 0.515524 0.529045 0.488940 0.519953 0.389181 
Config: granularity=100000, SDR=10000, ADR=0, Rigid=1, Capture_Method=0
Stage 0: PT=0, T_stage=0.523500, bytes=0, T_capped=0
Stage 1: PT=6, T_stage=0.000000, bytes=33176880, T_capped=0
Group 1: Iters=10, Procs=3584, Factors=1.000000, Dist=2, RM=0, SM=1, RS=0, SS=5, parents=1792, children=0
Async_Iters: 0
T_iter: 1.340227 1.584457 1.345174 1.200161 1.309639 1.383727 1.305579 1.166165 1.237438 1.305741 
T_stage 0: 0.864028 0.904397 0.871117 0.866163 0.881595 0.869360 0.860469 0.856302 0.858173 0.877954 
T_stage 1: 0.475923 0.702158 0.478397 0.323246 0.426300 0.524032 0.444766 0.305396 0.375516 0.438287 
Config: granularity=100000, SDR=10000, ADR=0, Rigid=1, Capture_Method=0
Stage 0: PT=0, T_stage=0.523500, bytes=0, T_capped=0
Stage 1: PT=6, T_stage=0.000000, bytes=33176880, T_capped=0
Group 1: Iters=10, Procs=3584, Factors=1.000000, Dist=2, RM=0, SM=1, RS=0, SS=5, parents=1792, children=0
Async_Iters: 0
T_iter: 1.227369 1.492814 1.406561 1.309577 1.343598 1.168235 1.196530 1.133733 1.231715 1.323824 
T_stage 0: 0.860008 0.882747 0.872708 0.867230 0.867101 0.865974 0.861108 0.857385 0.852326 0.862623 
T_stage 1: 0.364029 0.626547 0.533569 0.444162 0.488983 0.300216 0.328824 0.282765 0.376165 0.469518 
Config: granularity=100000, SDR=10000, ADR=0, Rigid=1, Capture_Method=0
Stage 0: PT=0, T_stage=0.523500, bytes=0, T_capped=0
Stage 1: PT=6, T_stage=0.000000, bytes=33176880, T_capped=0
Group 1: Iters=10, Procs=3584, Factors=1.000000, Dist=2, RM=0, SM=1, RS=0, SS=5, parents=1792, children=0
Async_Iters: 0
T_iter: 1.456330 1.439755 1.387760 1.293659 1.183972 1.216681 1.280644 1.273898 1.282812 1.296064 
T_stage 0: 0.840373 0.865619 0.874039 0.856424 0.851948 0.864962 0.846987 0.853711 0.847943 0.850839 
T_stage 1: 0.595215 0.576271 0.532424 0.430227 0.328962 0.366799 0.431626 0.422233 0.430253 0.447834 
