Config: granularity=100000, SDR=10000, ADR=0, Rigid=1, Capture_Method=0
Stage 0: PT=0, T_stage=0.523500, bytes=0, T_capped=0
Stage 1: PT=6, T_stage=0.000000, bytes=33176880, T_capped=0
Group 1: Iters=10, Procs=448, Factors=1.000000, Dist=2, RM=0, SM=1, RS=0, SS=0, parents=3584, children=0
Async_Iters: 0
T_iter: 0.896161 0.881764 0.891293 0.875071 0.918969 0.861038 0.866772 0.847648 0.860335 0.840590 
T_stage 0: 0.749512 0.760665 0.761075 0.754511 0.765988 0.751950 0.751287 0.750880 0.748455 0.746501 
T_stage 1: 0.146553 0.121736 0.131788 0.120468 0.153753 0.109337 0.115614 0.096860 0.112138 0.094420 
Config: granularity=100000, SDR=10000, ADR=0, Rigid=1, Capture_Method=0
Stage 0: PT=0, T_stage=0.523500, bytes=0, T_capped=0
Stage 1: PT=6, T_stage=0.000000, bytes=33176880, T_capped=0
Group 1: Iters=10, Procs=448, Factors=1.000000, Dist=2, RM=0, SM=1, RS=0, SS=0, parents=3584, children=0
Async_Iters: 0
T_iter: 0.931683 0.918129 0.912664 0.932830 0.920664 0.916792 0.913454 0.958887 0.908022 0.953813 
T_stage 0: 0.794876 0.799574 0.803244 0.815124 0.800559 0.797222 0.796457 0.795385 0.790661 0.790109 
T_stage 1: 0.136729 0.118545 0.113616 0.126123 0.122356 0.120181 0.117456 0.162718 0.117757 0.162540 
Config: granularity=100000, SDR=10000, ADR=0, Rigid=1, Capture_Method=0
Stage 0: PT=0, T_stage=0.523500, bytes=0, T_capped=0
Stage 1: PT=6, T_stage=0.000000, bytes=33176880, T_capped=0
Group 1: Iters=10, Procs=448, Factors=1.000000, Dist=2, RM=0, SM=1, RS=0, SS=0, parents=3584, children=0
Async_Iters: 0
T_iter: 0.903395 0.880308 0.944320 0.901267 0.884447 0.879661 0.893032 0.894333 0.911640 0.879392 
T_stage 0: 0.771510 0.780248 0.792445 0.781640 0.783050 0.775029 0.780767 0.774639 0.784377 0.770725 
T_stage 1: 0.131809 0.099060 0.156757 0.124811 0.104231 0.104924 0.115011 0.119878 0.130742 0.109160 
Config: granularity=100000, SDR=10000, ADR=0, Rigid=1, Capture_Method=0
Stage 0: PT=0, T_stage=0.523500, bytes=0, T_capped=0
Stage 1: PT=6, T_stage=0.000000, bytes=33176880, T_capped=0
Group 1: Iters=10, Procs=448, Factors=1.000000, Dist=2, RM=0, SM=1, RS=0, SS=0, parents=3584, children=0
Async_Iters: 0
T_iter: 0.799022 0.758905 0.875179 0.792727 0.765913 0.760528 0.780393 0.789238 0.764375 0.770102 
T_stage 0: 0.662102 0.668152 0.669637 0.673973 0.666505 0.668269 0.667025 0.668631 0.662087 0.664141 
T_stage 1: 0.136731 0.090781 0.203113 0.119725 0.099532 0.092504 0.111602 0.117566 0.102605 0.106560 
Config: granularity=100000, SDR=10000, ADR=0, Rigid=1, Capture_Method=0
Stage 0: PT=0, T_stage=0.523500, bytes=0, T_capped=0
Stage 1: PT=6, T_stage=0.000000, bytes=33176880, T_capped=0
Group 1: Iters=10, Procs=448, Factors=1.000000, Dist=2, RM=0, SM=1, RS=0, SS=0, parents=3584, children=0
Async_Iters: 0
T_iter: 0.840265 0.810877 0.837790 0.821775 0.808639 0.879536 0.801379 0.801471 0.800105 0.795072 
T_stage 0: 0.696544 0.696136 0.696194 0.697244 0.691744 0.698723 0.687156 0.684977 0.690683 0.687359 
T_stage 1: 0.143668 0.114832 0.140758 0.125176 0.118395 0.186494 0.114308 0.116745 0.109563 0.107889 
Config: granularity=100000, SDR=10000, ADR=0, Rigid=1, Capture_Method=0
Stage 0: PT=0, T_stage=0.523500, bytes=0, T_capped=0
Stage 1: PT=6, T_stage=0.000000, bytes=33176880, T_capped=0
Group 1: Iters=10, Procs=448, Factors=1.000000, Dist=2, RM=0, SM=1, RS=0, SS=0, parents=3584, children=0
Async_Iters: 0
T_iter: 0.922210 0.896344 0.900022 0.890880 0.872210 0.861830 0.877250 0.884354 0.876549 0.882404 
T_stage 0: 0.781916 0.775411 0.775962 0.782343 0.771609 0.770899 0.768335 0.769036 0.773835 0.768449 
T_stage 1: 0.140220 0.120843 0.125446 0.113673 0.101279 0.091426 0.109858 0.116807 0.105279 0.114471 
Config: granularity=100000, SDR=10000, ADR=0, Rigid=1, Capture_Method=0
Stage 0: PT=0, T_stage=0.523500, bytes=0, T_capped=0
Stage 1: PT=6, T_stage=0.000000, bytes=33176880, T_capped=0
Group 1: Iters=10, Procs=448, Factors=1.000000, Dist=2, RM=0, SM=1, RS=0, SS=0, parents=3584, children=0
Async_Iters: 0
T_iter: 0.904491 0.855217 0.894322 0.865663 0.875736 0.861683 0.881131 0.890035 0.873784 0.879790 
T_stage 0: 0.754627 0.763175 0.774530 0.763132 0.763810 0.760460 0.764742 0.761622 0.758643 0.765932 
T_stage 1: 0.149795 0.092215 0.124621 0.103019 0.112457 0.101236 0.119780 0.130992 0.111800 0.114417 
Config: granularity=100000, SDR=10000, ADR=0, Rigid=1, Capture_Method=0
Stage 0: PT=0, T_stage=0.523500, bytes=0, T_capped=0
Stage 1: PT=6, T_stage=0.000000, bytes=33176880, T_capped=0
Group 1: Iters=10, Procs=448, Factors=1.000000, Dist=2, RM=0, SM=1, RS=0, SS=0, parents=3584, children=0
Async_Iters: 0
T_iter: 0.846812 0.826876 0.806042 0.807155 0.801603 0.839130 0.830358 0.801520 0.810344 0.817860 
T_stage 0: 0.712525 0.716016 0.715342 0.715468 0.711548 0.713038 0.715492 0.710132 0.707683 0.707321 
T_stage 1: 0.134217 0.110799 0.092112 0.090144 0.090146 0.121704 0.115504 0.091938 0.103325 0.111195 
Config: granularity=100000, SDR=10000, ADR=0, Rigid=1, Capture_Method=0
Stage 0: PT=0, T_stage=0.523500, bytes=0, T_capped=0
Stage 1: PT=6, T_stage=0.000000, bytes=33176880, T_capped=0
Group 1: Iters=10, Procs=448, Factors=1.000000, Dist=2, RM=0, SM=1, RS=0, SS=0, parents=3584, children=0
Async_Iters: 0
T_iter: 0.831701 0.818367 0.818218 0.779133 0.745964 0.751531 0.759632 0.739140 0.746191 0.757286 
T_stage 0: 0.688830 0.701892 0.672884 0.671584 0.647351 0.647364 0.655207 0.646028 0.645321 0.648062 
T_stage 1: 0.142774 0.116409 0.146017 0.106736 0.098911 0.104477 0.104616 0.093552 0.101453 0.109162 
Config: granularity=100000, SDR=10000, ADR=0, Rigid=1, Capture_Method=0
Stage 0: PT=0, T_stage=0.523500, bytes=0, T_capped=0
Stage 1: PT=6, T_stage=0.000000, bytes=33176880, T_capped=0
Group 1: Iters=10, Procs=448, Factors=1.000000, Dist=2, RM=0, SM=1, RS=0, SS=0, parents=3584, children=0
Async_Iters: 0
T_iter: 0.763363 0.723740 0.721947 0.740907 0.722995 0.736843 0.773827 0.732388 0.717668 0.734433 
T_stage 0: 0.618448 0.624523 0.624834 0.621519 0.621162 0.621475 0.620993 0.628908 0.615479 0.614884 
T_stage 1: 0.144838 0.099247 0.097214 0.117730 0.102526 0.116349 0.147012 0.104118 0.102435 0.120011 
Config: granularity=100000, SDR=10000, ADR=0, Rigid=1, Capture_Method=0
Stage 0: PT=0, T_stage=0.523500, bytes=0, T_capped=0
Stage 1: PT=6, T_stage=0.000000, bytes=33176880, T_capped=0
Group 1: Iters=10, Procs=448, Factors=1.000000, Dist=2, RM=0, SM=1, RS=0, SS=0, parents=3584, children=0
Async_Iters: 0
T_iter: 0.887191 0.849285 0.872196 0.849342 0.857248 0.843581 0.863638 0.840619 0.841090 0.869485 
T_stage 0: 0.740790 0.750405 0.760923 0.747247 0.747067 0.745823 0.751879 0.742600 0.743046 0.748119 
T_stage 1: 0.146318 0.098130 0.116113 0.102779 0.110466 0.098210 0.115335 0.098499 0.098438 0.122018 
Config: granularity=100000, SDR=10000, ADR=0, Rigid=1, Capture_Method=0
Stage 0: PT=0, T_stage=0.523500, bytes=0, T_capped=0
Stage 1: PT=6, T_stage=0.000000, bytes=33176880, T_capped=0
Group 1: Iters=10, Procs=448, Factors=1.000000, Dist=2, RM=0, SM=1, RS=0, SS=0, parents=3584, children=0
Async_Iters: 0
T_iter: 0.838862 0.791382 0.804088 0.819635 0.813611 0.791642 0.821081 0.790649 0.807857 0.833073 
T_stage 0: 0.696102 0.692470 0.694154 0.727591 0.710978 0.696472 0.716488 0.691214 0.697567 0.711426 
T_stage 1: 0.142701 0.098829 0.112848 0.092446 0.102832 0.095959 0.104877 0.097751 0.111852 0.125786 
Config: granularity=100000, SDR=10000, ADR=0, Rigid=1, Capture_Method=0
Stage 0: PT=0, T_stage=0.523500, bytes=0, T_capped=0
Stage 1: PT=6, T_stage=0.000000, bytes=33176880, T_capped=0
Group 1: Iters=10, Procs=448, Factors=1.000000, Dist=2, RM=0, SM=1, RS=0, SS=0, parents=3584, children=0
Async_Iters: 0
T_iter: 0.879613 0.881799 0.861557 0.840599 0.786223 0.808052 0.774966 0.776846 0.774499 0.791051 
T_stage 0: 0.746475 0.750555 0.758070 0.752588 0.680624 0.682625 0.680330 0.677254 0.672676 0.674606 
T_stage 1: 0.132522 0.131662 0.107719 0.089174 0.105550 0.129829 0.097538 0.099724 0.102239 0.116823 
Config: granularity=100000, SDR=10000, ADR=0, Rigid=1, Capture_Method=0
Stage 0: PT=0, T_stage=0.523500, bytes=0, T_capped=0
Stage 1: PT=6, T_stage=0.000000, bytes=33176880, T_capped=0
Group 1: Iters=10, Procs=448, Factors=1.000000, Dist=2, RM=0, SM=1, RS=0, SS=0, parents=3584, children=0
Async_Iters: 0
T_iter: 0.850682 0.827572 0.817891 0.856439 0.799823 0.812552 0.809280 0.792633 0.801371 0.787087 
T_stage 0: 0.699955 0.706399 0.705672 0.711357 0.705539 0.706596 0.698587 0.705400 0.699545 0.699592 
T_stage 1: 0.150538 0.121059 0.112798 0.144104 0.095036 0.112302 0.110632 0.092777 0.102087 0.087678 
Config: granularity=100000, SDR=10000, ADR=0, Rigid=1, Capture_Method=0
Stage 0: PT=0, T_stage=0.523500, bytes=0, T_capped=0
Stage 1: PT=6, T_stage=0.000000, bytes=33176880, T_capped=0
Group 1: Iters=10, Procs=448, Factors=1.000000, Dist=2, RM=0, SM=1, RS=0, SS=0, parents=3584, children=0
Async_Iters: 0
T_iter: 0.850974 0.833429 0.876531 0.822749 0.827778 0.811782 0.833104 0.810973 0.821960 0.881850 
T_stage 0: 0.714697 0.721614 0.730852 0.719427 0.721078 0.720453 0.721829 0.719603 0.715753 0.726128 
T_stage 1: 0.136279 0.111777 0.145092 0.104290 0.102993 0.091846 0.111831 0.091785 0.106790 0.156535 
Config: granularity=100000, SDR=10000, ADR=0, Rigid=1, Capture_Method=0
Stage 0: PT=0, T_stage=0.523500, bytes=0, T_capped=0
Stage 1: PT=6, T_stage=0.000000, bytes=33176880, T_capped=0
Group 1: Iters=10, Procs=448, Factors=1.000000, Dist=2, RM=0, SM=1, RS=0, SS=0, parents=3584, children=0
Async_Iters: 0
T_iter: 0.864000 0.863639 0.846181 0.848672 0.794079 0.803170 0.759817 0.755382 0.761165 0.757585 
T_stage 0: 0.735831 0.760534 0.745913 0.744382 0.675148 0.653227 0.641184 0.644615 0.634317 0.637911 
T_stage 1: 0.128053 0.117805 0.101131 0.104734 0.119606 0.156247 0.120145 0.111161 0.127190 0.120115 
Config: granularity=100000, SDR=10000, ADR=0, Rigid=1, Capture_Method=0
Stage 0: PT=0, T_stage=0.523500, bytes=0, T_capped=0
Stage 1: PT=6, T_stage=0.000000, bytes=33176880, T_capped=0
Group 1: Iters=10, Procs=448, Factors=1.000000, Dist=2, RM=0, SM=1, RS=0, SS=0, parents=3584, children=0
Async_Iters: 0
T_iter: 0.921131 0.895326 0.908956 0.920948 0.898041 0.892429 0.918731 0.900806 0.891083 0.875708 
T_stage 0: 0.798937 0.804006 0.810566 0.811066 0.803806 0.799291 0.804137 0.798370 0.801725 0.793702 
T_stage 1: 0.122122 0.090554 0.099031 0.114481 0.097133 0.093713 0.119539 0.103382 0.089731 0.082371 
Config: granularity=100000, SDR=10000, ADR=0, Rigid=1, Capture_Method=0
Stage 0: PT=0, T_stage=0.523500, bytes=0, T_capped=0
Stage 1: PT=6, T_stage=0.000000, bytes=33176880, T_capped=0
Group 1: Iters=10, Procs=448, Factors=1.000000, Dist=2, RM=0, SM=1, RS=0, SS=0, parents=3584, children=0
Async_Iters: 0
T_iter: 0.815698 0.801115 0.801989 0.810541 0.788095 0.816915 0.789641 0.804865 0.793750 0.769968 
T_stage 0: 0.685891 0.691742 0.694258 0.692076 0.689704 0.700713 0.686336 0.680475 0.682447 0.672427 
T_stage 1: 0.129742 0.109323 0.108624 0.120207 0.098629 0.116633 0.103736 0.124624 0.112599 0.097836 
Config: granularity=100000, SDR=10000, ADR=0, Rigid=1, Capture_Method=0
Stage 0: PT=0, T_stage=0.523500, bytes=0, T_capped=0
Stage 1: PT=6, T_stage=0.000000, bytes=33176880, T_capped=0
Group 1: Iters=10, Procs=448, Factors=1.000000, Dist=2, RM=0, SM=1, RS=0, SS=0, parents=3584, children=0
Async_Iters: 0
T_iter: 0.820633 0.788646 0.793990 0.807441 0.791944 0.789858 0.818283 0.776877 0.737599 0.708818 
T_stage 0: 0.697836 0.691345 0.690608 0.694235 0.694585 0.688161 0.686244 0.687464 0.616675 0.598423 
T_stage 1: 0.122754 0.097268 0.103932 0.114453 0.097636 0.102795 0.132477 0.094568 0.118787 0.110831 
Config: granularity=100000, SDR=10000, ADR=0, Rigid=1, Capture_Method=0
Stage 0: PT=0, T_stage=0.523500, bytes=0, T_capped=0
Stage 1: PT=6, T_stage=0.000000, bytes=33176880, T_capped=0
Group 1: Iters=10, Procs=448, Factors=1.000000, Dist=2, RM=0, SM=1, RS=0, SS=0, parents=3584, children=0
Async_Iters: 0
T_iter: 0.963618 0.960985 0.962085 0.949912 0.946496 0.840612 0.813684 0.830569 0.828119 0.796167 
T_stage 0: 0.829589 0.840766 0.845960 0.838180 0.838603 0.717471 0.711836 0.710651 0.715321 0.705764 
T_stage 1: 0.133956 0.118836 0.116955 0.111326 0.108362 0.122144 0.102058 0.121079 0.113236 0.090411 
