Config loaded: R=1, S=2, granularity=100000, SDR=10000, ADR=0, Rigid=1, Capture_Method=0
Stage 0: PT=0, T_stage=0.523500, bytes=0, T_capped=0
Stage 1: PT=6, T_stage=0.000000, bytes=33176880, T_capped=0
Group 0: Iters=5, Procs=112, Factors=1.000000, Dist=2, RM=0, SM=0, RS=0, SS=0
Group 1: Iters=10, Procs=896, Factors=1.000000, Dist=2, RM=0, SM=1, RS=0, SS=0
T_spawn: 12.141513 
T_SR: 0.022475 
T_AR: 0.000000 
T_US: 0.004106 
T_Malleability: 12.186332 
T_total: 24.491335
Config loaded: R=1, S=2, granularity=100000, SDR=10000, ADR=0, Rigid=1, Capture_Method=0
Stage 0: PT=0, T_stage=0.523500, bytes=0, T_capped=0
Stage 1: PT=6, T_stage=0.000000, bytes=33176880, T_capped=0
Group 0: Iters=5, Procs=112, Factors=1.000000, Dist=2, RM=0, SM=0, RS=0, SS=0
Group 1: Iters=10, Procs=896, Factors=1.000000, Dist=2, RM=0, SM=1, RS=0, SS=0
T_spawn: 10.528278 
T_SR: 0.011662 
T_AR: 0.000000 
T_US: 0.002880 
T_Malleability: 10.548116 
T_total: 23.079426
Config loaded: R=1, S=2, granularity=100000, SDR=10000, ADR=0, Rigid=1, Capture_Method=0
Stage 0: PT=0, T_stage=0.523500, bytes=0, T_capped=0
Stage 1: PT=6, T_stage=0.000000, bytes=33176880, T_capped=0
Group 0: Iters=5, Procs=112, Factors=1.000000, Dist=2, RM=0, SM=0, RS=0, SS=0
Group 1: Iters=10, Procs=896, Factors=1.000000, Dist=2, RM=0, SM=1, RS=0, SS=0
T_spawn: 11.158965 
T_SR: 0.014286 
T_AR: 0.000000 
T_US: 0.002777 
T_Malleability: 11.189850 
T_total: 23.236215
Config loaded: R=1, S=2, granularity=100000, SDR=10000, ADR=0, Rigid=1, Capture_Method=0
Stage 0: PT=0, T_stage=0.523500, bytes=0, T_capped=0
Stage 1: PT=6, T_stage=0.000000, bytes=33176880, T_capped=0
Group 0: Iters=5, Procs=112, Factors=1.000000, Dist=2, RM=0, SM=0, RS=0, SS=0
Group 1: Iters=10, Procs=896, Factors=1.000000, Dist=2, RM=0, SM=1, RS=0, SS=0
T_spawn: 11.307709 
T_SR: 0.009467 
T_AR: 0.000000 
T_US: 0.002786 
T_Malleability: 11.339037 
T_total: 25.104057
Config loaded: R=1, S=2, granularity=100000, SDR=10000, ADR=0, Rigid=1, Capture_Method=0
Stage 0: PT=0, T_stage=0.523500, bytes=0, T_capped=0
Stage 1: PT=6, T_stage=0.000000, bytes=33176880, T_capped=0
Group 0: Iters=5, Procs=112, Factors=1.000000, Dist=2, RM=0, SM=0, RS=0, SS=0
Group 1: Iters=10, Procs=896, Factors=1.000000, Dist=2, RM=0, SM=1, RS=0, SS=0
T_spawn: 11.648708 
T_SR: 0.017402 
T_AR: 0.000000 
T_US: 0.002645 
T_Malleability: 11.683601 
T_total: 24.603598
Config loaded: R=1, S=2, granularity=100000, SDR=10000, ADR=0, Rigid=1, Capture_Method=0
Stage 0: PT=0, T_stage=0.523500, bytes=0, T_capped=0
Stage 1: PT=6, T_stage=0.000000, bytes=33176880, T_capped=0
Group 0: Iters=5, Procs=112, Factors=1.000000, Dist=2, RM=0, SM=0, RS=0, SS=0
Group 1: Iters=10, Procs=896, Factors=1.000000, Dist=2, RM=0, SM=1, RS=0, SS=0
T_spawn: 11.243722 
T_SR: 0.009890 
T_AR: 0.000000 
T_US: 0.002705 
T_Malleability: 11.261211 
T_total: 23.843638
Config loaded: R=1, S=2, granularity=100000, SDR=10000, ADR=0, Rigid=1, Capture_Method=0
Stage 0: PT=0, T_stage=0.523500, bytes=0, T_capped=0
Stage 1: PT=6, T_stage=0.000000, bytes=33176880, T_capped=0
Group 0: Iters=5, Procs=112, Factors=1.000000, Dist=2, RM=0, SM=0, RS=0, SS=0
Group 1: Iters=10, Procs=896, Factors=1.000000, Dist=2, RM=0, SM=1, RS=0, SS=0
T_spawn: 11.442053 
T_SR: 0.017374 
T_AR: 0.000000 
T_US: 0.002957 
T_Malleability: 11.470633 
T_total: 23.554600
Config loaded: R=1, S=2, granularity=100000, SDR=10000, ADR=0, Rigid=1, Capture_Method=0
Stage 0: PT=0, T_stage=0.523500, bytes=0, T_capped=0
Stage 1: PT=6, T_stage=0.000000, bytes=33176880, T_capped=0
Group 0: Iters=5, Procs=112, Factors=1.000000, Dist=2, RM=0, SM=0, RS=0, SS=0
Group 1: Iters=10, Procs=896, Factors=1.000000, Dist=2, RM=0, SM=1, RS=0, SS=0
T_spawn: 11.549566 
T_SR: 0.019126 
T_AR: 0.000000 
T_US: 0.002790 
T_Malleability: 11.576427 
T_total: 25.051219
Config loaded: R=1, S=2, granularity=100000, SDR=10000, ADR=0, Rigid=1, Capture_Method=0
Stage 0: PT=0, T_stage=0.523500, bytes=0, T_capped=0
Stage 1: PT=6, T_stage=0.000000, bytes=33176880, T_capped=0
Group 0: Iters=5, Procs=112, Factors=1.000000, Dist=2, RM=0, SM=0, RS=0, SS=0
Group 1: Iters=10, Procs=896, Factors=1.000000, Dist=2, RM=0, SM=1, RS=0, SS=0
T_spawn: 11.915644 
T_SR: 0.010919 
T_AR: 0.000000 
T_US: 0.003339 
T_Malleability: 11.936215 
T_total: 25.707067
Config loaded: R=1, S=2, granularity=100000, SDR=10000, ADR=0, Rigid=1, Capture_Method=0
Stage 0: PT=0, T_stage=0.523500, bytes=0, T_capped=0
Stage 1: PT=6, T_stage=0.000000, bytes=33176880, T_capped=0
Group 0: Iters=5, Procs=112, Factors=1.000000, Dist=2, RM=0, SM=0, RS=0, SS=0
Group 1: Iters=10, Procs=896, Factors=1.000000, Dist=2, RM=0, SM=1, RS=0, SS=0
T_spawn: 11.100080 
T_SR: 0.011992 
T_AR: 0.000000 
T_US: 0.002768 
T_Malleability: 11.139940 
T_total: 24.795623
Config loaded: R=1, S=2, granularity=100000, SDR=10000, ADR=0, Rigid=1, Capture_Method=0
Stage 0: PT=0, T_stage=0.523500, bytes=0, T_capped=0
Stage 1: PT=6, T_stage=0.000000, bytes=33176880, T_capped=0
Group 0: Iters=5, Procs=112, Factors=1.000000, Dist=2, RM=0, SM=0, RS=0, SS=0
Group 1: Iters=10, Procs=896, Factors=1.000000, Dist=2, RM=0, SM=1, RS=0, SS=0
T_spawn: 11.527767 
T_SR: 0.014326 
T_AR: 0.000000 
T_US: 0.002610 
T_Malleability: 11.551434 
T_total: 24.659508
Config loaded: R=1, S=2, granularity=100000, SDR=10000, ADR=0, Rigid=1, Capture_Method=0
Stage 0: PT=0, T_stage=0.523500, bytes=0, T_capped=0
Stage 1: PT=6, T_stage=0.000000, bytes=33176880, T_capped=0
Group 0: Iters=5, Procs=112, Factors=1.000000, Dist=2, RM=0, SM=0, RS=0, SS=0
Group 1: Iters=10, Procs=896, Factors=1.000000, Dist=2, RM=0, SM=1, RS=0, SS=0
T_spawn: 11.422886 
T_SR: 0.019505 
T_AR: 0.000000 
T_US: 0.002917 
T_Malleability: 11.459066 
T_total: 23.445422
Config loaded: R=1, S=2, granularity=100000, SDR=10000, ADR=0, Rigid=1, Capture_Method=0
Stage 0: PT=0, T_stage=0.523500, bytes=0, T_capped=0
Stage 1: PT=6, T_stage=0.000000, bytes=33176880, T_capped=0
Group 0: Iters=5, Procs=112, Factors=1.000000, Dist=2, RM=0, SM=0, RS=0, SS=0
Group 1: Iters=10, Procs=896, Factors=1.000000, Dist=2, RM=0, SM=1, RS=0, SS=0
T_spawn: 12.305519 
T_SR: 0.020314 
T_AR: 0.000000 
T_US: 0.002794 
T_Malleability: 12.344843 
T_total: 25.822572
Config loaded: R=1, S=2, granularity=100000, SDR=10000, ADR=0, Rigid=1, Capture_Method=0
Stage 0: PT=0, T_stage=0.523500, bytes=0, T_capped=0
Stage 1: PT=6, T_stage=0.000000, bytes=33176880, T_capped=0
Group 0: Iters=5, Procs=112, Factors=1.000000, Dist=2, RM=0, SM=0, RS=0, SS=0
Group 1: Iters=10, Procs=896, Factors=1.000000, Dist=2, RM=0, SM=1, RS=0, SS=0
T_spawn: 12.035597 
T_SR: 0.020213 
T_AR: 0.000000 
T_US: 0.002951 
T_Malleability: 12.065713 
T_total: 26.237400
Config loaded: R=1, S=2, granularity=100000, SDR=10000, ADR=0, Rigid=1, Capture_Method=0
Stage 0: PT=0, T_stage=0.523500, bytes=0, T_capped=0
Stage 1: PT=6, T_stage=0.000000, bytes=33176880, T_capped=0
Group 0: Iters=5, Procs=112, Factors=1.000000, Dist=2, RM=0, SM=0, RS=0, SS=0
Group 1: Iters=10, Procs=896, Factors=1.000000, Dist=2, RM=0, SM=1, RS=0, SS=0
T_spawn: 11.461951 
T_SR: 0.012286 
T_AR: 0.000000 
T_US: 0.002767 
T_Malleability: 11.488828 
T_total: 23.787849
Config loaded: R=1, S=2, granularity=100000, SDR=10000, ADR=0, Rigid=1, Capture_Method=0
Stage 0: PT=0, T_stage=0.523500, bytes=0, T_capped=0
Stage 1: PT=6, T_stage=0.000000, bytes=33176880, T_capped=0
Group 0: Iters=5, Procs=112, Factors=1.000000, Dist=2, RM=0, SM=0, RS=0, SS=0
Group 1: Iters=10, Procs=896, Factors=1.000000, Dist=2, RM=0, SM=1, RS=0, SS=0
T_spawn: 11.005120 
T_SR: 0.015538 
T_AR: 0.000000 
T_US: 0.003181 
T_Malleability: 11.028924 
T_total: 23.571146
Config loaded: R=1, S=2, granularity=100000, SDR=10000, ADR=0, Rigid=1, Capture_Method=0
Stage 0: PT=0, T_stage=0.523500, bytes=0, T_capped=0
Stage 1: PT=6, T_stage=0.000000, bytes=33176880, T_capped=0
Group 0: Iters=5, Procs=112, Factors=1.000000, Dist=2, RM=0, SM=0, RS=0, SS=0
Group 1: Iters=10, Procs=896, Factors=1.000000, Dist=2, RM=0, SM=1, RS=0, SS=0
T_spawn: 12.093461 
T_SR: 0.019486 
T_AR: 0.000000 
T_US: 0.002737 
T_Malleability: 12.120710 
T_total: 24.473171
Config loaded: R=1, S=2, granularity=100000, SDR=10000, ADR=0, Rigid=1, Capture_Method=0
Stage 0: PT=0, T_stage=0.523500, bytes=0, T_capped=0
Stage 1: PT=6, T_stage=0.000000, bytes=33176880, T_capped=0
Group 0: Iters=5, Procs=112, Factors=1.000000, Dist=2, RM=0, SM=0, RS=0, SS=0
Group 1: Iters=10, Procs=896, Factors=1.000000, Dist=2, RM=0, SM=1, RS=0, SS=0
T_spawn: 11.502059 
T_SR: 0.016415 
T_AR: 0.000000 
T_US: 0.003615 
T_Malleability: 11.528838 
T_total: 23.477346
Config loaded: R=1, S=2, granularity=100000, SDR=10000, ADR=0, Rigid=1, Capture_Method=0
Stage 0: PT=0, T_stage=0.523500, bytes=0, T_capped=0
Stage 1: PT=6, T_stage=0.000000, bytes=33176880, T_capped=0
Group 0: Iters=5, Procs=112, Factors=1.000000, Dist=2, RM=0, SM=0, RS=0, SS=0
Group 1: Iters=10, Procs=896, Factors=1.000000, Dist=2, RM=0, SM=1, RS=0, SS=0
T_spawn: 11.334629 
T_SR: 0.002073 
T_AR: 0.000000 
T_US: 0.002448 
T_Malleability: 11.360059 
T_total: 23.311198
Config loaded: R=1, S=2, granularity=100000, SDR=10000, ADR=0, Rigid=1, Capture_Method=0
Stage 0: PT=0, T_stage=0.523500, bytes=0, T_capped=0
Stage 1: PT=6, T_stage=0.000000, bytes=33176880, T_capped=0
Group 0: Iters=5, Procs=112, Factors=1.000000, Dist=2, RM=0, SM=0, RS=0, SS=0
Group 1: Iters=10, Procs=896, Factors=1.000000, Dist=2, RM=0, SM=1, RS=0, SS=0
T_spawn: 10.078382 
T_SR: 0.017941 
T_AR: 0.000000 
T_US: 0.002671 
T_Malleability: 10.104295 
T_total: 23.695393
