Config: granularity=100000, SDR=10000, ADR=0, Rigid=1, Capture_Method=0
Stage 0: PT=0, T_stage=0.523500, bytes=0, T_capped=0
Stage 1: PT=6, T_stage=0.000000, bytes=33176880, T_capped=0
Group 1: Iters=10, Procs=896, Factors=1.000000, Dist=2, RM=0, SM=1, RS=0, SS=0, parents=224, children=0
Async_Iters: 0
T_iter: 0.990759 0.955510 1.011837 1.088342 1.041444 1.069759 0.979103 0.965062 1.005920 0.998130 
T_stage 0: 0.823662 0.819318 0.876688 0.872479 0.866173 0.860902 0.856627 0.855369 0.862218 0.854116 
T_stage 1: 0.166912 0.136382 0.138685 0.220984 0.181835 0.210322 0.122635 0.109982 0.143985 0.144322 
Config: granularity=100000, SDR=10000, ADR=0, Rigid=1, Capture_Method=0
Stage 0: PT=0, T_stage=0.523500, bytes=0, T_capped=0
Stage 1: PT=6, T_stage=0.000000, bytes=33176880, T_capped=0
Group 1: Iters=10, Procs=896, Factors=1.000000, Dist=2, RM=0, SM=1, RS=0, SS=0, parents=224, children=0
Async_Iters: 0
T_iter: 0.901323 0.849771 0.985409 0.895547 0.935087 0.931476 0.906747 0.892436 0.954579 1.023854 
T_stage 0: 0.732216 0.727321 0.769648 0.771027 0.790506 0.772050 0.777374 0.759506 0.779288 0.785589 
T_stage 1: 0.169063 0.122652 0.217965 0.124431 0.145052 0.157304 0.129633 0.133076 0.177940 0.242836 
Config: granularity=100000, SDR=10000, ADR=0, Rigid=1, Capture_Method=0
Stage 0: PT=0, T_stage=0.523500, bytes=0, T_capped=0
Stage 1: PT=6, T_stage=0.000000, bytes=33176880, T_capped=0
Group 1: Iters=10, Procs=896, Factors=1.000000, Dist=2, RM=0, SM=1, RS=0, SS=0, parents=224, children=0
Async_Iters: 0
T_iter: 0.953387 0.868829 0.915444 0.967098 0.948779 0.913245 0.939492 0.883788 0.865405 0.867407 
T_stage 0: 0.755871 0.747516 0.793646 0.784411 0.786673 0.785908 0.783170 0.751205 0.744084 0.743759 
T_stage 1: 0.197914 0.121407 0.127577 0.182109 0.162159 0.130528 0.150728 0.132663 0.127567 0.124020 
Config: granularity=100000, SDR=10000, ADR=0, Rigid=1, Capture_Method=0
Stage 0: PT=0, T_stage=0.523500, bytes=0, T_capped=0
Stage 1: PT=6, T_stage=0.000000, bytes=33176880, T_capped=0
Group 1: Iters=10, Procs=896, Factors=1.000000, Dist=2, RM=0, SM=1, RS=0, SS=0, parents=224, children=0
Async_Iters: 0
T_iter: 0.919100 0.883685 0.931469 0.973085 0.950296 0.910729 0.903227 0.920446 0.934043 0.975771 
T_stage 0: 0.748776 0.747527 0.793088 0.788403 0.793867 0.789169 0.786006 0.785522 0.783340 0.789684 
T_stage 1: 0.170630 0.136639 0.140986 0.182768 0.156645 0.123234 0.117513 0.135026 0.142697 0.186558 
Config: granularity=100000, SDR=10000, ADR=0, Rigid=1, Capture_Method=0
Stage 0: PT=0, T_stage=0.523500, bytes=0, T_capped=0
Stage 1: PT=6, T_stage=0.000000, bytes=33176880, T_capped=0
Group 1: Iters=10, Procs=896, Factors=1.000000, Dist=2, RM=0, SM=1, RS=0, SS=0, parents=224, children=0
Async_Iters: 0
T_iter: 0.982225 0.909732 0.959985 1.153379 1.034261 0.949054 1.051040 2.713687 2.694282 2.362682 
T_stage 0: 0.810771 0.789023 0.836033 0.836571 0.831061 0.829263 0.924916 2.567290 2.544837 2.240881 
T_stage 1: 0.171823 0.121022 0.125081 0.319830 0.198252 0.119886 0.126559 0.148986 0.150180 0.122089 
Config: granularity=100000, SDR=10000, ADR=0, Rigid=1, Capture_Method=0
Stage 0: PT=0, T_stage=0.523500, bytes=0, T_capped=0
Stage 1: PT=6, T_stage=0.000000, bytes=33176880, T_capped=0
Group 1: Iters=10, Procs=896, Factors=1.000000, Dist=2, RM=0, SM=1, RS=0, SS=0, parents=224, children=0
Async_Iters: 0
T_iter: 0.912294 0.859619 0.935476 0.880126 0.916717 0.927596 0.894904 0.875220 0.898754 0.925612 
T_stage 0: 0.740649 0.732419 0.787091 0.757376 0.780724 0.776086 0.770976 0.753993 0.767527 0.772874 
T_stage 1: 0.172015 0.127469 0.155644 0.123591 0.140171 0.153483 0.124180 0.121466 0.131636 0.153773 
Config: granularity=100000, SDR=10000, ADR=0, Rigid=1, Capture_Method=0
Stage 0: PT=0, T_stage=0.523500, bytes=0, T_capped=0
Stage 1: PT=6, T_stage=0.000000, bytes=33176880, T_capped=0
Group 1: Iters=10, Procs=896, Factors=1.000000, Dist=2, RM=0, SM=1, RS=0, SS=0, parents=224, children=0
Async_Iters: 0
T_iter: 0.930937 0.884935 0.930359 0.945608 0.932210 0.913463 0.908857 0.903778 0.901812 0.913314 
T_stage 0: 0.763603 0.743079 0.791123 0.782924 0.794683 0.782247 0.778556 0.787895 0.775419 0.792153 
T_stage 1: 0.167422 0.141997 0.144504 0.162965 0.129090 0.133463 0.128561 0.115994 0.126770 0.121373 
Config: granularity=100000, SDR=10000, ADR=0, Rigid=1, Capture_Method=0
Stage 0: PT=0, T_stage=0.523500, bytes=0, T_capped=0
Stage 1: PT=6, T_stage=0.000000, bytes=33176880, T_capped=0
Group 1: Iters=10, Procs=896, Factors=1.000000, Dist=2, RM=0, SM=1, RS=0, SS=0, parents=224, children=0
Async_Iters: 0
T_iter: 0.985413 0.997779 1.028098 1.094141 1.023337 0.986964 0.970960 1.090375 1.005827 0.984261 
T_stage 0: 0.827093 0.829541 0.865464 0.860595 0.847564 0.867630 0.848342 0.859761 0.863279 0.851160 
T_stage 1: 0.158906 0.174215 0.166387 0.247353 0.183749 0.119469 0.127635 0.231367 0.142814 0.131887 
Config: granularity=100000, SDR=10000, ADR=0, Rigid=1, Capture_Method=0
Stage 0: PT=0, T_stage=0.523500, bytes=0, T_capped=0
Stage 1: PT=6, T_stage=0.000000, bytes=33176880, T_capped=0
Group 1: Iters=10, Procs=896, Factors=1.000000, Dist=2, RM=0, SM=1, RS=0, SS=0, parents=224, children=0
Async_Iters: 0
T_iter: 0.987778 0.935199 0.993814 1.133816 1.070970 1.028938 0.996246 0.971057 1.000562 0.959377 
T_stage 0: 0.828634 0.817226 0.877449 0.878118 0.854983 0.871045 0.868007 0.846798 0.871662 0.836937 
T_stage 1: 0.160488 0.118351 0.117326 0.261743 0.220606 0.157378 0.128214 0.123708 0.129352 0.125481 
Config: granularity=100000, SDR=10000, ADR=0, Rigid=1, Capture_Method=0
Stage 0: PT=0, T_stage=0.523500, bytes=0, T_capped=0
Stage 1: PT=6, T_stage=0.000000, bytes=33176880, T_capped=0
Group 1: Iters=10, Procs=896, Factors=1.000000, Dist=2, RM=0, SM=1, RS=0, SS=0, parents=224, children=0
Async_Iters: 0
T_iter: 0.914900 0.905380 0.936326 0.962711 0.960676 0.955869 0.931550 0.918151 0.986752 0.930709 
T_stage 0: 0.748502 0.753677 0.799914 0.783189 0.799133 0.788980 0.786921 0.781066 0.780606 0.779754 
T_stage 1: 0.167025 0.152078 0.142547 0.173125 0.165776 0.168409 0.149678 0.137301 0.196626 0.151010 
Config: granularity=100000, SDR=10000, ADR=0, Rigid=1, Capture_Method=0
Stage 0: PT=0, T_stage=0.523500, bytes=0, T_capped=0
Stage 1: PT=6, T_stage=0.000000, bytes=33176880, T_capped=0
Group 1: Iters=10, Procs=896, Factors=1.000000, Dist=2, RM=0, SM=1, RS=0, SS=0, parents=224, children=0
Async_Iters: 0
T_iter: 0.915492 0.875184 0.934122 0.957981 0.929468 0.922574 0.952376 0.966075 0.908600 0.925558 
T_stage 0: 0.757006 0.745509 0.782191 0.770631 0.798956 0.786546 0.781007 0.785200 0.765136 0.793268 
T_stage 1: 0.158828 0.129887 0.162354 0.185709 0.130946 0.137974 0.175700 0.181124 0.139089 0.132823 
Config: granularity=100000, SDR=10000, ADR=0, Rigid=1, Capture_Method=0
Stage 0: PT=0, T_stage=0.523500, bytes=0, T_capped=0
Stage 1: PT=6, T_stage=0.000000, bytes=33176880, T_capped=0
Group 1: Iters=10, Procs=896, Factors=1.000000, Dist=2, RM=0, SM=1, RS=0, SS=0, parents=224, children=0
Async_Iters: 0
T_iter: 0.913616 0.871040 1.004531 0.940433 0.927184 0.924305 0.903526 0.901336 0.938684 0.894755 
T_stage 0: 0.743975 0.747141 0.793370 0.773134 0.775197 0.777044 0.770117 0.770906 0.773926 0.772116 
T_stage 1: 0.169893 0.124028 0.222757 0.168930 0.151961 0.149345 0.131742 0.130929 0.169523 0.122939 
Config: granularity=100000, SDR=10000, ADR=0, Rigid=1, Capture_Method=0
Stage 0: PT=0, T_stage=0.523500, bytes=0, T_capped=0
Stage 1: PT=6, T_stage=0.000000, bytes=33176880, T_capped=0
Group 1: Iters=10, Procs=896, Factors=1.000000, Dist=2, RM=0, SM=1, RS=0, SS=0, parents=224, children=0
Async_Iters: 0
T_iter: 0.906794 0.868849 0.932043 0.953605 0.923740 0.927618 0.922199 0.907758 0.905459 0.920929 
T_stage 0: 0.741950 0.738936 0.795930 0.791440 0.791421 0.785021 0.780510 0.778073 0.776415 0.784549 
T_stage 1: 0.164871 0.129774 0.140998 0.166086 0.132872 0.143236 0.141762 0.129688 0.129227 0.136411 
Config: granularity=100000, SDR=10000, ADR=0, Rigid=1, Capture_Method=0
Stage 0: PT=0, T_stage=0.523500, bytes=0, T_capped=0
Stage 1: PT=6, T_stage=0.000000, bytes=33176880, T_capped=0
Group 1: Iters=10, Procs=896, Factors=1.000000, Dist=2, RM=0, SM=1, RS=0, SS=0, parents=224, children=0
Async_Iters: 0
T_iter: 0.905933 0.864093 1.004142 0.978125 0.921463 0.920715 0.904580 0.893563 0.931419 0.916152 
T_stage 0: 0.742137 0.733474 0.790844 0.777536 0.790415 0.780628 0.769577 0.772927 0.771236 0.779361 
T_stage 1: 0.163847 0.130772 0.220729 0.199952 0.132232 0.144314 0.134519 0.124565 0.162507 0.139032 
Config: granularity=100000, SDR=10000, ADR=0, Rigid=1, Capture_Method=0
Stage 0: PT=0, T_stage=0.523500, bytes=0, T_capped=0
Stage 1: PT=6, T_stage=0.000000, bytes=33176880, T_capped=0
Group 1: Iters=10, Procs=896, Factors=1.000000, Dist=2, RM=0, SM=1, RS=0, SS=0, parents=224, children=0
Async_Iters: 0
T_iter: 0.877970 0.860527 0.974943 0.919432 0.900375 0.929799 0.874309 0.869478 0.852117 0.898843 
T_stage 0: 0.708379 0.707572 0.758914 0.735443 0.752565 0.729064 0.732944 0.742029 0.723578 0.755808 
T_stage 1: 0.169605 0.153231 0.224933 0.174824 0.147688 0.203045 0.141551 0.127756 0.128677 0.145620 
Config: granularity=100000, SDR=10000, ADR=0, Rigid=1, Capture_Method=0
Stage 0: PT=0, T_stage=0.523500, bytes=0, T_capped=0
Stage 1: PT=6, T_stage=0.000000, bytes=33176880, T_capped=0
Group 1: Iters=10, Procs=896, Factors=1.000000, Dist=2, RM=0, SM=1, RS=0, SS=0, parents=224, children=0
Async_Iters: 0
T_iter: 0.980553 0.945502 0.999975 1.175320 1.067636 0.991910 0.998656 0.986208 0.993008 0.992956 
T_stage 0: 0.820342 0.819352 0.871873 0.867771 0.870990 0.861516 0.860362 0.856075 0.862637 0.854483 
T_stage 1: 0.160437 0.126066 0.129412 0.300525 0.205761 0.130638 0.135460 0.130178 0.130789 0.138637 
Config: granularity=100000, SDR=10000, ADR=0, Rigid=1, Capture_Method=0
Stage 0: PT=0, T_stage=0.523500, bytes=0, T_capped=0
Stage 1: PT=6, T_stage=0.000000, bytes=33176880, T_capped=0
Group 1: Iters=10, Procs=896, Factors=1.000000, Dist=2, RM=0, SM=1, RS=0, SS=0, parents=224, children=0
Async_Iters: 0
T_iter: 0.883437 0.845249 0.922185 0.939516 0.905977 0.891069 0.917414 0.907031 0.884191 0.893493 
T_stage 0: 0.715169 0.719674 0.762689 0.756949 0.761709 0.742514 0.734637 0.738889 0.735245 0.733141 
T_stage 1: 0.168358 0.125643 0.164540 0.180521 0.146922 0.149266 0.179868 0.172018 0.148971 0.162140 
Config: granularity=100000, SDR=10000, ADR=0, Rigid=1, Capture_Method=0
Stage 0: PT=0, T_stage=0.523500, bytes=0, T_capped=0
Stage 1: PT=6, T_stage=0.000000, bytes=33176880, T_capped=0
Group 1: Iters=10, Procs=896, Factors=1.000000, Dist=2, RM=0, SM=1, RS=0, SS=0, parents=224, children=0
Async_Iters: 0
T_iter: 0.966159 0.932572 0.947728 1.001253 0.943807 0.945543 0.936650 1.025060 1.045498 0.966818 
T_stage 0: 0.794516 0.795631 0.820023 0.812077 0.815175 0.811842 0.809761 0.810774 0.822301 0.804642 
T_stage 1: 0.171782 0.137103 0.129368 0.185689 0.128718 0.133960 0.128197 0.217822 0.231716 0.162342 
Config: granularity=100000, SDR=10000, ADR=0, Rigid=1, Capture_Method=0
Stage 0: PT=0, T_stage=0.523500, bytes=0, T_capped=0
Stage 1: PT=6, T_stage=0.000000, bytes=33176880, T_capped=0
Group 1: Iters=10, Procs=896, Factors=1.000000, Dist=2, RM=0, SM=1, RS=0, SS=0, parents=224, children=0
Async_Iters: 0
T_iter: 0.895577 0.848078 0.953801 0.897923 0.903146 0.942977 0.889344 0.884254 0.896024 0.897096 
T_stage 0: 0.736855 0.716521 0.758605 0.758261 0.766835 0.761235 0.756758 0.758151 0.758120 0.759645 
T_stage 1: 0.158703 0.131278 0.199718 0.138399 0.136268 0.180912 0.132813 0.126335 0.141131 0.137525 
Config: granularity=100000, SDR=10000, ADR=0, Rigid=1, Capture_Method=0
Stage 0: PT=0, T_stage=0.523500, bytes=0, T_capped=0
Stage 1: PT=6, T_stage=0.000000, bytes=33176880, T_capped=0
Group 1: Iters=10, Procs=896, Factors=1.000000, Dist=2, RM=0, SM=1, RS=0, SS=0, parents=224, children=0
Async_Iters: 0
T_iter: 0.990285 0.951558 0.997848 1.190793 1.059999 1.020241 0.984906 0.994722 0.987081 0.985416 
T_stage 0: 0.811149 0.809829 0.868533 0.865304 0.861605 0.859531 0.858347 0.854032 0.859264 0.852339 
T_stage 1: 0.179246 0.141837 0.130650 0.330948 0.197451 0.162823 0.129482 0.140802 0.127966 0.133675 
