Config: granularity=100000, SDR=10000, ADR=0, Rigid=1, Capture_Method=0
Stage 0: PT=0, T_stage=0.523500, bytes=0, T_capped=0
Stage 1: PT=6, T_stage=0.000000, bytes=33176880, T_capped=0
Group 1: Iters=10, Procs=896, Factors=1.000000, Dist=2, RM=0, SM=1, RS=0, SS=0, parents=448, children=0
Async_Iters: 0
T_iter: 0.947688 0.914746 0.962800 1.085947 0.947968 0.917930 0.934713 1.005390 0.906927 0.943633 
T_stage 0: 0.787471 0.788436 0.826652 0.825796 0.818201 0.789733 0.784894 0.784543 0.781835 0.781234 
T_stage 1: 0.160311 0.126693 0.137366 0.261311 0.130313 0.128229 0.150400 0.220044 0.125184 0.164114 
Config: granularity=100000, SDR=10000, ADR=0, Rigid=1, Capture_Method=0
Stage 0: PT=0, T_stage=0.523500, bytes=0, T_capped=0
Stage 1: PT=6, T_stage=0.000000, bytes=33176880, T_capped=0
Group 1: Iters=10, Procs=896, Factors=1.000000, Dist=2, RM=0, SM=1, RS=0, SS=0, parents=448, children=0
Async_Iters: 0
T_iter: 0.989407 0.943848 0.974656 1.099273 1.003000 1.137382 0.960720 0.968052 0.975342 0.967810 
T_stage 0: 0.811153 0.811746 0.851815 0.847174 0.841821 0.845700 0.841719 0.839028 0.842629 0.839825 
T_stage 1: 0.178269 0.132136 0.124333 0.255149 0.161198 0.296252 0.123049 0.129130 0.134829 0.127392 
Config: granularity=100000, SDR=10000, ADR=0, Rigid=1, Capture_Method=0
Stage 0: PT=0, T_stage=0.523500, bytes=0, T_capped=0
Stage 1: PT=6, T_stage=0.000000, bytes=33176880, T_capped=0
Group 1: Iters=10, Procs=896, Factors=1.000000, Dist=2, RM=0, SM=1, RS=0, SS=0, parents=448, children=0
Async_Iters: 0
T_iter: 0.927004 0.867341 0.933344 0.949165 0.949418 0.937056 0.903991 0.889673 0.890080 0.888731 
T_stage 0: 0.752094 0.748735 0.790577 0.785115 0.791431 0.785259 0.764550 0.762748 0.759883 0.767063 
T_stage 1: 0.175521 0.120768 0.146808 0.163417 0.153463 0.152889 0.141320 0.127582 0.130613 0.122077 
Config: granularity=100000, SDR=10000, ADR=0, Rigid=1, Capture_Method=0
Stage 0: PT=0, T_stage=0.523500, bytes=0, T_capped=0
Stage 1: PT=6, T_stage=0.000000, bytes=33176880, T_capped=0
Group 1: Iters=10, Procs=896, Factors=1.000000, Dist=2, RM=0, SM=1, RS=0, SS=0, parents=448, children=0
Async_Iters: 0
T_iter: 1.055791 0.965314 1.047913 1.073162 1.054388 1.082960 1.015459 1.023811 1.050697 1.069941 
T_stage 0: 0.873617 0.843512 0.916497 0.905740 0.905337 0.901146 0.887299 0.886850 0.915754 0.886105 
T_stage 1: 0.182140 0.122230 0.132555 0.171549 0.154884 0.182064 0.128250 0.137058 0.136445 0.186231 
Config: granularity=100000, SDR=10000, ADR=0, Rigid=1, Capture_Method=0
Stage 0: PT=0, T_stage=0.523500, bytes=0, T_capped=0
Stage 1: PT=6, T_stage=0.000000, bytes=33176880, T_capped=0
Group 1: Iters=10, Procs=896, Factors=1.000000, Dist=2, RM=0, SM=1, RS=0, SS=0, parents=448, children=0
Async_Iters: 0
T_iter: 0.997598 0.954830 0.989248 1.143522 1.069366 1.061906 1.002775 0.999473 1.006763 0.985620 
T_stage 0: 0.825617 0.832454 0.869713 0.874781 0.864445 0.868708 0.868270 0.860204 0.864452 0.862289 
T_stage 1: 0.172269 0.122705 0.120562 0.274150 0.205068 0.196074 0.138981 0.139683 0.142710 0.122819 
Config: granularity=100000, SDR=10000, ADR=0, Rigid=1, Capture_Method=0
Stage 0: PT=0, T_stage=0.523500, bytes=0, T_capped=0
Stage 1: PT=6, T_stage=0.000000, bytes=33176880, T_capped=0
Group 1: Iters=10, Procs=896, Factors=1.000000, Dist=2, RM=0, SM=1, RS=0, SS=0, parents=448, children=0
Async_Iters: 0
T_iter: 0.992328 0.933052 0.984377 1.149043 1.009133 1.101034 0.995467 1.031934 0.999034 1.003173 
T_stage 0: 0.810806 0.807672 0.866987 0.871016 0.857648 0.869226 0.858928 0.856242 0.859816 0.862125 
T_stage 1: 0.181508 0.125580 0.118270 0.286104 0.151905 0.233448 0.138903 0.175753 0.141908 0.138815 
Config: granularity=100000, SDR=10000, ADR=0, Rigid=1, Capture_Method=0
Stage 0: PT=0, T_stage=0.523500, bytes=0, T_capped=0
Stage 1: PT=6, T_stage=0.000000, bytes=33176880, T_capped=0
Group 1: Iters=10, Procs=896, Factors=1.000000, Dist=2, RM=0, SM=1, RS=0, SS=0, parents=448, children=0
Async_Iters: 0
T_iter: 0.907762 0.884002 0.916643 0.873302 0.892122 0.917812 0.881402 0.883279 0.922197 0.894683 
T_stage 0: 0.738897 0.746029 0.761058 0.749120 0.755524 0.722348 0.719216 0.742563 0.725671 0.747405 
T_stage 1: 0.168955 0.138498 0.160223 0.123973 0.137294 0.194441 0.162657 0.146518 0.200935 0.146949 
Config: granularity=100000, SDR=10000, ADR=0, Rigid=1, Capture_Method=0
Stage 0: PT=0, T_stage=0.523500, bytes=0, T_capped=0
Stage 1: PT=6, T_stage=0.000000, bytes=33176880, T_capped=0
Group 1: Iters=10, Procs=896, Factors=1.000000, Dist=2, RM=0, SM=1, RS=0, SS=0, parents=448, children=0
Async_Iters: 0
T_iter: 0.936717 0.884057 0.957806 0.965887 0.937376 0.957705 0.954344 0.906712 1.045796 0.913972 
T_stage 0: 0.750392 0.745519 0.804494 0.790716 0.793784 0.790890 0.784269 0.785266 0.781613 0.781458 
T_stage 1: 0.186586 0.138714 0.158964 0.176174 0.143445 0.169419 0.170361 0.122928 0.256873 0.132555 
Config: granularity=100000, SDR=10000, ADR=0, Rigid=1, Capture_Method=0
Stage 0: PT=0, T_stage=0.523500, bytes=0, T_capped=0
Stage 1: PT=6, T_stage=0.000000, bytes=33176880, T_capped=0
Group 1: Iters=10, Procs=896, Factors=1.000000, Dist=2, RM=0, SM=1, RS=0, SS=0, parents=448, children=0
Async_Iters: 0
T_iter: 0.997661 0.943300 0.966100 1.024583 0.933621 0.945821 1.017985 0.981897 0.980918 1.018147 
T_stage 0: 0.818236 0.813087 0.836049 0.816826 0.819870 0.821730 0.824489 0.824126 0.847389 0.839214 
T_stage 1: 0.179491 0.130537 0.131313 0.204416 0.113946 0.125588 0.200599 0.159170 0.133722 0.177559 
Config: granularity=100000, SDR=10000, ADR=0, Rigid=1, Capture_Method=0
Stage 0: PT=0, T_stage=0.523500, bytes=0, T_capped=0
Stage 1: PT=6, T_stage=0.000000, bytes=33176880, T_capped=0
Group 1: Iters=10, Procs=896, Factors=1.000000, Dist=2, RM=0, SM=1, RS=0, SS=0, parents=448, children=0
Async_Iters: 0
T_iter: 0.954697 0.890175 0.904576 0.969803 0.925005 0.903592 0.862640 0.859191 0.876264 0.871770 
T_stage 0: 0.783347 0.769552 0.760111 0.757789 0.762710 0.749786 0.737820 0.737011 0.735610 0.741084 
T_stage 1: 0.171615 0.120928 0.145367 0.204842 0.162358 0.156532 0.125242 0.122860 0.140632 0.130757 
Config: granularity=100000, SDR=10000, ADR=0, Rigid=1, Capture_Method=0
Stage 0: PT=0, T_stage=0.523500, bytes=0, T_capped=0
Stage 1: PT=6, T_stage=0.000000, bytes=33176880, T_capped=0
Group 1: Iters=10, Procs=896, Factors=1.000000, Dist=2, RM=0, SM=1, RS=0, SS=0, parents=448, children=0
Async_Iters: 0
T_iter: 0.929715 0.877607 0.940753 0.969834 0.954420 0.930625 0.948439 0.935931 1.035052 0.953042 
T_stage 0: 0.771206 0.744974 0.821311 0.790279 0.820576 0.793366 0.812589 0.802729 0.789331 0.796186 
T_stage 1: 0.158428 0.132716 0.124777 0.179068 0.134156 0.139577 0.136441 0.133321 0.241422 0.156993 
Config: granularity=100000, SDR=10000, ADR=0, Rigid=1, Capture_Method=0
Stage 0: PT=0, T_stage=0.523500, bytes=0, T_capped=0
Stage 1: PT=6, T_stage=0.000000, bytes=33176880, T_capped=0
Group 1: Iters=10, Procs=896, Factors=1.000000, Dist=2, RM=0, SM=1, RS=0, SS=0, parents=448, children=0
Async_Iters: 0
T_iter: 0.908754 0.881793 0.921956 0.907257 0.918171 0.936229 0.936652 0.892153 0.922566 0.907639 
T_stage 0: 0.744973 0.743436 0.772565 0.767902 0.775663 0.771942 0.766135 0.766188 0.765872 0.768159 
T_stage 1: 0.164201 0.138622 0.154332 0.134735 0.142782 0.163218 0.171237 0.126351 0.156580 0.139634 
Config: granularity=100000, SDR=10000, ADR=0, Rigid=1, Capture_Method=0
Stage 0: PT=0, T_stage=0.523500, bytes=0, T_capped=0
Stage 1: PT=6, T_stage=0.000000, bytes=33176880, T_capped=0
Group 1: Iters=10, Procs=896, Factors=1.000000, Dist=2, RM=0, SM=1, RS=0, SS=0, parents=448, children=0
Async_Iters: 0
T_iter: 0.911284 0.909889 0.921686 0.982932 0.911172 0.923978 0.905090 0.895417 0.896098 0.886261 
T_stage 0: 0.741015 0.736214 0.795954 0.775569 0.769341 0.775559 0.762673 0.771885 0.758460 0.757502 
T_stage 1: 0.170119 0.173419 0.133162 0.205531 0.142081 0.150802 0.140987 0.123874 0.139869 0.129074 
Config: granularity=100000, SDR=10000, ADR=0, Rigid=1, Capture_Method=0
Stage 0: PT=0, T_stage=0.523500, bytes=0, T_capped=0
Stage 1: PT=6, T_stage=0.000000, bytes=33176880, T_capped=0
Group 1: Iters=10, Procs=896, Factors=1.000000, Dist=2, RM=0, SM=1, RS=0, SS=0, parents=448, children=0
Async_Iters: 0
T_iter: 0.907301 0.875363 0.932372 0.932314 0.936182 0.952971 0.889001 0.887221 0.949361 0.892761 
T_stage 0: 0.737624 0.737724 0.779267 0.768953 0.774533 0.768806 0.766982 0.765613 0.769773 0.769346 
T_stage 1: 0.169594 0.137824 0.161425 0.161439 0.162049 0.185953 0.123232 0.121609 0.183531 0.123584 
Config: granularity=100000, SDR=10000, ADR=0, Rigid=1, Capture_Method=0
Stage 0: PT=0, T_stage=0.523500, bytes=0, T_capped=0
Stage 1: PT=6, T_stage=0.000000, bytes=33176880, T_capped=0
Group 1: Iters=10, Procs=896, Factors=1.000000, Dist=2, RM=0, SM=1, RS=0, SS=0, parents=448, children=0
Async_Iters: 0
T_iter: 0.905405 0.881736 0.945660 0.953743 0.935879 0.929864 0.882764 0.892871 0.878300 0.894608 
T_stage 0: 0.725893 0.727120 0.786647 0.770319 0.776740 0.770366 0.763307 0.764202 0.762334 0.770107 
T_stage 1: 0.179377 0.154870 0.158929 0.182962 0.162944 0.163119 0.119916 0.128983 0.116573 0.128144 
Config: granularity=100000, SDR=10000, ADR=0, Rigid=1, Capture_Method=0
Stage 0: PT=0, T_stage=0.523500, bytes=0, T_capped=0
Stage 1: PT=6, T_stage=0.000000, bytes=33176880, T_capped=0
Group 1: Iters=10, Procs=896, Factors=1.000000, Dist=2, RM=0, SM=1, RS=0, SS=0, parents=448, children=0
Async_Iters: 0
T_iter: 1.016450 0.954417 0.977080 1.091759 1.116747 0.979563 0.982106 0.976639 0.974327 0.984921 
T_stage 0: 0.845201 0.828141 0.862313 0.885568 0.856534 0.857409 0.854728 0.852647 0.841565 0.844368 
T_stage 1: 0.171475 0.126542 0.115688 0.222096 0.260335 0.123014 0.126695 0.124395 0.134319 0.140836 
Config: granularity=100000, SDR=10000, ADR=0, Rigid=1, Capture_Method=0
Stage 0: PT=0, T_stage=0.523500, bytes=0, T_capped=0
Stage 1: PT=6, T_stage=0.000000, bytes=33176880, T_capped=0
Group 1: Iters=10, Procs=896, Factors=1.000000, Dist=2, RM=0, SM=1, RS=0, SS=0, parents=448, children=0
Async_Iters: 0
T_iter: 0.950413 0.942923 0.930088 0.964384 0.915586 0.991679 0.929109 0.905483 1.093553 1.017557 
T_stage 0: 0.755961 0.762668 0.801773 0.798908 0.790981 0.795569 0.785740 0.785815 0.785321 0.782032 
T_stage 1: 0.194023 0.180400 0.129623 0.165189 0.124970 0.195676 0.143871 0.120013 0.301231 0.230082 
Config: granularity=100000, SDR=10000, ADR=0, Rigid=1, Capture_Method=0
Stage 0: PT=0, T_stage=0.523500, bytes=0, T_capped=0
Stage 1: PT=6, T_stage=0.000000, bytes=33176880, T_capped=0
Group 1: Iters=10, Procs=896, Factors=1.000000, Dist=2, RM=0, SM=1, RS=0, SS=0, parents=448, children=0
Async_Iters: 0
T_iter: 0.898695 0.842534 0.926904 0.914157 0.912063 0.967677 1.068566 0.944002 1.004815 0.942187 
T_stage 0: 0.724822 0.720832 0.784569 0.773519 0.781548 0.778317 0.767005 0.767223 0.766342 0.766468 
T_stage 1: 0.173878 0.121800 0.145253 0.134997 0.131183 0.188860 0.296362 0.167118 0.231764 0.173478 
Config: granularity=100000, SDR=10000, ADR=0, Rigid=1, Capture_Method=0
Stage 0: PT=0, T_stage=0.523500, bytes=0, T_capped=0
Stage 1: PT=6, T_stage=0.000000, bytes=33176880, T_capped=0
Group 1: Iters=10, Procs=896, Factors=1.000000, Dist=2, RM=0, SM=1, RS=0, SS=0, parents=448, children=0
Async_Iters: 0
T_iter: 0.952149 0.910498 0.956390 1.132647 0.985173 1.024552 0.982486 0.964835 0.971458 1.008870 
T_stage 0: 0.787835 0.779695 0.830795 0.828361 0.845400 0.830690 0.816206 0.831052 0.837653 0.827294 
T_stage 1: 0.165315 0.131177 0.127335 0.304799 0.140125 0.180820 0.161847 0.133950 0.133855 0.186807 
Config: granularity=100000, SDR=10000, ADR=0, Rigid=1, Capture_Method=0
Stage 0: PT=0, T_stage=0.523500, bytes=0, T_capped=0
Stage 1: PT=6, T_stage=0.000000, bytes=33176880, T_capped=0
Group 1: Iters=10, Procs=896, Factors=1.000000, Dist=2, RM=0, SM=1, RS=0, SS=0, parents=448, children=0
Async_Iters: 0
T_iter: 0.961138 0.925355 0.956942 0.905660 0.909675 0.899721 0.914523 0.920096 0.906338 0.899029 
T_stage 0: 0.783659 0.791516 0.784975 0.780381 0.784380 0.778335 0.786678 0.775947 0.777937 0.773969 
T_stage 1: 0.177488 0.132291 0.178977 0.125483 0.129111 0.121600 0.130322 0.145995 0.128245 0.125083 
