Config: granularity=100000, SDR=10000, ADR=0, Rigid=1, Capture_Method=0
Stage 0: PT=0, T_stage=0.523500, bytes=0, T_capped=0
Stage 1: PT=6, T_stage=0.000000, bytes=33176880, T_capped=0
Group 1: Iters=10, Procs=896, Factors=1.000000, Dist=2, RM=0, SM=1, RS=0, SS=0, parents=2688, children=0
Async_Iters: 0
T_iter: 0.899932 0.843089 0.902647 0.894409 0.844193 0.849466 0.842147 0.866422 0.845593 0.865807 
T_stage 0: 0.718697 0.724125 0.726760 0.725774 0.719040 0.722265 0.718785 0.718891 0.719327 0.730738 
T_stage 1: 0.181028 0.119311 0.175585 0.168881 0.125596 0.127865 0.123827 0.146977 0.126633 0.135923 
Config: granularity=100000, SDR=10000, ADR=0, Rigid=1, Capture_Method=0
Stage 0: PT=0, T_stage=0.523500, bytes=0, T_capped=0
Stage 1: PT=6, T_stage=0.000000, bytes=33176880, T_capped=0
Group 1: Iters=10, Procs=896, Factors=1.000000, Dist=2, RM=0, SM=1, RS=0, SS=0, parents=2688, children=0
Async_Iters: 0
T_iter: 0.889923 0.861488 0.872145 0.882357 0.872174 0.860188 0.858131 0.900963 0.862928 0.926099 
T_stage 0: 0.731308 0.740627 0.743132 0.748518 0.746333 0.738736 0.735059 0.737551 0.732621 0.729869 
T_stage 1: 0.158449 0.121414 0.132517 0.137569 0.126684 0.125274 0.122503 0.167730 0.130721 0.196889 
Config: granularity=100000, SDR=10000, ADR=0, Rigid=1, Capture_Method=0
Stage 0: PT=0, T_stage=0.523500, bytes=0, T_capped=0
Stage 1: PT=6, T_stage=0.000000, bytes=33176880, T_capped=0
Group 1: Iters=10, Procs=896, Factors=1.000000, Dist=2, RM=0, SM=1, RS=0, SS=0, parents=2688, children=0
Async_Iters: 0
T_iter: 0.914419 0.900549 0.919950 0.895862 0.888222 0.899515 0.909837 0.906819 0.891720 1.043644 
T_stage 0: 0.759890 0.778696 0.769370 0.769426 0.769336 0.770663 0.766354 0.772597 0.764196 0.773151 
T_stage 1: 0.154391 0.122330 0.147956 0.125672 0.119351 0.129274 0.136456 0.134966 0.128097 0.274239 
Config: granularity=100000, SDR=10000, ADR=0, Rigid=1, Capture_Method=0
Stage 0: PT=0, T_stage=0.523500, bytes=0, T_capped=0
Stage 1: PT=6, T_stage=0.000000, bytes=33176880, T_capped=0
Group 1: Iters=10, Procs=896, Factors=1.000000, Dist=2, RM=0, SM=1, RS=0, SS=0, parents=2688, children=0
Async_Iters: 0
T_iter: 0.973395 0.931205 1.171765 0.946043 0.940301 0.925365 0.928085 0.920757 1.066304 0.943462 
T_stage 0: 0.796935 0.802653 0.810267 0.799435 0.802343 0.797589 0.798865 0.793753 0.798064 0.793283 
T_stage 1: 0.176391 0.128853 0.358896 0.146535 0.142188 0.127584 0.130753 0.127597 0.269676 0.151135 
Config: granularity=100000, SDR=10000, ADR=0, Rigid=1, Capture_Method=0
Stage 0: PT=0, T_stage=0.523500, bytes=0, T_capped=0
Stage 1: PT=6, T_stage=0.000000, bytes=33176880, T_capped=0
Group 1: Iters=10, Procs=896, Factors=1.000000, Dist=2, RM=0, SM=1, RS=0, SS=0, parents=2688, children=0
Async_Iters: 0
T_iter: 0.991923 0.986537 0.993393 0.958898 0.958049 0.986268 0.980869 0.947577 0.979033 0.936725 
T_stage 0: 0.822779 0.833099 0.838132 0.827859 0.826690 0.827171 0.827648 0.813229 0.817451 0.812631 
T_stage 1: 0.169166 0.149578 0.157065 0.130525 0.131865 0.157175 0.153876 0.137999 0.162780 0.129874 
Config: granularity=100000, SDR=10000, ADR=0, Rigid=1, Capture_Method=0
Stage 0: PT=0, T_stage=0.523500, bytes=0, T_capped=0
Stage 1: PT=6, T_stage=0.000000, bytes=33176880, T_capped=0
Group 1: Iters=10, Procs=896, Factors=1.000000, Dist=2, RM=0, SM=1, RS=0, SS=0, parents=2688, children=0
Async_Iters: 0
T_iter: 0.888891 0.857937 0.920517 0.883253 0.861523 0.859060 0.884835 0.863256 0.855478 0.972661 
T_stage 0: 0.732390 0.733333 0.740096 0.742215 0.735828 0.735062 0.729872 0.733328 0.729123 0.726974 
T_stage 1: 0.156446 0.125087 0.178022 0.142310 0.125594 0.125022 0.154714 0.130526 0.126747 0.235035 
Config: granularity=100000, SDR=10000, ADR=0, Rigid=1, Capture_Method=0
Stage 0: PT=0, T_stage=0.523500, bytes=0, T_capped=0
Stage 1: PT=6, T_stage=0.000000, bytes=33176880, T_capped=0
Group 1: Iters=10, Procs=896, Factors=1.000000, Dist=2, RM=0, SM=1, RS=0, SS=0, parents=2688, children=0
Async_Iters: 0
T_iter: 0.953966 0.967554 0.930709 0.929961 0.935585 0.974093 0.937358 0.921462 1.039641 0.979545 
T_stage 0: 0.800571 0.804557 0.802643 0.803259 0.799095 0.797853 0.803246 0.794827 0.804089 0.811976 
T_stage 1: 0.152672 0.162233 0.128014 0.126903 0.136968 0.173874 0.141499 0.126297 0.239661 0.167918 
Config: granularity=100000, SDR=10000, ADR=0, Rigid=1, Capture_Method=0
Stage 0: PT=0, T_stage=0.523500, bytes=0, T_capped=0
Stage 1: PT=6, T_stage=0.000000, bytes=33176880, T_capped=0
Group 1: Iters=10, Procs=896, Factors=1.000000, Dist=2, RM=0, SM=1, RS=0, SS=0, parents=2688, children=0
Async_Iters: 0
T_iter: 0.963053 0.903756 1.071775 0.941865 0.927211 0.956561 0.923813 0.911063 0.997149 0.902428 
T_stage 0: 0.779725 0.784264 0.788506 0.788471 0.786057 0.782516 0.782261 0.778059 0.779201 0.779166 
T_stage 1: 0.183264 0.119344 0.274375 0.154302 0.139151 0.174300 0.143138 0.133562 0.216798 0.124416 
Config: granularity=100000, SDR=10000, ADR=0, Rigid=1, Capture_Method=0
Stage 0: PT=0, T_stage=0.523500, bytes=0, T_capped=0
Stage 1: PT=6, T_stage=0.000000, bytes=33176880, T_capped=0
Group 1: Iters=10, Procs=896, Factors=1.000000, Dist=2, RM=0, SM=1, RS=0, SS=0, parents=2688, children=0
Async_Iters: 0
T_iter: 0.965389 0.913235 1.085072 0.920927 0.926058 0.929170 0.923179 0.909319 0.972347 0.930912 
T_stage 0: 0.782205 0.791279 0.800791 0.785467 0.791011 0.788909 0.790968 0.782459 0.784969 0.787823 
T_stage 1: 0.183104 0.122236 0.293593 0.136007 0.137509 0.143610 0.134743 0.127139 0.183168 0.142959 
Config: granularity=100000, SDR=10000, ADR=0, Rigid=1, Capture_Method=0
Stage 0: PT=0, T_stage=0.523500, bytes=0, T_capped=0
Stage 1: PT=6, T_stage=0.000000, bytes=33176880, T_capped=0
Group 1: Iters=10, Procs=896, Factors=1.000000, Dist=2, RM=0, SM=1, RS=0, SS=0, parents=2688, children=0
Async_Iters: 0
T_iter: 0.946328 0.905846 1.012414 0.923564 0.905909 0.903953 0.920993 0.922243 1.063066 0.940980 
T_stage 0: 0.778696 0.784696 0.790390 0.787767 0.790711 0.786373 0.787922 0.781803 0.787663 0.784035 
T_stage 1: 0.167576 0.121081 0.223578 0.136833 0.119256 0.117821 0.134695 0.141100 0.273326 0.157293 
Config: granularity=100000, SDR=10000, ADR=0, Rigid=1, Capture_Method=0
Stage 0: PT=0, T_stage=0.523500, bytes=0, T_capped=0
Stage 1: PT=6, T_stage=0.000000, bytes=33176880, T_capped=0
Group 1: Iters=10, Procs=896, Factors=1.000000, Dist=2, RM=0, SM=1, RS=0, SS=0, parents=2688, children=0
Async_Iters: 0
T_iter: 0.893235 0.860968 1.070535 0.875365 0.912603 0.881444 0.896626 0.875485 0.864588 0.870897 
T_stage 0: 0.731019 0.739310 0.747041 0.741141 0.733466 0.732179 0.739003 0.736778 0.732167 0.740308 
T_stage 1: 0.162104 0.122211 0.321093 0.135269 0.177017 0.149598 0.158240 0.142618 0.132817 0.135554 
Config: granularity=100000, SDR=10000, ADR=0, Rigid=1, Capture_Method=0
Stage 0: PT=0, T_stage=0.523500, bytes=0, T_capped=0
Stage 1: PT=6, T_stage=0.000000, bytes=33176880, T_capped=0
Group 1: Iters=10, Procs=896, Factors=1.000000, Dist=2, RM=0, SM=1, RS=0, SS=0, parents=2688, children=0
Async_Iters: 0
T_iter: 0.958606 0.940134 1.070077 1.008505 0.950642 0.965399 0.942954 0.932452 1.023513 0.941870 
T_stage 0: 0.797621 0.804136 0.806961 0.808057 0.807042 0.802688 0.806024 0.799075 0.802962 0.804343 
T_stage 1: 0.160887 0.136161 0.253163 0.200233 0.148216 0.162698 0.140965 0.133148 0.203057 0.137728 
Config: granularity=100000, SDR=10000, ADR=0, Rigid=1, Capture_Method=0
Stage 0: PT=0, T_stage=0.523500, bytes=0, T_capped=0
Stage 1: PT=6, T_stage=0.000000, bytes=33176880, T_capped=0
Group 1: Iters=10, Procs=896, Factors=1.000000, Dist=2, RM=0, SM=1, RS=0, SS=0, parents=2688, children=0
Async_Iters: 0
T_iter: 0.899802 0.880106 0.887653 0.901714 0.963645 0.871017 0.866041 0.864683 0.868052 0.897377 
T_stage 0: 0.739398 0.748371 0.752978 0.757171 0.748630 0.740663 0.740668 0.747004 0.737757 0.736236 
T_stage 1: 0.160320 0.131716 0.139860 0.150028 0.221801 0.129782 0.126139 0.120356 0.130934 0.158465 
Config: granularity=100000, SDR=10000, ADR=0, Rigid=1, Capture_Method=0
Stage 0: PT=0, T_stage=0.523500, bytes=0, T_capped=0
Stage 1: PT=6, T_stage=0.000000, bytes=33176880, T_capped=0
Group 1: Iters=10, Procs=896, Factors=1.000000, Dist=2, RM=0, SM=1, RS=0, SS=0, parents=2688, children=0
Async_Iters: 0
T_iter: 0.868847 0.854146 0.874387 0.853178 0.971853 0.887044 0.868583 0.872912 0.843306 0.847519 
T_stage 0: 0.721589 0.722097 0.724161 0.721796 0.734759 0.720423 0.724028 0.716909 0.717317 0.717990 
T_stage 1: 0.147554 0.131387 0.151291 0.132119 0.239368 0.166939 0.144899 0.156315 0.126310 0.129023 
Config: granularity=100000, SDR=10000, ADR=0, Rigid=1, Capture_Method=0
Stage 0: PT=0, T_stage=0.523500, bytes=0, T_capped=0
Stage 1: PT=6, T_stage=0.000000, bytes=33176880, T_capped=0
Group 1: Iters=10, Procs=896, Factors=1.000000, Dist=2, RM=0, SM=1, RS=0, SS=0, parents=2688, children=0
Async_Iters: 0
T_iter: 0.968338 0.991752 1.072247 0.940603 0.956646 0.974403 0.941981 0.942414 1.059720 0.933543 
T_stage 0: 0.814441 0.823660 0.835901 0.820667 0.806163 0.816492 0.818376 0.813389 0.822695 0.812487 
T_stage 1: 0.154295 0.167798 0.249706 0.121062 0.151512 0.158191 0.124170 0.129026 0.246310 0.121441 
Config: granularity=100000, SDR=10000, ADR=0, Rigid=1, Capture_Method=0
Stage 0: PT=0, T_stage=0.523500, bytes=0, T_capped=0
Stage 1: PT=6, T_stage=0.000000, bytes=33176880, T_capped=0
Group 1: Iters=10, Procs=896, Factors=1.000000, Dist=2, RM=0, SM=1, RS=0, SS=0, parents=2688, children=0
Async_Iters: 0
T_iter: 0.944038 0.875876 0.864831 0.900404 0.825703 0.834454 0.814970 0.841594 0.865494 0.820194 
T_stage 0: 0.752059 0.737334 0.731602 0.728800 0.684785 0.678285 0.677693 0.679005 0.677097 0.674432 
T_stage 1: 0.191635 0.142649 0.133590 0.171885 0.142272 0.153227 0.140980 0.160232 0.189172 0.145672 
Config: granularity=100000, SDR=10000, ADR=0, Rigid=1, Capture_Method=0
Stage 0: PT=0, T_stage=0.523500, bytes=0, T_capped=0
Stage 1: PT=6, T_stage=0.000000, bytes=33176880, T_capped=0
Group 1: Iters=10, Procs=896, Factors=1.000000, Dist=2, RM=0, SM=1, RS=0, SS=0, parents=2688, children=0
Async_Iters: 0
T_iter: 0.894717 0.861349 0.927760 0.864845 0.875321 0.853471 0.925880 0.882094 0.853700 0.846565 
T_stage 0: 0.727117 0.732709 0.746459 0.736167 0.735747 0.727454 0.731757 0.730179 0.723716 0.728807 
T_stage 1: 0.167514 0.129016 0.186880 0.133206 0.140373 0.125550 0.190936 0.155788 0.130393 0.118258 
Config: granularity=100000, SDR=10000, ADR=0, Rigid=1, Capture_Method=0
Stage 0: PT=0, T_stage=0.523500, bytes=0, T_capped=0
Stage 1: PT=6, T_stage=0.000000, bytes=33176880, T_capped=0
Group 1: Iters=10, Procs=896, Factors=1.000000, Dist=2, RM=0, SM=1, RS=0, SS=0, parents=2688, children=0
Async_Iters: 0
T_iter: 0.917526 0.880807 0.916545 0.933511 0.879457 0.897022 0.898866 0.891917 0.878047 1.034079 
T_stage 0: 0.743305 0.746988 0.748732 0.753053 0.746572 0.744847 0.742738 0.742122 0.741585 0.746380 
T_stage 1: 0.174093 0.134124 0.162595 0.181174 0.133160 0.151791 0.150178 0.150133 0.137020 0.289095 
Config: granularity=100000, SDR=10000, ADR=0, Rigid=1, Capture_Method=0
Stage 0: PT=0, T_stage=0.523500, bytes=0, T_capped=0
Stage 1: PT=6, T_stage=0.000000, bytes=33176880, T_capped=0
Group 1: Iters=10, Procs=896, Factors=1.000000, Dist=2, RM=0, SM=1, RS=0, SS=0, parents=2688, children=0
Async_Iters: 0
T_iter: 0.918383 0.890139 0.976792 0.891017 0.873703 0.885298 0.903022 0.880012 0.895282 0.972955 
T_stage 0: 0.738817 0.755666 0.748111 0.747528 0.742633 0.746667 0.748654 0.740945 0.743151 0.746038 
T_stage 1: 0.179506 0.135009 0.223363 0.143567 0.127312 0.139125 0.153579 0.139719 0.152867 0.233961 
Config: granularity=100000, SDR=10000, ADR=0, Rigid=1, Capture_Method=0
Stage 0: PT=0, T_stage=0.523500, bytes=0, T_capped=0
Stage 1: PT=6, T_stage=0.000000, bytes=33176880, T_capped=0
Group 1: Iters=10, Procs=896, Factors=1.000000, Dist=2, RM=0, SM=1, RS=0, SS=0, parents=2688, children=0
Async_Iters: 0
T_iter: 0.970104 0.960432 0.957138 0.952161 0.963174 1.003924 0.930161 0.966866 0.931578 0.943599 
T_stage 0: 0.810616 0.817919 0.818472 0.810215 0.817871 0.819050 0.806556 0.814518 0.804388 0.807928 
T_stage 1: 0.159971 0.141055 0.139062 0.141600 0.145819 0.186350 0.123454 0.158762 0.127513 0.136807 
