Config: granularity=100000, SDR=10000, ADR=0, Rigid=1, Capture_Method=0
Stage 0: PT=0, T_stage=0.523500, bytes=0, T_capped=0
Stage 1: PT=6, T_stage=0.000000, bytes=33176880, T_capped=0
Group 1: Iters=10, Procs=1792, Factors=1.000000, Dist=2, RM=0, SM=1, RS=0, SS=0, parents=112, children=0
Async_Iters: 0
T_iter: 0.879876 0.950640 0.847888 0.860856 0.860208 0.861149 0.845382 0.836517 0.826799 0.812970 
T_stage 0: 0.705869 0.710030 0.706920 0.708205 0.710917 0.708686 0.692663 0.701084 0.683853 0.681229 
T_stage 1: 0.173933 0.240134 0.141162 0.147867 0.149960 0.156812 0.151899 0.135878 0.144828 0.136089 
Config: granularity=100000, SDR=10000, ADR=0, Rigid=1, Capture_Method=0
Stage 0: PT=0, T_stage=0.523500, bytes=0, T_capped=0
Stage 1: PT=6, T_stage=0.000000, bytes=33176880, T_capped=0
Group 1: Iters=10, Procs=1792, Factors=1.000000, Dist=2, RM=0, SM=1, RS=0, SS=0, parents=112, children=0
Async_Iters: 0
T_iter: 0.925085 0.923849 0.970747 0.961581 0.887406 0.957227 0.907034 0.857079 0.858154 0.951637 
T_stage 0: 0.686631 0.685386 0.743557 0.726005 0.730489 0.719049 0.717441 0.724843 0.714770 0.721301 
T_stage 1: 0.239529 0.238732 0.236326 0.235464 0.157534 0.238326 0.189730 0.137149 0.140361 0.230614 
Config: granularity=100000, SDR=10000, ADR=0, Rigid=1, Capture_Method=0
Stage 0: PT=0, T_stage=0.523500, bytes=0, T_capped=0
Stage 1: PT=6, T_stage=0.000000, bytes=33176880, T_capped=0
Group 1: Iters=10, Procs=1792, Factors=1.000000, Dist=2, RM=0, SM=1, RS=0, SS=0, parents=112, children=0
Async_Iters: 0
T_iter: 0.890435 0.853847 1.000731 0.962031 0.882554 0.859280 0.870702 0.855927 0.875517 0.875025 
T_stage 0: 0.685863 0.680682 0.731153 0.724066 0.730086 0.722208 0.721055 0.721490 0.719665 0.723264 
T_stage 1: 0.204683 0.173259 0.279828 0.237769 0.153198 0.137286 0.149390 0.134527 0.156877 0.147743 
Config: granularity=100000, SDR=10000, ADR=0, Rigid=1, Capture_Method=0
Stage 0: PT=0, T_stage=0.523500, bytes=0, T_capped=0
Stage 1: PT=6, T_stage=0.000000, bytes=33176880, T_capped=0
Group 1: Iters=10, Procs=1792, Factors=1.000000, Dist=2, RM=0, SM=1, RS=0, SS=0, parents=112, children=0
Async_Iters: 0
T_iter: 0.865353 0.914274 0.993229 0.915544 0.900817 0.837623 0.859089 0.845585 0.863633 0.884096 
T_stage 0: 0.673807 0.672300 0.712993 0.711160 0.717366 0.710417 0.714559 0.710656 0.704583 0.715316 
T_stage 1: 0.191960 0.242760 0.281050 0.202658 0.184141 0.127822 0.149540 0.135058 0.159108 0.172789 
Config: granularity=100000, SDR=10000, ADR=0, Rigid=1, Capture_Method=0
Stage 0: PT=0, T_stage=0.523500, bytes=0, T_capped=0
Stage 1: PT=6, T_stage=0.000000, bytes=33176880, T_capped=0
Group 1: Iters=10, Procs=1792, Factors=1.000000, Dist=2, RM=0, SM=1, RS=0, SS=0, parents=112, children=0
Async_Iters: 0
T_iter: 0.929104 0.850781 0.980675 0.906096 0.967852 0.972676 0.893670 0.867919 0.847206 0.857687 
T_stage 0: 0.681325 0.680958 0.734738 0.728182 0.727565 0.720477 0.719622 0.724267 0.713621 0.716944 
T_stage 1: 0.247664 0.169772 0.249945 0.183992 0.240686 0.248114 0.171263 0.147052 0.133791 0.141025 
Config: granularity=100000, SDR=10000, ADR=0, Rigid=1, Capture_Method=0
Stage 0: PT=0, T_stage=0.523500, bytes=0, T_capped=0
Stage 1: PT=6, T_stage=0.000000, bytes=33176880, T_capped=0
Group 1: Iters=10, Procs=1792, Factors=1.000000, Dist=2, RM=0, SM=1, RS=0, SS=0, parents=112, children=0
Async_Iters: 0
T_iter: 0.952597 0.940272 0.907028 0.937185 0.906244 0.901927 0.977456 0.889208 0.879337 0.896261 
T_stage 0: 0.702488 0.699933 0.756062 0.741941 0.745749 0.740249 0.738132 0.738198 0.734814 0.738850 
T_stage 1: 0.250182 0.240309 0.152475 0.190688 0.161041 0.162066 0.237597 0.151238 0.141776 0.157703 
Config: granularity=100000, SDR=10000, ADR=0, Rigid=1, Capture_Method=0
Stage 0: PT=0, T_stage=0.523500, bytes=0, T_capped=0
Stage 1: PT=6, T_stage=0.000000, bytes=33176880, T_capped=0
Group 1: Iters=10, Procs=1792, Factors=1.000000, Dist=2, RM=0, SM=1, RS=0, SS=0, parents=112, children=0
Async_Iters: 0
T_iter: 0.993436 1.057720 1.011803 1.079336 1.047960 0.995361 1.010224 1.045358 1.036901 1.012763 
T_stage 0: 0.821390 0.819517 0.888613 0.888630 0.870146 0.868645 0.867438 0.864495 0.875686 0.868552 
T_stage 1: 0.172763 0.238627 0.124322 0.202646 0.178771 0.126780 0.143066 0.180991 0.161565 0.144557 
Config: granularity=100000, SDR=10000, ADR=0, Rigid=1, Capture_Method=0
Stage 0: PT=0, T_stage=0.523500, bytes=0, T_capped=0
Stage 1: PT=6, T_stage=0.000000, bytes=33176880, T_capped=0
Group 1: Iters=10, Procs=1792, Factors=1.000000, Dist=2, RM=0, SM=1, RS=0, SS=0, parents=112, children=0
Async_Iters: 0
T_iter: 1.015235 0.982562 0.990882 1.138404 1.018271 1.085565 0.974268 1.014850 0.996138 0.978598 
T_stage 0: 0.804176 0.804207 0.863163 0.855058 0.845441 0.843238 0.840612 0.837995 0.841291 0.814543 
T_stage 1: 0.211066 0.178580 0.129627 0.291481 0.174111 0.241749 0.133711 0.176981 0.155033 0.164437 
Config: granularity=100000, SDR=10000, ADR=0, Rigid=1, Capture_Method=0
Stage 0: PT=0, T_stage=0.523500, bytes=0, T_capped=0
Stage 1: PT=6, T_stage=0.000000, bytes=33176880, T_capped=0
Group 1: Iters=10, Procs=1792, Factors=1.000000, Dist=2, RM=0, SM=1, RS=0, SS=0, parents=112, children=0
Async_Iters: 0
T_iter: 0.892453 0.934305 0.918242 0.944753 0.907079 0.971532 0.872086 0.906181 0.904636 0.875280 
T_stage 0: 0.698656 0.695545 0.739783 0.737596 0.740882 0.731973 0.730874 0.731838 0.729230 0.732982 
T_stage 1: 0.193772 0.239134 0.184189 0.207395 0.166652 0.239759 0.141182 0.174626 0.175495 0.142829 
Config: granularity=100000, SDR=10000, ADR=0, Rigid=1, Capture_Method=0
Stage 0: PT=0, T_stage=0.523500, bytes=0, T_capped=0
Stage 1: PT=6, T_stage=0.000000, bytes=33176880, T_capped=0
Group 1: Iters=10, Procs=1792, Factors=1.000000, Dist=2, RM=0, SM=1, RS=0, SS=0, parents=112, children=0
Async_Iters: 0
T_iter: 0.916614 0.876809 0.937067 0.997661 0.935701 0.922840 0.927008 0.910249 0.919745 0.926049 
T_stage 0: 0.712686 0.709439 0.757763 0.749671 0.754037 0.742439 0.740975 0.742123 0.736708 0.742239 
T_stage 1: 0.203909 0.167448 0.184623 0.243008 0.182467 0.180689 0.185487 0.168377 0.175684 0.183968 
Config: granularity=100000, SDR=10000, ADR=0, Rigid=1, Capture_Method=0
Stage 0: PT=0, T_stage=0.523500, bytes=0, T_capped=0
Stage 1: PT=6, T_stage=0.000000, bytes=33176880, T_capped=0
Group 1: Iters=10, Procs=1792, Factors=1.000000, Dist=2, RM=0, SM=1, RS=0, SS=0, parents=112, children=0
Async_Iters: 0
T_iter: 1.030722 1.050298 0.997408 1.090040 1.021053 1.005282 0.996047 1.004979 1.019037 0.982807 
T_stage 0: 0.797047 0.809091 0.859524 0.857792 0.844566 0.842898 0.843589 0.841633 0.840222 0.840629 
T_stage 1: 0.234103 0.239288 0.138922 0.239754 0.182059 0.162618 0.154966 0.163521 0.179158 0.142180 
Config: granularity=100000, SDR=10000, ADR=0, Rigid=1, Capture_Method=0
Stage 0: PT=0, T_stage=0.523500, bytes=0, T_capped=0
Stage 1: PT=6, T_stage=0.000000, bytes=33176880, T_capped=0
Group 1: Iters=10, Procs=1792, Factors=1.000000, Dist=2, RM=0, SM=1, RS=0, SS=0, parents=112, children=0
Async_Iters: 0
T_iter: 0.993546 1.053296 1.003363 1.105198 1.032329 1.095109 1.009495 1.022157 1.011906 1.004871 
T_stage 0: 0.811802 0.813388 0.873819 0.866542 0.859413 0.856320 0.856879 0.854830 0.857858 0.849968 
T_stage 1: 0.182080 0.240035 0.131087 0.243735 0.176776 0.238886 0.152573 0.162720 0.154462 0.154851 
Config: granularity=100000, SDR=10000, ADR=0, Rigid=1, Capture_Method=0
Stage 0: PT=0, T_stage=0.523500, bytes=0, T_capped=0
Stage 1: PT=6, T_stage=0.000000, bytes=33176880, T_capped=0
Group 1: Iters=10, Procs=1792, Factors=1.000000, Dist=2, RM=0, SM=1, RS=0, SS=0, parents=112, children=0
Async_Iters: 0
T_iter: 0.999690 1.034014 1.038804 1.127721 1.007948 0.997208 1.030016 0.982506 1.098895 1.003960 
T_stage 0: 0.814818 0.814630 0.880190 0.883705 0.863704 0.861280 0.860711 0.856090 0.859466 0.847854 
T_stage 1: 0.184954 0.219493 0.159739 0.253962 0.144575 0.136235 0.170287 0.126424 0.239847 0.155479 
Config: granularity=100000, SDR=10000, ADR=0, Rigid=1, Capture_Method=0
Stage 0: PT=0, T_stage=0.523500, bytes=0, T_capped=0
Stage 1: PT=6, T_stage=0.000000, bytes=33176880, T_capped=0
Group 1: Iters=10, Procs=1792, Factors=1.000000, Dist=2, RM=0, SM=1, RS=0, SS=0, parents=112, children=0
Async_Iters: 0
T_iter: 1.129689 1.059549 1.104488 1.109042 1.070889 1.068279 1.082247 1.160171 1.100821 1.107530 
T_stage 0: 0.881351 0.878408 0.934670 0.932435 0.925290 0.925314 0.915837 0.935391 0.922743 0.917102 
T_stage 1: 0.248550 0.181416 0.171391 0.177324 0.145562 0.141657 0.166526 0.233846 0.182680 0.190917 
Config: granularity=100000, SDR=10000, ADR=0, Rigid=1, Capture_Method=0
Stage 0: PT=0, T_stage=0.523500, bytes=0, T_capped=0
Stage 1: PT=6, T_stage=0.000000, bytes=33176880, T_capped=0
Group 1: Iters=10, Procs=1792, Factors=1.000000, Dist=2, RM=0, SM=1, RS=0, SS=0, parents=112, children=0
Async_Iters: 0
T_iter: 0.971835 0.942225 0.993749 1.145443 1.064008 0.987549 1.016808 0.998396 0.969737 0.967665 
T_stage 0: 0.794193 0.792195 0.850830 0.841286 0.835639 0.837132 0.838450 0.830083 0.826837 0.815823 
T_stage 1: 0.177893 0.149968 0.144890 0.307214 0.227821 0.149639 0.180088 0.168348 0.143350 0.152303 
Config: granularity=100000, SDR=10000, ADR=0, Rigid=1, Capture_Method=0
Stage 0: PT=0, T_stage=0.523500, bytes=0, T_capped=0
Stage 1: PT=6, T_stage=0.000000, bytes=33176880, T_capped=0
Group 1: Iters=10, Procs=1792, Factors=1.000000, Dist=2, RM=0, SM=1, RS=0, SS=0, parents=112, children=0
Async_Iters: 0
T_iter: 0.961325 0.951093 0.994496 1.016145 0.981242 0.910301 0.958570 0.889207 1.046133 0.979472 
T_stage 0: 0.706595 0.707948 0.749364 0.745034 0.739680 0.744416 0.742640 0.740744 0.751169 0.735667 
T_stage 1: 0.254676 0.243471 0.248444 0.266031 0.241663 0.165884 0.215759 0.151297 0.304390 0.243946 
Config: granularity=100000, SDR=10000, ADR=0, Rigid=1, Capture_Method=0
Stage 0: PT=0, T_stage=0.523500, bytes=0, T_capped=0
Stage 1: PT=6, T_stage=0.000000, bytes=33176880, T_capped=0
Group 1: Iters=10, Procs=1792, Factors=1.000000, Dist=2, RM=0, SM=1, RS=0, SS=0, parents=112, children=0
Async_Iters: 0
T_iter: 1.021306 1.071492 1.139500 1.082113 1.036430 1.034552 1.006916 1.215533 1.108815 1.056535 
T_stage 0: 0.831274 0.831209 0.892082 0.876138 0.879644 0.873594 0.872416 0.866101 0.864773 0.862521 
T_stage 1: 0.189838 0.240538 0.248090 0.206950 0.156956 0.161072 0.134625 0.347206 0.244171 0.194438 
Config: granularity=100000, SDR=10000, ADR=0, Rigid=1, Capture_Method=0
Stage 0: PT=0, T_stage=0.523500, bytes=0, T_capped=0
Stage 1: PT=6, T_stage=0.000000, bytes=33176880, T_capped=0
Group 1: Iters=10, Procs=1792, Factors=1.000000, Dist=2, RM=0, SM=1, RS=0, SS=0, parents=112, children=0
Async_Iters: 0
T_iter: 1.049426 1.059732 1.019903 1.083010 1.091279 1.095586 0.992081 1.174560 1.089652 1.048709 
T_stage 0: 0.815266 0.815456 0.856762 0.859866 0.849237 0.849609 0.843509 0.846917 0.838346 0.840305 
T_stage 1: 0.234239 0.244386 0.165011 0.228307 0.241267 0.246176 0.148868 0.321746 0.251359 0.208829 
Config: granularity=100000, SDR=10000, ADR=0, Rigid=1, Capture_Method=0
Stage 0: PT=0, T_stage=0.523500, bytes=0, T_capped=0
Stage 1: PT=6, T_stage=0.000000, bytes=33176880, T_capped=0
Group 1: Iters=10, Procs=1792, Factors=1.000000, Dist=2, RM=0, SM=1, RS=0, SS=0, parents=112, children=0
Async_Iters: 0
T_iter: 1.074568 0.989768 1.016147 1.097339 0.991151 1.099581 1.002708 0.991062 0.984303 0.984935 
T_stage 0: 0.823395 0.834557 0.873913 0.870119 0.851700 0.860191 0.856535 0.849425 0.853676 0.846495 
T_stage 1: 0.251166 0.155440 0.143710 0.235759 0.139287 0.239892 0.148025 0.137423 0.130873 0.137963 
Config: granularity=100000, SDR=10000, ADR=0, Rigid=1, Capture_Method=0
Stage 0: PT=0, T_stage=0.523500, bytes=0, T_capped=0
Stage 1: PT=6, T_stage=0.000000, bytes=33176880, T_capped=0
Group 1: Iters=10, Procs=1792, Factors=1.000000, Dist=2, RM=0, SM=1, RS=0, SS=0, parents=112, children=0
Async_Iters: 0
T_iter: 0.898039 0.960243 0.954321 1.061205 0.952242 0.971348 0.963640 0.967974 0.950776 0.949571 
T_stage 0: 0.726655 0.723023 0.771403 0.763361 0.761175 0.762384 0.765180 0.758774 0.766371 0.753044 
T_stage 1: 0.171287 0.237164 0.183935 0.290642 0.190924 0.209193 0.199531 0.203364 0.189362 0.196582 
