Config: granularity=100000, SDR=10000, ADR=0, Rigid=1, Capture_Method=0
Stage 0: PT=0, T_stage=0.523500, bytes=0, T_capped=0
Stage 1: PT=6, T_stage=0.000000, bytes=33176880, T_capped=0
Group 1: Iters=10, Procs=1792, Factors=1.000000, Dist=2, RM=0, SM=1, RS=0, SS=0, parents=448, children=0
Async_Iters: 0
T_iter: 1.020952 1.063474 1.035949 1.018071 0.999167 0.977973 0.937093 1.012543 0.924863 0.982316 
T_stage 0: 0.804647 0.811441 0.811386 0.802643 0.799098 0.799314 0.798761 0.797904 0.796578 0.797713 
T_stage 1: 0.216164 0.252665 0.225922 0.217442 0.200629 0.180491 0.139916 0.214962 0.128547 0.185295 
Config: granularity=100000, SDR=10000, ADR=0, Rigid=1, Capture_Method=0
Stage 0: PT=0, T_stage=0.523500, bytes=0, T_capped=0
Stage 1: PT=6, T_stage=0.000000, bytes=33176880, T_capped=0
Group 1: Iters=10, Procs=1792, Factors=1.000000, Dist=2, RM=0, SM=1, RS=0, SS=0, parents=448, children=0
Async_Iters: 0
T_iter: 1.042206 1.002183 1.050288 0.984062 0.932444 0.952290 0.935466 0.983412 1.040008 0.944136 
T_stage 0: 0.791532 0.757425 0.816954 0.803177 0.792606 0.798962 0.792755 0.792175 0.802146 0.784456 
T_stage 1: 0.250828 0.242445 0.233624 0.192268 0.143592 0.153329 0.143088 0.191423 0.242407 0.160654 
Config: granularity=100000, SDR=10000, ADR=0, Rigid=1, Capture_Method=0
Stage 0: PT=0, T_stage=0.523500, bytes=0, T_capped=0
Stage 1: PT=6, T_stage=0.000000, bytes=33176880, T_capped=0
Group 1: Iters=10, Procs=1792, Factors=1.000000, Dist=2, RM=0, SM=1, RS=0, SS=0, parents=448, children=0
Async_Iters: 0
T_iter: 0.985879 0.904542 0.949090 1.128060 1.051613 0.927304 0.956592 0.999746 0.993604 0.953766 
T_stage 0: 0.757622 0.750703 0.808747 0.800701 0.793553 0.794421 0.796622 0.792763 0.802135 0.787819 
T_stage 1: 0.229005 0.154280 0.141342 0.331966 0.258426 0.133337 0.162570 0.209763 0.194531 0.165890 
Config: granularity=100000, SDR=10000, ADR=0, Rigid=1, Capture_Method=0
Stage 0: PT=0, T_stage=0.523500, bytes=0, T_capped=0
Stage 1: PT=6, T_stage=0.000000, bytes=33176880, T_capped=0
Group 1: Iters=10, Procs=1792, Factors=1.000000, Dist=2, RM=0, SM=1, RS=0, SS=0, parents=448, children=0
Async_Iters: 0
T_iter: 1.088189 1.004699 1.040495 1.040777 0.995991 1.000742 1.031332 0.994661 1.037658 1.018175 
T_stage 0: 0.839525 0.832325 0.879191 0.876430 0.872430 0.871616 0.870958 0.868548 0.873050 0.864622 
T_stage 1: 0.248736 0.172565 0.162773 0.164576 0.128606 0.129543 0.160691 0.127051 0.164605 0.152814 
Config: granularity=100000, SDR=10000, ADR=0, Rigid=1, Capture_Method=0
Stage 0: PT=0, T_stage=0.523500, bytes=0, T_capped=0
Stage 1: PT=6, T_stage=0.000000, bytes=33176880, T_capped=0
Group 1: Iters=10, Procs=1792, Factors=1.000000, Dist=2, RM=0, SM=1, RS=0, SS=0, parents=448, children=0
Async_Iters: 0
T_iter: 0.939271 0.981484 0.937087 1.124366 1.010386 0.951794 1.037961 1.014290 0.941803 0.959223 
T_stage 0: 0.746278 0.740008 0.802303 0.788073 0.783073 0.782670 0.787894 0.782832 0.787664 0.773858 
T_stage 1: 0.192603 0.241343 0.135992 0.332587 0.222868 0.168250 0.253797 0.236884 0.157978 0.185131 
Config: granularity=100000, SDR=10000, ADR=0, Rigid=1, Capture_Method=0
Stage 0: PT=0, T_stage=0.523500, bytes=0, T_capped=0
Stage 1: PT=6, T_stage=0.000000, bytes=33176880, T_capped=0
Group 1: Iters=10, Procs=1792, Factors=1.000000, Dist=2, RM=0, SM=1, RS=0, SS=0, parents=448, children=0
Async_Iters: 0
T_iter: 0.999531 0.927985 0.970058 1.093022 1.035662 0.992968 1.044252 0.978070 0.937391 0.933174 
T_stage 0: 0.765986 0.767078 0.815930 0.809584 0.798369 0.798083 0.802385 0.789885 0.793808 0.788111 
T_stage 1: 0.234037 0.161635 0.157855 0.291864 0.238901 0.194911 0.241370 0.186623 0.143782 0.144472 
Config: granularity=100000, SDR=10000, ADR=0, Rigid=1, Capture_Method=0
Stage 0: PT=0, T_stage=0.523500, bytes=0, T_capped=0
Stage 1: PT=6, T_stage=0.000000, bytes=33176880, T_capped=0
Group 1: Iters=10, Procs=1792, Factors=1.000000, Dist=2, RM=0, SM=1, RS=0, SS=0, parents=448, children=0
Async_Iters: 0
T_iter: 0.949918 0.961204 0.976679 1.072494 0.983979 0.989959 0.961230 0.990886 0.940911 0.936916 
T_stage 0: 0.727687 0.734335 0.771062 0.753737 0.772068 0.771761 0.779636 0.772430 0.776144 0.758107 
T_stage 1: 0.222825 0.226965 0.207220 0.325605 0.207340 0.218744 0.188479 0.222680 0.169070 0.181701 
Config: granularity=100000, SDR=10000, ADR=0, Rigid=1, Capture_Method=0
Stage 0: PT=0, T_stage=0.523500, bytes=0, T_capped=0
Stage 1: PT=6, T_stage=0.000000, bytes=33176880, T_capped=0
Group 1: Iters=10, Procs=1792, Factors=1.000000, Dist=2, RM=0, SM=1, RS=0, SS=0, parents=448, children=0
Async_Iters: 0
T_iter: 0.920511 0.981036 0.926883 1.119285 1.037030 1.019771 0.961506 0.971206 0.924639 0.958085 
T_stage 0: 0.742183 0.742631 0.799186 0.787217 0.785881 0.780140 0.787159 0.781636 0.781450 0.777922 
T_stage 1: 0.178546 0.238449 0.128885 0.327884 0.241561 0.239709 0.181392 0.194478 0.143582 0.180733 
Config: granularity=100000, SDR=10000, ADR=0, Rigid=1, Capture_Method=0
Stage 0: PT=0, T_stage=0.523500, bytes=0, T_capped=0
Stage 1: PT=6, T_stage=0.000000, bytes=33176880, T_capped=0
Group 1: Iters=10, Procs=1792, Factors=1.000000, Dist=2, RM=0, SM=1, RS=0, SS=0, parents=448, children=0
Async_Iters: 0
T_iter: 0.999486 0.980490 1.015854 1.104618 1.097809 1.007156 0.998867 1.003586 0.989328 0.976631 
T_stage 0: 0.821447 0.823958 0.878048 0.880352 0.858735 0.857060 0.858029 0.854365 0.856926 0.849394 
T_stage 1: 0.178528 0.156747 0.138171 0.237116 0.240329 0.150067 0.140916 0.149918 0.132311 0.126993 
Config: granularity=100000, SDR=10000, ADR=0, Rigid=1, Capture_Method=0
Stage 0: PT=0, T_stage=0.523500, bytes=0, T_capped=0
Stage 1: PT=6, T_stage=0.000000, bytes=33176880, T_capped=0
Group 1: Iters=10, Procs=1792, Factors=1.000000, Dist=2, RM=0, SM=1, RS=0, SS=0, parents=448, children=0
Async_Iters: 0
T_iter: 0.942957 1.002834 0.970385 1.104636 1.082634 0.949059 0.943422 0.976265 0.953665 1.030812 
T_stage 0: 0.761198 0.761874 0.819404 0.811220 0.800840 0.797573 0.796760 0.794416 0.800775 0.796396 
T_stage 1: 0.181688 0.241149 0.152466 0.297821 0.282085 0.151809 0.146943 0.180321 0.153004 0.238937 
Config: granularity=100000, SDR=10000, ADR=0, Rigid=1, Capture_Method=0
Stage 0: PT=0, T_stage=0.523500, bytes=0, T_capped=0
Stage 1: PT=6, T_stage=0.000000, bytes=33176880, T_capped=0
Group 1: Iters=10, Procs=1792, Factors=1.000000, Dist=2, RM=0, SM=1, RS=0, SS=0, parents=448, children=0
Async_Iters: 0
T_iter: 1.045538 1.022687 1.042081 1.044562 1.036953 1.015946 1.277049 2.580333 2.574109 2.665036 
T_stage 0: 0.836685 0.862751 0.894691 0.884418 0.886281 0.882079 1.144884 2.433890 2.420390 2.409214 
T_stage 1: 0.209067 0.160202 0.150373 0.160718 0.150504 0.134023 0.132741 0.146853 0.155155 0.252401 
Config: granularity=100000, SDR=10000, ADR=0, Rigid=1, Capture_Method=0
Stage 0: PT=0, T_stage=0.523500, bytes=0, T_capped=0
Stage 1: PT=6, T_stage=0.000000, bytes=33176880, T_capped=0
Group 1: Iters=10, Procs=1792, Factors=1.000000, Dist=2, RM=0, SM=1, RS=0, SS=0, parents=448, children=0
Async_Iters: 0
T_iter: 0.923049 0.899800 0.940342 1.112869 1.018806 0.942904 0.967532 0.942384 0.976025 1.005316 
T_stage 0: 0.747505 0.748815 0.795711 0.791494 0.788028 0.783171 0.785699 0.784099 0.797480 0.784621 
T_stage 1: 0.176318 0.151215 0.145629 0.307736 0.226179 0.159951 0.183501 0.157539 0.187728 0.224759 
Config: granularity=100000, SDR=10000, ADR=0, Rigid=1, Capture_Method=0
Stage 0: PT=0, T_stage=0.523500, bytes=0, T_capped=0
Stage 1: PT=6, T_stage=0.000000, bytes=33176880, T_capped=0
Group 1: Iters=10, Procs=1792, Factors=1.000000, Dist=2, RM=0, SM=1, RS=0, SS=0, parents=448, children=0
Async_Iters: 0
T_iter: 1.014568 1.007426 0.984232 1.090553 0.970714 1.032831 1.031593 1.050100 1.049518 0.982667 
T_stage 0: 0.767953 0.768150 0.823176 0.828095 0.811241 0.805931 0.813448 0.808033 0.807104 0.800585 
T_stage 1: 0.247401 0.239692 0.163783 0.275610 0.164264 0.226471 0.224790 0.244870 0.242824 0.184147 
Config: granularity=100000, SDR=10000, ADR=0, Rigid=1, Capture_Method=0
Stage 0: PT=0, T_stage=0.523500, bytes=0, T_capped=0
Stage 1: PT=6, T_stage=0.000000, bytes=33176880, T_capped=0
Group 1: Iters=10, Procs=1792, Factors=1.000000, Dist=2, RM=0, SM=1, RS=0, SS=0, parents=448, children=0
Async_Iters: 0
T_iter: 0.993026 0.950684 0.938239 1.079108 1.058797 0.943431 1.005513 2.646954 2.547924 2.573446 
T_stage 0: 0.743592 0.737561 0.796010 0.784452 0.779448 0.777518 0.784477 2.411483 2.392508 2.388925 
T_stage 1: 0.249262 0.213459 0.143735 0.298417 0.279244 0.165405 0.226327 0.236963 0.158545 0.185086 
Config: granularity=100000, SDR=10000, ADR=0, Rigid=1, Capture_Method=0
Stage 0: PT=0, T_stage=0.523500, bytes=0, T_capped=0
Stage 1: PT=6, T_stage=0.000000, bytes=33176880, T_capped=0
Group 1: Iters=10, Procs=1792, Factors=1.000000, Dist=2, RM=0, SM=1, RS=0, SS=0, parents=448, children=0
Async_Iters: 0
T_iter: 0.978922 0.999068 0.964685 0.945468 0.889985 0.897755 0.905769 0.891600 0.883662 0.930622 
T_stage 0: 0.744688 0.761217 0.749434 0.741319 0.750126 0.744849 0.750309 0.741649 0.730024 0.727412 
T_stage 1: 0.234268 0.238051 0.215549 0.200318 0.140405 0.153066 0.153529 0.154181 0.151709 0.199862 
Config: granularity=100000, SDR=10000, ADR=0, Rigid=1, Capture_Method=0
Stage 0: PT=0, T_stage=0.523500, bytes=0, T_capped=0
Stage 1: PT=6, T_stage=0.000000, bytes=33176880, T_capped=0
Group 1: Iters=10, Procs=1792, Factors=1.000000, Dist=2, RM=0, SM=1, RS=0, SS=0, parents=448, children=0
Async_Iters: 0
T_iter: 0.959775 0.902525 0.961874 1.025919 0.959524 1.021315 0.960048 1.028194 1.025962 1.031314 
T_stage 0: 0.734734 0.729577 0.787589 0.800061 0.777847 0.766226 0.783669 0.774682 0.771077 0.773639 
T_stage 1: 0.224899 0.172799 0.173424 0.240407 0.181909 0.254367 0.183187 0.252720 0.258569 0.261384 
Config: granularity=100000, SDR=10000, ADR=0, Rigid=1, Capture_Method=0
Stage 0: PT=0, T_stage=0.523500, bytes=0, T_capped=0
Stage 1: PT=6, T_stage=0.000000, bytes=33176880, T_capped=0
Group 1: Iters=10, Procs=1792, Factors=1.000000, Dist=2, RM=0, SM=1, RS=0, SS=0, parents=448, children=0
Async_Iters: 0
T_iter: 0.970723 0.894764 0.952123 1.123719 0.959444 0.957790 0.991678 1.022827 0.947698 0.929377 
T_stage 0: 0.745237 0.744448 0.783262 0.790619 0.781827 0.782100 0.784922 0.780439 0.785144 0.780814 
T_stage 1: 0.226396 0.150480 0.169879 0.337313 0.177745 0.175979 0.209585 0.240524 0.163434 0.151116 
Config: granularity=100000, SDR=10000, ADR=0, Rigid=1, Capture_Method=0
Stage 0: PT=0, T_stage=0.523500, bytes=0, T_capped=0
Stage 1: PT=6, T_stage=0.000000, bytes=33176880, T_capped=0
Group 1: Iters=10, Procs=1792, Factors=1.000000, Dist=2, RM=0, SM=1, RS=0, SS=0, parents=448, children=0
Async_Iters: 0
T_iter: 1.062199 0.956184 1.023211 1.071311 1.155991 1.038119 1.039192 1.173199 1.086090 1.080333 
T_stage 0: 0.818564 0.813098 0.870441 0.869334 0.850343 0.858444 0.854754 0.857924 0.838262 0.840985 
T_stage 1: 0.243233 0.143251 0.153960 0.199446 0.309016 0.177930 0.185096 0.322287 0.248219 0.239771 
Config: granularity=100000, SDR=10000, ADR=0, Rigid=1, Capture_Method=0
Stage 0: PT=0, T_stage=0.523500, bytes=0, T_capped=0
Stage 1: PT=6, T_stage=0.000000, bytes=33176880, T_capped=0
Group 1: Iters=10, Procs=1792, Factors=1.000000, Dist=2, RM=0, SM=1, RS=0, SS=0, parents=448, children=0
Async_Iters: 0
T_iter: 1.012298 0.979256 0.998490 1.077819 1.095771 1.002174 0.993404 1.107160 1.082884 1.077077 
T_stage 0: 0.806523 0.804356 0.857241 0.859565 0.850389 0.844114 0.829887 0.838370 0.844320 0.835153 
T_stage 1: 0.205813 0.175106 0.142438 0.226308 0.252929 0.158848 0.167590 0.257794 0.238753 0.242635 
Config: granularity=100000, SDR=10000, ADR=0, Rigid=1, Capture_Method=0
Stage 0: PT=0, T_stage=0.523500, bytes=0, T_capped=0
Stage 1: PT=6, T_stage=0.000000, bytes=33176880, T_capped=0
Group 1: Iters=10, Procs=1792, Factors=1.000000, Dist=2, RM=0, SM=1, RS=0, SS=0, parents=448, children=0
Async_Iters: 0
T_iter: 1.018083 0.987478 0.980753 0.995702 0.941750 0.910545 0.916009 0.919277 0.921912 0.910162 
T_stage 0: 0.764666 0.770689 0.775274 0.764860 0.761124 0.759470 0.768041 0.758214 0.759906 0.762042 
T_stage 1: 0.249734 0.214929 0.214958 0.233159 0.181503 0.149930 0.153638 0.156230 0.163448 0.150867 
