Config: granularity=100000, SDR=10000, ADR=0, Rigid=1, Capture_Method=0
Stage 0: PT=0, T_stage=0.523500, bytes=0, T_capped=0
Stage 1: PT=6, T_stage=0.000000, bytes=33176880, T_capped=0
Group 1: Iters=10, Procs=1792, Factors=1.000000, Dist=2, RM=0, SM=1, RS=0, SS=0, parents=896, children=0
Async_Iters: 0
T_iter: 1.036944 1.028822 0.996163 1.004828 1.015412 1.012583 1.004460 0.953473 0.978573 0.982873 
T_stage 0: 0.824636 0.825031 0.819676 0.824564 0.821861 0.820392 0.817694 0.814014 0.816581 0.816963 
T_stage 1: 0.212594 0.197604 0.174251 0.184879 0.195902 0.191084 0.181170 0.139363 0.165933 0.171162 
Config: granularity=100000, SDR=10000, ADR=0, Rigid=1, Capture_Method=0
Stage 0: PT=0, T_stage=0.523500, bytes=0, T_capped=0
Stage 1: PT=6, T_stage=0.000000, bytes=33176880, T_capped=0
Group 1: Iters=10, Procs=1792, Factors=1.000000, Dist=2, RM=0, SM=1, RS=0, SS=0, parents=896, children=0
Async_Iters: 0
T_iter: 0.917170 0.979797 1.045510 1.020923 0.981173 0.956930 0.940169 1.056607 0.997593 0.951380 
T_stage 0: 0.744754 0.742969 0.801122 0.794051 0.787219 0.786492 0.785695 0.788444 0.791218 0.779242 
T_stage 1: 0.172433 0.237146 0.245648 0.234488 0.193154 0.172970 0.155510 0.264945 0.209030 0.171909 
Config: granularity=100000, SDR=10000, ADR=0, Rigid=1, Capture_Method=0
Stage 0: PT=0, T_stage=0.523500, bytes=0, T_capped=0
Stage 1: PT=6, T_stage=0.000000, bytes=33176880, T_capped=0
Group 1: Iters=10, Procs=1792, Factors=1.000000, Dist=2, RM=0, SM=1, RS=0, SS=0, parents=896, children=0
Async_Iters: 0
T_iter: 0.942935 0.884234 0.942108 1.123082 0.963005 0.926262 0.975844 0.936493 1.024007 0.955672 
T_stage 0: 0.743466 0.736203 0.786907 0.779952 0.773552 0.772309 0.781381 0.776243 0.778734 0.768103 
T_stage 1: 0.199397 0.147790 0.156509 0.347026 0.189734 0.153868 0.202718 0.166349 0.248613 0.188230 
Config: granularity=100000, SDR=10000, ADR=0, Rigid=1, Capture_Method=0
Stage 0: PT=0, T_stage=0.523500, bytes=0, T_capped=0
Stage 1: PT=6, T_stage=0.000000, bytes=33176880, T_capped=0
Group 1: Iters=10, Procs=1792, Factors=1.000000, Dist=2, RM=0, SM=1, RS=0, SS=0, parents=896, children=0
Async_Iters: 0
T_iter: 0.900159 0.873994 0.908128 1.018021 0.919546 0.892590 0.894353 0.918655 1.035773 0.898568 
T_stage 0: 0.724483 0.726258 0.768296 0.757821 0.753375 0.761190 0.750234 0.747458 0.745944 0.747121 
T_stage 1: 0.175370 0.148016 0.142986 0.254365 0.165285 0.138954 0.143029 0.171539 0.282501 0.151839 
Config: granularity=100000, SDR=10000, ADR=0, Rigid=1, Capture_Method=0
Stage 0: PT=0, T_stage=0.523500, bytes=0, T_capped=0
Stage 1: PT=6, T_stage=0.000000, bytes=33176880, T_capped=0
Group 1: Iters=10, Procs=1792, Factors=1.000000, Dist=2, RM=0, SM=1, RS=0, SS=0, parents=896, children=0
Async_Iters: 0
T_iter: 0.982981 1.066784 1.096798 0.999361 1.012273 0.981125 1.009234 1.001092 1.052296 0.983366 
T_stage 0: 0.801972 0.820634 0.857042 0.858840 0.850260 0.848894 0.848025 0.844926 0.853181 0.842449 
T_stage 1: 0.181073 0.239764 0.237988 0.140776 0.162280 0.132405 0.161693 0.156918 0.200858 0.140618 
Config: granularity=100000, SDR=10000, ADR=0, Rigid=1, Capture_Method=0
Stage 0: PT=0, T_stage=0.523500, bytes=0, T_capped=0
Stage 1: PT=6, T_stage=0.000000, bytes=33176880, T_capped=0
Group 1: Iters=10, Procs=1792, Factors=1.000000, Dist=2, RM=0, SM=1, RS=0, SS=0, parents=896, children=0
Async_Iters: 0
T_iter: 0.997757 0.999760 1.024672 1.063533 1.139751 1.049036 1.002757 1.153408 1.103053 1.024591 
T_stage 0: 0.820491 0.831729 0.877283 0.881920 0.875602 0.868014 0.867717 0.867344 0.863339 0.849254 
T_stage 1: 0.177506 0.158355 0.148524 0.186406 0.267614 0.180444 0.134961 0.284854 0.240086 0.175507 
Config: granularity=100000, SDR=10000, ADR=0, Rigid=1, Capture_Method=0
Stage 0: PT=0, T_stage=0.523500, bytes=0, T_capped=0
Stage 1: PT=6, T_stage=0.000000, bytes=33176880, T_capped=0
Group 1: Iters=10, Procs=1792, Factors=1.000000, Dist=2, RM=0, SM=1, RS=0, SS=0, parents=896, children=0
Async_Iters: 0
T_iter: 1.076924 0.977446 0.992176 1.022513 1.041475 1.015734 1.004802 1.001872 0.993015 1.001032 
T_stage 0: 0.823810 0.819330 0.852543 0.858837 0.848387 0.847652 0.852558 0.844653 0.849072 0.843389 
T_stage 1: 0.253088 0.158352 0.140561 0.167336 0.192807 0.168411 0.157945 0.153733 0.144058 0.157359 
Config: granularity=100000, SDR=10000, ADR=0, Rigid=1, Capture_Method=0
Stage 0: PT=0, T_stage=0.523500, bytes=0, T_capped=0
Stage 1: PT=6, T_stage=0.000000, bytes=33176880, T_capped=0
Group 1: Iters=10, Procs=1792, Factors=1.000000, Dist=2, RM=0, SM=1, RS=0, SS=0, parents=896, children=0
Async_Iters: 0
T_iter: 1.045836 0.984237 1.032564 1.016446 1.059642 0.980829 0.982685 1.080912 0.993891 1.018959 
T_stage 0: 0.800278 0.797560 0.854073 0.857113 0.850337 0.845274 0.846486 0.842635 0.847703 0.840398 
T_stage 1: 0.245221 0.185791 0.181022 0.163415 0.214490 0.135928 0.136924 0.230898 0.146325 0.178707 
Config: granularity=100000, SDR=10000, ADR=0, Rigid=1, Capture_Method=0
Stage 0: PT=0, T_stage=0.523500, bytes=0, T_capped=0
Stage 1: PT=6, T_stage=0.000000, bytes=33176880, T_capped=0
Group 1: Iters=10, Procs=1792, Factors=1.000000, Dist=2, RM=0, SM=1, RS=0, SS=0, parents=896, children=0
Async_Iters: 0
T_iter: 0.964793 0.933281 0.927779 1.097314 0.971568 0.952632 1.011655 0.944786 0.950983 0.948846 
T_stage 0: 0.790543 0.788679 0.790239 0.801119 0.776677 0.781426 0.773839 0.787767 0.784033 0.771103 
T_stage 1: 0.174302 0.144837 0.138150 0.302168 0.194322 0.171319 0.240028 0.160974 0.169121 0.177907 
Config: granularity=100000, SDR=10000, ADR=0, Rigid=1, Capture_Method=0
Stage 0: PT=0, T_stage=0.523500, bytes=0, T_capped=0
Stage 1: PT=6, T_stage=0.000000, bytes=33176880, T_capped=0
Group 1: Iters=10, Procs=1792, Factors=1.000000, Dist=2, RM=0, SM=1, RS=0, SS=0, parents=896, children=0
Async_Iters: 0
T_iter: 0.909868 0.971464 1.008314 1.039416 1.017056 1.001353 0.946629 0.978126 1.000008 1.052715 
T_stage 0: 0.737695 0.730448 0.782240 0.776035 0.764955 0.764884 0.763987 0.761817 0.767195 0.765990 
T_stage 1: 0.171663 0.241062 0.226901 0.272764 0.251407 0.235773 0.182743 0.217248 0.232985 0.292875 
Config: granularity=100000, SDR=10000, ADR=0, Rigid=1, Capture_Method=0
Stage 0: PT=0, T_stage=0.523500, bytes=0, T_capped=0
Stage 1: PT=6, T_stage=0.000000, bytes=33176880, T_capped=0
Group 1: Iters=10, Procs=1792, Factors=1.000000, Dist=2, RM=0, SM=1, RS=0, SS=0, parents=896, children=0
Async_Iters: 0
T_iter: 1.063081 1.006491 1.105015 1.022911 1.071771 1.113013 1.049649 1.118594 1.079311 1.029994 
T_stage 0: 0.818674 0.842565 0.873427 0.874370 0.866512 0.871613 0.866013 0.879449 0.865023 0.860038 
T_stage 1: 0.244250 0.164085 0.233826 0.150002 0.205435 0.246272 0.183345 0.245663 0.215706 0.170316 
Config: granularity=100000, SDR=10000, ADR=0, Rigid=1, Capture_Method=0
Stage 0: PT=0, T_stage=0.523500, bytes=0, T_capped=0
Stage 1: PT=6, T_stage=0.000000, bytes=33176880, T_capped=0
Group 1: Iters=10, Procs=1792, Factors=1.000000, Dist=2, RM=0, SM=1, RS=0, SS=0, parents=896, children=0
Async_Iters: 0
T_iter: 0.926464 0.908090 0.969958 1.103496 0.974461 0.925883 0.998864 0.941644 0.940391 0.980451 
T_stage 0: 0.743562 0.743678 0.800804 0.791013 0.787108 0.785655 0.788284 0.782607 0.791445 0.789480 
T_stage 1: 0.182263 0.164309 0.170516 0.316343 0.187926 0.140973 0.214008 0.159822 0.147974 0.196224 
Config: granularity=100000, SDR=10000, ADR=0, Rigid=1, Capture_Method=0
Stage 0: PT=0, T_stage=0.523500, bytes=0, T_capped=0
Stage 1: PT=6, T_stage=0.000000, bytes=33176880, T_capped=0
Group 1: Iters=10, Procs=1792, Factors=1.000000, Dist=2, RM=0, SM=1, RS=0, SS=0, parents=896, children=0
Async_Iters: 0
T_iter: 0.995495 0.959615 1.024159 1.035566 1.020874 1.154749 1.081048 1.130597 1.080313 1.075221 
T_stage 0: 0.811765 0.814202 0.859586 0.859435 0.848102 0.848428 0.842921 0.836206 0.836910 0.834481 
T_stage 1: 0.183866 0.145545 0.164783 0.183151 0.177666 0.309639 0.240666 0.284123 0.242953 0.242480 
Config: granularity=100000, SDR=10000, ADR=0, Rigid=1, Capture_Method=0
Stage 0: PT=0, T_stage=0.523500, bytes=0, T_capped=0
Stage 1: PT=6, T_stage=0.000000, bytes=33176880, T_capped=0
Group 1: Iters=10, Procs=1792, Factors=1.000000, Dist=2, RM=0, SM=1, RS=0, SS=0, parents=896, children=0
Async_Iters: 0
T_iter: 0.940094 0.954678 0.995583 1.058770 1.059756 1.014092 0.934960 0.935490 0.956627 0.932453 
T_stage 0: 0.750131 0.754189 0.806845 0.797058 0.791517 0.789396 0.792561 0.788688 0.791179 0.783200 
T_stage 1: 0.189993 0.200666 0.190443 0.268384 0.265179 0.223797 0.145531 0.148507 0.163227 0.150204 
Config: granularity=100000, SDR=10000, ADR=0, Rigid=1, Capture_Method=0
Stage 0: PT=0, T_stage=0.523500, bytes=0, T_capped=0
Stage 1: PT=6, T_stage=0.000000, bytes=33176880, T_capped=0
Group 1: Iters=10, Procs=1792, Factors=1.000000, Dist=2, RM=0, SM=1, RS=0, SS=0, parents=896, children=0
Async_Iters: 0
T_iter: 1.076131 1.101434 1.054080 1.031285 1.049784 1.036366 1.017893 1.142931 1.069980 1.101573 
T_stage 0: 0.828352 0.857943 0.881969 0.876895 0.870475 0.866871 0.866556 0.870025 0.869649 0.860015 
T_stage 1: 0.248028 0.243370 0.174053 0.152346 0.179651 0.164650 0.151758 0.280708 0.206913 0.241807 
Config: granularity=100000, SDR=10000, ADR=0, Rigid=1, Capture_Method=0
Stage 0: PT=0, T_stage=0.523500, bytes=0, T_capped=0
Stage 1: PT=6, T_stage=0.000000, bytes=33176880, T_capped=0
Group 1: Iters=10, Procs=1792, Factors=1.000000, Dist=2, RM=0, SM=1, RS=0, SS=0, parents=896, children=0
Async_Iters: 0
T_iter: 1.019548 0.984438 1.005258 0.996498 0.967791 1.019208 0.977663 0.960756 0.933122 0.921609 
T_stage 0: 0.782302 0.824457 0.827120 0.817621 0.812455 0.793549 0.790388 0.817834 0.797990 0.794225 
T_stage 1: 0.237199 0.165513 0.182363 0.182058 0.154703 0.224354 0.187258 0.143328 0.136794 0.128103 
Config: granularity=100000, SDR=10000, ADR=0, Rigid=1, Capture_Method=0
Stage 0: PT=0, T_stage=0.523500, bytes=0, T_capped=0
Stage 1: PT=6, T_stage=0.000000, bytes=33176880, T_capped=0
Group 1: Iters=10, Procs=1792, Factors=1.000000, Dist=2, RM=0, SM=1, RS=0, SS=0, parents=896, children=0
Async_Iters: 0
T_iter: 0.979521 0.894029 0.918767 0.983180 0.910798 0.947453 0.933794 0.940872 1.017768 0.949695 
T_stage 0: 0.743373 0.741672 0.781430 0.752113 0.762074 0.768698 0.769773 0.769153 0.769798 0.767858 
T_stage 1: 0.236193 0.151866 0.138640 0.216096 0.156118 0.179179 0.161794 0.172361 0.252913 0.186240 
Config: granularity=100000, SDR=10000, ADR=0, Rigid=1, Capture_Method=0
Stage 0: PT=0, T_stage=0.523500, bytes=0, T_capped=0
Stage 1: PT=6, T_stage=0.000000, bytes=33176880, T_capped=0
Group 1: Iters=10, Procs=1792, Factors=1.000000, Dist=2, RM=0, SM=1, RS=0, SS=0, parents=896, children=0
Async_Iters: 0
T_iter: 1.142166 1.009084 1.084037 1.068735 1.054127 1.115011 0.997904 1.144720 1.080724 1.004714 
T_stage 0: 0.827520 0.847828 0.879014 0.877053 0.868722 0.872900 0.868261 0.873112 0.864190 0.862305 
T_stage 1: 0.314731 0.161451 0.206815 0.193796 0.185615 0.245372 0.128579 0.278113 0.217913 0.142539 
Config: granularity=100000, SDR=10000, ADR=0, Rigid=1, Capture_Method=0
Stage 0: PT=0, T_stage=0.523500, bytes=0, T_capped=0
Stage 1: PT=6, T_stage=0.000000, bytes=33176880, T_capped=0
Group 1: Iters=10, Procs=1792, Factors=1.000000, Dist=2, RM=0, SM=1, RS=0, SS=0, parents=896, children=0
Async_Iters: 0
T_iter: 0.999944 0.972287 1.028480 1.055034 1.071112 1.109560 1.024005 1.112743 1.033967 1.038889 
T_stage 0: 0.825984 0.827579 0.881338 0.881942 0.868279 0.873796 0.866067 0.853792 0.865120 0.862466 
T_stage 1: 0.174079 0.143089 0.148467 0.179235 0.204117 0.242714 0.156728 0.247807 0.168640 0.179989 
Config: granularity=100000, SDR=10000, ADR=0, Rigid=1, Capture_Method=0
Stage 0: PT=0, T_stage=0.523500, bytes=0, T_capped=0
Stage 1: PT=6, T_stage=0.000000, bytes=33176880, T_capped=0
Group 1: Iters=10, Procs=1792, Factors=1.000000, Dist=2, RM=0, SM=1, RS=0, SS=0, parents=896, children=0
Async_Iters: 0
T_iter: 0.991826 0.979876 0.987466 0.948896 0.949833 0.946424 0.891606 0.898586 0.938439 0.933354 
T_stage 0: 0.742355 0.742404 0.745187 0.754904 0.745668 0.741720 0.747342 0.737761 0.742509 0.737057 
T_stage 1: 0.249539 0.237662 0.243072 0.203684 0.205929 0.205545 0.149880 0.157902 0.200799 0.190377 
