Config loaded: R=1, S=2, granularity=100000, SDR=10000, ADR=0, Rigid=1, Capture_Method=0
Stage 0: PT=0, T_stage=0.523500, bytes=0, T_capped=0
Stage 1: PT=6, T_stage=0.000000, bytes=33176880, T_capped=0
Group 0: Iters=5, Procs=3584, Factors=1.000000, Dist=2, RM=0, SM=0, RS=0, SS=0
Group 1: Iters=10, Procs=1792, Factors=1.000000, Dist=2, RM=0, SM=1, RS=0, SS=0
T_spawn: 0.009445 
T_SR: 1.072809 
T_AR: 0.000000 
T_US: 0.134086 
T_Malleability: 2.458769 
T_total: 18.654073
Config loaded: R=1, S=2, granularity=100000, SDR=10000, ADR=0, Rigid=1, Capture_Method=0
Stage 0: PT=0, T_stage=0.523500, bytes=0, T_capped=0
Stage 1: PT=6, T_stage=0.000000, bytes=33176880, T_capped=0
Group 0: Iters=5, Procs=3584, Factors=1.000000, Dist=2, RM=0, SM=0, RS=0, SS=0
Group 1: Iters=10, Procs=1792, Factors=1.000000, Dist=2, RM=0, SM=1, RS=0, SS=0
T_spawn: 0.005881 
T_SR: 0.015053 
T_AR: 0.000000 
T_US: 0.142696 
T_Malleability: 0.436504 
T_total: 17.399679
Config loaded: R=1, S=2, granularity=100000, SDR=10000, ADR=0, Rigid=1, Capture_Method=0
Stage 0: PT=0, T_stage=0.523500, bytes=0, T_capped=0
Stage 1: PT=6, T_stage=0.000000, bytes=33176880, T_capped=0
Group 0: Iters=5, Procs=3584, Factors=1.000000, Dist=2, RM=0, SM=0, RS=0, SS=0
Group 1: Iters=10, Procs=1792, Factors=1.000000, Dist=2, RM=0, SM=1, RS=0, SS=0
T_spawn: 0.008137 
T_SR: 0.018029 
T_AR: 0.000000 
T_US: 0.123134 
T_Malleability: 0.383488 
T_total: 16.598064
Config loaded: R=1, S=2, granularity=100000, SDR=10000, ADR=0, Rigid=1, Capture_Method=0
Stage 0: PT=0, T_stage=0.523500, bytes=0, T_capped=0
Stage 1: PT=6, T_stage=0.000000, bytes=33176880, T_capped=0
Group 0: Iters=5, Procs=3584, Factors=1.000000, Dist=2, RM=0, SM=0, RS=0, SS=0
Group 1: Iters=10, Procs=1792, Factors=1.000000, Dist=2, RM=0, SM=1, RS=0, SS=0
T_spawn: 0.008858 
T_SR: 0.020152 
T_AR: 0.000000 
T_US: 0.122806 
T_Malleability: 0.380150 
T_total: 15.791283
Config loaded: R=1, S=2, granularity=100000, SDR=10000, ADR=0, Rigid=1, Capture_Method=0
Stage 0: PT=0, T_stage=0.523500, bytes=0, T_capped=0
Stage 1: PT=6, T_stage=0.000000, bytes=33176880, T_capped=0
Group 0: Iters=5, Procs=3584, Factors=1.000000, Dist=2, RM=0, SM=0, RS=0, SS=0
Group 1: Iters=10, Procs=1792, Factors=1.000000, Dist=2, RM=0, SM=1, RS=0, SS=0
T_spawn: 0.008543 
T_SR: 0.019280 
T_AR: 0.000000 
T_US: 0.159071 
T_Malleability: 0.422035 
T_total: 17.043146
Config loaded: R=1, S=2, granularity=100000, SDR=10000, ADR=0, Rigid=1, Capture_Method=0
Stage 0: PT=0, T_stage=0.523500, bytes=0, T_capped=0
Stage 1: PT=6, T_stage=0.000000, bytes=33176880, T_capped=0
Group 0: Iters=5, Procs=3584, Factors=1.000000, Dist=2, RM=0, SM=0, RS=0, SS=0
Group 1: Iters=10, Procs=1792, Factors=1.000000, Dist=2, RM=0, SM=1, RS=0, SS=0
T_spawn: 0.008605 
T_SR: 0.020147 
T_AR: 0.000000 
T_US: 0.125101 
T_Malleability: 0.381981 
T_total: 17.396305
Config loaded: R=1, S=2, granularity=100000, SDR=10000, ADR=0, Rigid=1, Capture_Method=0
Stage 0: PT=0, T_stage=0.523500, bytes=0, T_capped=0
Stage 1: PT=6, T_stage=0.000000, bytes=33176880, T_capped=0
Group 0: Iters=5, Procs=3584, Factors=1.000000, Dist=2, RM=0, SM=0, RS=0, SS=0
Group 1: Iters=10, Procs=1792, Factors=1.000000, Dist=2, RM=0, SM=1, RS=0, SS=0
T_spawn: 0.009102 
T_SR: 0.020938 
T_AR: 0.000000 
T_US: 0.144574 
T_Malleability: 0.403416 
T_total: 17.525499
Config loaded: R=1, S=2, granularity=100000, SDR=10000, ADR=0, Rigid=1, Capture_Method=0
Stage 0: PT=0, T_stage=0.523500, bytes=0, T_capped=0
Stage 1: PT=6, T_stage=0.000000, bytes=33176880, T_capped=0
Group 0: Iters=5, Procs=3584, Factors=1.000000, Dist=2, RM=0, SM=0, RS=0, SS=0
Group 1: Iters=10, Procs=1792, Factors=1.000000, Dist=2, RM=0, SM=1, RS=0, SS=0
T_spawn: 0.011139 
T_SR: 0.021694 
T_AR: 0.000000 
T_US: 0.139873 
T_Malleability: 0.391318 
T_total: 20.126288
Config loaded: R=1, S=2, granularity=100000, SDR=10000, ADR=0, Rigid=1, Capture_Method=0
Stage 0: PT=0, T_stage=0.523500, bytes=0, T_capped=0
Stage 1: PT=6, T_stage=0.000000, bytes=33176880, T_capped=0
Group 0: Iters=5, Procs=3584, Factors=1.000000, Dist=2, RM=0, SM=0, RS=0, SS=0
Group 1: Iters=10, Procs=1792, Factors=1.000000, Dist=2, RM=0, SM=1, RS=0, SS=0
T_spawn: 0.007008 
T_SR: 0.018619 
T_AR: 0.000000 
T_US: 0.163216 
T_Malleability: 0.509367 
T_total: 17.833492
Config loaded: R=1, S=2, granularity=100000, SDR=10000, ADR=0, Rigid=1, Capture_Method=0
Stage 0: PT=0, T_stage=0.523500, bytes=0, T_capped=0
Stage 1: PT=6, T_stage=0.000000, bytes=33176880, T_capped=0
Group 0: Iters=5, Procs=3584, Factors=1.000000, Dist=2, RM=0, SM=0, RS=0, SS=0
Group 1: Iters=10, Procs=1792, Factors=1.000000, Dist=2, RM=0, SM=1, RS=0, SS=0
T_spawn: 0.007813 
T_SR: 0.020528 
T_AR: 0.000000 
T_US: 0.135426 
T_Malleability: 0.407303 
T_total: 16.220906
Config loaded: R=1, S=2, granularity=100000, SDR=10000, ADR=0, Rigid=1, Capture_Method=0
Stage 0: PT=0, T_stage=0.523500, bytes=0, T_capped=0
Stage 1: PT=6, T_stage=0.000000, bytes=33176880, T_capped=0
Group 0: Iters=5, Procs=3584, Factors=1.000000, Dist=2, RM=0, SM=0, RS=0, SS=0
Group 1: Iters=10, Procs=1792, Factors=1.000000, Dist=2, RM=0, SM=1, RS=0, SS=0
T_spawn: 0.007975 
T_SR: 0.020871 
T_AR: 0.000000 
T_US: 0.131691 
T_Malleability: 0.382836 
T_total: 16.514687
Config loaded: R=1, S=2, granularity=100000, SDR=10000, ADR=0, Rigid=1, Capture_Method=0
Stage 0: PT=0, T_stage=0.523500, bytes=0, T_capped=0
Stage 1: PT=6, T_stage=0.000000, bytes=33176880, T_capped=0
Group 0: Iters=5, Procs=3584, Factors=1.000000, Dist=2, RM=0, SM=0, RS=0, SS=0
Group 1: Iters=10, Procs=1792, Factors=1.000000, Dist=2, RM=0, SM=1, RS=0, SS=0
T_spawn: 0.007930 
T_SR: 0.029126 
T_AR: 0.000000 
T_US: 0.159512 
T_Malleability: 0.470811 
T_total: 18.017776
Config loaded: R=1, S=2, granularity=100000, SDR=10000, ADR=0, Rigid=1, Capture_Method=0
Stage 0: PT=0, T_stage=0.523500, bytes=0, T_capped=0
Stage 1: PT=6, T_stage=0.000000, bytes=33176880, T_capped=0
Group 0: Iters=5, Procs=3584, Factors=1.000000, Dist=2, RM=0, SM=0, RS=0, SS=0
Group 1: Iters=10, Procs=1792, Factors=1.000000, Dist=2, RM=0, SM=1, RS=0, SS=0
T_spawn: 0.014130 
T_SR: 0.021035 
T_AR: 0.000000 
T_US: 0.137710 
T_Malleability: 0.401217 
T_total: 17.098481
Config loaded: R=1, S=2, granularity=100000, SDR=10000, ADR=0, Rigid=1, Capture_Method=0
Stage 0: PT=0, T_stage=0.523500, bytes=0, T_capped=0
Stage 1: PT=6, T_stage=0.000000, bytes=33176880, T_capped=0
Group 0: Iters=5, Procs=3584, Factors=1.000000, Dist=2, RM=0, SM=0, RS=0, SS=0
Group 1: Iters=10, Procs=1792, Factors=1.000000, Dist=2, RM=0, SM=1, RS=0, SS=0
T_spawn: 0.010611 
T_SR: 0.021503 
T_AR: 0.000000 
T_US: 0.130829 
T_Malleability: 0.375106 
T_total: 24.653729
Config loaded: R=1, S=2, granularity=100000, SDR=10000, ADR=0, Rigid=1, Capture_Method=0
Stage 0: PT=0, T_stage=0.523500, bytes=0, T_capped=0
Stage 1: PT=6, T_stage=0.000000, bytes=33176880, T_capped=0
Group 0: Iters=5, Procs=3584, Factors=1.000000, Dist=2, RM=0, SM=0, RS=0, SS=0
Group 1: Iters=10, Procs=1792, Factors=1.000000, Dist=2, RM=0, SM=1, RS=0, SS=0
T_spawn: 0.012117 
T_SR: 0.019843 
T_AR: 0.000000 
T_US: 0.109355 
T_Malleability: 0.357937 
T_total: 23.828091
Config loaded: R=1, S=2, granularity=100000, SDR=10000, ADR=0, Rigid=1, Capture_Method=0
Stage 0: PT=0, T_stage=0.523500, bytes=0, T_capped=0
Stage 1: PT=6, T_stage=0.000000, bytes=33176880, T_capped=0
Group 0: Iters=5, Procs=3584, Factors=1.000000, Dist=2, RM=0, SM=0, RS=0, SS=0
Group 1: Iters=10, Procs=1792, Factors=1.000000, Dist=2, RM=0, SM=1, RS=0, SS=0
T_spawn: 0.008900 
T_SR: 0.025296 
T_AR: 0.000000 
T_US: 0.118414 
T_Malleability: 0.369445 
T_total: 15.326388
Config loaded: R=1, S=2, granularity=100000, SDR=10000, ADR=0, Rigid=1, Capture_Method=0
Stage 0: PT=0, T_stage=0.523500, bytes=0, T_capped=0
Stage 1: PT=6, T_stage=0.000000, bytes=33176880, T_capped=0
Group 0: Iters=5, Procs=3584, Factors=1.000000, Dist=2, RM=0, SM=0, RS=0, SS=0
Group 1: Iters=10, Procs=1792, Factors=1.000000, Dist=2, RM=0, SM=1, RS=0, SS=0
T_spawn: 0.008348 
T_SR: 0.021441 
T_AR: 0.000000 
T_US: 0.123632 
T_Malleability: 0.378372 
T_total: 17.221753
Config loaded: R=1, S=2, granularity=100000, SDR=10000, ADR=0, Rigid=1, Capture_Method=0
Stage 0: PT=0, T_stage=0.523500, bytes=0, T_capped=0
Stage 1: PT=6, T_stage=0.000000, bytes=33176880, T_capped=0
Group 0: Iters=5, Procs=3584, Factors=1.000000, Dist=2, RM=0, SM=0, RS=0, SS=0
Group 1: Iters=10, Procs=1792, Factors=1.000000, Dist=2, RM=0, SM=1, RS=0, SS=0
T_spawn: 0.009645 
T_SR: 0.019358 
T_AR: 0.000000 
T_US: 0.116126 
T_Malleability: 0.369466 
T_total: 17.300221
Config loaded: R=1, S=2, granularity=100000, SDR=10000, ADR=0, Rigid=1, Capture_Method=0
Stage 0: PT=0, T_stage=0.523500, bytes=0, T_capped=0
Stage 1: PT=6, T_stage=0.000000, bytes=33176880, T_capped=0
Group 0: Iters=5, Procs=3584, Factors=1.000000, Dist=2, RM=0, SM=0, RS=0, SS=0
Group 1: Iters=10, Procs=1792, Factors=1.000000, Dist=2, RM=0, SM=1, RS=0, SS=0
T_spawn: 0.008051 
T_SR: 0.017227 
T_AR: 0.000000 
T_US: 0.146242 
T_Malleability: 0.415721 
T_total: 16.226015
Config loaded: R=1, S=2, granularity=100000, SDR=10000, ADR=0, Rigid=1, Capture_Method=0
Stage 0: PT=0, T_stage=0.523500, bytes=0, T_capped=0
Stage 1: PT=6, T_stage=0.000000, bytes=33176880, T_capped=0
Group 0: Iters=5, Procs=3584, Factors=1.000000, Dist=2, RM=0, SM=0, RS=0, SS=0
Group 1: Iters=10, Procs=1792, Factors=1.000000, Dist=2, RM=0, SM=1, RS=0, SS=0
T_spawn: 0.008441 
T_SR: 0.025856 
T_AR: 0.000000 
T_US: 0.131780 
T_Malleability: 0.393798 
T_total: 16.112877
