Config: granularity=100000, SDR=10000, ADR=0, Rigid=1, Capture_Method=0
Stage 0: PT=0, T_stage=0.523500, bytes=0, T_capped=0
Stage 1: PT=6, T_stage=0.000000, bytes=33176880, T_capped=0
Group 1: Iters=10, Procs=2688, Factors=1.000000, Dist=2, RM=0, SM=1, RS=0, SS=0, parents=112, children=0
Async_Iters: 0
T_iter: 1.190639 1.122067 1.162393 1.076030 1.123508 1.034404 1.150964 1.096358 1.029276 1.252758 
T_stage 0: 0.815766 0.810832 0.816140 0.809796 0.822932 0.802939 0.802835 0.808190 0.802160 0.806495 
T_stage 1: 0.370067 0.311560 0.349733 0.263312 0.307690 0.229935 0.348221 0.288227 0.226537 0.443114 
Config: granularity=100000, SDR=10000, ADR=0, Rigid=1, Capture_Method=0
Stage 0: PT=0, T_stage=0.523500, bytes=0, T_capped=0
Stage 1: PT=6, T_stage=0.000000, bytes=33176880, T_capped=0
Group 1: Iters=10, Procs=2688, Factors=1.000000, Dist=2, RM=0, SM=1, RS=0, SS=0, parents=112, children=0
Async_Iters: 0
T_iter: 1.185963 1.206699 1.080642 1.096497 1.112063 1.264653 1.215397 1.230909 1.078029 1.094457 
T_stage 0: 0.814717 0.813600 0.873618 0.864930 0.854413 0.873745 0.851519 0.869840 0.858140 0.856988 
T_stage 1: 0.372705 0.369774 0.209705 0.232275 0.256537 0.384346 0.363301 0.361220 0.219912 0.238068 
Config: granularity=100000, SDR=10000, ADR=0, Rigid=1, Capture_Method=0
Stage 0: PT=0, T_stage=0.523500, bytes=0, T_capped=0
Stage 1: PT=6, T_stage=0.000000, bytes=33176880, T_capped=0
Group 1: Iters=10, Procs=2688, Factors=1.000000, Dist=2, RM=0, SM=1, RS=0, SS=0, parents=112, children=0
Async_Iters: 0
T_iter: 1.105288 1.196570 1.101405 1.132030 1.107185 1.223569 1.062313 1.120850 1.200023 1.132758 
T_stage 0: 0.818526 0.829972 0.867330 0.864874 0.849527 0.845636 0.847511 0.859014 0.839271 0.838891 
T_stage 1: 0.287187 0.366096 0.227529 0.267434 0.257821 0.368248 0.215163 0.269593 0.360181 0.294411 
Config: granularity=100000, SDR=10000, ADR=0, Rigid=1, Capture_Method=0
Stage 0: PT=0, T_stage=0.523500, bytes=0, T_capped=0
Stage 1: PT=6, T_stage=0.000000, bytes=33176880, T_capped=0
Group 1: Iters=10, Procs=2688, Factors=1.000000, Dist=2, RM=0, SM=1, RS=0, SS=0, parents=112, children=0
Async_Iters: 0
T_iter: 1.167623 1.248945 1.163632 1.116090 1.087584 1.201850 1.168416 1.215725 1.175522 1.050406 
T_stage 0: 0.815044 0.820034 0.869336 0.862922 0.851830 0.852830 0.851801 0.855999 0.842244 0.840649 
T_stage 1: 0.352685 0.397888 0.287048 0.250610 0.236071 0.351726 0.314859 0.359238 0.332873 0.209895 
Config: granularity=100000, SDR=10000, ADR=0, Rigid=1, Capture_Method=0
Stage 0: PT=0, T_stage=0.523500, bytes=0, T_capped=0
Stage 1: PT=6, T_stage=0.000000, bytes=33176880, T_capped=0
Group 1: Iters=10, Procs=2688, Factors=1.000000, Dist=2, RM=0, SM=1, RS=0, SS=0, parents=112, children=0
Async_Iters: 0
T_iter: 0.952072 0.909880 0.958060 1.197646 1.021139 0.976995 1.074962 1.036231 1.012811 1.017969 
T_stage 0: 0.703263 0.703250 0.761597 0.752177 0.749183 0.740770 0.749362 0.741108 0.750471 0.735619 
T_stage 1: 0.249495 0.206668 0.201717 0.432981 0.253195 0.236044 0.330086 0.298004 0.267524 0.280947 
Config: granularity=100000, SDR=10000, ADR=0, Rigid=1, Capture_Method=0
Stage 0: PT=0, T_stage=0.523500, bytes=0, T_capped=0
Stage 1: PT=6, T_stage=0.000000, bytes=33176880, T_capped=0
Group 1: Iters=10, Procs=2688, Factors=1.000000, Dist=2, RM=0, SM=1, RS=0, SS=0, parents=112, children=0
Async_Iters: 0
T_iter: 1.077077 0.947213 1.000082 1.264116 1.083027 1.059473 0.952569 0.975417 0.995692 1.115206 
T_stage 0: 0.723307 0.720442 0.780455 0.774375 0.763277 0.759862 0.761433 0.758401 0.764327 0.756006 
T_stage 1: 0.354260 0.226660 0.223625 0.503250 0.316708 0.300273 0.193283 0.216010 0.232057 0.360419 
Config: granularity=100000, SDR=10000, ADR=0, Rigid=1, Capture_Method=0
Stage 0: PT=0, T_stage=0.523500, bytes=0, T_capped=0
Stage 1: PT=6, T_stage=0.000000, bytes=33176880, T_capped=0
Group 1: Iters=10, Procs=2688, Factors=1.000000, Dist=2, RM=0, SM=1, RS=0, SS=0, parents=112, children=0
Async_Iters: 0
T_iter: 0.965039 0.966355 0.959798 1.219717 1.067505 0.893202 0.974471 0.903847 1.087132 0.989238 
T_stage 0: 0.665245 0.662544 0.714879 0.706118 0.699080 0.697458 0.708021 0.699233 0.709582 0.700366 
T_stage 1: 0.299949 0.303983 0.248442 0.520418 0.364451 0.196213 0.273050 0.203795 0.386487 0.293289 
Config: granularity=100000, SDR=10000, ADR=0, Rigid=1, Capture_Method=0
Stage 0: PT=0, T_stage=0.523500, bytes=0, T_capped=0
Stage 1: PT=6, T_stage=0.000000, bytes=33176880, T_capped=0
Group 1: Iters=10, Procs=2688, Factors=1.000000, Dist=2, RM=0, SM=1, RS=0, SS=0, parents=112, children=0
Async_Iters: 0
T_iter: 1.022411 0.925138 0.965597 1.203552 1.092313 1.106088 1.084656 0.999701 1.035113 1.084241 
T_stage 0: 0.692160 0.689958 0.746747 0.745962 0.734212 0.746591 0.736124 0.730965 0.737236 0.728185 
T_stage 1: 0.330930 0.235045 0.222487 0.469494 0.358575 0.359635 0.348544 0.258150 0.298046 0.356010 
Config: granularity=100000, SDR=10000, ADR=0, Rigid=1, Capture_Method=0
Stage 0: PT=0, T_stage=0.523500, bytes=0, T_capped=0
Stage 1: PT=6, T_stage=0.000000, bytes=33176880, T_capped=0
Group 1: Iters=10, Procs=2688, Factors=1.000000, Dist=2, RM=0, SM=1, RS=0, SS=0, parents=112, children=0
Async_Iters: 0
T_iter: 1.041959 1.026075 0.967694 1.157273 0.997535 0.939433 0.939133 1.046847 1.062117 1.004156 
T_stage 0: 0.672855 0.668925 0.719688 0.714884 0.708513 0.709973 0.711674 0.696055 0.701624 0.690435 
T_stage 1: 0.369361 0.356966 0.248994 0.448459 0.282905 0.233251 0.228444 0.357400 0.365123 0.316029 
Config: granularity=100000, SDR=10000, ADR=0, Rigid=1, Capture_Method=0
Stage 0: PT=0, T_stage=0.523500, bytes=0, T_capped=0
Stage 1: PT=6, T_stage=0.000000, bytes=33176880, T_capped=0
Group 1: Iters=10, Procs=2688, Factors=1.000000, Dist=2, RM=0, SM=1, RS=0, SS=0, parents=112, children=0
Async_Iters: 0
T_iter: 1.030427 1.025086 1.065712 1.109680 1.026593 0.889401 0.988333 0.974311 0.937718 0.969356 
T_stage 0: 0.659769 0.661499 0.712199 0.715015 0.700958 0.701111 0.703712 0.698550 0.709958 0.701568 
T_stage 1: 0.371049 0.363673 0.356259 0.399500 0.314225 0.187431 0.289474 0.275815 0.234710 0.274134 
Config: granularity=100000, SDR=10000, ADR=0, Rigid=1, Capture_Method=0
Stage 0: PT=0, T_stage=0.523500, bytes=0, T_capped=0
Stage 1: PT=6, T_stage=0.000000, bytes=33176880, T_capped=0
Group 1: Iters=10, Procs=2688, Factors=1.000000, Dist=2, RM=0, SM=1, RS=0, SS=0, parents=112, children=0
Async_Iters: 0
T_iter: 1.128252 0.957157 1.041356 1.207870 1.038222 1.165249 1.017238 1.209750 1.139026 1.061929 
T_stage 0: 0.764479 0.743110 0.811825 0.812083 0.805121 0.798613 0.793630 0.774506 0.775223 0.765953 
T_stage 1: 0.363910 0.213955 0.232383 0.416379 0.238449 0.366834 0.228457 0.426689 0.364604 0.296783 
Config: granularity=100000, SDR=10000, ADR=0, Rigid=1, Capture_Method=0
Stage 0: PT=0, T_stage=0.523500, bytes=0, T_capped=0
Stage 1: PT=6, T_stage=0.000000, bytes=33176880, T_capped=0
Group 1: Iters=10, Procs=2688, Factors=1.000000, Dist=2, RM=0, SM=1, RS=0, SS=0, parents=112, children=0
Async_Iters: 0
T_iter: 1.095248 1.198052 1.127393 1.084709 1.079468 1.159223 2.753726 2.808998 2.852215 2.775241 
T_stage 0: 0.829516 0.837911 0.884202 0.886712 0.874639 0.872694 2.489952 2.481526 2.492514 2.478814 
T_stage 1: 0.266618 0.360515 0.246722 0.199600 0.205081 0.277710 0.264699 0.324936 0.363769 0.292527 
Config: granularity=100000, SDR=10000, ADR=0, Rigid=1, Capture_Method=0
Stage 0: PT=0, T_stage=0.523500, bytes=0, T_capped=0
Stage 1: PT=6, T_stage=0.000000, bytes=33176880, T_capped=0
Group 1: Iters=10, Procs=2688, Factors=1.000000, Dist=2, RM=0, SM=1, RS=0, SS=0, parents=112, children=0
Async_Iters: 0
T_iter: 0.983308 1.065980 1.121067 1.055384 1.109689 0.957894 0.994479 1.122235 1.022014 1.083036 
T_stage 0: 0.713664 0.709700 0.757251 0.775068 0.753232 0.749414 0.749954 0.744235 0.756101 0.741252 
T_stage 1: 0.269920 0.356325 0.367508 0.298713 0.361120 0.210360 0.244840 0.368121 0.266601 0.341669 
Config: granularity=100000, SDR=10000, ADR=0, Rigid=1, Capture_Method=0
Stage 0: PT=0, T_stage=0.523500, bytes=0, T_capped=0
Stage 1: PT=6, T_stage=0.000000, bytes=33176880, T_capped=0
Group 1: Iters=10, Procs=2688, Factors=1.000000, Dist=2, RM=0, SM=1, RS=0, SS=0, parents=112, children=0
Async_Iters: 0
T_iter: 1.170434 1.235751 1.066877 1.157263 1.210866 1.181866 1.152673 1.208140 1.107564 1.032151 
T_stage 0: 0.796498 0.795142 0.855785 0.855779 0.850478 0.845540 0.834505 0.844128 0.831341 0.830915 
T_stage 1: 0.374079 0.419762 0.213608 0.303443 0.361990 0.341851 0.319158 0.364116 0.275855 0.201519 
Config: granularity=100000, SDR=10000, ADR=0, Rigid=1, Capture_Method=0
Stage 0: PT=0, T_stage=0.523500, bytes=0, T_capped=0
Stage 1: PT=6, T_stage=0.000000, bytes=33176880, T_capped=0
Group 1: Iters=10, Procs=2688, Factors=1.000000, Dist=2, RM=0, SM=1, RS=0, SS=0, parents=112, children=0
Async_Iters: 0
T_iter: 1.082613 0.979385 0.974682 1.167136 1.024574 0.969067 0.984330 1.054662 1.118778 0.966026 
T_stage 0: 0.713150 0.708654 0.771154 0.773147 0.751878 0.750716 0.753716 0.753185 0.756879 0.744898 
T_stage 1: 0.369858 0.270947 0.206289 0.409803 0.272850 0.216790 0.224733 0.303466 0.362769 0.220603 
Config: granularity=100000, SDR=10000, ADR=0, Rigid=1, Capture_Method=0
Stage 0: PT=0, T_stage=0.523500, bytes=0, T_capped=0
Stage 1: PT=6, T_stage=0.000000, bytes=33176880, T_capped=0
Group 1: Iters=10, Procs=2688, Factors=1.000000, Dist=2, RM=0, SM=1, RS=0, SS=0, parents=112, children=0
Async_Iters: 0
T_iter: 1.168658 0.906206 0.966684 1.197532 0.981965 0.919293 0.967221 1.025752 1.011457 1.023052 
T_stage 0: 0.670776 0.681719 0.730852 0.718463 0.718492 0.718957 0.719447 0.713956 0.725162 0.705320 
T_stage 1: 0.498766 0.224674 0.237848 0.483499 0.258679 0.203268 0.254880 0.312675 0.295207 0.314828 
Config: granularity=100000, SDR=10000, ADR=0, Rigid=1, Capture_Method=0
Stage 0: PT=0, T_stage=0.523500, bytes=0, T_capped=0
Stage 1: PT=6, T_stage=0.000000, bytes=33176880, T_capped=0
Group 1: Iters=10, Procs=2688, Factors=1.000000, Dist=2, RM=0, SM=1, RS=0, SS=0, parents=112, children=0
Async_Iters: 0
T_iter: 1.052888 1.049512 0.939335 1.249514 1.050498 0.966932 0.909694 0.933725 0.948949 0.994948 
T_stage 0: 0.686068 0.688330 0.723236 0.727445 0.716806 0.712284 0.712949 0.710878 0.721016 0.709992 
T_stage 1: 0.367069 0.361563 0.218592 0.536676 0.338083 0.254197 0.196863 0.222872 0.228325 0.287007 
Config: granularity=100000, SDR=10000, ADR=0, Rigid=1, Capture_Method=0
Stage 0: PT=0, T_stage=0.523500, bytes=0, T_capped=0
Stage 1: PT=6, T_stage=0.000000, bytes=33176880, T_capped=0
Group 1: Iters=10, Procs=2688, Factors=1.000000, Dist=2, RM=0, SM=1, RS=0, SS=0, parents=112, children=0
Async_Iters: 0
T_iter: 1.068143 1.067905 1.072957 1.016023 0.915996 0.922647 0.906141 0.973762 1.077890 1.020380 
T_stage 0: 0.697150 0.699280 0.707797 0.711141 0.697616 0.690373 0.695869 0.696445 0.693277 0.690191 
T_stage 1: 0.365148 0.363835 0.373196 0.300355 0.222516 0.225608 0.215295 0.274527 0.386663 0.326792 
Config: granularity=100000, SDR=10000, ADR=0, Rigid=1, Capture_Method=0
Stage 0: PT=0, T_stage=0.523500, bytes=0, T_capped=0
Stage 1: PT=6, T_stage=0.000000, bytes=33176880, T_capped=0
Group 1: Iters=10, Procs=2688, Factors=1.000000, Dist=2, RM=0, SM=1, RS=0, SS=0, parents=112, children=0
Async_Iters: 0
T_iter: 1.193018 1.055187 1.212577 1.207797 1.096128 1.246096 1.069923 1.223336 1.207724 1.115096 
T_stage 0: 0.815327 0.818623 0.851142 0.860337 0.857384 0.853854 0.850634 0.861209 0.846065 0.835349 
T_stage 1: 0.378231 0.236502 0.364590 0.348428 0.238880 0.389056 0.218402 0.366239 0.360962 0.280219 
Config: granularity=100000, SDR=10000, ADR=0, Rigid=1, Capture_Method=0
Stage 0: PT=0, T_stage=0.523500, bytes=0, T_capped=0
Stage 1: PT=6, T_stage=0.000000, bytes=33176880, T_capped=0
Group 1: Iters=10, Procs=2688, Factors=1.000000, Dist=2, RM=0, SM=1, RS=0, SS=0, parents=112, children=0
Async_Iters: 0
T_iter: 1.115826 1.101930 1.103783 1.063063 1.141984 1.017382 2.484525 2.538331 2.688714 2.530975 
T_stage 0: 0.741734 0.738172 0.780467 0.782944 0.775565 0.768783 2.191368 2.324600 2.323397 2.313678 
T_stage 1: 0.374713 0.359324 0.325123 0.281050 0.368724 0.249091 0.299683 0.215719 0.366503 0.218292 
