Config loaded: R=1, S=2, granularity=100000, SDR=10000, ADR=0, Rigid=1, Capture_Method=0
Stage 0: PT=0, T_stage=0.523500, bytes=0, T_capped=0
Stage 1: PT=6, T_stage=0.000000, bytes=33176880, T_capped=0
Group 0: Iters=5, Procs=112, Factors=1.000000, Dist=2, RM=0, SM=0, RS=0, SS=0
Group 1: Iters=10, Procs=2688, Factors=1.000000, Dist=2, RM=0, SM=1, RS=0, SS=0
T_spawn: 15.154840 
T_SR: 1.037821 
T_AR: 0.000000 
T_US: 0.004880 
T_Malleability: 16.225016 
T_total: 30.869727
Config loaded: R=1, S=2, granularity=100000, SDR=10000, ADR=0, Rigid=1, Capture_Method=0
Stage 0: PT=0, T_stage=0.523500, bytes=0, T_capped=0
Stage 1: PT=6, T_stage=0.000000, bytes=33176880, T_capped=0
Group 0: Iters=5, Procs=112, Factors=1.000000, Dist=2, RM=0, SM=0, RS=0, SS=0
Group 1: Iters=10, Procs=2688, Factors=1.000000, Dist=2, RM=0, SM=1, RS=0, SS=0
T_spawn: 10.751424 
T_SR: 0.027314 
T_AR: 0.000000 
T_US: 0.003213 
T_Malleability: 10.797756 
T_total: 26.649108
Config loaded: R=1, S=2, granularity=100000, SDR=10000, ADR=0, Rigid=1, Capture_Method=0
Stage 0: PT=0, T_stage=0.523500, bytes=0, T_capped=0
Stage 1: PT=6, T_stage=0.000000, bytes=33176880, T_capped=0
Group 0: Iters=5, Procs=112, Factors=1.000000, Dist=2, RM=0, SM=0, RS=0, SS=0
Group 1: Iters=10, Procs=2688, Factors=1.000000, Dist=2, RM=0, SM=1, RS=0, SS=0
T_spawn: 11.793995 
T_SR: 0.024525 
T_AR: 0.000000 
T_US: 0.006808 
T_Malleability: 11.833099 
T_total: 27.572763
Config loaded: R=1, S=2, granularity=100000, SDR=10000, ADR=0, Rigid=1, Capture_Method=0
Stage 0: PT=0, T_stage=0.523500, bytes=0, T_capped=0
Stage 1: PT=6, T_stage=0.000000, bytes=33176880, T_capped=0
Group 0: Iters=5, Procs=112, Factors=1.000000, Dist=2, RM=0, SM=0, RS=0, SS=0
Group 1: Iters=10, Procs=2688, Factors=1.000000, Dist=2, RM=0, SM=1, RS=0, SS=0
T_spawn: 11.957342 
T_SR: 0.027119 
T_AR: 0.000000 
T_US: 0.003465 
T_Malleability: 11.995850 
T_total: 27.991594
Config loaded: R=1, S=2, granularity=100000, SDR=10000, ADR=0, Rigid=1, Capture_Method=0
Stage 0: PT=0, T_stage=0.523500, bytes=0, T_capped=0
Stage 1: PT=6, T_stage=0.000000, bytes=33176880, T_capped=0
Group 0: Iters=5, Procs=112, Factors=1.000000, Dist=2, RM=0, SM=0, RS=0, SS=0
Group 1: Iters=10, Procs=2688, Factors=1.000000, Dist=2, RM=0, SM=1, RS=0, SS=0
T_spawn: 11.464254 
T_SR: 0.031518 
T_AR: 0.000000 
T_US: 0.003736 
T_Malleability: 11.512650 
T_total: 25.337415
Config loaded: R=1, S=2, granularity=100000, SDR=10000, ADR=0, Rigid=1, Capture_Method=0
Stage 0: PT=0, T_stage=0.523500, bytes=0, T_capped=0
Stage 1: PT=6, T_stage=0.000000, bytes=33176880, T_capped=0
Group 0: Iters=5, Procs=112, Factors=1.000000, Dist=2, RM=0, SM=0, RS=0, SS=0
Group 1: Iters=10, Procs=2688, Factors=1.000000, Dist=2, RM=0, SM=1, RS=0, SS=0
T_spawn: 11.723165 
T_SR: 0.027605 
T_AR: 0.000000 
T_US: 0.005984 
T_Malleability: 11.766635 
T_total: 25.412517
Config loaded: R=1, S=2, granularity=100000, SDR=10000, ADR=0, Rigid=1, Capture_Method=0
Stage 0: PT=0, T_stage=0.523500, bytes=0, T_capped=0
Stage 1: PT=6, T_stage=0.000000, bytes=33176880, T_capped=0
Group 0: Iters=5, Procs=112, Factors=1.000000, Dist=2, RM=0, SM=0, RS=0, SS=0
Group 1: Iters=10, Procs=2688, Factors=1.000000, Dist=2, RM=0, SM=1, RS=0, SS=0
T_spawn: 11.616962 
T_SR: 0.028022 
T_AR: 0.000000 
T_US: 0.003473 
T_Malleability: 11.657772 
T_total: 25.101149
Config loaded: R=1, S=2, granularity=100000, SDR=10000, ADR=0, Rigid=1, Capture_Method=0
Stage 0: PT=0, T_stage=0.523500, bytes=0, T_capped=0
Stage 1: PT=6, T_stage=0.000000, bytes=33176880, T_capped=0
Group 0: Iters=5, Procs=112, Factors=1.000000, Dist=2, RM=0, SM=0, RS=0, SS=0
Group 1: Iters=10, Procs=2688, Factors=1.000000, Dist=2, RM=0, SM=1, RS=0, SS=0
T_spawn: 11.970324 
T_SR: 0.031702 
T_AR: 0.000000 
T_US: 0.003423 
T_Malleability: 12.012611 
T_total: 25.993636
Config loaded: R=1, S=2, granularity=100000, SDR=10000, ADR=0, Rigid=1, Capture_Method=0
Stage 0: PT=0, T_stage=0.523500, bytes=0, T_capped=0
Stage 1: PT=6, T_stage=0.000000, bytes=33176880, T_capped=0
Group 0: Iters=5, Procs=112, Factors=1.000000, Dist=2, RM=0, SM=0, RS=0, SS=0
Group 1: Iters=10, Procs=2688, Factors=1.000000, Dist=2, RM=0, SM=1, RS=0, SS=0
T_spawn: 11.757754 
T_SR: 0.028220 
T_AR: 0.000000 
T_US: 0.003555 
T_Malleability: 11.810186 
T_total: 25.677801
Config loaded: R=1, S=2, granularity=100000, SDR=10000, ADR=0, Rigid=1, Capture_Method=0
Stage 0: PT=0, T_stage=0.523500, bytes=0, T_capped=0
Stage 1: PT=6, T_stage=0.000000, bytes=33176880, T_capped=0
Group 0: Iters=5, Procs=112, Factors=1.000000, Dist=2, RM=0, SM=0, RS=0, SS=0
Group 1: Iters=10, Procs=2688, Factors=1.000000, Dist=2, RM=0, SM=1, RS=0, SS=0
T_spawn: 11.687016 
T_SR: 0.021697 
T_AR: 0.000000 
T_US: 0.003453 
T_Malleability: 11.719743 
T_total: 25.484901
Config loaded: R=1, S=2, granularity=100000, SDR=10000, ADR=0, Rigid=1, Capture_Method=0
Stage 0: PT=0, T_stage=0.523500, bytes=0, T_capped=0
Stage 1: PT=6, T_stage=0.000000, bytes=33176880, T_capped=0
Group 0: Iters=5, Procs=112, Factors=1.000000, Dist=2, RM=0, SM=0, RS=0, SS=0
Group 1: Iters=10, Procs=2688, Factors=1.000000, Dist=2, RM=0, SM=1, RS=0, SS=0
T_spawn: 12.214087 
T_SR: 0.022906 
T_AR: 0.000000 
T_US: 0.003503 
T_Malleability: 12.253501 
T_total: 26.717462
Config loaded: R=1, S=2, granularity=100000, SDR=10000, ADR=0, Rigid=1, Capture_Method=0
Stage 0: PT=0, T_stage=0.523500, bytes=0, T_capped=0
Stage 1: PT=6, T_stage=0.000000, bytes=33176880, T_capped=0
Group 0: Iters=5, Procs=112, Factors=1.000000, Dist=2, RM=0, SM=0, RS=0, SS=0
Group 1: Iters=10, Procs=2688, Factors=1.000000, Dist=2, RM=0, SM=1, RS=0, SS=0
T_spawn: 11.964722 
T_SR: 0.032047 
T_AR: 0.000000 
T_US: 0.003278 
T_Malleability: 12.007230 
T_total: 33.859489
Config loaded: R=1, S=2, granularity=100000, SDR=10000, ADR=0, Rigid=1, Capture_Method=0
Stage 0: PT=0, T_stage=0.523500, bytes=0, T_capped=0
Stage 1: PT=6, T_stage=0.000000, bytes=33176880, T_capped=0
Group 0: Iters=5, Procs=112, Factors=1.000000, Dist=2, RM=0, SM=0, RS=0, SS=0
Group 1: Iters=10, Procs=2688, Factors=1.000000, Dist=2, RM=0, SM=1, RS=0, SS=0
T_spawn: 11.670898 
T_SR: 0.022468 
T_AR: 0.000000 
T_US: 0.004359 
T_Malleability: 11.707329 
T_total: 25.441718
Config loaded: R=1, S=2, granularity=100000, SDR=10000, ADR=0, Rigid=1, Capture_Method=0
Stage 0: PT=0, T_stage=0.523500, bytes=0, T_capped=0
Stage 1: PT=6, T_stage=0.000000, bytes=33176880, T_capped=0
Group 0: Iters=5, Procs=112, Factors=1.000000, Dist=2, RM=0, SM=0, RS=0, SS=0
Group 1: Iters=10, Procs=2688, Factors=1.000000, Dist=2, RM=0, SM=1, RS=0, SS=0
T_spawn: 12.070476 
T_SR: 0.029818 
T_AR: 0.000000 
T_US: 0.003554 
T_Malleability: 12.122971 
T_total: 27.622615
Config loaded: R=1, S=2, granularity=100000, SDR=10000, ADR=0, Rigid=1, Capture_Method=0
Stage 0: PT=0, T_stage=0.523500, bytes=0, T_capped=0
Stage 1: PT=6, T_stage=0.000000, bytes=33176880, T_capped=0
Group 0: Iters=5, Procs=112, Factors=1.000000, Dist=2, RM=0, SM=0, RS=0, SS=0
Group 1: Iters=10, Procs=2688, Factors=1.000000, Dist=2, RM=0, SM=1, RS=0, SS=0
T_spawn: 12.077332 
T_SR: 0.022262 
T_AR: 0.000000 
T_US: 0.003656 
T_Malleability: 12.113276 
T_total: 25.923562
Config loaded: R=1, S=2, granularity=100000, SDR=10000, ADR=0, Rigid=1, Capture_Method=0
Stage 0: PT=0, T_stage=0.523500, bytes=0, T_capped=0
Stage 1: PT=6, T_stage=0.000000, bytes=33176880, T_capped=0
Group 0: Iters=5, Procs=112, Factors=1.000000, Dist=2, RM=0, SM=0, RS=0, SS=0
Group 1: Iters=10, Procs=2688, Factors=1.000000, Dist=2, RM=0, SM=1, RS=0, SS=0
T_spawn: 12.161086 
T_SR: 0.034011 
T_AR: 0.000000 
T_US: 0.003554 
T_Malleability: 12.205666 
T_total: 25.702273
Config loaded: R=1, S=2, granularity=100000, SDR=10000, ADR=0, Rigid=1, Capture_Method=0
Stage 0: PT=0, T_stage=0.523500, bytes=0, T_capped=0
Stage 1: PT=6, T_stage=0.000000, bytes=33176880, T_capped=0
Group 0: Iters=5, Procs=112, Factors=1.000000, Dist=2, RM=0, SM=0, RS=0, SS=0
Group 1: Iters=10, Procs=2688, Factors=1.000000, Dist=2, RM=0, SM=1, RS=0, SS=0
T_spawn: 11.709882 
T_SR: 0.021959 
T_AR: 0.000000 
T_US: 0.003563 
T_Malleability: 11.765365 
T_total: 25.713513
Config loaded: R=1, S=2, granularity=100000, SDR=10000, ADR=0, Rigid=1, Capture_Method=0
Stage 0: PT=0, T_stage=0.523500, bytes=0, T_capped=0
Stage 1: PT=6, T_stage=0.000000, bytes=33176880, T_capped=0
Group 0: Iters=5, Procs=112, Factors=1.000000, Dist=2, RM=0, SM=0, RS=0, SS=0
Group 1: Iters=10, Procs=2688, Factors=1.000000, Dist=2, RM=0, SM=1, RS=0, SS=0
T_spawn: 16.212378 
T_SR: 1.039107 
T_AR: 0.000000 
T_US: 0.011209 
T_Malleability: 17.282611 
T_total: 31.150314
Config loaded: R=1, S=2, granularity=100000, SDR=10000, ADR=0, Rigid=1, Capture_Method=0
Stage 0: PT=0, T_stage=0.523500, bytes=0, T_capped=0
Stage 1: PT=6, T_stage=0.000000, bytes=33176880, T_capped=0
Group 0: Iters=5, Procs=112, Factors=1.000000, Dist=2, RM=0, SM=0, RS=0, SS=0
Group 1: Iters=10, Procs=2688, Factors=1.000000, Dist=2, RM=0, SM=1, RS=0, SS=0
T_spawn: 11.342993 
T_SR: 0.031948 
T_AR: 0.000000 
T_US: 0.003657 
T_Malleability: 11.391852 
T_total: 26.729992
Config loaded: R=1, S=2, granularity=100000, SDR=10000, ADR=0, Rigid=1, Capture_Method=0
Stage 0: PT=0, T_stage=0.523500, bytes=0, T_capped=0
Stage 1: PT=6, T_stage=0.000000, bytes=33176880, T_capped=0
Group 0: Iters=5, Procs=112, Factors=1.000000, Dist=2, RM=0, SM=0, RS=0, SS=0
Group 1: Iters=10, Procs=2688, Factors=1.000000, Dist=2, RM=0, SM=1, RS=0, SS=0
T_spawn: 11.748441 
T_SR: 0.028781 
T_AR: 0.000000 
T_US: 0.003726 
T_Malleability: 11.793407 
T_total: 32.100475
