Config: granularity=100000, SDR=10000, ADR=0, Rigid=1, Capture_Method=0
Stage 0: PT=0, T_stage=0.523500, bytes=0, T_capped=0
Stage 1: PT=6, T_stage=0.000000, bytes=33176880, T_capped=0
Group 1: Iters=10, Procs=2688, Factors=1.000000, Dist=2, RM=0, SM=1, RS=0, SS=0, parents=224, children=0
Async_Iters: 0
T_iter: 1.140436 1.059462 1.177223 1.043772 1.075159 1.037444 0.994408 1.269141 1.112518 0.994393 
T_stage 0: 0.760590 0.767830 0.819788 0.817303 0.797586 0.806449 0.809778 0.808685 0.803886 0.801916 
T_stage 1: 0.379745 0.292064 0.359837 0.226954 0.277206 0.231257 0.188459 0.458852 0.308694 0.193494 
Config: granularity=100000, SDR=10000, ADR=0, Rigid=1, Capture_Method=0
Stage 0: PT=0, T_stage=0.523500, bytes=0, T_capped=0
Stage 1: PT=6, T_stage=0.000000, bytes=33176880, T_capped=0
Group 1: Iters=10, Procs=2688, Factors=1.000000, Dist=2, RM=0, SM=1, RS=0, SS=0, parents=224, children=0
Async_Iters: 0
T_iter: 1.186326 1.127750 1.116134 1.128839 1.065542 1.189532 1.171474 1.143483 1.092135 1.089897 
T_stage 0: 0.822848 0.833994 0.879059 0.881044 0.867902 0.867210 0.868883 0.872094 0.870254 0.865248 
T_stage 1: 0.363597 0.290329 0.239725 0.248914 0.198359 0.315512 0.302845 0.271680 0.230609 0.227446 
Config: granularity=100000, SDR=10000, ADR=0, Rigid=1, Capture_Method=0
Stage 0: PT=0, T_stage=0.523500, bytes=0, T_capped=0
Stage 1: PT=6, T_stage=0.000000, bytes=33176880, T_capped=0
Group 1: Iters=10, Procs=2688, Factors=1.000000, Dist=2, RM=0, SM=1, RS=0, SS=0, parents=224, children=0
Async_Iters: 0
T_iter: 1.119380 0.945195 0.976432 1.190369 1.130803 1.007947 1.110864 1.241496 1.084270 1.029545 
T_stage 0: 0.750284 0.735710 0.789845 0.818929 0.791108 0.783109 0.778992 0.775882 0.770501 0.768585 
T_stage 1: 0.369497 0.209310 0.188221 0.396203 0.354420 0.230105 0.333277 0.461620 0.314121 0.260796 
Config: granularity=100000, SDR=10000, ADR=0, Rigid=1, Capture_Method=0
Stage 0: PT=0, T_stage=0.523500, bytes=0, T_capped=0
Stage 1: PT=6, T_stage=0.000000, bytes=33176880, T_capped=0
Group 1: Iters=10, Procs=2688, Factors=1.000000, Dist=2, RM=0, SM=1, RS=0, SS=0, parents=224, children=0
Async_Iters: 0
T_iter: 1.101686 0.930262 1.008219 1.202199 1.004212 0.987623 1.073133 0.994073 1.013221 1.024576 
T_stage 0: 0.742573 0.742172 0.801432 0.828020 0.802347 0.802736 0.807175 0.798917 0.806163 0.796099 
T_stage 1: 0.358857 0.188148 0.209057 0.391757 0.202548 0.185442 0.270502 0.185975 0.209626 0.230772 
Config: granularity=100000, SDR=10000, ADR=0, Rigid=1, Capture_Method=0
Stage 0: PT=0, T_stage=0.523500, bytes=0, T_capped=0
Stage 1: PT=6, T_stage=0.000000, bytes=33176880, T_capped=0
Group 1: Iters=10, Procs=2688, Factors=1.000000, Dist=2, RM=0, SM=1, RS=0, SS=0, parents=224, children=0
Async_Iters: 0
T_iter: 1.198163 1.126461 1.313321 1.297625 1.284142 1.238520 1.371288 1.226698 1.230539 1.214524 
T_stage 0: 0.831518 0.851018 0.893331 0.890530 0.884053 0.878744 0.880283 0.876519 0.868710 0.873154 
T_stage 1: 0.366915 0.255955 0.422398 0.395763 0.401253 0.360087 0.493343 0.354699 0.363362 0.346598 
Config: granularity=100000, SDR=10000, ADR=0, Rigid=1, Capture_Method=0
Stage 0: PT=0, T_stage=0.523500, bytes=0, T_capped=0
Stage 1: PT=6, T_stage=0.000000, bytes=33176880, T_capped=0
Group 1: Iters=10, Procs=2688, Factors=1.000000, Dist=2, RM=0, SM=1, RS=0, SS=0, parents=224, children=0
Async_Iters: 0
T_iter: 1.182024 1.251995 1.230801 1.088371 1.163387 1.225102 1.162929 1.221667 1.095660 1.214436 
T_stage 0: 0.814027 0.838440 0.862513 0.870204 0.879507 0.865755 0.861614 0.862639 0.851372 0.854271 
T_stage 1: 0.368155 0.383809 0.359213 0.222150 0.295437 0.363469 0.305440 0.359337 0.244300 0.359209 
Config: granularity=100000, SDR=10000, ADR=0, Rigid=1, Capture_Method=0
Stage 0: PT=0, T_stage=0.523500, bytes=0, T_capped=0
Stage 1: PT=6, T_stage=0.000000, bytes=33176880, T_capped=0
Group 1: Iters=10, Procs=2688, Factors=1.000000, Dist=2, RM=0, SM=1, RS=0, SS=0, parents=224, children=0
Async_Iters: 0
T_iter: 1.113206 1.104874 1.161249 1.055876 1.148273 1.065044 1.156914 1.177024 1.020749 1.144860 
T_stage 0: 0.745889 0.767905 0.807715 0.803673 0.788157 0.787772 0.792796 0.804542 0.788114 0.785299 
T_stage 1: 0.367532 0.336873 0.361773 0.253333 0.357573 0.267652 0.366675 0.383758 0.239272 0.360953 
Config: granularity=100000, SDR=10000, ADR=0, Rigid=1, Capture_Method=0
Stage 0: PT=0, T_stage=0.523500, bytes=0, T_capped=0
Stage 1: PT=6, T_stage=0.000000, bytes=33176880, T_capped=0
Group 1: Iters=10, Procs=2688, Factors=1.000000, Dist=2, RM=0, SM=1, RS=0, SS=0, parents=224, children=0
Async_Iters: 0
T_iter: 1.123446 0.981811 1.056241 1.118143 1.150933 1.088044 0.990163 1.255766 1.155725 1.142834 
T_stage 0: 0.751292 0.747804 0.800456 0.808807 0.796214 0.790215 0.796250 0.788366 0.788795 0.782312 
T_stage 1: 0.373044 0.233994 0.258390 0.316541 0.360739 0.298242 0.199306 0.461609 0.367300 0.360617 
Config: granularity=100000, SDR=10000, ADR=0, Rigid=1, Capture_Method=0
Stage 0: PT=0, T_stage=0.523500, bytes=0, T_capped=0
Stage 1: PT=6, T_stage=0.000000, bytes=33176880, T_capped=0
Group 1: Iters=10, Procs=2688, Factors=1.000000, Dist=2, RM=0, SM=1, RS=0, SS=0, parents=224, children=0
Async_Iters: 0
T_iter: 1.202404 1.335583 1.196038 1.103165 1.129665 1.125890 1.101128 1.128802 1.088052 1.080025 
T_stage 0: 0.819300 0.827574 0.864486 0.866071 0.856690 0.860666 0.855961 0.858520 0.849914 0.850938 
T_stage 1: 0.383540 0.492365 0.326186 0.232607 0.273174 0.268217 0.249005 0.267799 0.238131 0.231594 
Config: granularity=100000, SDR=10000, ADR=0, Rigid=1, Capture_Method=0
Stage 0: PT=0, T_stage=0.523500, bytes=0, T_capped=0
Stage 1: PT=6, T_stage=0.000000, bytes=33176880, T_capped=0
Group 1: Iters=10, Procs=2688, Factors=1.000000, Dist=2, RM=0, SM=1, RS=0, SS=0, parents=224, children=0
Async_Iters: 0
T_iter: 1.116432 1.000923 1.155905 1.162070 0.996993 1.017596 0.995368 1.216301 1.107403 1.138863 
T_stage 0: 0.743502 0.769854 0.799796 0.799870 0.789017 0.784028 0.790272 0.785484 0.783403 0.793343 
T_stage 1: 0.373443 0.231066 0.358073 0.362989 0.210770 0.229514 0.205972 0.420559 0.316790 0.345799 
Config: granularity=100000, SDR=10000, ADR=0, Rigid=1, Capture_Method=0
Stage 0: PT=0, T_stage=0.523500, bytes=0, T_capped=0
Stage 1: PT=6, T_stage=0.000000, bytes=33176880, T_capped=0
Group 1: Iters=10, Procs=2688, Factors=1.000000, Dist=2, RM=0, SM=1, RS=0, SS=0, parents=224, children=0
Async_Iters: 0
T_iter: 1.171008 1.095239 1.109484 1.127369 1.212033 1.237207 1.208707 1.066528 1.141398 1.196433 
T_stage 0: 0.802367 0.833642 0.858005 0.860447 0.852189 0.853218 0.845313 0.853065 0.841434 0.838499 
T_stage 1: 0.368076 0.253923 0.254234 0.267959 0.360406 0.390206 0.363470 0.213900 0.300340 0.358324 
Config: granularity=100000, SDR=10000, ADR=0, Rigid=1, Capture_Method=0
Stage 0: PT=0, T_stage=0.523500, bytes=0, T_capped=0
Stage 1: PT=6, T_stage=0.000000, bytes=33176880, T_capped=0
Group 1: Iters=10, Procs=2688, Factors=1.000000, Dist=2, RM=0, SM=1, RS=0, SS=0, parents=224, children=0
Async_Iters: 0
T_iter: 1.053142 1.057158 1.027938 1.126005 1.205170 1.102354 1.175236 1.192795 1.110830 1.065905 
T_stage 0: 0.801244 0.817223 0.845034 0.870265 0.848538 0.840792 0.848134 0.847154 0.839165 0.826025 
T_stage 1: 0.252350 0.239811 0.184254 0.259960 0.360916 0.257516 0.327411 0.350966 0.276081 0.239289 
Config: granularity=100000, SDR=10000, ADR=0, Rigid=1, Capture_Method=0
Stage 0: PT=0, T_stage=0.523500, bytes=0, T_capped=0
Stage 1: PT=6, T_stage=0.000000, bytes=33176880, T_capped=0
Group 1: Iters=10, Procs=2688, Factors=1.000000, Dist=2, RM=0, SM=1, RS=0, SS=0, parents=224, children=0
Async_Iters: 0
T_iter: 1.119327 1.113597 1.016761 1.104268 1.012934 1.144941 0.990957 1.263395 1.102383 1.133829 
T_stage 0: 0.749211 0.758432 0.788899 0.787803 0.785356 0.780623 0.778369 0.778005 0.774159 0.772832 
T_stage 1: 0.371047 0.355997 0.230070 0.317449 0.232055 0.363074 0.212846 0.481683 0.328422 0.360551 
Config: granularity=100000, SDR=10000, ADR=0, Rigid=1, Capture_Method=0
Stage 0: PT=0, T_stage=0.523500, bytes=0, T_capped=0
Stage 1: PT=6, T_stage=0.000000, bytes=33176880, T_capped=0
Group 1: Iters=10, Procs=2688, Factors=1.000000, Dist=2, RM=0, SM=1, RS=0, SS=0, parents=224, children=0
Async_Iters: 0
T_iter: 1.175829 1.372275 1.202874 1.111932 1.093496 1.135660 1.121885 1.164453 1.079156 1.210782 
T_stage 0: 0.819205 0.846377 0.874412 0.874763 0.859610 0.869723 0.860884 0.863503 0.852843 0.853849 
T_stage 1: 0.356992 0.516978 0.313137 0.228179 0.227949 0.275268 0.264789 0.301492 0.225833 0.358548 
Config: granularity=100000, SDR=10000, ADR=0, Rigid=1, Capture_Method=0
Stage 0: PT=0, T_stage=0.523500, bytes=0, T_capped=0
Stage 1: PT=6, T_stage=0.000000, bytes=33176880, T_capped=0
Group 1: Iters=10, Procs=2688, Factors=1.000000, Dist=2, RM=0, SM=1, RS=0, SS=0, parents=224, children=0
Async_Iters: 0
T_iter: 1.094288 1.106225 1.142839 1.161848 1.061316 1.171453 1.160798 1.074040 1.031985 0.981397 
T_stage 0: 0.750740 0.771349 0.803034 0.801344 0.790500 0.784021 0.786489 0.798790 0.786618 0.777192 
T_stage 1: 0.343557 0.333584 0.341705 0.361671 0.271055 0.377844 0.366114 0.282836 0.252180 0.204777 
Config: granularity=100000, SDR=10000, ADR=0, Rigid=1, Capture_Method=0
Stage 0: PT=0, T_stage=0.523500, bytes=0, T_capped=0
Stage 1: PT=6, T_stage=0.000000, bytes=33176880, T_capped=0
Group 1: Iters=10, Procs=2688, Factors=1.000000, Dist=2, RM=0, SM=1, RS=0, SS=0, parents=224, children=0
Async_Iters: 0
T_iter: 1.078570 1.181164 1.094046 1.126772 1.219506 1.269994 1.154394 1.139863 1.063090 1.198785 
T_stage 0: 0.819538 0.818054 0.874290 0.872456 0.860605 0.863357 0.866433 0.866587 0.859952 0.856441 
T_stage 1: 0.259282 0.363430 0.222806 0.255148 0.359617 0.410251 0.295546 0.273391 0.206646 0.343253 
Config: granularity=100000, SDR=10000, ADR=0, Rigid=1, Capture_Method=0
Stage 0: PT=0, T_stage=0.523500, bytes=0, T_capped=0
Stage 1: PT=6, T_stage=0.000000, bytes=33176880, T_capped=0
Group 1: Iters=10, Procs=2688, Factors=1.000000, Dist=2, RM=0, SM=1, RS=0, SS=0, parents=224, children=0
Async_Iters: 0
T_iter: 1.144731 1.237688 1.053637 1.056524 1.037072 1.058694 1.050362 1.278921 1.080039 1.032477 
T_stage 0: 0.773804 0.771731 0.818742 0.823726 0.809645 0.802032 0.812659 0.819584 0.805494 0.803146 
T_stage 1: 0.371139 0.441959 0.236460 0.233438 0.226675 0.250345 0.240935 0.466205 0.275135 0.225835 
Config: granularity=100000, SDR=10000, ADR=0, Rigid=1, Capture_Method=0
Stage 0: PT=0, T_stage=0.523500, bytes=0, T_capped=0
Stage 1: PT=6, T_stage=0.000000, bytes=33176880, T_capped=0
Group 1: Iters=10, Procs=2688, Factors=1.000000, Dist=2, RM=0, SM=1, RS=0, SS=0, parents=224, children=0
Async_Iters: 0
T_iter: 1.109115 1.052721 1.014305 1.064263 1.134782 1.131665 1.009983 1.300527 1.136051 1.061867 
T_stage 0: 0.738785 0.738867 0.779526 0.796428 0.767265 0.767679 0.767465 0.772666 0.763479 0.760319 
T_stage 1: 0.370910 0.312409 0.237355 0.285101 0.363234 0.362699 0.242945 0.527171 0.372849 0.301649 
Config: granularity=100000, SDR=10000, ADR=0, Rigid=1, Capture_Method=0
Stage 0: PT=0, T_stage=0.523500, bytes=0, T_capped=0
Stage 1: PT=6, T_stage=0.000000, bytes=33176880, T_capped=0
Group 1: Iters=10, Procs=2688, Factors=1.000000, Dist=2, RM=0, SM=1, RS=0, SS=0, parents=224, children=0
Async_Iters: 0
T_iter: 1.109356 1.091924 1.020954 1.034199 1.068865 1.004921 1.037809 1.232204 1.055679 1.136163 
T_stage 0: 0.744074 0.743510 0.799606 0.805742 0.801091 0.789153 0.788190 0.780772 0.787564 0.779329 
T_stage 1: 0.365371 0.348681 0.224880 0.234596 0.278854 0.215786 0.249926 0.438021 0.259930 0.357064 
Config: granularity=100000, SDR=10000, ADR=0, Rigid=1, Capture_Method=0
Stage 0: PT=0, T_stage=0.523500, bytes=0, T_capped=0
Stage 1: PT=6, T_stage=0.000000, bytes=33176880, T_capped=0
Group 1: Iters=10, Procs=2688, Factors=1.000000, Dist=2, RM=0, SM=1, RS=0, SS=0, parents=224, children=0
Async_Iters: 0
T_iter: 1.130800 1.050382 1.052024 1.119650 1.002632 1.074807 1.014461 0.988241 1.109416 0.996589 
T_stage 0: 0.755325 0.758938 0.760407 0.754318 0.765995 0.746692 0.746825 0.749712 0.740963 0.748944 
T_stage 1: 0.376004 0.285520 0.289865 0.366404 0.249965 0.328286 0.267514 0.236775 0.368725 0.253411 
