Config: granularity=100000, SDR=10000, ADR=0, Rigid=1, Capture_Method=0
Stage 0: PT=0, T_stage=0.523500, bytes=0, T_capped=0
Stage 1: PT=6, T_stage=0.000000, bytes=33176880, T_capped=0
Group 1: Iters=10, Procs=2688, Factors=1.000000, Dist=2, RM=0, SM=1, RS=0, SS=0, parents=448, children=0
Async_Iters: 0
T_iter: 0.996480 0.995308 1.085498 1.000677 0.995889 0.974895 0.971555 1.013860 1.132699 1.105779 
T_stage 0: 0.738042 0.788613 0.796952 0.780344 0.773852 0.775445 0.774683 0.770991 0.772544 0.761229 
T_stage 1: 0.258423 0.207873 0.298672 0.224473 0.217146 0.195731 0.198993 0.243191 0.360482 0.343242 
Config: granularity=100000, SDR=10000, ADR=0, Rigid=1, Capture_Method=0
Stage 0: PT=0, T_stage=0.523500, bytes=0, T_capped=0
Stage 1: PT=6, T_stage=0.000000, bytes=33176880, T_capped=0
Group 1: Iters=10, Procs=2688, Factors=1.000000, Dist=2, RM=0, SM=1, RS=0, SS=0, parents=448, children=0
Async_Iters: 0
T_iter: 1.022648 1.120350 1.020927 1.028149 1.174772 1.070683 1.027335 1.215732 1.132575 1.006953 
T_stage 0: 0.777489 0.773539 0.827172 0.817637 0.811283 0.807555 0.779418 0.763189 0.772332 0.770056 
T_stage 1: 0.246368 0.346950 0.195747 0.211061 0.370154 0.263628 0.249301 0.455492 0.360343 0.236056 
Config: granularity=100000, SDR=10000, ADR=0, Rigid=1, Capture_Method=0
Stage 0: PT=0, T_stage=0.523500, bytes=0, T_capped=0
Stage 1: PT=6, T_stage=0.000000, bytes=33176880, T_capped=0
Group 1: Iters=10, Procs=2688, Factors=1.000000, Dist=2, RM=0, SM=1, RS=0, SS=0, parents=448, children=0
Async_Iters: 0
T_iter: 1.141453 1.032524 0.988700 1.013252 1.019914 1.087903 1.140816 1.246472 1.097229 1.015639 
T_stage 0: 0.765868 0.786912 0.789404 0.790165 0.797161 0.790811 0.782207 0.780693 0.772986 0.771494 
T_stage 1: 0.370144 0.245685 0.201453 0.226328 0.226073 0.310478 0.361337 0.460808 0.318354 0.244455 
Config: granularity=100000, SDR=10000, ADR=0, Rigid=1, Capture_Method=0
Stage 0: PT=0, T_stage=0.523500, bytes=0, T_capped=0
Stage 1: PT=6, T_stage=0.000000, bytes=33176880, T_capped=0
Group 1: Iters=10, Procs=2688, Factors=1.000000, Dist=2, RM=0, SM=1, RS=0, SS=0, parents=448, children=0
Async_Iters: 0
T_iter: 1.042471 0.942748 1.081416 1.122462 1.125745 1.072226 0.964898 1.234774 1.113273 1.098091 
T_stage 0: 0.721335 0.724892 0.766790 0.779556 0.761299 0.765369 0.760321 0.757700 0.755239 0.751351 
T_stage 1: 0.321281 0.218420 0.316096 0.357441 0.362679 0.311123 0.204900 0.477514 0.359490 0.347137 
Config: granularity=100000, SDR=10000, ADR=0, Rigid=1, Capture_Method=0
Stage 0: PT=0, T_stage=0.523500, bytes=0, T_capped=0
Stage 1: PT=6, T_stage=0.000000, bytes=33176880, T_capped=0
Group 1: Iters=10, Procs=2688, Factors=1.000000, Dist=2, RM=0, SM=1, RS=0, SS=0, parents=448, children=0
Async_Iters: 0
T_iter: 1.106331 0.999153 1.147001 1.100505 1.001123 0.996339 1.132862 1.264374 1.094977 1.140743 
T_stage 0: 0.740657 0.738406 0.782246 0.785324 0.773784 0.772928 0.773685 0.774212 0.771128 0.781002 
T_stage 1: 0.365890 0.260998 0.367319 0.316017 0.226763 0.223617 0.359962 0.486030 0.326294 0.360879 
Config: granularity=100000, SDR=10000, ADR=0, Rigid=1, Capture_Method=0
Stage 0: PT=0, T_stage=0.523500, bytes=0, T_capped=0
Stage 1: PT=6, T_stage=0.000000, bytes=33176880, T_capped=0
Group 1: Iters=10, Procs=2688, Factors=1.000000, Dist=2, RM=0, SM=1, RS=0, SS=0, parents=448, children=0
Async_Iters: 0
T_iter: 1.124022 1.034476 1.009146 1.042902 1.015021 1.024589 1.053738 1.302293 1.158318 1.028123 
T_stage 0: 0.751552 0.788850 0.815192 0.821599 0.811902 0.811694 0.796310 0.800938 0.805579 0.797554 
T_stage 1: 0.373300 0.240450 0.195500 0.227653 0.208007 0.217386 0.257983 0.492500 0.358339 0.231121 
Config: granularity=100000, SDR=10000, ADR=0, Rigid=1, Capture_Method=0
Stage 0: PT=0, T_stage=0.523500, bytes=0, T_capped=0
Stage 1: PT=6, T_stage=0.000000, bytes=33176880, T_capped=0
Group 1: Iters=10, Procs=2688, Factors=1.000000, Dist=2, RM=0, SM=1, RS=0, SS=0, parents=448, children=0
Async_Iters: 0
T_iter: 1.029290 1.111211 1.007220 1.017757 1.043082 1.158390 0.985010 0.997643 1.023198 0.976347 
T_stage 0: 0.750303 0.751086 0.808701 0.811229 0.803361 0.799655 0.796862 0.783354 0.801128 0.788368 
T_stage 1: 0.279759 0.360266 0.200194 0.217453 0.244557 0.359503 0.184141 0.205521 0.223013 0.187866 
Config: granularity=100000, SDR=10000, ADR=0, Rigid=1, Capture_Method=0
Stage 0: PT=0, T_stage=0.523500, bytes=0, T_capped=0
Stage 1: PT=6, T_stage=0.000000, bytes=33176880, T_capped=0
Group 1: Iters=10, Procs=2688, Factors=1.000000, Dist=2, RM=0, SM=1, RS=0, SS=0, parents=448, children=0
Async_Iters: 0
T_iter: 1.112244 1.127880 1.122655 1.160181 1.164155 1.183840 1.118784 1.157687 1.118903 1.106910 
T_stage 0: 0.739430 0.754232 0.795746 0.798133 0.785206 0.782809 0.782597 0.789927 0.782723 0.776555 
T_stage 1: 0.372809 0.369319 0.329633 0.363025 0.370990 0.394198 0.336521 0.367702 0.339415 0.328037 
Config: granularity=100000, SDR=10000, ADR=0, Rigid=1, Capture_Method=0
Stage 0: PT=0, T_stage=0.523500, bytes=0, T_capped=0
Stage 1: PT=6, T_stage=0.000000, bytes=33176880, T_capped=0
Group 1: Iters=10, Procs=2688, Factors=1.000000, Dist=2, RM=0, SM=1, RS=0, SS=0, parents=448, children=0
Async_Iters: 0
T_iter: 1.181857 1.060648 1.078540 1.213121 1.104198 1.231362 1.093015 1.087893 1.128445 1.097807 
T_stage 0: 0.816495 0.827065 0.868625 0.871325 0.862229 0.851249 0.847414 0.859924 0.854721 0.843992 
T_stage 1: 0.365764 0.221745 0.211417 0.344334 0.244351 0.377272 0.245808 0.230853 0.278567 0.253017 
Config: granularity=100000, SDR=10000, ADR=0, Rigid=1, Capture_Method=0
Stage 0: PT=0, T_stage=0.523500, bytes=0, T_capped=0
Stage 1: PT=6, T_stage=0.000000, bytes=33176880, T_capped=0
Group 1: Iters=10, Procs=2688, Factors=1.000000, Dist=2, RM=0, SM=1, RS=0, SS=0, parents=448, children=0
Async_Iters: 0
T_iter: 1.207168 1.327290 1.186537 1.160294 1.228244 1.234761 1.360275 1.205216 1.220145 1.240340 
T_stage 0: 0.839377 0.835387 0.874824 0.877858 0.868619 0.868858 0.872478 0.866964 0.861933 0.864384 
T_stage 1: 0.367931 0.483060 0.298584 0.282387 0.360088 0.366377 0.488752 0.339515 0.358595 0.375789 
Config: granularity=100000, SDR=10000, ADR=0, Rigid=1, Capture_Method=0
Stage 0: PT=0, T_stage=0.523500, bytes=0, T_capped=0
Stage 1: PT=6, T_stage=0.000000, bytes=33176880, T_capped=0
Group 1: Iters=10, Procs=2688, Factors=1.000000, Dist=2, RM=0, SM=1, RS=0, SS=0, parents=448, children=0
Async_Iters: 0
T_iter: 1.186925 1.307278 1.213642 1.093697 1.236794 1.076031 1.214954 1.134380 1.077127 1.050755 
T_stage 0: 0.821559 0.850679 0.881070 0.871612 0.875758 0.865473 0.867400 0.867315 0.868553 0.856800 
T_stage 1: 0.365519 0.455108 0.317477 0.222042 0.361342 0.210949 0.341327 0.266987 0.208612 0.195021 
Config: granularity=100000, SDR=10000, ADR=0, Rigid=1, Capture_Method=0
Stage 0: PT=0, T_stage=0.523500, bytes=0, T_capped=0
Stage 1: PT=6, T_stage=0.000000, bytes=33176880, T_capped=0
Group 1: Iters=10, Procs=2688, Factors=1.000000, Dist=2, RM=0, SM=1, RS=0, SS=0, parents=448, children=0
Async_Iters: 0
T_iter: 1.129353 1.028666 1.108281 1.081517 1.069180 1.063157 1.026825 1.248670 1.180178 1.025116 
T_stage 0: 0.760828 0.797290 0.813967 0.802328 0.790863 0.791424 0.793668 0.797997 0.794887 0.786186 
T_stage 1: 0.369042 0.231852 0.280765 0.280376 0.266843 0.265760 0.233498 0.447196 0.390657 0.239350 
Config: granularity=100000, SDR=10000, ADR=0, Rigid=1, Capture_Method=0
Stage 0: PT=0, T_stage=0.523500, bytes=0, T_capped=0
Stage 1: PT=6, T_stage=0.000000, bytes=33176880, T_capped=0
Group 1: Iters=10, Procs=2688, Factors=1.000000, Dist=2, RM=0, SM=1, RS=0, SS=0, parents=448, children=0
Async_Iters: 0
T_iter: 1.117761 1.236539 1.077126 1.157029 1.022411 1.217918 1.068665 1.037851 1.148972 1.019867 
T_stage 0: 0.747395 0.783870 0.786950 0.792472 0.788688 0.789181 0.776714 0.789766 0.789081 0.775264 
T_stage 1: 0.370192 0.441622 0.291164 0.365434 0.236699 0.434588 0.290087 0.254162 0.365744 0.244213 
Config: granularity=100000, SDR=10000, ADR=0, Rigid=1, Capture_Method=0
Stage 0: PT=0, T_stage=0.523500, bytes=0, T_capped=0
Stage 1: PT=6, T_stage=0.000000, bytes=33176880, T_capped=0
Group 1: Iters=10, Procs=2688, Factors=1.000000, Dist=2, RM=0, SM=1, RS=0, SS=0, parents=448, children=0
Async_Iters: 0
T_iter: 1.181123 1.187362 1.080901 1.069475 1.225149 1.221982 1.096696 1.206534 1.065549 1.185021 
T_stage 0: 0.814420 0.823638 0.863148 0.868172 0.846338 0.850569 0.843567 0.851544 0.849018 0.827271 
T_stage 1: 0.367005 0.339657 0.211972 0.201986 0.364915 0.377556 0.255781 0.355754 0.225498 0.360407 
Config: granularity=100000, SDR=10000, ADR=0, Rigid=1, Capture_Method=0
Stage 0: PT=0, T_stage=0.523500, bytes=0, T_capped=0
Stage 1: PT=6, T_stage=0.000000, bytes=33176880, T_capped=0
Group 1: Iters=10, Procs=2688, Factors=1.000000, Dist=2, RM=0, SM=1, RS=0, SS=0, parents=448, children=0
Async_Iters: 0
T_iter: 1.189914 1.230582 1.142940 1.162391 1.314748 1.203823 1.129849 1.237046 1.206961 1.065146 
T_stage 0: 0.814257 0.857581 0.870186 0.867903 0.857567 0.863100 0.851546 0.861581 0.849559 0.845715 
T_stage 1: 0.375993 0.353526 0.275103 0.290757 0.450946 0.345309 0.268638 0.365319 0.357726 0.221608 
Config: granularity=100000, SDR=10000, ADR=0, Rigid=1, Capture_Method=0
Stage 0: PT=0, T_stage=0.523500, bytes=0, T_capped=0
Stage 1: PT=6, T_stage=0.000000, bytes=33176880, T_capped=0
Group 1: Iters=10, Procs=2688, Factors=1.000000, Dist=2, RM=0, SM=1, RS=0, SS=0, parents=448, children=0
Async_Iters: 0
T_iter: 1.128698 1.042824 1.068928 1.005347 1.176125 1.177076 1.160815 1.149561 0.981447 0.987811 
T_stage 0: 0.756336 0.764446 0.802650 0.806854 0.801438 0.791862 0.796170 0.809305 0.798916 0.783880 
T_stage 1: 0.372969 0.278304 0.267960 0.199945 0.373571 0.378221 0.362956 0.347962 0.192781 0.204375 
Config: granularity=100000, SDR=10000, ADR=0, Rigid=1, Capture_Method=0
Stage 0: PT=0, T_stage=0.523500, bytes=0, T_capped=0
Stage 1: PT=6, T_stage=0.000000, bytes=33176880, T_capped=0
Group 1: Iters=10, Procs=2688, Factors=1.000000, Dist=2, RM=0, SM=1, RS=0, SS=0, parents=448, children=0
Async_Iters: 0
T_iter: 1.017220 1.084178 1.072159 1.020944 1.086282 1.010172 0.954544 0.985029 1.023744 0.991364 
T_stage 0: 0.739555 0.753374 0.736271 0.769527 0.751310 0.751688 0.752893 0.731629 0.737296 0.734894 
T_stage 1: 0.277706 0.318002 0.333982 0.266795 0.335179 0.263532 0.201602 0.253487 0.289095 0.256136 
Config: granularity=100000, SDR=10000, ADR=0, Rigid=1, Capture_Method=0
Stage 0: PT=0, T_stage=0.523500, bytes=0, T_capped=0
Stage 1: PT=6, T_stage=0.000000, bytes=33176880, T_capped=0
Group 1: Iters=10, Procs=2688, Factors=1.000000, Dist=2, RM=0, SM=1, RS=0, SS=0, parents=448, children=0
Async_Iters: 0
T_iter: 2.802488 2.605044 1.787020 0.981630 1.150604 1.093725 1.140020 1.049340 1.067870 1.132886 
T_stage 0: 2.430728 2.310424 1.479642 0.786737 0.790574 0.779277 0.776576 0.783058 0.778981 0.790063 
T_stage 1: 0.374798 0.294807 0.311446 0.195188 0.352097 0.314060 0.362516 0.267618 0.290773 0.347932 
Config: granularity=100000, SDR=10000, ADR=0, Rigid=1, Capture_Method=0
Stage 0: PT=0, T_stage=0.523500, bytes=0, T_capped=0
Stage 1: PT=6, T_stage=0.000000, bytes=33176880, T_capped=0
Group 1: Iters=10, Procs=2688, Factors=1.000000, Dist=2, RM=0, SM=1, RS=0, SS=0, parents=448, children=0
Async_Iters: 0
T_iter: 1.129826 0.997671 1.068546 1.051851 1.013740 1.025454 0.994117 1.228159 1.099673 1.023691 
T_stage 0: 0.757182 0.758072 0.807059 0.810345 0.802500 0.797819 0.798334 0.797192 0.792920 0.790737 
T_stage 1: 0.372386 0.240097 0.262231 0.242254 0.212682 0.230146 0.195884 0.424031 0.297903 0.232647 
Config: granularity=100000, SDR=10000, ADR=0, Rigid=1, Capture_Method=0
Stage 0: PT=0, T_stage=0.523500, bytes=0, T_capped=0
Stage 1: PT=6, T_stage=0.000000, bytes=33176880, T_capped=0
Group 1: Iters=10, Procs=2688, Factors=1.000000, Dist=2, RM=0, SM=1, RS=0, SS=0, parents=448, children=0
Async_Iters: 0
T_iter: 1.041226 0.979717 0.992725 1.194644 1.010538 1.138085 0.974358 1.265952 1.143022 1.003590 
T_stage 0: 0.739659 0.735317 0.791061 0.821282 0.781622 0.784392 0.782022 0.773618 0.772515 0.769847 
T_stage 1: 0.302040 0.245485 0.203018 0.395253 0.234286 0.362131 0.192367 0.484778 0.360433 0.234113 
