Config: granularity=100000, SDR=10000, ADR=0, Rigid=1, Capture_Method=0
Stage 0: PT=0, T_stage=0.523500, bytes=0, T_capped=0
Stage 1: PT=6, T_stage=0.000000, bytes=33176880, T_capped=0
Group 1: Iters=10, Procs=2688, Factors=1.000000, Dist=2, RM=0, SM=1, RS=0, SS=0, parents=896, children=0
Async_Iters: 0
T_iter: 1.211927 1.162741 1.264235 1.063346 1.056063 1.005100 1.061495 1.170616 1.021465 1.132591 
T_stage 0: 0.781840 0.817300 0.835020 0.811871 0.811409 0.808304 0.824556 0.805235 0.800281 0.812141 
T_stage 1: 0.421286 0.349347 0.427529 0.251664 0.249949 0.201613 0.239506 0.363265 0.217910 0.319603 
Config: granularity=100000, SDR=10000, ADR=0, Rigid=1, Capture_Method=0
Stage 0: PT=0, T_stage=0.523500, bytes=0, T_capped=0
Stage 1: PT=6, T_stage=0.000000, bytes=33176880, T_capped=0
Group 1: Iters=10, Procs=2688, Factors=1.000000, Dist=2, RM=0, SM=1, RS=0, SS=0, parents=896, children=0
Async_Iters: 0
T_iter: 1.197315 1.262992 1.300054 1.109933 1.126954 1.099463 1.140587 1.099662 1.197527 1.075924 
T_stage 0: 0.826754 0.848703 0.878191 0.878462 0.875682 0.881952 0.875117 0.879371 0.866431 0.866225 
T_stage 1: 0.370172 0.410006 0.402476 0.226296 0.251805 0.225410 0.264326 0.223468 0.331584 0.211684 
Config: granularity=100000, SDR=10000, ADR=0, Rigid=1, Capture_Method=0
Stage 0: PT=0, T_stage=0.523500, bytes=0, T_capped=0
Stage 1: PT=6, T_stage=0.000000, bytes=33176880, T_capped=0
Group 1: Iters=10, Procs=2688, Factors=1.000000, Dist=2, RM=0, SM=1, RS=0, SS=0, parents=896, children=0
Async_Iters: 0
T_iter: 1.128826 1.174405 1.146964 1.162131 1.225925 1.080101 0.990637 1.006277 1.042179 1.022548 
T_stage 0: 0.754145 0.777939 0.820437 0.814883 0.811497 0.808262 0.803414 0.807236 0.796639 0.797032 
T_stage 1: 0.374314 0.381399 0.334246 0.348022 0.421359 0.274238 0.189284 0.200160 0.240720 0.225650 
Config: granularity=100000, SDR=10000, ADR=0, Rigid=1, Capture_Method=0
Stage 0: PT=0, T_stage=0.523500, bytes=0, T_capped=0
Stage 1: PT=6, T_stage=0.000000, bytes=33176880, T_capped=0
Group 1: Iters=10, Procs=2688, Factors=1.000000, Dist=2, RM=0, SM=1, RS=0, SS=0, parents=896, children=0
Async_Iters: 0
T_iter: 1.218210 1.242503 1.358337 1.245391 1.310350 1.191737 1.214919 1.193065 1.084768 1.199864 
T_stage 0: 0.817078 0.867006 0.884786 0.871600 0.875574 0.864410 0.876926 0.857058 0.856887 0.858281 
T_stage 1: 0.400851 0.378256 0.483389 0.380029 0.445875 0.325007 0.347009 0.336297 0.227834 0.342564 
Config: granularity=100000, SDR=10000, ADR=0, Rigid=1, Capture_Method=0
Stage 0: PT=0, T_stage=0.523500, bytes=0, T_capped=0
Stage 1: PT=6, T_stage=0.000000, bytes=33176880, T_capped=0
Group 1: Iters=10, Procs=2688, Factors=1.000000, Dist=2, RM=0, SM=1, RS=0, SS=0, parents=896, children=0
Async_Iters: 0
T_iter: 1.002114 1.239710 1.156870 1.031873 1.002672 1.044847 1.120580 1.086622 1.016861 0.995724 
T_stage 0: 0.747548 0.747025 0.782178 0.788650 0.778366 0.776725 0.778127 0.793511 0.762328 0.760557 
T_stage 1: 0.254760 0.474816 0.370564 0.243873 0.224467 0.257229 0.336714 0.305604 0.256582 0.235266 
Config: granularity=100000, SDR=10000, ADR=0, Rigid=1, Capture_Method=0
Stage 0: PT=0, T_stage=0.523500, bytes=0, T_capped=0
Stage 1: PT=6, T_stage=0.000000, bytes=33176880, T_capped=0
Group 1: Iters=10, Procs=2688, Factors=1.000000, Dist=2, RM=0, SM=1, RS=0, SS=0, parents=896, children=0
Async_Iters: 0
T_iter: 1.103548 1.188608 1.150906 1.151933 1.149169 1.067243 1.139156 1.017007 1.134778 1.012735 
T_stage 0: 0.743764 0.769036 0.780379 0.791933 0.782338 0.783659 0.774752 0.786642 0.770898 0.771932 
T_stage 1: 0.348245 0.407045 0.368905 0.359317 0.366628 0.288893 0.364695 0.233743 0.363667 0.243982 
Config: granularity=100000, SDR=10000, ADR=0, Rigid=1, Capture_Method=0
Stage 0: PT=0, T_stage=0.523500, bytes=0, T_capped=0
Stage 1: PT=6, T_stage=0.000000, bytes=33176880, T_capped=0
Group 1: Iters=10, Procs=2688, Factors=1.000000, Dist=2, RM=0, SM=1, RS=0, SS=0, parents=896, children=0
Async_Iters: 0
T_iter: 1.121512 1.180056 1.171099 1.037877 1.007952 1.158235 1.045579 1.066639 1.070040 1.067578 
T_stage 0: 0.751016 0.777810 0.803999 0.804367 0.801677 0.802810 0.794857 0.808566 0.789306 0.788016 
T_stage 1: 0.370339 0.399846 0.353720 0.233897 0.212614 0.359544 0.248582 0.258990 0.276539 0.281074 
Config: granularity=100000, SDR=10000, ADR=0, Rigid=1, Capture_Method=0
Stage 0: PT=0, T_stage=0.523500, bytes=0, T_capped=0
Stage 1: PT=6, T_stage=0.000000, bytes=33176880, T_capped=0
Group 1: Iters=10, Procs=2688, Factors=1.000000, Dist=2, RM=0, SM=1, RS=0, SS=0, parents=896, children=0
Async_Iters: 0
T_iter: 1.106743 1.205303 1.227749 1.117202 1.076642 1.098523 1.087075 1.079876 1.030196 1.086351 
T_stage 0: 0.810079 0.834990 0.853418 0.870313 0.855985 0.855623 0.850230 0.854347 0.846310 0.844006 
T_stage 1: 0.296707 0.359903 0.369372 0.248776 0.219696 0.246938 0.240871 0.225100 0.183895 0.242485 
Config: granularity=100000, SDR=10000, ADR=0, Rigid=1, Capture_Method=0
Stage 0: PT=0, T_stage=0.523500, bytes=0, T_capped=0
Stage 1: PT=6, T_stage=0.000000, bytes=33176880, T_capped=0
Group 1: Iters=10, Procs=2688, Factors=1.000000, Dist=2, RM=0, SM=1, RS=0, SS=0, parents=896, children=0
Async_Iters: 0
T_iter: 1.140157 1.202662 1.132835 1.139368 1.272973 1.002574 1.071653 1.045896 1.003653 1.127919 
T_stage 0: 0.747381 0.757374 0.783499 0.789823 0.782256 0.785329 0.780032 0.784423 0.767469 0.770648 
T_stage 1: 0.383224 0.433843 0.342943 0.348689 0.492818 0.215719 0.296497 0.262185 0.233082 0.357415 
Config: granularity=100000, SDR=10000, ADR=0, Rigid=1, Capture_Method=0
Stage 0: PT=0, T_stage=0.523500, bytes=0, T_capped=0
Stage 1: PT=6, T_stage=0.000000, bytes=33176880, T_capped=0
Group 1: Iters=10, Procs=2688, Factors=1.000000, Dist=2, RM=0, SM=1, RS=0, SS=0, parents=896, children=0
Async_Iters: 0
T_iter: 1.167054 1.330265 1.303156 1.207202 1.278838 1.106027 1.250435 1.100969 1.207234 1.160713 
T_stage 0: 0.798703 0.828351 0.849841 0.843877 0.850409 0.844054 0.860395 0.843101 0.837183 0.836212 
T_stage 1: 0.361423 0.500532 0.449776 0.363763 0.431828 0.257742 0.398908 0.261493 0.367916 0.324399 
Config: granularity=100000, SDR=10000, ADR=0, Rigid=1, Capture_Method=0
Stage 0: PT=0, T_stage=0.523500, bytes=0, T_capped=0
Stage 1: PT=6, T_stage=0.000000, bytes=33176880, T_capped=0
Group 1: Iters=10, Procs=2688, Factors=1.000000, Dist=2, RM=0, SM=1, RS=0, SS=0, parents=896, children=0
Async_Iters: 0
T_iter: 1.125309 1.289390 1.245385 1.214762 1.005705 0.996329 1.031478 1.017002 1.024864 1.109988 
T_stage 0: 0.749248 0.773092 0.803218 0.799263 0.794733 0.798941 0.794914 0.801908 0.787795 0.787045 
T_stage 1: 0.360268 0.514232 0.435814 0.416209 0.210402 0.201664 0.239607 0.219423 0.237127 0.323372 
Config: granularity=100000, SDR=10000, ADR=0, Rigid=1, Capture_Method=0
Stage 0: PT=0, T_stage=0.523500, bytes=0, T_capped=0
Stage 1: PT=6, T_stage=0.000000, bytes=33176880, T_capped=0
Group 1: Iters=10, Procs=2688, Factors=1.000000, Dist=2, RM=0, SM=1, RS=0, SS=0, parents=896, children=0
Async_Iters: 0
T_iter: 1.207488 1.243658 1.312796 1.212111 1.110852 1.113983 1.281934 1.203895 1.112367 1.121139 
T_stage 0: 0.838339 0.837940 0.854160 0.851150 0.855779 0.857704 0.845733 0.846904 0.842762 0.844003 
T_stage 1: 0.368897 0.403524 0.447225 0.361040 0.260045 0.263392 0.430684 0.359791 0.269411 0.276562 
Config: granularity=100000, SDR=10000, ADR=0, Rigid=1, Capture_Method=0
Stage 0: PT=0, T_stage=0.523500, bytes=0, T_capped=0
Stage 1: PT=6, T_stage=0.000000, bytes=33176880, T_capped=0
Group 1: Iters=10, Procs=2688, Factors=1.000000, Dist=2, RM=0, SM=1, RS=0, SS=0, parents=896, children=0
Async_Iters: 0
T_iter: 1.160994 1.112932 1.083437 1.040748 1.022601 1.105620 1.037107 1.230103 1.177494 1.183815 
T_stage 0: 0.789258 0.797483 0.837533 0.839468 0.826715 0.823408 0.821444 0.836701 0.820297 0.813721 
T_stage 1: 0.371976 0.289270 0.240596 0.202760 0.195137 0.279445 0.216187 0.400074 0.362847 0.369754 
Config: granularity=100000, SDR=10000, ADR=0, Rigid=1, Capture_Method=0
Stage 0: PT=0, T_stage=0.523500, bytes=0, T_capped=0
Stage 1: PT=6, T_stage=0.000000, bytes=33176880, T_capped=0
Group 1: Iters=10, Procs=2688, Factors=1.000000, Dist=2, RM=0, SM=1, RS=0, SS=0, parents=896, children=0
Async_Iters: 0
T_iter: 1.132789 1.275824 1.141012 1.049668 1.062106 1.083614 1.112621 1.055804 0.994616 1.003210 
T_stage 0: 0.744321 0.766766 0.788149 0.791776 0.782722 0.784790 0.777576 0.789252 0.771747 0.771167 
T_stage 1: 0.387951 0.508620 0.339890 0.258090 0.282155 0.302385 0.335109 0.272765 0.223214 0.227618 
Config: granularity=100000, SDR=10000, ADR=0, Rigid=1, Capture_Method=0
Stage 0: PT=0, T_stage=0.523500, bytes=0, T_capped=0
Stage 1: PT=6, T_stage=0.000000, bytes=33176880, T_capped=0
Group 1: Iters=10, Procs=2688, Factors=1.000000, Dist=2, RM=0, SM=1, RS=0, SS=0, parents=896, children=0
Async_Iters: 0
T_iter: 1.213774 1.229860 1.277295 1.170989 1.143666 1.097605 1.076325 1.147324 1.048943 1.031298 
T_stage 0: 0.844607 0.843214 0.857713 0.844015 0.849759 0.841651 0.838495 0.842434 0.832092 0.832618 
T_stage 1: 0.369170 0.385152 0.422108 0.327345 0.299563 0.251383 0.232340 0.302272 0.216794 0.198446 
Config: granularity=100000, SDR=10000, ADR=0, Rigid=1, Capture_Method=0
Stage 0: PT=0, T_stage=0.523500, bytes=0, T_capped=0
Stage 1: PT=6, T_stage=0.000000, bytes=33176880, T_capped=0
Group 1: Iters=10, Procs=2688, Factors=1.000000, Dist=2, RM=0, SM=1, RS=0, SS=0, parents=896, children=0
Async_Iters: 0
T_iter: 1.189246 1.242931 1.403289 1.263147 1.175639 1.165883 1.349513 1.229935 1.065163 1.146558 
T_stage 0: 0.825762 0.849083 0.884242 0.876257 0.882328 0.877681 0.890712 0.872167 0.868177 0.870433 
T_stage 1: 0.363313 0.391265 0.517470 0.386702 0.294483 0.288601 0.468250 0.361998 0.198823 0.280403 
Config: granularity=100000, SDR=10000, ADR=0, Rigid=1, Capture_Method=0
Stage 0: PT=0, T_stage=0.523500, bytes=0, T_capped=0
Stage 1: PT=6, T_stage=0.000000, bytes=33176880, T_capped=0
Group 1: Iters=10, Procs=2688, Factors=1.000000, Dist=2, RM=0, SM=1, RS=0, SS=0, parents=896, children=0
Async_Iters: 0
T_iter: 1.124188 1.049722 1.214194 1.071226 1.155613 1.162207 1.076235 1.138582 0.996049 1.102614 
T_stage 0: 0.751616 0.778709 0.808918 0.807846 0.785927 0.801364 0.765426 0.782400 0.763399 0.754871 
T_stage 1: 0.372552 0.245925 0.403788 0.269037 0.366156 0.364053 0.310731 0.363372 0.232387 0.356299 
Config: granularity=100000, SDR=10000, ADR=0, Rigid=1, Capture_Method=0
Stage 0: PT=0, T_stage=0.523500, bytes=0, T_capped=0
Stage 1: PT=6, T_stage=0.000000, bytes=33176880, T_capped=0
Group 1: Iters=10, Procs=2688, Factors=1.000000, Dist=2, RM=0, SM=1, RS=0, SS=0, parents=896, children=0
Async_Iters: 0
T_iter: 1.114603 1.153246 1.025076 1.098060 1.136424 1.155406 1.011653 1.148277 0.972178 1.015999 
T_stage 0: 0.735850 0.748642 0.783315 0.789693 0.787265 0.780433 0.777588 0.791387 0.772648 0.758820 
T_stage 1: 0.374976 0.376328 0.232060 0.309271 0.358938 0.373892 0.234289 0.358039 0.200006 0.256862 
Config: granularity=100000, SDR=10000, ADR=0, Rigid=1, Capture_Method=0
Stage 0: PT=0, T_stage=0.523500, bytes=0, T_capped=0
Stage 1: PT=6, T_stage=0.000000, bytes=33176880, T_capped=0
Group 1: Iters=10, Procs=2688, Factors=1.000000, Dist=2, RM=0, SM=1, RS=0, SS=0, parents=896, children=0
Async_Iters: 0
T_iter: 1.067738 1.060932 1.168365 1.190400 1.311772 1.114486 1.101576 1.232274 1.093434 1.126096 
T_stage 0: 0.826675 0.838920 0.867252 0.871697 0.874012 0.863827 0.869472 0.861770 0.866771 0.851055 
T_stage 1: 0.241207 0.205679 0.293771 0.320605 0.444237 0.253589 0.235141 0.367489 0.233776 0.272606 
Config: granularity=100000, SDR=10000, ADR=0, Rigid=1, Capture_Method=0
Stage 0: PT=0, T_stage=0.523500, bytes=0, T_capped=0
Stage 1: PT=6, T_stage=0.000000, bytes=33176880, T_capped=0
Group 1: Iters=10, Procs=2688, Factors=1.000000, Dist=2, RM=0, SM=1, RS=0, SS=0, parents=896, children=0
Async_Iters: 0
T_iter: 1.190025 1.453908 1.350774 1.139813 1.118124 1.058751 1.359937 1.105771 1.121864 1.232576 
T_stage 0: 0.819214 0.858119 0.876020 0.870593 0.873915 0.866534 0.873152 0.875421 0.856874 0.857337 
T_stage 1: 0.370979 0.609208 0.481603 0.274062 0.244431 0.198201 0.497246 0.239051 0.264576 0.379016 
