Config: granularity=100000, SDR=10000, ADR=0, Rigid=1, Capture_Method=0
Stage 0: PT=0, T_stage=0.523500, bytes=0, T_capped=0
Stage 1: PT=6, T_stage=0.000000, bytes=33176880, T_capped=0
Group 1: Iters=10, Procs=2688, Factors=1.000000, Dist=2, RM=0, SM=1, RS=0, SS=0, parents=1792, children=0
Async_Iters: 0
T_iter: 1.137244 1.164060 1.043524 1.169563 1.024900 1.135295 1.057918 1.133423 0.995796 1.157193 
T_stage 0: 0.752504 0.782516 0.809155 0.815816 0.800871 0.803396 0.798441 0.811563 0.793389 0.799162 
T_stage 1: 0.381213 0.357579 0.234809 0.358250 0.224110 0.332619 0.258353 0.327981 0.201358 0.365081 
Config: granularity=100000, SDR=10000, ADR=0, Rigid=1, Capture_Method=0
Stage 0: PT=0, T_stage=0.523500, bytes=0, T_capped=0
Stage 1: PT=6, T_stage=0.000000, bytes=33176880, T_capped=0
Group 1: Iters=10, Procs=2688, Factors=1.000000, Dist=2, RM=0, SM=1, RS=0, SS=0, parents=1792, children=0
Async_Iters: 0
T_iter: 1.056030 1.005441 1.047165 1.110055 1.077821 1.158436 0.973448 1.183944 1.129337 1.132524 
T_stage 0: 0.737697 0.778352 0.780444 0.790089 0.770734 0.784095 0.770831 0.782511 0.775802 0.775672 
T_stage 1: 0.318220 0.225298 0.264681 0.324272 0.308289 0.384156 0.201487 0.401048 0.345293 0.356928 
Config: granularity=100000, SDR=10000, ADR=0, Rigid=1, Capture_Method=0
Stage 0: PT=0, T_stage=0.523500, bytes=0, T_capped=0
Stage 1: PT=6, T_stage=0.000000, bytes=33176880, T_capped=0
Group 1: Iters=10, Procs=2688, Factors=1.000000, Dist=2, RM=0, SM=1, RS=0, SS=0, parents=1792, children=0
Async_Iters: 0
T_iter: 1.145288 1.142782 1.179090 1.082219 1.022096 1.071555 1.136607 1.085828 1.139652 1.037980 
T_stage 0: 0.739903 0.758969 0.789277 0.799673 0.781949 0.786633 0.781614 0.794381 0.774767 0.774048 
T_stage 1: 0.401828 0.381238 0.378753 0.284160 0.240983 0.286583 0.358021 0.296625 0.365308 0.263960 
Config: granularity=100000, SDR=10000, ADR=0, Rigid=1, Capture_Method=0
Stage 0: PT=0, T_stage=0.523500, bytes=0, T_capped=0
Stage 1: PT=6, T_stage=0.000000, bytes=33176880, T_capped=0
Group 1: Iters=10, Procs=2688, Factors=1.000000, Dist=2, RM=0, SM=1, RS=0, SS=0, parents=1792, children=0
Async_Iters: 0
T_iter: 1.192801 1.199990 1.108149 1.182935 1.083907 1.116545 1.024696 1.046336 1.040564 1.157104 
T_stage 0: 0.754872 0.791642 0.803646 0.812185 0.803191 0.808968 0.798200 0.804793 0.796452 0.794388 
T_stage 1: 0.435771 0.408341 0.297288 0.364383 0.294806 0.314689 0.229734 0.242155 0.235676 0.361373 
Config: granularity=100000, SDR=10000, ADR=0, Rigid=1, Capture_Method=0
Stage 0: PT=0, T_stage=0.523500, bytes=0, T_capped=0
Stage 1: PT=6, T_stage=0.000000, bytes=33176880, T_capped=0
Group 1: Iters=10, Procs=2688, Factors=1.000000, Dist=2, RM=0, SM=1, RS=0, SS=0, parents=1792, children=0
Async_Iters: 0
T_iter: 1.148871 1.197107 1.003120 1.045204 0.987247 0.966840 1.002752 1.226561 1.064534 1.140556 
T_stage 0: 0.758769 0.771412 0.788154 0.795839 0.791596 0.782355 0.784039 0.785792 0.780183 0.777336 
T_stage 1: 0.380113 0.427854 0.209766 0.250597 0.203590 0.180235 0.219173 0.442847 0.287704 0.363700 
Config: granularity=100000, SDR=10000, ADR=0, Rigid=1, Capture_Method=0
Stage 0: PT=0, T_stage=0.523500, bytes=0, T_capped=0
Stage 1: PT=6, T_stage=0.000000, bytes=33176880, T_capped=0
Group 1: Iters=10, Procs=2688, Factors=1.000000, Dist=2, RM=0, SM=1, RS=0, SS=0, parents=1792, children=0
Async_Iters: 0
T_iter: 1.050747 0.981777 1.063854 1.006652 1.005571 1.033733 1.010332 1.215757 1.009756 1.107105 
T_stage 0: 0.748692 0.766374 0.791400 0.790024 0.779928 0.778197 0.774339 0.763367 0.770727 0.764103 
T_stage 1: 0.295720 0.212323 0.275008 0.218475 0.222573 0.256289 0.243022 0.443823 0.237563 0.342367 
Config: granularity=100000, SDR=10000, ADR=0, Rigid=1, Capture_Method=0
Stage 0: PT=0, T_stage=0.523500, bytes=0, T_capped=0
Stage 1: PT=6, T_stage=0.000000, bytes=33176880, T_capped=0
Group 1: Iters=10, Procs=2688, Factors=1.000000, Dist=2, RM=0, SM=1, RS=0, SS=0, parents=1792, children=0
Async_Iters: 0
T_iter: 1.137990 1.294024 1.287158 1.197070 1.068022 1.065279 1.230686 1.182442 1.195753 1.183513 
T_stage 0: 0.851805 0.856283 0.867195 0.860817 0.866181 0.861952 0.862466 0.861905 0.851732 0.852802 
T_stage 1: 0.284468 0.438894 0.415967 0.335927 0.199662 0.205427 0.352970 0.323120 0.339833 0.330477 
Config: granularity=100000, SDR=10000, ADR=0, Rigid=1, Capture_Method=0
Stage 0: PT=0, T_stage=0.523500, bytes=0, T_capped=0
Stage 1: PT=6, T_stage=0.000000, bytes=33176880, T_capped=0
Group 1: Iters=10, Procs=2688, Factors=1.000000, Dist=2, RM=0, SM=1, RS=0, SS=0, parents=1792, children=0
Async_Iters: 0
T_iter: 1.174820 1.183777 1.139686 1.050913 1.163010 1.124666 1.016909 1.165766 1.121808 1.040548 
T_stage 0: 0.773967 0.782988 0.801415 0.810230 0.796998 0.802971 0.801772 0.806263 0.793844 0.794083 
T_stage 1: 0.398004 0.397722 0.330645 0.244625 0.353858 0.327070 0.224401 0.363784 0.329243 0.249214 
Config: granularity=100000, SDR=10000, ADR=0, Rigid=1, Capture_Method=0
Stage 0: PT=0, T_stage=0.523500, bytes=0, T_capped=0
Stage 1: PT=6, T_stage=0.000000, bytes=33176880, T_capped=0
Group 1: Iters=10, Procs=2688, Factors=1.000000, Dist=2, RM=0, SM=1, RS=0, SS=0, parents=1792, children=0
Async_Iters: 0
T_iter: 1.197890 1.212549 1.259419 1.214531 1.090857 1.077034 1.218732 1.189863 1.205255 1.152750 
T_stage 0: 0.829063 0.854686 0.861143 0.851832 0.860175 0.851337 0.845789 0.852732 0.844492 0.845457 
T_stage 1: 0.367037 0.358299 0.402115 0.363029 0.240333 0.222200 0.364689 0.339765 0.359560 0.307534 
Config: granularity=100000, SDR=10000, ADR=0, Rigid=1, Capture_Method=0
Stage 0: PT=0, T_stage=0.523500, bytes=0, T_capped=0
Stage 1: PT=6, T_stage=0.000000, bytes=33176880, T_capped=0
Group 1: Iters=10, Procs=2688, Factors=1.000000, Dist=2, RM=0, SM=1, RS=0, SS=0, parents=1792, children=0
Async_Iters: 0
T_iter: 1.185256 1.206018 1.082710 1.055513 1.041763 1.143099 1.049324 1.046275 1.022279 1.126191 
T_stage 0: 0.748765 0.780238 0.785181 0.778166 0.779425 0.776134 0.774135 0.777581 0.785355 0.763982 
T_stage 1: 0.433892 0.419863 0.293496 0.277686 0.262322 0.365417 0.277910 0.275831 0.239547 0.362347 
Config: granularity=100000, SDR=10000, ADR=0, Rigid=1, Capture_Method=0
Stage 0: PT=0, T_stage=0.523500, bytes=0, T_capped=0
Stage 1: PT=6, T_stage=0.000000, bytes=33176880, T_capped=0
Group 1: Iters=10, Procs=2688, Factors=1.000000, Dist=2, RM=0, SM=1, RS=0, SS=0, parents=1792, children=0
Async_Iters: 0
T_iter: 1.180594 1.188764 1.341087 1.210512 1.212925 1.216355 1.289950 1.149978 1.060202 1.132153 
T_stage 0: 0.822760 0.830261 0.858621 0.854499 0.858000 0.856523 0.875008 0.851002 0.846702 0.846918 
T_stage 1: 0.354879 0.352735 0.470390 0.355613 0.358371 0.363500 0.428359 0.301831 0.214896 0.283258 
Config: granularity=100000, SDR=10000, ADR=0, Rigid=1, Capture_Method=0
Stage 0: PT=0, T_stage=0.523500, bytes=0, T_capped=0
Stage 1: PT=6, T_stage=0.000000, bytes=33176880, T_capped=0
Group 1: Iters=10, Procs=2688, Factors=1.000000, Dist=2, RM=0, SM=1, RS=0, SS=0, parents=1792, children=0
Async_Iters: 0
T_iter: 1.121165 1.154289 1.113153 1.074740 1.165652 1.077796 1.033684 1.027324 1.049460 1.075278 
T_stage 0: 0.752555 0.777691 0.806831 0.800983 0.810269 0.772272 0.790322 0.796599 0.798550 0.787179 
T_stage 1: 0.364266 0.375480 0.309431 0.274172 0.362329 0.313934 0.242378 0.234165 0.252547 0.287592 
Config: granularity=100000, SDR=10000, ADR=0, Rigid=1, Capture_Method=0
Stage 0: PT=0, T_stage=0.523500, bytes=0, T_capped=0
Stage 1: PT=6, T_stage=0.000000, bytes=33176880, T_capped=0
Group 1: Iters=10, Procs=2688, Factors=1.000000, Dist=2, RM=0, SM=1, RS=0, SS=0, parents=1792, children=0
Async_Iters: 0
T_iter: 1.128763 1.150448 1.011945 0.994331 0.967257 1.142652 1.133325 1.034514 1.007409 1.058662 
T_stage 0: 0.759184 0.770328 0.774483 0.778680 0.770155 0.776246 0.766897 0.779043 0.769758 0.763710 
T_stage 1: 0.365621 0.375849 0.236789 0.216519 0.196976 0.368968 0.365277 0.252967 0.244337 0.295225 
Config: granularity=100000, SDR=10000, ADR=0, Rigid=1, Capture_Method=0
Stage 0: PT=0, T_stage=0.523500, bytes=0, T_capped=0
Stage 1: PT=6, T_stage=0.000000, bytes=33176880, T_capped=0
Group 1: Iters=10, Procs=2688, Factors=1.000000, Dist=2, RM=0, SM=1, RS=0, SS=0, parents=1792, children=0
Async_Iters: 0
T_iter: 1.061946 1.318714 1.155621 1.082759 1.253671 1.096157 1.233913 1.135768 1.196239 1.103005 
T_stage 0: 0.823245 0.848743 0.875764 0.882410 0.888659 0.872172 0.858227 0.867153 0.853551 0.857181 
T_stage 1: 0.239218 0.465111 0.271765 0.201097 0.378631 0.222079 0.365029 0.265644 0.343249 0.245955 
Config: granularity=100000, SDR=10000, ADR=0, Rigid=1, Capture_Method=0
Stage 0: PT=0, T_stage=0.523500, bytes=0, T_capped=0
Stage 1: PT=6, T_stage=0.000000, bytes=33176880, T_capped=0
Group 1: Iters=10, Procs=2688, Factors=1.000000, Dist=2, RM=0, SM=1, RS=0, SS=0, parents=1792, children=0
Async_Iters: 0
T_iter: 1.033869 1.035227 1.043252 1.031779 0.999978 1.090872 0.976717 1.148268 0.995734 1.132547 
T_stage 0: 0.744918 0.783312 0.798131 0.802933 0.799825 0.798038 0.782425 0.788020 0.782697 0.786306 
T_stage 1: 0.289145 0.252369 0.252332 0.236756 0.208580 0.306657 0.194518 0.340162 0.213538 0.340751 
Config: granularity=100000, SDR=10000, ADR=0, Rigid=1, Capture_Method=0
Stage 0: PT=0, T_stage=0.523500, bytes=0, T_capped=0
Stage 1: PT=6, T_stage=0.000000, bytes=33176880, T_capped=0
Group 1: Iters=10, Procs=2688, Factors=1.000000, Dist=2, RM=0, SM=1, RS=0, SS=0, parents=1792, children=0
Async_Iters: 0
T_iter: 1.252426 1.282011 1.262208 1.146086 1.155436 1.133356 1.297246 1.111171 1.059424 1.169667 
T_stage 0: 0.830108 0.831379 0.843497 0.847826 0.844095 0.845532 0.836953 0.873602 0.830235 0.861563 
T_stage 1: 0.420174 0.448018 0.416736 0.305363 0.319228 0.287357 0.456620 0.248875 0.233614 0.306133 
Config: granularity=100000, SDR=10000, ADR=0, Rigid=1, Capture_Method=0
Stage 0: PT=0, T_stage=0.523500, bytes=0, T_capped=0
Stage 1: PT=6, T_stage=0.000000, bytes=33176880, T_capped=0
Group 1: Iters=10, Procs=2688, Factors=1.000000, Dist=2, RM=0, SM=1, RS=0, SS=0, parents=1792, children=0
Async_Iters: 0
T_iter: 1.113276 1.245305 1.171569 1.193083 1.026815 1.165895 1.196412 1.066987 1.057537 1.055750 
T_stage 0: 0.792214 0.826523 0.818792 0.852291 0.820696 0.820991 0.840511 0.846073 0.835775 0.814945 
T_stage 1: 0.321244 0.422700 0.343038 0.329064 0.207701 0.350499 0.359707 0.227464 0.227508 0.242621 
Config: granularity=100000, SDR=10000, ADR=0, Rigid=1, Capture_Method=0
Stage 0: PT=0, T_stage=0.523500, bytes=0, T_capped=0
Stage 1: PT=6, T_stage=0.000000, bytes=33176880, T_capped=0
Group 1: Iters=10, Procs=2688, Factors=1.000000, Dist=2, RM=0, SM=1, RS=0, SS=0, parents=1792, children=0
Async_Iters: 0
T_iter: 1.017324 1.174162 1.163925 1.160746 1.017547 1.109628 1.154765 1.141235 0.981352 1.004511 
T_stage 0: 0.745427 0.788194 0.795146 0.795353 0.798218 0.786262 0.783616 0.788832 0.774085 0.772081 
T_stage 1: 0.271622 0.368628 0.366040 0.368204 0.222331 0.319506 0.368713 0.355741 0.208094 0.232546 
Config: granularity=100000, SDR=10000, ADR=0, Rigid=1, Capture_Method=0
Stage 0: PT=0, T_stage=0.523500, bytes=0, T_capped=0
Stage 1: PT=6, T_stage=0.000000, bytes=33176880, T_capped=0
Group 1: Iters=10, Procs=2688, Factors=1.000000, Dist=2, RM=0, SM=1, RS=0, SS=0, parents=1792, children=0
Async_Iters: 0
T_iter: 1.142580 1.158533 1.092088 0.992928 0.997665 0.966871 0.992945 1.186733 1.071033 0.948205 
T_stage 0: 0.733528 0.787326 0.759924 0.763775 0.757853 0.756644 0.760318 0.754999 0.759166 0.753081 
T_stage 1: 0.399748 0.359115 0.328459 0.230735 0.240244 0.208675 0.226980 0.428675 0.309357 0.187640 
Config: granularity=100000, SDR=10000, ADR=0, Rigid=1, Capture_Method=0
Stage 0: PT=0, T_stage=0.523500, bytes=0, T_capped=0
Stage 1: PT=6, T_stage=0.000000, bytes=33176880, T_capped=0
Group 1: Iters=10, Procs=2688, Factors=1.000000, Dist=2, RM=0, SM=1, RS=0, SS=0, parents=1792, children=0
Async_Iters: 0
T_iter: 1.249113 1.169095 1.255904 1.104690 1.106764 1.014744 0.994665 1.140278 1.048705 1.060453 
T_stage 0: 0.742699 0.804437 0.785512 0.778924 0.782266 0.779419 0.774043 0.781229 0.770229 0.769933 
T_stage 1: 0.504276 0.370081 0.472698 0.326752 0.328024 0.236566 0.220739 0.353959 0.271531 0.286544 
