Config loaded: R=1, S=2, granularity=100000, SDR=10000, ADR=0, Rigid=1, Capture_Method=0
Stage 0: PT=0, T_stage=0.523500, bytes=0, T_capped=0
Stage 1: PT=6, T_stage=0.000000, bytes=33176880, T_capped=0
Group 0: Iters=5, Procs=112, Factors=1.000000, Dist=2, RM=0, SM=0, RS=0, SS=0
Group 1: Iters=10, Procs=3584, Factors=1.000000, Dist=2, RM=0, SM=1, RS=0, SS=0
T_spawn: 11.147954 
T_SR: 0.034280 
T_AR: 0.000000 
T_US: 0.003647 
T_Malleability: 11.221584 
T_total: 25.877845
Config loaded: R=1, S=2, granularity=100000, SDR=10000, ADR=0, Rigid=1, Capture_Method=0
Stage 0: PT=0, T_stage=0.523500, bytes=0, T_capped=0
Stage 1: PT=6, T_stage=0.000000, bytes=33176880, T_capped=0
Group 0: Iters=5, Procs=112, Factors=1.000000, Dist=2, RM=0, SM=0, RS=0, SS=0
Group 1: Iters=10, Procs=3584, Factors=1.000000, Dist=2, RM=0, SM=1, RS=0, SS=0
T_spawn: 12.137521 
T_SR: 0.026173 
T_AR: 0.000000 
T_US: 0.003211 
T_Malleability: 12.179810 
T_total: 26.563461
Config loaded: R=1, S=2, granularity=100000, SDR=10000, ADR=0, Rigid=1, Capture_Method=0
Stage 0: PT=0, T_stage=0.523500, bytes=0, T_capped=0
Stage 1: PT=6, T_stage=0.000000, bytes=33176880, T_capped=0
Group 0: Iters=5, Procs=112, Factors=1.000000, Dist=2, RM=0, SM=0, RS=0, SS=0
Group 1: Iters=10, Procs=3584, Factors=1.000000, Dist=2, RM=0, SM=1, RS=0, SS=0
T_spawn: 11.387380 
T_SR: 0.037963 
T_AR: 0.000000 
T_US: 0.003742 
T_Malleability: 11.446640 
T_total: 26.195588
Config loaded: R=1, S=2, granularity=100000, SDR=10000, ADR=0, Rigid=1, Capture_Method=0
Stage 0: PT=0, T_stage=0.523500, bytes=0, T_capped=0
Stage 1: PT=6, T_stage=0.000000, bytes=33176880, T_capped=0
Group 0: Iters=5, Procs=112, Factors=1.000000, Dist=2, RM=0, SM=0, RS=0, SS=0
Group 1: Iters=10, Procs=3584, Factors=1.000000, Dist=2, RM=0, SM=1, RS=0, SS=0
T_spawn: 12.491519 
T_SR: 0.022945 
T_AR: 0.000000 
T_US: 0.016742 
T_Malleability: 12.538073 
T_total: 31.663503
Config loaded: R=1, S=2, granularity=100000, SDR=10000, ADR=0, Rigid=1, Capture_Method=0
Stage 0: PT=0, T_stage=0.523500, bytes=0, T_capped=0
Stage 1: PT=6, T_stage=0.000000, bytes=33176880, T_capped=0
Group 0: Iters=5, Procs=112, Factors=1.000000, Dist=2, RM=0, SM=0, RS=0, SS=0
Group 1: Iters=10, Procs=3584, Factors=1.000000, Dist=2, RM=0, SM=1, RS=0, SS=0
T_spawn: 11.748151 
T_SR: 0.024404 
T_AR: 0.000000 
T_US: 0.019936 
T_Malleability: 11.800550 
T_total: 28.792150
Config loaded: R=1, S=2, granularity=100000, SDR=10000, ADR=0, Rigid=1, Capture_Method=0
Stage 0: PT=0, T_stage=0.523500, bytes=0, T_capped=0
Stage 1: PT=6, T_stage=0.000000, bytes=33176880, T_capped=0
Group 0: Iters=5, Procs=112, Factors=1.000000, Dist=2, RM=0, SM=0, RS=0, SS=0
Group 1: Iters=10, Procs=3584, Factors=1.000000, Dist=2, RM=0, SM=1, RS=0, SS=0
T_spawn: 11.527109 
T_SR: 0.020982 
T_AR: 0.000000 
T_US: 0.016749 
T_Malleability: 11.587980 
T_total: 26.201647
Config loaded: R=1, S=2, granularity=100000, SDR=10000, ADR=0, Rigid=1, Capture_Method=0
Stage 0: PT=0, T_stage=0.523500, bytes=0, T_capped=0
Stage 1: PT=6, T_stage=0.000000, bytes=33176880, T_capped=0
Group 0: Iters=5, Procs=112, Factors=1.000000, Dist=2, RM=0, SM=0, RS=0, SS=0
Group 1: Iters=10, Procs=3584, Factors=1.000000, Dist=2, RM=0, SM=1, RS=0, SS=0
T_spawn: 11.843691 
T_SR: 0.042732 
T_AR: 0.000000 
T_US: 0.030905 
T_Malleability: 11.927046 
T_total: 27.226782
Config loaded: R=1, S=2, granularity=100000, SDR=10000, ADR=0, Rigid=1, Capture_Method=0
Stage 0: PT=0, T_stage=0.523500, bytes=0, T_capped=0
Stage 1: PT=6, T_stage=0.000000, bytes=33176880, T_capped=0
Group 0: Iters=5, Procs=112, Factors=1.000000, Dist=2, RM=0, SM=0, RS=0, SS=0
Group 1: Iters=10, Procs=3584, Factors=1.000000, Dist=2, RM=0, SM=1, RS=0, SS=0
T_spawn: 11.988411 
T_SR: 0.024870 
T_AR: 0.000000 
T_US: 0.022940 
T_Malleability: 12.043948 
T_total: 27.222470
Config loaded: R=1, S=2, granularity=100000, SDR=10000, ADR=0, Rigid=1, Capture_Method=0
Stage 0: PT=0, T_stage=0.523500, bytes=0, T_capped=0
Stage 1: PT=6, T_stage=0.000000, bytes=33176880, T_capped=0
Group 0: Iters=5, Procs=112, Factors=1.000000, Dist=2, RM=0, SM=0, RS=0, SS=0
Group 1: Iters=10, Procs=3584, Factors=1.000000, Dist=2, RM=0, SM=1, RS=0, SS=0
T_spawn: 12.004166 
T_SR: 0.033112 
T_AR: 0.000000 
T_US: 0.015671 
T_Malleability: 12.073866 
T_total: 28.057425
Config loaded: R=1, S=2, granularity=100000, SDR=10000, ADR=0, Rigid=1, Capture_Method=0
Stage 0: PT=0, T_stage=0.523500, bytes=0, T_capped=0
Stage 1: PT=6, T_stage=0.000000, bytes=33176880, T_capped=0
Group 0: Iters=5, Procs=112, Factors=1.000000, Dist=2, RM=0, SM=0, RS=0, SS=0
Group 1: Iters=10, Procs=3584, Factors=1.000000, Dist=2, RM=0, SM=1, RS=0, SS=0
T_spawn: 11.301373 
T_SR: 0.025065 
T_AR: 0.000000 
T_US: 0.003468 
T_Malleability: 11.380923 
T_total: 26.482735
Config loaded: R=1, S=2, granularity=100000, SDR=10000, ADR=0, Rigid=1, Capture_Method=0
Stage 0: PT=0, T_stage=0.523500, bytes=0, T_capped=0
Stage 1: PT=6, T_stage=0.000000, bytes=33176880, T_capped=0
Group 0: Iters=5, Procs=112, Factors=1.000000, Dist=2, RM=0, SM=0, RS=0, SS=0
Group 1: Iters=10, Procs=3584, Factors=1.000000, Dist=2, RM=0, SM=1, RS=0, SS=0
T_spawn: 11.842639 
T_SR: 0.026050 
T_AR: 0.000000 
T_US: 0.030141 
T_Malleability: 11.915083 
T_total: 26.612974
Config loaded: R=1, S=2, granularity=100000, SDR=10000, ADR=0, Rigid=1, Capture_Method=0
Stage 0: PT=0, T_stage=0.523500, bytes=0, T_capped=0
Stage 1: PT=6, T_stage=0.000000, bytes=33176880, T_capped=0
Group 0: Iters=5, Procs=112, Factors=1.000000, Dist=2, RM=0, SM=0, RS=0, SS=0
Group 1: Iters=10, Procs=3584, Factors=1.000000, Dist=2, RM=0, SM=1, RS=0, SS=0
T_spawn: 11.689909 
T_SR: 0.048000 
T_AR: 0.000000 
T_US: 0.017776 
T_Malleability: 11.777909 
T_total: 26.935449
Config loaded: R=1, S=2, granularity=100000, SDR=10000, ADR=0, Rigid=1, Capture_Method=0
Stage 0: PT=0, T_stage=0.523500, bytes=0, T_capped=0
Stage 1: PT=6, T_stage=0.000000, bytes=33176880, T_capped=0
Group 0: Iters=5, Procs=112, Factors=1.000000, Dist=2, RM=0, SM=0, RS=0, SS=0
Group 1: Iters=10, Procs=3584, Factors=1.000000, Dist=2, RM=0, SM=1, RS=0, SS=0
T_spawn: 11.912497 
T_SR: 0.026407 
T_AR: 0.000000 
T_US: 0.003860 
T_Malleability: 11.972746 
T_total: 27.663990
Config loaded: R=1, S=2, granularity=100000, SDR=10000, ADR=0, Rigid=1, Capture_Method=0
Stage 0: PT=0, T_stage=0.523500, bytes=0, T_capped=0
Stage 1: PT=6, T_stage=0.000000, bytes=33176880, T_capped=0
Group 0: Iters=5, Procs=112, Factors=1.000000, Dist=2, RM=0, SM=0, RS=0, SS=0
Group 1: Iters=10, Procs=3584, Factors=1.000000, Dist=2, RM=0, SM=1, RS=0, SS=0
T_spawn: 12.175284 
T_SR: 0.033420 
T_AR: 0.000000 
T_US: 0.003418 
T_Malleability: 12.243612 
T_total: 28.722809
Config loaded: R=1, S=2, granularity=100000, SDR=10000, ADR=0, Rigid=1, Capture_Method=0
Stage 0: PT=0, T_stage=0.523500, bytes=0, T_capped=0
Stage 1: PT=6, T_stage=0.000000, bytes=33176880, T_capped=0
Group 0: Iters=5, Procs=112, Factors=1.000000, Dist=2, RM=0, SM=0, RS=0, SS=0
Group 1: Iters=10, Procs=3584, Factors=1.000000, Dist=2, RM=0, SM=1, RS=0, SS=0
T_spawn: 15.327228 
T_SR: 0.030001 
T_AR: 0.000000 
T_US: 0.025494 
T_Malleability: 15.401268 
T_total: 31.454292
Config loaded: R=1, S=2, granularity=100000, SDR=10000, ADR=0, Rigid=1, Capture_Method=0
Stage 0: PT=0, T_stage=0.523500, bytes=0, T_capped=0
Stage 1: PT=6, T_stage=0.000000, bytes=33176880, T_capped=0
Group 0: Iters=5, Procs=112, Factors=1.000000, Dist=2, RM=0, SM=0, RS=0, SS=0
Group 1: Iters=10, Procs=3584, Factors=1.000000, Dist=2, RM=0, SM=1, RS=0, SS=0
T_spawn: 12.493970 
T_SR: 0.021169 
T_AR: 0.000000 
T_US: 0.013672 
T_Malleability: 12.541123 
T_total: 28.279473
Config loaded: R=1, S=2, granularity=100000, SDR=10000, ADR=0, Rigid=1, Capture_Method=0
Stage 0: PT=0, T_stage=0.523500, bytes=0, T_capped=0
Stage 1: PT=6, T_stage=0.000000, bytes=33176880, T_capped=0
Group 0: Iters=5, Procs=112, Factors=1.000000, Dist=2, RM=0, SM=0, RS=0, SS=0
Group 1: Iters=10, Procs=3584, Factors=1.000000, Dist=2, RM=0, SM=1, RS=0, SS=0
T_spawn: 12.533899 
T_SR: 0.034117 
T_AR: 0.000000 
T_US: 0.011040 
T_Malleability: 12.593430 
T_total: 27.765962
Config loaded: R=1, S=2, granularity=100000, SDR=10000, ADR=0, Rigid=1, Capture_Method=0
Stage 0: PT=0, T_stage=0.523500, bytes=0, T_capped=0
Stage 1: PT=6, T_stage=0.000000, bytes=33176880, T_capped=0
Group 0: Iters=5, Procs=112, Factors=1.000000, Dist=2, RM=0, SM=0, RS=0, SS=0
Group 1: Iters=10, Procs=3584, Factors=1.000000, Dist=2, RM=0, SM=1, RS=0, SS=0
T_spawn: 15.311963 
T_SR: 0.029767 
T_AR: 0.000000 
T_US: 0.010521 
T_Malleability: 15.378662 
T_total: 41.913181
Config loaded: R=1, S=2, granularity=100000, SDR=10000, ADR=0, Rigid=1, Capture_Method=0
Stage 0: PT=0, T_stage=0.523500, bytes=0, T_capped=0
Stage 1: PT=6, T_stage=0.000000, bytes=33176880, T_capped=0
Group 0: Iters=5, Procs=112, Factors=1.000000, Dist=2, RM=0, SM=0, RS=0, SS=0
Group 1: Iters=10, Procs=3584, Factors=1.000000, Dist=2, RM=0, SM=1, RS=0, SS=0
T_spawn: 11.229571 
T_SR: 0.025077 
T_AR: 0.000000 
T_US: 0.003458 
T_Malleability: 11.269040 
T_total: 27.834605
Config loaded: R=1, S=2, granularity=100000, SDR=10000, ADR=0, Rigid=1, Capture_Method=0
Stage 0: PT=0, T_stage=0.523500, bytes=0, T_capped=0
Stage 1: PT=6, T_stage=0.000000, bytes=33176880, T_capped=0
Group 0: Iters=5, Procs=112, Factors=1.000000, Dist=2, RM=0, SM=0, RS=0, SS=0
Group 1: Iters=10, Procs=3584, Factors=1.000000, Dist=2, RM=0, SM=1, RS=0, SS=0
T_spawn: 12.232784 
T_SR: 0.021920 
T_AR: 0.000000 
T_US: 0.013071 
T_Malleability: 12.286842 
T_total: 27.174972
