Config: granularity=100000, SDR=10000, ADR=0, Rigid=1, Capture_Method=0
Stage 0: PT=0, T_stage=0.523500, bytes=0, T_capped=0
Stage 1: PT=6, T_stage=0.000000, bytes=33176880, T_capped=0
Group 1: Iters=10, Procs=3584, Factors=1.000000, Dist=2, RM=0, SM=1, RS=0, SS=0, parents=224, children=0
Async_Iters: 0
T_iter: 1.274589 1.276903 1.045480 1.143660 1.066994 1.231100 1.163921 1.233965 1.089222 1.183898 
T_stage 0: 0.766402 0.777215 0.770040 0.773025 0.761845 0.777607 0.758178 0.759866 0.760016 0.769088 
T_stage 1: 0.499019 0.487859 0.274699 0.375080 0.301587 0.460903 0.406353 0.478756 0.326390 0.433263 
Config: granularity=100000, SDR=10000, ADR=0, Rigid=1, Capture_Method=0
Stage 0: PT=0, T_stage=0.523500, bytes=0, T_capped=0
Stage 1: PT=6, T_stage=0.000000, bytes=33176880, T_capped=0
Group 1: Iters=10, Procs=3584, Factors=1.000000, Dist=2, RM=0, SM=1, RS=0, SS=0, parents=224, children=0
Async_Iters: 0
T_iter: 1.253279 1.321607 1.521044 1.336993 1.197945 1.123248 1.410721 1.285491 1.253401 1.131679 
T_stage 0: 0.767638 0.780907 0.811914 0.809127 0.807949 0.807077 0.821608 0.807343 0.794505 0.806316 
T_stage 1: 0.486633 0.538592 0.700101 0.527471 0.385673 0.314010 0.610899 0.484345 0.459733 0.323193 
Config: granularity=100000, SDR=10000, ADR=0, Rigid=1, Capture_Method=0
Stage 0: PT=0, T_stage=0.523500, bytes=0, T_capped=0
Stage 1: PT=6, T_stage=0.000000, bytes=33176880, T_capped=0
Group 1: Iters=10, Procs=3584, Factors=1.000000, Dist=2, RM=0, SM=1, RS=0, SS=0, parents=224, children=0
Async_Iters: 0
T_iter: 1.188656 1.727297 1.406314 1.205030 1.172858 1.264038 1.242613 1.194311 1.127914 1.235639 
T_stage 0: 0.741099 0.776298 0.807334 0.784045 0.765260 0.775352 0.797628 0.790358 0.769584 0.777306 
T_stage 1: 0.448348 0.944637 0.619110 0.421170 0.399804 0.485463 0.461951 0.414105 0.358335 0.460072 
Config: granularity=100000, SDR=10000, ADR=0, Rigid=1, Capture_Method=0
Stage 0: PT=0, T_stage=0.523500, bytes=0, T_capped=0
Stage 1: PT=6, T_stage=0.000000, bytes=33176880, T_capped=0
Group 1: Iters=10, Procs=3584, Factors=1.000000, Dist=2, RM=0, SM=1, RS=0, SS=0, parents=224, children=0
Async_Iters: 0
T_iter: 1.312697 1.338941 1.473748 1.253016 1.331169 1.241260 1.264976 1.304479 1.310016 1.330939 
T_stage 0: 0.784198 0.789697 0.825037 0.823052 0.821493 0.831875 0.850259 0.823165 0.820526 0.831165 
T_stage 1: 0.528705 0.547318 0.649008 0.429357 0.496674 0.413642 0.437604 0.486369 0.494229 0.495979 
Config: granularity=100000, SDR=10000, ADR=0, Rigid=1, Capture_Method=0
Stage 0: PT=0, T_stage=0.523500, bytes=0, T_capped=0
Stage 1: PT=6, T_stage=0.000000, bytes=33176880, T_capped=0
Group 1: Iters=10, Procs=3584, Factors=1.000000, Dist=2, RM=0, SM=1, RS=0, SS=0, parents=224, children=0
Async_Iters: 0
T_iter: 1.248208 1.404228 1.452129 1.274583 1.300699 1.048791 1.426024 1.142768 1.048574 1.223816 
T_stage 0: 0.762343 0.766256 0.809021 0.806453 0.833082 0.810098 0.813414 0.803765 0.799991 0.792698 
T_stage 1: 0.486269 0.633605 0.643311 0.467977 0.490861 0.241792 0.631184 0.347135 0.247846 0.425370 
Config: granularity=100000, SDR=10000, ADR=0, Rigid=1, Capture_Method=0
Stage 0: PT=0, T_stage=0.523500, bytes=0, T_capped=0
Stage 1: PT=6, T_stage=0.000000, bytes=33176880, T_capped=0
Group 1: Iters=10, Procs=3584, Factors=1.000000, Dist=2, RM=0, SM=1, RS=0, SS=0, parents=224, children=0
Async_Iters: 0
T_iter: 1.283169 1.865011 1.302027 1.086289 1.093761 1.235506 1.289665 1.095201 1.060238 1.227335 
T_stage 0: 0.767144 0.786847 0.832070 0.813005 0.803033 0.813251 0.820069 0.800403 0.780006 0.777827 
T_stage 1: 0.505001 1.074446 0.491433 0.280390 0.289928 0.432539 0.492896 0.298498 0.275537 0.439710 
Config: granularity=100000, SDR=10000, ADR=0, Rigid=1, Capture_Method=0
Stage 0: PT=0, T_stage=0.523500, bytes=0, T_capped=0
Stage 1: PT=6, T_stage=0.000000, bytes=33176880, T_capped=0
Group 1: Iters=10, Procs=3584, Factors=1.000000, Dist=2, RM=0, SM=1, RS=0, SS=0, parents=224, children=0
Async_Iters: 0
T_iter: 1.366919 1.502583 1.546071 1.227594 1.489654 1.294404 1.357879 1.137729 1.228491 1.252852 
T_stage 0: 0.832585 0.851115 0.890532 0.874199 0.872940 0.869026 0.874846 0.864344 0.870653 0.862502 
T_stage 1: 0.533941 0.652543 0.674497 0.358357 0.616741 0.421484 0.483305 0.272607 0.362422 0.381443 
Config: granularity=100000, SDR=10000, ADR=0, Rigid=1, Capture_Method=0
Stage 0: PT=0, T_stage=0.523500, bytes=0, T_capped=0
Stage 1: PT=6, T_stage=0.000000, bytes=33176880, T_capped=0
Group 1: Iters=10, Procs=3584, Factors=1.000000, Dist=2, RM=0, SM=1, RS=0, SS=0, parents=224, children=0
Async_Iters: 0
T_iter: 1.302886 1.409810 1.443567 1.259250 1.305406 1.300394 1.164006 1.228752 1.247108 1.148530 
T_stage 0: 0.755287 0.786998 0.819449 0.803023 0.798685 0.801672 0.816795 0.798701 0.790316 0.799389 
T_stage 1: 0.505781 0.622190 0.638879 0.454729 0.493805 0.489133 0.357380 0.434910 0.457494 0.356945 
Config: granularity=100000, SDR=10000, ADR=0, Rigid=1, Capture_Method=0
Stage 0: PT=0, T_stage=0.523500, bytes=0, T_capped=0
Stage 1: PT=6, T_stage=0.000000, bytes=33176880, T_capped=0
Group 1: Iters=10, Procs=3584, Factors=1.000000, Dist=2, RM=0, SM=1, RS=0, SS=0, parents=224, children=0
Async_Iters: 0
T_iter: 1.292852 1.805827 1.329104 1.176015 1.302253 1.123295 1.311048 1.087895 1.057926 1.348991 
T_stage 0: 0.767463 0.787285 0.857370 0.818262 0.816959 0.815537 0.838292 0.816105 0.813630 0.813096 
T_stage 1: 0.506994 1.017816 0.494617 0.357558 0.471765 0.302280 0.484891 0.276818 0.246595 0.539846 
Config: granularity=100000, SDR=10000, ADR=0, Rigid=1, Capture_Method=0
Stage 0: PT=0, T_stage=0.523500, bytes=0, T_capped=0
Stage 1: PT=6, T_stage=0.000000, bytes=33176880, T_capped=0
Group 1: Iters=10, Procs=3584, Factors=1.000000, Dist=2, RM=0, SM=1, RS=0, SS=0, parents=224, children=0
Async_Iters: 0
T_iter: 1.136434 1.478939 1.561584 1.366818 1.448037 1.236181 1.180427 1.325306 1.250681 1.790604 
T_stage 0: 0.830641 0.841546 0.896932 0.890599 0.884500 0.859044 0.875168 0.855796 0.847066 1.451903 
T_stage 1: 0.305289 0.635975 0.673861 0.478706 0.558202 0.378414 0.314517 0.471378 0.400525 0.339779 
Config: granularity=100000, SDR=10000, ADR=0, Rigid=1, Capture_Method=0
Stage 0: PT=0, T_stage=0.523500, bytes=0, T_capped=0
Stage 1: PT=6, T_stage=0.000000, bytes=33176880, T_capped=0
Group 1: Iters=10, Procs=3584, Factors=1.000000, Dist=2, RM=0, SM=1, RS=0, SS=0, parents=224, children=0
Async_Iters: 0
T_iter: 1.325553 1.394620 1.458679 1.265183 1.364666 1.265273 1.156791 1.124607 1.237481 1.324786 
T_stage 0: 0.815293 0.840011 0.870129 0.857273 0.850716 0.849565 0.865465 0.843238 0.843421 0.853572 
T_stage 1: 0.510124 0.555157 0.604547 0.412749 0.499347 0.414829 0.301577 0.280549 0.395627 0.480355 
Config: granularity=100000, SDR=10000, ADR=0, Rigid=1, Capture_Method=0
Stage 0: PT=0, T_stage=0.523500, bytes=0, T_capped=0
Stage 1: PT=6, T_stage=0.000000, bytes=33176880, T_capped=0
Group 1: Iters=10, Procs=3584, Factors=1.000000, Dist=2, RM=0, SM=1, RS=0, SS=0, parents=224, children=0
Async_Iters: 0
T_iter: 1.120284 1.148531 1.190031 1.246920 1.141665 1.328506 1.267059 1.118053 1.119160 1.161851 
T_stage 0: 0.831800 0.844731 0.879731 0.887606 0.867547 0.871220 0.864396 0.869089 0.857103 0.856488 
T_stage 1: 0.288636 0.283301 0.308152 0.360622 0.273342 0.462970 0.396124 0.249277 0.262690 0.302744 
Config: granularity=100000, SDR=10000, ADR=0, Rigid=1, Capture_Method=0
Stage 0: PT=0, T_stage=0.523500, bytes=0, T_capped=0
Stage 1: PT=6, T_stage=0.000000, bytes=33176880, T_capped=0
Group 1: Iters=10, Procs=3584, Factors=1.000000, Dist=2, RM=0, SM=1, RS=0, SS=0, parents=224, children=0
Async_Iters: 0
T_iter: 1.229646 1.326131 1.499306 1.311017 1.201535 2.959696 3.843046 3.852400 3.806310 3.795125 
T_stage 0: 0.750559 0.779472 0.795977 0.792908 0.790410 2.497771 3.385292 3.365111 3.331383 3.319491 
T_stage 1: 0.479942 0.544930 0.680920 0.516085 0.408008 0.462996 0.457964 0.487156 0.477149 0.477956 
Config: granularity=100000, SDR=10000, ADR=0, Rigid=1, Capture_Method=0
Stage 0: PT=0, T_stage=0.523500, bytes=0, T_capped=0
Stage 1: PT=6, T_stage=0.000000, bytes=33176880, T_capped=0
Group 1: Iters=10, Procs=3584, Factors=1.000000, Dist=2, RM=0, SM=1, RS=0, SS=0, parents=224, children=0
Async_Iters: 0
T_iter: 1.249784 1.404725 1.468212 1.310121 1.049865 1.210496 1.432807 1.253468 1.253239 1.136225 
T_stage 0: 0.756454 0.780650 0.814326 0.794066 0.781355 0.789624 0.783818 0.778978 0.769582 0.777666 
T_stage 1: 0.493092 0.623977 0.662393 0.515835 0.269300 0.428341 0.659552 0.481848 0.483653 0.362332 
Config: granularity=100000, SDR=10000, ADR=0, Rigid=1, Capture_Method=0
Stage 0: PT=0, T_stage=0.523500, bytes=0, T_capped=0
Stage 1: PT=6, T_stage=0.000000, bytes=33176880, T_capped=0
Group 1: Iters=10, Procs=3584, Factors=1.000000, Dist=2, RM=0, SM=1, RS=0, SS=0, parents=224, children=0
Async_Iters: 0
T_iter: 1.259151 1.245905 1.090119 1.070911 1.065507 1.200257 1.290845 1.123070 1.051553 1.080773 
T_stage 0: 0.752583 0.761263 0.808265 0.810145 0.795700 0.794849 0.803163 0.807477 0.794036 0.789057 
T_stage 1: 0.501378 0.438230 0.269020 0.261525 0.259570 0.396985 0.487937 0.323544 0.263203 0.293309 
Config: granularity=100000, SDR=10000, ADR=0, Rigid=1, Capture_Method=0
Stage 0: PT=0, T_stage=0.523500, bytes=0, T_capped=0
Stage 1: PT=6, T_stage=0.000000, bytes=33176880, T_capped=0
Group 1: Iters=10, Procs=3584, Factors=1.000000, Dist=2, RM=0, SM=1, RS=0, SS=0, parents=224, children=0
Async_Iters: 0
T_iter: 1.152641 1.106768 1.133507 1.361750 1.170060 1.357118 1.192514 1.185567 1.180521 1.121088 
T_stage 0: 0.828934 0.840629 0.883312 0.889544 0.872522 0.882496 0.871282 0.880885 0.868764 0.865963 
T_stage 1: 0.324020 0.245377 0.253420 0.471942 0.297600 0.481950 0.317246 0.303066 0.314302 0.259545 
Config: granularity=100000, SDR=10000, ADR=0, Rigid=1, Capture_Method=0
Stage 0: PT=0, T_stage=0.523500, bytes=0, T_capped=0
Stage 1: PT=6, T_stage=0.000000, bytes=33176880, T_capped=0
Group 1: Iters=10, Procs=3584, Factors=1.000000, Dist=2, RM=0, SM=1, RS=0, SS=0, parents=224, children=0
Async_Iters: 0
T_iter: 1.132139 1.129825 1.227753 1.160319 1.209562 1.314521 1.176174 1.121416 1.191734 1.160848 
T_stage 0: 0.799602 0.797374 0.862894 0.860406 0.848447 0.848881 0.836910 0.846618 0.835097 0.831572 
T_stage 1: 0.332904 0.316882 0.358020 0.300744 0.365019 0.469220 0.328115 0.275457 0.354553 0.324520 
Config: granularity=100000, SDR=10000, ADR=0, Rigid=1, Capture_Method=0
Stage 0: PT=0, T_stage=0.523500, bytes=0, T_capped=0
Stage 1: PT=6, T_stage=0.000000, bytes=33176880, T_capped=0
Group 1: Iters=10, Procs=3584, Factors=1.000000, Dist=2, RM=0, SM=1, RS=0, SS=0, parents=224, children=0
Async_Iters: 0
T_iter: 1.183846 1.693422 1.483499 1.195895 1.458446 1.231711 1.295429 1.073737 1.123852 1.122058 
T_stage 0: 0.781000 0.774449 0.838931 0.840812 0.824451 0.818591 0.829676 0.816346 0.817701 0.817349 
T_stage 1: 0.403948 0.916834 0.656298 0.362392 0.631691 0.407802 0.462625 0.257292 0.310043 0.310272 
Config: granularity=100000, SDR=10000, ADR=0, Rigid=1, Capture_Method=0
Stage 0: PT=0, T_stage=0.523500, bytes=0, T_capped=0
Stage 1: PT=6, T_stage=0.000000, bytes=33176880, T_capped=0
Group 1: Iters=10, Procs=3584, Factors=1.000000, Dist=2, RM=0, SM=1, RS=0, SS=0, parents=224, children=0
Async_Iters: 0
T_iter: 1.343777 1.276590 1.151607 1.297010 1.334335 1.260013 1.313065 1.254500 1.126097 1.506142 
T_stage 0: 0.842894 0.855447 0.837235 0.842477 0.838293 0.860138 0.825691 0.826369 0.831817 0.829519 
T_stage 1: 0.493744 0.417405 0.312684 0.463237 0.484143 0.398255 0.487877 0.424217 0.296788 0.673716 
Config: granularity=100000, SDR=10000, ADR=0, Rigid=1, Capture_Method=0
Stage 0: PT=0, T_stage=0.523500, bytes=0, T_capped=0
Stage 1: PT=6, T_stage=0.000000, bytes=33176880, T_capped=0
Group 1: Iters=10, Procs=3584, Factors=1.000000, Dist=2, RM=0, SM=1, RS=0, SS=0, parents=224, children=0
Async_Iters: 0
T_iter: 1.265938 1.229386 1.058448 1.225582 1.089435 1.127010 1.078015 1.029035 1.184856 1.223210 
T_stage 0: 0.758731 0.778935 0.765570 0.768632 0.764303 0.777296 0.762710 0.756979 0.760729 0.759347 
T_stage 1: 0.497742 0.451451 0.293180 0.458770 0.331272 0.352348 0.319293 0.271030 0.422480 0.471466 
