Config: granularity=100000, SDR=10000, ADR=0, Rigid=1, Capture_Method=0
Stage 0: PT=0, T_stage=0.523500, bytes=0, T_capped=0
Stage 1: PT=6, T_stage=0.000000, bytes=33176880, T_capped=0
Group 1: Iters=10, Procs=112, Factors=1.000000, Dist=2, RM=0, SM=0, RS=0, SS=4, parents=224, children=0
Async_Iters: 0
T_iter: 0.715128 0.668538 0.655266 0.652866 0.667467 0.663019 0.655956 0.650498 0.645708 0.646364 
T_stage 0: 0.612887 0.628668 0.622145 0.616307 0.622364 0.621925 0.621122 0.614994 0.613285 0.613557 
T_stage 1: 0.102279 0.040303 0.033258 0.036916 0.045300 0.043363 0.035242 0.036794 0.032431 0.032831 
Config: granularity=100000, SDR=10000, ADR=0, Rigid=1, Capture_Method=0
Stage 0: PT=0, T_stage=0.523500, bytes=0, T_capped=0
Stage 1: PT=6, T_stage=0.000000, bytes=33176880, T_capped=0
Group 1: Iters=10, Procs=112, Factors=1.000000, Dist=2, RM=0, SM=0, RS=0, SS=4, parents=224, children=0
Async_Iters: 0
T_iter: 0.718042 0.671718 0.674495 0.637422 0.640014 0.630370 0.610977 0.613934 0.609751 0.614666 
T_stage 0: 0.637668 0.641779 0.644902 0.582690 0.591654 0.592288 0.579484 0.580215 0.581457 0.578478 
T_stage 1: 0.080325 0.030235 0.029949 0.055034 0.048547 0.038475 0.031534 0.033729 0.028321 0.036328 
Config: granularity=100000, SDR=10000, ADR=0, Rigid=1, Capture_Method=0
Stage 0: PT=0, T_stage=0.523500, bytes=0, T_capped=0
Stage 1: PT=6, T_stage=0.000000, bytes=33176880, T_capped=0
Group 1: Iters=10, Procs=112, Factors=1.000000, Dist=2, RM=0, SM=0, RS=0, SS=4, parents=224, children=0
Async_Iters: 0
T_iter: 0.730224 0.676672 0.635138 0.566928 0.575223 0.568512 0.583476 0.554024 0.572502 0.561123 
T_stage 0: 0.644840 0.643862 0.608773 0.529342 0.536205 0.535293 0.534412 0.527555 0.530367 0.527490 
T_stage 1: 0.085572 0.033197 0.026662 0.037978 0.040857 0.033184 0.049220 0.026429 0.043722 0.033654 
Config: granularity=100000, SDR=10000, ADR=0, Rigid=1, Capture_Method=0
Stage 0: PT=0, T_stage=0.523500, bytes=0, T_capped=0
Stage 1: PT=6, T_stage=0.000000, bytes=33176880, T_capped=0
Group 1: Iters=10, Procs=112, Factors=1.000000, Dist=2, RM=0, SM=0, RS=0, SS=4, parents=224, children=0
Async_Iters: 0
T_iter: 0.736700 0.671314 0.617659 0.564605 0.579069 0.554221 0.578350 0.553088 0.558879 0.560207 
T_stage 0: 0.645813 0.640000 0.589957 0.527695 0.534979 0.526670 0.543327 0.527445 0.528202 0.533281 
T_stage 1: 0.090992 0.031446 0.028030 0.037335 0.044499 0.027586 0.035038 0.026020 0.030629 0.026977 
Config: granularity=100000, SDR=10000, ADR=0, Rigid=1, Capture_Method=0
Stage 0: PT=0, T_stage=0.523500, bytes=0, T_capped=0
Stage 1: PT=6, T_stage=0.000000, bytes=33176880, T_capped=0
Group 1: Iters=10, Procs=112, Factors=1.000000, Dist=2, RM=0, SM=0, RS=0, SS=4, parents=224, children=0
Async_Iters: 0
T_iter: 0.701263 0.652490 0.649256 0.637598 0.670682 0.665387 0.634435 0.632579 0.611854 0.622116 
T_stage 0: 0.610752 0.617425 0.616413 0.599215 0.614744 0.616025 0.597901 0.596452 0.582031 0.591905 
T_stage 1: 0.090612 0.035141 0.033374 0.038492 0.056164 0.049455 0.036786 0.036454 0.029903 0.030204 
Config: granularity=100000, SDR=10000, ADR=0, Rigid=1, Capture_Method=0
Stage 0: PT=0, T_stage=0.523500, bytes=0, T_capped=0
Stage 1: PT=6, T_stage=0.000000, bytes=33176880, T_capped=0
Group 1: Iters=10, Procs=112, Factors=1.000000, Dist=2, RM=0, SM=0, RS=0, SS=4, parents=224, children=0
Async_Iters: 0
T_iter: 0.762328 0.719092 0.739421 0.746152 0.740029 0.737777 0.727610 0.721114 0.709858 0.737132 
T_stage 0: 0.671495 0.685839 0.706435 0.678710 0.696169 0.697970 0.693284 0.690577 0.678338 0.683044 
T_stage 1: 0.090924 0.033602 0.033164 0.068679 0.043953 0.039993 0.034420 0.030540 0.031554 0.054085 
Config: granularity=100000, SDR=10000, ADR=0, Rigid=1, Capture_Method=0
Stage 0: PT=0, T_stage=0.523500, bytes=0, T_capped=0
Stage 1: PT=6, T_stage=0.000000, bytes=33176880, T_capped=0
Group 1: Iters=10, Procs=112, Factors=1.000000, Dist=2, RM=0, SM=0, RS=0, SS=4, parents=224, children=0
Async_Iters: 0
T_iter: 0.814295 0.774174 0.780848 0.820476 0.830527 0.774684 0.766096 0.783567 0.762618 0.792619 
T_stage 0: 0.716776 0.736202 0.745299 0.770815 0.739299 0.735307 0.731685 0.748684 0.727637 0.747875 
T_stage 1: 0.097628 0.037941 0.035754 0.049983 0.092242 0.039746 0.034405 0.034900 0.034979 0.044880 
Config: granularity=100000, SDR=10000, ADR=0, Rigid=1, Capture_Method=0
Stage 0: PT=0, T_stage=0.523500, bytes=0, T_capped=0
Stage 1: PT=6, T_stage=0.000000, bytes=33176880, T_capped=0
Group 1: Iters=10, Procs=112, Factors=1.000000, Dist=2, RM=0, SM=0, RS=0, SS=4, parents=224, children=0
Async_Iters: 0
T_iter: 0.718542 0.645739 0.654461 0.655365 0.659122 0.673074 0.639820 0.645814 0.656227 0.632401 
T_stage 0: 0.622778 0.607648 0.619691 0.615771 0.619903 0.625733 0.606985 0.609351 0.622567 0.598053 
T_stage 1: 0.095701 0.038002 0.034949 0.039659 0.039343 0.048296 0.033268 0.036424 0.033645 0.034467 
Config: granularity=100000, SDR=10000, ADR=0, Rigid=1, Capture_Method=0
Stage 0: PT=0, T_stage=0.523500, bytes=0, T_capped=0
Stage 1: PT=6, T_stage=0.000000, bytes=33176880, T_capped=0
Group 1: Iters=10, Procs=112, Factors=1.000000, Dist=2, RM=0, SM=0, RS=0, SS=4, parents=224, children=0
Async_Iters: 0
T_iter: 0.782878 0.716939 0.729552 0.725438 0.731938 0.741068 0.702308 0.701333 0.709745 0.706777 
T_stage 0: 0.659790 0.677330 0.692883 0.675852 0.685284 0.694207 0.668156 0.666432 0.675673 0.672092 
T_stage 1: 0.123071 0.039653 0.036757 0.049930 0.046818 0.046951 0.034148 0.034942 0.034236 0.034702 
Config: granularity=100000, SDR=10000, ADR=0, Rigid=1, Capture_Method=0
Stage 0: PT=0, T_stage=0.523500, bytes=0, T_capped=0
Stage 1: PT=6, T_stage=0.000000, bytes=33176880, T_capped=0
Group 1: Iters=10, Procs=112, Factors=1.000000, Dist=2, RM=0, SM=0, RS=0, SS=4, parents=224, children=0
Async_Iters: 0
T_iter: 0.871328 0.846613 0.864054 0.849327 0.862433 0.853154 0.843871 0.823914 0.819858 0.853983 
T_stage 0: 0.774827 0.809880 0.796986 0.800777 0.818992 0.818527 0.806551 0.788791 0.782176 0.786938 
T_stage 1: 0.096538 0.036910 0.067643 0.049035 0.043551 0.034896 0.037320 0.035135 0.037663 0.067103 
Config: granularity=100000, SDR=10000, ADR=0, Rigid=1, Capture_Method=0
Stage 0: PT=0, T_stage=0.523500, bytes=0, T_capped=0
Stage 1: PT=6, T_stage=0.000000, bytes=33176880, T_capped=0
Group 1: Iters=10, Procs=112, Factors=1.000000, Dist=2, RM=0, SM=0, RS=0, SS=4, parents=224, children=0
Async_Iters: 0
T_iter: 0.751734 0.698075 0.712289 0.714323 0.709684 0.717487 0.690280 0.691348 0.686890 0.681090 
T_stage 0: 0.651303 0.660549 0.678148 0.658341 0.664731 0.669255 0.657823 0.655794 0.654118 0.647329 
T_stage 1: 0.100507 0.037614 0.034237 0.056245 0.045345 0.048273 0.032767 0.035697 0.032748 0.033754 
Config: granularity=100000, SDR=10000, ADR=0, Rigid=1, Capture_Method=0
Stage 0: PT=0, T_stage=0.523500, bytes=0, T_capped=0
Stage 1: PT=6, T_stage=0.000000, bytes=33176880, T_capped=0
Group 1: Iters=10, Procs=112, Factors=1.000000, Dist=2, RM=0, SM=0, RS=0, SS=4, parents=224, children=0
Async_Iters: 0
T_iter: 0.698912 0.630888 0.640740 0.639873 0.654987 0.653180 0.629763 0.635018 0.628971 0.628764 
T_stage 0: 0.608978 0.596399 0.605593 0.596427 0.613853 0.610012 0.597444 0.598033 0.596522 0.593802 
T_stage 1: 0.089940 0.034449 0.035338 0.043582 0.041336 0.043331 0.032440 0.037532 0.032563 0.034583 
Config: granularity=100000, SDR=10000, ADR=0, Rigid=1, Capture_Method=0
Stage 0: PT=0, T_stage=0.523500, bytes=0, T_capped=0
Stage 1: PT=6, T_stage=0.000000, bytes=33176880, T_capped=0
Group 1: Iters=10, Procs=112, Factors=1.000000, Dist=2, RM=0, SM=0, RS=0, SS=4, parents=224, children=0
Async_Iters: 0
T_iter: 0.806261 0.750677 0.757450 0.789006 0.821733 0.769355 0.752760 0.769059 0.744963 0.760302 
T_stage 0: 0.715859 0.715348 0.722506 0.741153 0.717332 0.725547 0.715542 0.735436 0.711362 0.721162 
T_stage 1: 0.090442 0.035427 0.034985 0.048257 0.100942 0.043962 0.037181 0.033625 0.033609 0.039206 
Config: granularity=100000, SDR=10000, ADR=0, Rigid=1, Capture_Method=0
Stage 0: PT=0, T_stage=0.523500, bytes=0, T_capped=0
Stage 1: PT=6, T_stage=0.000000, bytes=33176880, T_capped=0
Group 1: Iters=10, Procs=112, Factors=1.000000, Dist=2, RM=0, SM=0, RS=0, SS=4, parents=224, children=0
Async_Iters: 0
T_iter: 0.810913 0.773142 0.781658 0.784433 0.796978 0.778773 0.763898 0.766333 0.754972 0.770773 
T_stage 0: 0.704330 0.737276 0.747288 0.744198 0.730344 0.733848 0.722985 0.733095 0.721647 0.728731 
T_stage 1: 0.106598 0.035952 0.034429 0.040817 0.066772 0.045039 0.040890 0.033274 0.033711 0.041965 
Config: granularity=100000, SDR=10000, ADR=0, Rigid=1, Capture_Method=0
Stage 0: PT=0, T_stage=0.523500, bytes=0, T_capped=0
Stage 1: PT=6, T_stage=0.000000, bytes=33176880, T_capped=0
Group 1: Iters=10, Procs=112, Factors=1.000000, Dist=2, RM=0, SM=0, RS=0, SS=4, parents=224, children=0
Async_Iters: 0
T_iter: 0.824986 0.798126 0.782164 0.775987 0.764464 0.560621 0.582207 0.553688 0.561917 0.568308 
T_stage 0: 0.747131 0.761226 0.752575 0.747967 0.729018 0.527521 0.539137 0.528233 0.530350 0.542951 
T_stage 1: 0.077893 0.037262 0.029942 0.027995 0.035859 0.033064 0.043838 0.025414 0.031534 0.025356 
Config: granularity=100000, SDR=10000, ADR=0, Rigid=1, Capture_Method=0
Stage 0: PT=0, T_stage=0.523500, bytes=0, T_capped=0
Stage 1: PT=6, T_stage=0.000000, bytes=33176880, T_capped=0
Group 1: Iters=10, Procs=112, Factors=1.000000, Dist=2, RM=0, SM=0, RS=0, SS=4, parents=224, children=0
Async_Iters: 0
T_iter: 0.883820 0.838419 0.820002 0.835803 0.805945 0.839641 0.821963 0.817629 0.811025 0.814437 
T_stage 0: 0.755918 0.794028 0.786086 0.793474 0.771723 0.797017 0.777543 0.784884 0.777663 0.775606 
T_stage 1: 0.125891 0.044618 0.034069 0.042640 0.034202 0.043874 0.044525 0.033253 0.033364 0.039008 
Config: granularity=100000, SDR=10000, ADR=0, Rigid=1, Capture_Method=0
Stage 0: PT=0, T_stage=0.523500, bytes=0, T_capped=0
Stage 1: PT=6, T_stage=0.000000, bytes=33176880, T_capped=0
Group 1: Iters=10, Procs=112, Factors=1.000000, Dist=2, RM=0, SM=0, RS=0, SS=4, parents=224, children=0
Async_Iters: 0
T_iter: 0.745623 0.674610 0.682099 0.619668 0.601370 0.615274 0.578776 0.557275 0.558515 0.556360 
T_stage 0: 0.664602 0.643252 0.651609 0.581503 0.532215 0.535038 0.537300 0.527674 0.531095 0.527846 
T_stage 1: 0.081113 0.032130 0.030916 0.038651 0.069392 0.080151 0.041616 0.029827 0.027436 0.028675 
Config: granularity=100000, SDR=10000, ADR=0, Rigid=1, Capture_Method=0
Stage 0: PT=0, T_stage=0.523500, bytes=0, T_capped=0
Stage 1: PT=6, T_stage=0.000000, bytes=33176880, T_capped=0
Group 1: Iters=10, Procs=112, Factors=1.000000, Dist=2, RM=0, SM=0, RS=0, SS=4, parents=224, children=0
Async_Iters: 0
T_iter: 0.706401 0.708664 0.649539 0.657928 0.686608 0.651296 0.684154 0.659562 0.664849 0.654067 
T_stage 0: 0.605813 0.663850 0.613573 0.622427 0.643507 0.613243 0.640915 0.625492 0.630183 0.619573 
T_stage 1: 0.100542 0.045019 0.036095 0.035443 0.043461 0.038102 0.043395 0.034137 0.034691 0.034846 
Config: granularity=100000, SDR=10000, ADR=0, Rigid=1, Capture_Method=0
Stage 0: PT=0, T_stage=0.523500, bytes=0, T_capped=0
Stage 1: PT=6, T_stage=0.000000, bytes=33176880, T_capped=0
Group 1: Iters=10, Procs=112, Factors=1.000000, Dist=2, RM=0, SM=0, RS=0, SS=4, parents=224, children=0
Async_Iters: 0
T_iter: 0.740748 0.705471 0.698048 0.678079 0.710245 0.700368 0.689215 0.673683 0.673346 0.668870 
T_stage 0: 0.649673 0.669025 0.665815 0.645677 0.662904 0.657155 0.656270 0.644482 0.644968 0.640173 
T_stage 1: 0.091105 0.036712 0.032475 0.032581 0.047477 0.043301 0.033520 0.029545 0.028452 0.028701 
Config: granularity=100000, SDR=10000, ADR=0, Rigid=1, Capture_Method=0
Stage 0: PT=0, T_stage=0.523500, bytes=0, T_capped=0
Stage 1: PT=6, T_stage=0.000000, bytes=33176880, T_capped=0
Group 1: Iters=10, Procs=112, Factors=1.000000, Dist=2, RM=0, SM=0, RS=0, SS=4, parents=224, children=0
Async_Iters: 0
T_iter: 0.912926 0.873552 0.866737 0.884063 0.900991 0.869545 0.863387 0.841079 0.851113 0.888737 
T_stage 0: 0.784942 0.828411 0.832101 0.840794 0.839840 0.832575 0.829162 0.806101 0.800677 0.805081 
T_stage 1: 0.127950 0.045828 0.034820 0.043461 0.061349 0.037030 0.034427 0.035159 0.050515 0.084219 
