Config loaded: R=1, S=2, granularity=100000, SDR=10000, ADR=0, Rigid=1, Capture_Method=0
Stage 0: PT=0, T_stage=0.523500, bytes=0, T_capped=0
Stage 1: PT=6, T_stage=0.000000, bytes=33176880, T_capped=0
Group 0: Iters=5, Procs=896, Factors=1.000000, Dist=2, RM=0, SM=0, RS=0, SS=0
Group 1: Iters=10, Procs=112, Factors=1.000000, Dist=2, RM=0, SM=0, RS=0, SS=4
T_spawn: 9.828538 
T_SR: 0.027244 
T_AR: 0.000000 
T_US: 0.035278 
T_Malleability: 9.943810 
T_total: 22.165469
Config loaded: R=1, S=2, granularity=100000, SDR=10000, ADR=0, Rigid=1, Capture_Method=0
Stage 0: PT=0, T_stage=0.523500, bytes=0, T_capped=0
Stage 1: PT=6, T_stage=0.000000, bytes=33176880, T_capped=0
Group 0: Iters=5, Procs=896, Factors=1.000000, Dist=2, RM=0, SM=0, RS=0, SS=0
Group 1: Iters=10, Procs=112, Factors=1.000000, Dist=2, RM=0, SM=0, RS=0, SS=4
T_spawn: 9.859090 
T_SR: 0.039995 
T_AR: 0.000000 
T_US: 0.031199 
T_Malleability: 9.985928 
T_total: 22.726152
Config loaded: R=1, S=2, granularity=100000, SDR=10000, ADR=0, Rigid=1, Capture_Method=0
Stage 0: PT=0, T_stage=0.523500, bytes=0, T_capped=0
Stage 1: PT=6, T_stage=0.000000, bytes=33176880, T_capped=0
Group 0: Iters=5, Procs=896, Factors=1.000000, Dist=2, RM=0, SM=0, RS=0, SS=0
Group 1: Iters=10, Procs=112, Factors=1.000000, Dist=2, RM=0, SM=0, RS=0, SS=4
T_spawn: 10.305512 
T_SR: 0.027043 
T_AR: 0.000000 
T_US: 0.023967 
T_Malleability: 10.441426 
T_total: 21.895029
Config loaded: R=1, S=2, granularity=100000, SDR=10000, ADR=0, Rigid=1, Capture_Method=0
Stage 0: PT=0, T_stage=0.523500, bytes=0, T_capped=0
Stage 1: PT=6, T_stage=0.000000, bytes=33176880, T_capped=0
Group 0: Iters=5, Procs=896, Factors=1.000000, Dist=2, RM=0, SM=0, RS=0, SS=0
Group 1: Iters=10, Procs=112, Factors=1.000000, Dist=2, RM=0, SM=0, RS=0, SS=4
T_spawn: 10.909633 
T_SR: 0.040858 
T_AR: 0.000000 
T_US: 0.049223 
T_Malleability: 11.075297 
T_total: 23.018760
Config loaded: R=1, S=2, granularity=100000, SDR=10000, ADR=0, Rigid=1, Capture_Method=0
Stage 0: PT=0, T_stage=0.523500, bytes=0, T_capped=0
Stage 1: PT=6, T_stage=0.000000, bytes=33176880, T_capped=0
Group 0: Iters=5, Procs=896, Factors=1.000000, Dist=2, RM=0, SM=0, RS=0, SS=0
Group 1: Iters=10, Procs=112, Factors=1.000000, Dist=2, RM=0, SM=0, RS=0, SS=4
T_spawn: 10.692715 
T_SR: 0.026930 
T_AR: 0.000000 
T_US: 0.023090 
T_Malleability: 10.816608 
T_total: 21.983945
Config loaded: R=1, S=2, granularity=100000, SDR=10000, ADR=0, Rigid=1, Capture_Method=0
Stage 0: PT=0, T_stage=0.523500, bytes=0, T_capped=0
Stage 1: PT=6, T_stage=0.000000, bytes=33176880, T_capped=0
Group 0: Iters=5, Procs=896, Factors=1.000000, Dist=2, RM=0, SM=0, RS=0, SS=0
Group 1: Iters=10, Procs=112, Factors=1.000000, Dist=2, RM=0, SM=0, RS=0, SS=4
T_spawn: 10.585456 
T_SR: 0.028877 
T_AR: 0.000000 
T_US: 0.032822 
T_Malleability: 10.693216 
T_total: 21.731305
Config loaded: R=1, S=2, granularity=100000, SDR=10000, ADR=0, Rigid=1, Capture_Method=0
Stage 0: PT=0, T_stage=0.523500, bytes=0, T_capped=0
Stage 1: PT=6, T_stage=0.000000, bytes=33176880, T_capped=0
Group 0: Iters=5, Procs=896, Factors=1.000000, Dist=2, RM=0, SM=0, RS=0, SS=0
Group 1: Iters=10, Procs=112, Factors=1.000000, Dist=2, RM=0, SM=0, RS=0, SS=4
T_spawn: 11.023102 
T_SR: 0.027492 
T_AR: 0.000000 
T_US: 0.037408 
T_Malleability: 11.123268 
T_total: 23.021341
Config loaded: R=1, S=2, granularity=100000, SDR=10000, ADR=0, Rigid=1, Capture_Method=0
Stage 0: PT=0, T_stage=0.523500, bytes=0, T_capped=0
Stage 1: PT=6, T_stage=0.000000, bytes=33176880, T_capped=0
Group 0: Iters=5, Procs=896, Factors=1.000000, Dist=2, RM=0, SM=0, RS=0, SS=0
Group 1: Iters=10, Procs=112, Factors=1.000000, Dist=2, RM=0, SM=0, RS=0, SS=4
T_spawn: 11.023109 
T_SR: 0.031853 
T_AR: 0.000000 
T_US: 0.010545 
T_Malleability: 11.155787 
T_total: 22.595275
Config loaded: R=1, S=2, granularity=100000, SDR=10000, ADR=0, Rigid=1, Capture_Method=0
Stage 0: PT=0, T_stage=0.523500, bytes=0, T_capped=0
Stage 1: PT=6, T_stage=0.000000, bytes=33176880, T_capped=0
Group 0: Iters=5, Procs=896, Factors=1.000000, Dist=2, RM=0, SM=0, RS=0, SS=0
Group 1: Iters=10, Procs=112, Factors=1.000000, Dist=2, RM=0, SM=0, RS=0, SS=4
T_spawn: 10.805532 
T_SR: 0.046213 
T_AR: 0.000000 
T_US: 0.031056 
T_Malleability: 10.935029 
T_total: 21.803504
Config loaded: R=1, S=2, granularity=100000, SDR=10000, ADR=0, Rigid=1, Capture_Method=0
Stage 0: PT=0, T_stage=0.523500, bytes=0, T_capped=0
Stage 1: PT=6, T_stage=0.000000, bytes=33176880, T_capped=0
Group 0: Iters=5, Procs=896, Factors=1.000000, Dist=2, RM=0, SM=0, RS=0, SS=0
Group 1: Iters=10, Procs=112, Factors=1.000000, Dist=2, RM=0, SM=0, RS=0, SS=4
T_spawn: 10.159736 
T_SR: 0.031665 
T_AR: 0.000000 
T_US: 0.009851 
T_Malleability: 10.253026 
T_total: 21.579186
Config loaded: R=1, S=2, granularity=100000, SDR=10000, ADR=0, Rigid=1, Capture_Method=0
Stage 0: PT=0, T_stage=0.523500, bytes=0, T_capped=0
Stage 1: PT=6, T_stage=0.000000, bytes=33176880, T_capped=0
Group 0: Iters=5, Procs=896, Factors=1.000000, Dist=2, RM=0, SM=0, RS=0, SS=0
Group 1: Iters=10, Procs=112, Factors=1.000000, Dist=2, RM=0, SM=0, RS=0, SS=4
T_spawn: 10.789190 
T_SR: 0.020570 
T_AR: 0.000000 
T_US: 0.009343 
T_Malleability: 10.873354 
T_total: 22.208364
Config loaded: R=1, S=2, granularity=100000, SDR=10000, ADR=0, Rigid=1, Capture_Method=0
Stage 0: PT=0, T_stage=0.523500, bytes=0, T_capped=0
Stage 1: PT=6, T_stage=0.000000, bytes=33176880, T_capped=0
Group 0: Iters=5, Procs=896, Factors=1.000000, Dist=2, RM=0, SM=0, RS=0, SS=0
Group 1: Iters=10, Procs=112, Factors=1.000000, Dist=2, RM=0, SM=0, RS=0, SS=4
T_spawn: 9.985808 
T_SR: 0.015218 
T_AR: 0.000000 
T_US: 0.013882 
T_Malleability: 10.106787 
T_total: 22.417831
Config loaded: R=1, S=2, granularity=100000, SDR=10000, ADR=0, Rigid=1, Capture_Method=0
Stage 0: PT=0, T_stage=0.523500, bytes=0, T_capped=0
Stage 1: PT=6, T_stage=0.000000, bytes=33176880, T_capped=0
Group 0: Iters=5, Procs=896, Factors=1.000000, Dist=2, RM=0, SM=0, RS=0, SS=0
Group 1: Iters=10, Procs=112, Factors=1.000000, Dist=2, RM=0, SM=0, RS=0, SS=4
T_spawn: 10.019754 
T_SR: 0.038601 
T_AR: 0.000000 
T_US: 0.035892 
T_Malleability: 10.172282 
T_total: 21.423282
Config loaded: R=1, S=2, granularity=100000, SDR=10000, ADR=0, Rigid=1, Capture_Method=0
Stage 0: PT=0, T_stage=0.523500, bytes=0, T_capped=0
Stage 1: PT=6, T_stage=0.000000, bytes=33176880, T_capped=0
Group 0: Iters=5, Procs=896, Factors=1.000000, Dist=2, RM=0, SM=0, RS=0, SS=0
Group 1: Iters=10, Procs=112, Factors=1.000000, Dist=2, RM=0, SM=0, RS=0, SS=4
T_spawn: 10.185326 
T_SR: 0.039577 
T_AR: 0.000000 
T_US: 0.023136 
T_Malleability: 10.346299 
T_total: 22.012625
Config loaded: R=1, S=2, granularity=100000, SDR=10000, ADR=0, Rigid=1, Capture_Method=0
Stage 0: PT=0, T_stage=0.523500, bytes=0, T_capped=0
Stage 1: PT=6, T_stage=0.000000, bytes=33176880, T_capped=0
Group 0: Iters=5, Procs=896, Factors=1.000000, Dist=2, RM=0, SM=0, RS=0, SS=0
Group 1: Iters=10, Procs=112, Factors=1.000000, Dist=2, RM=0, SM=0, RS=0, SS=4
T_spawn: 10.490135 
T_SR: 0.046857 
T_AR: 0.000000 
T_US: 0.039177 
T_Malleability: 10.660197 
T_total: 22.025581
Config loaded: R=1, S=2, granularity=100000, SDR=10000, ADR=0, Rigid=1, Capture_Method=0
Stage 0: PT=0, T_stage=0.523500, bytes=0, T_capped=0
Stage 1: PT=6, T_stage=0.000000, bytes=33176880, T_capped=0
Group 0: Iters=5, Procs=896, Factors=1.000000, Dist=2, RM=0, SM=0, RS=0, SS=0
Group 1: Iters=10, Procs=112, Factors=1.000000, Dist=2, RM=0, SM=0, RS=0, SS=4
T_spawn: 10.286044 
T_SR: 0.052766 
T_AR: 0.000000 
T_US: 0.030432 
T_Malleability: 10.427021 
T_total: 22.174133
Config loaded: R=1, S=2, granularity=100000, SDR=10000, ADR=0, Rigid=1, Capture_Method=0
Stage 0: PT=0, T_stage=0.523500, bytes=0, T_capped=0
Stage 1: PT=6, T_stage=0.000000, bytes=33176880, T_capped=0
Group 0: Iters=5, Procs=896, Factors=1.000000, Dist=2, RM=0, SM=0, RS=0, SS=0
Group 1: Iters=10, Procs=112, Factors=1.000000, Dist=2, RM=0, SM=0, RS=0, SS=4
T_spawn: 11.132780 
T_SR: 0.041325 
T_AR: 0.000000 
T_US: 0.010274 
T_Malleability: 11.231916 
T_total: 22.732987
Config loaded: R=1, S=2, granularity=100000, SDR=10000, ADR=0, Rigid=1, Capture_Method=0
Stage 0: PT=0, T_stage=0.523500, bytes=0, T_capped=0
Stage 1: PT=6, T_stage=0.000000, bytes=33176880, T_capped=0
Group 0: Iters=5, Procs=896, Factors=1.000000, Dist=2, RM=0, SM=0, RS=0, SS=0
Group 1: Iters=10, Procs=112, Factors=1.000000, Dist=2, RM=0, SM=0, RS=0, SS=4
T_spawn: 9.905913 
T_SR: 0.052756 
T_AR: 0.000000 
T_US: 0.053318 
T_Malleability: 10.061112 
T_total: 21.431335
Config loaded: R=1, S=2, granularity=100000, SDR=10000, ADR=0, Rigid=1, Capture_Method=0
Stage 0: PT=0, T_stage=0.523500, bytes=0, T_capped=0
Stage 1: PT=6, T_stage=0.000000, bytes=33176880, T_capped=0
Group 0: Iters=5, Procs=896, Factors=1.000000, Dist=2, RM=0, SM=0, RS=0, SS=0
Group 1: Iters=10, Procs=112, Factors=1.000000, Dist=2, RM=0, SM=0, RS=0, SS=4
T_spawn: 10.482969 
T_SR: 0.039017 
T_AR: 0.000000 
T_US: 0.044476 
T_Malleability: 10.660701 
T_total: 22.699608
Config loaded: R=1, S=2, granularity=100000, SDR=10000, ADR=0, Rigid=1, Capture_Method=0
Stage 0: PT=0, T_stage=0.523500, bytes=0, T_capped=0
Stage 1: PT=6, T_stage=0.000000, bytes=33176880, T_capped=0
Group 0: Iters=5, Procs=896, Factors=1.000000, Dist=2, RM=0, SM=0, RS=0, SS=0
Group 1: Iters=10, Procs=112, Factors=1.000000, Dist=2, RM=0, SM=0, RS=0, SS=4
T_spawn: 10.862956 
T_SR: 0.036038 
T_AR: 0.000000 
T_US: 0.014000 
T_Malleability: 10.944187 
T_total: 22.870704
