Config: granularity=100000, SDR=10000, ADR=0, Rigid=1, Capture_Method=0
Stage 0: PT=0, T_stage=0.523500, bytes=0, T_capped=0
Stage 1: PT=6, T_stage=0.000000, bytes=33176880, T_capped=0
Group 1: Iters=10, Procs=112, Factors=1.000000, Dist=2, RM=0, SM=0, RS=0, SS=4, parents=1792, children=0
Async_Iters: 0
T_iter: 0.763526 0.694183 0.707257 0.573203 0.559158 0.560804 0.570532 0.551132 0.552760 0.549373 
T_stage 0: 0.641555 0.655657 0.678466 0.542265 0.518983 0.524049 0.524994 0.516672 0.513246 0.523047 
T_stage 1: 0.121894 0.038842 0.028855 0.031145 0.040442 0.036695 0.045683 0.034553 0.039491 0.026389 
Config: granularity=100000, SDR=10000, ADR=0, Rigid=1, Capture_Method=0
Stage 0: PT=0, T_stage=0.523500, bytes=0, T_capped=0
Stage 1: PT=6, T_stage=0.000000, bytes=33176880, T_capped=0
Group 1: Iters=10, Procs=112, Factors=1.000000, Dist=2, RM=0, SM=0, RS=0, SS=4, parents=1792, children=0
Async_Iters: 0
T_iter: 0.803269 0.703483 0.719967 0.731139 0.704897 0.733288 0.693469 0.724628 0.695215 0.710467 
T_stage 0: 0.713111 0.665818 0.686043 0.672068 0.665283 0.688375 0.660187 0.691511 0.661897 0.676252 
T_stage 1: 0.090188 0.037565 0.034272 0.059479 0.039653 0.044985 0.033319 0.033192 0.033497 0.034239 
Config: granularity=100000, SDR=10000, ADR=0, Rigid=1, Capture_Method=0
Stage 0: PT=0, T_stage=0.523500, bytes=0, T_capped=0
Stage 1: PT=6, T_stage=0.000000, bytes=33176880, T_capped=0
Group 1: Iters=10, Procs=112, Factors=1.000000, Dist=2, RM=0, SM=0, RS=0, SS=4, parents=1792, children=0
Async_Iters: 0
T_iter: 0.779950 0.734690 0.749050 0.775991 0.746237 0.771603 0.740355 0.738149 0.734163 0.745397 
T_stage 0: 0.688771 0.700319 0.715562 0.720541 0.704274 0.724460 0.698372 0.705636 0.701148 0.698621 
T_stage 1: 0.091207 0.034369 0.033652 0.058668 0.042129 0.047494 0.042085 0.032688 0.033053 0.048163 
Config: granularity=100000, SDR=10000, ADR=0, Rigid=1, Capture_Method=0
Stage 0: PT=0, T_stage=0.523500, bytes=0, T_capped=0
Stage 1: PT=6, T_stage=0.000000, bytes=33176880, T_capped=0
Group 1: Iters=10, Procs=112, Factors=1.000000, Dist=2, RM=0, SM=0, RS=0, SS=4, parents=1792, children=0
Async_Iters: 0
T_iter: 0.739035 0.699353 0.710535 0.710385 0.720747 0.707335 0.704131 0.684128 0.689537 0.688421 
T_stage 0: 0.643626 0.666140 0.678641 0.670229 0.674079 0.666015 0.672892 0.652841 0.658621 0.656677 
T_stage 1: 0.094903 0.033925 0.032093 0.040414 0.046852 0.041419 0.031578 0.031343 0.031092 0.031729 
Config: granularity=100000, SDR=10000, ADR=0, Rigid=1, Capture_Method=0
Stage 0: PT=0, T_stage=0.523500, bytes=0, T_capped=0
Stage 1: PT=6, T_stage=0.000000, bytes=33176880, T_capped=0
Group 1: Iters=10, Procs=112, Factors=1.000000, Dist=2, RM=0, SM=0, RS=0, SS=4, parents=1792, children=0
Async_Iters: 0
T_iter: 0.689073 0.645338 0.645831 0.632834 0.654919 0.663920 0.641386 0.636386 0.634633 0.621122 
T_stage 0: 0.602466 0.613083 0.612600 0.592266 0.608113 0.610505 0.608312 0.593938 0.603010 0.588742 
T_stage 1: 0.086707 0.032203 0.033729 0.040936 0.046966 0.056120 0.033275 0.042783 0.031658 0.032567 
Config: granularity=100000, SDR=10000, ADR=0, Rigid=1, Capture_Method=0
Stage 0: PT=0, T_stage=0.523500, bytes=0, T_capped=0
Stage 1: PT=6, T_stage=0.000000, bytes=33176880, T_capped=0
Group 1: Iters=10, Procs=112, Factors=1.000000, Dist=2, RM=0, SM=0, RS=0, SS=4, parents=1792, children=0
Async_Iters: 0
T_iter: 0.753005 0.697918 0.692476 0.698551 0.713885 0.717476 0.685913 0.671613 0.679096 0.671049 
T_stage 0: 0.643280 0.661971 0.662585 0.655688 0.666416 0.662911 0.655622 0.641671 0.650739 0.643070 
T_stage 1: 0.109762 0.036282 0.030121 0.043162 0.047649 0.054706 0.030382 0.029901 0.028470 0.027991 
Config: granularity=100000, SDR=10000, ADR=0, Rigid=1, Capture_Method=0
Stage 0: PT=0, T_stage=0.523500, bytes=0, T_capped=0
Stage 1: PT=6, T_stage=0.000000, bytes=33176880, T_capped=0
Group 1: Iters=10, Procs=112, Factors=1.000000, Dist=2, RM=0, SM=0, RS=0, SS=4, parents=1792, children=0
Async_Iters: 0
T_iter: 0.854073 0.820954 0.799574 0.825656 0.849021 0.819660 0.796376 0.799544 0.680735 0.689540 
T_stage 0: 0.749528 0.787450 0.767743 0.776963 0.759138 0.782014 0.761776 0.769714 0.649007 0.658889 
T_stage 1: 0.104649 0.033846 0.032140 0.048954 0.089991 0.037754 0.034555 0.029836 0.031698 0.030684 
Config: granularity=100000, SDR=10000, ADR=0, Rigid=1, Capture_Method=0
Stage 0: PT=0, T_stage=0.523500, bytes=0, T_capped=0
Stage 1: PT=6, T_stage=0.000000, bytes=33176880, T_capped=0
Group 1: Iters=10, Procs=112, Factors=1.000000, Dist=2, RM=0, SM=0, RS=0, SS=4, parents=1792, children=0
Async_Iters: 0
T_iter: 0.683995 0.675745 0.662223 0.658618 0.699066 0.646808 0.669126 0.659138 0.654711 0.655583 
T_stage 0: 0.597465 0.634141 0.627916 0.627008 0.632667 0.608109 0.627917 0.627883 0.623346 0.624464 
T_stage 1: 0.086516 0.041988 0.034276 0.031676 0.070161 0.038811 0.041341 0.031338 0.031351 0.031147 
Config: granularity=100000, SDR=10000, ADR=0, Rigid=1, Capture_Method=0
Stage 0: PT=0, T_stage=0.523500, bytes=0, T_capped=0
Stage 1: PT=6, T_stage=0.000000, bytes=33176880, T_capped=0
Group 1: Iters=10, Procs=112, Factors=1.000000, Dist=2, RM=0, SM=0, RS=0, SS=4, parents=1792, children=0
Async_Iters: 0
T_iter: 0.730226 0.680882 0.665944 0.649126 0.568966 0.577326 0.546657 0.618369 0.656371 0.572642 
T_stage 0: 0.650078 0.646608 0.626891 0.569330 0.527166 0.532531 0.518132 0.586691 0.622554 0.542233 
T_stage 1: 0.080345 0.034516 0.039148 0.080035 0.041924 0.044948 0.028560 0.031680 0.034136 0.030396 
Config: granularity=100000, SDR=10000, ADR=0, Rigid=1, Capture_Method=0
Stage 0: PT=0, T_stage=0.523500, bytes=0, T_capped=0
Stage 1: PT=6, T_stage=0.000000, bytes=33176880, T_capped=0
Group 1: Iters=10, Procs=112, Factors=1.000000, Dist=2, RM=0, SM=0, RS=0, SS=4, parents=1792, children=0
Async_Iters: 0
T_iter: 0.746268 0.688145 0.707267 0.705383 0.711880 0.712489 0.684908 0.683778 0.697051 0.695106 
T_stage 0: 0.642923 0.655565 0.673349 0.669479 0.668972 0.674174 0.649495 0.649382 0.664659 0.662966 
T_stage 1: 0.100444 0.032610 0.034254 0.036160 0.043013 0.038377 0.035707 0.034358 0.032391 0.032135 
Config: granularity=100000, SDR=10000, ADR=0, Rigid=1, Capture_Method=0
Stage 0: PT=0, T_stage=0.523500, bytes=0, T_capped=0
Stage 1: PT=6, T_stage=0.000000, bytes=33176880, T_capped=0
Group 1: Iters=10, Procs=112, Factors=1.000000, Dist=2, RM=0, SM=0, RS=0, SS=4, parents=1792, children=0
Async_Iters: 0
T_iter: 0.768434 0.718699 0.730023 0.723094 0.733847 0.717737 0.717822 0.702958 0.702374 0.700665 
T_stage 0: 0.664366 0.684118 0.695550 0.685113 0.690857 0.676251 0.686164 0.671052 0.670027 0.668571 
T_stage 1: 0.104026 0.035247 0.034795 0.038139 0.043328 0.041563 0.031788 0.031846 0.032507 0.032069 
Config: granularity=100000, SDR=10000, ADR=0, Rigid=1, Capture_Method=0
Stage 0: PT=0, T_stage=0.523500, bytes=0, T_capped=0
Stage 1: PT=6, T_stage=0.000000, bytes=33176880, T_capped=0
Group 1: Iters=10, Procs=112, Factors=1.000000, Dist=2, RM=0, SM=0, RS=0, SS=4, parents=1792, children=0
Async_Iters: 0
T_iter: 0.754474 0.703784 0.719617 0.721827 0.724797 0.726657 0.710915 0.713148 0.698438 0.709734 
T_stage 0: 0.663534 0.671864 0.686917 0.684804 0.682672 0.686212 0.679610 0.680819 0.667003 0.677793 
T_stage 1: 0.091056 0.032016 0.032784 0.037105 0.042289 0.040723 0.031646 0.032377 0.031538 0.031949 
Config: granularity=100000, SDR=10000, ADR=0, Rigid=1, Capture_Method=0
Stage 0: PT=0, T_stage=0.523500, bytes=0, T_capped=0
Stage 1: PT=6, T_stage=0.000000, bytes=33176880, T_capped=0
Group 1: Iters=10, Procs=112, Factors=1.000000, Dist=2, RM=0, SM=0, RS=0, SS=4, parents=1792, children=0
Async_Iters: 0
T_iter: 0.782411 0.737293 0.760759 0.790833 0.819239 0.759818 0.755613 0.748324 0.756387 0.749432 
T_stage 0: 0.692376 0.701437 0.726972 0.741798 0.711641 0.721348 0.719348 0.712367 0.724011 0.714614 
T_stage 1: 0.090223 0.036108 0.033853 0.050712 0.110494 0.039360 0.036598 0.035987 0.032373 0.034788 
Config: granularity=100000, SDR=10000, ADR=0, Rigid=1, Capture_Method=0
Stage 0: PT=0, T_stage=0.523500, bytes=0, T_capped=0
Stage 1: PT=6, T_stage=0.000000, bytes=33176880, T_capped=0
Group 1: Iters=10, Procs=112, Factors=1.000000, Dist=2, RM=0, SM=0, RS=0, SS=4, parents=1792, children=0
Async_Iters: 0
T_iter: 0.671401 0.619691 0.628277 0.636838 0.642458 0.678555 0.628221 0.611411 0.616431 0.611437 
T_stage 0: 0.586944 0.590049 0.598514 0.585600 0.601422 0.596889 0.593786 0.583844 0.588493 0.583926 
T_stage 1: 0.084556 0.029946 0.029835 0.051486 0.041429 0.084685 0.034511 0.028097 0.028265 0.027906 
Config: granularity=100000, SDR=10000, ADR=0, Rigid=1, Capture_Method=0
Stage 0: PT=0, T_stage=0.523500, bytes=0, T_capped=0
Stage 1: PT=6, T_stage=0.000000, bytes=33176880, T_capped=0
Group 1: Iters=10, Procs=112, Factors=1.000000, Dist=2, RM=0, SM=0, RS=0, SS=4, parents=1792, children=0
Async_Iters: 0
T_iter: 0.779172 0.742869 0.741485 0.767018 0.814712 0.670960 0.642729 0.641268 0.628964 0.637450 
T_stage 0: 0.687778 0.704726 0.708239 0.721349 0.702751 0.627858 0.599590 0.606699 0.595686 0.603575 
T_stage 1: 0.091647 0.037771 0.033287 0.046388 0.110098 0.043271 0.044318 0.034719 0.033369 0.033844 
Config: granularity=100000, SDR=10000, ADR=0, Rigid=1, Capture_Method=0
Stage 0: PT=0, T_stage=0.523500, bytes=0, T_capped=0
Stage 1: PT=6, T_stage=0.000000, bytes=33176880, T_capped=0
Group 1: Iters=10, Procs=112, Factors=1.000000, Dist=2, RM=0, SM=0, RS=0, SS=4, parents=1792, children=0
Async_Iters: 0
T_iter: 0.783087 0.744670 0.749529 0.747987 0.757936 0.771993 0.746415 0.738210 0.733143 0.745299 
T_stage 0: 0.684424 0.710708 0.716793 0.710171 0.710097 0.723978 0.708009 0.706668 0.700571 0.702602 
T_stage 1: 0.098163 0.034023 0.032842 0.037976 0.048019 0.048176 0.038611 0.031559 0.032767 0.042701 
Config: granularity=100000, SDR=10000, ADR=0, Rigid=1, Capture_Method=0
Stage 0: PT=0, T_stage=0.523500, bytes=0, T_capped=0
Stage 1: PT=6, T_stage=0.000000, bytes=33176880, T_capped=0
Group 1: Iters=10, Procs=112, Factors=1.000000, Dist=2, RM=0, SM=0, RS=0, SS=4, parents=1792, children=0
Async_Iters: 0
T_iter: 0.686519 0.665861 0.645256 0.623117 0.671349 0.631170 0.648894 0.620093 0.619910 0.625113 
T_stage 0: 0.587842 0.620755 0.613647 0.591144 0.611434 0.596649 0.606897 0.591353 0.590586 0.595921 
T_stage 1: 0.098632 0.045424 0.031758 0.031950 0.061805 0.034626 0.042454 0.029141 0.029312 0.029515 
Config: granularity=100000, SDR=10000, ADR=0, Rigid=1, Capture_Method=0
Stage 0: PT=0, T_stage=0.523500, bytes=0, T_capped=0
Stage 1: PT=6, T_stage=0.000000, bytes=33176880, T_capped=0
Group 1: Iters=10, Procs=112, Factors=1.000000, Dist=2, RM=0, SM=0, RS=0, SS=4, parents=1792, children=0
Async_Iters: 0
T_iter: 0.713510 0.634362 0.640607 0.639776 0.654040 0.683909 0.634376 0.618744 0.631309 0.613376 
T_stage 0: 0.622202 0.601560 0.607751 0.593406 0.604737 0.600755 0.596566 0.585350 0.597646 0.583165 
T_stage 1: 0.091336 0.033374 0.033281 0.046865 0.049500 0.085735 0.037934 0.033371 0.033899 0.030630 
Config: granularity=100000, SDR=10000, ADR=0, Rigid=1, Capture_Method=0
Stage 0: PT=0, T_stage=0.523500, bytes=0, T_capped=0
Stage 1: PT=6, T_stage=0.000000, bytes=33176880, T_capped=0
Group 1: Iters=10, Procs=112, Factors=1.000000, Dist=2, RM=0, SM=0, RS=0, SS=4, parents=1792, children=0
Async_Iters: 0
T_iter: 0.776747 0.739452 0.744592 0.770833 0.743641 0.766509 0.731387 0.743435 0.733966 0.745926 
T_stage 0: 0.678377 0.705581 0.710659 0.712153 0.699736 0.717683 0.699232 0.711718 0.700137 0.698519 
T_stage 1: 0.098475 0.033903 0.034290 0.058875 0.044064 0.049124 0.032456 0.031939 0.033886 0.047371 
Config: granularity=100000, SDR=10000, ADR=0, Rigid=1, Capture_Method=0
Stage 0: PT=0, T_stage=0.523500, bytes=0, T_capped=0
Stage 1: PT=6, T_stage=0.000000, bytes=33176880, T_capped=0
Group 1: Iters=10, Procs=112, Factors=1.000000, Dist=2, RM=0, SM=0, RS=0, SS=4, parents=1792, children=0
Async_Iters: 0
T_iter: 0.755455 0.698663 0.733546 0.711778 0.730423 0.718195 0.687422 0.697961 0.680070 0.683932 
T_stage 0: 0.676512 0.664355 0.678323 0.678537 0.654712 0.673044 0.652737 0.665957 0.650205 0.650608 
T_stage 1: 0.079324 0.034263 0.056845 0.034044 0.075733 0.045247 0.034633 0.032038 0.029848 0.033321 
