Config: granularity=100000, SDR=10000, ADR=0, Rigid=1, Capture_Method=0
Stage 0: PT=0, T_stage=0.523500, bytes=0, T_capped=0
Stage 1: PT=6, T_stage=0.000000, bytes=33176880, T_capped=0
Group 0: Iters=5, Procs=112, Factors=1.000000, Dist=2, RM=0, SM=0, RS=0, SS=0, parents=0, children=224
Async_Iters: 0
T_iter: 0.768328 0.734018 0.791457 0.732675 0.746241 
T_stage 0: 0.660475 0.695856 0.695808 0.685644 0.686701 
T_stage 1: 0.107816 0.038367 0.103547 0.047042 0.059076 
Config: granularity=100000, SDR=10000, ADR=0, Rigid=1, Capture_Method=0
Stage 0: PT=0, T_stage=0.523500, bytes=0, T_capped=0
Stage 1: PT=6, T_stage=0.000000, bytes=33176880, T_capped=0
Group 0: Iters=5, Procs=112, Factors=1.000000, Dist=2, RM=0, SM=0, RS=0, SS=0, parents=0, children=224
Async_Iters: 0
T_iter: 0.832420 0.783151 0.849578 0.779324 0.782941 
T_stage 0: 0.726891 0.739796 0.743103 0.734882 0.740115 
T_stage 1: 0.105334 0.043424 0.108676 0.044390 0.042937 
Config: granularity=100000, SDR=10000, ADR=0, Rigid=1, Capture_Method=0
Stage 0: PT=0, T_stage=0.523500, bytes=0, T_capped=0
Stage 1: PT=6, T_stage=0.000000, bytes=33176880, T_capped=0
Group 0: Iters=5, Procs=112, Factors=1.000000, Dist=2, RM=0, SM=0, RS=0, SS=0, parents=0, children=224
Async_Iters: 0
T_iter: 0.838849 0.787921 0.780308 0.781909 0.789606 
T_stage 0: 0.733685 0.747970 0.741952 0.742451 0.744610 
T_stage 1: 0.104962 0.040002 0.038404 0.039457 0.045006 
Config: granularity=100000, SDR=10000, ADR=0, Rigid=1, Capture_Method=0
Stage 0: PT=0, T_stage=0.523500, bytes=0, T_capped=0
Stage 1: PT=6, T_stage=0.000000, bytes=33176880, T_capped=0
Group 0: Iters=5, Procs=112, Factors=1.000000, Dist=2, RM=0, SM=0, RS=0, SS=0, parents=0, children=224
Async_Iters: 0
T_iter: 0.835004 0.775825 0.769938 0.768867 0.778942 
T_stage 0: 0.725963 0.732587 0.726748 0.727467 0.730171 
T_stage 1: 0.108951 0.043661 0.044513 0.041350 0.048838 
Config: granularity=100000, SDR=10000, ADR=0, Rigid=1, Capture_Method=0
Stage 0: PT=0, T_stage=0.523500, bytes=0, T_capped=0
Stage 1: PT=6, T_stage=0.000000, bytes=33176880, T_capped=0
Group 0: Iters=5, Procs=112, Factors=1.000000, Dist=2, RM=0, SM=0, RS=0, SS=0, parents=0, children=224
Async_Iters: 0
T_iter: 0.791726 0.739269 0.731561 0.738965 0.760787 
T_stage 0: 0.691085 0.702189 0.694206 0.692109 0.697708 
T_stage 1: 0.100583 0.037597 0.037583 0.046894 0.063401 
Config: granularity=100000, SDR=10000, ADR=0, Rigid=1, Capture_Method=0
Stage 0: PT=0, T_stage=0.523500, bytes=0, T_capped=0
Stage 1: PT=6, T_stage=0.000000, bytes=33176880, T_capped=0
Group 0: Iters=5, Procs=112, Factors=1.000000, Dist=2, RM=0, SM=0, RS=0, SS=0, parents=0, children=224
Async_Iters: 0
T_iter: 0.817404 0.760369 0.651048 0.653661 0.652483 
T_stage 0: 0.712854 0.720608 0.611018 0.610838 0.609823 
T_stage 1: 0.104405 0.039973 0.040811 0.042881 0.042931 
Config: granularity=100000, SDR=10000, ADR=0, Rigid=1, Capture_Method=0
Stage 0: PT=0, T_stage=0.523500, bytes=0, T_capped=0
Stage 1: PT=6, T_stage=0.000000, bytes=33176880, T_capped=0
Group 0: Iters=5, Procs=112, Factors=1.000000, Dist=2, RM=0, SM=0, RS=0, SS=0, parents=0, children=224
Async_Iters: 0
T_iter: 0.764309 0.736719 0.760740 0.741360 0.747193 
T_stage 0: 0.676096 0.703602 0.702749 0.706865 0.703854 
T_stage 1: 0.088315 0.033104 0.057993 0.035302 0.043416 
Config: granularity=100000, SDR=10000, ADR=0, Rigid=1, Capture_Method=0
Stage 0: PT=0, T_stage=0.523500, bytes=0, T_capped=0
Stage 1: PT=6, T_stage=0.000000, bytes=33176880, T_capped=0
Group 0: Iters=5, Procs=112, Factors=1.000000, Dist=2, RM=0, SM=0, RS=0, SS=0, parents=0, children=224
Async_Iters: 0
T_iter: 0.636018 0.624777 0.617878 0.646948 0.616291 
T_stage 0: 0.555388 0.594431 0.586934 0.594048 0.585841 
T_stage 1: 0.081142 0.030523 0.030893 0.055344 0.030401 
Config: granularity=100000, SDR=10000, ADR=0, Rigid=1, Capture_Method=0
Stage 0: PT=0, T_stage=0.523500, bytes=0, T_capped=0
Stage 1: PT=6, T_stage=0.000000, bytes=33176880, T_capped=0
Group 0: Iters=5, Procs=112, Factors=1.000000, Dist=2, RM=0, SM=0, RS=0, SS=0, parents=0, children=224
Async_Iters: 0
T_iter: 0.660774 0.620697 0.601854 0.611787 0.594534 
T_stage 0: 0.577864 0.589842 0.569309 0.574990 0.561999 
T_stage 1: 0.083177 0.031767 0.032503 0.036954 0.032503 
Config: granularity=100000, SDR=10000, ADR=0, Rigid=1, Capture_Method=0
Stage 0: PT=0, T_stage=0.523500, bytes=0, T_capped=0
Stage 1: PT=6, T_stage=0.000000, bytes=33176880, T_capped=0
Group 0: Iters=5, Procs=112, Factors=1.000000, Dist=2, RM=0, SM=0, RS=0, SS=0, parents=0, children=224
Async_Iters: 0
T_iter: 0.711348 0.653536 0.645201 0.658353 0.675913 
T_stage 0: 0.603025 0.609995 0.602837 0.614384 0.607109 
T_stage 1: 0.108282 0.044031 0.042252 0.044034 0.064308 
Config: granularity=100000, SDR=10000, ADR=0, Rigid=1, Capture_Method=0
Stage 0: PT=0, T_stage=0.523500, bytes=0, T_capped=0
Stage 1: PT=6, T_stage=0.000000, bytes=33176880, T_capped=0
Group 0: Iters=5, Procs=112, Factors=1.000000, Dist=2, RM=0, SM=0, RS=0, SS=0, parents=0, children=224
Async_Iters: 0
T_iter: 0.727881 0.682116 0.704615 0.673620 0.705343 
T_stage 0: 0.622158 0.634694 0.632021 0.633021 0.640469 
T_stage 1: 0.105715 0.047918 0.073071 0.040632 0.069200 
Config: granularity=100000, SDR=10000, ADR=0, Rigid=1, Capture_Method=0
Stage 0: PT=0, T_stage=0.523500, bytes=0, T_capped=0
Stage 1: PT=6, T_stage=0.000000, bytes=33176880, T_capped=0
Group 0: Iters=5, Procs=112, Factors=1.000000, Dist=2, RM=0, SM=0, RS=0, SS=0, parents=0, children=224
Async_Iters: 0
T_iter: 0.712082 0.659569 0.683533 0.659567 0.718879 
T_stage 0: 0.611295 0.619933 0.616633 0.620546 0.618886 
T_stage 1: 0.101419 0.040403 0.066873 0.039361 0.101028 
Config: granularity=100000, SDR=10000, ADR=0, Rigid=1, Capture_Method=0
Stage 0: PT=0, T_stage=0.523500, bytes=0, T_capped=0
Stage 1: PT=6, T_stage=0.000000, bytes=33176880, T_capped=0
Group 0: Iters=5, Procs=112, Factors=1.000000, Dist=2, RM=0, SM=0, RS=0, SS=0, parents=0, children=224
Async_Iters: 0
T_iter: 0.781272 0.736783 0.728738 0.729997 0.731496 
T_stage 0: 0.676656 0.691301 0.687668 0.685616 0.688074 
T_stage 1: 0.104568 0.045392 0.041691 0.044376 0.043478 
Config: granularity=100000, SDR=10000, ADR=0, Rigid=1, Capture_Method=0
Stage 0: PT=0, T_stage=0.523500, bytes=0, T_capped=0
Stage 1: PT=6, T_stage=0.000000, bytes=33176880, T_capped=0
Group 0: Iters=5, Procs=112, Factors=1.000000, Dist=2, RM=0, SM=0, RS=0, SS=0, parents=0, children=224
Async_Iters: 0
T_iter: 0.733320 0.696173 0.694638 0.706033 0.688462 
T_stage 0: 0.629213 0.656477 0.654071 0.659783 0.651673 
T_stage 1: 0.104062 0.039783 0.040583 0.046283 0.036767 
Config: granularity=100000, SDR=10000, ADR=0, Rigid=1, Capture_Method=0
Stage 0: PT=0, T_stage=0.523500, bytes=0, T_capped=0
Stage 1: PT=6, T_stage=0.000000, bytes=33176880, T_capped=0
Group 0: Iters=5, Procs=112, Factors=1.000000, Dist=2, RM=0, SM=0, RS=0, SS=0, parents=0, children=224
Async_Iters: 0
T_iter: 0.754837 0.704540 0.712873 0.699300 0.711328 
T_stage 0: 0.656178 0.668132 0.665202 0.660615 0.664997 
T_stage 1: 0.098780 0.036463 0.049257 0.038649 0.046517 
Config: granularity=100000, SDR=10000, ADR=0, Rigid=1, Capture_Method=0
Stage 0: PT=0, T_stage=0.523500, bytes=0, T_capped=0
Stage 1: PT=6, T_stage=0.000000, bytes=33176880, T_capped=0
Group 0: Iters=5, Procs=112, Factors=1.000000, Dist=2, RM=0, SM=0, RS=0, SS=0, parents=0, children=224
Async_Iters: 0
T_iter: 0.658434 0.637445 0.628895 0.631028 0.631826 
T_stage 0: 0.563847 0.605457 0.593714 0.586520 0.596735 
T_stage 1: 0.094377 0.032201 0.035160 0.044547 0.035035 
Config: granularity=100000, SDR=10000, ADR=0, Rigid=1, Capture_Method=0
Stage 0: PT=0, T_stage=0.523500, bytes=0, T_capped=0
Stage 1: PT=6, T_stage=0.000000, bytes=33176880, T_capped=0
Group 0: Iters=5, Procs=112, Factors=1.000000, Dist=2, RM=0, SM=0, RS=0, SS=0, parents=0, children=224
Async_Iters: 0
T_iter: 0.730995 0.708932 0.703384 0.711666 0.775811 
T_stage 0: 0.645934 0.678349 0.671358 0.673919 0.670245 
T_stage 1: 0.085223 0.030633 0.031975 0.038387 0.107961 
Config: granularity=100000, SDR=10000, ADR=0, Rigid=1, Capture_Method=0
Stage 0: PT=0, T_stage=0.523500, bytes=0, T_capped=0
Stage 1: PT=6, T_stage=0.000000, bytes=33176880, T_capped=0
Group 0: Iters=5, Procs=112, Factors=1.000000, Dist=2, RM=0, SM=0, RS=0, SS=0, parents=0, children=224
Async_Iters: 0
T_iter: 0.733113 0.709361 0.707174 0.717003 0.761595 
T_stage 0: 0.646420 0.679214 0.676789 0.682155 0.682818 
T_stage 1: 0.086813 0.030240 0.030338 0.035802 0.081167 
Config: granularity=100000, SDR=10000, ADR=0, Rigid=1, Capture_Method=0
Stage 0: PT=0, T_stage=0.523500, bytes=0, T_capped=0
Stage 1: PT=6, T_stage=0.000000, bytes=33176880, T_capped=0
Group 0: Iters=5, Procs=112, Factors=1.000000, Dist=2, RM=0, SM=0, RS=0, SS=0, parents=0, children=224
Async_Iters: 0
T_iter: 0.810928 0.758983 0.766841 0.744572 0.782455 
T_stage 0: 0.699350 0.709895 0.707623 0.704579 0.712222 
T_stage 1: 0.111664 0.049311 0.059872 0.039981 0.070483 
Config: granularity=100000, SDR=10000, ADR=0, Rigid=1, Capture_Method=0
Stage 0: PT=0, T_stage=0.523500, bytes=0, T_capped=0
Stage 1: PT=6, T_stage=0.000000, bytes=33176880, T_capped=0
Group 0: Iters=5, Procs=112, Factors=1.000000, Dist=2, RM=0, SM=0, RS=0, SS=0, parents=0, children=224
Async_Iters: 0
T_iter: 0.751272 0.727756 0.719650 0.733697 0.656533 
T_stage 0: 0.646388 0.688614 0.680703 0.686844 0.618348 
T_stage 1: 0.104835 0.039362 0.038897 0.046899 0.038147 
