Config: granularity=100000, SDR=10000, ADR=0, Rigid=1, Capture_Method=0
Stage 0: PT=0, T_stage=0.523500, bytes=0, T_capped=0
Stage 1: PT=6, T_stage=0.000000, bytes=33176880, T_capped=0
Group 0: Iters=5, Procs=3584, Factors=1.000000, Dist=2, RM=0, SM=0, RS=0, SS=0, parents=0, children=224
Async_Iters: 0
T_iter: 1.262241 1.234637 1.038113 1.312243 1.198385 
T_stage 0: 0.764548 0.766658 0.768086 0.764100 0.761678 
T_stage 1: 0.491105 0.463099 0.271500 0.549533 0.435929 
Config: granularity=100000, SDR=10000, ADR=0, Rigid=1, Capture_Method=0
Stage 0: PT=0, T_stage=0.523500, bytes=0, T_capped=0
Stage 1: PT=6, T_stage=0.000000, bytes=33176880, T_capped=0
Group 0: Iters=5, Procs=3584, Factors=1.000000, Dist=2, RM=0, SM=0, RS=0, SS=0, parents=0, children=224
Async_Iters: 0
T_iter: 1.375147 1.428391 1.140831 1.278479 1.170073 
T_stage 0: 0.777315 0.800801 0.801443 0.792950 0.798674 
T_stage 1: 0.593854 0.633999 0.351580 0.483987 0.369000 
Config: granularity=100000, SDR=10000, ADR=0, Rigid=1, Capture_Method=0
Stage 0: PT=0, T_stage=0.523500, bytes=0, T_capped=0
Stage 1: PT=6, T_stage=0.000000, bytes=33176880, T_capped=0
Group 0: Iters=5, Procs=3584, Factors=1.000000, Dist=2, RM=0, SM=0, RS=0, SS=0, parents=0, children=224
Async_Iters: 0
T_iter: 1.243910 1.084133 1.087130 1.249862 1.187531 
T_stage 0: 0.747008 0.775067 0.784242 0.767743 0.780049 
T_stage 1: 0.496105 0.289397 0.287389 0.482647 0.415520 
Config: granularity=100000, SDR=10000, ADR=0, Rigid=1, Capture_Method=0
Stage 0: PT=0, T_stage=0.523500, bytes=0, T_capped=0
Stage 1: PT=6, T_stage=0.000000, bytes=33176880, T_capped=0
Group 0: Iters=5, Procs=3584, Factors=1.000000, Dist=2, RM=0, SM=0, RS=0, SS=0, parents=0, children=224
Async_Iters: 0
T_iter: 1.276799 1.463742 1.083966 1.273044 1.283881 
T_stage 0: 0.766234 0.802373 0.800408 0.791042 0.793646 
T_stage 1: 0.509995 0.669256 0.291481 0.481091 0.485772 
Config: granularity=100000, SDR=10000, ADR=0, Rigid=1, Capture_Method=0
Stage 0: PT=0, T_stage=0.523500, bytes=0, T_capped=0
Stage 1: PT=6, T_stage=0.000000, bytes=33176880, T_capped=0
Group 0: Iters=5, Procs=3584, Factors=1.000000, Dist=2, RM=0, SM=0, RS=0, SS=0, parents=0, children=224
Async_Iters: 0
T_iter: 1.314630 1.495116 1.162238 1.124390 1.151985 
T_stage 0: 0.757282 0.781130 0.774527 0.773803 0.780114 
T_stage 1: 0.557837 0.718097 0.386622 0.349146 0.375423 
Config: granularity=100000, SDR=10000, ADR=0, Rigid=1, Capture_Method=0
Stage 0: PT=0, T_stage=0.523500, bytes=0, T_capped=0
Stage 1: PT=6, T_stage=0.000000, bytes=33176880, T_capped=0
Group 0: Iters=5, Procs=3584, Factors=1.000000, Dist=2, RM=0, SM=0, RS=0, SS=0, parents=0, children=224
Async_Iters: 0
T_iter: 1.288942 1.472185 1.267600 1.143310 1.053884 
T_stage 0: 0.757772 0.794261 0.784373 0.782199 0.785193 
T_stage 1: 0.530480 0.687961 0.482458 0.356246 0.271138 
Config: granularity=100000, SDR=10000, ADR=0, Rigid=1, Capture_Method=0
Stage 0: PT=0, T_stage=0.523500, bytes=0, T_capped=0
Stage 1: PT=6, T_stage=0.000000, bytes=33176880, T_capped=0
Group 0: Iters=5, Procs=3584, Factors=1.000000, Dist=2, RM=0, SM=0, RS=0, SS=0, parents=0, children=224
Async_Iters: 0
T_iter: 1.307631 1.448147 1.089319 1.042467 1.062877 
T_stage 0: 0.754121 0.780186 0.789146 0.777894 0.783559 
T_stage 1: 0.553234 0.670250 0.310578 0.265150 0.285532 
Config: granularity=100000, SDR=10000, ADR=0, Rigid=1, Capture_Method=0
Stage 0: PT=0, T_stage=0.523500, bytes=0, T_capped=0
Stage 1: PT=6, T_stage=0.000000, bytes=33176880, T_capped=0
Group 0: Iters=5, Procs=3584, Factors=1.000000, Dist=2, RM=0, SM=0, RS=0, SS=0, parents=0, children=224
Async_Iters: 0
T_iter: 1.295339 1.469306 1.180258 1.203883 1.255078 
T_stage 0: 0.750304 0.766696 0.773519 0.771591 0.771121 
T_stage 1: 0.544850 0.703507 0.409044 0.429927 0.483904 
Config: granularity=100000, SDR=10000, ADR=0, Rigid=1, Capture_Method=0
Stage 0: PT=0, T_stage=0.523500, bytes=0, T_capped=0
Stage 1: PT=6, T_stage=0.000000, bytes=33176880, T_capped=0
Group 0: Iters=5, Procs=3584, Factors=1.000000, Dist=2, RM=0, SM=0, RS=0, SS=0, parents=0, children=224
Async_Iters: 0
T_iter: 1.272749 1.495520 1.239655 1.240466 1.055099 
T_stage 0: 0.763673 0.797821 0.782918 0.787202 0.775746 
T_stage 1: 0.508499 0.707403 0.455990 0.451102 0.280840 
Config: granularity=100000, SDR=10000, ADR=0, Rigid=1, Capture_Method=0
Stage 0: PT=0, T_stage=0.523500, bytes=0, T_capped=0
Stage 1: PT=6, T_stage=0.000000, bytes=33176880, T_capped=0
Group 0: Iters=5, Procs=3584, Factors=1.000000, Dist=2, RM=0, SM=0, RS=0, SS=0, parents=0, children=224
Async_Iters: 0
T_iter: 1.506499 1.447866 1.262639 1.269147 1.123456 
T_stage 0: 0.809026 0.847906 0.842904 0.843504 0.847541 
T_stage 1: 0.694325 0.602569 0.419083 0.416699 0.280210 
Config: granularity=100000, SDR=10000, ADR=0, Rigid=1, Capture_Method=0
Stage 0: PT=0, T_stage=0.523500, bytes=0, T_capped=0
Stage 1: PT=6, T_stage=0.000000, bytes=33176880, T_capped=0
Group 0: Iters=5, Procs=3584, Factors=1.000000, Dist=2, RM=0, SM=0, RS=0, SS=0, parents=0, children=224
Async_Iters: 0
T_iter: 1.246596 1.373706 1.288997 1.259564 1.099415 
T_stage 0: 0.756050 0.781243 0.790318 0.773048 0.774912 
T_stage 1: 0.490019 0.576878 0.507852 0.482452 0.321140 
Config: granularity=100000, SDR=10000, ADR=0, Rigid=1, Capture_Method=0
Stage 0: PT=0, T_stage=0.523500, bytes=0, T_capped=0
Stage 1: PT=6, T_stage=0.000000, bytes=33176880, T_capped=0
Group 0: Iters=5, Procs=3584, Factors=1.000000, Dist=2, RM=0, SM=0, RS=0, SS=0, parents=0, children=224
Async_Iters: 0
T_iter: 1.330119 1.509361 1.321544 1.092628 1.128350 
T_stage 0: 0.810827 0.845044 0.842362 0.842003 0.846918 
T_stage 1: 0.512099 0.665136 0.477471 0.250886 0.280168 
Config: granularity=100000, SDR=10000, ADR=0, Rigid=1, Capture_Method=0
Stage 0: PT=0, T_stage=0.523500, bytes=0, T_capped=0
Stage 1: PT=6, T_stage=0.000000, bytes=33176880, T_capped=0
Group 0: Iters=5, Procs=3584, Factors=1.000000, Dist=2, RM=0, SM=0, RS=0, SS=0, parents=0, children=224
Async_Iters: 0
T_iter: 1.307136 1.429672 1.254742 1.098720 1.054431 
T_stage 0: 0.753710 0.794246 0.796784 0.787633 0.789322 
T_stage 1: 0.553305 0.634928 0.465111 0.311669 0.266454 
Config: granularity=100000, SDR=10000, ADR=0, Rigid=1, Capture_Method=0
Stage 0: PT=0, T_stage=0.523500, bytes=0, T_capped=0
Stage 1: PT=6, T_stage=0.000000, bytes=33176880, T_capped=0
Group 0: Iters=5, Procs=3584, Factors=1.000000, Dist=2, RM=0, SM=0, RS=0, SS=0, parents=0, children=224
Async_Iters: 0
T_iter: 1.387411 1.495117 1.264732 1.268380 1.176070 
T_stage 0: 0.818551 0.833480 0.828547 0.829862 0.834185 
T_stage 1: 0.568207 0.663973 0.436530 0.435250 0.341598 
Config: granularity=100000, SDR=10000, ADR=0, Rigid=1, Capture_Method=0
Stage 0: PT=0, T_stage=0.523500, bytes=0, T_capped=0
Stage 1: PT=6, T_stage=0.000000, bytes=33176880, T_capped=0
Group 0: Iters=5, Procs=3584, Factors=1.000000, Dist=2, RM=0, SM=0, RS=0, SS=0, parents=0, children=224
Async_Iters: 0
T_iter: 1.387676 1.476855 1.260433 1.328084 1.221058 
T_stage 0: 0.815255 0.855346 0.846645 0.841379 0.849644 
T_stage 1: 0.572260 0.623295 0.418083 0.473207 0.371390 
Config: granularity=100000, SDR=10000, ADR=0, Rigid=1, Capture_Method=0
Stage 0: PT=0, T_stage=0.523500, bytes=0, T_capped=0
Stage 1: PT=6, T_stage=0.000000, bytes=33176880, T_capped=0
Group 0: Iters=5, Procs=3584, Factors=1.000000, Dist=2, RM=0, SM=0, RS=0, SS=0, parents=0, children=224
Async_Iters: 0
T_iter: 1.262684 1.483278 1.244003 1.084484 1.042904 
T_stage 0: 0.749239 0.788186 0.778718 0.777372 0.781451 
T_stage 1: 0.512635 0.694675 0.463292 0.308198 0.260636 
Config: granularity=100000, SDR=10000, ADR=0, Rigid=1, Capture_Method=0
Stage 0: PT=0, T_stage=0.523500, bytes=0, T_capped=0
Stage 1: PT=6, T_stage=0.000000, bytes=33176880, T_capped=0
Group 0: Iters=5, Procs=3584, Factors=1.000000, Dist=2, RM=0, SM=0, RS=0, SS=0, parents=0, children=224
Async_Iters: 0
T_iter: 1.350151 1.419748 1.220378 1.054627 1.041311 
T_stage 0: 0.753646 0.771941 0.763955 0.757360 0.760503 
T_stage 1: 0.595348 0.659121 0.459061 0.296781 0.281732 
Config: granularity=100000, SDR=10000, ADR=0, Rigid=1, Capture_Method=0
Stage 0: PT=0, T_stage=0.523500, bytes=0, T_capped=0
Stage 1: PT=6, T_stage=0.000000, bytes=33176880, T_capped=0
Group 0: Iters=5, Procs=3584, Factors=1.000000, Dist=2, RM=0, SM=0, RS=0, SS=0, parents=0, children=224
Async_Iters: 0
T_iter: 1.262563 1.518554 1.290095 1.098048 1.214514 
T_stage 0: 0.743743 0.810196 0.807012 0.805437 0.804922 
T_stage 1: 0.518518 0.711477 0.483178 0.288351 0.411169 
Config: granularity=100000, SDR=10000, ADR=0, Rigid=1, Capture_Method=0
Stage 0: PT=0, T_stage=0.523500, bytes=0, T_capped=0
Stage 1: PT=6, T_stage=0.000000, bytes=33176880, T_capped=0
Group 0: Iters=5, Procs=3584, Factors=1.000000, Dist=2, RM=0, SM=0, RS=0, SS=0, parents=0, children=224
Async_Iters: 0
T_iter: 1.336274 1.389848 1.089382 1.213528 1.267290 
T_stage 0: 0.768730 0.789380 0.801039 0.784217 0.791613 
T_stage 1: 0.567000 0.602949 0.304254 0.429833 0.481546 
Config: granularity=100000, SDR=10000, ADR=0, Rigid=1, Capture_Method=0
Stage 0: PT=0, T_stage=0.523500, bytes=0, T_capped=0
Stage 1: PT=6, T_stage=0.000000, bytes=33176880, T_capped=0
Group 0: Iters=5, Procs=3584, Factors=1.000000, Dist=2, RM=0, SM=0, RS=0, SS=0, parents=0, children=224
Async_Iters: 0
T_iter: 1.642537 1.513745 1.213375 1.404546 1.443265 
T_stage 0: 0.831744 0.900785 0.879400 0.874825 0.870243 
T_stage 1: 0.810352 0.631959 0.333972 0.523629 0.557615 
