Config loaded: R=1, S=2, granularity=100000, SDR=10000, ADR=0, Rigid=1, Capture_Method=0
Stage 0: PT=0, T_stage=0.523500, bytes=0, T_capped=0
Stage 1: PT=6, T_stage=0.000000, bytes=33176880, T_capped=0
Group 0: Iters=5, Procs=3584, Factors=1.000000, Dist=2, RM=0, SM=0, RS=0, SS=0
Group 1: Iters=10, Procs=224, Factors=1.000000, Dist=2, RM=0, SM=0, RS=0, SS=4
T_spawn: 11.825729 
T_SR: 1.064818 
T_AR: 0.000000 
T_US: 0.037036 
T_Malleability: 12.989633 
T_total: 27.083626
Config loaded: R=1, S=2, granularity=100000, SDR=10000, ADR=0, Rigid=1, Capture_Method=0
Stage 0: PT=0, T_stage=0.523500, bytes=0, T_capped=0
Stage 1: PT=6, T_stage=0.000000, bytes=33176880, T_capped=0
Group 0: Iters=5, Procs=3584, Factors=1.000000, Dist=2, RM=0, SM=0, RS=0, SS=0
Group 1: Iters=10, Procs=224, Factors=1.000000, Dist=2, RM=0, SM=0, RS=0, SS=4
T_spawn: 10.844238 
T_SR: 0.055263 
T_AR: 0.000000 
T_US: 0.031098 
T_Malleability: 10.995511 
T_total: 25.266528
Config loaded: R=1, S=2, granularity=100000, SDR=10000, ADR=0, Rigid=1, Capture_Method=0
Stage 0: PT=0, T_stage=0.523500, bytes=0, T_capped=0
Stage 1: PT=6, T_stage=0.000000, bytes=33176880, T_capped=0
Group 0: Iters=5, Procs=3584, Factors=1.000000, Dist=2, RM=0, SM=0, RS=0, SS=0
Group 1: Iters=10, Procs=224, Factors=1.000000, Dist=2, RM=0, SM=0, RS=0, SS=4
T_spawn: 11.231801 
T_SR: 0.065640 
T_AR: 0.000000 
T_US: 0.047798 
T_Malleability: 11.424260 
T_total: 24.592295
Config loaded: R=1, S=2, granularity=100000, SDR=10000, ADR=0, Rigid=1, Capture_Method=0
Stage 0: PT=0, T_stage=0.523500, bytes=0, T_capped=0
Stage 1: PT=6, T_stage=0.000000, bytes=33176880, T_capped=0
Group 0: Iters=5, Procs=3584, Factors=1.000000, Dist=2, RM=0, SM=0, RS=0, SS=0
Group 1: Iters=10, Procs=224, Factors=1.000000, Dist=2, RM=0, SM=0, RS=0, SS=4
T_spawn: 11.902639 
T_SR: 0.035642 
T_AR: 0.000000 
T_US: 0.056794 
T_Malleability: 12.099484 
T_total: 25.971232
Config loaded: R=1, S=2, granularity=100000, SDR=10000, ADR=0, Rigid=1, Capture_Method=0
Stage 0: PT=0, T_stage=0.523500, bytes=0, T_capped=0
Stage 1: PT=6, T_stage=0.000000, bytes=33176880, T_capped=0
Group 0: Iters=5, Procs=3584, Factors=1.000000, Dist=2, RM=0, SM=0, RS=0, SS=0
Group 1: Iters=10, Procs=224, Factors=1.000000, Dist=2, RM=0, SM=0, RS=0, SS=4
T_spawn: 11.119114 
T_SR: 0.040893 
T_AR: 0.000000 
T_US: 0.086969 
T_Malleability: 11.302817 
T_total: 24.944622
Config loaded: R=1, S=2, granularity=100000, SDR=10000, ADR=0, Rigid=1, Capture_Method=0
Stage 0: PT=0, T_stage=0.523500, bytes=0, T_capped=0
Stage 1: PT=6, T_stage=0.000000, bytes=33176880, T_capped=0
Group 0: Iters=5, Procs=3584, Factors=1.000000, Dist=2, RM=0, SM=0, RS=0, SS=0
Group 1: Iters=10, Procs=224, Factors=1.000000, Dist=2, RM=0, SM=0, RS=0, SS=4
T_spawn: 11.733024 
T_SR: 0.041463 
T_AR: 0.000000 
T_US: 0.049526 
T_Malleability: 11.875578 
T_total: 25.478847
Config loaded: R=1, S=2, granularity=100000, SDR=10000, ADR=0, Rigid=1, Capture_Method=0
Stage 0: PT=0, T_stage=0.523500, bytes=0, T_capped=0
Stage 1: PT=6, T_stage=0.000000, bytes=33176880, T_capped=0
Group 0: Iters=5, Procs=3584, Factors=1.000000, Dist=2, RM=0, SM=0, RS=0, SS=0
Group 1: Iters=10, Procs=224, Factors=1.000000, Dist=2, RM=0, SM=0, RS=0, SS=4
T_spawn: 10.659091 
T_SR: 0.028907 
T_AR: 0.000000 
T_US: 0.052758 
T_Malleability: 10.785060 
T_total: 24.199415
Config loaded: R=1, S=2, granularity=100000, SDR=10000, ADR=0, Rigid=1, Capture_Method=0
Stage 0: PT=0, T_stage=0.523500, bytes=0, T_capped=0
Stage 1: PT=6, T_stage=0.000000, bytes=33176880, T_capped=0
Group 0: Iters=5, Procs=3584, Factors=1.000000, Dist=2, RM=0, SM=0, RS=0, SS=0
Group 1: Iters=10, Procs=224, Factors=1.000000, Dist=2, RM=0, SM=0, RS=0, SS=4
T_spawn: 10.928186 
T_SR: 0.053548 
T_AR: 0.000000 
T_US: 0.059687 
T_Malleability: 11.092153 
T_total: 24.609918
Config loaded: R=1, S=2, granularity=100000, SDR=10000, ADR=0, Rigid=1, Capture_Method=0
Stage 0: PT=0, T_stage=0.523500, bytes=0, T_capped=0
Stage 1: PT=6, T_stage=0.000000, bytes=33176880, T_capped=0
Group 0: Iters=5, Procs=3584, Factors=1.000000, Dist=2, RM=0, SM=0, RS=0, SS=0
Group 1: Iters=10, Procs=224, Factors=1.000000, Dist=2, RM=0, SM=0, RS=0, SS=4
T_spawn: 10.672641 
T_SR: 0.041571 
T_AR: 0.000000 
T_US: 0.098568 
T_Malleability: 10.900394 
T_total: 24.652861
Config loaded: R=1, S=2, granularity=100000, SDR=10000, ADR=0, Rigid=1, Capture_Method=0
Stage 0: PT=0, T_stage=0.523500, bytes=0, T_capped=0
Stage 1: PT=6, T_stage=0.000000, bytes=33176880, T_capped=0
Group 0: Iters=5, Procs=3584, Factors=1.000000, Dist=2, RM=0, SM=0, RS=0, SS=0
Group 1: Iters=10, Procs=224, Factors=1.000000, Dist=2, RM=0, SM=0, RS=0, SS=4
T_spawn: 10.656457 
T_SR: 0.038373 
T_AR: 0.000000 
T_US: 0.078197 
T_Malleability: 10.857810 
T_total: 25.700065
Config loaded: R=1, S=2, granularity=100000, SDR=10000, ADR=0, Rigid=1, Capture_Method=0
Stage 0: PT=0, T_stage=0.523500, bytes=0, T_capped=0
Stage 1: PT=6, T_stage=0.000000, bytes=33176880, T_capped=0
Group 0: Iters=5, Procs=3584, Factors=1.000000, Dist=2, RM=0, SM=0, RS=0, SS=0
Group 1: Iters=10, Procs=224, Factors=1.000000, Dist=2, RM=0, SM=0, RS=0, SS=4
T_spawn: 10.617523 
T_SR: 0.030616 
T_AR: 0.000000 
T_US: 0.022526 
T_Malleability: 10.767597 
T_total: 24.102779
Config loaded: R=1, S=2, granularity=100000, SDR=10000, ADR=0, Rigid=1, Capture_Method=0
Stage 0: PT=0, T_stage=0.523500, bytes=0, T_capped=0
Stage 1: PT=6, T_stage=0.000000, bytes=33176880, T_capped=0
Group 0: Iters=5, Procs=3584, Factors=1.000000, Dist=2, RM=0, SM=0, RS=0, SS=0
Group 1: Iters=10, Procs=224, Factors=1.000000, Dist=2, RM=0, SM=0, RS=0, SS=4
T_spawn: 11.912017 
T_SR: 0.040602 
T_AR: 0.000000 
T_US: 0.086472 
T_Malleability: 12.115032 
T_total: 27.558398
Config loaded: R=1, S=2, granularity=100000, SDR=10000, ADR=0, Rigid=1, Capture_Method=0
Stage 0: PT=0, T_stage=0.523500, bytes=0, T_capped=0
Stage 1: PT=6, T_stage=0.000000, bytes=33176880, T_capped=0
Group 0: Iters=5, Procs=3584, Factors=1.000000, Dist=2, RM=0, SM=0, RS=0, SS=0
Group 1: Iters=10, Procs=224, Factors=1.000000, Dist=2, RM=0, SM=0, RS=0, SS=4
T_spawn: 11.527799 
T_SR: 0.030003 
T_AR: 0.000000 
T_US: 0.029048 
T_Malleability: 11.694454 
T_total: 25.919208
Config loaded: R=1, S=2, granularity=100000, SDR=10000, ADR=0, Rigid=1, Capture_Method=0
Stage 0: PT=0, T_stage=0.523500, bytes=0, T_capped=0
Stage 1: PT=6, T_stage=0.000000, bytes=33176880, T_capped=0
Group 0: Iters=5, Procs=3584, Factors=1.000000, Dist=2, RM=0, SM=0, RS=0, SS=0
Group 1: Iters=10, Procs=224, Factors=1.000000, Dist=2, RM=0, SM=0, RS=0, SS=4
T_spawn: 11.595697 
T_SR: 0.055870 
T_AR: 0.000000 
T_US: 0.031959 
T_Malleability: 11.780075 
T_total: 25.914745
Config loaded: R=1, S=2, granularity=100000, SDR=10000, ADR=0, Rigid=1, Capture_Method=0
Stage 0: PT=0, T_stage=0.523500, bytes=0, T_capped=0
Stage 1: PT=6, T_stage=0.000000, bytes=33176880, T_capped=0
Group 0: Iters=5, Procs=3584, Factors=1.000000, Dist=2, RM=0, SM=0, RS=0, SS=0
Group 1: Iters=10, Procs=224, Factors=1.000000, Dist=2, RM=0, SM=0, RS=0, SS=4
T_spawn: 10.779746 
T_SR: 0.040883 
T_AR: 0.000000 
T_US: 0.050703 
T_Malleability: 10.987669 
T_total: 25.298367
Config loaded: R=1, S=2, granularity=100000, SDR=10000, ADR=0, Rigid=1, Capture_Method=0
Stage 0: PT=0, T_stage=0.523500, bytes=0, T_capped=0
Stage 1: PT=6, T_stage=0.000000, bytes=33176880, T_capped=0
Group 0: Iters=5, Procs=3584, Factors=1.000000, Dist=2, RM=0, SM=0, RS=0, SS=0
Group 1: Iters=10, Procs=224, Factors=1.000000, Dist=2, RM=0, SM=0, RS=0, SS=4
T_spawn: 12.233210 
T_SR: 0.024293 
T_AR: 0.000000 
T_US: 0.065936 
T_Malleability: 12.415698 
T_total: 26.545852
Config loaded: R=1, S=2, granularity=100000, SDR=10000, ADR=0, Rigid=1, Capture_Method=0
Stage 0: PT=0, T_stage=0.523500, bytes=0, T_capped=0
Stage 1: PT=6, T_stage=0.000000, bytes=33176880, T_capped=0
Group 0: Iters=5, Procs=3584, Factors=1.000000, Dist=2, RM=0, SM=0, RS=0, SS=0
Group 1: Iters=10, Procs=224, Factors=1.000000, Dist=2, RM=0, SM=0, RS=0, SS=4
T_spawn: 10.690358 
T_SR: 0.027208 
T_AR: 0.000000 
T_US: 0.031157 
T_Malleability: 10.846969 
T_total: 24.479651
Config loaded: R=1, S=2, granularity=100000, SDR=10000, ADR=0, Rigid=1, Capture_Method=0
Stage 0: PT=0, T_stage=0.523500, bytes=0, T_capped=0
Stage 1: PT=6, T_stage=0.000000, bytes=33176880, T_capped=0
Group 0: Iters=5, Procs=3584, Factors=1.000000, Dist=2, RM=0, SM=0, RS=0, SS=0
Group 1: Iters=10, Procs=224, Factors=1.000000, Dist=2, RM=0, SM=0, RS=0, SS=4
T_spawn: 11.427409 
T_SR: 0.045663 
T_AR: 0.000000 
T_US: 0.069594 
T_Malleability: 11.620096 
T_total: 25.032118
Config loaded: R=1, S=2, granularity=100000, SDR=10000, ADR=0, Rigid=1, Capture_Method=0
Stage 0: PT=0, T_stage=0.523500, bytes=0, T_capped=0
Stage 1: PT=6, T_stage=0.000000, bytes=33176880, T_capped=0
Group 0: Iters=5, Procs=3584, Factors=1.000000, Dist=2, RM=0, SM=0, RS=0, SS=0
Group 1: Iters=10, Procs=224, Factors=1.000000, Dist=2, RM=0, SM=0, RS=0, SS=4
T_spawn: 10.100512 
T_SR: 0.036273 
T_AR: 0.000000 
T_US: 0.084650 
T_Malleability: 10.324633 
T_total: 23.689600
Config loaded: R=1, S=2, granularity=100000, SDR=10000, ADR=0, Rigid=1, Capture_Method=0
Stage 0: PT=0, T_stage=0.523500, bytes=0, T_capped=0
Stage 1: PT=6, T_stage=0.000000, bytes=33176880, T_capped=0
Group 0: Iters=5, Procs=3584, Factors=1.000000, Dist=2, RM=0, SM=0, RS=0, SS=0
Group 1: Iters=10, Procs=224, Factors=1.000000, Dist=2, RM=0, SM=0, RS=0, SS=4
T_spawn: 10.489747 
T_SR: 0.032603 
T_AR: 0.000000 
T_US: 0.067176 
T_Malleability: 10.667747 
T_total: 25.590913
