Config loaded: R=1, S=2, granularity=100000, SDR=10000, ADR=0, Rigid=1, Capture_Method=0
Stage 0: PT=0, T_stage=0.523500, bytes=0, T_capped=0
Stage 1: PT=6, T_stage=0.000000, bytes=33176880, T_capped=0
Group 0: Iters=5, Procs=896, Factors=1.000000, Dist=2, RM=0, SM=0, RS=0, SS=0
Group 1: Iters=10, Procs=448, Factors=1.000000, Dist=2, RM=0, SM=0, RS=0, SS=4
T_spawn: 12.570239 
T_SR: 0.040170 
T_AR: 0.000000 
T_US: 0.068447 
T_Malleability: 12.757795 
T_total: 25.070944
Config loaded: R=1, S=2, granularity=100000, SDR=10000, ADR=0, Rigid=1, Capture_Method=0
Stage 0: PT=0, T_stage=0.523500, bytes=0, T_capped=0
Stage 1: PT=6, T_stage=0.000000, bytes=33176880, T_capped=0
Group 0: Iters=5, Procs=896, Factors=1.000000, Dist=2, RM=0, SM=0, RS=0, SS=0
Group 1: Iters=10, Procs=448, Factors=1.000000, Dist=2, RM=0, SM=0, RS=0, SS=4
T_spawn: 13.522145 
T_SR: 0.038111 
T_AR: 0.000000 
T_US: 0.071432 
T_Malleability: 13.809818 
T_total: 27.029916
Config loaded: R=1, S=2, granularity=100000, SDR=10000, ADR=0, Rigid=1, Capture_Method=0
Stage 0: PT=0, T_stage=0.523500, bytes=0, T_capped=0
Stage 1: PT=6, T_stage=0.000000, bytes=33176880, T_capped=0
Group 0: Iters=5, Procs=896, Factors=1.000000, Dist=2, RM=0, SM=0, RS=0, SS=0
Group 1: Iters=10, Procs=448, Factors=1.000000, Dist=2, RM=0, SM=0, RS=0, SS=4
T_spawn: 12.939969 
T_SR: 0.024100 
T_AR: 0.000000 
T_US: 0.096190 
T_Malleability: 13.227071 
T_total: 27.279360
Config loaded: R=1, S=2, granularity=100000, SDR=10000, ADR=0, Rigid=1, Capture_Method=0
Stage 0: PT=0, T_stage=0.523500, bytes=0, T_capped=0
Stage 1: PT=6, T_stage=0.000000, bytes=33176880, T_capped=0
Group 0: Iters=5, Procs=896, Factors=1.000000, Dist=2, RM=0, SM=0, RS=0, SS=0
Group 1: Iters=10, Procs=448, Factors=1.000000, Dist=2, RM=0, SM=0, RS=0, SS=4
T_spawn: 11.802696 
T_SR: 0.027727 
T_AR: 0.000000 
T_US: 0.055138 
T_Malleability: 12.022617 
T_total: 25.256757
Config loaded: R=1, S=2, granularity=100000, SDR=10000, ADR=0, Rigid=1, Capture_Method=0
Stage 0: PT=0, T_stage=0.523500, bytes=0, T_capped=0
Stage 1: PT=6, T_stage=0.000000, bytes=33176880, T_capped=0
Group 0: Iters=5, Procs=896, Factors=1.000000, Dist=2, RM=0, SM=0, RS=0, SS=0
Group 1: Iters=10, Procs=448, Factors=1.000000, Dist=2, RM=0, SM=0, RS=0, SS=4
T_spawn: 11.586034 
T_SR: 0.026826 
T_AR: 0.000000 
T_US: 0.086593 
T_Malleability: 11.816877 
T_total: 24.151694
Config loaded: R=1, S=2, granularity=100000, SDR=10000, ADR=0, Rigid=1, Capture_Method=0
Stage 0: PT=0, T_stage=0.523500, bytes=0, T_capped=0
Stage 1: PT=6, T_stage=0.000000, bytes=33176880, T_capped=0
Group 0: Iters=5, Procs=896, Factors=1.000000, Dist=2, RM=0, SM=0, RS=0, SS=0
Group 1: Iters=10, Procs=448, Factors=1.000000, Dist=2, RM=0, SM=0, RS=0, SS=4
T_spawn: 13.435023 
T_SR: 0.039753 
T_AR: 0.000000 
T_US: 0.085344 
T_Malleability: 13.683414 
T_total: 26.509652
Config loaded: R=1, S=2, granularity=100000, SDR=10000, ADR=0, Rigid=1, Capture_Method=0
Stage 0: PT=0, T_stage=0.523500, bytes=0, T_capped=0
Stage 1: PT=6, T_stage=0.000000, bytes=33176880, T_capped=0
Group 0: Iters=5, Procs=896, Factors=1.000000, Dist=2, RM=0, SM=0, RS=0, SS=0
Group 1: Iters=10, Procs=448, Factors=1.000000, Dist=2, RM=0, SM=0, RS=0, SS=4
T_spawn: 13.537737 
T_SR: 0.027146 
T_AR: 0.000000 
T_US: 0.091076 
T_Malleability: 13.743713 
T_total: 26.635818
Config loaded: R=1, S=2, granularity=100000, SDR=10000, ADR=0, Rigid=1, Capture_Method=0
Stage 0: PT=0, T_stage=0.523500, bytes=0, T_capped=0
Stage 1: PT=6, T_stage=0.000000, bytes=33176880, T_capped=0
Group 0: Iters=5, Procs=896, Factors=1.000000, Dist=2, RM=0, SM=0, RS=0, SS=0
Group 1: Iters=10, Procs=448, Factors=1.000000, Dist=2, RM=0, SM=0, RS=0, SS=4
T_spawn: 11.573596 
T_SR: 0.058515 
T_AR: 0.000000 
T_US: 0.197836 
T_Malleability: 11.923237 
T_total: 24.049782
Config loaded: R=1, S=2, granularity=100000, SDR=10000, ADR=0, Rigid=1, Capture_Method=0
Stage 0: PT=0, T_stage=0.523500, bytes=0, T_capped=0
Stage 1: PT=6, T_stage=0.000000, bytes=33176880, T_capped=0
Group 0: Iters=5, Procs=896, Factors=1.000000, Dist=2, RM=0, SM=0, RS=0, SS=0
Group 1: Iters=10, Procs=448, Factors=1.000000, Dist=2, RM=0, SM=0, RS=0, SS=4
T_spawn: 12.357640 
T_SR: 0.039548 
T_AR: 0.000000 
T_US: 0.096807 
T_Malleability: 12.573017 
T_total: 24.518947
Config loaded: R=1, S=2, granularity=100000, SDR=10000, ADR=0, Rigid=1, Capture_Method=0
Stage 0: PT=0, T_stage=0.523500, bytes=0, T_capped=0
Stage 1: PT=6, T_stage=0.000000, bytes=33176880, T_capped=0
Group 0: Iters=5, Procs=896, Factors=1.000000, Dist=2, RM=0, SM=0, RS=0, SS=0
Group 1: Iters=10, Procs=448, Factors=1.000000, Dist=2, RM=0, SM=0, RS=0, SS=4
T_spawn: 13.462828 
T_SR: 0.043714 
T_AR: 0.000000 
T_US: 0.026617 
T_Malleability: 13.628264 
T_total: 27.049084
Config loaded: R=1, S=2, granularity=100000, SDR=10000, ADR=0, Rigid=1, Capture_Method=0
Stage 0: PT=0, T_stage=0.523500, bytes=0, T_capped=0
Stage 1: PT=6, T_stage=0.000000, bytes=33176880, T_capped=0
Group 0: Iters=5, Procs=896, Factors=1.000000, Dist=2, RM=0, SM=0, RS=0, SS=0
Group 1: Iters=10, Procs=448, Factors=1.000000, Dist=2, RM=0, SM=0, RS=0, SS=4
T_spawn: 12.308076 
T_SR: 0.039787 
T_AR: 0.000000 
T_US: 0.075478 
T_Malleability: 12.518960 
T_total: 25.480092
Config loaded: R=1, S=2, granularity=100000, SDR=10000, ADR=0, Rigid=1, Capture_Method=0
Stage 0: PT=0, T_stage=0.523500, bytes=0, T_capped=0
Stage 1: PT=6, T_stage=0.000000, bytes=33176880, T_capped=0
Group 0: Iters=5, Procs=896, Factors=1.000000, Dist=2, RM=0, SM=0, RS=0, SS=0
Group 1: Iters=10, Procs=448, Factors=1.000000, Dist=2, RM=0, SM=0, RS=0, SS=4
T_spawn: 13.003699 
T_SR: 0.040000 
T_AR: 0.000000 
T_US: 0.053655 
T_Malleability: 13.202821 
T_total: 26.018020
Config loaded: R=1, S=2, granularity=100000, SDR=10000, ADR=0, Rigid=1, Capture_Method=0
Stage 0: PT=0, T_stage=0.523500, bytes=0, T_capped=0
Stage 1: PT=6, T_stage=0.000000, bytes=33176880, T_capped=0
Group 0: Iters=5, Procs=896, Factors=1.000000, Dist=2, RM=0, SM=0, RS=0, SS=0
Group 1: Iters=10, Procs=448, Factors=1.000000, Dist=2, RM=0, SM=0, RS=0, SS=4
T_spawn: 12.318215 
T_SR: 0.026913 
T_AR: 0.000000 
T_US: 0.129381 
T_Malleability: 12.567133 
T_total: 25.080342
Config loaded: R=1, S=2, granularity=100000, SDR=10000, ADR=0, Rigid=1, Capture_Method=0
Stage 0: PT=0, T_stage=0.523500, bytes=0, T_capped=0
Stage 1: PT=6, T_stage=0.000000, bytes=33176880, T_capped=0
Group 0: Iters=5, Procs=896, Factors=1.000000, Dist=2, RM=0, SM=0, RS=0, SS=0
Group 1: Iters=10, Procs=448, Factors=1.000000, Dist=2, RM=0, SM=0, RS=0, SS=4
T_spawn: 11.770881 
T_SR: 0.027391 
T_AR: 0.000000 
T_US: 0.098175 
T_Malleability: 11.992320 
T_total: 24.926123
Config loaded: R=1, S=2, granularity=100000, SDR=10000, ADR=0, Rigid=1, Capture_Method=0
Stage 0: PT=0, T_stage=0.523500, bytes=0, T_capped=0
Stage 1: PT=6, T_stage=0.000000, bytes=33176880, T_capped=0
Group 0: Iters=5, Procs=896, Factors=1.000000, Dist=2, RM=0, SM=0, RS=0, SS=0
Group 1: Iters=10, Procs=448, Factors=1.000000, Dist=2, RM=0, SM=0, RS=0, SS=4
T_spawn: 12.359409 
T_SR: 0.040366 
T_AR: 0.000000 
T_US: 0.102076 
T_Malleability: 12.645371 
T_total: 25.722938
Config loaded: R=1, S=2, granularity=100000, SDR=10000, ADR=0, Rigid=1, Capture_Method=0
Stage 0: PT=0, T_stage=0.523500, bytes=0, T_capped=0
Stage 1: PT=6, T_stage=0.000000, bytes=33176880, T_capped=0
Group 0: Iters=5, Procs=896, Factors=1.000000, Dist=2, RM=0, SM=0, RS=0, SS=0
Group 1: Iters=10, Procs=448, Factors=1.000000, Dist=2, RM=0, SM=0, RS=0, SS=4
T_spawn: 12.547491 
T_SR: 0.033094 
T_AR: 0.000000 
T_US: 0.077492 
T_Malleability: 12.762406 
T_total: 26.022874
Config loaded: R=1, S=2, granularity=100000, SDR=10000, ADR=0, Rigid=1, Capture_Method=0
Stage 0: PT=0, T_stage=0.523500, bytes=0, T_capped=0
Stage 1: PT=6, T_stage=0.000000, bytes=33176880, T_capped=0
Group 0: Iters=5, Procs=896, Factors=1.000000, Dist=2, RM=0, SM=0, RS=0, SS=0
Group 1: Iters=10, Procs=448, Factors=1.000000, Dist=2, RM=0, SM=0, RS=0, SS=4
T_spawn: 12.088064 
T_SR: 0.034785 
T_AR: 0.000000 
T_US: 0.068447 
T_Malleability: 12.303610 
T_total: 25.238226
Config loaded: R=1, S=2, granularity=100000, SDR=10000, ADR=0, Rigid=1, Capture_Method=0
Stage 0: PT=0, T_stage=0.523500, bytes=0, T_capped=0
Stage 1: PT=6, T_stage=0.000000, bytes=33176880, T_capped=0
Group 0: Iters=5, Procs=896, Factors=1.000000, Dist=2, RM=0, SM=0, RS=0, SS=0
Group 1: Iters=10, Procs=448, Factors=1.000000, Dist=2, RM=0, SM=0, RS=0, SS=4
T_spawn: 12.376733 
T_SR: 0.038898 
T_AR: 0.000000 
T_US: 0.058152 
T_Malleability: 12.581809 
T_total: 24.868704
Config loaded: R=1, S=2, granularity=100000, SDR=10000, ADR=0, Rigid=1, Capture_Method=0
Stage 0: PT=0, T_stage=0.523500, bytes=0, T_capped=0
Stage 1: PT=6, T_stage=0.000000, bytes=33176880, T_capped=0
Group 0: Iters=5, Procs=896, Factors=1.000000, Dist=2, RM=0, SM=0, RS=0, SS=0
Group 1: Iters=10, Procs=448, Factors=1.000000, Dist=2, RM=0, SM=0, RS=0, SS=4
T_spawn: 12.528455 
T_SR: 0.026899 
T_AR: 0.000000 
T_US: 0.086375 
T_Malleability: 12.763537 
T_total: 25.410120
Config loaded: R=1, S=2, granularity=100000, SDR=10000, ADR=0, Rigid=1, Capture_Method=0
Stage 0: PT=0, T_stage=0.523500, bytes=0, T_capped=0
Stage 1: PT=6, T_stage=0.000000, bytes=33176880, T_capped=0
Group 0: Iters=5, Procs=896, Factors=1.000000, Dist=2, RM=0, SM=0, RS=0, SS=0
Group 1: Iters=10, Procs=448, Factors=1.000000, Dist=2, RM=0, SM=0, RS=0, SS=4
T_spawn: 12.542996 
T_SR: 0.049367 
T_AR: 0.000000 
T_US: 0.081996 
T_Malleability: 12.758954 
T_total: 25.778729
