Config: granularity=100000, SDR=10000, ADR=0, Rigid=1, Capture_Method=0
Stage 0: PT=0, T_stage=0.523500, bytes=0, T_capped=0
Stage 1: PT=6, T_stage=0.000000, bytes=33176880, T_capped=0
Group 1: Iters=10, Procs=448, Factors=1.000000, Dist=2, RM=0, SM=0, RS=0, SS=4, parents=896, children=0
Async_Iters: 0
T_iter: 0.849714 0.831097 0.806990 0.787248 0.820536 0.778903 0.829048 0.788260 0.773733 0.781173 
T_stage 0: 0.709795 0.711675 0.685672 0.683916 0.700627 0.680297 0.698986 0.690641 0.673150 0.682396 
T_stage 1: 0.139956 0.119721 0.118178 0.103501 0.119638 0.099193 0.131485 0.094732 0.100709 0.103476 
Config: granularity=100000, SDR=10000, ADR=0, Rigid=1, Capture_Method=0
Stage 0: PT=0, T_stage=0.523500, bytes=0, T_capped=0
Stage 1: PT=6, T_stage=0.000000, bytes=33176880, T_capped=0
Group 1: Iters=10, Procs=448, Factors=1.000000, Dist=2, RM=0, SM=0, RS=0, SS=4, parents=896, children=0
Async_Iters: 0
T_iter: 0.933231 0.883124 0.881645 0.858501 0.831834 0.843298 0.890522 0.851070 0.854415 0.821791 
T_stage 0: 0.764790 0.768311 0.771315 0.761183 0.739525 0.733345 0.752448 0.741966 0.738014 0.726222 
T_stage 1: 0.168427 0.115135 0.115413 0.097465 0.092362 0.110192 0.141363 0.109537 0.116451 0.096050 
Config: granularity=100000, SDR=10000, ADR=0, Rigid=1, Capture_Method=0
Stage 0: PT=0, T_stage=0.523500, bytes=0, T_capped=0
Stage 1: PT=6, T_stage=0.000000, bytes=33176880, T_capped=0
Group 1: Iters=10, Procs=448, Factors=1.000000, Dist=2, RM=0, SM=0, RS=0, SS=4, parents=896, children=0
Async_Iters: 0
T_iter: 0.984348 0.951613 0.920683 0.908594 0.920291 0.939332 0.902884 0.933552 0.900569 0.898901 
T_stage 0: 0.815202 0.830545 0.818601 0.812922 0.813478 0.798176 0.804561 0.822827 0.805558 0.800217 
T_stage 1: 0.169193 0.121432 0.102234 0.095867 0.106645 0.137228 0.098496 0.112325 0.095036 0.098701 
Config: granularity=100000, SDR=10000, ADR=0, Rigid=1, Capture_Method=0
Stage 0: PT=0, T_stage=0.523500, bytes=0, T_capped=0
Stage 1: PT=6, T_stage=0.000000, bytes=33176880, T_capped=0
Group 1: Iters=10, Procs=448, Factors=1.000000, Dist=2, RM=0, SM=0, RS=0, SS=4, parents=896, children=0
Async_Iters: 0
T_iter: 0.902316 0.861578 0.896297 0.882305 0.833942 0.830003 0.839453 0.832313 0.860847 0.830242 
T_stage 0: 0.755370 0.741467 0.725009 0.750798 0.726680 0.719542 0.738446 0.724310 0.746105 0.725302 
T_stage 1: 0.147004 0.120532 0.170871 0.132317 0.107628 0.110563 0.103762 0.108232 0.114948 0.105082 
Config: granularity=100000, SDR=10000, ADR=0, Rigid=1, Capture_Method=0
Stage 0: PT=0, T_stage=0.523500, bytes=0, T_capped=0
Stage 1: PT=6, T_stage=0.000000, bytes=33176880, T_capped=0
Group 1: Iters=10, Procs=448, Factors=1.000000, Dist=2, RM=0, SM=0, RS=0, SS=4, parents=896, children=0
Async_Iters: 0
T_iter: 0.891433 0.774569 0.773807 0.769559 0.795996 0.764339 0.795635 0.752023 0.793968 0.756169 
T_stage 0: 0.694415 0.657561 0.653412 0.669673 0.673856 0.666736 0.664908 0.654090 0.666919 0.648410 
T_stage 1: 0.197163 0.117149 0.120876 0.100037 0.119881 0.097488 0.130758 0.098031 0.124616 0.107903 
Config: granularity=100000, SDR=10000, ADR=0, Rigid=1, Capture_Method=0
Stage 0: PT=0, T_stage=0.523500, bytes=0, T_capped=0
Stage 1: PT=6, T_stage=0.000000, bytes=33176880, T_capped=0
Group 1: Iters=10, Procs=448, Factors=1.000000, Dist=2, RM=0, SM=0, RS=0, SS=4, parents=896, children=0
Async_Iters: 0
T_iter: 0.851643 0.826047 0.823903 0.819212 0.827754 0.800513 0.807684 0.819571 0.817972 0.792322 
T_stage 0: 0.711664 0.714566 0.709948 0.708390 0.709251 0.701594 0.705817 0.705968 0.699279 0.697566 
T_stage 1: 0.139295 0.113759 0.111611 0.111379 0.118585 0.098892 0.105124 0.115287 0.122283 0.094401 
Config: granularity=100000, SDR=10000, ADR=0, Rigid=1, Capture_Method=0
Stage 0: PT=0, T_stage=0.523500, bytes=0, T_capped=0
Stage 1: PT=6, T_stage=0.000000, bytes=33176880, T_capped=0
Group 1: Iters=10, Procs=448, Factors=1.000000, Dist=2, RM=0, SM=0, RS=0, SS=4, parents=896, children=0
Async_Iters: 0
T_iter: 0.910411 0.893349 0.886888 0.816571 0.824506 0.804882 0.806356 0.827604 0.820040 0.794445 
T_stage 0: 0.748626 0.770332 0.766131 0.691894 0.709624 0.683218 0.704320 0.703202 0.706164 0.682929 
T_stage 1: 0.161207 0.124600 0.120930 0.125931 0.115191 0.121845 0.102141 0.129346 0.114061 0.111747 
Config: granularity=100000, SDR=10000, ADR=0, Rigid=1, Capture_Method=0
Stage 0: PT=0, T_stage=0.523500, bytes=0, T_capped=0
Stage 1: PT=6, T_stage=0.000000, bytes=33176880, T_capped=0
Group 1: Iters=10, Procs=448, Factors=1.000000, Dist=2, RM=0, SM=0, RS=0, SS=4, parents=896, children=0
Async_Iters: 0
T_iter: 0.829687 0.735342 0.750764 0.744144 0.740085 0.731644 0.710154 0.751530 0.771694 0.756128 
T_stage 0: 0.667167 0.629812 0.636306 0.625238 0.640445 0.640925 0.616518 0.624262 0.626606 0.635982 
T_stage 1: 0.162377 0.105668 0.116515 0.117285 0.100070 0.090851 0.093672 0.127296 0.148084 0.124962 
Config: granularity=100000, SDR=10000, ADR=0, Rigid=1, Capture_Method=0
Stage 0: PT=0, T_stage=0.523500, bytes=0, T_capped=0
Stage 1: PT=6, T_stage=0.000000, bytes=33176880, T_capped=0
Group 1: Iters=10, Procs=448, Factors=1.000000, Dist=2, RM=0, SM=0, RS=0, SS=4, parents=896, children=0
Async_Iters: 0
T_iter: 0.809501 0.730153 0.741690 0.742859 0.757161 0.742007 0.707402 0.739508 0.726730 0.721736 
T_stage 0: 0.674451 0.620921 0.623121 0.637448 0.615589 0.621158 0.610205 0.634584 0.613701 0.612732 
T_stage 1: 0.134935 0.109388 0.118772 0.105837 0.144880 0.120869 0.097640 0.109958 0.112945 0.108531 
Config: granularity=100000, SDR=10000, ADR=0, Rigid=1, Capture_Method=0
Stage 0: PT=0, T_stage=0.523500, bytes=0, T_capped=0
Stage 1: PT=6, T_stage=0.000000, bytes=33176880, T_capped=0
Group 1: Iters=10, Procs=448, Factors=1.000000, Dist=2, RM=0, SM=0, RS=0, SS=4, parents=896, children=0
Async_Iters: 0
T_iter: 0.965397 0.863863 0.850873 0.853295 0.834374 0.820473 0.868599 0.850961 0.858826 0.823848 
T_stage 0: 0.786331 0.756530 0.733843 0.728891 0.728856 0.720797 0.754626 0.715473 0.736042 0.720772 
T_stage 1: 0.173501 0.107398 0.117410 0.124258 0.105773 0.099712 0.113964 0.137704 0.122897 0.102556 
Config: granularity=100000, SDR=10000, ADR=0, Rigid=1, Capture_Method=0
Stage 0: PT=0, T_stage=0.523500, bytes=0, T_capped=0
Stage 1: PT=6, T_stage=0.000000, bytes=33176880, T_capped=0
Group 1: Iters=10, Procs=448, Factors=1.000000, Dist=2, RM=0, SM=0, RS=0, SS=4, parents=896, children=0
Async_Iters: 0
T_iter: 0.878710 0.860845 0.846738 0.852595 0.833613 0.807945 0.860800 0.827108 0.813881 0.847086 
T_stage 0: 0.737190 0.730674 0.745361 0.717530 0.735299 0.713211 0.722022 0.713795 0.704170 0.715462 
T_stage 1: 0.141437 0.130433 0.102199 0.137019 0.099485 0.094741 0.140784 0.113412 0.109668 0.131893 
Config: granularity=100000, SDR=10000, ADR=0, Rigid=1, Capture_Method=0
Stage 0: PT=0, T_stage=0.523500, bytes=0, T_capped=0
Stage 1: PT=6, T_stage=0.000000, bytes=33176880, T_capped=0
Group 1: Iters=10, Procs=448, Factors=1.000000, Dist=2, RM=0, SM=0, RS=0, SS=4, parents=896, children=0
Async_Iters: 0
T_iter: 0.829821 0.803574 0.846795 0.788088 0.777519 0.789854 0.797212 0.818400 0.774993 0.777985 
T_stage 0: 0.689015 0.686808 0.698468 0.676747 0.678561 0.694170 0.671707 0.696031 0.679638 0.677955 
T_stage 1: 0.141141 0.116810 0.148762 0.111851 0.099192 0.095748 0.125572 0.118520 0.095451 0.101729 
Config: granularity=100000, SDR=10000, ADR=0, Rigid=1, Capture_Method=0
Stage 0: PT=0, T_stage=0.523500, bytes=0, T_capped=0
Stage 1: PT=6, T_stage=0.000000, bytes=33176880, T_capped=0
Group 1: Iters=10, Procs=448, Factors=1.000000, Dist=2, RM=0, SM=0, RS=0, SS=4, parents=896, children=0
Async_Iters: 0
T_iter: 0.877790 0.820725 0.860060 0.854351 0.813032 0.836551 0.800663 0.724805 0.721274 0.708032 
T_stage 0: 0.724326 0.708025 0.721490 0.724963 0.709449 0.722203 0.707757 0.623847 0.626327 0.610058 
T_stage 1: 0.153477 0.110918 0.137612 0.132109 0.103645 0.112805 0.093146 0.100962 0.095252 0.095062 
Config: granularity=100000, SDR=10000, ADR=0, Rigid=1, Capture_Method=0
Stage 0: PT=0, T_stage=0.523500, bytes=0, T_capped=0
Stage 1: PT=6, T_stage=0.000000, bytes=33176880, T_capped=0
Group 1: Iters=10, Procs=448, Factors=1.000000, Dist=2, RM=0, SM=0, RS=0, SS=4, parents=896, children=0
Async_Iters: 0
T_iter: 0.879696 0.823701 0.811447 0.860548 0.834872 0.825726 0.821386 0.826109 0.860012 0.824250 
T_stage 0: 0.719208 0.725029 0.712086 0.741239 0.721302 0.730778 0.728773 0.731727 0.733101 0.731220 
T_stage 1: 0.160724 0.100257 0.099728 0.122647 0.114001 0.094988 0.092653 0.095469 0.128172 0.093598 
Config: granularity=100000, SDR=10000, ADR=0, Rigid=1, Capture_Method=0
Stage 0: PT=0, T_stage=0.523500, bytes=0, T_capped=0
Stage 1: PT=6, T_stage=0.000000, bytes=33176880, T_capped=0
Group 1: Iters=10, Procs=448, Factors=1.000000, Dist=2, RM=0, SM=0, RS=0, SS=4, parents=896, children=0
Async_Iters: 0
T_iter: 0.874827 0.915510 0.831599 0.860961 0.833675 0.807763 0.845956 0.824779 0.830624 0.827149 
T_stage 0: 0.728684 0.728258 0.711098 0.719475 0.730875 0.708590 0.720426 0.707085 0.732352 0.716822 
T_stage 1: 0.146148 0.190952 0.120869 0.142510 0.103613 0.099323 0.126531 0.113701 0.098418 0.110666 
Config: granularity=100000, SDR=10000, ADR=0, Rigid=1, Capture_Method=0
Stage 0: PT=0, T_stage=0.523500, bytes=0, T_capped=0
Stage 1: PT=6, T_stage=0.000000, bytes=33176880, T_capped=0
Group 1: Iters=10, Procs=448, Factors=1.000000, Dist=2, RM=0, SM=0, RS=0, SS=4, parents=896, children=0
Async_Iters: 0
T_iter: 0.921708 0.894885 0.886847 0.859923 0.848830 0.855401 0.846942 0.838417 0.867482 0.840577 
T_stage 0: 0.755241 0.761121 0.756650 0.747680 0.746786 0.746573 0.748864 0.741056 0.728281 0.722359 
T_stage 1: 0.166494 0.127805 0.132245 0.112097 0.102688 0.108941 0.098234 0.097509 0.139250 0.118537 
Config: granularity=100000, SDR=10000, ADR=0, Rigid=1, Capture_Method=0
Stage 0: PT=0, T_stage=0.523500, bytes=0, T_capped=0
Stage 1: PT=6, T_stage=0.000000, bytes=33176880, T_capped=0
Group 1: Iters=10, Procs=448, Factors=1.000000, Dist=2, RM=0, SM=0, RS=0, SS=4, parents=896, children=0
Async_Iters: 0
T_iter: 0.842491 0.784290 0.804269 0.828882 0.808180 0.815351 0.812559 0.771350 0.800296 0.827323 
T_stage 0: 0.709036 0.679732 0.685447 0.697472 0.697943 0.677093 0.684205 0.672690 0.676010 0.690614 
T_stage 1: 0.132669 0.100724 0.119868 0.131557 0.111221 0.138421 0.128435 0.103136 0.125718 0.133034 
Config: granularity=100000, SDR=10000, ADR=0, Rigid=1, Capture_Method=0
Stage 0: PT=0, T_stage=0.523500, bytes=0, T_capped=0
Stage 1: PT=6, T_stage=0.000000, bytes=33176880, T_capped=0
Group 1: Iters=10, Procs=448, Factors=1.000000, Dist=2, RM=0, SM=0, RS=0, SS=4, parents=896, children=0
Async_Iters: 0
T_iter: 0.820810 0.791320 0.788061 0.800706 0.776128 0.772109 0.755794 0.757594 0.787694 0.766644 
T_stage 0: 0.673675 0.668696 0.654583 0.673474 0.664118 0.663693 0.661616 0.660048 0.662456 0.662642 
T_stage 1: 0.145758 0.119864 0.134403 0.126108 0.112625 0.107143 0.094255 0.097586 0.125310 0.106262 
Config: granularity=100000, SDR=10000, ADR=0, Rigid=1, Capture_Method=0
Stage 0: PT=0, T_stage=0.523500, bytes=0, T_capped=0
Stage 1: PT=6, T_stage=0.000000, bytes=33176880, T_capped=0
Group 1: Iters=10, Procs=448, Factors=1.000000, Dist=2, RM=0, SM=0, RS=0, SS=4, parents=896, children=0
Async_Iters: 0
T_iter: 0.853512 0.798742 0.802501 0.820046 0.796780 0.768234 0.808477 0.765537 0.816579 0.777590 
T_stage 0: 0.693248 0.694121 0.680663 0.692379 0.683161 0.676339 0.678770 0.664546 0.657333 0.671782 
T_stage 1: 0.157159 0.104653 0.123411 0.127890 0.114145 0.092788 0.130780 0.101165 0.151641 0.107308 
Config: granularity=100000, SDR=10000, ADR=0, Rigid=1, Capture_Method=0
Stage 0: PT=0, T_stage=0.523500, bytes=0, T_capped=0
Stage 1: PT=6, T_stage=0.000000, bytes=33176880, T_capped=0
Group 1: Iters=10, Procs=448, Factors=1.000000, Dist=2, RM=0, SM=0, RS=0, SS=4, parents=896, children=0
Async_Iters: 0
T_iter: 0.879895 0.866132 0.871703 0.900771 0.865537 0.830061 0.856313 0.855340 0.818293 0.825270 
T_stage 0: 0.746343 0.758567 0.747441 0.748968 0.735684 0.727315 0.737289 0.738869 0.718816 0.718384 
T_stage 1: 0.133654 0.108281 0.122774 0.155320 0.129807 0.102845 0.121309 0.120919 0.099532 0.108383 
