Config: granularity=100000, SDR=10000, ADR=0, Rigid=1, Capture_Method=0
Stage 0: PT=0, T_stage=0.523500, bytes=0, T_capped=0
Stage 1: PT=6, T_stage=0.000000, bytes=33176880, T_capped=0
Group 0: Iters=5, Procs=112, Factors=1.000000, Dist=2, RM=0, SM=0, RS=0, SS=0, parents=0, children=896
Async_Iters: 0
T_iter: 0.823994 0.780005 0.763223 0.766486 0.771904 
T_stage 0: 0.717626 0.734448 0.715404 0.724748 0.729060 
T_stage 1: 0.106340 0.046276 0.051978 0.041664 0.042933 
Config: granularity=100000, SDR=10000, ADR=0, Rigid=1, Capture_Method=0
Stage 0: PT=0, T_stage=0.523500, bytes=0, T_capped=0
Stage 1: PT=6, T_stage=0.000000, bytes=33176880, T_capped=0
Group 0: Iters=5, Procs=112, Factors=1.000000, Dist=2, RM=0, SM=0, RS=0, SS=0, parents=0, children=896
Async_Iters: 0
T_iter: 0.738331 0.695887 0.741280 0.703543 0.710269 
T_stage 0: 0.636153 0.658935 0.641723 0.660103 0.658584 
T_stage 1: 0.102114 0.037222 0.099593 0.043411 0.052722 
Config: granularity=100000, SDR=10000, ADR=0, Rigid=1, Capture_Method=0
Stage 0: PT=0, T_stage=0.523500, bytes=0, T_capped=0
Stage 1: PT=6, T_stage=0.000000, bytes=33176880, T_capped=0
Group 0: Iters=5, Procs=112, Factors=1.000000, Dist=2, RM=0, SM=0, RS=0, SS=0, parents=0, children=896
Async_Iters: 0
T_iter: 0.702732 0.646705 0.641207 0.645975 0.650124 
T_stage 0: 0.596238 0.603758 0.598744 0.600875 0.603349 
T_stage 1: 0.106414 0.043238 0.042688 0.045165 0.046812 
Config: granularity=100000, SDR=10000, ADR=0, Rigid=1, Capture_Method=0
Stage 0: PT=0, T_stage=0.523500, bytes=0, T_capped=0
Stage 1: PT=6, T_stage=0.000000, bytes=33176880, T_capped=0
Group 0: Iters=5, Procs=112, Factors=1.000000, Dist=2, RM=0, SM=0, RS=0, SS=0, parents=0, children=896
Async_Iters: 0
T_iter: 0.752169 0.708871 0.704063 0.706337 0.703224 
T_stage 0: 0.646300 0.663362 0.658604 0.662130 0.659216 
T_stage 1: 0.105842 0.045848 0.045392 0.044407 0.043964 
Config: granularity=100000, SDR=10000, ADR=0, Rigid=1, Capture_Method=0
Stage 0: PT=0, T_stage=0.523500, bytes=0, T_capped=0
Stage 1: PT=6, T_stage=0.000000, bytes=33176880, T_capped=0
Group 0: Iters=5, Procs=112, Factors=1.000000, Dist=2, RM=0, SM=0, RS=0, SS=0, parents=0, children=896
Async_Iters: 0
T_iter: 0.876233 0.808675 0.872708 0.812707 0.806933 
T_stage 0: 0.784271 0.774896 0.774955 0.771833 0.770155 
T_stage 1: 0.091963 0.034002 0.098000 0.040919 0.036996 
Config: granularity=100000, SDR=10000, ADR=0, Rigid=1, Capture_Method=0
Stage 0: PT=0, T_stage=0.523500, bytes=0, T_capped=0
Stage 1: PT=6, T_stage=0.000000, bytes=33176880, T_capped=0
Group 0: Iters=5, Procs=112, Factors=1.000000, Dist=2, RM=0, SM=0, RS=0, SS=0, parents=0, children=896
Async_Iters: 0
T_iter: 0.775924 0.723314 0.695434 0.715941 0.718656 
T_stage 0: 0.669695 0.678926 0.655953 0.675948 0.673197 
T_stage 1: 0.107183 0.044961 0.040057 0.039963 0.045551 
Config: granularity=100000, SDR=10000, ADR=0, Rigid=1, Capture_Method=0
Stage 0: PT=0, T_stage=0.523500, bytes=0, T_capped=0
Stage 1: PT=6, T_stage=0.000000, bytes=33176880, T_capped=0
Group 0: Iters=5, Procs=112, Factors=1.000000, Dist=2, RM=0, SM=0, RS=0, SS=0, parents=0, children=896
Async_Iters: 0
T_iter: 0.771857 0.657756 0.654873 0.654079 0.658545 
T_stage 0: 0.666531 0.613026 0.604933 0.611195 0.611901 
T_stage 1: 0.105257 0.045238 0.050129 0.042959 0.046717 
Config: granularity=100000, SDR=10000, ADR=0, Rigid=1, Capture_Method=0
Stage 0: PT=0, T_stage=0.523500, bytes=0, T_capped=0
Stage 1: PT=6, T_stage=0.000000, bytes=33176880, T_capped=0
Group 0: Iters=5, Procs=112, Factors=1.000000, Dist=2, RM=0, SM=0, RS=0, SS=0, parents=0, children=896
Async_Iters: 0
T_iter: 0.715284 0.659164 0.686935 0.659030 0.716119 
T_stage 0: 0.613025 0.619855 0.618364 0.620225 0.620397 
T_stage 1: 0.102334 0.040176 0.068661 0.038780 0.099000 
Config: granularity=100000, SDR=10000, ADR=0, Rigid=1, Capture_Method=0
Stage 0: PT=0, T_stage=0.523500, bytes=0, T_capped=0
Stage 1: PT=6, T_stage=0.000000, bytes=33176880, T_capped=0
Group 0: Iters=5, Procs=112, Factors=1.000000, Dist=2, RM=0, SM=0, RS=0, SS=0, parents=0, children=896
Async_Iters: 0
T_iter: 0.751255 0.714469 0.704041 0.713368 0.716758 
T_stage 0: 0.645829 0.668047 0.662451 0.670168 0.665011 
T_stage 1: 0.105353 0.046594 0.041592 0.043183 0.051761 
Config: granularity=100000, SDR=10000, ADR=0, Rigid=1, Capture_Method=0
Stage 0: PT=0, T_stage=0.523500, bytes=0, T_capped=0
Stage 1: PT=6, T_stage=0.000000, bytes=33176880, T_capped=0
Group 0: Iters=5, Procs=112, Factors=1.000000, Dist=2, RM=0, SM=0, RS=0, SS=0, parents=0, children=896
Async_Iters: 0
T_iter: 0.764694 0.741361 0.742175 0.749249 0.747893 
T_stage 0: 0.668292 0.705449 0.697778 0.703139 0.695172 
T_stage 1: 0.096373 0.036151 0.044478 0.046435 0.052800 
Config: granularity=100000, SDR=10000, ADR=0, Rigid=1, Capture_Method=0
Stage 0: PT=0, T_stage=0.523500, bytes=0, T_capped=0
Stage 1: PT=6, T_stage=0.000000, bytes=33176880, T_capped=0
Group 0: Iters=5, Procs=112, Factors=1.000000, Dist=2, RM=0, SM=0, RS=0, SS=0, parents=0, children=896
Async_Iters: 0
T_iter: 0.824266 0.781979 0.793932 0.797177 0.802648 
T_stage 0: 0.732365 0.748388 0.754418 0.759792 0.752141 
T_stage 1: 0.092098 0.033780 0.039681 0.037426 0.050704 
Config: granularity=100000, SDR=10000, ADR=0, Rigid=1, Capture_Method=0
Stage 0: PT=0, T_stage=0.523500, bytes=0, T_capped=0
Stage 1: PT=6, T_stage=0.000000, bytes=33176880, T_capped=0
Group 0: Iters=5, Procs=112, Factors=1.000000, Dist=2, RM=0, SM=0, RS=0, SS=0, parents=0, children=896
Async_Iters: 0
T_iter: 0.778557 0.726467 0.716657 0.713196 0.724485 
T_stage 0: 0.671018 0.679357 0.672160 0.669380 0.676752 
T_stage 1: 0.108731 0.047437 0.045329 0.043859 0.047821 
Config: granularity=100000, SDR=10000, ADR=0, Rigid=1, Capture_Method=0
Stage 0: PT=0, T_stage=0.523500, bytes=0, T_capped=0
Stage 1: PT=6, T_stage=0.000000, bytes=33176880, T_capped=0
Group 0: Iters=5, Procs=112, Factors=1.000000, Dist=2, RM=0, SM=0, RS=0, SS=0, parents=0, children=896
Async_Iters: 0
T_iter: 0.731333 0.689930 0.735820 0.689377 0.716279 
T_stage 0: 0.645741 0.659440 0.661404 0.655525 0.659680 
T_stage 1: 0.085888 0.030655 0.075352 0.033940 0.056753 
Config: granularity=100000, SDR=10000, ADR=0, Rigid=1, Capture_Method=0
Stage 0: PT=0, T_stage=0.523500, bytes=0, T_capped=0
Stage 1: PT=6, T_stage=0.000000, bytes=33176880, T_capped=0
Group 0: Iters=5, Procs=112, Factors=1.000000, Dist=2, RM=0, SM=0, RS=0, SS=0, parents=0, children=896
Async_Iters: 0
T_iter: 0.701287 0.647573 0.645901 0.648092 0.671949 
T_stage 0: 0.602412 0.612436 0.608923 0.609916 0.608507 
T_stage 1: 0.098914 0.035742 0.036941 0.038525 0.063520 
Config: granularity=100000, SDR=10000, ADR=0, Rigid=1, Capture_Method=0
Stage 0: PT=0, T_stage=0.523500, bytes=0, T_capped=0
Stage 1: PT=6, T_stage=0.000000, bytes=33176880, T_capped=0
Group 0: Iters=5, Procs=112, Factors=1.000000, Dist=2, RM=0, SM=0, RS=0, SS=0, parents=0, children=896
Async_Iters: 0
T_iter: 0.664602 0.626703 0.628327 0.635866 0.625772 
T_stage 0: 0.586314 0.597618 0.599191 0.601165 0.596795 
T_stage 1: 0.078664 0.029171 0.029086 0.035022 0.028933 
Config: granularity=100000, SDR=10000, ADR=0, Rigid=1, Capture_Method=0
Stage 0: PT=0, T_stage=0.523500, bytes=0, T_capped=0
Stage 1: PT=6, T_stage=0.000000, bytes=33176880, T_capped=0
Group 0: Iters=5, Procs=112, Factors=1.000000, Dist=2, RM=0, SM=0, RS=0, SS=0, parents=0, children=896
Async_Iters: 0
T_iter: 0.651100 0.546202 0.564742 0.549004 0.564147 
T_stage 0: 0.571765 0.519534 0.532631 0.522790 0.528273 
T_stage 1: 0.079359 0.026682 0.032212 0.026520 0.035830 
Config: granularity=100000, SDR=10000, ADR=0, Rigid=1, Capture_Method=0
Stage 0: PT=0, T_stage=0.523500, bytes=0, T_capped=0
Stage 1: PT=6, T_stage=0.000000, bytes=33176880, T_capped=0
Group 0: Iters=5, Procs=112, Factors=1.000000, Dist=2, RM=0, SM=0, RS=0, SS=0, parents=0, children=896
Async_Iters: 0
T_iter: 0.642762 0.610091 0.596270 0.663889 0.608660 
T_stage 0: 0.556090 0.573899 0.556485 0.562527 0.566084 
T_stage 1: 0.086699 0.036324 0.039723 0.101335 0.042526 
Config: granularity=100000, SDR=10000, ADR=0, Rigid=1, Capture_Method=0
Stage 0: PT=0, T_stage=0.523500, bytes=0, T_capped=0
Stage 1: PT=6, T_stage=0.000000, bytes=33176880, T_capped=0
Group 0: Iters=5, Procs=112, Factors=1.000000, Dist=2, RM=0, SM=0, RS=0, SS=0, parents=0, children=896
Async_Iters: 0
T_iter: 0.769270 0.760876 0.763020 0.774891 0.734636 
T_stage 0: 0.654207 0.720426 0.723004 0.723615 0.671898 
T_stage 1: 0.115292 0.040789 0.040147 0.051774 0.062867 
Config: granularity=100000, SDR=10000, ADR=0, Rigid=1, Capture_Method=0
Stage 0: PT=0, T_stage=0.523500, bytes=0, T_capped=0
Stage 1: PT=6, T_stage=0.000000, bytes=33176880, T_capped=0
Group 0: Iters=5, Procs=112, Factors=1.000000, Dist=2, RM=0, SM=0, RS=0, SS=0, parents=0, children=896
Async_Iters: 0
T_iter: 0.810588 0.759378 0.760353 0.757768 0.773341 
T_stage 0: 0.708285 0.723549 0.724208 0.720323 0.724560 
T_stage 1: 0.102550 0.035901 0.036782 0.037461 0.050546 
Config: granularity=100000, SDR=10000, ADR=0, Rigid=1, Capture_Method=0
Stage 0: PT=0, T_stage=0.523500, bytes=0, T_capped=0
Stage 1: PT=6, T_stage=0.000000, bytes=33176880, T_capped=0
Group 0: Iters=5, Procs=112, Factors=1.000000, Dist=2, RM=0, SM=0, RS=0, SS=0, parents=0, children=896
Async_Iters: 0
T_iter: 0.830224 0.793886 0.764735 0.776541 0.778936 
T_stage 0: 0.724533 0.731891 0.722148 0.733571 0.735731 
T_stage 1: 0.105618 0.062581 0.042722 0.042934 0.043275 
