Config: granularity=100000, SDR=10000, ADR=0, Rigid=1, Capture_Method=0
Stage 0: PT=0, T_stage=0.523500, bytes=0, T_capped=0
Stage 1: PT=6, T_stage=0.000000, bytes=33176880, T_capped=0
Group 1: Iters=10, Procs=896, Factors=1.000000, Dist=2, RM=0, SM=0, RS=0, SS=4, parents=224, children=0
Async_Iters: 0
T_iter: 1.056905 0.993743 0.995577 0.951810 0.947072 0.913171 0.985306 1.007955 0.996354 0.935351 
T_stage 0: 0.801159 0.799833 0.793130 0.808326 0.812976 0.789003 0.788656 0.802009 0.802859 0.798784 
T_stage 1: 0.255064 0.191533 0.207453 0.146456 0.135004 0.130267 0.195972 0.200217 0.197912 0.135907 
Config: granularity=100000, SDR=10000, ADR=0, Rigid=1, Capture_Method=0
Stage 0: PT=0, T_stage=0.523500, bytes=0, T_capped=0
Stage 1: PT=6, T_stage=0.000000, bytes=33176880, T_capped=0
Group 1: Iters=10, Procs=896, Factors=1.000000, Dist=2, RM=0, SM=0, RS=0, SS=4, parents=224, children=0
Async_Iters: 0
T_iter: 0.953876 0.899835 0.977025 0.899585 0.873772 0.877573 0.928337 0.946001 0.907805 0.877086 
T_stage 0: 0.753147 0.755212 0.751120 0.748086 0.747692 0.748013 0.747282 0.741708 0.744642 0.741099 
T_stage 1: 0.200702 0.145784 0.225545 0.151331 0.126633 0.126328 0.181348 0.204411 0.164091 0.136315 
Config: granularity=100000, SDR=10000, ADR=0, Rigid=1, Capture_Method=0
Stage 0: PT=0, T_stage=0.523500, bytes=0, T_capped=0
Stage 1: PT=6, T_stage=0.000000, bytes=33176880, T_capped=0
Group 1: Iters=10, Procs=896, Factors=1.000000, Dist=2, RM=0, SM=0, RS=0, SS=4, parents=224, children=0
Async_Iters: 0
T_iter: 1.050835 1.045973 0.961030 0.950692 0.947028 0.942921 0.943863 0.945208 0.952112 0.934847 
T_stage 0: 0.822876 0.825268 0.819386 0.819330 0.817436 0.814107 0.819039 0.813399 0.814978 0.809270 
T_stage 1: 0.221925 0.222448 0.138652 0.131546 0.130034 0.128971 0.124923 0.132114 0.136918 0.125903 
Config: granularity=100000, SDR=10000, ADR=0, Rigid=1, Capture_Method=0
Stage 0: PT=0, T_stage=0.523500, bytes=0, T_capped=0
Stage 1: PT=6, T_stage=0.000000, bytes=33176880, T_capped=0
Group 1: Iters=10, Procs=896, Factors=1.000000, Dist=2, RM=0, SM=0, RS=0, SS=4, parents=224, children=0
Async_Iters: 0
T_iter: 1.053130 1.059988 1.006701 0.994991 0.943643 0.980902 0.992653 1.081292 0.970938 0.945120 
T_stage 0: 0.820677 0.842268 0.824569 0.822808 0.819287 0.839470 0.831194 0.828144 0.824982 0.813618 
T_stage 1: 0.229831 0.210044 0.186596 0.173307 0.125432 0.143591 0.155606 0.249884 0.145994 0.133782 
Config: granularity=100000, SDR=10000, ADR=0, Rigid=1, Capture_Method=0
Stage 0: PT=0, T_stage=0.523500, bytes=0, T_capped=0
Stage 1: PT=6, T_stage=0.000000, bytes=33176880, T_capped=0
Group 1: Iters=10, Procs=896, Factors=1.000000, Dist=2, RM=0, SM=0, RS=0, SS=4, parents=224, children=0
Async_Iters: 0
T_iter: 0.988854 0.909336 0.989531 0.919543 0.908692 0.900012 0.902707 0.907679 0.932471 0.911428 
T_stage 0: 0.780068 0.782578 0.784346 0.778146 0.774386 0.773458 0.775537 0.771280 0.771761 0.769356 
T_stage 1: 0.206316 0.127163 0.205620 0.146293 0.134858 0.126765 0.127243 0.136489 0.164846 0.142192 
Config: granularity=100000, SDR=10000, ADR=0, Rigid=1, Capture_Method=0
Stage 0: PT=0, T_stage=0.523500, bytes=0, T_capped=0
Stage 1: PT=6, T_stage=0.000000, bytes=33176880, T_capped=0
Group 1: Iters=10, Procs=896, Factors=1.000000, Dist=2, RM=0, SM=0, RS=0, SS=4, parents=224, children=0
Async_Iters: 0
T_iter: 0.962185 0.913582 0.949869 0.972467 0.892189 0.874247 0.908244 0.929914 0.933313 0.881944 
T_stage 0: 0.719879 0.766934 0.761534 0.755915 0.756339 0.751929 0.754644 0.749533 0.746227 0.742444 
T_stage 1: 0.242055 0.155744 0.183159 0.214923 0.136128 0.122346 0.151057 0.175841 0.183137 0.145812 
Config: granularity=100000, SDR=10000, ADR=0, Rigid=1, Capture_Method=0
Stage 0: PT=0, T_stage=0.523500, bytes=0, T_capped=0
Stage 1: PT=6, T_stage=0.000000, bytes=33176880, T_capped=0
Group 1: Iters=10, Procs=896, Factors=1.000000, Dist=2, RM=0, SM=0, RS=0, SS=4, parents=224, children=0
Async_Iters: 0
T_iter: 0.933966 0.913506 0.985597 0.959962 0.898728 0.900950 0.873969 0.954749 0.957144 0.877858 
T_stage 0: 0.755463 0.759724 0.764982 0.758494 0.755891 0.752271 0.747009 0.752151 0.751625 0.749607 
T_stage 1: 0.179337 0.159377 0.231685 0.206574 0.145321 0.148634 0.127087 0.201728 0.208781 0.130373 
Config: granularity=100000, SDR=10000, ADR=0, Rigid=1, Capture_Method=0
Stage 0: PT=0, T_stage=0.523500, bytes=0, T_capped=0
Stage 1: PT=6, T_stage=0.000000, bytes=33176880, T_capped=0
Group 1: Iters=10, Procs=896, Factors=1.000000, Dist=2, RM=0, SM=0, RS=0, SS=4, parents=224, children=0
Async_Iters: 0
T_iter: 1.012097 0.903353 0.956480 1.085406 0.930444 0.932208 0.908421 0.954361 0.919338 0.916805 
T_stage 0: 0.771891 0.774165 0.771252 0.799375 0.772310 0.782474 0.781190 0.781341 0.784875 0.777420 
T_stage 1: 0.240163 0.129431 0.182030 0.294365 0.160914 0.145060 0.127939 0.160782 0.134593 0.139743 
Config: granularity=100000, SDR=10000, ADR=0, Rigid=1, Capture_Method=0
Stage 0: PT=0, T_stage=0.523500, bytes=0, T_capped=0
Stage 1: PT=6, T_stage=0.000000, bytes=33176880, T_capped=0
Group 1: Iters=10, Procs=896, Factors=1.000000, Dist=2, RM=0, SM=0, RS=0, SS=4, parents=224, children=0
Async_Iters: 0
T_iter: 0.969134 0.935707 0.990479 0.912548 0.917303 0.898482 0.911908 0.977545 0.894587 0.914386 
T_stage 0: 0.780235 0.781456 0.780060 0.772612 0.782292 0.774297 0.773265 0.770482 0.769276 0.776080 
T_stage 1: 0.189247 0.154720 0.211088 0.140209 0.138105 0.120439 0.140323 0.203719 0.126554 0.136103 
Config: granularity=100000, SDR=10000, ADR=0, Rigid=1, Capture_Method=0
Stage 0: PT=0, T_stage=0.523500, bytes=0, T_capped=0
Stage 1: PT=6, T_stage=0.000000, bytes=33176880, T_capped=0
Group 1: Iters=10, Procs=896, Factors=1.000000, Dist=2, RM=0, SM=0, RS=0, SS=4, parents=224, children=0
Async_Iters: 0
T_iter: 0.942767 0.931141 0.981634 0.990664 0.925597 0.950658 0.910167 0.939683 1.044595 0.897778 
T_stage 0: 0.739071 0.780577 0.781748 0.774417 0.778987 0.776970 0.772688 0.780940 0.774968 0.768967 
T_stage 1: 0.204227 0.150905 0.191928 0.207563 0.145698 0.170391 0.138325 0.167738 0.276670 0.131370 
Config: granularity=100000, SDR=10000, ADR=0, Rigid=1, Capture_Method=0
Stage 0: PT=0, T_stage=0.523500, bytes=0, T_capped=0
Stage 1: PT=6, T_stage=0.000000, bytes=33176880, T_capped=0
Group 1: Iters=10, Procs=896, Factors=1.000000, Dist=2, RM=0, SM=0, RS=0, SS=4, parents=224, children=0
Async_Iters: 0
T_iter: 1.049075 1.025593 1.066998 1.062965 0.982795 1.021112 1.052250 1.022085 1.008162 0.966454 
T_stage 0: 0.853111 0.867751 0.868170 0.859328 0.850999 0.859807 0.862777 0.863185 0.855004 0.839713 
T_stage 1: 0.194910 0.157166 0.196271 0.203734 0.133855 0.153665 0.192300 0.165901 0.151014 0.126819 
Config: granularity=100000, SDR=10000, ADR=0, Rigid=1, Capture_Method=0
Stage 0: PT=0, T_stage=0.523500, bytes=0, T_capped=0
Stage 1: PT=6, T_stage=0.000000, bytes=33176880, T_capped=0
Group 1: Iters=10, Procs=896, Factors=1.000000, Dist=2, RM=0, SM=0, RS=0, SS=4, parents=224, children=0
Async_Iters: 0
T_iter: 0.970384 0.925368 0.964166 0.994797 0.958076 0.948638 0.958876 0.927855 0.981553 1.005931 
T_stage 0: 0.793812 0.797339 0.790134 0.785727 0.784653 0.780575 0.783981 0.777020 0.788891 0.775649 
T_stage 1: 0.177150 0.131581 0.178765 0.205224 0.177944 0.166912 0.173205 0.148727 0.203624 0.232322 
Config: granularity=100000, SDR=10000, ADR=0, Rigid=1, Capture_Method=0
Stage 0: PT=0, T_stage=0.523500, bytes=0, T_capped=0
Stage 1: PT=6, T_stage=0.000000, bytes=33176880, T_capped=0
Group 1: Iters=10, Procs=896, Factors=1.000000, Dist=2, RM=0, SM=0, RS=0, SS=4, parents=224, children=0
Async_Iters: 0
T_iter: 1.011851 1.014222 1.036391 0.993991 0.957889 0.976333 0.971559 0.984530 0.964423 0.966707 
T_stage 0: 0.846562 0.838042 0.848573 0.835087 0.835013 0.835396 0.831759 0.836492 0.828730 0.828026 
T_stage 1: 0.165756 0.175987 0.198476 0.158202 0.123194 0.144406 0.142029 0.146337 0.135958 0.137752 
Config: granularity=100000, SDR=10000, ADR=0, Rigid=1, Capture_Method=0
Stage 0: PT=0, T_stage=0.523500, bytes=0, T_capped=0
Stage 1: PT=6, T_stage=0.000000, bytes=33176880, T_capped=0
Group 1: Iters=10, Procs=896, Factors=1.000000, Dist=2, RM=0, SM=0, RS=0, SS=4, parents=224, children=0
Async_Iters: 0
T_iter: 0.956290 0.994044 0.914598 0.890676 0.953557 0.890396 0.953253 0.893668 0.892953 0.976436 
T_stage 0: 0.760270 0.781605 0.763511 0.759844 0.757373 0.754565 0.765662 0.758234 0.754184 0.754605 
T_stage 1: 0.192038 0.213008 0.151895 0.131610 0.189570 0.136010 0.189436 0.133785 0.139464 0.217599 
Config: granularity=100000, SDR=10000, ADR=0, Rigid=1, Capture_Method=0
Stage 0: PT=0, T_stage=0.523500, bytes=0, T_capped=0
Stage 1: PT=6, T_stage=0.000000, bytes=33176880, T_capped=0
Group 1: Iters=10, Procs=896, Factors=1.000000, Dist=2, RM=0, SM=0, RS=0, SS=4, parents=224, children=0
Async_Iters: 0
T_iter: 0.931554 0.912726 0.978196 0.970292 0.965178 0.946906 0.984090 0.931816 0.901400 0.912359 
T_stage 0: 0.762592 0.772470 0.787881 0.770168 0.762182 0.763776 0.764804 0.759407 0.759426 0.755553 
T_stage 1: 0.168969 0.142978 0.207621 0.204782 0.203503 0.178537 0.219145 0.173286 0.143489 0.157382 
Config: granularity=100000, SDR=10000, ADR=0, Rigid=1, Capture_Method=0
Stage 0: PT=0, T_stage=0.523500, bytes=0, T_capped=0
Stage 1: PT=6, T_stage=0.000000, bytes=33176880, T_capped=0
Group 1: Iters=10, Procs=896, Factors=1.000000, Dist=2, RM=0, SM=0, RS=0, SS=4, parents=224, children=0
Async_Iters: 0
T_iter: 0.989233 0.909506 0.930540 0.950209 0.944634 0.897563 0.894990 0.967157 0.971216 0.889527 
T_stage 0: 0.763182 0.768153 0.783017 0.776836 0.763471 0.756874 0.754018 0.753500 0.756117 0.753639 
T_stage 1: 0.216601 0.141537 0.149512 0.174055 0.187769 0.136359 0.137991 0.211073 0.212462 0.136046 
Config: granularity=100000, SDR=10000, ADR=0, Rigid=1, Capture_Method=0
Stage 0: PT=0, T_stage=0.523500, bytes=0, T_capped=0
Stage 1: PT=6, T_stage=0.000000, bytes=33176880, T_capped=0
Group 1: Iters=10, Procs=896, Factors=1.000000, Dist=2, RM=0, SM=0, RS=0, SS=4, parents=224, children=0
Async_Iters: 0
T_iter: 0.972931 0.934870 0.989447 0.964209 0.913052 0.905744 0.916776 0.918458 0.945180 0.897615 
T_stage 0: 0.775758 0.782764 0.785320 0.781014 0.777922 0.779546 0.771571 0.779643 0.775713 0.767819 
T_stage 1: 0.193047 0.152643 0.207764 0.183043 0.139009 0.129401 0.145253 0.143247 0.169775 0.130298 
Config: granularity=100000, SDR=10000, ADR=0, Rigid=1, Capture_Method=0
Stage 0: PT=0, T_stage=0.523500, bytes=0, T_capped=0
Stage 1: PT=6, T_stage=0.000000, bytes=33176880, T_capped=0
Group 1: Iters=10, Procs=896, Factors=1.000000, Dist=2, RM=0, SM=0, RS=0, SS=4, parents=224, children=0
Async_Iters: 0
T_iter: 1.005205 0.955270 0.952698 0.896185 0.906391 0.896261 0.927669 0.921881 0.896327 0.905510 
T_stage 0: 0.765424 0.771755 0.772078 0.763960 0.763414 0.761470 0.766850 0.763182 0.759833 0.757182 
T_stage 1: 0.239788 0.179491 0.182649 0.133054 0.144197 0.134746 0.159968 0.163071 0.136472 0.150244 
Config: granularity=100000, SDR=10000, ADR=0, Rigid=1, Capture_Method=0
Stage 0: PT=0, T_stage=0.523500, bytes=0, T_capped=0
Stage 1: PT=6, T_stage=0.000000, bytes=33176880, T_capped=0
Group 1: Iters=10, Procs=896, Factors=1.000000, Dist=2, RM=0, SM=0, RS=0, SS=4, parents=224, children=0
Async_Iters: 0
T_iter: 0.998124 0.908284 0.951033 0.985606 0.902775 0.890983 0.903402 0.914067 0.962684 0.922929 
T_stage 0: 0.763555 0.783015 0.773018 0.779852 0.769780 0.761643 0.777753 0.770931 0.762837 0.757010 
T_stage 1: 0.230427 0.125592 0.174721 0.206868 0.133342 0.130149 0.125887 0.145543 0.204966 0.166170 
Config: granularity=100000, SDR=10000, ADR=0, Rigid=1, Capture_Method=0
Stage 0: PT=0, T_stage=0.523500, bytes=0, T_capped=0
Stage 1: PT=6, T_stage=0.000000, bytes=33176880, T_capped=0
Group 1: Iters=10, Procs=896, Factors=1.000000, Dist=2, RM=0, SM=0, RS=0, SS=4, parents=224, children=0
Async_Iters: 0
T_iter: 0.929962 0.890648 0.882001 0.877820 0.832666 0.868260 0.830562 0.856291 0.874003 0.837589 
T_stage 0: 0.693550 0.695329 0.730389 0.700652 0.699923 0.717155 0.698677 0.719886 0.718480 0.713896 
T_stage 1: 0.234197 0.195451 0.162400 0.177622 0.132870 0.145475 0.134341 0.139125 0.155210 0.124009 
