Config: granularity=100000, SDR=10000, ADR=0, Rigid=1, Capture_Method=0
Stage 0: PT=0, T_stage=0.523500, bytes=0, T_capped=0
Stage 1: PT=6, T_stage=0.000000, bytes=33176880, T_capped=0
Group 1: Iters=10, Procs=896, Factors=1.000000, Dist=2, RM=0, SM=0, RS=0, SS=4, parents=448, children=0
Async_Iters: 0
T_iter: 1.015437 1.053614 1.020062 0.975779 0.978617 0.977085 0.978188 0.966418 0.977676 0.972849 
T_stage 0: 0.846969 0.853751 0.847295 0.843088 0.839221 0.837838 0.841258 0.833370 0.834672 0.831943 
T_stage 1: 0.168225 0.201520 0.176696 0.130062 0.135350 0.140005 0.137130 0.133314 0.140539 0.140422 
Config: granularity=100000, SDR=10000, ADR=0, Rigid=1, Capture_Method=0
Stage 0: PT=0, T_stage=0.523500, bytes=0, T_capped=0
Stage 1: PT=6, T_stage=0.000000, bytes=33176880, T_capped=0
Group 1: Iters=10, Procs=896, Factors=1.000000, Dist=2, RM=0, SM=0, RS=0, SS=4, parents=448, children=0
Async_Iters: 0
T_iter: 0.890747 0.908163 0.894583 0.979187 0.841785 0.825938 0.873765 0.946005 0.860063 0.835450 
T_stage 0: 0.709513 0.704645 0.704635 0.708969 0.701960 0.698062 0.710065 0.708363 0.708997 0.700435 
T_stage 1: 0.180139 0.205586 0.189324 0.265186 0.137830 0.127976 0.163806 0.240806 0.149848 0.134851 
Config: granularity=100000, SDR=10000, ADR=0, Rigid=1, Capture_Method=0
Stage 0: PT=0, T_stage=0.523500, bytes=0, T_capped=0
Stage 1: PT=6, T_stage=0.000000, bytes=33176880, T_capped=0
Group 1: Iters=10, Procs=896, Factors=1.000000, Dist=2, RM=0, SM=0, RS=0, SS=4, parents=448, children=0
Async_Iters: 0
T_iter: 0.952202 0.916679 0.917839 0.944839 0.906013 0.934996 0.903479 0.921542 0.896073 0.881136 
T_stage 0: 0.765577 0.763958 0.771604 0.773579 0.760971 0.764416 0.762258 0.763278 0.759743 0.756617 
T_stage 1: 0.186452 0.155239 0.148474 0.182395 0.145207 0.169687 0.141425 0.158591 0.140252 0.123321 
Config: granularity=100000, SDR=10000, ADR=0, Rigid=1, Capture_Method=0
Stage 0: PT=0, T_stage=0.523500, bytes=0, T_capped=0
Stage 1: PT=6, T_stage=0.000000, bytes=33176880, T_capped=0
Group 1: Iters=10, Procs=896, Factors=1.000000, Dist=2, RM=0, SM=0, RS=0, SS=4, parents=448, children=0
Async_Iters: 0
T_iter: 1.068261 0.999641 0.957511 0.985646 0.947931 0.983599 0.965823 0.944409 0.950216 0.942922 
T_stage 0: 0.828841 0.829313 0.833667 0.830025 0.825041 0.825930 0.830112 0.822064 0.822988 0.823059 
T_stage 1: 0.239410 0.171070 0.123353 0.156527 0.123215 0.157985 0.137780 0.122476 0.126927 0.123634 
Config: granularity=100000, SDR=10000, ADR=0, Rigid=1, Capture_Method=0
Stage 0: PT=0, T_stage=0.523500, bytes=0, T_capped=0
Stage 1: PT=6, T_stage=0.000000, bytes=33176880, T_capped=0
Group 1: Iters=10, Procs=896, Factors=1.000000, Dist=2, RM=0, SM=0, RS=0, SS=4, parents=448, children=0
Async_Iters: 0
T_iter: 1.022192 1.048111 1.037556 1.047621 0.968692 1.023401 1.009510 1.008595 0.977271 0.965722 
T_stage 0: 0.845437 0.859481 0.847904 0.848763 0.841329 0.841193 0.846369 0.834901 0.837125 0.832659 
T_stage 1: 0.176255 0.194124 0.196272 0.203421 0.127469 0.184061 0.163872 0.171027 0.140180 0.133159 
Config: granularity=100000, SDR=10000, ADR=0, Rigid=1, Capture_Method=0
Stage 0: PT=0, T_stage=0.523500, bytes=0, T_capped=0
Stage 1: PT=6, T_stage=0.000000, bytes=33176880, T_capped=0
Group 1: Iters=10, Procs=896, Factors=1.000000, Dist=2, RM=0, SM=0, RS=0, SS=4, parents=448, children=0
Async_Iters: 0
T_iter: 1.058341 1.059640 0.981321 0.951831 0.974641 1.017161 1.015676 0.967590 0.987925 0.977270 
T_stage 0: 0.846245 0.858121 0.849886 0.833502 0.831903 0.827582 0.834488 0.825906 0.826398 0.821878 
T_stage 1: 0.207244 0.199889 0.132252 0.118967 0.140906 0.187101 0.180731 0.142151 0.163975 0.155073 
Config: granularity=100000, SDR=10000, ADR=0, Rigid=1, Capture_Method=0
Stage 0: PT=0, T_stage=0.523500, bytes=0, T_capped=0
Stage 1: PT=6, T_stage=0.000000, bytes=33176880, T_capped=0
Group 1: Iters=10, Procs=896, Factors=1.000000, Dist=2, RM=0, SM=0, RS=0, SS=4, parents=448, children=0
Async_Iters: 0
T_iter: 0.909324 0.892263 0.917338 0.952260 0.875446 0.859423 0.910708 0.897514 0.940016 0.868073 
T_stage 0: 0.731152 0.738886 0.738276 0.733350 0.730107 0.727381 0.735217 0.725515 0.731345 0.724968 
T_stage 1: 0.177499 0.153781 0.181621 0.217284 0.145515 0.132299 0.176225 0.172203 0.214005 0.144965 
Config: granularity=100000, SDR=10000, ADR=0, Rigid=1, Capture_Method=0
Stage 0: PT=0, T_stage=0.523500, bytes=0, T_capped=0
Stage 1: PT=6, T_stage=0.000000, bytes=33176880, T_capped=0
Group 1: Iters=10, Procs=896, Factors=1.000000, Dist=2, RM=0, SM=0, RS=0, SS=4, parents=448, children=0
Async_Iters: 0
T_iter: 0.894389 0.957573 0.889018 0.939384 0.877131 0.849676 0.979097 0.864956 0.891629 0.836794 
T_stage 0: 0.720772 0.723391 0.724013 0.719242 0.716496 0.719068 0.719574 0.721719 0.713602 0.713111 
T_stage 1: 0.173777 0.238958 0.164919 0.218065 0.161378 0.130738 0.260548 0.149936 0.176148 0.123836 
Config: granularity=100000, SDR=10000, ADR=0, Rigid=1, Capture_Method=0
Stage 0: PT=0, T_stage=0.523500, bytes=0, T_capped=0
Stage 1: PT=6, T_stage=0.000000, bytes=33176880, T_capped=0
Group 1: Iters=10, Procs=896, Factors=1.000000, Dist=2, RM=0, SM=0, RS=0, SS=4, parents=448, children=0
Async_Iters: 0
T_iter: 0.927549 0.894031 0.899680 0.888982 0.872341 0.921977 0.879539 0.922390 0.880543 0.871035 
T_stage 0: 0.749884 0.752832 0.756017 0.748659 0.751460 0.746299 0.742998 0.752661 0.742093 0.744810 
T_stage 1: 0.177052 0.144003 0.142290 0.141655 0.120976 0.175960 0.136711 0.170769 0.141306 0.128103 
Config: granularity=100000, SDR=10000, ADR=0, Rigid=1, Capture_Method=0
Stage 0: PT=0, T_stage=0.523500, bytes=0, T_capped=0
Stage 1: PT=6, T_stage=0.000000, bytes=33176880, T_capped=0
Group 1: Iters=10, Procs=896, Factors=1.000000, Dist=2, RM=0, SM=0, RS=0, SS=4, parents=448, children=0
Async_Iters: 0
T_iter: 0.892696 0.923456 0.886297 0.864848 0.887244 0.901001 0.939415 0.855403 0.869350 0.857874 
T_stage 0: 0.734054 0.750116 0.741618 0.738716 0.735481 0.736218 0.734724 0.735543 0.735191 0.738370 
T_stage 1: 0.158011 0.186268 0.146644 0.127947 0.151324 0.163313 0.209572 0.121144 0.137265 0.124964 
Config: granularity=100000, SDR=10000, ADR=0, Rigid=1, Capture_Method=0
Stage 0: PT=0, T_stage=0.523500, bytes=0, T_capped=0
Stage 1: PT=6, T_stage=0.000000, bytes=33176880, T_capped=0
Group 1: Iters=10, Procs=896, Factors=1.000000, Dist=2, RM=0, SM=0, RS=0, SS=4, parents=448, children=0
Async_Iters: 0
T_iter: 0.999610 1.046825 0.972967 0.944955 0.948233 0.944746 1.004215 0.932950 0.933737 0.913053 
T_stage 0: 0.818252 0.848180 0.826642 0.817318 0.804652 0.812592 0.825158 0.795553 0.805415 0.786507 
T_stage 1: 0.179317 0.204746 0.150273 0.128252 0.144688 0.131100 0.175818 0.136315 0.126771 0.126872 
Config: granularity=100000, SDR=10000, ADR=0, Rigid=1, Capture_Method=0
Stage 0: PT=0, T_stage=0.523500, bytes=0, T_capped=0
Stage 1: PT=6, T_stage=0.000000, bytes=33176880, T_capped=0
Group 1: Iters=10, Procs=896, Factors=1.000000, Dist=2, RM=0, SM=0, RS=0, SS=4, parents=448, children=0
Async_Iters: 0
T_iter: 0.985225 0.927906 0.863006 0.872110 0.862097 0.872519 0.888822 0.929438 0.855064 0.855972 
T_stage 0: 0.761000 0.768540 0.739041 0.733323 0.732180 0.736071 0.730919 0.733674 0.726086 0.726102 
T_stage 1: 0.219469 0.164807 0.126460 0.139294 0.128427 0.136801 0.157869 0.199497 0.128247 0.124237 
Config: granularity=100000, SDR=10000, ADR=0, Rigid=1, Capture_Method=0
Stage 0: PT=0, T_stage=0.523500, bytes=0, T_capped=0
Stage 1: PT=6, T_stage=0.000000, bytes=33176880, T_capped=0
Group 1: Iters=10, Procs=896, Factors=1.000000, Dist=2, RM=0, SM=0, RS=0, SS=4, parents=448, children=0
Async_Iters: 0
T_iter: 0.873416 0.928612 0.859002 0.867321 0.848184 0.837155 0.827561 0.846172 0.876497 0.837331 
T_stage 0: 0.701501 0.708125 0.708320 0.714555 0.713256 0.712816 0.704913 0.710798 0.706020 0.703312 
T_stage 1: 0.171324 0.220992 0.151158 0.151689 0.136030 0.124488 0.122854 0.141026 0.174252 0.134848 
Config: granularity=100000, SDR=10000, ADR=0, Rigid=1, Capture_Method=0
Stage 0: PT=0, T_stage=0.523500, bytes=0, T_capped=0
Stage 1: PT=6, T_stage=0.000000, bytes=33176880, T_capped=0
Group 1: Iters=10, Procs=896, Factors=1.000000, Dist=2, RM=0, SM=0, RS=0, SS=4, parents=448, children=0
Async_Iters: 0
T_iter: 0.905300 0.910254 0.954479 0.877089 0.865023 0.906386 0.886832 0.862510 0.849364 0.840236 
T_stage 0: 0.727227 0.734133 0.727604 0.727296 0.725470 0.726273 0.726623 0.721939 0.720500 0.718786 
T_stage 1: 0.178045 0.176574 0.227312 0.152332 0.140422 0.184380 0.160295 0.138828 0.128974 0.121783 
Config: granularity=100000, SDR=10000, ADR=0, Rigid=1, Capture_Method=0
Stage 0: PT=0, T_stage=0.523500, bytes=0, T_capped=0
Stage 1: PT=6, T_stage=0.000000, bytes=33176880, T_capped=0
Group 1: Iters=10, Procs=896, Factors=1.000000, Dist=2, RM=0, SM=0, RS=0, SS=4, parents=448, children=0
Async_Iters: 0
T_iter: 1.001430 1.062380 0.971768 0.921726 0.937400 0.943792 1.005393 0.951908 0.923546 0.914422 
T_stage 0: 0.809743 0.820634 0.802568 0.806275 0.810719 0.795833 0.800174 0.804793 0.797994 0.790928 
T_stage 1: 0.187625 0.245923 0.169122 0.115865 0.125772 0.148252 0.204713 0.145708 0.130769 0.123738 
Config: granularity=100000, SDR=10000, ADR=0, Rigid=1, Capture_Method=0
Stage 0: PT=0, T_stage=0.523500, bytes=0, T_capped=0
Stage 1: PT=6, T_stage=0.000000, bytes=33176880, T_capped=0
Group 1: Iters=10, Procs=896, Factors=1.000000, Dist=2, RM=0, SM=0, RS=0, SS=4, parents=448, children=0
Async_Iters: 0
T_iter: 0.980539 1.014930 0.948769 0.923884 0.898231 0.909373 0.948129 1.024976 0.892374 0.923443 
T_stage 0: 0.782452 0.774777 0.775053 0.786140 0.770249 0.773353 0.773793 0.768120 0.765304 0.766300 
T_stage 1: 0.197771 0.235680 0.171551 0.138690 0.126499 0.137080 0.173330 0.252266 0.126152 0.159330 
Config: granularity=100000, SDR=10000, ADR=0, Rigid=1, Capture_Method=0
Stage 0: PT=0, T_stage=0.523500, bytes=0, T_capped=0
Stage 1: PT=6, T_stage=0.000000, bytes=33176880, T_capped=0
Group 1: Iters=10, Procs=896, Factors=1.000000, Dist=2, RM=0, SM=0, RS=0, SS=4, parents=448, children=0
Async_Iters: 0
T_iter: 1.020301 1.020683 0.962961 0.942730 0.941989 1.039666 1.000092 0.944034 0.941087 0.944243 
T_stage 0: 0.822904 0.832000 0.822480 0.821894 0.821453 0.821277 0.820408 0.813352 0.812721 0.810490 
T_stage 1: 0.197189 0.196934 0.141321 0.121824 0.118867 0.221153 0.177287 0.130442 0.128827 0.134338 
Config: granularity=100000, SDR=10000, ADR=0, Rigid=1, Capture_Method=0
Stage 0: PT=0, T_stage=0.523500, bytes=0, T_capped=0
Stage 1: PT=6, T_stage=0.000000, bytes=33176880, T_capped=0
Group 1: Iters=10, Procs=896, Factors=1.000000, Dist=2, RM=0, SM=0, RS=0, SS=4, parents=448, children=0
Async_Iters: 0
T_iter: 0.928335 0.943922 1.046676 0.914106 0.916456 0.890823 0.941157 0.917022 0.894813 0.896075 
T_stage 0: 0.751472 0.762398 0.752648 0.759882 0.753616 0.748819 0.751237 0.760076 0.747355 0.745505 
T_stage 1: 0.176347 0.185572 0.294435 0.160700 0.165724 0.142816 0.188772 0.165175 0.150274 0.152152 
Config: granularity=100000, SDR=10000, ADR=0, Rigid=1, Capture_Method=0
Stage 0: PT=0, T_stage=0.523500, bytes=0, T_capped=0
Stage 1: PT=6, T_stage=0.000000, bytes=33176880, T_capped=0
Group 1: Iters=10, Procs=896, Factors=1.000000, Dist=2, RM=0, SM=0, RS=0, SS=4, parents=448, children=0
Async_Iters: 0
T_iter: 0.962665 0.963914 0.971424 0.929120 0.917990 1.011327 0.994772 0.938964 0.913593 0.917149 
T_stage 0: 0.793633 0.796971 0.797900 0.791953 0.790426 0.793389 0.789514 0.787891 0.782768 0.784323 
T_stage 1: 0.168346 0.166802 0.170702 0.135304 0.128030 0.222213 0.208017 0.148567 0.131244 0.133320 
Config: granularity=100000, SDR=10000, ADR=0, Rigid=1, Capture_Method=0
Stage 0: PT=0, T_stage=0.523500, bytes=0, T_capped=0
Stage 1: PT=6, T_stage=0.000000, bytes=33176880, T_capped=0
Group 1: Iters=10, Procs=896, Factors=1.000000, Dist=2, RM=0, SM=0, RS=0, SS=4, parents=448, children=0
Async_Iters: 0
T_iter: 0.992415 0.973383 0.942276 0.927847 0.943289 0.921737 0.982608 0.997368 0.935332 0.919043 
T_stage 0: 0.786410 0.787438 0.790688 0.787182 0.787257 0.783664 0.781065 0.788996 0.779490 0.779673 
T_stage 1: 0.206028 0.186128 0.151989 0.140178 0.156041 0.138244 0.201577 0.213481 0.152996 0.139411 
