Config: granularity=100000, SDR=10000, ADR=0, Rigid=1, Capture_Method=0
Stage 0: PT=0, T_stage=0.523500, bytes=0, T_capped=0
Stage 1: PT=6, T_stage=0.000000, bytes=33176880, T_capped=0
Group 1: Iters=10, Procs=1792, Factors=1.000000, Dist=2, RM=0, SM=0, RS=0, SS=4, parents=112, children=0
Async_Iters: 0
T_iter: 1.004835 0.962922 0.962435 0.958008 0.893246 0.903467 0.915158 0.925577 0.936003 0.887005 
T_stage 0: 0.733575 0.737714 0.736865 0.747900 0.732163 0.730133 0.729640 0.731490 0.728476 0.733327 
T_stage 1: 0.268942 0.228938 0.214294 0.218829 0.158978 0.167795 0.188309 0.199266 0.211285 0.156064 
Config: granularity=100000, SDR=10000, ADR=0, Rigid=1, Capture_Method=0
Stage 0: PT=0, T_stage=0.523500, bytes=0, T_capped=0
Stage 1: PT=6, T_stage=0.000000, bytes=33176880, T_capped=0
Group 1: Iters=10, Procs=1792, Factors=1.000000, Dist=2, RM=0, SM=0, RS=0, SS=4, parents=112, children=0
Async_Iters: 0
T_iter: 0.974007 0.990381 1.006008 0.892272 0.886870 0.960703 0.908642 0.957654 0.898032 0.867006 
T_stage 0: 0.729049 0.723610 0.731514 0.727638 0.718438 0.718831 0.714557 0.723816 0.717281 0.716357 
T_stage 1: 0.244215 0.270975 0.279281 0.167441 0.165586 0.241784 0.186766 0.233302 0.178180 0.149142 
Config: granularity=100000, SDR=10000, ADR=0, Rigid=1, Capture_Method=0
Stage 0: PT=0, T_stage=0.523500, bytes=0, T_capped=0
Stage 1: PT=6, T_stage=0.000000, bytes=33176880, T_capped=0
Group 1: Iters=10, Procs=1792, Factors=1.000000, Dist=2, RM=0, SM=0, RS=0, SS=4, parents=112, children=0
Async_Iters: 0
T_iter: 1.071778 1.112100 1.060708 1.083167 1.091582 1.048606 1.097546 1.106698 1.001193 1.045021 
T_stage 0: 0.809894 0.856958 0.856905 0.858350 0.845438 0.847145 0.841377 0.847149 0.842042 0.840062 
T_stage 1: 0.257598 0.258855 0.202563 0.230145 0.244859 0.206950 0.248109 0.256640 0.158835 0.205309 
Config: granularity=100000, SDR=10000, ADR=0, Rigid=1, Capture_Method=0
Stage 0: PT=0, T_stage=0.523500, bytes=0, T_capped=0
Stage 1: PT=6, T_stage=0.000000, bytes=33176880, T_capped=0
Group 1: Iters=10, Procs=1792, Factors=1.000000, Dist=2, RM=0, SM=0, RS=0, SS=4, parents=112, children=0
Async_Iters: 0
T_iter: 0.976166 0.935030 0.947841 0.947379 0.888891 0.864006 0.910552 0.970602 0.918296 0.873481 
T_stage 0: 0.711363 0.712970 0.708750 0.708254 0.706103 0.702608 0.706276 0.706777 0.703439 0.698351 
T_stage 1: 0.258662 0.226623 0.241595 0.236553 0.183432 0.158192 0.197295 0.266668 0.215641 0.174284 
Config: granularity=100000, SDR=10000, ADR=0, Rigid=1, Capture_Method=0
Stage 0: PT=0, T_stage=0.523500, bytes=0, T_capped=0
Stage 1: PT=6, T_stage=0.000000, bytes=33176880, T_capped=0
Group 1: Iters=10, Procs=1792, Factors=1.000000, Dist=2, RM=0, SM=0, RS=0, SS=4, parents=112, children=0
Async_Iters: 0
T_iter: 0.979294 1.008760 0.927334 1.009320 0.998679 0.967846 0.985879 0.979159 0.972055 0.956534 
T_stage 0: 0.742073 0.759009 0.749665 0.750161 0.748713 0.747608 0.750239 0.735259 0.737607 0.720894 
T_stage 1: 0.237275 0.240387 0.177816 0.253445 0.253764 0.219490 0.236324 0.244077 0.235360 0.235664 
Config: granularity=100000, SDR=10000, ADR=0, Rigid=1, Capture_Method=0
Stage 0: PT=0, T_stage=0.523500, bytes=0, T_capped=0
Stage 1: PT=6, T_stage=0.000000, bytes=33176880, T_capped=0
Group 1: Iters=10, Procs=1792, Factors=1.000000, Dist=2, RM=0, SM=0, RS=0, SS=4, parents=112, children=0
Async_Iters: 0
T_iter: 1.003683 0.999495 0.927274 0.935996 0.913930 0.987705 1.001341 0.936900 0.884177 0.856396 
T_stage 0: 0.739663 0.742016 0.746318 0.741586 0.733598 0.743829 0.740543 0.733527 0.732882 0.729434 
T_stage 1: 0.259212 0.250418 0.180299 0.187666 0.179241 0.243508 0.262766 0.203647 0.151653 0.126978 
Config: granularity=100000, SDR=10000, ADR=0, Rigid=1, Capture_Method=0
Stage 0: PT=0, T_stage=0.523500, bytes=0, T_capped=0
Stage 1: PT=6, T_stage=0.000000, bytes=33176880, T_capped=0
Group 1: Iters=10, Procs=1792, Factors=1.000000, Dist=2, RM=0, SM=0, RS=0, SS=4, parents=112, children=0
Async_Iters: 0
T_iter: 0.929483 0.977713 0.971648 0.909744 0.841436 0.863181 0.950870 0.976476 0.908998 0.945047 
T_stage 0: 0.729834 0.724865 0.730402 0.721175 0.720319 0.717600 0.715663 0.717585 0.710007 0.709117 
T_stage 1: 0.196632 0.250327 0.241485 0.188334 0.122474 0.142580 0.238105 0.259630 0.199876 0.237665 
Config: granularity=100000, SDR=10000, ADR=0, Rigid=1, Capture_Method=0
Stage 0: PT=0, T_stage=0.523500, bytes=0, T_capped=0
Stage 1: PT=6, T_stage=0.000000, bytes=33176880, T_capped=0
Group 1: Iters=10, Procs=1792, Factors=1.000000, Dist=2, RM=0, SM=0, RS=0, SS=4, parents=112, children=0
Async_Iters: 0
T_iter: 0.942708 0.880855 0.921712 1.000237 0.930734 0.883085 0.845375 0.963801 0.959199 0.908557 
T_stage 0: 0.730381 0.719218 0.720006 0.742476 0.736792 0.732461 0.707993 0.735265 0.736991 0.733724 
T_stage 1: 0.211561 0.163692 0.203451 0.254592 0.195553 0.150544 0.136897 0.227534 0.222541 0.181137 
Config: granularity=100000, SDR=10000, ADR=0, Rigid=1, Capture_Method=0
Stage 0: PT=0, T_stage=0.523500, bytes=0, T_capped=0
Stage 1: PT=6, T_stage=0.000000, bytes=33176880, T_capped=0
Group 1: Iters=10, Procs=1792, Factors=1.000000, Dist=2, RM=0, SM=0, RS=0, SS=4, parents=112, children=0
Async_Iters: 0
T_iter: 0.931309 0.953270 0.905865 0.934687 0.862145 0.847917 0.956428 0.892652 0.982829 0.870227 
T_stage 0: 0.704222 0.726978 0.710751 0.719371 0.716158 0.711355 0.721409 0.703358 0.706444 0.697464 
T_stage 1: 0.222624 0.234769 0.200065 0.216089 0.147876 0.138458 0.233101 0.193096 0.276870 0.171770 
Config: granularity=100000, SDR=10000, ADR=0, Rigid=1, Capture_Method=0
Stage 0: PT=0, T_stage=0.523500, bytes=0, T_capped=0
Stage 1: PT=6, T_stage=0.000000, bytes=33176880, T_capped=0
Group 1: Iters=10, Procs=1792, Factors=1.000000, Dist=2, RM=0, SM=0, RS=0, SS=4, parents=112, children=0
Async_Iters: 0
T_iter: 0.935235 0.946871 0.975020 0.947260 0.946868 0.905018 0.874328 0.921168 0.931466 0.866377 
T_stage 0: 0.702316 0.711755 0.710399 0.711090 0.700020 0.700575 0.703692 0.703788 0.704622 0.696068 
T_stage 1: 0.232006 0.236408 0.270065 0.245422 0.240279 0.203751 0.173814 0.218298 0.231878 0.172442 
Config: granularity=100000, SDR=10000, ADR=0, Rigid=1, Capture_Method=0
Stage 0: PT=0, T_stage=0.523500, bytes=0, T_capped=0
Stage 1: PT=6, T_stage=0.000000, bytes=33176880, T_capped=0
Group 1: Iters=10, Procs=1792, Factors=1.000000, Dist=2, RM=0, SM=0, RS=0, SS=4, parents=112, children=0
Async_Iters: 0
T_iter: 1.022759 1.002487 1.068276 1.062176 2.045001 2.563684 2.532667 2.598954 2.536653 2.506792 
T_stage 0: 0.797097 0.802711 0.808027 0.800418 1.822568 2.363208 2.350472 2.354177 2.340721 2.338654 
T_stage 1: 0.225626 0.197927 0.255016 0.261370 0.227727 0.212263 0.182447 0.244116 0.195695 0.170992 
Config: granularity=100000, SDR=10000, ADR=0, Rigid=1, Capture_Method=0
Stage 0: PT=0, T_stage=0.523500, bytes=0, T_capped=0
Stage 1: PT=6, T_stage=0.000000, bytes=33176880, T_capped=0
Group 1: Iters=10, Procs=1792, Factors=1.000000, Dist=2, RM=0, SM=0, RS=0, SS=4, parents=112, children=0
Async_Iters: 0
T_iter: 0.931450 0.889320 0.977538 0.941598 0.870805 0.909745 0.933771 0.920598 0.938199 0.963909 
T_stage 0: 0.708368 0.719377 0.736455 0.732070 0.729076 0.731920 0.733431 0.729129 0.727219 0.726771 
T_stage 1: 0.217802 0.182627 0.242841 0.209006 0.143476 0.177112 0.199694 0.191847 0.212137 0.236872 
Config: granularity=100000, SDR=10000, ADR=0, Rigid=1, Capture_Method=0
Stage 0: PT=0, T_stage=0.523500, bytes=0, T_capped=0
Stage 1: PT=6, T_stage=0.000000, bytes=33176880, T_capped=0
Group 1: Iters=10, Procs=1792, Factors=1.000000, Dist=2, RM=0, SM=0, RS=0, SS=4, parents=112, children=0
Async_Iters: 0
T_iter: 0.912872 0.962493 0.976581 0.952547 0.948707 0.884918 0.916271 0.945152 0.910425 0.952751 
T_stage 0: 0.710206 0.712729 0.712554 0.708363 0.708202 0.711437 0.713907 0.709360 0.703247 0.704270 
T_stage 1: 0.196775 0.244142 0.260048 0.242425 0.238518 0.173769 0.204910 0.231447 0.204734 0.249704 
Config: granularity=100000, SDR=10000, ADR=0, Rigid=1, Capture_Method=0
Stage 0: PT=0, T_stage=0.523500, bytes=0, T_capped=0
Stage 1: PT=6, T_stage=0.000000, bytes=33176880, T_capped=0
Group 1: Iters=10, Procs=1792, Factors=1.000000, Dist=2, RM=0, SM=0, RS=0, SS=4, parents=112, children=0
Async_Iters: 0
T_iter: 1.119716 1.090660 1.083631 1.100477 1.010705 1.043633 1.098680 1.083339 0.989265 0.980868 
T_stage 0: 0.834378 0.852242 0.860954 0.856015 0.852932 0.851610 0.851287 0.846781 0.844092 0.845407 
T_stage 1: 0.284164 0.241410 0.224404 0.242689 0.158458 0.193016 0.248361 0.234566 0.145402 0.138777 
Config: granularity=100000, SDR=10000, ADR=0, Rigid=1, Capture_Method=0
Stage 0: PT=0, T_stage=0.523500, bytes=0, T_capped=0
Stage 1: PT=6, T_stage=0.000000, bytes=33176880, T_capped=0
Group 1: Iters=10, Procs=1792, Factors=1.000000, Dist=2, RM=0, SM=0, RS=0, SS=4, parents=112, children=0
Async_Iters: 0
T_iter: 1.035530 1.076030 0.972449 1.010725 1.011489 0.938459 0.969811 1.033288 0.974825 1.002640 
T_stage 0: 0.826686 0.828351 0.818326 0.823525 0.817910 0.809446 0.819379 0.812127 0.813371 0.810705 
T_stage 1: 0.204920 0.250082 0.154021 0.189017 0.195725 0.129477 0.150787 0.215542 0.161919 0.190100 
Config: granularity=100000, SDR=10000, ADR=0, Rigid=1, Capture_Method=0
Stage 0: PT=0, T_stage=0.523500, bytes=0, T_capped=0
Stage 1: PT=6, T_stage=0.000000, bytes=33176880, T_capped=0
Group 1: Iters=10, Procs=1792, Factors=1.000000, Dist=2, RM=0, SM=0, RS=0, SS=4, parents=112, children=0
Async_Iters: 0
T_iter: 1.033061 1.073644 1.098684 1.045964 1.025574 1.051603 1.099334 1.080006 1.020766 1.005159 
T_stage 0: 0.809247 0.856094 0.864151 0.859745 0.856797 0.855835 0.859796 0.852397 0.847106 0.844578 
T_stage 1: 0.223412 0.213120 0.239795 0.189255 0.172647 0.192088 0.241499 0.232786 0.175084 0.160906 
Config: granularity=100000, SDR=10000, ADR=0, Rigid=1, Capture_Method=0
Stage 0: PT=0, T_stage=0.523500, bytes=0, T_capped=0
Stage 1: PT=6, T_stage=0.000000, bytes=33176880, T_capped=0
Group 1: Iters=10, Procs=1792, Factors=1.000000, Dist=2, RM=0, SM=0, RS=0, SS=4, parents=112, children=0
Async_Iters: 0
T_iter: 0.925655 0.899665 0.932831 0.991227 0.942684 0.897831 0.941948 0.949077 0.963115 0.900057 
T_stage 0: 0.716139 0.753188 0.747546 0.751216 0.749749 0.746732 0.745777 0.742042 0.738857 0.738365 
T_stage 1: 0.203728 0.149342 0.184038 0.238551 0.194242 0.152983 0.195064 0.201171 0.215684 0.160387 
Config: granularity=100000, SDR=10000, ADR=0, Rigid=1, Capture_Method=0
Stage 0: PT=0, T_stage=0.523500, bytes=0, T_capped=0
Stage 1: PT=6, T_stage=0.000000, bytes=33176880, T_capped=0
Group 1: Iters=10, Procs=1792, Factors=1.000000, Dist=2, RM=0, SM=0, RS=0, SS=4, parents=112, children=0
Async_Iters: 0
T_iter: 0.955621 0.938998 0.985982 0.935797 0.961613 0.875855 0.944606 0.924465 0.897174 0.873820 
T_stage 0: 0.710925 0.740284 0.732448 0.736807 0.728763 0.726439 0.723941 0.723790 0.726793 0.725368 
T_stage 1: 0.244822 0.200609 0.244443 0.203696 0.234873 0.148411 0.220973 0.201798 0.164356 0.149932 
Config: granularity=100000, SDR=10000, ADR=0, Rigid=1, Capture_Method=0
Stage 0: PT=0, T_stage=0.523500, bytes=0, T_capped=0
Stage 1: PT=6, T_stage=0.000000, bytes=33176880, T_capped=0
Group 1: Iters=10, Procs=1792, Factors=1.000000, Dist=2, RM=0, SM=0, RS=0, SS=4, parents=112, children=0
Async_Iters: 0
T_iter: 1.059773 1.081288 1.013534 1.036814 1.001606 1.091063 0.994929 1.054479 0.979000 0.967458 
T_stage 0: 0.805397 0.842464 0.832370 0.840358 0.827465 0.839488 0.826803 0.829447 0.833134 0.827245 
T_stage 1: 0.248218 0.243317 0.178684 0.194137 0.174168 0.259631 0.166339 0.225906 0.143989 0.140409 
Config: granularity=100000, SDR=10000, ADR=0, Rigid=1, Capture_Method=0
Stage 0: PT=0, T_stage=0.523500, bytes=0, T_capped=0
Stage 1: PT=6, T_stage=0.000000, bytes=33176880, T_capped=0
Group 1: Iters=10, Procs=1792, Factors=1.000000, Dist=2, RM=0, SM=0, RS=0, SS=4, parents=112, children=0
Async_Iters: 0
T_iter: 1.076073 1.123930 1.132372 1.108873 1.041673 0.987002 1.057034 1.090526 1.026239 1.020728 
T_stage 0: 0.828157 0.873938 0.893427 0.869743 0.864150 0.828713 0.866440 0.862814 0.862003 0.853430 
T_stage 1: 0.246496 0.248163 0.257491 0.240337 0.174632 0.159117 0.189930 0.224644 0.164078 0.167084 
