Config loaded: R=1, S=2, granularity=100000, SDR=10000, ADR=0, Rigid=1, Capture_Method=0
Stage 0: PT=0, T_stage=0.523500, bytes=0, T_capped=0
Stage 1: PT=6, T_stage=0.000000, bytes=33176880, T_capped=0
Group 0: Iters=5, Procs=896, Factors=1.000000, Dist=2, RM=0, SM=0, RS=0, SS=0
Group 1: Iters=10, Procs=1792, Factors=1.000000, Dist=2, RM=0, SM=0, RS=0, SS=4
T_spawn: 13.117364 
T_SR: 0.047667 
T_AR: 0.000000 
T_US: 0.152225 
T_Malleability: 13.447972 
T_total: 27.576287
Config loaded: R=1, S=2, granularity=100000, SDR=10000, ADR=0, Rigid=1, Capture_Method=0
Stage 0: PT=0, T_stage=0.523500, bytes=0, T_capped=0
Stage 1: PT=6, T_stage=0.000000, bytes=33176880, T_capped=0
Group 0: Iters=5, Procs=896, Factors=1.000000, Dist=2, RM=0, SM=0, RS=0, SS=0
Group 1: Iters=10, Procs=1792, Factors=1.000000, Dist=2, RM=0, SM=0, RS=0, SS=4
T_spawn: 13.377727 
T_SR: 0.036463 
T_AR: 0.000000 
T_US: 0.064549 
T_Malleability: 13.602801 
T_total: 27.733470
Config loaded: R=1, S=2, granularity=100000, SDR=10000, ADR=0, Rigid=1, Capture_Method=0
Stage 0: PT=0, T_stage=0.523500, bytes=0, T_capped=0
Stage 1: PT=6, T_stage=0.000000, bytes=33176880, T_capped=0
Group 0: Iters=5, Procs=896, Factors=1.000000, Dist=2, RM=0, SM=0, RS=0, SS=0
Group 1: Iters=10, Procs=1792, Factors=1.000000, Dist=2, RM=0, SM=0, RS=0, SS=4
T_spawn: 13.792704 
T_SR: 0.036866 
T_AR: 0.000000 
T_US: 0.087865 
T_Malleability: 14.076032 
T_total: 28.204483
Config loaded: R=1, S=2, granularity=100000, SDR=10000, ADR=0, Rigid=1, Capture_Method=0
Stage 0: PT=0, T_stage=0.523500, bytes=0, T_capped=0
Stage 1: PT=6, T_stage=0.000000, bytes=33176880, T_capped=0
Group 0: Iters=5, Procs=896, Factors=1.000000, Dist=2, RM=0, SM=0, RS=0, SS=0
Group 1: Iters=10, Procs=1792, Factors=1.000000, Dist=2, RM=0, SM=0, RS=0, SS=4
T_spawn: 13.875040 
T_SR: 0.035538 
T_AR: 0.000000 
T_US: 0.067157 
T_Malleability: 14.090081 
T_total: 27.826215
Config loaded: R=1, S=2, granularity=100000, SDR=10000, ADR=0, Rigid=1, Capture_Method=0
Stage 0: PT=0, T_stage=0.523500, bytes=0, T_capped=0
Stage 1: PT=6, T_stage=0.000000, bytes=33176880, T_capped=0
Group 0: Iters=5, Procs=896, Factors=1.000000, Dist=2, RM=0, SM=0, RS=0, SS=0
Group 1: Iters=10, Procs=1792, Factors=1.000000, Dist=2, RM=0, SM=0, RS=0, SS=4
T_spawn: 14.863088 
T_SR: 0.039765 
T_AR: 0.000000 
T_US: 0.090212 
T_Malleability: 15.115663 
T_total: 29.378015
Config loaded: R=1, S=2, granularity=100000, SDR=10000, ADR=0, Rigid=1, Capture_Method=0
Stage 0: PT=0, T_stage=0.523500, bytes=0, T_capped=0
Stage 1: PT=6, T_stage=0.000000, bytes=33176880, T_capped=0
Group 0: Iters=5, Procs=896, Factors=1.000000, Dist=2, RM=0, SM=0, RS=0, SS=0
Group 1: Iters=10, Procs=1792, Factors=1.000000, Dist=2, RM=0, SM=0, RS=0, SS=4
T_spawn: 14.234817 
T_SR: 0.039896 
T_AR: 0.000000 
T_US: 0.079897 
T_Malleability: 14.500008 
T_total: 28.394920
Config loaded: R=1, S=2, granularity=100000, SDR=10000, ADR=0, Rigid=1, Capture_Method=0
Stage 0: PT=0, T_stage=0.523500, bytes=0, T_capped=0
Stage 1: PT=6, T_stage=0.000000, bytes=33176880, T_capped=0
Group 0: Iters=5, Procs=896, Factors=1.000000, Dist=2, RM=0, SM=0, RS=0, SS=0
Group 1: Iters=10, Procs=1792, Factors=1.000000, Dist=2, RM=0, SM=0, RS=0, SS=4
T_spawn: 13.031243 
T_SR: 0.039435 
T_AR: 0.000000 
T_US: 0.097575 
T_Malleability: 13.317943 
T_total: 27.458774
Config loaded: R=1, S=2, granularity=100000, SDR=10000, ADR=0, Rigid=1, Capture_Method=0
Stage 0: PT=0, T_stage=0.523500, bytes=0, T_capped=0
Stage 1: PT=6, T_stage=0.000000, bytes=33176880, T_capped=0
Group 0: Iters=5, Procs=896, Factors=1.000000, Dist=2, RM=0, SM=0, RS=0, SS=0
Group 1: Iters=10, Procs=1792, Factors=1.000000, Dist=2, RM=0, SM=0, RS=0, SS=4
T_spawn: 12.887404 
T_SR: 0.038047 
T_AR: 0.000000 
T_US: 0.055726 
T_Malleability: 13.115855 
T_total: 28.043158
Config loaded: R=1, S=2, granularity=100000, SDR=10000, ADR=0, Rigid=1, Capture_Method=0
Stage 0: PT=0, T_stage=0.523500, bytes=0, T_capped=0
Stage 1: PT=6, T_stage=0.000000, bytes=33176880, T_capped=0
Group 0: Iters=5, Procs=896, Factors=1.000000, Dist=2, RM=0, SM=0, RS=0, SS=0
Group 1: Iters=10, Procs=1792, Factors=1.000000, Dist=2, RM=0, SM=0, RS=0, SS=4
T_spawn: 13.066231 
T_SR: 0.031709 
T_AR: 0.000000 
T_US: 0.055754 
T_Malleability: 13.266728 
T_total: 26.901032
Config loaded: R=1, S=2, granularity=100000, SDR=10000, ADR=0, Rigid=1, Capture_Method=0
Stage 0: PT=0, T_stage=0.523500, bytes=0, T_capped=0
Stage 1: PT=6, T_stage=0.000000, bytes=33176880, T_capped=0
Group 0: Iters=5, Procs=896, Factors=1.000000, Dist=2, RM=0, SM=0, RS=0, SS=0
Group 1: Iters=10, Procs=1792, Factors=1.000000, Dist=2, RM=0, SM=0, RS=0, SS=4
T_spawn: 13.479535 
T_SR: 0.042672 
T_AR: 0.000000 
T_US: 0.042465 
T_Malleability: 13.707090 
T_total: 27.459703
Config loaded: R=1, S=2, granularity=100000, SDR=10000, ADR=0, Rigid=1, Capture_Method=0
Stage 0: PT=0, T_stage=0.523500, bytes=0, T_capped=0
Stage 1: PT=6, T_stage=0.000000, bytes=33176880, T_capped=0
Group 0: Iters=5, Procs=896, Factors=1.000000, Dist=2, RM=0, SM=0, RS=0, SS=0
Group 1: Iters=10, Procs=1792, Factors=1.000000, Dist=2, RM=0, SM=0, RS=0, SS=4
T_spawn: 13.987257 
T_SR: 0.040055 
T_AR: 0.000000 
T_US: 0.095217 
T_Malleability: 14.300938 
T_total: 28.644311
Config loaded: R=1, S=2, granularity=100000, SDR=10000, ADR=0, Rigid=1, Capture_Method=0
Stage 0: PT=0, T_stage=0.523500, bytes=0, T_capped=0
Stage 1: PT=6, T_stage=0.000000, bytes=33176880, T_capped=0
Group 0: Iters=5, Procs=896, Factors=1.000000, Dist=2, RM=0, SM=0, RS=0, SS=0
Group 1: Iters=10, Procs=1792, Factors=1.000000, Dist=2, RM=0, SM=0, RS=0, SS=4
T_spawn: 14.283746 
T_SR: 0.044940 
T_AR: 0.000000 
T_US: 0.087189 
T_Malleability: 14.545802 
T_total: 29.773408
Config loaded: R=1, S=2, granularity=100000, SDR=10000, ADR=0, Rigid=1, Capture_Method=0
Stage 0: PT=0, T_stage=0.523500, bytes=0, T_capped=0
Stage 1: PT=6, T_stage=0.000000, bytes=33176880, T_capped=0
Group 0: Iters=5, Procs=896, Factors=1.000000, Dist=2, RM=0, SM=0, RS=0, SS=0
Group 1: Iters=10, Procs=1792, Factors=1.000000, Dist=2, RM=0, SM=0, RS=0, SS=4
T_spawn: 13.530443 
T_SR: 0.042148 
T_AR: 0.000000 
T_US: 0.054581 
T_Malleability: 13.725738 
T_total: 28.817514
Config loaded: R=1, S=2, granularity=100000, SDR=10000, ADR=0, Rigid=1, Capture_Method=0
Stage 0: PT=0, T_stage=0.523500, bytes=0, T_capped=0
Stage 1: PT=6, T_stage=0.000000, bytes=33176880, T_capped=0
Group 0: Iters=5, Procs=896, Factors=1.000000, Dist=2, RM=0, SM=0, RS=0, SS=0
Group 1: Iters=10, Procs=1792, Factors=1.000000, Dist=2, RM=0, SM=0, RS=0, SS=4
T_spawn: 13.631196 
T_SR: 0.036859 
T_AR: 0.000000 
T_US: 0.115512 
T_Malleability: 13.992029 
T_total: 28.215925
Config loaded: R=1, S=2, granularity=100000, SDR=10000, ADR=0, Rigid=1, Capture_Method=0
Stage 0: PT=0, T_stage=0.523500, bytes=0, T_capped=0
Stage 1: PT=6, T_stage=0.000000, bytes=33176880, T_capped=0
Group 0: Iters=5, Procs=896, Factors=1.000000, Dist=2, RM=0, SM=0, RS=0, SS=0
Group 1: Iters=10, Procs=1792, Factors=1.000000, Dist=2, RM=0, SM=0, RS=0, SS=4
T_spawn: 13.397007 
T_SR: 0.045839 
T_AR: 0.000000 
T_US: 0.068694 
T_Malleability: 13.653712 
T_total: 27.673554
Config loaded: R=1, S=2, granularity=100000, SDR=10000, ADR=0, Rigid=1, Capture_Method=0
Stage 0: PT=0, T_stage=0.523500, bytes=0, T_capped=0
Stage 1: PT=6, T_stage=0.000000, bytes=33176880, T_capped=0
Group 0: Iters=5, Procs=896, Factors=1.000000, Dist=2, RM=0, SM=0, RS=0, SS=0
Group 1: Iters=10, Procs=1792, Factors=1.000000, Dist=2, RM=0, SM=0, RS=0, SS=4
T_spawn: 13.492749 
T_SR: 0.041536 
T_AR: 0.000000 
T_US: 0.047214 
T_Malleability: 13.719705 
T_total: 28.456169
Config loaded: R=1, S=2, granularity=100000, SDR=10000, ADR=0, Rigid=1, Capture_Method=0
Stage 0: PT=0, T_stage=0.523500, bytes=0, T_capped=0
Stage 1: PT=6, T_stage=0.000000, bytes=33176880, T_capped=0
Group 0: Iters=5, Procs=896, Factors=1.000000, Dist=2, RM=0, SM=0, RS=0, SS=0
Group 1: Iters=10, Procs=1792, Factors=1.000000, Dist=2, RM=0, SM=0, RS=0, SS=4
T_spawn: 14.238971 
T_SR: 0.035595 
T_AR: 0.000000 
T_US: 0.081272 
T_Malleability: 14.514429 
T_total: 29.133102
Config loaded: R=1, S=2, granularity=100000, SDR=10000, ADR=0, Rigid=1, Capture_Method=0
Stage 0: PT=0, T_stage=0.523500, bytes=0, T_capped=0
Stage 1: PT=6, T_stage=0.000000, bytes=33176880, T_capped=0
Group 0: Iters=5, Procs=896, Factors=1.000000, Dist=2, RM=0, SM=0, RS=0, SS=0
Group 1: Iters=10, Procs=1792, Factors=1.000000, Dist=2, RM=0, SM=0, RS=0, SS=4
T_spawn: 15.039123 
T_SR: 0.036263 
T_AR: 0.000000 
T_US: 0.087873 
T_Malleability: 15.325427 
T_total: 29.655050
Config loaded: R=1, S=2, granularity=100000, SDR=10000, ADR=0, Rigid=1, Capture_Method=0
Stage 0: PT=0, T_stage=0.523500, bytes=0, T_capped=0
Stage 1: PT=6, T_stage=0.000000, bytes=33176880, T_capped=0
Group 0: Iters=5, Procs=896, Factors=1.000000, Dist=2, RM=0, SM=0, RS=0, SS=0
Group 1: Iters=10, Procs=1792, Factors=1.000000, Dist=2, RM=0, SM=0, RS=0, SS=4
T_spawn: 15.149388 
T_SR: 0.084062 
T_AR: 0.000000 
T_US: 0.047300 
T_Malleability: 15.385640 
T_total: 30.782738
Config loaded: R=1, S=2, granularity=100000, SDR=10000, ADR=0, Rigid=1, Capture_Method=0
Stage 0: PT=0, T_stage=0.523500, bytes=0, T_capped=0
Stage 1: PT=6, T_stage=0.000000, bytes=33176880, T_capped=0
Group 0: Iters=5, Procs=896, Factors=1.000000, Dist=2, RM=0, SM=0, RS=0, SS=0
Group 1: Iters=10, Procs=1792, Factors=1.000000, Dist=2, RM=0, SM=0, RS=0, SS=4
T_spawn: 13.813395 
T_SR: 0.032962 
T_AR: 0.000000 
T_US: 0.065240 
T_Malleability: 14.063179 
T_total: 45.130855
