Config loaded: R=1, S=2, granularity=100000, SDR=10000, ADR=0, Rigid=1, Capture_Method=0
Stage 0: PT=0, T_stage=0.523500, bytes=0, T_capped=0
Stage 1: PT=6, T_stage=0.000000, bytes=33176880, T_capped=0
Group 0: Iters=5, Procs=2688, Factors=1.000000, Dist=2, RM=0, SM=0, RS=0, SS=0
Group 1: Iters=10, Procs=1792, Factors=1.000000, Dist=2, RM=0, SM=0, RS=0, SS=4
T_spawn: 18.227134 
T_SR: 0.035672 
T_AR: 0.000000 
T_US: 0.099113 
T_Malleability: 18.511192 
T_total: 33.485071
Config loaded: R=1, S=2, granularity=100000, SDR=10000, ADR=0, Rigid=1, Capture_Method=0
Stage 0: PT=0, T_stage=0.523500, bytes=0, T_capped=0
Stage 1: PT=6, T_stage=0.000000, bytes=33176880, T_capped=0
Group 0: Iters=5, Procs=2688, Factors=1.000000, Dist=2, RM=0, SM=0, RS=0, SS=0
Group 1: Iters=10, Procs=1792, Factors=1.000000, Dist=2, RM=0, SM=0, RS=0, SS=4
T_spawn: 15.791189 
T_SR: 0.042021 
T_AR: 0.000000 
T_US: 0.098482 
T_Malleability: 16.127298 
T_total: 31.374393
Config loaded: R=1, S=2, granularity=100000, SDR=10000, ADR=0, Rigid=1, Capture_Method=0
Stage 0: PT=0, T_stage=0.523500, bytes=0, T_capped=0
Stage 1: PT=6, T_stage=0.000000, bytes=33176880, T_capped=0
Group 0: Iters=5, Procs=2688, Factors=1.000000, Dist=2, RM=0, SM=0, RS=0, SS=0
Group 1: Iters=10, Procs=1792, Factors=1.000000, Dist=2, RM=0, SM=0, RS=0, SS=4
T_spawn: 16.026781 
T_SR: 0.035149 
T_AR: 0.000000 
T_US: 0.197828 
T_Malleability: 16.416820 
T_total: 32.122657
Config loaded: R=1, S=2, granularity=100000, SDR=10000, ADR=0, Rigid=1, Capture_Method=0
Stage 0: PT=0, T_stage=0.523500, bytes=0, T_capped=0
Stage 1: PT=6, T_stage=0.000000, bytes=33176880, T_capped=0
Group 0: Iters=5, Procs=2688, Factors=1.000000, Dist=2, RM=0, SM=0, RS=0, SS=0
Group 1: Iters=10, Procs=1792, Factors=1.000000, Dist=2, RM=0, SM=0, RS=0, SS=4
T_spawn: 15.309822 
T_SR: 0.064498 
T_AR: 0.000000 
T_US: 0.076951 
T_Malleability: 15.620941 
T_total: 31.821335
Config loaded: R=1, S=2, granularity=100000, SDR=10000, ADR=0, Rigid=1, Capture_Method=0
Stage 0: PT=0, T_stage=0.523500, bytes=0, T_capped=0
Stage 1: PT=6, T_stage=0.000000, bytes=33176880, T_capped=0
Group 0: Iters=5, Procs=2688, Factors=1.000000, Dist=2, RM=0, SM=0, RS=0, SS=0
Group 1: Iters=10, Procs=1792, Factors=1.000000, Dist=2, RM=0, SM=0, RS=0, SS=4
T_spawn: 15.746919 
T_SR: 0.039880 
T_AR: 0.000000 
T_US: 0.099329 
T_Malleability: 16.046733 
T_total: 30.901637
Config loaded: R=1, S=2, granularity=100000, SDR=10000, ADR=0, Rigid=1, Capture_Method=0
Stage 0: PT=0, T_stage=0.523500, bytes=0, T_capped=0
Stage 1: PT=6, T_stage=0.000000, bytes=33176880, T_capped=0
Group 0: Iters=5, Procs=2688, Factors=1.000000, Dist=2, RM=0, SM=0, RS=0, SS=0
Group 1: Iters=10, Procs=1792, Factors=1.000000, Dist=2, RM=0, SM=0, RS=0, SS=4
T_spawn: 16.047524 
T_SR: 0.039031 
T_AR: 0.000000 
T_US: 0.085154 
T_Malleability: 16.323374 
T_total: 31.030438
Config loaded: R=1, S=2, granularity=100000, SDR=10000, ADR=0, Rigid=1, Capture_Method=0
Stage 0: PT=0, T_stage=0.523500, bytes=0, T_capped=0
Stage 1: PT=6, T_stage=0.000000, bytes=33176880, T_capped=0
Group 0: Iters=5, Procs=2688, Factors=1.000000, Dist=2, RM=0, SM=0, RS=0, SS=0
Group 1: Iters=10, Procs=1792, Factors=1.000000, Dist=2, RM=0, SM=0, RS=0, SS=4
T_spawn: 16.742832 
T_SR: 0.043492 
T_AR: 0.000000 
T_US: 0.092986 
T_Malleability: 17.062398 
T_total: 32.220486
Config loaded: R=1, S=2, granularity=100000, SDR=10000, ADR=0, Rigid=1, Capture_Method=0
Stage 0: PT=0, T_stage=0.523500, bytes=0, T_capped=0
Stage 1: PT=6, T_stage=0.000000, bytes=33176880, T_capped=0
Group 0: Iters=5, Procs=2688, Factors=1.000000, Dist=2, RM=0, SM=0, RS=0, SS=0
Group 1: Iters=10, Procs=1792, Factors=1.000000, Dist=2, RM=0, SM=0, RS=0, SS=4
T_spawn: 15.179471 
T_SR: 0.050414 
T_AR: 0.000000 
T_US: 0.069731 
T_Malleability: 15.497704 
T_total: 29.893904
Config loaded: R=1, S=2, granularity=100000, SDR=10000, ADR=0, Rigid=1, Capture_Method=0
Stage 0: PT=0, T_stage=0.523500, bytes=0, T_capped=0
Stage 1: PT=6, T_stage=0.000000, bytes=33176880, T_capped=0
Group 0: Iters=5, Procs=2688, Factors=1.000000, Dist=2, RM=0, SM=0, RS=0, SS=0
Group 1: Iters=10, Procs=1792, Factors=1.000000, Dist=2, RM=0, SM=0, RS=0, SS=4
T_spawn: 15.389374 
T_SR: 0.035216 
T_AR: 0.000000 
T_US: 0.072611 
T_Malleability: 15.682345 
T_total: 30.419024
Config loaded: R=1, S=2, granularity=100000, SDR=10000, ADR=0, Rigid=1, Capture_Method=0
Stage 0: PT=0, T_stage=0.523500, bytes=0, T_capped=0
Stage 1: PT=6, T_stage=0.000000, bytes=33176880, T_capped=0
Group 0: Iters=5, Procs=2688, Factors=1.000000, Dist=2, RM=0, SM=0, RS=0, SS=0
Group 1: Iters=10, Procs=1792, Factors=1.000000, Dist=2, RM=0, SM=0, RS=0, SS=4
T_spawn: 15.746661 
T_SR: 0.043350 
T_AR: 0.000000 
T_US: 0.115786 
T_Malleability: 16.081476 
T_total: 31.468277
Config loaded: R=1, S=2, granularity=100000, SDR=10000, ADR=0, Rigid=1, Capture_Method=0
Stage 0: PT=0, T_stage=0.523500, bytes=0, T_capped=0
Stage 1: PT=6, T_stage=0.000000, bytes=33176880, T_capped=0
Group 0: Iters=5, Procs=2688, Factors=1.000000, Dist=2, RM=0, SM=0, RS=0, SS=0
Group 1: Iters=10, Procs=1792, Factors=1.000000, Dist=2, RM=0, SM=0, RS=0, SS=4
T_spawn: 17.130574 
T_SR: 0.049909 
T_AR: 0.000000 
T_US: 0.080949 
T_Malleability: 17.422563 
T_total: 32.777785
Config loaded: R=1, S=2, granularity=100000, SDR=10000, ADR=0, Rigid=1, Capture_Method=0
Stage 0: PT=0, T_stage=0.523500, bytes=0, T_capped=0
Stage 1: PT=6, T_stage=0.000000, bytes=33176880, T_capped=0
Group 0: Iters=5, Procs=2688, Factors=1.000000, Dist=2, RM=0, SM=0, RS=0, SS=0
Group 1: Iters=10, Procs=1792, Factors=1.000000, Dist=2, RM=0, SM=0, RS=0, SS=4
T_spawn: 15.284188 
T_SR: 0.038353 
T_AR: 0.000000 
T_US: 0.061682 
T_Malleability: 15.517646 
T_total: 31.605540
Config loaded: R=1, S=2, granularity=100000, SDR=10000, ADR=0, Rigid=1, Capture_Method=0
Stage 0: PT=0, T_stage=0.523500, bytes=0, T_capped=0
Stage 1: PT=6, T_stage=0.000000, bytes=33176880, T_capped=0
Group 0: Iters=5, Procs=2688, Factors=1.000000, Dist=2, RM=0, SM=0, RS=0, SS=0
Group 1: Iters=10, Procs=1792, Factors=1.000000, Dist=2, RM=0, SM=0, RS=0, SS=4
T_spawn: 16.221897 
T_SR: 0.032393 
T_AR: 0.000000 
T_US: 0.122190 
T_Malleability: 16.526047 
T_total: 30.687418
Config loaded: R=1, S=2, granularity=100000, SDR=10000, ADR=0, Rigid=1, Capture_Method=0
Stage 0: PT=0, T_stage=0.523500, bytes=0, T_capped=0
Stage 1: PT=6, T_stage=0.000000, bytes=33176880, T_capped=0
Group 0: Iters=5, Procs=2688, Factors=1.000000, Dist=2, RM=0, SM=0, RS=0, SS=0
Group 1: Iters=10, Procs=1792, Factors=1.000000, Dist=2, RM=0, SM=0, RS=0, SS=4
T_spawn: 14.735974 
T_SR: 0.041210 
T_AR: 0.000000 
T_US: 0.078577 
T_Malleability: 15.019898 
T_total: 29.374090
Config loaded: R=1, S=2, granularity=100000, SDR=10000, ADR=0, Rigid=1, Capture_Method=0
Stage 0: PT=0, T_stage=0.523500, bytes=0, T_capped=0
Stage 1: PT=6, T_stage=0.000000, bytes=33176880, T_capped=0
Group 0: Iters=5, Procs=2688, Factors=1.000000, Dist=2, RM=0, SM=0, RS=0, SS=0
Group 1: Iters=10, Procs=1792, Factors=1.000000, Dist=2, RM=0, SM=0, RS=0, SS=4
T_spawn: 15.808520 
T_SR: 0.039012 
T_AR: 0.000000 
T_US: 0.085080 
T_Malleability: 16.105133 
T_total: 30.865115
Config loaded: R=1, S=2, granularity=100000, SDR=10000, ADR=0, Rigid=1, Capture_Method=0
Stage 0: PT=0, T_stage=0.523500, bytes=0, T_capped=0
Stage 1: PT=6, T_stage=0.000000, bytes=33176880, T_capped=0
Group 0: Iters=5, Procs=2688, Factors=1.000000, Dist=2, RM=0, SM=0, RS=0, SS=0
Group 1: Iters=10, Procs=1792, Factors=1.000000, Dist=2, RM=0, SM=0, RS=0, SS=4
T_spawn: 18.947841 
T_SR: 0.039361 
T_AR: 0.000000 
T_US: 0.082661 
T_Malleability: 19.203490 
T_total: 39.265817
Config loaded: R=1, S=2, granularity=100000, SDR=10000, ADR=0, Rigid=1, Capture_Method=0
Stage 0: PT=0, T_stage=0.523500, bytes=0, T_capped=0
Stage 1: PT=6, T_stage=0.000000, bytes=33176880, T_capped=0
Group 0: Iters=5, Procs=2688, Factors=1.000000, Dist=2, RM=0, SM=0, RS=0, SS=0
Group 1: Iters=10, Procs=1792, Factors=1.000000, Dist=2, RM=0, SM=0, RS=0, SS=4
T_spawn: 15.664822 
T_SR: 0.045044 
T_AR: 0.000000 
T_US: 0.086019 
T_Malleability: 15.926638 
T_total: 31.371931
Config loaded: R=1, S=2, granularity=100000, SDR=10000, ADR=0, Rigid=1, Capture_Method=0
Stage 0: PT=0, T_stage=0.523500, bytes=0, T_capped=0
Stage 1: PT=6, T_stage=0.000000, bytes=33176880, T_capped=0
Group 0: Iters=5, Procs=2688, Factors=1.000000, Dist=2, RM=0, SM=0, RS=0, SS=0
Group 1: Iters=10, Procs=1792, Factors=1.000000, Dist=2, RM=0, SM=0, RS=0, SS=4
T_spawn: 15.003402 
T_SR: 0.041910 
T_AR: 0.000000 
T_US: 0.074660 
T_Malleability: 15.277886 
T_total: 31.281004
Config loaded: R=1, S=2, granularity=100000, SDR=10000, ADR=0, Rigid=1, Capture_Method=0
Stage 0: PT=0, T_stage=0.523500, bytes=0, T_capped=0
Stage 1: PT=6, T_stage=0.000000, bytes=33176880, T_capped=0
Group 0: Iters=5, Procs=2688, Factors=1.000000, Dist=2, RM=0, SM=0, RS=0, SS=0
Group 1: Iters=10, Procs=1792, Factors=1.000000, Dist=2, RM=0, SM=0, RS=0, SS=4
T_spawn: 18.065210 
T_SR: 1.005707 
T_AR: 0.000000 
T_US: 0.093023 
T_Malleability: 19.310314 
T_total: 37.057364
Config loaded: R=1, S=2, granularity=100000, SDR=10000, ADR=0, Rigid=1, Capture_Method=0
Stage 0: PT=0, T_stage=0.523500, bytes=0, T_capped=0
Stage 1: PT=6, T_stage=0.000000, bytes=33176880, T_capped=0
Group 0: Iters=5, Procs=2688, Factors=1.000000, Dist=2, RM=0, SM=0, RS=0, SS=0
Group 1: Iters=10, Procs=1792, Factors=1.000000, Dist=2, RM=0, SM=0, RS=0, SS=4
T_spawn: 16.424645 
T_SR: 0.038641 
T_AR: 0.000000 
T_US: 0.071912 
T_Malleability: 16.678438 
T_total: 55.008907
