Config loaded: R=1, S=2, granularity=100000, SDR=10000, ADR=0, Rigid=1, Capture_Method=0
Stage 0: PT=0, T_stage=0.523500, bytes=0, T_capped=0
Stage 1: PT=6, T_stage=0.000000, bytes=33176880, T_capped=0
Group 0: Iters=5, Procs=224, Factors=1.000000, Dist=2, RM=0, SM=0, RS=0, SS=0
Group 1: Iters=10, Procs=2688, Factors=1.000000, Dist=2, RM=0, SM=0, RS=0, SS=4
T_spawn: 13.697133 
T_SR: 0.044247 
T_AR: 0.000000 
T_US: 0.026357 
T_Malleability: 13.830378 
T_total: 38.667469
Config loaded: R=1, S=2, granularity=100000, SDR=10000, ADR=0, Rigid=1, Capture_Method=0
Stage 0: PT=0, T_stage=0.523500, bytes=0, T_capped=0
Stage 1: PT=6, T_stage=0.000000, bytes=33176880, T_capped=0
Group 0: Iters=5, Procs=224, Factors=1.000000, Dist=2, RM=0, SM=0, RS=0, SS=0
Group 1: Iters=10, Procs=2688, Factors=1.000000, Dist=2, RM=0, SM=0, RS=0, SS=4
T_spawn: 14.271823 
T_SR: 0.039371 
T_AR: 0.000000 
T_US: 0.072013 
T_Malleability: 14.497322 
T_total: 29.565717
Config loaded: R=1, S=2, granularity=100000, SDR=10000, ADR=0, Rigid=1, Capture_Method=0
Stage 0: PT=0, T_stage=0.523500, bytes=0, T_capped=0
Stage 1: PT=6, T_stage=0.000000, bytes=33176880, T_capped=0
Group 0: Iters=5, Procs=224, Factors=1.000000, Dist=2, RM=0, SM=0, RS=0, SS=0
Group 1: Iters=10, Procs=2688, Factors=1.000000, Dist=2, RM=0, SM=0, RS=0, SS=4
T_spawn: 13.650713 
T_SR: 0.038297 
T_AR: 0.000000 
T_US: 0.051901 
T_Malleability: 13.870800 
T_total: 29.178727
Config loaded: R=1, S=2, granularity=100000, SDR=10000, ADR=0, Rigid=1, Capture_Method=0
Stage 0: PT=0, T_stage=0.523500, bytes=0, T_capped=0
Stage 1: PT=6, T_stage=0.000000, bytes=33176880, T_capped=0
Group 0: Iters=5, Procs=224, Factors=1.000000, Dist=2, RM=0, SM=0, RS=0, SS=0
Group 1: Iters=10, Procs=2688, Factors=1.000000, Dist=2, RM=0, SM=0, RS=0, SS=4
T_spawn: 14.257727 
T_SR: 0.036558 
T_AR: 0.000000 
T_US: 0.105504 
T_Malleability: 14.490789 
T_total: 29.747832
Config loaded: R=1, S=2, granularity=100000, SDR=10000, ADR=0, Rigid=1, Capture_Method=0
Stage 0: PT=0, T_stage=0.523500, bytes=0, T_capped=0
Stage 1: PT=6, T_stage=0.000000, bytes=33176880, T_capped=0
Group 0: Iters=5, Procs=224, Factors=1.000000, Dist=2, RM=0, SM=0, RS=0, SS=0
Group 1: Iters=10, Procs=2688, Factors=1.000000, Dist=2, RM=0, SM=0, RS=0, SS=4
T_spawn: 13.415084 
T_SR: 0.038261 
T_AR: 0.000000 
T_US: 0.065176 
T_Malleability: 13.724368 
T_total: 28.971930
Config loaded: R=1, S=2, granularity=100000, SDR=10000, ADR=0, Rigid=1, Capture_Method=0
Stage 0: PT=0, T_stage=0.523500, bytes=0, T_capped=0
Stage 1: PT=6, T_stage=0.000000, bytes=33176880, T_capped=0
Group 0: Iters=5, Procs=224, Factors=1.000000, Dist=2, RM=0, SM=0, RS=0, SS=0
Group 1: Iters=10, Procs=2688, Factors=1.000000, Dist=2, RM=0, SM=0, RS=0, SS=4
T_spawn: 13.653842 
T_SR: 0.035412 
T_AR: 0.000000 
T_US: 0.118024 
T_Malleability: 13.938260 
T_total: 29.275451
Config loaded: R=1, S=2, granularity=100000, SDR=10000, ADR=0, Rigid=1, Capture_Method=0
Stage 0: PT=0, T_stage=0.523500, bytes=0, T_capped=0
Stage 1: PT=6, T_stage=0.000000, bytes=33176880, T_capped=0
Group 0: Iters=5, Procs=224, Factors=1.000000, Dist=2, RM=0, SM=0, RS=0, SS=0
Group 1: Iters=10, Procs=2688, Factors=1.000000, Dist=2, RM=0, SM=0, RS=0, SS=4
T_spawn: 13.206097 
T_SR: 0.053561 
T_AR: 0.000000 
T_US: 0.057031 
T_Malleability: 13.405974 
T_total: 28.410769
Config loaded: R=1, S=2, granularity=100000, SDR=10000, ADR=0, Rigid=1, Capture_Method=0
Stage 0: PT=0, T_stage=0.523500, bytes=0, T_capped=0
Stage 1: PT=6, T_stage=0.000000, bytes=33176880, T_capped=0
Group 0: Iters=5, Procs=224, Factors=1.000000, Dist=2, RM=0, SM=0, RS=0, SS=0
Group 1: Iters=10, Procs=2688, Factors=1.000000, Dist=2, RM=0, SM=0, RS=0, SS=4
T_spawn: 13.542385 
T_SR: 0.037935 
T_AR: 0.000000 
T_US: 0.057003 
T_Malleability: 13.734519 
T_total: 28.862209
Config loaded: R=1, S=2, granularity=100000, SDR=10000, ADR=0, Rigid=1, Capture_Method=0
Stage 0: PT=0, T_stage=0.523500, bytes=0, T_capped=0
Stage 1: PT=6, T_stage=0.000000, bytes=33176880, T_capped=0
Group 0: Iters=5, Procs=224, Factors=1.000000, Dist=2, RM=0, SM=0, RS=0, SS=0
Group 1: Iters=10, Procs=2688, Factors=1.000000, Dist=2, RM=0, SM=0, RS=0, SS=4
T_spawn: 14.031829 
T_SR: 0.032930 
T_AR: 0.000000 
T_US: 0.067029 
T_Malleability: 14.232980 
T_total: 29.538560
Config loaded: R=1, S=2, granularity=100000, SDR=10000, ADR=0, Rigid=1, Capture_Method=0
Stage 0: PT=0, T_stage=0.523500, bytes=0, T_capped=0
Stage 1: PT=6, T_stage=0.000000, bytes=33176880, T_capped=0
Group 0: Iters=5, Procs=224, Factors=1.000000, Dist=2, RM=0, SM=0, RS=0, SS=0
Group 1: Iters=10, Procs=2688, Factors=1.000000, Dist=2, RM=0, SM=0, RS=0, SS=4
T_spawn: 14.281573 
T_SR: 0.043829 
T_AR: 0.000000 
T_US: 0.024215 
T_Malleability: 14.427706 
T_total: 29.977291
Config loaded: R=1, S=2, granularity=100000, SDR=10000, ADR=0, Rigid=1, Capture_Method=0
Stage 0: PT=0, T_stage=0.523500, bytes=0, T_capped=0
Stage 1: PT=6, T_stage=0.000000, bytes=33176880, T_capped=0
Group 0: Iters=5, Procs=224, Factors=1.000000, Dist=2, RM=0, SM=0, RS=0, SS=0
Group 1: Iters=10, Procs=2688, Factors=1.000000, Dist=2, RM=0, SM=0, RS=0, SS=4
T_spawn: 13.598947 
T_SR: 0.057501 
T_AR: 0.000000 
T_US: 0.056302 
T_Malleability: 13.778183 
T_total: 29.932450
Config loaded: R=1, S=2, granularity=100000, SDR=10000, ADR=0, Rigid=1, Capture_Method=0
Stage 0: PT=0, T_stage=0.523500, bytes=0, T_capped=0
Stage 1: PT=6, T_stage=0.000000, bytes=33176880, T_capped=0
Group 0: Iters=5, Procs=224, Factors=1.000000, Dist=2, RM=0, SM=0, RS=0, SS=0
Group 1: Iters=10, Procs=2688, Factors=1.000000, Dist=2, RM=0, SM=0, RS=0, SS=4
T_spawn: 13.094270 
T_SR: 0.039021 
T_AR: 0.000000 
T_US: 0.054956 
T_Malleability: 13.294342 
T_total: 28.277235
Config loaded: R=1, S=2, granularity=100000, SDR=10000, ADR=0, Rigid=1, Capture_Method=0
Stage 0: PT=0, T_stage=0.523500, bytes=0, T_capped=0
Stage 1: PT=6, T_stage=0.000000, bytes=33176880, T_capped=0
Group 0: Iters=5, Procs=224, Factors=1.000000, Dist=2, RM=0, SM=0, RS=0, SS=0
Group 1: Iters=10, Procs=2688, Factors=1.000000, Dist=2, RM=0, SM=0, RS=0, SS=4
T_spawn: 14.029833 
T_SR: 0.050959 
T_AR: 0.000000 
T_US: 0.068995 
T_Malleability: 14.288292 
T_total: 29.862464
Config loaded: R=1, S=2, granularity=100000, SDR=10000, ADR=0, Rigid=1, Capture_Method=0
Stage 0: PT=0, T_stage=0.523500, bytes=0, T_capped=0
Stage 1: PT=6, T_stage=0.000000, bytes=33176880, T_capped=0
Group 0: Iters=5, Procs=224, Factors=1.000000, Dist=2, RM=0, SM=0, RS=0, SS=0
Group 1: Iters=10, Procs=2688, Factors=1.000000, Dist=2, RM=0, SM=0, RS=0, SS=4
T_spawn: 14.131717 
T_SR: 0.041291 
T_AR: 0.000000 
T_US: 0.081958 
T_Malleability: 14.368505 
T_total: 29.181752
Config loaded: R=1, S=2, granularity=100000, SDR=10000, ADR=0, Rigid=1, Capture_Method=0
Stage 0: PT=0, T_stage=0.523500, bytes=0, T_capped=0
Stage 1: PT=6, T_stage=0.000000, bytes=33176880, T_capped=0
Group 0: Iters=5, Procs=224, Factors=1.000000, Dist=2, RM=0, SM=0, RS=0, SS=0
Group 1: Iters=10, Procs=2688, Factors=1.000000, Dist=2, RM=0, SM=0, RS=0, SS=4
T_spawn: 13.864229 
T_SR: 0.041224 
T_AR: 0.000000 
T_US: 0.138017 
T_Malleability: 14.098657 
T_total: 29.470658
Config loaded: R=1, S=2, granularity=100000, SDR=10000, ADR=0, Rigid=1, Capture_Method=0
Stage 0: PT=0, T_stage=0.523500, bytes=0, T_capped=0
Stage 1: PT=6, T_stage=0.000000, bytes=33176880, T_capped=0
Group 0: Iters=5, Procs=224, Factors=1.000000, Dist=2, RM=0, SM=0, RS=0, SS=0
Group 1: Iters=10, Procs=2688, Factors=1.000000, Dist=2, RM=0, SM=0, RS=0, SS=4
T_spawn: 13.839592 
T_SR: 0.052877 
T_AR: 0.000000 
T_US: 0.048807 
T_Malleability: 14.021228 
T_total: 30.082322
Config loaded: R=1, S=2, granularity=100000, SDR=10000, ADR=0, Rigid=1, Capture_Method=0
Stage 0: PT=0, T_stage=0.523500, bytes=0, T_capped=0
Stage 1: PT=6, T_stage=0.000000, bytes=33176880, T_capped=0
Group 0: Iters=5, Procs=224, Factors=1.000000, Dist=2, RM=0, SM=0, RS=0, SS=0
Group 1: Iters=10, Procs=2688, Factors=1.000000, Dist=2, RM=0, SM=0, RS=0, SS=4
T_spawn: 13.276975 
T_SR: 0.028965 
T_AR: 0.000000 
T_US: 0.143009 
T_Malleability: 13.580205 
T_total: 29.345689
Config loaded: R=1, S=2, granularity=100000, SDR=10000, ADR=0, Rigid=1, Capture_Method=0
Stage 0: PT=0, T_stage=0.523500, bytes=0, T_capped=0
Stage 1: PT=6, T_stage=0.000000, bytes=33176880, T_capped=0
Group 0: Iters=5, Procs=224, Factors=1.000000, Dist=2, RM=0, SM=0, RS=0, SS=0
Group 1: Iters=10, Procs=2688, Factors=1.000000, Dist=2, RM=0, SM=0, RS=0, SS=4
T_spawn: 13.984933 
T_SR: 0.053230 
T_AR: 0.000000 
T_US: 0.095069 
T_Malleability: 14.313476 
T_total: 29.005993
Config loaded: R=1, S=2, granularity=100000, SDR=10000, ADR=0, Rigid=1, Capture_Method=0
Stage 0: PT=0, T_stage=0.523500, bytes=0, T_capped=0
Stage 1: PT=6, T_stage=0.000000, bytes=33176880, T_capped=0
Group 0: Iters=5, Procs=224, Factors=1.000000, Dist=2, RM=0, SM=0, RS=0, SS=0
Group 1: Iters=10, Procs=2688, Factors=1.000000, Dist=2, RM=0, SM=0, RS=0, SS=4
T_spawn: 13.539832 
T_SR: 0.051593 
T_AR: 0.000000 
T_US: 0.048362 
T_Malleability: 13.710199 
T_total: 28.750580
Config loaded: R=1, S=2, granularity=100000, SDR=10000, ADR=0, Rigid=1, Capture_Method=0
Stage 0: PT=0, T_stage=0.523500, bytes=0, T_capped=0
Stage 1: PT=6, T_stage=0.000000, bytes=33176880, T_capped=0
Group 0: Iters=5, Procs=224, Factors=1.000000, Dist=2, RM=0, SM=0, RS=0, SS=0
Group 1: Iters=10, Procs=2688, Factors=1.000000, Dist=2, RM=0, SM=0, RS=0, SS=4
T_spawn: 12.066526 
T_SR: 0.036666 
T_AR: 0.000000 
T_US: 0.030693 
T_Malleability: 12.262468 
T_total: 27.645316
