Config: granularity=100000, SDR=10000, ADR=0, Rigid=1, Capture_Method=0
Stage 0: PT=0, T_stage=0.523500, bytes=0, T_capped=0
Stage 1: PT=6, T_stage=0.000000, bytes=33176880, T_capped=0
Group 1: Iters=10, Procs=2688, Factors=1.000000, Dist=2, RM=0, SM=0, RS=0, SS=4, parents=3584, children=0
Async_Iters: 0
T_iter: 1.155797 1.183488 1.022678 1.004909 1.096864 1.002020 0.984423 1.055604 0.980185 1.146461 
T_stage 0: 0.773003 0.784332 0.784573 0.773589 0.784909 0.767521 0.760658 0.755064 0.761226 0.892267 
T_stage 1: 0.375691 0.399834 0.236628 0.232590 0.313807 0.235976 0.226535 0.301749 0.217926 0.249704 
Config: granularity=100000, SDR=10000, ADR=0, Rigid=1, Capture_Method=0
Stage 0: PT=0, T_stage=0.523500, bytes=0, T_capped=0
Stage 1: PT=6, T_stage=0.000000, bytes=33176880, T_capped=0
Group 1: Iters=10, Procs=2688, Factors=1.000000, Dist=2, RM=0, SM=0, RS=0, SS=4, parents=3584, children=0
Async_Iters: 0
T_iter: 1.068349 1.062509 1.046329 1.081582 1.016983 0.992361 1.033226 1.020581 1.006220 1.023755 
T_stage 0: 0.760340 0.776011 0.768261 0.772683 0.769475 0.764425 0.759191 0.767963 0.760008 0.760405 
T_stage 1: 0.301800 0.284842 0.276775 0.305031 0.246020 0.229911 0.270534 0.251206 0.242161 0.266291 
Config: granularity=100000, SDR=10000, ADR=0, Rigid=1, Capture_Method=0
Stage 0: PT=0, T_stage=0.523500, bytes=0, T_capped=0
Stage 1: PT=6, T_stage=0.000000, bytes=33176880, T_capped=0
Group 1: Iters=10, Procs=2688, Factors=1.000000, Dist=2, RM=0, SM=0, RS=0, SS=4, parents=3584, children=0
Async_Iters: 0
T_iter: 1.194746 1.054048 1.143418 1.081256 1.134260 1.138777 1.058700 1.111277 1.071555 1.079172 
T_stage 0: 0.825772 0.830177 0.833188 0.832720 0.809716 0.815614 0.806225 0.813465 0.815471 0.802867 
T_stage 1: 0.363347 0.224408 0.313723 0.247441 0.326558 0.325941 0.249284 0.305978 0.256373 0.278120 
Config: granularity=100000, SDR=10000, ADR=0, Rigid=1, Capture_Method=0
Stage 0: PT=0, T_stage=0.523500, bytes=0, T_capped=0
Stage 1: PT=6, T_stage=0.000000, bytes=33176880, T_capped=0
Group 1: Iters=10, Procs=2688, Factors=1.000000, Dist=2, RM=0, SM=0, RS=0, SS=4, parents=3584, children=0
Async_Iters: 0
T_iter: 1.059991 1.129507 1.095915 1.034886 1.053616 1.097236 1.058909 1.022190 1.052969 1.007047 
T_stage 0: 0.782531 0.813412 0.802670 0.796062 0.780948 0.784240 0.771551 0.775077 0.777466 0.781602 
T_stage 1: 0.268597 0.318737 0.288952 0.238973 0.270510 0.315882 0.288052 0.247817 0.277937 0.229235 
Config: granularity=100000, SDR=10000, ADR=0, Rigid=1, Capture_Method=0
Stage 0: PT=0, T_stage=0.523500, bytes=0, T_capped=0
Stage 1: PT=6, T_stage=0.000000, bytes=33176880, T_capped=0
Group 1: Iters=10, Procs=2688, Factors=1.000000, Dist=2, RM=0, SM=0, RS=0, SS=4, parents=3584, children=0
Async_Iters: 0
T_iter: 1.144582 1.116020 1.086134 1.071572 1.139689 1.129175 1.060706 1.089024 1.018329 1.090566 
T_stage 0: 0.780839 0.790091 0.782519 0.777836 0.774208 0.776891 0.774868 0.773134 0.737268 0.766784 
T_stage 1: 0.358665 0.326874 0.304485 0.297905 0.368149 0.350580 0.285559 0.311520 0.281356 0.318668 
Config: granularity=100000, SDR=10000, ADR=0, Rigid=1, Capture_Method=0
Stage 0: PT=0, T_stage=0.523500, bytes=0, T_capped=0
Stage 1: PT=6, T_stage=0.000000, bytes=33176880, T_capped=0
Group 1: Iters=10, Procs=2688, Factors=1.000000, Dist=2, RM=0, SM=0, RS=0, SS=4, parents=3584, children=0
Async_Iters: 0
T_iter: 1.130436 1.125780 1.057084 0.996461 1.024195 1.139103 1.040567 1.047127 1.129556 0.970305 
T_stage 0: 0.777306 0.786049 0.752967 0.774213 0.775255 0.761451 0.758422 0.762425 0.766095 0.762320 
T_stage 1: 0.346700 0.341544 0.298698 0.217733 0.252025 0.372844 0.277963 0.282810 0.367126 0.213146 
Config: granularity=100000, SDR=10000, ADR=0, Rigid=1, Capture_Method=0
Stage 0: PT=0, T_stage=0.523500, bytes=0, T_capped=0
Stage 1: PT=6, T_stage=0.000000, bytes=33176880, T_capped=0
Group 1: Iters=10, Procs=2688, Factors=1.000000, Dist=2, RM=0, SM=0, RS=0, SS=4, parents=3584, children=0
Async_Iters: 0
T_iter: 1.166932 1.076481 1.062144 1.013794 1.023126 0.987801 1.121976 1.005531 1.026951 0.949042 
T_stage 0: 0.773615 0.777020 0.782271 0.760011 0.775136 0.756502 0.756027 0.771661 0.750606 0.738266 
T_stage 1: 0.382140 0.307353 0.289836 0.256584 0.257164 0.227486 0.362347 0.233660 0.274162 0.208524 
Config: granularity=100000, SDR=10000, ADR=0, Rigid=1, Capture_Method=0
Stage 0: PT=0, T_stage=0.523500, bytes=0, T_capped=0
Stage 1: PT=6, T_stage=0.000000, bytes=33176880, T_capped=0
Group 1: Iters=10, Procs=2688, Factors=1.000000, Dist=2, RM=0, SM=0, RS=0, SS=4, parents=3584, children=0
Async_Iters: 0
T_iter: 1.222843 1.204693 1.088291 1.162297 1.100534 1.088971 1.227644 1.185160 1.079483 1.054300 
T_stage 0: 0.838623 0.846757 0.840548 0.840348 0.837826 0.837173 0.842946 0.832317 0.830420 0.827729 
T_stage 1: 0.380662 0.355414 0.245136 0.324883 0.261729 0.253111 0.389216 0.354461 0.248754 0.231792 
Config: granularity=100000, SDR=10000, ADR=0, Rigid=1, Capture_Method=0
Stage 0: PT=0, T_stage=0.523500, bytes=0, T_capped=0
Stage 1: PT=6, T_stage=0.000000, bytes=33176880, T_capped=0
Group 1: Iters=10, Procs=2688, Factors=1.000000, Dist=2, RM=0, SM=0, RS=0, SS=4, parents=3584, children=0
Async_Iters: 0
T_iter: 1.181989 1.072671 1.103339 1.133973 1.112817 1.035077 1.068038 1.120512 1.079323 1.155143 
T_stage 0: 0.831666 0.835393 0.826310 0.810953 0.829928 0.802828 0.816227 0.807217 0.808624 0.792728 
T_stage 1: 0.342385 0.236522 0.276443 0.324104 0.288197 0.229706 0.245789 0.323916 0.273262 0.359858 
Config: granularity=100000, SDR=10000, ADR=0, Rigid=1, Capture_Method=0
Stage 0: PT=0, T_stage=0.523500, bytes=0, T_capped=0
Stage 1: PT=6, T_stage=0.000000, bytes=33176880, T_capped=0
Group 1: Iters=10, Procs=2688, Factors=1.000000, Dist=2, RM=0, SM=0, RS=0, SS=4, parents=3584, children=0
Async_Iters: 0
T_iter: 1.153318 1.124740 1.071565 1.098763 1.032649 1.145752 1.038911 1.051238 1.062681 0.969521 
T_stage 0: 0.770366 0.774230 0.770467 0.776703 0.764374 0.771215 0.766762 0.761665 0.745943 0.738386 
T_stage 1: 0.378277 0.348293 0.300137 0.327806 0.268536 0.373761 0.269438 0.293936 0.316737 0.230210 
Config: granularity=100000, SDR=10000, ADR=0, Rigid=1, Capture_Method=0
Stage 0: PT=0, T_stage=0.523500, bytes=0, T_capped=0
Stage 1: PT=6, T_stage=0.000000, bytes=33176880, T_capped=0
Group 1: Iters=10, Procs=2688, Factors=1.000000, Dist=2, RM=0, SM=0, RS=0, SS=4, parents=3584, children=0
Async_Iters: 0
T_iter: 1.087127 1.035699 0.987106 1.091409 1.120568 1.034309 1.052161 0.999031 0.991409 0.983023 
T_stage 0: 0.767277 0.774944 0.772343 0.771336 0.769745 0.765655 0.755929 0.761420 0.754197 0.738007 
T_stage 1: 0.314810 0.261582 0.213539 0.323057 0.350434 0.267125 0.299183 0.239075 0.239008 0.244025 
Config: granularity=100000, SDR=10000, ADR=0, Rigid=1, Capture_Method=0
Stage 0: PT=0, T_stage=0.523500, bytes=0, T_capped=0
Stage 1: PT=6, T_stage=0.000000, bytes=33176880, T_capped=0
Group 1: Iters=10, Procs=2688, Factors=1.000000, Dist=2, RM=0, SM=0, RS=0, SS=4, parents=3584, children=0
Async_Iters: 0
T_iter: 1.058819 1.073264 1.078113 1.099492 1.028739 1.124219 1.054068 1.035856 1.036310 1.032360 
T_stage 0: 0.767147 0.779444 0.775302 0.780064 0.773106 0.775618 0.771589 0.762156 0.748843 0.747865 
T_stage 1: 0.284447 0.289767 0.304267 0.322590 0.254285 0.342870 0.277559 0.276621 0.287124 0.285923 
Config: granularity=100000, SDR=10000, ADR=0, Rigid=1, Capture_Method=0
Stage 0: PT=0, T_stage=0.523500, bytes=0, T_capped=0
Stage 1: PT=6, T_stage=0.000000, bytes=33176880, T_capped=0
Group 1: Iters=10, Procs=2688, Factors=1.000000, Dist=2, RM=0, SM=0, RS=0, SS=4, parents=3584, children=0
Async_Iters: 0
T_iter: 1.121763 1.142249 1.146737 1.086711 1.157701 1.110278 1.090623 1.066753 1.145189 1.073444 
T_stage 0: 0.853761 0.858943 0.849130 0.853098 0.847085 0.853908 0.848801 0.831579 0.848964 0.833453 
T_stage 1: 0.263607 0.284610 0.294672 0.229195 0.308504 0.264757 0.235736 0.235383 0.299654 0.240016 
Config: granularity=100000, SDR=10000, ADR=0, Rigid=1, Capture_Method=0
Stage 0: PT=0, T_stage=0.523500, bytes=0, T_capped=0
Stage 1: PT=6, T_stage=0.000000, bytes=33176880, T_capped=0
Group 1: Iters=10, Procs=2688, Factors=1.000000, Dist=2, RM=0, SM=0, RS=0, SS=4, parents=3584, children=0
Async_Iters: 0
T_iter: 1.096241 1.061654 1.019925 1.040781 1.046273 1.077679 1.023827 1.033892 1.094942 0.996233 
T_stage 0: 0.743366 0.763981 0.751454 0.747675 0.763580 0.747888 0.749235 0.740844 0.745585 0.746854 
T_stage 1: 0.350595 0.298180 0.267894 0.291840 0.284629 0.329768 0.276192 0.285237 0.350071 0.253134 
Config: granularity=100000, SDR=10000, ADR=0, Rigid=1, Capture_Method=0
Stage 0: PT=0, T_stage=0.523500, bytes=0, T_capped=0
Stage 1: PT=6, T_stage=0.000000, bytes=33176880, T_capped=0
Group 1: Iters=10, Procs=2688, Factors=1.000000, Dist=2, RM=0, SM=0, RS=0, SS=4, parents=3584, children=0
Async_Iters: 0
T_iter: 1.135751 1.006863 1.093333 1.002112 1.024545 0.974663 0.971532 0.964582 0.976377 0.973224 
T_stage 0: 0.763790 0.773041 0.778822 0.769458 0.765438 0.772012 0.769020 0.737043 0.727718 0.753204 
T_stage 1: 0.367800 0.232475 0.316296 0.233743 0.256006 0.203744 0.210532 0.230200 0.245707 0.224500 
Config: granularity=100000, SDR=10000, ADR=0, Rigid=1, Capture_Method=0
Stage 0: PT=0, T_stage=0.523500, bytes=0, T_capped=0
Stage 1: PT=6, T_stage=0.000000, bytes=33176880, T_capped=0
Group 1: Iters=10, Procs=2688, Factors=1.000000, Dist=2, RM=0, SM=0, RS=0, SS=4, parents=3584, children=0
Async_Iters: 0
T_iter: 1.168004 1.089713 1.063512 1.041735 1.083835 1.029615 1.059001 1.026098 1.069853 1.065355 
T_stage 0: 0.809005 0.813582 0.815734 0.804482 0.814915 0.792835 0.795462 0.783818 0.806631 0.797229 
T_stage 1: 0.353522 0.273996 0.250660 0.239350 0.269544 0.236929 0.262642 0.244903 0.265992 0.271968 
Config: granularity=100000, SDR=10000, ADR=0, Rigid=1, Capture_Method=0
Stage 0: PT=0, T_stage=0.523500, bytes=0, T_capped=0
Stage 1: PT=6, T_stage=0.000000, bytes=33176880, T_capped=0
Group 1: Iters=10, Procs=2688, Factors=1.000000, Dist=2, RM=0, SM=0, RS=0, SS=4, parents=3584, children=0
Async_Iters: 0
T_iter: 2.939767 2.902270 2.887282 2.759020 2.855767 2.739353 2.729424 2.764954 2.674754 2.729725 
T_stage 0: 2.581718 2.588518 2.571125 2.536296 2.520946 2.528338 2.506119 2.497966 2.478873 2.478941 
T_stage 1: 0.353352 0.308119 0.318195 0.224596 0.332660 0.211762 0.224435 0.266302 0.196745 0.254914 
Config: granularity=100000, SDR=10000, ADR=0, Rigid=1, Capture_Method=0
Stage 0: PT=0, T_stage=0.523500, bytes=0, T_capped=0
Stage 1: PT=6, T_stage=0.000000, bytes=33176880, T_capped=0
Group 1: Iters=10, Procs=2688, Factors=1.000000, Dist=2, RM=0, SM=0, RS=0, SS=4, parents=3584, children=0
Async_Iters: 0
T_iter: 1.169116 1.249174 1.086341 1.036900 1.074606 1.098138 1.086552 1.170296 1.026836 1.117247 
T_stage 0: 0.843097 0.849785 0.847884 0.834731 0.818161 0.829236 0.837054 0.838401 0.822354 0.825844 
T_stage 1: 0.320922 0.400375 0.238299 0.205503 0.249493 0.268084 0.249425 0.333840 0.214724 0.289878 
Config: granularity=100000, SDR=10000, ADR=0, Rigid=1, Capture_Method=0
Stage 0: PT=0, T_stage=0.523500, bytes=0, T_capped=0
Stage 1: PT=6, T_stage=0.000000, bytes=33176880, T_capped=0
Group 1: Iters=10, Procs=2688, Factors=1.000000, Dist=2, RM=0, SM=0, RS=0, SS=4, parents=3584, children=0
Async_Iters: 0
T_iter: 1.194753 1.174206 1.120379 1.171232 1.097527 1.227175 1.073431 1.168135 1.084723 1.057795 
T_stage 0: 0.886652 0.866674 0.879410 0.855558 0.856483 0.870393 0.854195 0.883847 0.861851 0.862609 
T_stage 1: 0.301424 0.307826 0.240251 0.313650 0.235751 0.358805 0.222708 0.300573 0.220961 0.191101 
Config: granularity=100000, SDR=10000, ADR=0, Rigid=1, Capture_Method=0
Stage 0: PT=0, T_stage=0.523500, bytes=0, T_capped=0
Stage 1: PT=6, T_stage=0.000000, bytes=33176880, T_capped=0
Group 1: Iters=10, Procs=2688, Factors=1.000000, Dist=2, RM=0, SM=0, RS=0, SS=4, parents=3584, children=0
Async_Iters: 0
T_iter: 2.830625 2.786303 2.316010 1.144539 1.025724 1.020321 1.017111 1.132315 0.998227 1.009630 
T_stage 0: 2.486817 2.421310 1.997529 0.807811 0.801530 0.781143 0.773263 0.787276 0.789927 0.791673 
T_stage 1: 0.337244 0.362036 0.317191 0.331051 0.227954 0.237698 0.239939 0.343399 0.212676 0.217020 
