Config loaded: R=1, S=2, granularity=100000, SDR=10000, ADR=0, Rigid=1, Capture_Method=0
Stage 0: PT=0, T_stage=0.523500, bytes=0, T_capped=0
Stage 1: PT=6, T_stage=0.000000, bytes=33176880, T_capped=0
Group 0: Iters=5, Procs=3584, Factors=1.000000, Dist=2, RM=0, SM=0, RS=0, SS=0
Group 1: Iters=10, Procs=2688, Factors=1.000000, Dist=2, RM=0, SM=0, RS=0, SS=4
T_spawn: 20.372922 
T_SR: 0.039783 
T_AR: 0.000000 
T_US: 0.070112 
T_Malleability: 20.667713 
T_total: 37.338528
Config loaded: R=1, S=2, granularity=100000, SDR=10000, ADR=0, Rigid=1, Capture_Method=0
Stage 0: PT=0, T_stage=0.523500, bytes=0, T_capped=0
Stage 1: PT=6, T_stage=0.000000, bytes=33176880, T_capped=0
Group 0: Iters=5, Procs=3584, Factors=1.000000, Dist=2, RM=0, SM=0, RS=0, SS=0
Group 1: Iters=10, Procs=2688, Factors=1.000000, Dist=2, RM=0, SM=0, RS=0, SS=4
T_spawn: 21.646178 
T_SR: 0.039415 
T_AR: 0.000000 
T_US: 0.075533 
T_Malleability: 21.928053 
T_total: 38.350275
Config loaded: R=1, S=2, granularity=100000, SDR=10000, ADR=0, Rigid=1, Capture_Method=0
Stage 0: PT=0, T_stage=0.523500, bytes=0, T_capped=0
Stage 1: PT=6, T_stage=0.000000, bytes=33176880, T_capped=0
Group 0: Iters=5, Procs=3584, Factors=1.000000, Dist=2, RM=0, SM=0, RS=0, SS=0
Group 1: Iters=10, Procs=2688, Factors=1.000000, Dist=2, RM=0, SM=0, RS=0, SS=4
T_spawn: 22.378789 
T_SR: 0.033799 
T_AR: 0.000000 
T_US: 0.088038 
T_Malleability: 22.674788 
T_total: 40.247932
Config loaded: R=1, S=2, granularity=100000, SDR=10000, ADR=0, Rigid=1, Capture_Method=0
Stage 0: PT=0, T_stage=0.523500, bytes=0, T_capped=0
Stage 1: PT=6, T_stage=0.000000, bytes=33176880, T_capped=0
Group 0: Iters=5, Procs=3584, Factors=1.000000, Dist=2, RM=0, SM=0, RS=0, SS=0
Group 1: Iters=10, Procs=2688, Factors=1.000000, Dist=2, RM=0, SM=0, RS=0, SS=4
T_spawn: 18.629709 
T_SR: 0.037071 
T_AR: 0.000000 
T_US: 0.153863 
T_Malleability: 18.955487 
T_total: 36.008916
Config loaded: R=1, S=2, granularity=100000, SDR=10000, ADR=0, Rigid=1, Capture_Method=0
Stage 0: PT=0, T_stage=0.523500, bytes=0, T_capped=0
Stage 1: PT=6, T_stage=0.000000, bytes=33176880, T_capped=0
Group 0: Iters=5, Procs=3584, Factors=1.000000, Dist=2, RM=0, SM=0, RS=0, SS=0
Group 1: Iters=10, Procs=2688, Factors=1.000000, Dist=2, RM=0, SM=0, RS=0, SS=4
T_spawn: 19.303625 
T_SR: 0.039176 
T_AR: 0.000000 
T_US: 0.107222 
T_Malleability: 19.645404 
T_total: 37.025424
Config loaded: R=1, S=2, granularity=100000, SDR=10000, ADR=0, Rigid=1, Capture_Method=0
Stage 0: PT=0, T_stage=0.523500, bytes=0, T_capped=0
Stage 1: PT=6, T_stage=0.000000, bytes=33176880, T_capped=0
Group 0: Iters=5, Procs=3584, Factors=1.000000, Dist=2, RM=0, SM=0, RS=0, SS=0
Group 1: Iters=10, Procs=2688, Factors=1.000000, Dist=2, RM=0, SM=0, RS=0, SS=4
T_spawn: 19.975965 
T_SR: 0.035106 
T_AR: 0.000000 
T_US: 0.086207 
T_Malleability: 20.269006 
T_total: 37.021792
Config loaded: R=1, S=2, granularity=100000, SDR=10000, ADR=0, Rigid=1, Capture_Method=0
Stage 0: PT=0, T_stage=0.523500, bytes=0, T_capped=0
Stage 1: PT=6, T_stage=0.000000, bytes=33176880, T_capped=0
Group 0: Iters=5, Procs=3584, Factors=1.000000, Dist=2, RM=0, SM=0, RS=0, SS=0
Group 1: Iters=10, Procs=2688, Factors=1.000000, Dist=2, RM=0, SM=0, RS=0, SS=4
T_spawn: 18.992158 
T_SR: 0.038581 
T_AR: 0.000000 
T_US: 0.110140 
T_Malleability: 19.273580 
T_total: 36.089037
Config loaded: R=1, S=2, granularity=100000, SDR=10000, ADR=0, Rigid=1, Capture_Method=0
Stage 0: PT=0, T_stage=0.523500, bytes=0, T_capped=0
Stage 1: PT=6, T_stage=0.000000, bytes=33176880, T_capped=0
Group 0: Iters=5, Procs=3584, Factors=1.000000, Dist=2, RM=0, SM=0, RS=0, SS=0
Group 1: Iters=10, Procs=2688, Factors=1.000000, Dist=2, RM=0, SM=0, RS=0, SS=4
T_spawn: 19.222469 
T_SR: 0.039692 
T_AR: 0.000000 
T_US: 0.075793 
T_Malleability: 19.489303 
T_total: 37.877363
Config loaded: R=1, S=2, granularity=100000, SDR=10000, ADR=0, Rigid=1, Capture_Method=0
Stage 0: PT=0, T_stage=0.523500, bytes=0, T_capped=0
Stage 1: PT=6, T_stage=0.000000, bytes=33176880, T_capped=0
Group 0: Iters=5, Procs=3584, Factors=1.000000, Dist=2, RM=0, SM=0, RS=0, SS=0
Group 1: Iters=10, Procs=2688, Factors=1.000000, Dist=2, RM=0, SM=0, RS=0, SS=4
T_spawn: 19.202194 
T_SR: 0.042578 
T_AR: 0.000000 
T_US: 0.082289 
T_Malleability: 19.463427 
T_total: 37.037098
Config loaded: R=1, S=2, granularity=100000, SDR=10000, ADR=0, Rigid=1, Capture_Method=0
Stage 0: PT=0, T_stage=0.523500, bytes=0, T_capped=0
Stage 1: PT=6, T_stage=0.000000, bytes=33176880, T_capped=0
Group 0: Iters=5, Procs=3584, Factors=1.000000, Dist=2, RM=0, SM=0, RS=0, SS=0
Group 1: Iters=10, Procs=2688, Factors=1.000000, Dist=2, RM=0, SM=0, RS=0, SS=4
T_spawn: 20.402374 
T_SR: 0.046275 
T_AR: 0.000000 
T_US: 0.102349 
T_Malleability: 20.730326 
T_total: 37.760004
Config loaded: R=1, S=2, granularity=100000, SDR=10000, ADR=0, Rigid=1, Capture_Method=0
Stage 0: PT=0, T_stage=0.523500, bytes=0, T_capped=0
Stage 1: PT=6, T_stage=0.000000, bytes=33176880, T_capped=0
Group 0: Iters=5, Procs=3584, Factors=1.000000, Dist=2, RM=0, SM=0, RS=0, SS=0
Group 1: Iters=10, Procs=2688, Factors=1.000000, Dist=2, RM=0, SM=0, RS=0, SS=4
T_spawn: 19.972525 
T_SR: 0.047067 
T_AR: 0.000000 
T_US: 0.123952 
T_Malleability: 20.351509 
T_total: 36.765072
Config loaded: R=1, S=2, granularity=100000, SDR=10000, ADR=0, Rigid=1, Capture_Method=0
Stage 0: PT=0, T_stage=0.523500, bytes=0, T_capped=0
Stage 1: PT=6, T_stage=0.000000, bytes=33176880, T_capped=0
Group 0: Iters=5, Procs=3584, Factors=1.000000, Dist=2, RM=0, SM=0, RS=0, SS=0
Group 1: Iters=10, Procs=2688, Factors=1.000000, Dist=2, RM=0, SM=0, RS=0, SS=4
T_spawn: 19.339129 
T_SR: 0.040714 
T_AR: 0.000000 
T_US: 0.151621 
T_Malleability: 19.710617 
T_total: 36.436509
Config loaded: R=1, S=2, granularity=100000, SDR=10000, ADR=0, Rigid=1, Capture_Method=0
Stage 0: PT=0, T_stage=0.523500, bytes=0, T_capped=0
Stage 1: PT=6, T_stage=0.000000, bytes=33176880, T_capped=0
Group 0: Iters=5, Procs=3584, Factors=1.000000, Dist=2, RM=0, SM=0, RS=0, SS=0
Group 1: Iters=10, Procs=2688, Factors=1.000000, Dist=2, RM=0, SM=0, RS=0, SS=4
T_spawn: 18.803646 
T_SR: 0.042041 
T_AR: 0.000000 
T_US: 0.073761 
T_Malleability: 19.064002 
T_total: 37.326375
Config loaded: R=1, S=2, granularity=100000, SDR=10000, ADR=0, Rigid=1, Capture_Method=0
Stage 0: PT=0, T_stage=0.523500, bytes=0, T_capped=0
Stage 1: PT=6, T_stage=0.000000, bytes=33176880, T_capped=0
Group 0: Iters=5, Procs=3584, Factors=1.000000, Dist=2, RM=0, SM=0, RS=0, SS=0
Group 1: Iters=10, Procs=2688, Factors=1.000000, Dist=2, RM=0, SM=0, RS=0, SS=4
T_spawn: 19.629437 
T_SR: 0.040301 
T_AR: 0.000000 
T_US: 0.105728 
T_Malleability: 19.902834 
T_total: 36.359190
Config loaded: R=1, S=2, granularity=100000, SDR=10000, ADR=0, Rigid=1, Capture_Method=0
Stage 0: PT=0, T_stage=0.523500, bytes=0, T_capped=0
Stage 1: PT=6, T_stage=0.000000, bytes=33176880, T_capped=0
Group 0: Iters=5, Procs=3584, Factors=1.000000, Dist=2, RM=0, SM=0, RS=0, SS=0
Group 1: Iters=10, Procs=2688, Factors=1.000000, Dist=2, RM=0, SM=0, RS=0, SS=4
T_spawn: 19.137085 
T_SR: 0.040101 
T_AR: 0.000000 
T_US: 0.082663 
T_Malleability: 19.411052 
T_total: 44.114414
Config loaded: R=1, S=2, granularity=100000, SDR=10000, ADR=0, Rigid=1, Capture_Method=0
Stage 0: PT=0, T_stage=0.523500, bytes=0, T_capped=0
Stage 1: PT=6, T_stage=0.000000, bytes=33176880, T_capped=0
Group 0: Iters=5, Procs=3584, Factors=1.000000, Dist=2, RM=0, SM=0, RS=0, SS=0
Group 1: Iters=10, Procs=2688, Factors=1.000000, Dist=2, RM=0, SM=0, RS=0, SS=4
T_spawn: 24.428326 
T_SR: 1.030577 
T_AR: 0.000000 
T_US: 0.084723 
T_Malleability: 25.668831 
T_total: 49.982554
Config loaded: R=1, S=2, granularity=100000, SDR=10000, ADR=0, Rigid=1, Capture_Method=0
Stage 0: PT=0, T_stage=0.523500, bytes=0, T_capped=0
Stage 1: PT=6, T_stage=0.000000, bytes=33176880, T_capped=0
Group 0: Iters=5, Procs=3584, Factors=1.000000, Dist=2, RM=0, SM=0, RS=0, SS=0
Group 1: Iters=10, Procs=2688, Factors=1.000000, Dist=2, RM=0, SM=0, RS=0, SS=4
T_spawn: 19.571289 
T_SR: 0.036449 
T_AR: 0.000000 
T_US: 0.095988 
T_Malleability: 19.840973 
T_total: 54.576464
Config loaded: R=1, S=2, granularity=100000, SDR=10000, ADR=0, Rigid=1, Capture_Method=0
Stage 0: PT=0, T_stage=0.523500, bytes=0, T_capped=0
Stage 1: PT=6, T_stage=0.000000, bytes=33176880, T_capped=0
Group 0: Iters=5, Procs=3584, Factors=1.000000, Dist=2, RM=0, SM=0, RS=0, SS=0
Group 1: Iters=10, Procs=2688, Factors=1.000000, Dist=2, RM=0, SM=0, RS=0, SS=4
T_spawn: 19.021262 
T_SR: 0.040510 
T_AR: 0.000000 
T_US: 0.113053 
T_Malleability: 19.342500 
T_total: 36.881693
Config loaded: R=1, S=2, granularity=100000, SDR=10000, ADR=0, Rigid=1, Capture_Method=0
Stage 0: PT=0, T_stage=0.523500, bytes=0, T_capped=0
Stage 1: PT=6, T_stage=0.000000, bytes=33176880, T_capped=0
Group 0: Iters=5, Procs=3584, Factors=1.000000, Dist=2, RM=0, SM=0, RS=0, SS=0
Group 1: Iters=10, Procs=2688, Factors=1.000000, Dist=2, RM=0, SM=0, RS=0, SS=4
T_spawn: 19.836548 
T_SR: 0.041881 
T_AR: 0.000000 
T_US: 0.107595 
T_Malleability: 20.140782 
T_total: 38.049753
Config loaded: R=1, S=2, granularity=100000, SDR=10000, ADR=0, Rigid=1, Capture_Method=0
Stage 0: PT=0, T_stage=0.523500, bytes=0, T_capped=0
Stage 1: PT=6, T_stage=0.000000, bytes=33176880, T_capped=0
Group 0: Iters=5, Procs=3584, Factors=1.000000, Dist=2, RM=0, SM=0, RS=0, SS=0
Group 1: Iters=10, Procs=2688, Factors=1.000000, Dist=2, RM=0, SM=0, RS=0, SS=4
T_spawn: 18.625174 
T_SR: 0.049415 
T_AR: 0.000000 
T_US: 0.080800 
T_Malleability: 18.895031 
T_total: 40.374699
