Config loaded: R=1, S=2, granularity=100000, SDR=10000, ADR=0, Rigid=1, Capture_Method=0
Stage 0: PT=0, T_stage=0.523500, bytes=0, T_capped=0
Stage 1: PT=6, T_stage=0.000000, bytes=33176880, T_capped=0
Group 0: Iters=5, Procs=224, Factors=1.000000, Dist=2, RM=0, SM=0, RS=0, SS=0
Group 1: Iters=10, Procs=3584, Factors=1.000000, Dist=2, RM=0, SM=0, RS=0, SS=4
T_spawn: 14.514834 
T_SR: 0.041823 
T_AR: 0.000000 
T_US: 0.077976 
T_Malleability: 14.757774 
T_total: 32.269402
Config loaded: R=1, S=2, granularity=100000, SDR=10000, ADR=0, Rigid=1, Capture_Method=0
Stage 0: PT=0, T_stage=0.523500, bytes=0, T_capped=0
Stage 1: PT=6, T_stage=0.000000, bytes=33176880, T_capped=0
Group 0: Iters=5, Procs=224, Factors=1.000000, Dist=2, RM=0, SM=0, RS=0, SS=0
Group 1: Iters=10, Procs=3584, Factors=1.000000, Dist=2, RM=0, SM=0, RS=0, SS=4
T_spawn: 14.188946 
T_SR: 0.033303 
T_AR: 0.000000 
T_US: 0.086459 
T_Malleability: 14.435461 
T_total: 31.199511
Config loaded: R=1, S=2, granularity=100000, SDR=10000, ADR=0, Rigid=1, Capture_Method=0
Stage 0: PT=0, T_stage=0.523500, bytes=0, T_capped=0
Stage 1: PT=6, T_stage=0.000000, bytes=33176880, T_capped=0
Group 0: Iters=5, Procs=224, Factors=1.000000, Dist=2, RM=0, SM=0, RS=0, SS=0
Group 1: Iters=10, Procs=3584, Factors=1.000000, Dist=2, RM=0, SM=0, RS=0, SS=4
T_spawn: 15.070040 
T_SR: 0.036506 
T_AR: 0.000000 
T_US: 0.038716 
T_Malleability: 15.203092 
T_total: 31.956514
Config loaded: R=1, S=2, granularity=100000, SDR=10000, ADR=0, Rigid=1, Capture_Method=0
Stage 0: PT=0, T_stage=0.523500, bytes=0, T_capped=0
Stage 1: PT=6, T_stage=0.000000, bytes=33176880, T_capped=0
Group 0: Iters=5, Procs=224, Factors=1.000000, Dist=2, RM=0, SM=0, RS=0, SS=0
Group 1: Iters=10, Procs=3584, Factors=1.000000, Dist=2, RM=0, SM=0, RS=0, SS=4
T_spawn: 14.985575 
T_SR: 0.030100 
T_AR: 0.000000 
T_US: 0.054320 
T_Malleability: 15.162980 
T_total: 31.777271
Config loaded: R=1, S=2, granularity=100000, SDR=10000, ADR=0, Rigid=1, Capture_Method=0
Stage 0: PT=0, T_stage=0.523500, bytes=0, T_capped=0
Stage 1: PT=6, T_stage=0.000000, bytes=33176880, T_capped=0
Group 0: Iters=5, Procs=224, Factors=1.000000, Dist=2, RM=0, SM=0, RS=0, SS=0
Group 1: Iters=10, Procs=3584, Factors=1.000000, Dist=2, RM=0, SM=0, RS=0, SS=4
T_spawn: 13.576595 
T_SR: 0.035778 
T_AR: 0.000000 
T_US: 0.053621 
T_Malleability: 13.771123 
T_total: 35.756856
Config loaded: R=1, S=2, granularity=100000, SDR=10000, ADR=0, Rigid=1, Capture_Method=0
Stage 0: PT=0, T_stage=0.523500, bytes=0, T_capped=0
Stage 1: PT=6, T_stage=0.000000, bytes=33176880, T_capped=0
Group 0: Iters=5, Procs=224, Factors=1.000000, Dist=2, RM=0, SM=0, RS=0, SS=0
Group 1: Iters=10, Procs=3584, Factors=1.000000, Dist=2, RM=0, SM=0, RS=0, SS=4
T_spawn: 15.072708 
T_SR: 0.050425 
T_AR: 0.000000 
T_US: 0.035322 
T_Malleability: 15.224961 
T_total: 31.565953
Config loaded: R=1, S=2, granularity=100000, SDR=10000, ADR=0, Rigid=1, Capture_Method=0
Stage 0: PT=0, T_stage=0.523500, bytes=0, T_capped=0
Stage 1: PT=6, T_stage=0.000000, bytes=33176880, T_capped=0
Group 0: Iters=5, Procs=224, Factors=1.000000, Dist=2, RM=0, SM=0, RS=0, SS=0
Group 1: Iters=10, Procs=3584, Factors=1.000000, Dist=2, RM=0, SM=0, RS=0, SS=4
T_spawn: 15.414725 
T_SR: 0.033586 
T_AR: 0.000000 
T_US: 0.050937 
T_Malleability: 15.633825 
T_total: 32.648130
Config loaded: R=1, S=2, granularity=100000, SDR=10000, ADR=0, Rigid=1, Capture_Method=0
Stage 0: PT=0, T_stage=0.523500, bytes=0, T_capped=0
Stage 1: PT=6, T_stage=0.000000, bytes=33176880, T_capped=0
Group 0: Iters=5, Procs=224, Factors=1.000000, Dist=2, RM=0, SM=0, RS=0, SS=0
Group 1: Iters=10, Procs=3584, Factors=1.000000, Dist=2, RM=0, SM=0, RS=0, SS=4
T_spawn: 14.227463 
T_SR: 0.057853 
T_AR: 0.000000 
T_US: 0.075698 
T_Malleability: 14.447915 
T_total: 31.030535
Config loaded: R=1, S=2, granularity=100000, SDR=10000, ADR=0, Rigid=1, Capture_Method=0
Stage 0: PT=0, T_stage=0.523500, bytes=0, T_capped=0
Stage 1: PT=6, T_stage=0.000000, bytes=33176880, T_capped=0
Group 0: Iters=5, Procs=224, Factors=1.000000, Dist=2, RM=0, SM=0, RS=0, SS=0
Group 1: Iters=10, Procs=3584, Factors=1.000000, Dist=2, RM=0, SM=0, RS=0, SS=4
T_spawn: 14.067097 
T_SR: 0.030078 
T_AR: 0.000000 
T_US: 0.047176 
T_Malleability: 14.206881 
T_total: 32.022642
Config loaded: R=1, S=2, granularity=100000, SDR=10000, ADR=0, Rigid=1, Capture_Method=0
Stage 0: PT=0, T_stage=0.523500, bytes=0, T_capped=0
Stage 1: PT=6, T_stage=0.000000, bytes=33176880, T_capped=0
Group 0: Iters=5, Procs=224, Factors=1.000000, Dist=2, RM=0, SM=0, RS=0, SS=0
Group 1: Iters=10, Procs=3584, Factors=1.000000, Dist=2, RM=0, SM=0, RS=0, SS=4
T_spawn: 14.113492 
T_SR: 0.032259 
T_AR: 0.000000 
T_US: 0.080431 
T_Malleability: 14.292325 
T_total: 31.126473
Config loaded: R=1, S=2, granularity=100000, SDR=10000, ADR=0, Rigid=1, Capture_Method=0
Stage 0: PT=0, T_stage=0.523500, bytes=0, T_capped=0
Stage 1: PT=6, T_stage=0.000000, bytes=33176880, T_capped=0
Group 0: Iters=5, Procs=224, Factors=1.000000, Dist=2, RM=0, SM=0, RS=0, SS=0
Group 1: Iters=10, Procs=3584, Factors=1.000000, Dist=2, RM=0, SM=0, RS=0, SS=4
T_spawn: 13.321495 
T_SR: 0.039196 
T_AR: 0.000000 
T_US: 0.037546 
T_Malleability: 13.487466 
T_total: 32.373057
Config loaded: R=1, S=2, granularity=100000, SDR=10000, ADR=0, Rigid=1, Capture_Method=0
Stage 0: PT=0, T_stage=0.523500, bytes=0, T_capped=0
Stage 1: PT=6, T_stage=0.000000, bytes=33176880, T_capped=0
Group 0: Iters=5, Procs=224, Factors=1.000000, Dist=2, RM=0, SM=0, RS=0, SS=0
Group 1: Iters=10, Procs=3584, Factors=1.000000, Dist=2, RM=0, SM=0, RS=0, SS=4
T_spawn: 14.868522 
T_SR: 0.026911 
T_AR: 0.000000 
T_US: 0.092827 
T_Malleability: 15.139069 
T_total: 31.293446
Config loaded: R=1, S=2, granularity=100000, SDR=10000, ADR=0, Rigid=1, Capture_Method=0
Stage 0: PT=0, T_stage=0.523500, bytes=0, T_capped=0
Stage 1: PT=6, T_stage=0.000000, bytes=33176880, T_capped=0
Group 0: Iters=5, Procs=224, Factors=1.000000, Dist=2, RM=0, SM=0, RS=0, SS=0
Group 1: Iters=10, Procs=3584, Factors=1.000000, Dist=2, RM=0, SM=0, RS=0, SS=4
T_spawn: 12.494605 
T_SR: 0.038217 
T_AR: 0.000000 
T_US: 0.039862 
T_Malleability: 12.649862 
T_total: 29.643033
Config loaded: R=1, S=2, granularity=100000, SDR=10000, ADR=0, Rigid=1, Capture_Method=0
Stage 0: PT=0, T_stage=0.523500, bytes=0, T_capped=0
Stage 1: PT=6, T_stage=0.000000, bytes=33176880, T_capped=0
Group 0: Iters=5, Procs=224, Factors=1.000000, Dist=2, RM=0, SM=0, RS=0, SS=0
Group 1: Iters=10, Procs=3584, Factors=1.000000, Dist=2, RM=0, SM=0, RS=0, SS=4
T_spawn: 13.289416 
T_SR: 0.047304 
T_AR: 0.000000 
T_US: 0.049543 
T_Malleability: 13.464933 
T_total: 39.120358
Config loaded: R=1, S=2, granularity=100000, SDR=10000, ADR=0, Rigid=1, Capture_Method=0
Stage 0: PT=0, T_stage=0.523500, bytes=0, T_capped=0
Stage 1: PT=6, T_stage=0.000000, bytes=33176880, T_capped=0
Group 0: Iters=5, Procs=224, Factors=1.000000, Dist=2, RM=0, SM=0, RS=0, SS=0
Group 1: Iters=10, Procs=3584, Factors=1.000000, Dist=2, RM=0, SM=0, RS=0, SS=4
T_spawn: 13.513545 
T_SR: 0.035427 
T_AR: 0.000000 
T_US: 0.074365 
T_Malleability: 13.737685 
T_total: 30.511614
Config loaded: R=1, S=2, granularity=100000, SDR=10000, ADR=0, Rigid=1, Capture_Method=0
Stage 0: PT=0, T_stage=0.523500, bytes=0, T_capped=0
Stage 1: PT=6, T_stage=0.000000, bytes=33176880, T_capped=0
Group 0: Iters=5, Procs=224, Factors=1.000000, Dist=2, RM=0, SM=0, RS=0, SS=0
Group 1: Iters=10, Procs=3584, Factors=1.000000, Dist=2, RM=0, SM=0, RS=0, SS=4
T_spawn: 14.324309 
T_SR: 0.037669 
T_AR: 0.000000 
T_US: 0.068899 
T_Malleability: 14.523697 
T_total: 32.095834
Config loaded: R=1, S=2, granularity=100000, SDR=10000, ADR=0, Rigid=1, Capture_Method=0
Stage 0: PT=0, T_stage=0.523500, bytes=0, T_capped=0
Stage 1: PT=6, T_stage=0.000000, bytes=33176880, T_capped=0
Group 0: Iters=5, Procs=224, Factors=1.000000, Dist=2, RM=0, SM=0, RS=0, SS=0
Group 1: Iters=10, Procs=3584, Factors=1.000000, Dist=2, RM=0, SM=0, RS=0, SS=4
T_spawn: 13.973832 
T_SR: 0.034868 
T_AR: 0.000000 
T_US: 0.148202 
T_Malleability: 14.280153 
T_total: 31.165613
Config loaded: R=1, S=2, granularity=100000, SDR=10000, ADR=0, Rigid=1, Capture_Method=0
Stage 0: PT=0, T_stage=0.523500, bytes=0, T_capped=0
Stage 1: PT=6, T_stage=0.000000, bytes=33176880, T_capped=0
Group 0: Iters=5, Procs=224, Factors=1.000000, Dist=2, RM=0, SM=0, RS=0, SS=0
Group 1: Iters=10, Procs=3584, Factors=1.000000, Dist=2, RM=0, SM=0, RS=0, SS=4
T_spawn: 13.709192 
T_SR: 0.043615 
T_AR: 0.000000 
T_US: 0.056400 
T_Malleability: 13.950113 
T_total: 41.196043
Config loaded: R=1, S=2, granularity=100000, SDR=10000, ADR=0, Rigid=1, Capture_Method=0
Stage 0: PT=0, T_stage=0.523500, bytes=0, T_capped=0
Stage 1: PT=6, T_stage=0.000000, bytes=33176880, T_capped=0
Group 0: Iters=5, Procs=224, Factors=1.000000, Dist=2, RM=0, SM=0, RS=0, SS=0
Group 1: Iters=10, Procs=3584, Factors=1.000000, Dist=2, RM=0, SM=0, RS=0, SS=4
T_spawn: 22.162361 
T_SR: 1.062073 
T_AR: 0.000000 
T_US: 0.060222 
T_Malleability: 23.420225 
T_total: 40.027387
Config loaded: R=1, S=2, granularity=100000, SDR=10000, ADR=0, Rigid=1, Capture_Method=0
Stage 0: PT=0, T_stage=0.523500, bytes=0, T_capped=0
Stage 1: PT=6, T_stage=0.000000, bytes=33176880, T_capped=0
Group 0: Iters=5, Procs=224, Factors=1.000000, Dist=2, RM=0, SM=0, RS=0, SS=0
Group 1: Iters=10, Procs=3584, Factors=1.000000, Dist=2, RM=0, SM=0, RS=0, SS=4
T_spawn: 17.337008 
T_SR: 0.033842 
T_AR: 0.000000 
T_US: 0.034050 
T_Malleability: 17.518064 
T_total: 34.458539
