Config loaded: R=1, S=2, granularity=100000, SDR=10000, ADR=0, Rigid=1, Capture_Method=0
Stage 0: PT=0, T_stage=0.523500, bytes=0, T_capped=0
Stage 1: PT=6, T_stage=0.000000, bytes=33176880, T_capped=0
Group 0: Iters=5, Procs=448, Factors=1.000000, Dist=2, RM=0, SM=0, RS=0, SS=0
Group 1: Iters=10, Procs=224, Factors=1.000000, Dist=2, RM=0, SM=1, RS=0, SS=0
T_spawn: 0.003817 
T_SR: 0.003786 
T_AR: 0.000000 
T_US: 0.038366 
T_Malleability: 0.155189 
T_total: 12.522940
Config loaded: R=1, S=2, granularity=100000, SDR=10000, ADR=0, Rigid=1, Capture_Method=0
Stage 0: PT=0, T_stage=0.523500, bytes=0, T_capped=0
Stage 1: PT=6, T_stage=0.000000, bytes=33176880, T_capped=0
Group 0: Iters=5, Procs=448, Factors=1.000000, Dist=2, RM=0, SM=0, RS=0, SS=0
Group 1: Iters=10, Procs=224, Factors=1.000000, Dist=2, RM=0, SM=1, RS=0, SS=0
T_spawn: 0.003534 
T_SR: 0.002991 
T_AR: 0.000000 
T_US: 0.034900 
T_Malleability: 0.145435 
T_total: 13.280766
Config loaded: R=1, S=2, granularity=100000, SDR=10000, ADR=0, Rigid=1, Capture_Method=0
Stage 0: PT=0, T_stage=0.523500, bytes=0, T_capped=0
Stage 1: PT=6, T_stage=0.000000, bytes=33176880, T_capped=0
Group 0: Iters=5, Procs=448, Factors=1.000000, Dist=2, RM=0, SM=0, RS=0, SS=0
Group 1: Iters=10, Procs=224, Factors=1.000000, Dist=2, RM=0, SM=1, RS=0, SS=0
T_spawn: 0.002938 
T_SR: 0.011257 
T_AR: 0.000000 
T_US: 0.036977 
T_Malleability: 0.148506 
T_total: 13.130149
Config loaded: R=1, S=2, granularity=100000, SDR=10000, ADR=0, Rigid=1, Capture_Method=0
Stage 0: PT=0, T_stage=0.523500, bytes=0, T_capped=0
Stage 1: PT=6, T_stage=0.000000, bytes=33176880, T_capped=0
Group 0: Iters=5, Procs=448, Factors=1.000000, Dist=2, RM=0, SM=0, RS=0, SS=0
Group 1: Iters=10, Procs=224, Factors=1.000000, Dist=2, RM=0, SM=1, RS=0, SS=0
T_spawn: 0.003483 
T_SR: 0.010605 
T_AR: 0.000000 
T_US: 0.037488 
T_Malleability: 0.142065 
T_total: 13.022282
Config loaded: R=1, S=2, granularity=100000, SDR=10000, ADR=0, Rigid=1, Capture_Method=0
Stage 0: PT=0, T_stage=0.523500, bytes=0, T_capped=0
Stage 1: PT=6, T_stage=0.000000, bytes=33176880, T_capped=0
Group 0: Iters=5, Procs=448, Factors=1.000000, Dist=2, RM=0, SM=0, RS=0, SS=0
Group 1: Iters=10, Procs=224, Factors=1.000000, Dist=2, RM=0, SM=1, RS=0, SS=0
T_spawn: 0.003066 
T_SR: 0.002811 
T_AR: 0.000000 
T_US: 0.040404 
T_Malleability: 0.147653 
T_total: 12.076288
Config loaded: R=1, S=2, granularity=100000, SDR=10000, ADR=0, Rigid=1, Capture_Method=0
Stage 0: PT=0, T_stage=0.523500, bytes=0, T_capped=0
Stage 1: PT=6, T_stage=0.000000, bytes=33176880, T_capped=0
Group 0: Iters=5, Procs=448, Factors=1.000000, Dist=2, RM=0, SM=0, RS=0, SS=0
Group 1: Iters=10, Procs=224, Factors=1.000000, Dist=2, RM=0, SM=1, RS=0, SS=0
T_spawn: 0.003143 
T_SR: 0.010787 
T_AR: 0.000000 
T_US: 0.041041 
T_Malleability: 0.156497 
T_total: 13.130786
Config loaded: R=1, S=2, granularity=100000, SDR=10000, ADR=0, Rigid=1, Capture_Method=0
Stage 0: PT=0, T_stage=0.523500, bytes=0, T_capped=0
Stage 1: PT=6, T_stage=0.000000, bytes=33176880, T_capped=0
Group 0: Iters=5, Procs=448, Factors=1.000000, Dist=2, RM=0, SM=0, RS=0, SS=0
Group 1: Iters=10, Procs=224, Factors=1.000000, Dist=2, RM=0, SM=1, RS=0, SS=0
T_spawn: 0.002918 
T_SR: 0.010430 
T_AR: 0.000000 
T_US: 0.041911 
T_Malleability: 0.144011 
T_total: 12.658865
Config loaded: R=1, S=2, granularity=100000, SDR=10000, ADR=0, Rigid=1, Capture_Method=0
Stage 0: PT=0, T_stage=0.523500, bytes=0, T_capped=0
Stage 1: PT=6, T_stage=0.000000, bytes=33176880, T_capped=0
Group 0: Iters=5, Procs=448, Factors=1.000000, Dist=2, RM=0, SM=0, RS=0, SS=0
Group 1: Iters=10, Procs=224, Factors=1.000000, Dist=2, RM=0, SM=1, RS=0, SS=0
T_spawn: 0.003270 
T_SR: 0.012009 
T_AR: 0.000000 
T_US: 0.039007 
T_Malleability: 0.156425 
T_total: 12.518148
Config loaded: R=1, S=2, granularity=100000, SDR=10000, ADR=0, Rigid=1, Capture_Method=0
Stage 0: PT=0, T_stage=0.523500, bytes=0, T_capped=0
Stage 1: PT=6, T_stage=0.000000, bytes=33176880, T_capped=0
Group 0: Iters=5, Procs=448, Factors=1.000000, Dist=2, RM=0, SM=0, RS=0, SS=0
Group 1: Iters=10, Procs=224, Factors=1.000000, Dist=2, RM=0, SM=1, RS=0, SS=0
T_spawn: 0.003067 
T_SR: 0.010762 
T_AR: 0.000000 
T_US: 0.038523 
T_Malleability: 0.140273 
T_total: 12.472829
Config loaded: R=1, S=2, granularity=100000, SDR=10000, ADR=0, Rigid=1, Capture_Method=0
Stage 0: PT=0, T_stage=0.523500, bytes=0, T_capped=0
Stage 1: PT=6, T_stage=0.000000, bytes=33176880, T_capped=0
Group 0: Iters=5, Procs=448, Factors=1.000000, Dist=2, RM=0, SM=0, RS=0, SS=0
Group 1: Iters=10, Procs=224, Factors=1.000000, Dist=2, RM=0, SM=1, RS=0, SS=0
T_spawn: 0.002853 
T_SR: 0.004366 
T_AR: 0.000000 
T_US: 0.033788 
T_Malleability: 0.129589 
T_total: 13.692874
Config loaded: R=1, S=2, granularity=100000, SDR=10000, ADR=0, Rigid=1, Capture_Method=0
Stage 0: PT=0, T_stage=0.523500, bytes=0, T_capped=0
Stage 1: PT=6, T_stage=0.000000, bytes=33176880, T_capped=0
Group 0: Iters=5, Procs=448, Factors=1.000000, Dist=2, RM=0, SM=0, RS=0, SS=0
Group 1: Iters=10, Procs=224, Factors=1.000000, Dist=2, RM=0, SM=1, RS=0, SS=0
T_spawn: 0.002912 
T_SR: 0.022862 
T_AR: 0.000000 
T_US: 0.037385 
T_Malleability: 0.185465 
T_total: 13.460982
Config loaded: R=1, S=2, granularity=100000, SDR=10000, ADR=0, Rigid=1, Capture_Method=0
Stage 0: PT=0, T_stage=0.523500, bytes=0, T_capped=0
Stage 1: PT=6, T_stage=0.000000, bytes=33176880, T_capped=0
Group 0: Iters=5, Procs=448, Factors=1.000000, Dist=2, RM=0, SM=0, RS=0, SS=0
Group 1: Iters=10, Procs=224, Factors=1.000000, Dist=2, RM=0, SM=1, RS=0, SS=0
T_spawn: 0.021100 
T_SR: 0.007460 
T_AR: 0.000000 
T_US: 0.040955 
T_Malleability: 0.160710 
T_total: 14.190532
Config loaded: R=1, S=2, granularity=100000, SDR=10000, ADR=0, Rigid=1, Capture_Method=0
Stage 0: PT=0, T_stage=0.523500, bytes=0, T_capped=0
Stage 1: PT=6, T_stage=0.000000, bytes=33176880, T_capped=0
Group 0: Iters=5, Procs=448, Factors=1.000000, Dist=2, RM=0, SM=0, RS=0, SS=0
Group 1: Iters=10, Procs=224, Factors=1.000000, Dist=2, RM=0, SM=1, RS=0, SS=0
T_spawn: 0.003473 
T_SR: 0.009761 
T_AR: 0.000000 
T_US: 0.042083 
T_Malleability: 0.156516 
T_total: 12.361779
Config loaded: R=1, S=2, granularity=100000, SDR=10000, ADR=0, Rigid=1, Capture_Method=0
Stage 0: PT=0, T_stage=0.523500, bytes=0, T_capped=0
Stage 1: PT=6, T_stage=0.000000, bytes=33176880, T_capped=0
Group 0: Iters=5, Procs=448, Factors=1.000000, Dist=2, RM=0, SM=0, RS=0, SS=0
Group 1: Iters=10, Procs=224, Factors=1.000000, Dist=2, RM=0, SM=1, RS=0, SS=0
T_spawn: 0.003382 
T_SR: 0.012532 
T_AR: 0.000000 
T_US: 0.037263 
T_Malleability: 0.157725 
T_total: 12.797554
Config loaded: R=1, S=2, granularity=100000, SDR=10000, ADR=0, Rigid=1, Capture_Method=0
Stage 0: PT=0, T_stage=0.523500, bytes=0, T_capped=0
Stage 1: PT=6, T_stage=0.000000, bytes=33176880, T_capped=0
Group 0: Iters=5, Procs=448, Factors=1.000000, Dist=2, RM=0, SM=0, RS=0, SS=0
Group 1: Iters=10, Procs=224, Factors=1.000000, Dist=2, RM=0, SM=1, RS=0, SS=0
T_spawn: 0.002963 
T_SR: 0.010498 
T_AR: 0.000000 
T_US: 0.043719 
T_Malleability: 0.164506 
T_total: 13.036380
Config loaded: R=1, S=2, granularity=100000, SDR=10000, ADR=0, Rigid=1, Capture_Method=0
Stage 0: PT=0, T_stage=0.523500, bytes=0, T_capped=0
Stage 1: PT=6, T_stage=0.000000, bytes=33176880, T_capped=0
Group 0: Iters=5, Procs=448, Factors=1.000000, Dist=2, RM=0, SM=0, RS=0, SS=0
Group 1: Iters=10, Procs=224, Factors=1.000000, Dist=2, RM=0, SM=1, RS=0, SS=0
T_spawn: 0.003160 
T_SR: 0.010198 
T_AR: 0.000000 
T_US: 0.040091 
T_Malleability: 0.154153 
T_total: 12.745478
Config loaded: R=1, S=2, granularity=100000, SDR=10000, ADR=0, Rigid=1, Capture_Method=0
Stage 0: PT=0, T_stage=0.523500, bytes=0, T_capped=0
Stage 1: PT=6, T_stage=0.000000, bytes=33176880, T_capped=0
Group 0: Iters=5, Procs=448, Factors=1.000000, Dist=2, RM=0, SM=0, RS=0, SS=0
Group 1: Iters=10, Procs=224, Factors=1.000000, Dist=2, RM=0, SM=1, RS=0, SS=0
T_spawn: 0.003292 
T_SR: 0.010847 
T_AR: 0.000000 
T_US: 0.042124 
T_Malleability: 0.155594 
T_total: 14.166279
Config loaded: R=1, S=2, granularity=100000, SDR=10000, ADR=0, Rigid=1, Capture_Method=0
Stage 0: PT=0, T_stage=0.523500, bytes=0, T_capped=0
Stage 1: PT=6, T_stage=0.000000, bytes=33176880, T_capped=0
Group 0: Iters=5, Procs=448, Factors=1.000000, Dist=2, RM=0, SM=0, RS=0, SS=0
Group 1: Iters=10, Procs=224, Factors=1.000000, Dist=2, RM=0, SM=1, RS=0, SS=0
T_spawn: 0.003433 
T_SR: 0.010740 
T_AR: 0.000000 
T_US: 0.037348 
T_Malleability: 0.152563 
T_total: 13.115121
Config loaded: R=1, S=2, granularity=100000, SDR=10000, ADR=0, Rigid=1, Capture_Method=0
Stage 0: PT=0, T_stage=0.523500, bytes=0, T_capped=0
Stage 1: PT=6, T_stage=0.000000, bytes=33176880, T_capped=0
Group 0: Iters=5, Procs=448, Factors=1.000000, Dist=2, RM=0, SM=0, RS=0, SS=0
Group 1: Iters=10, Procs=224, Factors=1.000000, Dist=2, RM=0, SM=1, RS=0, SS=0
T_spawn: 0.003296 
T_SR: 0.010901 
T_AR: 0.000000 
T_US: 0.035743 
T_Malleability: 0.145469 
T_total: 12.580293
Config loaded: R=1, S=2, granularity=100000, SDR=10000, ADR=0, Rigid=1, Capture_Method=0
Stage 0: PT=0, T_stage=0.523500, bytes=0, T_capped=0
Stage 1: PT=6, T_stage=0.000000, bytes=33176880, T_capped=0
Group 0: Iters=5, Procs=448, Factors=1.000000, Dist=2, RM=0, SM=0, RS=0, SS=0
Group 1: Iters=10, Procs=224, Factors=1.000000, Dist=2, RM=0, SM=1, RS=0, SS=0
T_spawn: 0.002983 
T_SR: 0.011057 
T_AR: 0.000000 
T_US: 0.034021 
T_Malleability: 0.154623 
T_total: 12.223567
