Config loaded: R=1, S=2, granularity=100000, SDR=10000, ADR=0, Rigid=1, Capture_Method=0
Stage 0: PT=0, T_stage=0.523500, bytes=0, T_capped=0
Stage 1: PT=6, T_stage=0.000000, bytes=33176880, T_capped=0
Group 0: Iters=5, Procs=1792, Factors=1.000000, Dist=2, RM=0, SM=0, RS=0, SS=0
Group 1: Iters=10, Procs=3584, Factors=1.000000, Dist=2, RM=0, SM=0, RS=0, SS=4
T_spawn: 25.446793 
T_SR: 0.036217 
T_AR: 0.000000 
T_US: 0.133161 
T_Malleability: 25.821368 
T_total: 42.939818
Config loaded: R=1, S=2, granularity=100000, SDR=10000, ADR=0, Rigid=1, Capture_Method=0
Stage 0: PT=0, T_stage=0.523500, bytes=0, T_capped=0
Stage 1: PT=6, T_stage=0.000000, bytes=33176880, T_capped=0
Group 0: Iters=5, Procs=1792, Factors=1.000000, Dist=2, RM=0, SM=0, RS=0, SS=0
Group 1: Iters=10, Procs=3584, Factors=1.000000, Dist=2, RM=0, SM=0, RS=0, SS=4
T_spawn: 17.096592 
T_SR: 0.043703 
T_AR: 0.000000 
T_US: 0.078986 
T_Malleability: 17.380742 
T_total: 35.495706
Config loaded: R=1, S=2, granularity=100000, SDR=10000, ADR=0, Rigid=1, Capture_Method=0
Stage 0: PT=0, T_stage=0.523500, bytes=0, T_capped=0
Stage 1: PT=6, T_stage=0.000000, bytes=33176880, T_capped=0
Group 0: Iters=5, Procs=1792, Factors=1.000000, Dist=2, RM=0, SM=0, RS=0, SS=0
Group 1: Iters=10, Procs=3584, Factors=1.000000, Dist=2, RM=0, SM=0, RS=0, SS=4
T_spawn: 18.662616 
T_SR: 0.029746 
T_AR: 0.000000 
T_US: 0.067589 
T_Malleability: 18.914405 
T_total: 35.602763
Config loaded: R=1, S=2, granularity=100000, SDR=10000, ADR=0, Rigid=1, Capture_Method=0
Stage 0: PT=0, T_stage=0.523500, bytes=0, T_capped=0
Stage 1: PT=6, T_stage=0.000000, bytes=33176880, T_capped=0
Group 0: Iters=5, Procs=1792, Factors=1.000000, Dist=2, RM=0, SM=0, RS=0, SS=0
Group 1: Iters=10, Procs=3584, Factors=1.000000, Dist=2, RM=0, SM=0, RS=0, SS=4
T_spawn: 17.116421 
T_SR: 0.045534 
T_AR: 0.000000 
T_US: 0.073319 
T_Malleability: 17.387261 
T_total: 43.886955
Config loaded: R=1, S=2, granularity=100000, SDR=10000, ADR=0, Rigid=1, Capture_Method=0
Stage 0: PT=0, T_stage=0.523500, bytes=0, T_capped=0
Stage 1: PT=6, T_stage=0.000000, bytes=33176880, T_capped=0
Group 0: Iters=5, Procs=1792, Factors=1.000000, Dist=2, RM=0, SM=0, RS=0, SS=0
Group 1: Iters=10, Procs=3584, Factors=1.000000, Dist=2, RM=0, SM=0, RS=0, SS=4
T_spawn: 18.019930 
T_SR: 0.045950 
T_AR: 0.000000 
T_US: 0.071114 
T_Malleability: 18.357698 
T_total: 35.476903
Config loaded: R=1, S=2, granularity=100000, SDR=10000, ADR=0, Rigid=1, Capture_Method=0
Stage 0: PT=0, T_stage=0.523500, bytes=0, T_capped=0
Stage 1: PT=6, T_stage=0.000000, bytes=33176880, T_capped=0
Group 0: Iters=5, Procs=1792, Factors=1.000000, Dist=2, RM=0, SM=0, RS=0, SS=0
Group 1: Iters=10, Procs=3584, Factors=1.000000, Dist=2, RM=0, SM=0, RS=0, SS=4
T_spawn: 18.570305 
T_SR: 0.040514 
T_AR: 0.000000 
T_US: 0.096309 
T_Malleability: 18.835734 
T_total: 37.424072
Config loaded: R=1, S=2, granularity=100000, SDR=10000, ADR=0, Rigid=1, Capture_Method=0
Stage 0: PT=0, T_stage=0.523500, bytes=0, T_capped=0
Stage 1: PT=6, T_stage=0.000000, bytes=33176880, T_capped=0
Group 0: Iters=5, Procs=1792, Factors=1.000000, Dist=2, RM=0, SM=0, RS=0, SS=0
Group 1: Iters=10, Procs=3584, Factors=1.000000, Dist=2, RM=0, SM=0, RS=0, SS=4
T_spawn: 19.812154 
T_SR: 0.037218 
T_AR: 0.000000 
T_US: 0.077519 
T_Malleability: 20.052681 
T_total: 38.266717
Config loaded: R=1, S=2, granularity=100000, SDR=10000, ADR=0, Rigid=1, Capture_Method=0
Stage 0: PT=0, T_stage=0.523500, bytes=0, T_capped=0
Stage 1: PT=6, T_stage=0.000000, bytes=33176880, T_capped=0
Group 0: Iters=5, Procs=1792, Factors=1.000000, Dist=2, RM=0, SM=0, RS=0, SS=0
Group 1: Iters=10, Procs=3584, Factors=1.000000, Dist=2, RM=0, SM=0, RS=0, SS=4
T_spawn: 20.149007 
T_SR: 0.041204 
T_AR: 0.000000 
T_US: 0.051600 
T_Malleability: 20.413937 
T_total: 38.326349
Config loaded: R=1, S=2, granularity=100000, SDR=10000, ADR=0, Rigid=1, Capture_Method=0
Stage 0: PT=0, T_stage=0.523500, bytes=0, T_capped=0
Stage 1: PT=6, T_stage=0.000000, bytes=33176880, T_capped=0
Group 0: Iters=5, Procs=1792, Factors=1.000000, Dist=2, RM=0, SM=0, RS=0, SS=0
Group 1: Iters=10, Procs=3584, Factors=1.000000, Dist=2, RM=0, SM=0, RS=0, SS=4
T_spawn: 19.382382 
T_SR: 0.039946 
T_AR: 0.000000 
T_US: 0.137529 
T_Malleability: 19.697500 
T_total: 37.623040
Config loaded: R=1, S=2, granularity=100000, SDR=10000, ADR=0, Rigid=1, Capture_Method=0
Stage 0: PT=0, T_stage=0.523500, bytes=0, T_capped=0
Stage 1: PT=6, T_stage=0.000000, bytes=33176880, T_capped=0
Group 0: Iters=5, Procs=1792, Factors=1.000000, Dist=2, RM=0, SM=0, RS=0, SS=0
Group 1: Iters=10, Procs=3584, Factors=1.000000, Dist=2, RM=0, SM=0, RS=0, SS=4
T_spawn: 18.112142 
T_SR: 0.047901 
T_AR: 0.000000 
T_US: 0.093676 
T_Malleability: 18.399935 
T_total: 35.459890
Config loaded: R=1, S=2, granularity=100000, SDR=10000, ADR=0, Rigid=1, Capture_Method=0
Stage 0: PT=0, T_stage=0.523500, bytes=0, T_capped=0
Stage 1: PT=6, T_stage=0.000000, bytes=33176880, T_capped=0
Group 0: Iters=5, Procs=1792, Factors=1.000000, Dist=2, RM=0, SM=0, RS=0, SS=0
Group 1: Iters=10, Procs=3584, Factors=1.000000, Dist=2, RM=0, SM=0, RS=0, SS=4
T_spawn: 18.265758 
T_SR: 0.036890 
T_AR: 0.000000 
T_US: 0.111280 
T_Malleability: 18.591200 
T_total: 35.456007
Config loaded: R=1, S=2, granularity=100000, SDR=10000, ADR=0, Rigid=1, Capture_Method=0
Stage 0: PT=0, T_stage=0.523500, bytes=0, T_capped=0
Stage 1: PT=6, T_stage=0.000000, bytes=33176880, T_capped=0
Group 0: Iters=5, Procs=1792, Factors=1.000000, Dist=2, RM=0, SM=0, RS=0, SS=0
Group 1: Iters=10, Procs=3584, Factors=1.000000, Dist=2, RM=0, SM=0, RS=0, SS=4
T_spawn: 16.607917 
T_SR: 0.035029 
T_AR: 0.000000 
T_US: 0.124556 
T_Malleability: 16.915555 
T_total: 34.364926
Config loaded: R=1, S=2, granularity=100000, SDR=10000, ADR=0, Rigid=1, Capture_Method=0
Stage 0: PT=0, T_stage=0.523500, bytes=0, T_capped=0
Stage 1: PT=6, T_stage=0.000000, bytes=33176880, T_capped=0
Group 0: Iters=5, Procs=1792, Factors=1.000000, Dist=2, RM=0, SM=0, RS=0, SS=0
Group 1: Iters=10, Procs=3584, Factors=1.000000, Dist=2, RM=0, SM=0, RS=0, SS=4
T_spawn: 18.675165 
T_SR: 0.063149 
T_AR: 0.000000 
T_US: 0.070377 
T_Malleability: 19.009077 
T_total: 41.343760
Config loaded: R=1, S=2, granularity=100000, SDR=10000, ADR=0, Rigid=1, Capture_Method=0
Stage 0: PT=0, T_stage=0.523500, bytes=0, T_capped=0
Stage 1: PT=6, T_stage=0.000000, bytes=33176880, T_capped=0
Group 0: Iters=5, Procs=1792, Factors=1.000000, Dist=2, RM=0, SM=0, RS=0, SS=0
Group 1: Iters=10, Procs=3584, Factors=1.000000, Dist=2, RM=0, SM=0, RS=0, SS=4
T_spawn: 18.102007 
T_SR: 0.050590 
T_AR: 0.000000 
T_US: 0.088618 
T_Malleability: 18.390298 
T_total: 35.693202
Config loaded: R=1, S=2, granularity=100000, SDR=10000, ADR=0, Rigid=1, Capture_Method=0
Stage 0: PT=0, T_stage=0.523500, bytes=0, T_capped=0
Stage 1: PT=6, T_stage=0.000000, bytes=33176880, T_capped=0
Group 0: Iters=5, Procs=1792, Factors=1.000000, Dist=2, RM=0, SM=0, RS=0, SS=0
Group 1: Iters=10, Procs=3584, Factors=1.000000, Dist=2, RM=0, SM=0, RS=0, SS=4
T_spawn: 18.652022 
T_SR: 0.043890 
T_AR: 0.000000 
T_US: 0.076229 
T_Malleability: 18.900213 
T_total: 36.490485
Config loaded: R=1, S=2, granularity=100000, SDR=10000, ADR=0, Rigid=1, Capture_Method=0
Stage 0: PT=0, T_stage=0.523500, bytes=0, T_capped=0
Stage 1: PT=6, T_stage=0.000000, bytes=33176880, T_capped=0
Group 0: Iters=5, Procs=1792, Factors=1.000000, Dist=2, RM=0, SM=0, RS=0, SS=0
Group 1: Iters=10, Procs=3584, Factors=1.000000, Dist=2, RM=0, SM=0, RS=0, SS=4
T_spawn: 19.125843 
T_SR: 0.051624 
T_AR: 0.000000 
T_US: 0.059239 
T_Malleability: 19.384761 
T_total: 36.072206
Config loaded: R=1, S=2, granularity=100000, SDR=10000, ADR=0, Rigid=1, Capture_Method=0
Stage 0: PT=0, T_stage=0.523500, bytes=0, T_capped=0
Stage 1: PT=6, T_stage=0.000000, bytes=33176880, T_capped=0
Group 0: Iters=5, Procs=1792, Factors=1.000000, Dist=2, RM=0, SM=0, RS=0, SS=0
Group 1: Iters=10, Procs=3584, Factors=1.000000, Dist=2, RM=0, SM=0, RS=0, SS=4
T_spawn: 18.072336 
T_SR: 0.042737 
T_AR: 0.000000 
T_US: 0.099058 
T_Malleability: 18.345279 
T_total: 34.769661
Config loaded: R=1, S=2, granularity=100000, SDR=10000, ADR=0, Rigid=1, Capture_Method=0
Stage 0: PT=0, T_stage=0.523500, bytes=0, T_capped=0
Stage 1: PT=6, T_stage=0.000000, bytes=33176880, T_capped=0
Group 0: Iters=5, Procs=1792, Factors=1.000000, Dist=2, RM=0, SM=0, RS=0, SS=0
Group 1: Iters=10, Procs=3584, Factors=1.000000, Dist=2, RM=0, SM=0, RS=0, SS=4
T_spawn: 19.735248 
T_SR: 0.036145 
T_AR: 0.000000 
T_US: 0.080195 
T_Malleability: 19.990175 
T_total: 36.999159
Config loaded: R=1, S=2, granularity=100000, SDR=10000, ADR=0, Rigid=1, Capture_Method=0
Stage 0: PT=0, T_stage=0.523500, bytes=0, T_capped=0
Stage 1: PT=6, T_stage=0.000000, bytes=33176880, T_capped=0
Group 0: Iters=5, Procs=1792, Factors=1.000000, Dist=2, RM=0, SM=0, RS=0, SS=0
Group 1: Iters=10, Procs=3584, Factors=1.000000, Dist=2, RM=0, SM=0, RS=0, SS=4
T_spawn: 18.305301 
T_SR: 0.043635 
T_AR: 0.000000 
T_US: 0.082085 
T_Malleability: 18.632042 
T_total: 36.690088
Config loaded: R=1, S=2, granularity=100000, SDR=10000, ADR=0, Rigid=1, Capture_Method=0
Stage 0: PT=0, T_stage=0.523500, bytes=0, T_capped=0
Stage 1: PT=6, T_stage=0.000000, bytes=33176880, T_capped=0
Group 0: Iters=5, Procs=1792, Factors=1.000000, Dist=2, RM=0, SM=0, RS=0, SS=0
Group 1: Iters=10, Procs=3584, Factors=1.000000, Dist=2, RM=0, SM=0, RS=0, SS=4
T_spawn: 18.852881 
T_SR: 0.048352 
T_AR: 0.000000 
T_US: 0.071486 
T_Malleability: 19.100172 
T_total: 35.943832
