Config: granularity=100000, SDR=10000, ADR=0, Rigid=1, Capture_Method=0
Stage 0: PT=0, T_stage=0.523500, bytes=0, T_capped=0
Stage 1: PT=6, T_stage=0.000000, bytes=33176880, T_capped=0
Group 1: Iters=10, Procs=448, Factors=1.000000, Dist=2, RM=0, SM=1, RS=0, SS=4, parents=112, children=0
Async_Iters: 0
T_iter: 0.821376 0.809458 0.829887 0.859453 0.822609 0.869521 0.822507 0.825473 0.817717 0.816671 
T_stage 0: 0.669294 0.702614 0.710033 0.707786 0.703358 0.710573 0.700821 0.700415 0.703158 0.699829 
T_stage 1: 0.151976 0.107473 0.120174 0.152283 0.119847 0.158423 0.121846 0.125208 0.117273 0.116905 
Config: granularity=100000, SDR=10000, ADR=0, Rigid=1, Capture_Method=0
Stage 0: PT=0, T_stage=0.523500, bytes=0, T_capped=0
Stage 1: PT=6, T_stage=0.000000, bytes=33176880, T_capped=0
Group 1: Iters=10, Procs=448, Factors=1.000000, Dist=2, RM=0, SM=1, RS=0, SS=4, parents=112, children=0
Async_Iters: 0
T_iter: 0.828670 0.862295 0.873652 0.870817 0.840581 0.921592 0.830806 0.850058 0.828808 0.871840 
T_stage 0: 0.695165 0.698134 0.738192 0.735999 0.734899 0.737921 0.730764 0.731602 0.730985 0.735468 
T_stage 1: 0.134588 0.170656 0.134567 0.135130 0.106252 0.187947 0.100136 0.118518 0.098416 0.141122 
Config: granularity=100000, SDR=10000, ADR=0, Rigid=1, Capture_Method=0
Stage 0: PT=0, T_stage=0.523500, bytes=0, T_capped=0
Stage 1: PT=6, T_stage=0.000000, bytes=33176880, T_capped=0
Group 1: Iters=10, Procs=448, Factors=1.000000, Dist=2, RM=0, SM=1, RS=0, SS=4, parents=112, children=0
Async_Iters: 0
T_iter: 0.809021 0.877065 0.859441 0.812842 0.815033 0.901153 0.810985 0.800354 0.796958 0.819334 
T_stage 0: 0.666997 0.678735 0.715799 0.706071 0.707597 0.711544 0.701656 0.699871 0.697529 0.697077 
T_stage 1: 0.141993 0.204641 0.145284 0.107042 0.108704 0.193965 0.109159 0.100825 0.099459 0.118827 
Config: granularity=100000, SDR=10000, ADR=0, Rigid=1, Capture_Method=0
Stage 0: PT=0, T_stage=0.523500, bytes=0, T_capped=0
Stage 1: PT=6, T_stage=0.000000, bytes=33176880, T_capped=0
Group 1: Iters=10, Procs=448, Factors=1.000000, Dist=2, RM=0, SM=1, RS=0, SS=4, parents=112, children=0
Async_Iters: 0
T_iter: 0.935024 0.936178 0.939723 0.935641 0.896464 0.946226 0.894353 0.907324 0.960172 0.993945 
T_stage 0: 0.773822 0.787413 0.793665 0.790909 0.791263 0.815747 0.787686 0.808334 0.813268 0.807834 
T_stage 1: 0.161260 0.149175 0.147749 0.141139 0.105576 0.130666 0.107170 0.099258 0.145720 0.178647 
Config: granularity=100000, SDR=10000, ADR=0, Rigid=1, Capture_Method=0
Stage 0: PT=0, T_stage=0.523500, bytes=0, T_capped=0
Stage 1: PT=6, T_stage=0.000000, bytes=33176880, T_capped=0
Group 1: Iters=10, Procs=448, Factors=1.000000, Dist=2, RM=0, SM=1, RS=0, SS=4, parents=112, children=0
Async_Iters: 0
T_iter: 0.833958 0.823955 0.832118 0.873663 0.831512 0.892179 0.832479 0.836080 0.819458 0.841774 
T_stage 0: 0.686941 0.716155 0.731529 0.733927 0.732001 0.729178 0.723666 0.725478 0.722580 0.727225 
T_stage 1: 0.146880 0.108182 0.099865 0.143604 0.099838 0.163097 0.108780 0.110656 0.096967 0.114682 
Config: granularity=100000, SDR=10000, ADR=0, Rigid=1, Capture_Method=0
Stage 0: PT=0, T_stage=0.523500, bytes=0, T_capped=0
Stage 1: PT=6, T_stage=0.000000, bytes=33176880, T_capped=0
Group 1: Iters=10, Procs=448, Factors=1.000000, Dist=2, RM=0, SM=1, RS=0, SS=4, parents=112, children=0
Async_Iters: 0
T_iter: 0.811310 0.806046 0.828806 0.823166 0.800667 0.809553 0.792879 0.787969 0.801407 0.794432 
T_stage 0: 0.668819 0.673458 0.703773 0.703722 0.703125 0.697525 0.701307 0.695420 0.695596 0.695080 
T_stage 1: 0.142994 0.134089 0.128429 0.120143 0.098138 0.112108 0.091717 0.092654 0.104989 0.101714 
Config: granularity=100000, SDR=10000, ADR=0, Rigid=1, Capture_Method=0
Stage 0: PT=0, T_stage=0.523500, bytes=0, T_capped=0
Stage 1: PT=6, T_stage=0.000000, bytes=33176880, T_capped=0
Group 1: Iters=10, Procs=448, Factors=1.000000, Dist=2, RM=0, SM=1, RS=0, SS=4, parents=112, children=0
Async_Iters: 0
T_iter: 0.959450 0.921815 0.953024 0.967511 0.942675 0.941620 0.932405 0.917658 0.957316 0.953083 
T_stage 0: 0.796784 0.802146 0.836337 0.831876 0.829560 0.831914 0.828213 0.825395 0.824384 0.820790 
T_stage 1: 0.162450 0.119857 0.117262 0.136347 0.114445 0.110177 0.105915 0.092767 0.133088 0.132307 
Config: granularity=100000, SDR=10000, ADR=0, Rigid=1, Capture_Method=0
Stage 0: PT=0, T_stage=0.523500, bytes=0, T_capped=0
Stage 1: PT=6, T_stage=0.000000, bytes=33176880, T_capped=0
Group 1: Iters=10, Procs=448, Factors=1.000000, Dist=2, RM=0, SM=1, RS=0, SS=4, parents=112, children=0
Async_Iters: 0
T_iter: 0.796876 0.788937 0.871549 0.806876 0.858828 0.779072 0.775846 0.777286 0.804420 0.782934 
T_stage 0: 0.652253 0.664384 0.694662 0.694027 0.692565 0.685033 0.687627 0.683356 0.689132 0.682689 
T_stage 1: 0.145058 0.127941 0.178316 0.111966 0.168277 0.094033 0.088557 0.093939 0.118098 0.100212 
Config: granularity=100000, SDR=10000, ADR=0, Rigid=1, Capture_Method=0
Stage 0: PT=0, T_stage=0.523500, bytes=0, T_capped=0
Stage 1: PT=6, T_stage=0.000000, bytes=33176880, T_capped=0
Group 1: Iters=10, Procs=448, Factors=1.000000, Dist=2, RM=0, SM=1, RS=0, SS=4, parents=112, children=0
Async_Iters: 0
T_iter: 0.818428 0.797349 0.826060 0.805010 0.830036 0.883315 0.834459 0.810035 0.814863 0.819504 
T_stage 0: 0.673043 0.674825 0.715609 0.708747 0.711564 0.705592 0.707198 0.705987 0.701991 0.704915 
T_stage 1: 0.146074 0.122973 0.115927 0.096619 0.118771 0.171435 0.127376 0.104537 0.113003 0.117424 
Config: granularity=100000, SDR=10000, ADR=0, Rigid=1, Capture_Method=0
Stage 0: PT=0, T_stage=0.523500, bytes=0, T_capped=0
Stage 1: PT=6, T_stage=0.000000, bytes=33176880, T_capped=0
Group 1: Iters=10, Procs=448, Factors=1.000000, Dist=2, RM=0, SM=1, RS=0, SS=4, parents=112, children=0
Async_Iters: 0
T_iter: 0.943747 0.944149 1.008054 0.952518 0.957303 0.966123 0.936284 0.992362 1.030697 0.962915 
T_stage 0: 0.799207 0.836839 0.851892 0.849620 0.846571 0.849037 0.847195 0.844960 0.840537 0.840904 
T_stage 1: 0.144769 0.108563 0.156950 0.103579 0.112052 0.117265 0.093148 0.151748 0.191400 0.122089 
Config: granularity=100000, SDR=10000, ADR=0, Rigid=1, Capture_Method=0
Stage 0: PT=0, T_stage=0.523500, bytes=0, T_capped=0
Stage 1: PT=6, T_stage=0.000000, bytes=33176880, T_capped=0
Group 1: Iters=10, Procs=448, Factors=1.000000, Dist=2, RM=0, SM=1, RS=0, SS=4, parents=112, children=0
Async_Iters: 0
T_iter: 0.948040 0.941280 0.975223 0.954662 1.036264 0.945964 0.981587 0.986261 0.942484 0.946404 
T_stage 0: 0.807480 0.839535 0.856285 0.857030 0.852072 0.848954 0.851156 0.844838 0.843092 0.847012 
T_stage 1: 0.140576 0.102360 0.119581 0.098680 0.187269 0.097081 0.134595 0.141488 0.099484 0.100915 
Config: granularity=100000, SDR=10000, ADR=0, Rigid=1, Capture_Method=0
Stage 0: PT=0, T_stage=0.523500, bytes=0, T_capped=0
Stage 1: PT=6, T_stage=0.000000, bytes=33176880, T_capped=0
Group 1: Iters=10, Procs=448, Factors=1.000000, Dist=2, RM=0, SM=1, RS=0, SS=4, parents=112, children=0
Async_Iters: 0
T_iter: 0.820258 0.822939 0.790558 0.776659 0.851781 0.827825 0.787885 0.778933 0.787997 0.771622 
T_stage 0: 0.674363 0.687069 0.678992 0.681492 0.678549 0.679234 0.671715 0.671478 0.677014 0.673942 
T_stage 1: 0.146117 0.143847 0.111947 0.095775 0.177691 0.152262 0.116242 0.107550 0.113539 0.097739 
Config: granularity=100000, SDR=10000, ADR=0, Rigid=1, Capture_Method=0
Stage 0: PT=0, T_stage=0.523500, bytes=0, T_capped=0
Stage 1: PT=6, T_stage=0.000000, bytes=33176880, T_capped=0
Group 1: Iters=10, Procs=448, Factors=1.000000, Dist=2, RM=0, SM=1, RS=0, SS=4, parents=112, children=0
Async_Iters: 0
T_iter: 0.979763 0.971177 0.955595 0.971366 0.952050 0.949129 0.949945 0.942727 0.976233 0.996780 
T_stage 0: 0.813015 0.847796 0.861470 0.855408 0.856176 0.855482 0.851661 0.847993 0.851890 0.855586 
T_stage 1: 0.166605 0.123666 0.095000 0.116671 0.096186 0.093911 0.098474 0.094948 0.127528 0.148614 
Config: granularity=100000, SDR=10000, ADR=0, Rigid=1, Capture_Method=0
Stage 0: PT=0, T_stage=0.523500, bytes=0, T_capped=0
Stage 1: PT=6, T_stage=0.000000, bytes=33176880, T_capped=0
Group 1: Iters=10, Procs=448, Factors=1.000000, Dist=2, RM=0, SM=1, RS=0, SS=4, parents=112, children=0
Async_Iters: 0
T_iter: 0.941300 0.942808 0.957320 0.962642 0.941421 0.943666 0.964365 0.943338 0.982747 0.965932 
T_stage 0: 0.794884 0.840175 0.838901 0.837528 0.838722 0.833118 0.830697 0.831040 0.832942 0.828715 
T_stage 1: 0.146825 0.103074 0.118900 0.127691 0.102272 0.110656 0.130536 0.112302 0.150168 0.134450 
Config: granularity=100000, SDR=10000, ADR=0, Rigid=1, Capture_Method=0
Stage 0: PT=0, T_stage=0.523500, bytes=0, T_capped=0
Stage 1: PT=6, T_stage=0.000000, bytes=33176880, T_capped=0
Group 1: Iters=10, Procs=448, Factors=1.000000, Dist=2, RM=0, SM=1, RS=0, SS=4, parents=112, children=0
Async_Iters: 0
T_iter: 0.995074 0.940963 0.956805 1.008501 0.953910 0.954285 0.943079 0.945978 0.934623 0.992540 
T_stage 0: 0.790612 0.810966 0.839211 0.837766 0.832566 0.835304 0.830156 0.828835 0.826029 0.829091 
T_stage 1: 0.197488 0.130187 0.118357 0.171251 0.121539 0.119105 0.112968 0.117642 0.108690 0.165206 
Config: granularity=100000, SDR=10000, ADR=0, Rigid=1, Capture_Method=0
Stage 0: PT=0, T_stage=0.523500, bytes=0, T_capped=0
Stage 1: PT=6, T_stage=0.000000, bytes=33176880, T_capped=0
Group 1: Iters=10, Procs=448, Factors=1.000000, Dist=2, RM=0, SM=1, RS=0, SS=4, parents=112, children=0
Async_Iters: 0
T_iter: 0.873475 0.823399 0.869532 0.838339 0.854974 0.881943 0.826956 0.807857 0.823654 0.815866 
T_stage 0: 0.674701 0.711727 0.720092 0.720319 0.715311 0.725483 0.715093 0.711648 0.712002 0.709185 
T_stage 1: 0.198322 0.111940 0.150966 0.119593 0.139981 0.161901 0.111818 0.096362 0.111614 0.106869 
Config: granularity=100000, SDR=10000, ADR=0, Rigid=1, Capture_Method=0
Stage 0: PT=0, T_stage=0.523500, bytes=0, T_capped=0
Stage 1: PT=6, T_stage=0.000000, bytes=33176880, T_capped=0
Group 1: Iters=10, Procs=448, Factors=1.000000, Dist=2, RM=0, SM=1, RS=0, SS=4, parents=112, children=0
Async_Iters: 0
T_iter: 0.912537 0.886521 0.912090 0.891140 0.877306 0.869297 0.860816 0.858533 0.862228 0.865411 
T_stage 0: 0.772641 0.778752 0.780499 0.779772 0.769056 0.762898 0.762364 0.760776 0.758031 0.764551 
T_stage 1: 0.141301 0.108004 0.131352 0.108937 0.108650 0.106527 0.098607 0.097377 0.104223 0.103121 
Config: granularity=100000, SDR=10000, ADR=0, Rigid=1, Capture_Method=0
Stage 0: PT=0, T_stage=0.523500, bytes=0, T_capped=0
Stage 1: PT=6, T_stage=0.000000, bytes=33176880, T_capped=0
Group 1: Iters=10, Procs=448, Factors=1.000000, Dist=2, RM=0, SM=1, RS=0, SS=4, parents=112, children=0
Async_Iters: 0
T_iter: 0.823383 0.842862 0.830920 0.834994 0.812674 0.805913 0.803528 0.804769 0.828834 0.805998 
T_stage 0: 0.670914 0.705252 0.714597 0.713192 0.708565 0.709733 0.703806 0.706729 0.701848 0.704474 
T_stage 1: 0.152314 0.138131 0.116619 0.127352 0.104615 0.096218 0.099883 0.101634 0.124857 0.101708 
Config: granularity=100000, SDR=10000, ADR=0, Rigid=1, Capture_Method=0
Stage 0: PT=0, T_stage=0.523500, bytes=0, T_capped=0
Stage 1: PT=6, T_stage=0.000000, bytes=33176880, T_capped=0
Group 1: Iters=10, Procs=448, Factors=1.000000, Dist=2, RM=0, SM=1, RS=0, SS=4, parents=112, children=0
Async_Iters: 0
T_iter: 0.935269 0.934321 0.916290 0.949379 0.933904 0.923018 0.914020 0.922884 0.921997 0.909816 
T_stage 0: 0.793368 0.817312 0.820808 0.833666 0.819927 0.817099 0.811893 0.811725 0.809773 0.815971 
T_stage 1: 0.142226 0.117065 0.095979 0.118591 0.114854 0.105433 0.102695 0.111235 0.112313 0.093888 
Config: granularity=100000, SDR=10000, ADR=0, Rigid=1, Capture_Method=0
Stage 0: PT=0, T_stage=0.523500, bytes=0, T_capped=0
Stage 1: PT=6, T_stage=0.000000, bytes=33176880, T_capped=0
Group 1: Iters=10, Procs=448, Factors=1.000000, Dist=2, RM=0, SM=1, RS=0, SS=4, parents=112, children=0
Async_Iters: 0
T_iter: 0.824781 0.813858 0.843625 0.858860 0.840970 0.853584 0.813393 0.824601 0.817497 0.815169 
T_stage 0: 0.685955 0.695995 0.730994 0.727430 0.723060 0.733851 0.718461 0.727071 0.718995 0.717705 
T_stage 1: 0.140053 0.120152 0.113180 0.133405 0.118335 0.123156 0.095101 0.101310 0.098408 0.097582 
