Config: granularity=100000, SDR=10000, ADR=0, Rigid=1, Capture_Method=0
Stage 0: PT=0, T_stage=0.523500, bytes=0, T_capped=0
Stage 1: PT=6, T_stage=0.000000, bytes=33176880, T_capped=0
Group 1: Iters=10, Procs=896, Factors=1.000000, Dist=2, RM=0, SM=1, RS=0, SS=4, parents=224, children=0
Async_Iters: 0
T_iter: 1.017366 0.970720 1.073261 0.991126 1.025737 1.003525 1.003948 1.041428 1.025876 0.962817 
T_stage 0: 0.799237 0.827820 0.839902 0.845663 0.843699 0.836311 0.839187 0.834640 0.832070 0.832832 
T_stage 1: 0.218589 0.143197 0.229321 0.148877 0.190464 0.167536 0.170220 0.210050 0.190910 0.130967 
Config: granularity=100000, SDR=10000, ADR=0, Rigid=1, Capture_Method=0
Stage 0: PT=0, T_stage=0.523500, bytes=0, T_capped=0
Stage 1: PT=6, T_stage=0.000000, bytes=33176880, T_capped=0
Group 1: Iters=10, Procs=896, Factors=1.000000, Dist=2, RM=0, SM=1, RS=0, SS=4, parents=224, children=0
Async_Iters: 0
T_iter: 0.978226 0.935228 0.949573 0.999698 0.950071 0.904102 0.906290 0.916885 0.938414 0.872152 
T_stage 0: 0.771104 0.776800 0.781133 0.783849 0.775044 0.771401 0.770579 0.769383 0.754001 0.745978 
T_stage 1: 0.206148 0.158614 0.170267 0.216471 0.175871 0.132611 0.136335 0.147801 0.188051 0.124233 
Config: granularity=100000, SDR=10000, ADR=0, Rigid=1, Capture_Method=0
Stage 0: PT=0, T_stage=0.523500, bytes=0, T_capped=0
Stage 1: PT=6, T_stage=0.000000, bytes=33176880, T_capped=0
Group 1: Iters=10, Procs=896, Factors=1.000000, Dist=2, RM=0, SM=1, RS=0, SS=4, parents=224, children=0
Async_Iters: 0
T_iter: 1.036674 0.982807 0.991219 1.004229 1.077176 0.971744 1.007941 0.998026 0.969038 0.955954 
T_stage 0: 0.844175 0.844524 0.849966 0.853924 0.842394 0.843341 0.841875 0.845405 0.844465 0.836151 
T_stage 1: 0.192318 0.137042 0.141896 0.157826 0.233362 0.128563 0.166174 0.155812 0.127187 0.120167 
Config: granularity=100000, SDR=10000, ADR=0, Rigid=1, Capture_Method=0
Stage 0: PT=0, T_stage=0.523500, bytes=0, T_capped=0
Stage 1: PT=6, T_stage=0.000000, bytes=33176880, T_capped=0
Group 1: Iters=10, Procs=896, Factors=1.000000, Dist=2, RM=0, SM=1, RS=0, SS=4, parents=224, children=0
Async_Iters: 0
T_iter: 0.911495 0.911209 0.908453 0.951375 0.874985 0.892865 0.881603 0.911296 0.973490 0.949201 
T_stage 0: 0.752157 0.755405 0.764564 0.751422 0.751229 0.751310 0.743953 0.756254 0.749579 0.743993 
T_stage 1: 0.159828 0.156235 0.148389 0.203269 0.124460 0.142712 0.137696 0.161609 0.229849 0.203538 
Config: granularity=100000, SDR=10000, ADR=0, Rigid=1, Capture_Method=0
Stage 0: PT=0, T_stage=0.523500, bytes=0, T_capped=0
Stage 1: PT=6, T_stage=0.000000, bytes=33176880, T_capped=0
Group 1: Iters=10, Procs=896, Factors=1.000000, Dist=2, RM=0, SM=1, RS=0, SS=4, parents=224, children=0
Async_Iters: 0
T_iter: 0.986870 0.897769 0.934602 0.930202 0.952108 0.920529 0.934574 0.931326 1.005998 0.887388 
T_stage 0: 0.786735 0.775113 0.789402 0.793214 0.787226 0.789187 0.784677 0.783087 0.763341 0.766614 
T_stage 1: 0.200899 0.123920 0.145967 0.134265 0.166287 0.130371 0.152219 0.151556 0.245068 0.120991 
Config: granularity=100000, SDR=10000, ADR=0, Rigid=1, Capture_Method=0
Stage 0: PT=0, T_stage=0.523500, bytes=0, T_capped=0
Stage 1: PT=6, T_stage=0.000000, bytes=33176880, T_capped=0
Group 1: Iters=10, Procs=896, Factors=1.000000, Dist=2, RM=0, SM=1, RS=0, SS=4, parents=224, children=0
Async_Iters: 0
T_iter: 0.854704 0.838164 0.890896 0.865761 0.844317 0.888888 0.821764 0.827474 0.805389 1.015218 
T_stage 0: 0.691634 0.713562 0.713841 0.708958 0.715015 0.706959 0.688354 0.684245 0.670990 0.690214 
T_stage 1: 0.163569 0.127795 0.178028 0.149846 0.129765 0.182713 0.133461 0.143720 0.138947 0.329957 
Config: granularity=100000, SDR=10000, ADR=0, Rigid=1, Capture_Method=0
Stage 0: PT=0, T_stage=0.523500, bytes=0, T_capped=0
Stage 1: PT=6, T_stage=0.000000, bytes=33176880, T_capped=0
Group 1: Iters=10, Procs=896, Factors=1.000000, Dist=2, RM=0, SM=1, RS=0, SS=4, parents=224, children=0
Async_Iters: 0
T_iter: 0.977647 0.877285 0.929493 0.976383 0.893716 0.897503 0.884683 0.889569 0.960127 0.893365 
T_stage 0: 0.755628 0.756095 0.759768 0.755633 0.753275 0.746859 0.750906 0.750155 0.749424 0.758657 
T_stage 1: 0.222046 0.121481 0.173782 0.223171 0.140804 0.150896 0.134554 0.139792 0.207567 0.137281 
Config: granularity=100000, SDR=10000, ADR=0, Rigid=1, Capture_Method=0
Stage 0: PT=0, T_stage=0.523500, bytes=0, T_capped=0
Stage 1: PT=6, T_stage=0.000000, bytes=33176880, T_capped=0
Group 1: Iters=10, Procs=896, Factors=1.000000, Dist=2, RM=0, SM=1, RS=0, SS=4, parents=224, children=0
Async_Iters: 0
T_iter: 1.003561 0.932212 1.002439 0.980385 0.966035 0.950909 0.943089 0.968562 1.009082 0.933314 
T_stage 0: 0.828090 0.800367 0.814100 0.810975 0.812907 0.811414 0.805455 0.810655 0.818811 0.804532 
T_stage 1: 0.176105 0.132541 0.179097 0.168637 0.156793 0.140101 0.138885 0.163532 0.200166 0.124592 
Config: granularity=100000, SDR=10000, ADR=0, Rigid=1, Capture_Method=0
Stage 0: PT=0, T_stage=0.523500, bytes=0, T_capped=0
Stage 1: PT=6, T_stage=0.000000, bytes=33176880, T_capped=0
Group 1: Iters=10, Procs=896, Factors=1.000000, Dist=2, RM=0, SM=1, RS=0, SS=4, parents=224, children=0
Async_Iters: 0
T_iter: 1.049368 1.028053 1.031660 1.008719 1.021308 0.949000 0.960769 1.018063 1.086514 0.980025 
T_stage 0: 0.819516 0.842167 0.839378 0.840972 0.834040 0.832590 0.833629 0.832768 0.834499 0.824966 
T_stage 1: 0.230394 0.186685 0.193361 0.162278 0.187419 0.116324 0.127538 0.186285 0.252457 0.155164 
Config: granularity=100000, SDR=10000, ADR=0, Rigid=1, Capture_Method=0
Stage 0: PT=0, T_stage=0.523500, bytes=0, T_capped=0
Stage 1: PT=6, T_stage=0.000000, bytes=33176880, T_capped=0
Group 1: Iters=10, Procs=896, Factors=1.000000, Dist=2, RM=0, SM=1, RS=0, SS=4, parents=224, children=0
Async_Iters: 0
T_iter: 0.971922 0.909937 0.907022 0.943954 0.984318 0.928859 0.918512 0.980771 1.004670 0.941036 
T_stage 0: 0.762006 0.781640 0.788211 0.787717 0.782896 0.778262 0.777528 0.775297 0.772654 0.775957 
T_stage 1: 0.203832 0.128626 0.127137 0.161011 0.200346 0.152148 0.142815 0.201586 0.232375 0.163222 
Config: granularity=100000, SDR=10000, ADR=0, Rigid=1, Capture_Method=0
Stage 0: PT=0, T_stage=0.523500, bytes=0, T_capped=0
Stage 1: PT=6, T_stage=0.000000, bytes=33176880, T_capped=0
Group 1: Iters=10, Procs=896, Factors=1.000000, Dist=2, RM=0, SM=1, RS=0, SS=4, parents=224, children=0
Async_Iters: 0
T_iter: 0.942803 0.923018 0.935853 0.990127 0.993037 0.938539 0.928308 0.939665 0.955703 0.962806 
T_stage 0: 0.763795 0.782981 0.791466 0.792433 0.778529 0.778309 0.776070 0.773205 0.783604 0.772342 
T_stage 1: 0.179616 0.140171 0.151383 0.202892 0.214660 0.160339 0.152530 0.166578 0.176608 0.193675 
Config: granularity=100000, SDR=10000, ADR=0, Rigid=1, Capture_Method=0
Stage 0: PT=0, T_stage=0.523500, bytes=0, T_capped=0
Stage 1: PT=6, T_stage=0.000000, bytes=33176880, T_capped=0
Group 1: Iters=10, Procs=896, Factors=1.000000, Dist=2, RM=0, SM=1, RS=0, SS=4, parents=224, children=0
Async_Iters: 0
T_iter: 1.001168 0.968470 1.035136 1.001968 1.083221 0.981945 0.976323 0.990265 0.985614 0.948053 
T_stage 0: 0.824434 0.833421 0.846074 0.842470 0.830323 0.831742 0.825177 0.826058 0.830811 0.823413 
T_stage 1: 0.177993 0.135222 0.188207 0.163568 0.252160 0.151786 0.151259 0.165719 0.156403 0.124783 
Config: granularity=100000, SDR=10000, ADR=0, Rigid=1, Capture_Method=0
Stage 0: PT=0, T_stage=0.523500, bytes=0, T_capped=0
Stage 1: PT=6, T_stage=0.000000, bytes=33176880, T_capped=0
Group 1: Iters=10, Procs=896, Factors=1.000000, Dist=2, RM=0, SM=1, RS=0, SS=4, parents=224, children=0
Async_Iters: 0
T_iter: 0.964617 0.943222 0.936931 0.921047 0.894127 0.890333 0.965243 0.929949 0.885310 0.879700 
T_stage 0: 0.758252 0.765220 0.760421 0.757637 0.756598 0.755702 0.766603 0.756996 0.753660 0.750437 
T_stage 1: 0.206345 0.178356 0.175440 0.162333 0.137273 0.134867 0.191191 0.176708 0.131818 0.129790 
Config: granularity=100000, SDR=10000, ADR=0, Rigid=1, Capture_Method=0
Stage 0: PT=0, T_stage=0.523500, bytes=0, T_capped=0
Stage 1: PT=6, T_stage=0.000000, bytes=33176880, T_capped=0
Group 1: Iters=10, Procs=896, Factors=1.000000, Dist=2, RM=0, SM=1, RS=0, SS=4, parents=224, children=0
Async_Iters: 0
T_iter: 0.921635 0.867286 0.972473 0.939671 0.959188 0.897494 0.973310 0.906515 0.900570 0.889726 
T_stage 0: 0.761549 0.719229 0.774498 0.762663 0.764125 0.762763 0.756061 0.754769 0.759830 0.752791 
T_stage 1: 0.159938 0.148704 0.203866 0.177342 0.195656 0.134768 0.217442 0.151968 0.143348 0.137266 
Config: granularity=100000, SDR=10000, ADR=0, Rigid=1, Capture_Method=0
Stage 0: PT=0, T_stage=0.523500, bytes=0, T_capped=0
Stage 1: PT=6, T_stage=0.000000, bytes=33176880, T_capped=0
Group 1: Iters=10, Procs=896, Factors=1.000000, Dist=2, RM=0, SM=1, RS=0, SS=4, parents=224, children=0
Async_Iters: 0
T_iter: 0.926743 0.873312 0.915648 1.042052 0.921096 0.905345 0.952834 0.895569 0.968065 0.884860 
T_stage 0: 0.734035 0.749959 0.762590 0.758343 0.763132 0.752364 0.749241 0.751636 0.752290 0.753093 
T_stage 1: 0.179936 0.123972 0.156540 0.288003 0.165948 0.154834 0.204228 0.146873 0.221489 0.137395 
Config: granularity=100000, SDR=10000, ADR=0, Rigid=1, Capture_Method=0
Stage 0: PT=0, T_stage=0.523500, bytes=0, T_capped=0
Stage 1: PT=6, T_stage=0.000000, bytes=33176880, T_capped=0
Group 1: Iters=10, Procs=896, Factors=1.000000, Dist=2, RM=0, SM=1, RS=0, SS=4, parents=224, children=0
Async_Iters: 0
T_iter: 0.991136 0.961243 1.026824 0.968242 1.010869 0.952887 0.990558 1.033063 0.954290 0.973267 
T_stage 0: 0.785274 0.801240 0.834493 0.826290 0.825474 0.829055 0.826033 0.817882 0.816868 0.819814 
T_stage 1: 0.206748 0.160257 0.196965 0.147623 0.187020 0.131015 0.170804 0.211116 0.140114 0.154824 
Config: granularity=100000, SDR=10000, ADR=0, Rigid=1, Capture_Method=0
Stage 0: PT=0, T_stage=0.523500, bytes=0, T_capped=0
Stage 1: PT=6, T_stage=0.000000, bytes=33176880, T_capped=0
Group 1: Iters=10, Procs=896, Factors=1.000000, Dist=2, RM=0, SM=1, RS=0, SS=4, parents=224, children=0
Async_Iters: 0
T_iter: 0.954838 0.958279 0.969936 0.916184 1.021558 0.921543 0.905026 0.907542 0.902751 0.910453 
T_stage 0: 0.768451 0.774427 0.788909 0.789448 0.779614 0.781123 0.776357 0.775025 0.774553 0.768938 
T_stage 1: 0.186302 0.187667 0.182105 0.127654 0.240258 0.142300 0.128273 0.132985 0.128407 0.141590 
Config: granularity=100000, SDR=10000, ADR=0, Rigid=1, Capture_Method=0
Stage 0: PT=0, T_stage=0.523500, bytes=0, T_capped=0
Stage 1: PT=6, T_stage=0.000000, bytes=33176880, T_capped=0
Group 1: Iters=10, Procs=896, Factors=1.000000, Dist=2, RM=0, SM=1, RS=0, SS=4, parents=224, children=0
Async_Iters: 0
T_iter: 0.909114 0.866528 0.888910 0.921851 0.894386 0.813222 0.930927 0.870849 0.840637 0.836056 
T_stage 0: 0.719494 0.711238 0.763500 0.755313 0.758894 0.699081 0.697911 0.702692 0.700094 0.692342 
T_stage 1: 0.189464 0.154705 0.130232 0.160974 0.134150 0.114687 0.229219 0.174986 0.140738 0.146524 
Config: granularity=100000, SDR=10000, ADR=0, Rigid=1, Capture_Method=0
Stage 0: PT=0, T_stage=0.523500, bytes=0, T_capped=0
Stage 1: PT=6, T_stage=0.000000, bytes=33176880, T_capped=0
Group 1: Iters=10, Procs=896, Factors=1.000000, Dist=2, RM=0, SM=1, RS=0, SS=4, parents=224, children=0
Async_Iters: 0
T_iter: 1.029852 1.054174 0.988494 1.004861 1.027587 0.978812 1.012081 0.998903 1.069202 0.984585 
T_stage 0: 0.854081 0.857311 0.855040 0.858896 0.850627 0.849810 0.850385 0.841971 0.849626 0.841256 
T_stage 1: 0.175752 0.200351 0.134502 0.146813 0.179123 0.129500 0.156071 0.156905 0.219981 0.140030 
Config: granularity=100000, SDR=10000, ADR=0, Rigid=1, Capture_Method=0
Stage 0: PT=0, T_stage=0.523500, bytes=0, T_capped=0
Stage 1: PT=6, T_stage=0.000000, bytes=33176880, T_capped=0
Group 1: Iters=10, Procs=896, Factors=1.000000, Dist=2, RM=0, SM=1, RS=0, SS=4, parents=224, children=0
Async_Iters: 0
T_iter: 1.017773 0.973121 0.978600 1.025424 0.997228 0.960138 0.959821 1.000319 0.987222 0.955752 
T_stage 0: 0.828332 0.845576 0.845052 0.850160 0.840054 0.835979 0.834945 0.835822 0.833556 0.833749 
T_stage 1: 0.183588 0.127935 0.134750 0.176518 0.148393 0.124509 0.125164 0.168076 0.153749 0.123501 
