Config: granularity=100000, SDR=10000, ADR=0, Rigid=1, Capture_Method=0
Stage 0: PT=0, T_stage=0.523500, bytes=0, T_capped=0
Stage 1: PT=6, T_stage=0.000000, bytes=33176880, T_capped=0
Group 0: Iters=5, Procs=896, Factors=1.000000, Dist=2, RM=0, SM=0, RS=0, SS=0, parents=0, children=224
Async_Iters: 0
T_iter: 0.897081 0.852687 0.784386 0.778820 0.806783 
T_stage 0: 0.729067 0.728816 0.666081 0.664603 0.666411 
T_stage 1: 0.167929 0.123737 0.118263 0.114576 0.137457 
Config: granularity=100000, SDR=10000, ADR=0, Rigid=1, Capture_Method=0
Stage 0: PT=0, T_stage=0.523500, bytes=0, T_capped=0
Stage 1: PT=6, T_stage=0.000000, bytes=33176880, T_capped=0
Group 0: Iters=5, Procs=896, Factors=1.000000, Dist=2, RM=0, SM=0, RS=0, SS=0, parents=0, children=224
Async_Iters: 0
T_iter: 1.045272 1.027756 1.009904 1.010223 1.031882 
T_stage 0: 0.849851 0.885552 0.881834 0.874922 0.871265 
T_stage 1: 0.195675 0.142971 0.128942 0.134957 0.160272 
Config: granularity=100000, SDR=10000, ADR=0, Rigid=1, Capture_Method=0
Stage 0: PT=0, T_stage=0.523500, bytes=0, T_capped=0
Stage 1: PT=6, T_stage=0.000000, bytes=33176880, T_capped=0
Group 0: Iters=5, Procs=896, Factors=1.000000, Dist=2, RM=0, SM=0, RS=0, SS=0, parents=0, children=224
Async_Iters: 0
T_iter: 0.901684 0.888935 0.980359 0.944053 0.880353 
T_stage 0: 0.747244 0.763677 0.775332 0.757635 0.758531 
T_stage 1: 0.154683 0.126124 0.211907 0.186103 0.122903 
Config: granularity=100000, SDR=10000, ADR=0, Rigid=1, Capture_Method=0
Stage 0: PT=0, T_stage=0.523500, bytes=0, T_capped=0
Stage 1: PT=6, T_stage=0.000000, bytes=33176880, T_capped=0
Group 0: Iters=5, Procs=896, Factors=1.000000, Dist=2, RM=0, SM=0, RS=0, SS=0, parents=0, children=224
Async_Iters: 0
T_iter: 0.923565 0.910693 0.930255 0.910677 0.903388 
T_stage 0: 0.759783 0.788506 0.787976 0.782810 0.781523 
T_stage 1: 0.163853 0.122924 0.142743 0.128052 0.121972 
Config: granularity=100000, SDR=10000, ADR=0, Rigid=1, Capture_Method=0
Stage 0: PT=0, T_stage=0.523500, bytes=0, T_capped=0
Stage 1: PT=6, T_stage=0.000000, bytes=33176880, T_capped=0
Group 0: Iters=5, Procs=896, Factors=1.000000, Dist=2, RM=0, SM=0, RS=0, SS=0, parents=0, children=224
Async_Iters: 0
T_iter: 0.902473 0.892849 0.929269 0.924420 0.886129 
T_stage 0: 0.737291 0.772631 0.779761 0.769510 0.767326 
T_stage 1: 0.165279 0.121026 0.155571 0.159744 0.119106 
Config: granularity=100000, SDR=10000, ADR=0, Rigid=1, Capture_Method=0
Stage 0: PT=0, T_stage=0.523500, bytes=0, T_capped=0
Stage 1: PT=6, T_stage=0.000000, bytes=33176880, T_capped=0
Group 0: Iters=5, Procs=896, Factors=1.000000, Dist=2, RM=0, SM=0, RS=0, SS=0, parents=0, children=224
Async_Iters: 0
T_iter: 0.923901 0.884745 0.916054 0.943817 0.874661 
T_stage 0: 0.736833 0.759441 0.767779 0.763976 0.755033 
T_stage 1: 0.185359 0.126281 0.154442 0.188286 0.120007 
Config: granularity=100000, SDR=10000, ADR=0, Rigid=1, Capture_Method=0
Stage 0: PT=0, T_stage=0.523500, bytes=0, T_capped=0
Stage 1: PT=6, T_stage=0.000000, bytes=33176880, T_capped=0
Group 0: Iters=5, Procs=896, Factors=1.000000, Dist=2, RM=0, SM=0, RS=0, SS=0, parents=0, children=224
Async_Iters: 0
T_iter: 1.022783 1.011900 1.018448 1.015066 0.998606 
T_stage 0: 0.855196 0.889436 0.890426 0.881582 0.880530 
T_stage 1: 0.167873 0.123344 0.127857 0.133220 0.118182 
Config: granularity=100000, SDR=10000, ADR=0, Rigid=1, Capture_Method=0
Stage 0: PT=0, T_stage=0.523500, bytes=0, T_capped=0
Stage 1: PT=6, T_stage=0.000000, bytes=33176880, T_capped=0
Group 0: Iters=5, Procs=896, Factors=1.000000, Dist=2, RM=0, SM=0, RS=0, SS=0, parents=0, children=224
Async_Iters: 0
T_iter: 0.929051 0.906354 0.914487 0.906197 0.903046 
T_stage 0: 0.762291 0.783368 0.785574 0.779176 0.776126 
T_stage 1: 0.166761 0.123609 0.131650 0.131993 0.126345 
Config: granularity=100000, SDR=10000, ADR=0, Rigid=1, Capture_Method=0
Stage 0: PT=0, T_stage=0.523500, bytes=0, T_capped=0
Stage 1: PT=6, T_stage=0.000000, bytes=33176880, T_capped=0
Group 0: Iters=5, Procs=896, Factors=1.000000, Dist=2, RM=0, SM=0, RS=0, SS=0, parents=0, children=224
Async_Iters: 0
T_iter: 0.995257 0.990022 0.994338 0.967780 0.990698 
T_stage 0: 0.836046 0.853157 0.855446 0.849123 0.847604 
T_stage 1: 0.159124 0.137509 0.139771 0.118642 0.143120 
Config: granularity=100000, SDR=10000, ADR=0, Rigid=1, Capture_Method=0
Stage 0: PT=0, T_stage=0.523500, bytes=0, T_capped=0
Stage 1: PT=6, T_stage=0.000000, bytes=33176880, T_capped=0
Group 0: Iters=5, Procs=896, Factors=1.000000, Dist=2, RM=0, SM=0, RS=0, SS=0, parents=0, children=224
Async_Iters: 0
T_iter: 0.925343 0.891686 0.901399 0.898609 0.883314 
T_stage 0: 0.752357 0.763678 0.767634 0.761492 0.758630 
T_stage 1: 0.172839 0.128811 0.138107 0.142015 0.124749 
Config: granularity=100000, SDR=10000, ADR=0, Rigid=1, Capture_Method=0
Stage 0: PT=0, T_stage=0.523500, bytes=0, T_capped=0
Stage 1: PT=6, T_stage=0.000000, bytes=33176880, T_capped=0
Group 0: Iters=5, Procs=896, Factors=1.000000, Dist=2, RM=0, SM=0, RS=0, SS=0, parents=0, children=224
Async_Iters: 0
T_iter: 0.928663 0.908819 0.909033 0.899950 0.899525 
T_stage 0: 0.776164 0.784726 0.787587 0.781010 0.780425 
T_stage 1: 0.152308 0.124984 0.122069 0.118974 0.119478 
Config: granularity=100000, SDR=10000, ADR=0, Rigid=1, Capture_Method=0
Stage 0: PT=0, T_stage=0.523500, bytes=0, T_capped=0
Stage 1: PT=6, T_stage=0.000000, bytes=33176880, T_capped=0
Group 0: Iters=5, Procs=896, Factors=1.000000, Dist=2, RM=0, SM=0, RS=0, SS=0, parents=0, children=224
Async_Iters: 0
T_iter: 0.909420 0.908565 0.914371 0.920011 0.904798 
T_stage 0: 0.751507 0.783812 0.789827 0.779368 0.779508 
T_stage 1: 0.157819 0.125508 0.128846 0.140755 0.125517 
Config: granularity=100000, SDR=10000, ADR=0, Rigid=1, Capture_Method=0
Stage 0: PT=0, T_stage=0.523500, bytes=0, T_capped=0
Stage 1: PT=6, T_stage=0.000000, bytes=33176880, T_capped=0
Group 0: Iters=5, Procs=896, Factors=1.000000, Dist=2, RM=0, SM=0, RS=0, SS=0, parents=0, children=224
Async_Iters: 0
T_iter: 0.997147 0.995382 0.988019 0.981496 0.980938 
T_stage 0: 0.817956 0.862546 0.865526 0.856374 0.857175 
T_stage 1: 0.179059 0.133557 0.123232 0.124274 0.123991 
Config: granularity=100000, SDR=10000, ADR=0, Rigid=1, Capture_Method=0
Stage 0: PT=0, T_stage=0.523500, bytes=0, T_capped=0
Stage 1: PT=6, T_stage=0.000000, bytes=33176880, T_capped=0
Group 0: Iters=5, Procs=896, Factors=1.000000, Dist=2, RM=0, SM=0, RS=0, SS=0, parents=0, children=224
Async_Iters: 0
T_iter: 0.936496 0.924850 0.922435 0.918132 0.906486 
T_stage 0: 0.768787 0.809224 0.799343 0.789328 0.789696 
T_stage 1: 0.164878 0.116560 0.123932 0.129138 0.117183 
Config: granularity=100000, SDR=10000, ADR=0, Rigid=1, Capture_Method=0
Stage 0: PT=0, T_stage=0.523500, bytes=0, T_capped=0
Stage 1: PT=6, T_stage=0.000000, bytes=33176880, T_capped=0
Group 0: Iters=5, Procs=896, Factors=1.000000, Dist=2, RM=0, SM=0, RS=0, SS=0, parents=0, children=224
Async_Iters: 0
T_iter: 0.910198 0.890857 0.941133 0.929762 0.913500 
T_stage 0: 0.747187 0.783055 0.795319 0.775308 0.774570 
T_stage 1: 0.163386 0.108502 0.155419 0.154512 0.139113 
Config: granularity=100000, SDR=10000, ADR=0, Rigid=1, Capture_Method=0
Stage 0: PT=0, T_stage=0.523500, bytes=0, T_capped=0
Stage 1: PT=6, T_stage=0.000000, bytes=33176880, T_capped=0
Group 0: Iters=5, Procs=896, Factors=1.000000, Dist=2, RM=0, SM=0, RS=0, SS=0, parents=0, children=224
Async_Iters: 0
T_iter: 0.906118 0.886834 0.919705 0.918509 0.881069 
T_stage 0: 0.743703 0.763807 0.775593 0.768085 0.759463 
T_stage 1: 0.162451 0.123748 0.152834 0.159351 0.121757 
Config: granularity=100000, SDR=10000, ADR=0, Rigid=1, Capture_Method=0
Stage 0: PT=0, T_stage=0.523500, bytes=0, T_capped=0
Stage 1: PT=6, T_stage=0.000000, bytes=33176880, T_capped=0
Group 0: Iters=5, Procs=896, Factors=1.000000, Dist=2, RM=0, SM=0, RS=0, SS=0, parents=0, children=224
Async_Iters: 0
T_iter: 0.997736 0.933921 0.919035 0.922854 0.907531 
T_stage 0: 0.785383 0.796547 0.799252 0.789523 0.786575 
T_stage 1: 0.203361 0.138206 0.120238 0.132850 0.121064 
Config: granularity=100000, SDR=10000, ADR=0, Rigid=1, Capture_Method=0
Stage 0: PT=0, T_stage=0.523500, bytes=0, T_capped=0
Stage 1: PT=6, T_stage=0.000000, bytes=33176880, T_capped=0
Group 0: Iters=5, Procs=896, Factors=1.000000, Dist=2, RM=0, SM=0, RS=0, SS=0, parents=0, children=224
Async_Iters: 0
T_iter: 0.923745 0.925884 0.907620 0.884844 0.885751 
T_stage 0: 0.763423 0.771677 0.774431 0.765200 0.765053 
T_stage 1: 0.161137 0.157023 0.133553 0.120041 0.120661 
Config: granularity=100000, SDR=10000, ADR=0, Rigid=1, Capture_Method=0
Stage 0: PT=0, T_stage=0.523500, bytes=0, T_capped=0
Stage 1: PT=6, T_stage=0.000000, bytes=33176880, T_capped=0
Group 0: Iters=5, Procs=896, Factors=1.000000, Dist=2, RM=0, SM=0, RS=0, SS=0, parents=0, children=224
Async_Iters: 0
T_iter: 0.917910 0.901447 0.926089 0.899587 0.885187 
T_stage 0: 0.755204 0.775488 0.783532 0.775543 0.764841 
T_stage 1: 0.162665 0.126603 0.153771 0.123936 0.120451 
Config: granularity=100000, SDR=10000, ADR=0, Rigid=1, Capture_Method=0
Stage 0: PT=0, T_stage=0.523500, bytes=0, T_capped=0
Stage 1: PT=6, T_stage=0.000000, bytes=33176880, T_capped=0
Group 0: Iters=5, Procs=896, Factors=1.000000, Dist=2, RM=0, SM=0, RS=0, SS=0, parents=0, children=224
Async_Iters: 0
T_iter: 1.061520 1.002200 1.010551 0.991178 0.987773 
T_stage 0: 0.862985 0.878621 0.874089 0.873721 0.866100 
T_stage 1: 0.195927 0.124401 0.136830 0.117523 0.121658 
