Config: granularity=100000, SDR=10000, ADR=0, Rigid=1, Capture_Method=0
Stage 0: PT=0, T_stage=0.523500, bytes=0, T_capped=0
Stage 1: PT=6, T_stage=0.000000, bytes=33176880, T_capped=0
Group 1: Iters=10, Procs=1792, Factors=1.000000, Dist=2, RM=0, SM=1, RS=0, SS=4, parents=112, children=0
Async_Iters: 0
T_iter: 1.080263 1.021245 0.962045 0.957770 0.987591 0.985524 1.013301 1.005679 1.020049 0.974488 
T_stage 0: 0.823320 0.827100 0.820699 0.823151 0.820496 0.822850 0.820702 0.820056 0.816360 0.816320 
T_stage 1: 0.251093 0.191689 0.144168 0.132969 0.168105 0.162021 0.192944 0.183577 0.207201 0.157894 
Config: granularity=100000, SDR=10000, ADR=0, Rigid=1, Capture_Method=0
Stage 0: PT=0, T_stage=0.523500, bytes=0, T_capped=0
Stage 1: PT=6, T_stage=0.000000, bytes=33176880, T_capped=0
Group 1: Iters=10, Procs=1792, Factors=1.000000, Dist=2, RM=0, SM=1, RS=0, SS=4, parents=112, children=0
Async_Iters: 0
T_iter: 0.877878 0.936355 0.974664 0.911324 0.863565 0.853912 0.917305 0.894400 0.862165 0.847727 
T_stage 0: 0.709564 0.724185 0.721581 0.722120 0.712778 0.713658 0.719524 0.709108 0.709110 0.706477 
T_stage 1: 0.168035 0.211458 0.247917 0.192251 0.144738 0.142878 0.197732 0.187349 0.153092 0.141569 
Config: granularity=100000, SDR=10000, ADR=0, Rigid=1, Capture_Method=0
Stage 0: PT=0, T_stage=0.523500, bytes=0, T_capped=0
Stage 1: PT=6, T_stage=0.000000, bytes=33176880, T_capped=0
Group 1: Iters=10, Procs=1792, Factors=1.000000, Dist=2, RM=0, SM=1, RS=0, SS=4, parents=112, children=0
Async_Iters: 0
T_iter: 0.881925 0.951550 0.849074 0.844199 0.846291 0.846159 0.855989 0.841474 0.851600 0.849446 
T_stage 0: 0.696414 0.696942 0.702996 0.700474 0.696345 0.698371 0.698961 0.704165 0.696709 0.696659 
T_stage 1: 0.184289 0.247297 0.150637 0.145867 0.148675 0.151372 0.155130 0.141483 0.157930 0.155989 
Config: granularity=100000, SDR=10000, ADR=0, Rigid=1, Capture_Method=0
Stage 0: PT=0, T_stage=0.523500, bytes=0, T_capped=0
Stage 1: PT=6, T_stage=0.000000, bytes=33176880, T_capped=0
Group 1: Iters=10, Procs=1792, Factors=1.000000, Dist=2, RM=0, SM=1, RS=0, SS=4, parents=112, children=0
Async_Iters: 0
T_iter: 0.959116 0.978221 0.969795 0.895342 0.973658 0.925248 0.966409 0.903421 0.872392 0.938783 
T_stage 0: 0.724901 0.731233 0.730537 0.728864 0.728857 0.727580 0.728304 0.723280 0.724860 0.726133 
T_stage 1: 0.229287 0.235872 0.242368 0.167373 0.244396 0.200340 0.238235 0.182866 0.147677 0.216577 
Config: granularity=100000, SDR=10000, ADR=0, Rigid=1, Capture_Method=0
Stage 0: PT=0, T_stage=0.523500, bytes=0, T_capped=0
Stage 1: PT=6, T_stage=0.000000, bytes=33176880, T_capped=0
Group 1: Iters=10, Procs=1792, Factors=1.000000, Dist=2, RM=0, SM=1, RS=0, SS=4, parents=112, children=0
Async_Iters: 0
T_iter: 0.973813 0.950712 0.918843 0.842413 0.843042 0.954104 0.952802 0.910293 0.939154 0.859087 
T_stage 0: 0.733917 0.713222 0.718367 0.710858 0.709787 0.703602 0.708083 0.710432 0.701650 0.700071 
T_stage 1: 0.240011 0.230832 0.199320 0.134165 0.136250 0.248254 0.242692 0.200649 0.237019 0.154748 
Config: granularity=100000, SDR=10000, ADR=0, Rigid=1, Capture_Method=0
Stage 0: PT=0, T_stage=0.523500, bytes=0, T_capped=0
Stage 1: PT=6, T_stage=0.000000, bytes=33176880, T_capped=0
Group 1: Iters=10, Procs=1792, Factors=1.000000, Dist=2, RM=0, SM=1, RS=0, SS=4, parents=112, children=0
Async_Iters: 0
T_iter: 1.005875 0.912350 1.000687 0.904173 0.941347 0.974677 0.940510 0.936272 0.912201 0.926259 
T_stage 0: 0.722025 0.726330 0.722442 0.720115 0.721817 0.720377 0.718343 0.726254 0.711395 0.717594 
T_stage 1: 0.279569 0.186738 0.277118 0.182440 0.215312 0.257387 0.225904 0.213123 0.199944 0.210821 
Config: granularity=100000, SDR=10000, ADR=0, Rigid=1, Capture_Method=0
Stage 0: PT=0, T_stage=0.523500, bytes=0, T_capped=0
Stage 1: PT=6, T_stage=0.000000, bytes=33176880, T_capped=0
Group 1: Iters=10, Procs=1792, Factors=1.000000, Dist=2, RM=0, SM=1, RS=0, SS=4, parents=112, children=0
Async_Iters: 0
T_iter: 0.931345 0.921246 0.909408 0.906337 0.858856 0.929366 0.951930 0.851358 0.827303 0.822582 
T_stage 0: 0.678209 0.679788 0.678969 0.676313 0.686647 0.686046 0.683657 0.683879 0.684153 0.682222 
T_stage 1: 0.253081 0.246252 0.224718 0.229353 0.172958 0.238474 0.265996 0.170034 0.143480 0.140413 
Config: granularity=100000, SDR=10000, ADR=0, Rigid=1, Capture_Method=0
Stage 0: PT=0, T_stage=0.523500, bytes=0, T_capped=0
Stage 1: PT=6, T_stage=0.000000, bytes=33176880, T_capped=0
Group 1: Iters=10, Procs=1792, Factors=1.000000, Dist=2, RM=0, SM=1, RS=0, SS=4, parents=112, children=0
Async_Iters: 0
T_iter: 1.110094 1.097378 1.100300 1.091474 1.036221 1.098833 1.096225 1.064175 1.045729 0.980783 
T_stage 0: 0.866902 0.868253 0.859582 0.850904 0.848675 0.854573 0.849786 0.847450 0.842075 0.838374 
T_stage 1: 0.243155 0.233246 0.241892 0.238859 0.179200 0.237038 0.252446 0.216996 0.203794 0.142515 
Config: granularity=100000, SDR=10000, ADR=0, Rigid=1, Capture_Method=0
Stage 0: PT=0, T_stage=0.523500, bytes=0, T_capped=0
Stage 1: PT=6, T_stage=0.000000, bytes=33176880, T_capped=0
Group 1: Iters=10, Procs=1792, Factors=1.000000, Dist=2, RM=0, SM=1, RS=0, SS=4, parents=112, children=0
Async_Iters: 0
T_iter: 1.079873 1.059709 1.025895 0.999635 1.058186 1.056478 1.033903 0.990153 1.050799 0.967293 
T_stage 0: 0.811188 0.806734 0.820499 0.817352 0.814376 0.820130 0.809529 0.809963 0.809175 0.802301 
T_stage 1: 0.263578 0.245188 0.203089 0.183778 0.239814 0.235900 0.222063 0.182283 0.244116 0.164303 
Config: granularity=100000, SDR=10000, ADR=0, Rigid=1, Capture_Method=0
Stage 0: PT=0, T_stage=0.523500, bytes=0, T_capped=0
Stage 1: PT=6, T_stage=0.000000, bytes=33176880, T_capped=0
Group 1: Iters=10, Procs=1792, Factors=1.000000, Dist=2, RM=0, SM=1, RS=0, SS=4, parents=112, children=0
Async_Iters: 0
T_iter: 0.877547 0.949944 0.985707 0.888746 0.878590 0.834737 0.917143 0.939932 0.901891 0.844802 
T_stage 0: 0.673420 0.706744 0.693702 0.693854 0.683889 0.683106 0.685605 0.685326 0.682122 0.678883 
T_stage 1: 0.204737 0.248928 0.290955 0.189290 0.190013 0.151714 0.231747 0.251898 0.220517 0.164630 
Config: granularity=100000, SDR=10000, ADR=0, Rigid=1, Capture_Method=0
Stage 0: PT=0, T_stage=0.523500, bytes=0, T_capped=0
Stage 1: PT=6, T_stage=0.000000, bytes=33176880, T_capped=0
Group 1: Iters=10, Procs=1792, Factors=1.000000, Dist=2, RM=0, SM=1, RS=0, SS=4, parents=112, children=0
Async_Iters: 0
T_iter: 0.888973 0.893707 0.863572 0.930523 0.858584 0.862939 0.885338 0.912234 0.881381 0.829681 
T_stage 0: 0.688046 0.701267 0.687124 0.693047 0.684791 0.690094 0.685398 0.679235 0.683448 0.675805 
T_stage 1: 0.200944 0.200851 0.175965 0.239531 0.173359 0.178621 0.198146 0.232061 0.198262 0.156898 
Config: granularity=100000, SDR=10000, ADR=0, Rigid=1, Capture_Method=0
Stage 0: PT=0, T_stage=0.523500, bytes=0, T_capped=0
Stage 1: PT=6, T_stage=0.000000, bytes=33176880, T_capped=0
Group 1: Iters=10, Procs=1792, Factors=1.000000, Dist=2, RM=0, SM=1, RS=0, SS=4, parents=112, children=0
Async_Iters: 0
T_iter: 0.904717 0.903158 0.914973 0.871155 0.923841 0.871235 0.840007 0.873435 0.856969 0.831184 
T_stage 0: 0.693875 0.692431 0.696719 0.696812 0.690351 0.685889 0.683309 0.690840 0.685132 0.680223 
T_stage 1: 0.209183 0.205778 0.219301 0.173318 0.236639 0.182658 0.158267 0.185778 0.172549 0.149483 
Config: granularity=100000, SDR=10000, ADR=0, Rigid=1, Capture_Method=0
Stage 0: PT=0, T_stage=0.523500, bytes=0, T_capped=0
Stage 1: PT=6, T_stage=0.000000, bytes=33176880, T_capped=0
Group 1: Iters=10, Procs=1792, Factors=1.000000, Dist=2, RM=0, SM=1, RS=0, SS=4, parents=112, children=0
Async_Iters: 0
T_iter: 0.967856 0.935129 0.911069 0.956928 0.899314 0.867655 0.900762 0.955159 0.844009 0.856297 
T_stage 0: 0.711844 0.714468 0.715817 0.717044 0.709833 0.708536 0.713533 0.708949 0.708650 0.707427 
T_stage 1: 0.256114 0.223400 0.197531 0.240510 0.177942 0.156715 0.191531 0.243694 0.141078 0.150214 
Config: granularity=100000, SDR=10000, ADR=0, Rigid=1, Capture_Method=0
Stage 0: PT=0, T_stage=0.523500, bytes=0, T_capped=0
Stage 1: PT=6, T_stage=0.000000, bytes=33176880, T_capped=0
Group 1: Iters=10, Procs=1792, Factors=1.000000, Dist=2, RM=0, SM=1, RS=0, SS=4, parents=112, children=0
Async_Iters: 0
T_iter: 0.952177 0.908270 0.867968 0.943396 0.906619 0.882706 0.921417 0.858608 0.847987 0.920408 
T_stage 0: 0.697876 0.705052 0.704822 0.701589 0.710750 0.695544 0.700746 0.697562 0.696080 0.696513 
T_stage 1: 0.254599 0.202270 0.164586 0.242034 0.208903 0.187262 0.225264 0.161534 0.151729 0.222039 
Config: granularity=100000, SDR=10000, ADR=0, Rigid=1, Capture_Method=0
Stage 0: PT=0, T_stage=0.523500, bytes=0, T_capped=0
Stage 1: PT=6, T_stage=0.000000, bytes=33176880, T_capped=0
Group 1: Iters=10, Procs=1792, Factors=1.000000, Dist=2, RM=0, SM=1, RS=0, SS=4, parents=112, children=0
Async_Iters: 0
T_iter: 0.885435 0.926805 0.962641 0.938998 0.878966 0.856812 0.932272 0.933928 0.907580 0.854324 
T_stage 0: 0.714946 0.717831 0.726715 0.717936 0.712170 0.714266 0.709704 0.714147 0.706819 0.708462 
T_stage 1: 0.170294 0.204359 0.241400 0.226659 0.167908 0.142340 0.211942 0.219326 0.199890 0.146311 
Config: granularity=100000, SDR=10000, ADR=0, Rigid=1, Capture_Method=0
Stage 0: PT=0, T_stage=0.523500, bytes=0, T_capped=0
Stage 1: PT=6, T_stage=0.000000, bytes=33176880, T_capped=0
Group 1: Iters=10, Procs=1792, Factors=1.000000, Dist=2, RM=0, SM=1, RS=0, SS=4, parents=112, children=0
Async_Iters: 0
T_iter: 0.972267 0.927606 0.894348 0.894441 0.924135 0.937412 0.955771 0.919245 0.913694 0.935862 
T_stage 0: 0.709265 0.715496 0.710668 0.709143 0.705859 0.705423 0.707247 0.706236 0.702363 0.696925 
T_stage 1: 0.257754 0.212238 0.184738 0.184594 0.217150 0.235695 0.251099 0.211249 0.212400 0.237224 
Config: granularity=100000, SDR=10000, ADR=0, Rigid=1, Capture_Method=0
Stage 0: PT=0, T_stage=0.523500, bytes=0, T_capped=0
Stage 1: PT=6, T_stage=0.000000, bytes=33176880, T_capped=0
Group 1: Iters=10, Procs=1792, Factors=1.000000, Dist=2, RM=0, SM=1, RS=0, SS=4, parents=112, children=0
Async_Iters: 0
T_iter: 0.972913 1.018544 0.917660 0.946979 0.963349 0.865357 0.973423 0.969089 0.912571 0.892738 
T_stage 0: 0.727233 0.727293 0.731120 0.723428 0.719675 0.721863 0.721019 0.719151 0.717016 0.714538 
T_stage 1: 0.245333 0.285176 0.187865 0.223101 0.245676 0.149095 0.256543 0.249094 0.194412 0.173429 
Config: granularity=100000, SDR=10000, ADR=0, Rigid=1, Capture_Method=0
Stage 0: PT=0, T_stage=0.523500, bytes=0, T_capped=0
Stage 1: PT=6, T_stage=0.000000, bytes=33176880, T_capped=0
Group 1: Iters=10, Procs=1792, Factors=1.000000, Dist=2, RM=0, SM=1, RS=0, SS=4, parents=112, children=0
Async_Iters: 0
T_iter: 0.963822 0.914496 0.952293 0.880771 0.960759 0.940309 0.971754 0.918914 0.889192 0.901060 
T_stage 0: 0.708110 0.714410 0.708550 0.708651 0.707552 0.703364 0.709389 0.706818 0.701463 0.698900 
T_stage 1: 0.252986 0.199324 0.247245 0.172260 0.243873 0.229328 0.261081 0.215161 0.189395 0.204699 
Config: granularity=100000, SDR=10000, ADR=0, Rigid=1, Capture_Method=0
Stage 0: PT=0, T_stage=0.523500, bytes=0, T_capped=0
Stage 1: PT=6, T_stage=0.000000, bytes=33176880, T_capped=0
Group 1: Iters=10, Procs=1792, Factors=1.000000, Dist=2, RM=0, SM=1, RS=0, SS=4, parents=112, children=0
Async_Iters: 0
T_iter: 1.100949 1.051579 1.043125 1.047185 1.074405 1.021227 1.088231 1.038570 1.006296 0.973856 
T_stage 0: 0.819605 0.851256 0.848499 0.843559 0.848510 0.841624 0.839914 0.841298 0.847993 0.832669 
T_stage 1: 0.271142 0.197716 0.195034 0.203651 0.228384 0.178726 0.250426 0.198909 0.164832 0.141369 
Config: granularity=100000, SDR=10000, ADR=0, Rigid=1, Capture_Method=0
Stage 0: PT=0, T_stage=0.523500, bytes=0, T_capped=0
Stage 1: PT=6, T_stage=0.000000, bytes=33176880, T_capped=0
Group 1: Iters=10, Procs=1792, Factors=1.000000, Dist=2, RM=0, SM=1, RS=0, SS=4, parents=112, children=0
Async_Iters: 0
T_iter: 1.057182 1.095306 1.098824 1.040147 1.050078 1.087060 1.084848 1.082810 1.019641 1.032641 
T_stage 0: 0.845059 0.849446 0.847728 0.841717 0.842721 0.847858 0.847106 0.842152 0.836446 0.838442 
T_stage 1: 0.212874 0.247545 0.246915 0.196105 0.209218 0.239364 0.241128 0.242437 0.183203 0.198398 
