Config: granularity=100000, SDR=10000, ADR=0, Rigid=1, Capture_Method=0
Stage 0: PT=0, T_stage=0.523500, bytes=0, T_capped=0
Stage 1: PT=6, T_stage=0.000000, bytes=33176880, T_capped=0
Group 1: Iters=10, Procs=1792, Factors=1.000000, Dist=2, RM=0, SM=1, RS=0, SS=4, parents=224, children=0
Async_Iters: 0
T_iter: 0.985197 0.999186 0.959012 0.952312 1.027806 0.944783 0.936335 1.021108 0.951914 0.901765 
T_stage 0: 0.755023 0.774359 0.773819 0.774194 0.770031 0.770687 0.774469 0.769612 0.768288 0.761519 
T_stage 1: 0.227287 0.225381 0.185554 0.178070 0.258200 0.176082 0.164514 0.246919 0.184032 0.137928 
Config: granularity=100000, SDR=10000, ADR=0, Rigid=1, Capture_Method=0
Stage 0: PT=0, T_stage=0.523500, bytes=0, T_capped=0
Stage 1: PT=6, T_stage=0.000000, bytes=33176880, T_capped=0
Group 1: Iters=10, Procs=1792, Factors=1.000000, Dist=2, RM=0, SM=1, RS=0, SS=4, parents=224, children=0
Async_Iters: 0
T_iter: 1.008530 0.998786 0.994662 1.022344 0.990910 0.987252 1.022891 0.992598 1.001872 0.994544 
T_stage 0: 0.765752 0.777697 0.768261 0.773132 0.772313 0.764233 0.758013 0.764758 0.758495 0.756109 
T_stage 1: 0.242408 0.214725 0.222545 0.250047 0.218696 0.223328 0.259716 0.226753 0.244110 0.238416 
Config: granularity=100000, SDR=10000, ADR=0, Rigid=1, Capture_Method=0
Stage 0: PT=0, T_stage=0.523500, bytes=0, T_capped=0
Stage 1: PT=6, T_stage=0.000000, bytes=33176880, T_capped=0
Group 1: Iters=10, Procs=1792, Factors=1.000000, Dist=2, RM=0, SM=1, RS=0, SS=4, parents=224, children=0
Async_Iters: 0
T_iter: 0.992080 0.958955 0.969310 0.955348 0.978976 1.013032 0.959330 0.969158 0.933012 0.956115 
T_stage 0: 0.784163 0.774153 0.769005 0.765531 0.762163 0.765319 0.765471 0.761947 0.751814 0.752794 
T_stage 1: 0.205263 0.188044 0.198320 0.185601 0.222292 0.249439 0.200754 0.204876 0.181877 0.204189 
Config: granularity=100000, SDR=10000, ADR=0, Rigid=1, Capture_Method=0
Stage 0: PT=0, T_stage=0.523500, bytes=0, T_capped=0
Stage 1: PT=6, T_stage=0.000000, bytes=33176880, T_capped=0
Group 1: Iters=10, Procs=1792, Factors=1.000000, Dist=2, RM=0, SM=1, RS=0, SS=4, parents=224, children=0
Async_Iters: 0
T_iter: 1.122330 1.098948 1.047080 1.054413 1.004948 1.031354 1.035411 1.083884 1.049630 1.028192 
T_stage 0: 0.858463 0.863753 0.862913 0.859611 0.852158 0.841912 0.836022 0.838593 0.830528 0.844521 
T_stage 1: 0.264037 0.229421 0.178631 0.194792 0.156260 0.188895 0.194986 0.237051 0.218127 0.184184 
Config: granularity=100000, SDR=10000, ADR=0, Rigid=1, Capture_Method=0
Stage 0: PT=0, T_stage=0.523500, bytes=0, T_capped=0
Stage 1: PT=6, T_stage=0.000000, bytes=33176880, T_capped=0
Group 1: Iters=10, Procs=1792, Factors=1.000000, Dist=2, RM=0, SM=1, RS=0, SS=4, parents=224, children=0
Async_Iters: 0
T_iter: 0.965482 0.987364 0.988610 0.943220 0.986410 0.989498 1.008792 0.920351 0.911969 0.887457 
T_stage 0: 0.760781 0.756700 0.751625 0.751130 0.751118 0.749490 0.743504 0.739475 0.739770 0.731348 
T_stage 1: 0.202398 0.231338 0.229365 0.190921 0.237174 0.243062 0.267414 0.179668 0.164811 0.156360 
Config: granularity=100000, SDR=10000, ADR=0, Rigid=1, Capture_Method=0
Stage 0: PT=0, T_stage=0.523500, bytes=0, T_capped=0
Stage 1: PT=6, T_stage=0.000000, bytes=33176880, T_capped=0
Group 1: Iters=10, Procs=1792, Factors=1.000000, Dist=2, RM=0, SM=1, RS=0, SS=4, parents=224, children=0
Async_Iters: 0
T_iter: 1.018358 0.979337 0.982271 1.029499 0.950865 0.969598 0.982524 0.955090 0.941149 1.017911 
T_stage 0: 0.786883 0.787660 0.793328 0.786734 0.783302 0.785471 0.788505 0.784232 0.780887 0.777720 
T_stage 1: 0.223359 0.192287 0.188578 0.241943 0.167704 0.181322 0.188039 0.169291 0.158232 0.238876 
Config: granularity=100000, SDR=10000, ADR=0, Rigid=1, Capture_Method=0
Stage 0: PT=0, T_stage=0.523500, bytes=0, T_capped=0
Stage 1: PT=6, T_stage=0.000000, bytes=33176880, T_capped=0
Group 1: Iters=10, Procs=1792, Factors=1.000000, Dist=2, RM=0, SM=1, RS=0, SS=4, parents=224, children=0
Async_Iters: 0
T_iter: 1.110678 1.034954 1.009772 1.005752 1.084216 0.992838 1.064846 1.027917 1.072209 0.976635 
T_stage 0: 0.845165 0.848084 0.849066 0.847318 0.839312 0.836997 0.853276 0.834536 0.833734 0.831993 
T_stage 1: 0.247478 0.177660 0.157564 0.159830 0.241275 0.152717 0.218385 0.189362 0.237951 0.143715 
Config: granularity=100000, SDR=10000, ADR=0, Rigid=1, Capture_Method=0
Stage 0: PT=0, T_stage=0.523500, bytes=0, T_capped=0
Stage 1: PT=6, T_stage=0.000000, bytes=33176880, T_capped=0
Group 1: Iters=10, Procs=1792, Factors=1.000000, Dist=2, RM=0, SM=1, RS=0, SS=4, parents=224, children=0
Async_Iters: 0
T_iter: 0.990003 1.016774 1.050745 0.972205 1.015105 0.936843 1.023808 0.928794 1.010830 0.946171 
T_stage 0: 0.776981 0.785880 0.792002 0.780950 0.784376 0.776961 0.783168 0.769009 0.775209 0.767113 
T_stage 1: 0.212643 0.229781 0.266294 0.193245 0.241408 0.165714 0.241615 0.156403 0.236157 0.179664 
Config: granularity=100000, SDR=10000, ADR=0, Rigid=1, Capture_Method=0
Stage 0: PT=0, T_stage=0.523500, bytes=0, T_capped=0
Stage 1: PT=6, T_stage=0.000000, bytes=33176880, T_capped=0
Group 1: Iters=10, Procs=1792, Factors=1.000000, Dist=2, RM=0, SM=1, RS=0, SS=4, parents=224, children=0
Async_Iters: 0
T_iter: 0.947950 0.987714 1.029750 1.017271 0.996470 0.921769 0.999460 0.910402 0.994807 0.926664 
T_stage 0: 0.752340 0.763828 0.777104 0.773117 0.775086 0.765950 0.759444 0.765965 0.768545 0.763148 
T_stage 1: 0.195046 0.226221 0.259259 0.246176 0.225567 0.155982 0.235436 0.144455 0.230457 0.164148 
Config: granularity=100000, SDR=10000, ADR=0, Rigid=1, Capture_Method=0
Stage 0: PT=0, T_stage=0.523500, bytes=0, T_capped=0
Stage 1: PT=6, T_stage=0.000000, bytes=33176880, T_capped=0
Group 1: Iters=10, Procs=1792, Factors=1.000000, Dist=2, RM=0, SM=1, RS=0, SS=4, parents=224, children=0
Async_Iters: 0
T_iter: 0.951176 1.021452 0.987295 0.900453 0.982001 0.993628 0.952234 0.917138 0.903759 0.907793 
T_stage 0: 0.773168 0.781183 0.783963 0.770773 0.773189 0.774314 0.774792 0.776326 0.766802 0.769091 
T_stage 1: 0.177724 0.238581 0.189570 0.129286 0.209515 0.218777 0.183033 0.143680 0.137392 0.141484 
Config: granularity=100000, SDR=10000, ADR=0, Rigid=1, Capture_Method=0
Stage 0: PT=0, T_stage=0.523500, bytes=0, T_capped=0
Stage 1: PT=6, T_stage=0.000000, bytes=33176880, T_capped=0
Group 1: Iters=10, Procs=1792, Factors=1.000000, Dist=2, RM=0, SM=1, RS=0, SS=4, parents=224, children=0
Async_Iters: 0
T_iter: 0.982692 1.037022 1.002620 0.909324 0.902425 0.959576 0.987786 0.919868 0.898510 0.986050 
T_stage 0: 0.749935 0.767990 0.756287 0.753612 0.754756 0.746200 0.756323 0.753377 0.744827 0.745469 
T_stage 1: 0.232811 0.264844 0.245899 0.155015 0.151680 0.210634 0.231811 0.170119 0.157601 0.243174 
Config: granularity=100000, SDR=10000, ADR=0, Rigid=1, Capture_Method=0
Stage 0: PT=0, T_stage=0.523500, bytes=0, T_capped=0
Stage 1: PT=6, T_stage=0.000000, bytes=33176880, T_capped=0
Group 1: Iters=10, Procs=1792, Factors=1.000000, Dist=2, RM=0, SM=1, RS=0, SS=4, parents=224, children=0
Async_Iters: 0
T_iter: 0.996419 1.058781 0.977857 1.009656 1.034476 1.013200 1.008415 0.961969 0.964309 0.975919 
T_stage 0: 0.794278 0.807793 0.805765 0.797213 0.790886 0.795595 0.801523 0.791783 0.790302 0.789825 
T_stage 1: 0.197599 0.246444 0.180752 0.213473 0.239125 0.219285 0.211367 0.170700 0.174664 0.188273 
Config: granularity=100000, SDR=10000, ADR=0, Rigid=1, Capture_Method=0
Stage 0: PT=0, T_stage=0.523500, bytes=0, T_capped=0
Stage 1: PT=6, T_stage=0.000000, bytes=33176880, T_capped=0
Group 1: Iters=10, Procs=1792, Factors=1.000000, Dist=2, RM=0, SM=1, RS=0, SS=4, parents=224, children=0
Async_Iters: 0
T_iter: 1.010766 0.965587 1.003538 1.032965 0.932654 1.026386 0.941610 0.958031 1.033400 0.917755 
T_stage 0: 0.755182 0.809261 0.802378 0.810368 0.800260 0.801056 0.794272 0.796591 0.793977 0.791425 
T_stage 1: 0.255466 0.161254 0.201185 0.226952 0.132830 0.225295 0.147999 0.163772 0.242683 0.128442 
Config: granularity=100000, SDR=10000, ADR=0, Rigid=1, Capture_Method=0
Stage 0: PT=0, T_stage=0.523500, bytes=0, T_capped=0
Stage 1: PT=6, T_stage=0.000000, bytes=33176880, T_capped=0
Group 1: Iters=10, Procs=1792, Factors=1.000000, Dist=2, RM=0, SM=1, RS=0, SS=4, parents=224, children=0
Async_Iters: 0
T_iter: 1.176145 1.083117 1.058067 0.985586 0.983858 1.056653 1.012105 1.042417 1.004039 1.036828 
T_stage 0: 0.822745 0.822766 0.817636 0.809003 0.804735 0.808370 0.808388 0.809015 0.808760 0.797566 
T_stage 1: 0.351915 0.264823 0.241525 0.176908 0.179373 0.249638 0.200526 0.231979 0.203247 0.239080 
Config: granularity=100000, SDR=10000, ADR=0, Rigid=1, Capture_Method=0
Stage 0: PT=0, T_stage=0.523500, bytes=0, T_capped=0
Stage 1: PT=6, T_stage=0.000000, bytes=33176880, T_capped=0
Group 1: Iters=10, Procs=1792, Factors=1.000000, Dist=2, RM=0, SM=1, RS=0, SS=4, parents=224, children=0
Async_Iters: 0
T_iter: 1.104557 1.093502 1.080923 1.081119 1.039037 1.117254 1.095697 1.027301 1.049630 1.045911 
T_stage 0: 0.865857 0.885927 0.878452 0.886048 0.876594 0.881433 0.873832 0.876209 0.867455 0.872718 
T_stage 1: 0.229741 0.214693 0.198526 0.195793 0.163125 0.240988 0.220520 0.150779 0.182154 0.175932 
Config: granularity=100000, SDR=10000, ADR=0, Rigid=1, Capture_Method=0
Stage 0: PT=0, T_stage=0.523500, bytes=0, T_capped=0
Stage 1: PT=6, T_stage=0.000000, bytes=33176880, T_capped=0
Group 1: Iters=10, Procs=1792, Factors=1.000000, Dist=2, RM=0, SM=1, RS=0, SS=4, parents=224, children=0
Async_Iters: 0
T_iter: 1.024367 0.981720 1.001864 0.977759 0.967012 0.966851 0.938120 0.949981 0.953596 0.971711 
T_stage 0: 0.764891 0.766545 0.773344 0.768238 0.766944 0.758390 0.763404 0.769559 0.764059 0.759133 
T_stage 1: 0.245351 0.218226 0.228412 0.208959 0.203465 0.208855 0.173443 0.181229 0.190845 0.212909 
Config: granularity=100000, SDR=10000, ADR=0, Rigid=1, Capture_Method=0
Stage 0: PT=0, T_stage=0.523500, bytes=0, T_capped=0
Stage 1: PT=6, T_stage=0.000000, bytes=33176880, T_capped=0
Group 1: Iters=10, Procs=1792, Factors=1.000000, Dist=2, RM=0, SM=1, RS=0, SS=4, parents=224, children=0
Async_Iters: 0
T_iter: 1.060239 1.020479 1.032197 0.942801 0.961405 1.014719 1.006106 0.949517 0.946041 0.929519 
T_stage 0: 0.783848 0.784925 0.781075 0.787408 0.778467 0.775548 0.787726 0.790067 0.778909 0.780146 
T_stage 1: 0.261239 0.240862 0.239505 0.155375 0.183319 0.230653 0.220134 0.158629 0.165881 0.151311 
Config: granularity=100000, SDR=10000, ADR=0, Rigid=1, Capture_Method=0
Stage 0: PT=0, T_stage=0.523500, bytes=0, T_capped=0
Stage 1: PT=6, T_stage=0.000000, bytes=33176880, T_capped=0
Group 1: Iters=10, Procs=1792, Factors=1.000000, Dist=2, RM=0, SM=1, RS=0, SS=4, parents=224, children=0
Async_Iters: 0
T_iter: 1.018651 1.048498 0.981493 0.957517 0.974961 0.888550 0.936572 0.947089 0.938425 0.896875 
T_stage 0: 0.758927 0.761534 0.764883 0.764572 0.761731 0.757273 0.764220 0.764942 0.758469 0.756871 
T_stage 1: 0.256068 0.277531 0.202817 0.194984 0.216040 0.131880 0.175406 0.181649 0.181968 0.142386 
Config: granularity=100000, SDR=10000, ADR=0, Rigid=1, Capture_Method=0
Stage 0: PT=0, T_stage=0.523500, bytes=0, T_capped=0
Stage 1: PT=6, T_stage=0.000000, bytes=33176880, T_capped=0
Group 1: Iters=10, Procs=1792, Factors=1.000000, Dist=2, RM=0, SM=1, RS=0, SS=4, parents=224, children=0
Async_Iters: 0
T_iter: 1.004830 1.040835 0.994366 1.008580 0.981920 0.940475 0.910538 0.995983 0.977828 0.932558 
T_stage 0: 0.791743 0.794576 0.775943 0.779705 0.783677 0.773305 0.774254 0.784029 0.781034 0.769145 
T_stage 1: 0.210312 0.247108 0.215315 0.228244 0.204813 0.164396 0.138772 0.214748 0.197027 0.164157 
Config: granularity=100000, SDR=10000, ADR=0, Rigid=1, Capture_Method=0
Stage 0: PT=0, T_stage=0.523500, bytes=0, T_capped=0
Stage 1: PT=6, T_stage=0.000000, bytes=33176880, T_capped=0
Group 1: Iters=10, Procs=1792, Factors=1.000000, Dist=2, RM=0, SM=1, RS=0, SS=4, parents=224, children=0
Async_Iters: 0
T_iter: 1.062985 1.069924 1.026476 1.005956 1.035476 1.070038 1.048614 1.071591 1.050807 0.995725 
T_stage 0: 0.847057 0.845586 0.852357 0.851879 0.848619 0.851769 0.852301 0.841659 0.831857 0.832812 
T_stage 1: 0.207665 0.214034 0.185786 0.157703 0.187811 0.225498 0.199866 0.233473 0.219137 0.158060 
