Config: granularity=100000, SDR=10000, ADR=0, Rigid=1, Capture_Method=0
Stage 0: PT=0, T_stage=0.523500, bytes=0, T_capped=0
Stage 1: PT=6, T_stage=0.000000, bytes=33176880, T_capped=0
Group 1: Iters=10, Procs=1792, Factors=1.000000, Dist=2, RM=0, SM=1, RS=0, SS=4, parents=896, children=0
Async_Iters: 0
T_iter: 0.951804 0.963390 0.931350 0.862954 0.864588 0.916996 0.861202 0.840508 0.874210 0.885286 
T_stage 0: 0.713386 0.714690 0.712165 0.720829 0.716126 0.712598 0.697675 0.706234 0.711685 0.707427 
T_stage 1: 0.238110 0.250970 0.215506 0.141557 0.152271 0.202178 0.159764 0.134801 0.166141 0.178942 
Config: granularity=100000, SDR=10000, ADR=0, Rigid=1, Capture_Method=0
Stage 0: PT=0, T_stage=0.523500, bytes=0, T_capped=0
Stage 1: PT=6, T_stage=0.000000, bytes=33176880, T_capped=0
Group 1: Iters=10, Procs=1792, Factors=1.000000, Dist=2, RM=0, SM=1, RS=0, SS=4, parents=896, children=0
Async_Iters: 0
T_iter: 1.049833 1.057529 1.102134 1.069724 1.049822 1.059274 1.100489 1.061802 1.072792 1.088776 
T_stage 0: 0.832363 0.859087 0.866713 0.861339 0.858632 0.852281 0.849143 0.856237 0.850969 0.846223 
T_stage 1: 0.214806 0.195415 0.241581 0.205088 0.192899 0.207130 0.251274 0.203456 0.225441 0.236678 
Config: granularity=100000, SDR=10000, ADR=0, Rigid=1, Capture_Method=0
Stage 0: PT=0, T_stage=0.523500, bytes=0, T_capped=0
Stage 1: PT=6, T_stage=0.000000, bytes=33176880, T_capped=0
Group 1: Iters=10, Procs=1792, Factors=1.000000, Dist=2, RM=0, SM=1, RS=0, SS=4, parents=896, children=0
Async_Iters: 0
T_iter: 1.068969 1.057307 1.012550 0.980467 1.005114 1.011637 1.012259 1.072887 1.010190 1.074067 
T_stage 0: 0.834924 0.837170 0.841745 0.839683 0.839091 0.840250 0.837832 0.832306 0.832263 0.833419 
T_stage 1: 0.219934 0.224213 0.174545 0.141165 0.166341 0.177781 0.175772 0.240813 0.170743 0.241447 
Config: granularity=100000, SDR=10000, ADR=0, Rigid=1, Capture_Method=0
Stage 0: PT=0, T_stage=0.523500, bytes=0, T_capped=0
Stage 1: PT=6, T_stage=0.000000, bytes=33176880, T_capped=0
Group 1: Iters=10, Procs=1792, Factors=1.000000, Dist=2, RM=0, SM=1, RS=0, SS=4, parents=896, children=0
Async_Iters: 0
T_iter: 1.008213 0.926727 0.922464 0.980901 0.990422 0.895208 0.893852 0.869215 0.897624 0.941759 
T_stage 0: 0.764359 0.761735 0.776477 0.764246 0.756216 0.742135 0.751718 0.741322 0.741578 0.739060 
T_stage 1: 0.238518 0.159172 0.159818 0.221732 0.234504 0.154536 0.147410 0.128715 0.157399 0.203067 
Config: granularity=100000, SDR=10000, ADR=0, Rigid=1, Capture_Method=0
Stage 0: PT=0, T_stage=0.523500, bytes=0, T_capped=0
Stage 1: PT=6, T_stage=0.000000, bytes=33176880, T_capped=0
Group 1: Iters=10, Procs=1792, Factors=1.000000, Dist=2, RM=0, SM=1, RS=0, SS=4, parents=896, children=0
Async_Iters: 0
T_iter: 1.025100 0.945395 0.928752 0.979998 0.976270 0.997197 1.003991 1.001769 0.997029 0.994709 
T_stage 0: 0.774146 0.766440 0.765124 0.767064 0.766553 0.760329 0.768357 0.761161 0.756515 0.753975 
T_stage 1: 0.251136 0.179771 0.162012 0.213863 0.210926 0.236400 0.242226 0.243047 0.241087 0.238563 
Config: granularity=100000, SDR=10000, ADR=0, Rigid=1, Capture_Method=0
Stage 0: PT=0, T_stage=0.523500, bytes=0, T_capped=0
Stage 1: PT=6, T_stage=0.000000, bytes=33176880, T_capped=0
Group 1: Iters=10, Procs=1792, Factors=1.000000, Dist=2, RM=0, SM=1, RS=0, SS=4, parents=896, children=0
Async_Iters: 0
T_iter: 0.980445 0.966674 1.045467 0.906698 1.003715 1.013184 0.956412 0.928757 0.927139 0.902021 
T_stage 0: 0.779415 0.788782 0.794812 0.780121 0.774646 0.779122 0.777816 0.774392 0.775364 0.769011 
T_stage 1: 0.200928 0.177698 0.253252 0.127941 0.228806 0.231526 0.179579 0.154867 0.152769 0.132349 
Config: granularity=100000, SDR=10000, ADR=0, Rigid=1, Capture_Method=0
Stage 0: PT=0, T_stage=0.523500, bytes=0, T_capped=0
Stage 1: PT=6, T_stage=0.000000, bytes=33176880, T_capped=0
Group 1: Iters=10, Procs=1792, Factors=1.000000, Dist=2, RM=0, SM=1, RS=0, SS=4, parents=896, children=0
Async_Iters: 0
T_iter: 1.058510 1.060559 1.034872 1.024400 1.002149 1.014486 1.038943 1.001864 1.048750 0.997483 
T_stage 0: 0.824028 0.848826 0.845873 0.856584 0.829469 0.833034 0.825689 0.825947 0.820898 0.818959 
T_stage 1: 0.228962 0.212336 0.188434 0.178639 0.173143 0.172427 0.215977 0.172564 0.225568 0.177802 
Config: granularity=100000, SDR=10000, ADR=0, Rigid=1, Capture_Method=0
Stage 0: PT=0, T_stage=0.523500, bytes=0, T_capped=0
Stage 1: PT=6, T_stage=0.000000, bytes=33176880, T_capped=0
Group 1: Iters=10, Procs=1792, Factors=1.000000, Dist=2, RM=0, SM=1, RS=0, SS=4, parents=896, children=0
Async_Iters: 0
T_iter: 1.038208 1.030411 1.089850 1.017515 0.989464 1.015697 0.991303 0.995247 0.993209 1.027660 
T_stage 0: 0.857943 0.861275 0.856473 0.850473 0.849198 0.853343 0.849794 0.846593 0.841790 0.841957 
T_stage 1: 0.180425 0.163027 0.230739 0.166072 0.135793 0.162820 0.143397 0.148982 0.151612 0.181831 
Config: granularity=100000, SDR=10000, ADR=0, Rigid=1, Capture_Method=0
Stage 0: PT=0, T_stage=0.523500, bytes=0, T_capped=0
Stage 1: PT=6, T_stage=0.000000, bytes=33176880, T_capped=0
Group 1: Iters=10, Procs=1792, Factors=1.000000, Dist=2, RM=0, SM=1, RS=0, SS=4, parents=896, children=0
Async_Iters: 0
T_iter: 1.052075 0.987964 1.032373 0.957868 0.946481 0.979576 0.977196 0.996173 0.958023 0.926322 
T_stage 0: 0.804635 0.805833 0.812140 0.807262 0.810856 0.810065 0.806475 0.805654 0.800453 0.795785 
T_stage 1: 0.247230 0.176768 0.222646 0.150433 0.140616 0.168985 0.175548 0.195497 0.153756 0.130588 
Config: granularity=100000, SDR=10000, ADR=0, Rigid=1, Capture_Method=0
Stage 0: PT=0, T_stage=0.523500, bytes=0, T_capped=0
Stage 1: PT=6, T_stage=0.000000, bytes=33176880, T_capped=0
Group 1: Iters=10, Procs=1792, Factors=1.000000, Dist=2, RM=0, SM=1, RS=0, SS=4, parents=896, children=0
Async_Iters: 0
T_iter: 0.968576 0.993029 1.061326 1.051072 1.054297 0.976620 1.024132 0.974294 0.979718 1.051323 
T_stage 0: 0.789219 0.803783 0.815485 0.810568 0.813287 0.808333 0.810662 0.804643 0.806432 0.807655 
T_stage 1: 0.178734 0.189866 0.244284 0.240883 0.239696 0.168094 0.213259 0.169716 0.171489 0.239414 
Config: granularity=100000, SDR=10000, ADR=0, Rigid=1, Capture_Method=0
Stage 0: PT=0, T_stage=0.523500, bytes=0, T_capped=0
Stage 1: PT=6, T_stage=0.000000, bytes=33176880, T_capped=0
Group 1: Iters=10, Procs=1792, Factors=1.000000, Dist=2, RM=0, SM=1, RS=0, SS=4, parents=896, children=0
Async_Iters: 0
T_iter: 1.037674 1.029189 0.970982 0.984755 0.968250 0.978641 0.956247 0.986755 1.070015 0.992117 
T_stage 0: 0.790069 0.826389 0.819209 0.815468 0.818976 0.816717 0.807750 0.810429 0.810525 0.813374 
T_stage 1: 0.247791 0.200544 0.152490 0.169892 0.150152 0.165239 0.147749 0.176625 0.260362 0.182940 
Config: granularity=100000, SDR=10000, ADR=0, Rigid=1, Capture_Method=0
Stage 0: PT=0, T_stage=0.523500, bytes=0, T_capped=0
Stage 1: PT=6, T_stage=0.000000, bytes=33176880, T_capped=0
Group 1: Iters=10, Procs=1792, Factors=1.000000, Dist=2, RM=0, SM=1, RS=0, SS=4, parents=896, children=0
Async_Iters: 0
T_iter: 1.011544 1.043296 1.036138 0.983215 1.002210 1.063726 1.028770 1.056379 1.037637 0.984122 
T_stage 0: 0.819563 0.840783 0.843931 0.842420 0.844974 0.846219 0.834422 0.835470 0.828409 0.827478 
T_stage 1: 0.191909 0.203888 0.193991 0.142014 0.161979 0.228452 0.197300 0.221522 0.209011 0.155680 
Config: granularity=100000, SDR=10000, ADR=0, Rigid=1, Capture_Method=0
Stage 0: PT=0, T_stage=0.523500, bytes=0, T_capped=0
Stage 1: PT=6, T_stage=0.000000, bytes=33176880, T_capped=0
Group 1: Iters=10, Procs=1792, Factors=1.000000, Dist=2, RM=0, SM=1, RS=0, SS=4, parents=896, children=0
Async_Iters: 0
T_iter: 0.982000 1.031215 1.026852 0.983567 0.957180 1.083685 0.975651 0.932870 0.975660 1.039620 
T_stage 0: 0.778271 0.800833 0.803599 0.800497 0.804023 0.796901 0.794318 0.789421 0.792900 0.792852 
T_stage 1: 0.203604 0.231739 0.222715 0.185776 0.155937 0.288132 0.185368 0.142370 0.186775 0.246756 
Config: granularity=100000, SDR=10000, ADR=0, Rigid=1, Capture_Method=0
Stage 0: PT=0, T_stage=0.523500, bytes=0, T_capped=0
Stage 1: PT=6, T_stage=0.000000, bytes=33176880, T_capped=0
Group 1: Iters=10, Procs=1792, Factors=1.000000, Dist=2, RM=0, SM=1, RS=0, SS=4, parents=896, children=0
Async_Iters: 0
T_iter: 1.085657 1.008486 1.000550 0.999575 1.021429 1.077628 1.055615 1.030332 1.034978 1.061824 
T_stage 0: 0.833714 0.842504 0.841036 0.833068 0.831017 0.839437 0.829124 0.826694 0.823907 0.822209 
T_stage 1: 0.240023 0.165305 0.164858 0.159179 0.186293 0.237298 0.226994 0.203642 0.203151 0.239617 
Config: granularity=100000, SDR=10000, ADR=0, Rigid=1, Capture_Method=0
Stage 0: PT=0, T_stage=0.523500, bytes=0, T_capped=0
Stage 1: PT=6, T_stage=0.000000, bytes=33176880, T_capped=0
Group 1: Iters=10, Procs=1792, Factors=1.000000, Dist=2, RM=0, SM=1, RS=0, SS=4, parents=896, children=0
Async_Iters: 0
T_iter: 1.037093 1.107555 1.066669 1.023237 1.013040 1.140912 1.126222 1.117599 0.978207 1.006269 
T_stage 0: 0.835170 0.843682 0.836621 0.843781 0.836511 0.834939 0.839267 0.829698 0.825778 0.823230 
T_stage 1: 0.202118 0.264315 0.230541 0.182580 0.178600 0.302068 0.283677 0.288632 0.153715 0.183839 
Config: granularity=100000, SDR=10000, ADR=0, Rigid=1, Capture_Method=0
Stage 0: PT=0, T_stage=0.523500, bytes=0, T_capped=0
Stage 1: PT=6, T_stage=0.000000, bytes=33176880, T_capped=0
Group 1: Iters=10, Procs=1792, Factors=1.000000, Dist=2, RM=0, SM=1, RS=0, SS=4, parents=896, children=0
Async_Iters: 0
T_iter: 0.984569 1.010271 0.963060 1.011222 1.017282 0.939248 0.991962 0.916961 0.921480 0.903456 
T_stage 0: 0.759825 0.762802 0.775048 0.772644 0.765732 0.769131 0.771836 0.761708 0.763734 0.765063 
T_stage 1: 0.219470 0.244842 0.188785 0.241226 0.250839 0.171724 0.225525 0.150548 0.157840 0.138489 
Config: granularity=100000, SDR=10000, ADR=0, Rigid=1, Capture_Method=0
Stage 0: PT=0, T_stage=0.523500, bytes=0, T_capped=0
Stage 1: PT=6, T_stage=0.000000, bytes=33176880, T_capped=0
Group 1: Iters=10, Procs=1792, Factors=1.000000, Dist=2, RM=0, SM=1, RS=0, SS=4, parents=896, children=0
Async_Iters: 0
T_iter: 0.942462 0.946041 1.032530 1.027963 1.053523 1.045823 0.993839 0.958017 0.937442 0.992074 
T_stage 0: 0.747238 0.761508 0.787890 0.782988 0.781096 0.778222 0.779056 0.773681 0.771252 0.782077 
T_stage 1: 0.195207 0.184343 0.245284 0.245091 0.277482 0.264594 0.213652 0.184674 0.166449 0.210287 
Config: granularity=100000, SDR=10000, ADR=0, Rigid=1, Capture_Method=0
Stage 0: PT=0, T_stage=0.523500, bytes=0, T_capped=0
Stage 1: PT=6, T_stage=0.000000, bytes=33176880, T_capped=0
Group 1: Iters=10, Procs=1792, Factors=1.000000, Dist=2, RM=0, SM=1, RS=0, SS=4, parents=896, children=0
Async_Iters: 0
T_iter: 1.048182 1.047341 0.992996 1.040041 0.991603 1.115837 1.075306 1.065059 1.042427 0.971493 
T_stage 0: 0.836560 0.837522 0.838531 0.846716 0.833858 0.834136 0.834361 0.825349 0.826138 0.826649 
T_stage 1: 0.207485 0.210334 0.156624 0.198073 0.159205 0.280125 0.240784 0.239429 0.217230 0.146716 
Config: granularity=100000, SDR=10000, ADR=0, Rigid=1, Capture_Method=0
Stage 0: PT=0, T_stage=0.523500, bytes=0, T_capped=0
Stage 1: PT=6, T_stage=0.000000, bytes=33176880, T_capped=0
Group 1: Iters=10, Procs=1792, Factors=1.000000, Dist=2, RM=0, SM=1, RS=0, SS=4, parents=896, children=0
Async_Iters: 0
T_iter: 1.090065 1.090195 1.042075 1.090268 1.043239 1.013645 1.034402 1.065674 1.013559 0.976099 
T_stage 0: 0.841642 0.852398 0.848724 0.857153 0.846597 0.851610 0.841636 0.848195 0.841057 0.841132 
T_stage 1: 0.246666 0.238553 0.185937 0.238891 0.195333 0.158581 0.191828 0.212521 0.174268 0.135971 
Config: granularity=100000, SDR=10000, ADR=0, Rigid=1, Capture_Method=0
Stage 0: PT=0, T_stage=0.523500, bytes=0, T_capped=0
Stage 1: PT=6, T_stage=0.000000, bytes=33176880, T_capped=0
Group 1: Iters=10, Procs=1792, Factors=1.000000, Dist=2, RM=0, SM=1, RS=0, SS=4, parents=896, children=0
Async_Iters: 0
T_iter: 1.000940 1.020932 1.011786 0.981176 0.964299 0.973528 0.991060 1.014527 1.000851 0.917897 
T_stage 0: 0.748644 0.782549 0.771638 0.772330 0.777531 0.764223 0.760512 0.765722 0.760780 0.761274 
T_stage 1: 0.250064 0.239366 0.238925 0.206125 0.198001 0.204115 0.230489 0.244727 0.239721 0.158051 
