Config: granularity=100000, SDR=10000, ADR=0, Rigid=1, Capture_Method=0
Stage 0: PT=0, T_stage=0.523500, bytes=0, T_capped=0
Stage 1: PT=6, T_stage=0.000000, bytes=33176880, T_capped=0
Group 1: Iters=10, Procs=2688, Factors=1.000000, Dist=2, RM=0, SM=1, RS=0, SS=4, parents=112, children=0
Async_Iters: 0
T_iter: 1.105325 1.145545 1.172808 1.060291 1.120205 1.263614 1.075677 1.002459 0.986575 1.119893 
T_stage 0: 0.805442 0.819079 0.814614 0.803919 0.799231 0.804646 0.803280 0.793212 0.787734 0.784775 
T_stage 1: 0.298413 0.327025 0.357950 0.256763 0.328708 0.458059 0.274960 0.213155 0.205321 0.332429 
Config: granularity=100000, SDR=10000, ADR=0, Rigid=1, Capture_Method=0
Stage 0: PT=0, T_stage=0.523500, bytes=0, T_capped=0
Stage 1: PT=6, T_stage=0.000000, bytes=33176880, T_capped=0
Group 1: Iters=10, Procs=2688, Factors=1.000000, Dist=2, RM=0, SM=1, RS=0, SS=4, parents=112, children=0
Async_Iters: 0
T_iter: 1.106568 1.122417 1.046501 1.053090 0.960188 1.073485 0.985347 0.912497 0.926499 0.916708 
T_stage 0: 0.710683 0.724420 0.714028 0.712991 0.712150 0.712914 0.716055 0.705076 0.707045 0.696989 
T_stage 1: 0.381861 0.397351 0.334465 0.343514 0.250921 0.356411 0.269801 0.209359 0.221984 0.219458 
Config: granularity=100000, SDR=10000, ADR=0, Rigid=1, Capture_Method=0
Stage 0: PT=0, T_stage=0.523500, bytes=0, T_capped=0
Stage 1: PT=6, T_stage=0.000000, bytes=33176880, T_capped=0
Group 1: Iters=10, Procs=2688, Factors=1.000000, Dist=2, RM=0, SM=1, RS=0, SS=4, parents=112, children=0
Async_Iters: 0
T_iter: 1.113225 1.126108 0.978537 0.937006 0.936110 1.082098 1.020147 1.008586 0.964976 1.622435 
T_stage 0: 0.712752 0.693037 0.690050 0.694989 0.693568 0.698398 0.693276 0.688928 0.673865 1.262997 
T_stage 1: 0.379576 0.423012 0.288127 0.246071 0.241705 0.391437 0.329551 0.309727 0.292200 0.362035 
Config: granularity=100000, SDR=10000, ADR=0, Rigid=1, Capture_Method=0
Stage 0: PT=0, T_stage=0.523500, bytes=0, T_capped=0
Stage 1: PT=6, T_stage=0.000000, bytes=33176880, T_capped=0
Group 1: Iters=10, Procs=2688, Factors=1.000000, Dist=2, RM=0, SM=1, RS=0, SS=4, parents=112, children=0
Async_Iters: 0
T_iter: 1.134852 1.098208 1.125861 0.988329 1.056840 1.154465 1.067154 1.031794 0.980447 1.032179 
T_stage 0: 0.762107 0.769881 0.765430 0.760301 0.755345 0.767314 0.756909 0.750961 0.748630 0.744866 
T_stage 1: 0.354329 0.321144 0.360263 0.232574 0.301203 0.389894 0.313965 0.275556 0.233559 0.287460 
Config: granularity=100000, SDR=10000, ADR=0, Rigid=1, Capture_Method=0
Stage 0: PT=0, T_stage=0.523500, bytes=0, T_capped=0
Stage 1: PT=6, T_stage=0.000000, bytes=33176880, T_capped=0
Group 1: Iters=10, Procs=2688, Factors=1.000000, Dist=2, RM=0, SM=1, RS=0, SS=4, parents=112, children=0
Async_Iters: 0
T_iter: 1.057574 1.081561 1.042721 0.975130 1.118689 1.238137 1.094687 0.996457 1.034478 0.942657 
T_stage 0: 0.738083 0.758389 0.746505 0.740616 0.741753 0.744606 0.750325 0.743095 0.734146 0.731198 
T_stage 1: 0.316801 0.330146 0.277736 0.228036 0.373235 0.485312 0.357186 0.258519 0.299292 0.211783 
Config: granularity=100000, SDR=10000, ADR=0, Rigid=1, Capture_Method=0
Stage 0: PT=0, T_stage=0.523500, bytes=0, T_capped=0
Stage 1: PT=6, T_stage=0.000000, bytes=33176880, T_capped=0
Group 1: Iters=10, Procs=2688, Factors=1.000000, Dist=2, RM=0, SM=1, RS=0, SS=4, parents=112, children=0
Async_Iters: 0
T_iter: 1.037378 1.198491 1.118918 1.103786 1.039482 1.245484 1.109060 1.132060 0.984849 1.080955 
T_stage 0: 0.773023 0.789370 0.784889 0.774617 0.775433 0.784259 0.779192 0.772444 0.768231 0.761212 
T_stage 1: 0.264411 0.388892 0.327103 0.328276 0.263791 0.465279 0.333060 0.362298 0.216384 0.313501 
Config: granularity=100000, SDR=10000, ADR=0, Rigid=1, Capture_Method=0
Stage 0: PT=0, T_stage=0.523500, bytes=0, T_capped=0
Stage 1: PT=6, T_stage=0.000000, bytes=33176880, T_capped=0
Group 1: Iters=10, Procs=2688, Factors=1.000000, Dist=2, RM=0, SM=1, RS=0, SS=4, parents=112, children=0
Async_Iters: 0
T_iter: 1.105204 1.127092 1.069670 1.093976 0.985785 1.043060 1.063478 1.077916 0.955075 0.930547 
T_stage 0: 0.728744 0.757174 0.739438 0.735049 0.733377 0.726978 0.739900 0.733871 0.722137 0.716162 
T_stage 1: 0.376491 0.382480 0.333510 0.359523 0.257062 0.317669 0.322583 0.346992 0.234791 0.218381 
Config: granularity=100000, SDR=10000, ADR=0, Rigid=1, Capture_Method=0
Stage 0: PT=0, T_stage=0.523500, bytes=0, T_capped=0
Stage 1: PT=6, T_stage=0.000000, bytes=33176880, T_capped=0
Group 1: Iters=10, Procs=2688, Factors=1.000000, Dist=2, RM=0, SM=1, RS=0, SS=4, parents=112, children=0
Async_Iters: 0
T_iter: 1.051451 1.200561 1.149631 1.075304 0.949338 1.204724 1.078322 1.030283 0.919535 0.945066 
T_stage 0: 0.718547 0.729880 0.725486 0.717886 0.710069 0.713476 0.717528 0.715866 0.709307 0.706464 
T_stage 1: 0.313959 0.465289 0.405975 0.358952 0.233566 0.484566 0.364191 0.312117 0.213434 0.238457 
Config: granularity=100000, SDR=10000, ADR=0, Rigid=1, Capture_Method=0
Stage 0: PT=0, T_stage=0.523500, bytes=0, T_capped=0
Stage 1: PT=6, T_stage=0.000000, bytes=33176880, T_capped=0
Group 1: Iters=10, Procs=2688, Factors=1.000000, Dist=2, RM=0, SM=1, RS=0, SS=4, parents=112, children=0
Async_Iters: 0
T_iter: 1.096323 1.069419 1.088780 1.104106 1.085334 1.129218 1.118002 1.023204 0.956399 0.998623 
T_stage 0: 0.703357 0.739734 0.725847 0.727129 0.720949 0.722323 0.722979 0.715431 0.725060 0.706705 
T_stage 1: 0.393111 0.326267 0.366684 0.380907 0.359087 0.400378 0.398735 0.306973 0.235119 0.289017 
Config: granularity=100000, SDR=10000, ADR=0, Rigid=1, Capture_Method=0
Stage 0: PT=0, T_stage=0.523500, bytes=0, T_capped=0
Stage 1: PT=6, T_stage=0.000000, bytes=33176880, T_capped=0
Group 1: Iters=10, Procs=2688, Factors=1.000000, Dist=2, RM=0, SM=1, RS=0, SS=4, parents=112, children=0
Async_Iters: 0
T_iter: 1.245244 1.156796 1.172825 1.131225 1.339797 1.217673 1.203596 1.203534 1.145525 1.190069 
T_stage 0: 0.842271 0.855157 0.847366 0.851574 0.850378 0.850435 0.841100 0.845240 0.833577 0.837711 
T_stage 1: 0.403419 0.286345 0.321800 0.281479 0.478107 0.373761 0.364432 0.360800 0.313290 0.352534 
Config: granularity=100000, SDR=10000, ADR=0, Rigid=1, Capture_Method=0
Stage 0: PT=0, T_stage=0.523500, bytes=0, T_capped=0
Stage 1: PT=6, T_stage=0.000000, bytes=33176880, T_capped=0
Group 1: Iters=10, Procs=2688, Factors=1.000000, Dist=2, RM=0, SM=1, RS=0, SS=4, parents=112, children=0
Async_Iters: 0
T_iter: 1.012248 1.104354 0.971631 1.045714 0.954740 1.084999 0.922813 0.943495 0.998227 0.938455 
T_stage 0: 0.676417 0.707685 0.693743 0.688175 0.673451 0.688733 0.680490 0.676739 0.690990 0.678700 
T_stage 1: 0.326587 0.399429 0.291417 0.350643 0.274636 0.395454 0.245491 0.264606 0.311174 0.256548 
Config: granularity=100000, SDR=10000, ADR=0, Rigid=1, Capture_Method=0
Stage 0: PT=0, T_stage=0.523500, bytes=0, T_capped=0
Stage 1: PT=6, T_stage=0.000000, bytes=33176880, T_capped=0
Group 1: Iters=10, Procs=2688, Factors=1.000000, Dist=2, RM=0, SM=1, RS=0, SS=4, parents=112, children=0
Async_Iters: 0
T_iter: 1.180130 1.265219 1.193441 1.097899 1.122392 1.271880 1.230712 1.137658 1.202500 1.231051 
T_stage 0: 0.842057 0.889573 0.859289 0.865912 0.867691 0.874315 0.850948 0.861695 0.859038 0.856662 
T_stage 1: 0.331115 0.366602 0.329715 0.231728 0.252939 0.393953 0.369389 0.275781 0.340422 0.372057 
Config: granularity=100000, SDR=10000, ADR=0, Rigid=1, Capture_Method=0
Stage 0: PT=0, T_stage=0.523500, bytes=0, T_capped=0
Stage 1: PT=6, T_stage=0.000000, bytes=33176880, T_capped=0
Group 1: Iters=10, Procs=2688, Factors=1.000000, Dist=2, RM=0, SM=1, RS=0, SS=4, parents=112, children=0
Async_Iters: 0
T_iter: 1.101137 0.971000 1.020511 1.043289 0.924823 1.048088 1.019383 0.946377 0.964676 0.986300 
T_stage 0: 0.690526 0.697744 0.694831 0.689303 0.689979 0.688924 0.697232 0.686073 0.690942 0.682762 
T_stage 1: 0.392534 0.273780 0.324008 0.348273 0.228527 0.357894 0.326425 0.258652 0.278833 0.300167 
Config: granularity=100000, SDR=10000, ADR=0, Rigid=1, Capture_Method=0
Stage 0: PT=0, T_stage=0.523500, bytes=0, T_capped=0
Stage 1: PT=6, T_stage=0.000000, bytes=33176880, T_capped=0
Group 1: Iters=10, Procs=2688, Factors=1.000000, Dist=2, RM=0, SM=1, RS=0, SS=4, parents=112, children=0
Async_Iters: 0
T_iter: 1.168993 1.265580 1.215847 1.099416 1.225374 1.232553 1.227596 1.069180 1.068822 1.107139 
T_stage 0: 0.855258 0.860612 0.847623 0.844813 0.846102 0.853850 0.846371 0.842017 0.834129 0.840630 
T_stage 1: 0.308317 0.409206 0.351026 0.257196 0.369473 0.382120 0.385140 0.231483 0.235994 0.271902 
Config: granularity=100000, SDR=10000, ADR=0, Rigid=1, Capture_Method=0
Stage 0: PT=0, T_stage=0.523500, bytes=0, T_capped=0
Stage 1: PT=6, T_stage=0.000000, bytes=33176880, T_capped=0
Group 1: Iters=10, Procs=2688, Factors=1.000000, Dist=2, RM=0, SM=1, RS=0, SS=4, parents=112, children=0
Async_Iters: 0
T_iter: 1.209176 1.209821 1.206156 1.068053 1.271639 1.178886 1.168970 1.110962 1.165746 1.136413 
T_stage 0: 0.838338 0.869085 0.880197 0.873753 0.864082 0.861540 0.867659 0.866038 0.858604 0.840895 
T_stage 1: 0.370764 0.333427 0.333147 0.199267 0.408878 0.318827 0.305329 0.246231 0.306898 0.297790 
Config: granularity=100000, SDR=10000, ADR=0, Rigid=1, Capture_Method=0
Stage 0: PT=0, T_stage=0.523500, bytes=0, T_capped=0
Stage 1: PT=6, T_stage=0.000000, bytes=33176880, T_capped=0
Group 1: Iters=10, Procs=2688, Factors=1.000000, Dist=2, RM=0, SM=1, RS=0, SS=4, parents=112, children=0
Async_Iters: 0
T_iter: 1.005648 1.100104 1.007048 1.101522 0.986893 1.086477 1.076113 0.997937 0.922912 0.937170 
T_stage 0: 0.722963 0.734781 0.731277 0.722399 0.717121 0.718061 0.728028 0.716335 0.709018 0.709626 
T_stage 1: 0.274597 0.367628 0.279203 0.380378 0.266536 0.367087 0.351515 0.278605 0.209670 0.229350 
Config: granularity=100000, SDR=10000, ADR=0, Rigid=1, Capture_Method=0
Stage 0: PT=0, T_stage=0.523500, bytes=0, T_capped=0
Stage 1: PT=6, T_stage=0.000000, bytes=33176880, T_capped=0
Group 1: Iters=10, Procs=2688, Factors=1.000000, Dist=2, RM=0, SM=1, RS=0, SS=4, parents=112, children=0
Async_Iters: 0
T_iter: 1.096914 1.102733 1.038302 1.063721 0.942752 1.209801 1.012395 1.070018 1.017316 0.969456 
T_stage 0: 0.716554 0.721230 0.709999 0.707567 0.706230 0.718533 0.705154 0.716575 0.709919 0.703863 
T_stage 1: 0.369503 0.385152 0.319569 0.357983 0.240581 0.490849 0.301279 0.352120 0.305254 0.266667 
Config: granularity=100000, SDR=10000, ADR=0, Rigid=1, Capture_Method=0
Stage 0: PT=0, T_stage=0.523500, bytes=0, T_capped=0
Stage 1: PT=6, T_stage=0.000000, bytes=33176880, T_capped=0
Group 1: Iters=10, Procs=2688, Factors=1.000000, Dist=2, RM=0, SM=1, RS=0, SS=4, parents=112, children=0
Async_Iters: 0
T_iter: 1.086993 1.143408 1.060393 1.057776 0.984907 1.085042 1.050504 0.963703 0.968277 0.915761 
T_stage 0: 0.710967 0.726901 0.727128 0.712101 0.709220 0.706683 0.701017 0.705507 0.702057 0.698735 
T_stage 1: 0.374236 0.415096 0.338798 0.349971 0.280907 0.372173 0.342454 0.258111 0.266474 0.217553 
Config: granularity=100000, SDR=10000, ADR=0, Rigid=1, Capture_Method=0
Stage 0: PT=0, T_stage=0.523500, bytes=0, T_capped=0
Stage 1: PT=6, T_stage=0.000000, bytes=33176880, T_capped=0
Group 1: Iters=10, Procs=2688, Factors=1.000000, Dist=2, RM=0, SM=1, RS=0, SS=4, parents=112, children=0
Async_Iters: 0
T_iter: 1.093345 1.029979 1.028186 1.054523 0.999768 1.105533 1.118905 1.027405 0.929623 0.916878 
T_stage 0: 0.732975 0.743201 0.743930 0.737867 0.737346 0.726269 0.727568 0.733487 0.720391 0.717193 
T_stage 1: 0.354355 0.283611 0.280426 0.317513 0.253285 0.372927 0.387992 0.297439 0.209837 0.198434 
Config: granularity=100000, SDR=10000, ADR=0, Rigid=1, Capture_Method=0
Stage 0: PT=0, T_stage=0.523500, bytes=0, T_capped=0
Stage 1: PT=6, T_stage=0.000000, bytes=33176880, T_capped=0
Group 1: Iters=10, Procs=2688, Factors=1.000000, Dist=2, RM=0, SM=1, RS=0, SS=4, parents=112, children=0
Async_Iters: 0
T_iter: 1.237692 1.188494 1.231642 1.050136 1.216412 1.190777 1.344443 1.037252 1.074748 1.168259 
T_stage 0: 0.828962 0.837421 0.844003 0.827506 0.831034 0.835838 0.843245 0.824669 0.826611 0.823187 
T_stage 1: 0.389987 0.356841 0.389257 0.218269 0.383840 0.353566 0.506059 0.215853 0.246961 0.345685 
