Config loaded: R=1, S=2, granularity=100000, SDR=10000, ADR=0, Rigid=1, Capture_Method=0
Stage 0: PT=0, T_stage=0.523500, bytes=0, T_capped=0
Stage 1: PT=6, T_stage=0.000000, bytes=33176880, T_capped=0
Group 0: Iters=5, Procs=224, Factors=1.000000, Dist=2, RM=0, SM=0, RS=0, SS=0
Group 1: Iters=10, Procs=2688, Factors=1.000000, Dist=2, RM=0, SM=1, RS=0, SS=4
T_spawn: 12.645812 
T_SR: 0.017595 
T_AR: 0.000000 
T_US: 0.025797 
T_Malleability: 12.713912 
T_total: 28.090858
Config loaded: R=1, S=2, granularity=100000, SDR=10000, ADR=0, Rigid=1, Capture_Method=0
Stage 0: PT=0, T_stage=0.523500, bytes=0, T_capped=0
Stage 1: PT=6, T_stage=0.000000, bytes=33176880, T_capped=0
Group 0: Iters=5, Procs=224, Factors=1.000000, Dist=2, RM=0, SM=0, RS=0, SS=0
Group 1: Iters=10, Procs=2688, Factors=1.000000, Dist=2, RM=0, SM=1, RS=0, SS=4
T_spawn: 11.925574 
T_SR: 0.024971 
T_AR: 0.000000 
T_US: 0.006349 
T_Malleability: 11.984040 
T_total: 36.310581
Config loaded: R=1, S=2, granularity=100000, SDR=10000, ADR=0, Rigid=1, Capture_Method=0
Stage 0: PT=0, T_stage=0.523500, bytes=0, T_capped=0
Stage 1: PT=6, T_stage=0.000000, bytes=33176880, T_capped=0
Group 0: Iters=5, Procs=224, Factors=1.000000, Dist=2, RM=0, SM=0, RS=0, SS=0
Group 1: Iters=10, Procs=2688, Factors=1.000000, Dist=2, RM=0, SM=1, RS=0, SS=4
T_spawn: 12.652862 
T_SR: 0.019630 
T_AR: 0.000000 
T_US: 0.018821 
T_Malleability: 12.727443 
T_total: 28.126074
Config loaded: R=1, S=2, granularity=100000, SDR=10000, ADR=0, Rigid=1, Capture_Method=0
Stage 0: PT=0, T_stage=0.523500, bytes=0, T_capped=0
Stage 1: PT=6, T_stage=0.000000, bytes=33176880, T_capped=0
Group 0: Iters=5, Procs=224, Factors=1.000000, Dist=2, RM=0, SM=0, RS=0, SS=0
Group 1: Iters=10, Procs=2688, Factors=1.000000, Dist=2, RM=0, SM=1, RS=0, SS=4
T_spawn: 12.696316 
T_SR: 0.025634 
T_AR: 0.000000 
T_US: 0.009707 
T_Malleability: 12.756235 
T_total: 27.784758
Config loaded: R=1, S=2, granularity=100000, SDR=10000, ADR=0, Rigid=1, Capture_Method=0
Stage 0: PT=0, T_stage=0.523500, bytes=0, T_capped=0
Stage 1: PT=6, T_stage=0.000000, bytes=33176880, T_capped=0
Group 0: Iters=5, Procs=224, Factors=1.000000, Dist=2, RM=0, SM=0, RS=0, SS=0
Group 1: Iters=10, Procs=2688, Factors=1.000000, Dist=2, RM=0, SM=1, RS=0, SS=4
T_spawn: 12.558751 
T_SR: 0.028282 
T_AR: 0.000000 
T_US: 0.014273 
T_Malleability: 12.625713 
T_total: 28.328969
Config loaded: R=1, S=2, granularity=100000, SDR=10000, ADR=0, Rigid=1, Capture_Method=0
Stage 0: PT=0, T_stage=0.523500, bytes=0, T_capped=0
Stage 1: PT=6, T_stage=0.000000, bytes=33176880, T_capped=0
Group 0: Iters=5, Procs=224, Factors=1.000000, Dist=2, RM=0, SM=0, RS=0, SS=0
Group 1: Iters=10, Procs=2688, Factors=1.000000, Dist=2, RM=0, SM=1, RS=0, SS=4
T_spawn: 12.486167 
T_SR: 0.028249 
T_AR: 0.000000 
T_US: 0.024810 
T_Malleability: 12.566585 
T_total: 28.071278
Config loaded: R=1, S=2, granularity=100000, SDR=10000, ADR=0, Rigid=1, Capture_Method=0
Stage 0: PT=0, T_stage=0.523500, bytes=0, T_capped=0
Stage 1: PT=6, T_stage=0.000000, bytes=33176880, T_capped=0
Group 0: Iters=5, Procs=224, Factors=1.000000, Dist=2, RM=0, SM=0, RS=0, SS=0
Group 1: Iters=10, Procs=2688, Factors=1.000000, Dist=2, RM=0, SM=1, RS=0, SS=4
T_spawn: 12.539528 
T_SR: 0.018750 
T_AR: 0.000000 
T_US: 0.004000 
T_Malleability: 12.604565 
T_total: 29.088882
Config loaded: R=1, S=2, granularity=100000, SDR=10000, ADR=0, Rigid=1, Capture_Method=0
Stage 0: PT=0, T_stage=0.523500, bytes=0, T_capped=0
Stage 1: PT=6, T_stage=0.000000, bytes=33176880, T_capped=0
Group 0: Iters=5, Procs=224, Factors=1.000000, Dist=2, RM=0, SM=0, RS=0, SS=0
Group 1: Iters=10, Procs=2688, Factors=1.000000, Dist=2, RM=0, SM=1, RS=0, SS=4
T_spawn: 12.226314 
T_SR: 0.021472 
T_AR: 0.000000 
T_US: 0.028161 
T_Malleability: 12.295501 
T_total: 27.942957
Config loaded: R=1, S=2, granularity=100000, SDR=10000, ADR=0, Rigid=1, Capture_Method=0
Stage 0: PT=0, T_stage=0.523500, bytes=0, T_capped=0
Stage 1: PT=6, T_stage=0.000000, bytes=33176880, T_capped=0
Group 0: Iters=5, Procs=224, Factors=1.000000, Dist=2, RM=0, SM=0, RS=0, SS=0
Group 1: Iters=10, Procs=2688, Factors=1.000000, Dist=2, RM=0, SM=1, RS=0, SS=4
T_spawn: 13.133272 
T_SR: 0.021566 
T_AR: 0.000000 
T_US: 0.018467 
T_Malleability: 13.190881 
T_total: 29.469802
Config loaded: R=1, S=2, granularity=100000, SDR=10000, ADR=0, Rigid=1, Capture_Method=0
Stage 0: PT=0, T_stage=0.523500, bytes=0, T_capped=0
Stage 1: PT=6, T_stage=0.000000, bytes=33176880, T_capped=0
Group 0: Iters=5, Procs=224, Factors=1.000000, Dist=2, RM=0, SM=0, RS=0, SS=0
Group 1: Iters=10, Procs=2688, Factors=1.000000, Dist=2, RM=0, SM=1, RS=0, SS=4
T_spawn: 12.502196 
T_SR: 0.024475 
T_AR: 0.000000 
T_US: 0.009259 
T_Malleability: 12.562098 
T_total: 27.976142
Config loaded: R=1, S=2, granularity=100000, SDR=10000, ADR=0, Rigid=1, Capture_Method=0
Stage 0: PT=0, T_stage=0.523500, bytes=0, T_capped=0
Stage 1: PT=6, T_stage=0.000000, bytes=33176880, T_capped=0
Group 0: Iters=5, Procs=224, Factors=1.000000, Dist=2, RM=0, SM=0, RS=0, SS=0
Group 1: Iters=10, Procs=2688, Factors=1.000000, Dist=2, RM=0, SM=1, RS=0, SS=4
T_spawn: 13.039968 
T_SR: 0.020675 
T_AR: 0.000000 
T_US: 0.020874 
T_Malleability: 13.098700 
T_total: 28.529749
Config loaded: R=1, S=2, granularity=100000, SDR=10000, ADR=0, Rigid=1, Capture_Method=0
Stage 0: PT=0, T_stage=0.523500, bytes=0, T_capped=0
Stage 1: PT=6, T_stage=0.000000, bytes=33176880, T_capped=0
Group 0: Iters=5, Procs=224, Factors=1.000000, Dist=2, RM=0, SM=0, RS=0, SS=0
Group 1: Iters=10, Procs=2688, Factors=1.000000, Dist=2, RM=0, SM=1, RS=0, SS=4
T_spawn: 13.166913 
T_SR: 0.020091 
T_AR: 0.000000 
T_US: 0.014750 
T_Malleability: 13.234461 
T_total: 29.553751
Config loaded: R=1, S=2, granularity=100000, SDR=10000, ADR=0, Rigid=1, Capture_Method=0
Stage 0: PT=0, T_stage=0.523500, bytes=0, T_capped=0
Stage 1: PT=6, T_stage=0.000000, bytes=33176880, T_capped=0
Group 0: Iters=5, Procs=224, Factors=1.000000, Dist=2, RM=0, SM=0, RS=0, SS=0
Group 1: Iters=10, Procs=2688, Factors=1.000000, Dist=2, RM=0, SM=1, RS=0, SS=4
T_spawn: 12.653044 
T_SR: 0.020614 
T_AR: 0.000000 
T_US: 0.026148 
T_Malleability: 12.730783 
T_total: 28.945919
Config loaded: R=1, S=2, granularity=100000, SDR=10000, ADR=0, Rigid=1, Capture_Method=0
Stage 0: PT=0, T_stage=0.523500, bytes=0, T_capped=0
Stage 1: PT=6, T_stage=0.000000, bytes=33176880, T_capped=0
Group 0: Iters=5, Procs=224, Factors=1.000000, Dist=2, RM=0, SM=0, RS=0, SS=0
Group 1: Iters=10, Procs=2688, Factors=1.000000, Dist=2, RM=0, SM=1, RS=0, SS=4
T_spawn: 12.663704 
T_SR: 0.019527 
T_AR: 0.000000 
T_US: 0.005969 
T_Malleability: 12.723807 
T_total: 27.876804
Config loaded: R=1, S=2, granularity=100000, SDR=10000, ADR=0, Rigid=1, Capture_Method=0
Stage 0: PT=0, T_stage=0.523500, bytes=0, T_capped=0
Stage 1: PT=6, T_stage=0.000000, bytes=33176880, T_capped=0
Group 0: Iters=5, Procs=224, Factors=1.000000, Dist=2, RM=0, SM=0, RS=0, SS=0
Group 1: Iters=10, Procs=2688, Factors=1.000000, Dist=2, RM=0, SM=1, RS=0, SS=4
T_spawn: 12.985366 
T_SR: 0.019518 
T_AR: 0.000000 
T_US: 0.029432 
T_Malleability: 13.060484 
T_total: 29.173394
Config loaded: R=1, S=2, granularity=100000, SDR=10000, ADR=0, Rigid=1, Capture_Method=0
Stage 0: PT=0, T_stage=0.523500, bytes=0, T_capped=0
Stage 1: PT=6, T_stage=0.000000, bytes=33176880, T_capped=0
Group 0: Iters=5, Procs=224, Factors=1.000000, Dist=2, RM=0, SM=0, RS=0, SS=0
Group 1: Iters=10, Procs=2688, Factors=1.000000, Dist=2, RM=0, SM=1, RS=0, SS=4
T_spawn: 12.456448 
T_SR: 0.021819 
T_AR: 0.000000 
T_US: 0.008325 
T_Malleability: 12.530696 
T_total: 27.913138
Config loaded: R=1, S=2, granularity=100000, SDR=10000, ADR=0, Rigid=1, Capture_Method=0
Stage 0: PT=0, T_stage=0.523500, bytes=0, T_capped=0
Stage 1: PT=6, T_stage=0.000000, bytes=33176880, T_capped=0
Group 0: Iters=5, Procs=224, Factors=1.000000, Dist=2, RM=0, SM=0, RS=0, SS=0
Group 1: Iters=10, Procs=2688, Factors=1.000000, Dist=2, RM=0, SM=1, RS=0, SS=4
T_spawn: 12.940844 
T_SR: 0.026632 
T_AR: 0.000000 
T_US: 0.021309 
T_Malleability: 13.014136 
T_total: 28.379838
Config loaded: R=1, S=2, granularity=100000, SDR=10000, ADR=0, Rigid=1, Capture_Method=0
Stage 0: PT=0, T_stage=0.523500, bytes=0, T_capped=0
Stage 1: PT=6, T_stage=0.000000, bytes=33176880, T_capped=0
Group 0: Iters=5, Procs=224, Factors=1.000000, Dist=2, RM=0, SM=0, RS=0, SS=0
Group 1: Iters=10, Procs=2688, Factors=1.000000, Dist=2, RM=0, SM=1, RS=0, SS=4
T_spawn: 12.782961 
T_SR: 0.025428 
T_AR: 0.000000 
T_US: 0.020404 
T_Malleability: 12.850888 
T_total: 28.019890
Config loaded: R=1, S=2, granularity=100000, SDR=10000, ADR=0, Rigid=1, Capture_Method=0
Stage 0: PT=0, T_stage=0.523500, bytes=0, T_capped=0
Stage 1: PT=6, T_stage=0.000000, bytes=33176880, T_capped=0
Group 0: Iters=5, Procs=224, Factors=1.000000, Dist=2, RM=0, SM=0, RS=0, SS=0
Group 1: Iters=10, Procs=2688, Factors=1.000000, Dist=2, RM=0, SM=1, RS=0, SS=4
T_spawn: 12.994998 
T_SR: 0.019785 
T_AR: 0.000000 
T_US: 0.023895 
T_Malleability: 13.054298 
T_total: 29.292633
Config loaded: R=1, S=2, granularity=100000, SDR=10000, ADR=0, Rigid=1, Capture_Method=0
Stage 0: PT=0, T_stage=0.523500, bytes=0, T_capped=0
Stage 1: PT=6, T_stage=0.000000, bytes=33176880, T_capped=0
Group 0: Iters=5, Procs=224, Factors=1.000000, Dist=2, RM=0, SM=0, RS=0, SS=0
Group 1: Iters=10, Procs=2688, Factors=1.000000, Dist=2, RM=0, SM=1, RS=0, SS=4
T_spawn: 17.402922 
T_SR: 1.066011 
T_AR: 0.000000 
T_US: 0.019430 
T_Malleability: 18.522972 
T_total: 34.400948
