Config: granularity=100000, SDR=10000, ADR=0, Rigid=1, Capture_Method=0
Stage 0: PT=0, T_stage=0.523500, bytes=0, T_capped=0
Stage 1: PT=6, T_stage=0.000000, bytes=33176880, T_capped=0
Group 1: Iters=10, Procs=2688, Factors=1.000000, Dist=2, RM=0, SM=1, RS=0, SS=4, parents=448, children=0
Async_Iters: 0
T_iter: 1.069333 1.155972 1.139917 1.123725 1.068290 1.185680 1.029944 1.089309 0.966699 0.979730 
T_stage 0: 0.759592 0.761094 0.773704 0.762699 0.765746 0.759676 0.759949 0.753104 0.753793 0.747897 
T_stage 1: 0.295628 0.384944 0.358330 0.364150 0.305435 0.415624 0.266555 0.337375 0.216285 0.232219 
Config: granularity=100000, SDR=10000, ADR=0, Rigid=1, Capture_Method=0
Stage 0: PT=0, T_stage=0.523500, bytes=0, T_capped=0
Stage 1: PT=6, T_stage=0.000000, bytes=33176880, T_capped=0
Group 1: Iters=10, Procs=2688, Factors=1.000000, Dist=2, RM=0, SM=1, RS=0, SS=4, parents=448, children=0
Async_Iters: 0
T_iter: 1.027366 1.273142 1.216267 1.073357 0.987574 1.030501 1.159773 1.121115 0.990039 0.949732 
T_stage 0: 0.766686 0.785360 0.784384 0.784272 0.763861 0.766148 0.764955 0.773270 0.759744 0.755943 
T_stage 1: 0.260532 0.488922 0.427413 0.297532 0.219508 0.264580 0.390409 0.338907 0.228611 0.196572 
Config: granularity=100000, SDR=10000, ADR=0, Rigid=1, Capture_Method=0
Stage 0: PT=0, T_stage=0.523500, bytes=0, T_capped=0
Stage 1: PT=6, T_stage=0.000000, bytes=33176880, T_capped=0
Group 1: Iters=10, Procs=2688, Factors=1.000000, Dist=2, RM=0, SM=1, RS=0, SS=4, parents=448, children=0
Async_Iters: 0
T_iter: 1.201445 1.278745 1.175702 1.100858 1.201859 1.232126 1.123824 1.210410 1.053758 1.076224 
T_stage 0: 0.828999 0.872197 0.867960 0.854102 0.856270 0.854724 0.854357 0.847069 0.843696 0.845818 
T_stage 1: 0.372146 0.398657 0.309126 0.243199 0.342556 0.384877 0.267220 0.363014 0.203464 0.233269 
Config: granularity=100000, SDR=10000, ADR=0, Rigid=1, Capture_Method=0
Stage 0: PT=0, T_stage=0.523500, bytes=0, T_capped=0
Stage 1: PT=6, T_stage=0.000000, bytes=33176880, T_capped=0
Group 1: Iters=10, Procs=2688, Factors=1.000000, Dist=2, RM=0, SM=1, RS=0, SS=4, parents=448, children=0
Async_Iters: 0
T_iter: 1.172802 1.180423 1.183665 1.076661 1.217677 1.195616 1.175055 1.196981 1.137926 1.167406 
T_stage 0: 0.841837 0.858367 0.847534 0.847827 0.847479 0.857901 0.841665 0.843650 0.837894 0.835695 
T_stage 1: 0.325620 0.313668 0.323105 0.228699 0.369658 0.343837 0.325620 0.357026 0.302474 0.330003 
Config: granularity=100000, SDR=10000, ADR=0, Rigid=1, Capture_Method=0
Stage 0: PT=0, T_stage=0.523500, bytes=0, T_capped=0
Stage 1: PT=6, T_stage=0.000000, bytes=33176880, T_capped=0
Group 1: Iters=10, Procs=2688, Factors=1.000000, Dist=2, RM=0, SM=1, RS=0, SS=4, parents=448, children=0
Async_Iters: 0
T_iter: 1.009299 1.112353 1.070315 1.105425 1.140513 1.195032 1.075808 1.113534 1.029185 0.982754 
T_stage 0: 0.750017 0.764791 0.756933 0.751765 0.754169 0.756488 0.753632 0.745811 0.741037 0.742334 
T_stage 1: 0.256074 0.354700 0.307797 0.352877 0.392602 0.438126 0.327387 0.370864 0.290762 0.236428 
Config: granularity=100000, SDR=10000, ADR=0, Rigid=1, Capture_Method=0
Stage 0: PT=0, T_stage=0.523500, bytes=0, T_capped=0
Stage 1: PT=6, T_stage=0.000000, bytes=33176880, T_capped=0
Group 1: Iters=10, Procs=2688, Factors=1.000000, Dist=2, RM=0, SM=1, RS=0, SS=4, parents=448, children=0
Async_Iters: 0
T_iter: 1.130484 1.150668 1.093248 1.097881 1.047036 1.026543 1.019576 0.967078 0.981783 1.023521 
T_stage 0: 0.762427 0.780649 0.769322 0.766173 0.759670 0.776440 0.764197 0.762327 0.757025 0.754997 
T_stage 1: 0.362075 0.372401 0.324853 0.337612 0.282259 0.258987 0.265498 0.209905 0.227553 0.271740 
Config: granularity=100000, SDR=10000, ADR=0, Rigid=1, Capture_Method=0
Stage 0: PT=0, T_stage=0.523500, bytes=0, T_capped=0
Stage 1: PT=6, T_stage=0.000000, bytes=33176880, T_capped=0
Group 1: Iters=10, Procs=2688, Factors=1.000000, Dist=2, RM=0, SM=1, RS=0, SS=4, parents=448, children=0
Async_Iters: 0
T_iter: 1.102240 1.320658 1.084533 1.020625 1.119457 1.259369 1.106401 1.131564 1.028412 1.003503 
T_stage 0: 0.791359 0.798339 0.793967 0.788227 0.788269 0.784158 0.783556 0.780824 0.778968 0.779474 
T_stage 1: 0.301249 0.515768 0.291716 0.238208 0.332403 0.472599 0.316057 0.344746 0.245252 0.229023 
Config: granularity=100000, SDR=10000, ADR=0, Rigid=1, Capture_Method=0
Stage 0: PT=0, T_stage=0.523500, bytes=0, T_capped=0
Stage 1: PT=6, T_stage=0.000000, bytes=33176880, T_capped=0
Group 1: Iters=10, Procs=2688, Factors=1.000000, Dist=2, RM=0, SM=1, RS=0, SS=4, parents=448, children=0
Async_Iters: 0
T_iter: 1.222279 1.075881 1.075693 1.055713 1.077944 1.239534 1.027879 1.064572 1.005032 0.996289 
T_stage 0: 0.781091 0.799605 0.789049 0.794861 0.782313 0.783165 0.780888 0.790202 0.775043 0.779494 
T_stage 1: 0.420883 0.281884 0.289535 0.269013 0.296166 0.453663 0.242060 0.283345 0.230582 0.210712 
Config: granularity=100000, SDR=10000, ADR=0, Rigid=1, Capture_Method=0
Stage 0: PT=0, T_stage=0.523500, bytes=0, T_capped=0
Stage 1: PT=6, T_stage=0.000000, bytes=33176880, T_capped=0
Group 1: Iters=10, Procs=2688, Factors=1.000000, Dist=2, RM=0, SM=1, RS=0, SS=4, parents=448, children=0
Async_Iters: 0
T_iter: 1.086293 1.114996 1.196537 1.082505 1.099369 1.195404 1.161100 1.071126 1.023042 1.118272 
T_stage 0: 0.773550 0.776970 0.773843 0.775536 0.774584 0.770746 0.769401 0.763779 0.763466 0.763019 
T_stage 1: 0.311298 0.337738 0.406302 0.318022 0.331445 0.425188 0.391399 0.308204 0.259184 0.355039 
Config: granularity=100000, SDR=10000, ADR=0, Rigid=1, Capture_Method=0
Stage 0: PT=0, T_stage=0.523500, bytes=0, T_capped=0
Stage 1: PT=6, T_stage=0.000000, bytes=33176880, T_capped=0
Group 1: Iters=10, Procs=2688, Factors=1.000000, Dist=2, RM=0, SM=1, RS=0, SS=4, parents=448, children=0
Async_Iters: 0
T_iter: 1.089473 1.196488 1.101490 1.134676 1.140225 1.229443 1.089080 1.096477 1.045234 1.144063 
T_stage 0: 0.781075 0.781133 0.783826 0.783769 0.777832 0.787060 0.778394 0.771534 0.768926 0.770517 
T_stage 1: 0.303566 0.413707 0.314626 0.358975 0.361190 0.445476 0.313252 0.328348 0.275037 0.371523 
Config: granularity=100000, SDR=10000, ADR=0, Rigid=1, Capture_Method=0
Stage 0: PT=0, T_stage=0.523500, bytes=0, T_capped=0
Stage 1: PT=6, T_stage=0.000000, bytes=33176880, T_capped=0
Group 1: Iters=10, Procs=2688, Factors=1.000000, Dist=2, RM=0, SM=1, RS=0, SS=4, parents=448, children=0
Async_Iters: 0
T_iter: 1.067663 1.120829 1.165912 0.996315 1.081284 1.227728 1.030487 1.026238 0.977149 0.970764 
T_stage 0: 0.760768 0.774083 0.765594 0.770740 0.775890 0.762867 0.759624 0.758529 0.759210 0.749682 
T_stage 1: 0.299690 0.340226 0.402055 0.235611 0.314931 0.463332 0.274022 0.265247 0.219649 0.215595 
Config: granularity=100000, SDR=10000, ADR=0, Rigid=1, Capture_Method=0
Stage 0: PT=0, T_stage=0.523500, bytes=0, T_capped=0
Stage 1: PT=6, T_stage=0.000000, bytes=33176880, T_capped=0
Group 1: Iters=10, Procs=2688, Factors=1.000000, Dist=2, RM=0, SM=1, RS=0, SS=4, parents=448, children=0
Async_Iters: 0
T_iter: 1.156541 1.143767 1.082372 1.138936 1.274938 1.208794 1.054852 1.053926 1.020888 1.182669 
T_stage 0: 0.829764 0.835433 0.831255 0.841080 0.824960 0.831147 0.820971 0.828105 0.815307 0.820156 
T_stage 1: 0.311065 0.299837 0.257049 0.312897 0.448443 0.372103 0.236742 0.233376 0.209710 0.361815 
Config: granularity=100000, SDR=10000, ADR=0, Rigid=1, Capture_Method=0
Stage 0: PT=0, T_stage=0.523500, bytes=0, T_capped=0
Stage 1: PT=6, T_stage=0.000000, bytes=33176880, T_capped=0
Group 1: Iters=10, Procs=2688, Factors=1.000000, Dist=2, RM=0, SM=1, RS=0, SS=4, parents=448, children=0
Async_Iters: 0
T_iter: 1.014512 1.174071 1.153790 1.067822 1.097262 1.152454 1.138195 1.120597 0.994070 1.086916 
T_stage 0: 0.774167 0.784082 0.786232 0.780541 0.774601 0.773650 0.782823 0.772796 0.766803 0.763438 
T_stage 1: 0.239511 0.371078 0.370050 0.291454 0.319227 0.378267 0.360572 0.347107 0.222787 0.322917 
Config: granularity=100000, SDR=10000, ADR=0, Rigid=1, Capture_Method=0
Stage 0: PT=0, T_stage=0.523500, bytes=0, T_capped=0
Stage 1: PT=6, T_stage=0.000000, bytes=33176880, T_capped=0
Group 1: Iters=10, Procs=2688, Factors=1.000000, Dist=2, RM=0, SM=1, RS=0, SS=4, parents=448, children=0
Async_Iters: 0
T_iter: 1.175124 1.155072 1.092881 1.139180 1.064694 1.121033 1.202095 1.134031 1.128858 1.001121 
T_stage 0: 0.786488 0.802224 0.795537 0.793895 0.786044 0.784051 0.790098 0.785238 0.773571 0.778626 
T_stage 1: 0.378008 0.373306 0.307011 0.357055 0.278214 0.331617 0.410143 0.352702 0.356745 0.228503 
Config: granularity=100000, SDR=10000, ADR=0, Rigid=1, Capture_Method=0
Stage 0: PT=0, T_stage=0.523500, bytes=0, T_capped=0
Stage 1: PT=6, T_stage=0.000000, bytes=33176880, T_capped=0
Group 1: Iters=10, Procs=2688, Factors=1.000000, Dist=2, RM=0, SM=1, RS=0, SS=4, parents=448, children=0
Async_Iters: 0
T_iter: 1.189579 1.117166 1.090262 1.165404 1.061278 1.105061 1.152559 3.483399 3.506311 3.554191 
T_stage 0: 0.778979 0.792817 0.781850 0.785013 0.786911 0.791794 0.783098 3.221454 3.219360 3.204486 
T_stage 1: 0.398570 0.328001 0.304577 0.382622 0.278741 0.316526 0.373298 0.265766 0.286614 0.348050 
Config: granularity=100000, SDR=10000, ADR=0, Rigid=1, Capture_Method=0
Stage 0: PT=0, T_stage=0.523500, bytes=0, T_capped=0
Stage 1: PT=6, T_stage=0.000000, bytes=33176880, T_capped=0
Group 1: Iters=10, Procs=2688, Factors=1.000000, Dist=2, RM=0, SM=1, RS=0, SS=4, parents=448, children=0
Async_Iters: 0
T_iter: 1.247141 1.230841 1.174370 1.096799 1.192013 1.157778 1.187914 1.123085 1.142611 1.152878 
T_stage 0: 0.848346 0.872371 0.859966 0.846427 0.840472 0.842089 0.846827 0.836174 0.840072 0.828916 
T_stage 1: 0.386463 0.359467 0.318455 0.252954 0.346600 0.318336 0.342700 0.286170 0.308529 0.320011 
Config: granularity=100000, SDR=10000, ADR=0, Rigid=1, Capture_Method=0
Stage 0: PT=0, T_stage=0.523500, bytes=0, T_capped=0
Stage 1: PT=6, T_stage=0.000000, bytes=33176880, T_capped=0
Group 1: Iters=10, Procs=2688, Factors=1.000000, Dist=2, RM=0, SM=1, RS=0, SS=4, parents=448, children=0
Async_Iters: 0
T_iter: 1.114702 1.130493 1.104605 1.034029 1.151484 1.159627 1.136037 1.129785 0.998213 1.028948 
T_stage 0: 0.775220 0.807659 0.783001 0.771701 0.778993 0.774748 0.776649 0.764447 0.764757 0.766979 
T_stage 1: 0.338734 0.339328 0.326295 0.265374 0.369321 0.386266 0.363075 0.366219 0.232954 0.259601 
Config: granularity=100000, SDR=10000, ADR=0, Rigid=1, Capture_Method=0
Stage 0: PT=0, T_stage=0.523500, bytes=0, T_capped=0
Stage 1: PT=6, T_stage=0.000000, bytes=33176880, T_capped=0
Group 1: Iters=10, Procs=2688, Factors=1.000000, Dist=2, RM=0, SM=1, RS=0, SS=4, parents=448, children=0
Async_Iters: 0
T_iter: 1.272854 1.335798 1.226824 1.225082 1.362728 1.184424 1.091743 1.149545 1.221674 1.282073 
T_stage 0: 0.846866 0.870430 0.861470 0.865398 0.863787 0.850924 0.853916 0.858337 0.848689 0.853705 
T_stage 1: 0.414894 0.467996 0.364980 0.361375 0.497698 0.327746 0.237157 0.292672 0.371299 0.429210 
Config: granularity=100000, SDR=10000, ADR=0, Rigid=1, Capture_Method=0
Stage 0: PT=0, T_stage=0.523500, bytes=0, T_capped=0
Stage 1: PT=6, T_stage=0.000000, bytes=33176880, T_capped=0
Group 1: Iters=10, Procs=2688, Factors=1.000000, Dist=2, RM=0, SM=1, RS=0, SS=4, parents=448, children=0
Async_Iters: 0
T_iter: 1.140279 1.076636 1.061553 1.103022 1.123145 1.136223 1.117593 1.046865 0.957219 1.015317 
T_stage 0: 0.748664 0.790589 0.770512 0.769763 0.773192 0.774562 0.771080 0.757550 0.737365 0.745929 
T_stage 1: 0.383110 0.295497 0.289232 0.336381 0.352026 0.361833 0.354004 0.300280 0.218951 0.273752 
Config: granularity=100000, SDR=10000, ADR=0, Rigid=1, Capture_Method=0
Stage 0: PT=0, T_stage=0.523500, bytes=0, T_capped=0
Stage 1: PT=6, T_stage=0.000000, bytes=33176880, T_capped=0
Group 1: Iters=10, Procs=2688, Factors=1.000000, Dist=2, RM=0, SM=1, RS=0, SS=4, parents=448, children=0
Async_Iters: 0
T_iter: 1.093025 1.202474 1.153345 1.027696 1.096310 1.100160 1.072261 1.116813 1.137248 1.147633 
T_stage 0: 0.778974 0.796533 0.795362 0.798594 0.791902 0.791839 0.797060 0.794225 0.783651 0.780045 
T_stage 1: 0.311974 0.404307 0.361295 0.233715 0.297260 0.311326 0.278265 0.330915 0.352081 0.368087 
