Config: granularity=100000, SDR=10000, ADR=0, Rigid=1, Capture_Method=0
Stage 0: PT=0, T_stage=0.523500, bytes=0, T_capped=0
Stage 1: PT=6, T_stage=0.000000, bytes=33176880, T_capped=0
Group 1: Iters=10, Procs=2688, Factors=1.000000, Dist=2, RM=0, SM=1, RS=0, SS=4, parents=896, children=0
Async_Iters: 0
T_iter: 1.238474 1.250387 1.231246 1.049779 1.225017 1.298281 1.184667 1.122201 1.037383 1.134467 
T_stage 0: 0.857705 0.877852 0.868366 0.857660 0.870826 0.872631 0.862260 0.852824 0.849567 0.848461 
T_stage 1: 0.380638 0.370428 0.361073 0.192473 0.370307 0.424028 0.331088 0.268417 0.187699 0.284026 
Config: granularity=100000, SDR=10000, ADR=0, Rigid=1, Capture_Method=0
Stage 0: PT=0, T_stage=0.523500, bytes=0, T_capped=0
Stage 1: PT=6, T_stage=0.000000, bytes=33176880, T_capped=0
Group 1: Iters=10, Procs=2688, Factors=1.000000, Dist=2, RM=0, SM=1, RS=0, SS=4, parents=896, children=0
Async_Iters: 0
T_iter: 1.069204 1.172487 1.158617 1.137586 1.163344 1.170711 1.145536 1.076804 1.145259 1.030832 
T_stage 0: 0.721750 0.807930 0.805383 0.791557 0.800646 0.796832 0.790029 0.786165 0.791435 0.782611 
T_stage 1: 0.334632 0.358762 0.363533 0.348962 0.366277 0.372077 0.353133 0.292245 0.356955 0.244483 
Config: granularity=100000, SDR=10000, ADR=0, Rigid=1, Capture_Method=0
Stage 0: PT=0, T_stage=0.523500, bytes=0, T_capped=0
Stage 1: PT=6, T_stage=0.000000, bytes=33176880, T_capped=0
Group 1: Iters=10, Procs=2688, Factors=1.000000, Dist=2, RM=0, SM=1, RS=0, SS=4, parents=896, children=0
Async_Iters: 0
T_iter: 1.198276 1.217536 1.132790 1.104159 1.173737 1.246480 1.225722 1.082913 1.065562 1.115434 
T_stage 0: 0.864070 0.864391 0.869583 0.856925 0.864933 0.869597 0.865839 0.850657 0.852166 0.849030 
T_stage 1: 0.333515 0.350553 0.255722 0.250518 0.314324 0.375368 0.365502 0.232808 0.216716 0.266592 
Config: granularity=100000, SDR=10000, ADR=0, Rigid=1, Capture_Method=0
Stage 0: PT=0, T_stage=0.523500, bytes=0, T_capped=0
Stage 1: PT=6, T_stage=0.000000, bytes=33176880, T_capped=0
Group 1: Iters=10, Procs=2688, Factors=1.000000, Dist=2, RM=0, SM=1, RS=0, SS=4, parents=896, children=0
Async_Iters: 0
T_iter: 1.108516 1.153688 1.231819 1.225947 1.139471 1.169167 1.211963 1.136911 1.055812 1.129475 
T_stage 0: 0.851086 0.863101 0.858402 0.856132 0.851634 0.839887 0.848353 0.836451 0.832160 0.833562 
T_stage 1: 0.257097 0.283605 0.373810 0.372388 0.283356 0.326738 0.368858 0.298725 0.224159 0.299059 
Config: granularity=100000, SDR=10000, ADR=0, Rigid=1, Capture_Method=0
Stage 0: PT=0, T_stage=0.523500, bytes=0, T_capped=0
Stage 1: PT=6, T_stage=0.000000, bytes=33176880, T_capped=0
Group 1: Iters=10, Procs=2688, Factors=1.000000, Dist=2, RM=0, SM=1, RS=0, SS=4, parents=896, children=0
Async_Iters: 0
T_iter: 1.067828 1.122018 1.146249 1.132456 1.124581 1.086703 1.136279 1.027075 1.028561 0.999627 
T_stage 0: 0.770520 0.789279 0.782131 0.773260 0.774740 0.774280 0.778037 0.773731 0.767510 0.763456 
T_stage 1: 0.284177 0.329374 0.362557 0.359217 0.342200 0.307194 0.359731 0.255180 0.263412 0.232865 
Config: granularity=100000, SDR=10000, ADR=0, Rigid=1, Capture_Method=0
Stage 0: PT=0, T_stage=0.523500, bytes=0, T_capped=0
Stage 1: PT=6, T_stage=0.000000, bytes=33176880, T_capped=0
Group 1: Iters=10, Procs=2688, Factors=1.000000, Dist=2, RM=0, SM=1, RS=0, SS=4, parents=896, children=0
Async_Iters: 0
T_iter: 1.123137 1.133173 1.274477 1.060885 1.226995 1.128820 1.085780 1.127681 0.955696 1.074623 
T_stage 0: 0.818794 0.805026 0.835182 0.807775 0.801795 0.763115 0.771440 0.770042 0.755819 0.755600 
T_stage 1: 0.304255 0.323068 0.453518 0.254637 0.422056 0.370077 0.321751 0.367882 0.203746 0.323182 
Config: granularity=100000, SDR=10000, ADR=0, Rigid=1, Capture_Method=0
Stage 0: PT=0, T_stage=0.523500, bytes=0, T_capped=0
Stage 1: PT=6, T_stage=0.000000, bytes=33176880, T_capped=0
Group 1: Iters=10, Procs=2688, Factors=1.000000, Dist=2, RM=0, SM=1, RS=0, SS=4, parents=896, children=0
Async_Iters: 0
T_iter: 1.106793 1.162755 1.183775 1.102186 1.164841 1.081065 1.117121 1.079093 0.997781 1.057732 
T_stage 0: 0.768510 0.792369 0.779602 0.772835 0.771029 0.770811 0.779675 0.765922 0.747206 0.745821 
T_stage 1: 0.337661 0.391985 0.403946 0.334796 0.400720 0.308514 0.336511 0.310521 0.250713 0.312867 
Config: granularity=100000, SDR=10000, ADR=0, Rigid=1, Capture_Method=0
Stage 0: PT=0, T_stage=0.523500, bytes=0, T_capped=0
Stage 1: PT=6, T_stage=0.000000, bytes=33176880, T_capped=0
Group 1: Iters=10, Procs=2688, Factors=1.000000, Dist=2, RM=0, SM=1, RS=0, SS=4, parents=896, children=0
Async_Iters: 0
T_iter: 1.148456 1.054232 1.168288 1.087154 1.222308 1.140029 1.129043 1.183564 0.969299 0.993529 
T_stage 0: 0.769449 0.787754 0.776055 0.774316 0.775867 0.783985 0.769305 0.773192 0.762652 0.766525 
T_stage 1: 0.371608 0.267902 0.381032 0.315173 0.451209 0.362459 0.359354 0.410351 0.207154 0.232100 
Config: granularity=100000, SDR=10000, ADR=0, Rigid=1, Capture_Method=0
Stage 0: PT=0, T_stage=0.523500, bytes=0, T_capped=0
Stage 1: PT=6, T_stage=0.000000, bytes=33176880, T_capped=0
Group 1: Iters=10, Procs=2688, Factors=1.000000, Dist=2, RM=0, SM=1, RS=0, SS=4, parents=896, children=0
Async_Iters: 0
T_iter: 1.247360 1.234905 1.159840 1.201324 1.209921 1.117971 1.089943 1.101985 1.077696 1.214456 
T_stage 0: 0.848698 0.857506 0.860769 0.846482 0.862504 0.848004 0.848447 0.841055 0.843826 0.841315 
T_stage 1: 0.398377 0.375029 0.313394 0.354685 0.350639 0.272805 0.240455 0.260477 0.241675 0.372853 
Config: granularity=100000, SDR=10000, ADR=0, Rigid=1, Capture_Method=0
Stage 0: PT=0, T_stage=0.523500, bytes=0, T_capped=0
Stage 1: PT=6, T_stage=0.000000, bytes=33176880, T_capped=0
Group 1: Iters=10, Procs=2688, Factors=1.000000, Dist=2, RM=0, SM=1, RS=0, SS=4, parents=896, children=0
Async_Iters: 0
T_iter: 1.154791 1.106101 1.187910 1.106890 1.184561 1.169967 1.103324 1.175394 1.017760 1.137551 
T_stage 0: 0.769095 0.797133 0.785357 0.796417 0.782984 0.781442 0.789385 0.785773 0.780171 0.778470 
T_stage 1: 0.373876 0.296022 0.400069 0.313403 0.391356 0.381327 0.317874 0.388057 0.236352 0.357786 
Config: granularity=100000, SDR=10000, ADR=0, Rigid=1, Capture_Method=0
Stage 0: PT=0, T_stage=0.523500, bytes=0, T_capped=0
Stage 1: PT=6, T_stage=0.000000, bytes=33176880, T_capped=0
Group 1: Iters=10, Procs=2688, Factors=1.000000, Dist=2, RM=0, SM=1, RS=0, SS=4, parents=896, children=0
Async_Iters: 0
T_iter: 1.151974 1.189844 1.204871 1.128072 1.147191 1.186149 1.212860 1.078275 1.105955 1.142648 
T_stage 0: 0.860128 0.878997 0.866879 0.858625 0.860582 0.877241 0.856261 0.849658 0.845968 0.840478 
T_stage 1: 0.290573 0.316480 0.335497 0.271748 0.278984 0.319819 0.355574 0.232813 0.262706 0.301493 
Config: granularity=100000, SDR=10000, ADR=0, Rigid=1, Capture_Method=0
Stage 0: PT=0, T_stage=0.523500, bytes=0, T_capped=0
Stage 1: PT=6, T_stage=0.000000, bytes=33176880, T_capped=0
Group 1: Iters=10, Procs=2688, Factors=1.000000, Dist=2, RM=0, SM=1, RS=0, SS=4, parents=896, children=0
Async_Iters: 0
T_iter: 1.161408 1.098077 1.156428 1.099430 1.222244 1.054705 1.069577 1.163921 0.993444 0.983528 
T_stage 0: 0.773527 0.776032 0.780035 0.780797 0.773381 0.772665 0.771378 0.771009 0.762744 0.768059 
T_stage 1: 0.374411 0.320903 0.379822 0.324669 0.455811 0.288391 0.302389 0.393936 0.227896 0.222162 
Config: granularity=100000, SDR=10000, ADR=0, Rigid=1, Capture_Method=0
Stage 0: PT=0, T_stage=0.523500, bytes=0, T_capped=0
Stage 1: PT=6, T_stage=0.000000, bytes=33176880, T_capped=0
Group 1: Iters=10, Procs=2688, Factors=1.000000, Dist=2, RM=0, SM=1, RS=0, SS=4, parents=896, children=0
Async_Iters: 0
T_iter: 1.129076 1.042690 1.115126 1.092311 1.205922 1.110466 1.103174 1.109644 0.970745 1.000384 
T_stage 0: 0.782113 0.792888 0.791787 0.791263 0.781732 0.787872 0.787489 0.785023 0.771949 0.773551 
T_stage 1: 0.323410 0.255537 0.324827 0.311487 0.417912 0.328185 0.320102 0.330543 0.200257 0.230718 
Config: granularity=100000, SDR=10000, ADR=0, Rigid=1, Capture_Method=0
Stage 0: PT=0, T_stage=0.523500, bytes=0, T_capped=0
Stage 1: PT=6, T_stage=0.000000, bytes=33176880, T_capped=0
Group 1: Iters=10, Procs=2688, Factors=1.000000, Dist=2, RM=0, SM=1, RS=0, SS=4, parents=896, children=0
Async_Iters: 0
T_iter: 1.106640 1.111140 1.045119 1.112935 0.961111 1.004108 1.119929 1.024243 0.991114 0.966641 
T_stage 0: 0.756384 0.768374 0.774000 0.772531 0.762617 0.759514 0.760465 0.768867 0.751631 0.755743 
T_stage 1: 0.345658 0.346674 0.270587 0.346230 0.199266 0.245506 0.359226 0.263801 0.236139 0.212931 
Config: granularity=100000, SDR=10000, ADR=0, Rigid=1, Capture_Method=0
Stage 0: PT=0, T_stage=0.523500, bytes=0, T_capped=0
Stage 1: PT=6, T_stage=0.000000, bytes=33176880, T_capped=0
Group 1: Iters=10, Procs=2688, Factors=1.000000, Dist=2, RM=0, SM=1, RS=0, SS=4, parents=896, children=0
Async_Iters: 0
T_iter: 1.219863 1.186023 1.213989 1.175560 1.231964 1.165271 1.181761 1.217171 1.079480 1.178115 
T_stage 0: 0.846531 0.866127 0.851097 0.844517 0.865059 0.847055 0.850724 0.853631 0.853836 0.836238 
T_stage 1: 0.371535 0.317061 0.349627 0.326172 0.361715 0.315766 0.337269 0.363733 0.229236 0.338632 
Config: granularity=100000, SDR=10000, ADR=0, Rigid=1, Capture_Method=0
Stage 0: PT=0, T_stage=0.523500, bytes=0, T_capped=0
Stage 1: PT=6, T_stage=0.000000, bytes=33176880, T_capped=0
Group 1: Iters=10, Procs=2688, Factors=1.000000, Dist=2, RM=0, SM=1, RS=0, SS=4, parents=896, children=0
Async_Iters: 0
T_iter: 1.234955 1.197859 1.190771 1.130329 1.115674 1.181101 1.186593 1.062541 1.098164 1.086145 
T_stage 0: 0.836747 0.855575 0.843210 0.847198 0.832938 0.857453 0.819388 0.816328 0.812785 0.819738 
T_stage 1: 0.394740 0.332134 0.341123 0.285784 0.274633 0.321666 0.358370 0.247618 0.286332 0.273967 
Config: granularity=100000, SDR=10000, ADR=0, Rigid=1, Capture_Method=0
Stage 0: PT=0, T_stage=0.523500, bytes=0, T_capped=0
Stage 1: PT=6, T_stage=0.000000, bytes=33176880, T_capped=0
Group 1: Iters=10, Procs=2688, Factors=1.000000, Dist=2, RM=0, SM=1, RS=0, SS=4, parents=896, children=0
Async_Iters: 0
T_iter: 1.138892 1.194711 1.175724 1.086686 1.133609 1.135965 1.185982 1.131356 1.024238 1.122978 
T_stage 0: 0.826043 0.829666 0.828879 0.826656 0.822942 0.831131 0.824523 0.825459 0.816996 0.821903 
T_stage 1: 0.313027 0.370790 0.349679 0.254647 0.298477 0.302749 0.362534 0.309771 0.207833 0.307692 
Config: granularity=100000, SDR=10000, ADR=0, Rigid=1, Capture_Method=0
Stage 0: PT=0, T_stage=0.523500, bytes=0, T_capped=0
Stage 1: PT=6, T_stage=0.000000, bytes=33176880, T_capped=0
Group 1: Iters=10, Procs=2688, Factors=1.000000, Dist=2, RM=0, SM=1, RS=0, SS=4, parents=896, children=0
Async_Iters: 0
T_iter: 1.151504 1.106520 1.038182 1.093950 1.140076 1.126553 1.081922 1.205997 1.008289 1.006692 
T_stage 0: 0.771339 0.791811 0.772831 0.769317 0.769613 0.784247 0.766563 0.767716 0.759725 0.759735 
T_stage 1: 0.376347 0.326338 0.264670 0.331937 0.377160 0.351807 0.316083 0.439345 0.250665 0.246470 
Config: granularity=100000, SDR=10000, ADR=0, Rigid=1, Capture_Method=0
Stage 0: PT=0, T_stage=0.523500, bytes=0, T_capped=0
Stage 1: PT=6, T_stage=0.000000, bytes=33176880, T_capped=0
Group 1: Iters=10, Procs=2688, Factors=1.000000, Dist=2, RM=0, SM=1, RS=0, SS=4, parents=896, children=0
Async_Iters: 0
T_iter: 1.078012 1.129809 1.076077 1.134050 1.109319 1.181538 1.043838 1.077411 1.019195 1.013755 
T_stage 0: 0.799844 0.811269 0.800478 0.798175 0.806969 0.795451 0.795193 0.791690 0.786043 0.788135 
T_stage 1: 0.267844 0.313177 0.273180 0.337719 0.308806 0.385625 0.256046 0.281996 0.230785 0.228168 
Config: granularity=100000, SDR=10000, ADR=0, Rigid=1, Capture_Method=0
Stage 0: PT=0, T_stage=0.523500, bytes=0, T_capped=0
Stage 1: PT=6, T_stage=0.000000, bytes=33176880, T_capped=0
Group 1: Iters=10, Procs=2688, Factors=1.000000, Dist=2, RM=0, SM=1, RS=0, SS=4, parents=896, children=0
Async_Iters: 0
T_iter: 1.304674 1.236454 1.123553 1.196656 1.157916 1.189093 1.083056 1.089888 1.159917 1.157548 
T_stage 0: 0.841045 0.852264 0.841647 0.849685 0.847499 0.824529 0.812158 0.823811 0.811717 0.808540 
T_stage 1: 0.459288 0.386676 0.279286 0.349906 0.312382 0.364643 0.271477 0.272691 0.344604 0.350327 
