Config: granularity=100000, SDR=10000, ADR=0, Rigid=1, Capture_Method=0
Stage 0: PT=0, T_stage=0.523500, bytes=0, T_capped=0
Stage 1: PT=6, T_stage=0.000000, bytes=33176880, T_capped=0
Group 1: Iters=10, Procs=2688, Factors=1.000000, Dist=2, RM=0, SM=1, RS=0, SS=4, parents=1792, children=0
Async_Iters: 0
T_iter: 1.127502 1.119999 1.111883 1.038928 1.062248 1.069180 1.195347 1.027548 1.039506 0.979678 
T_stage 0: 0.754659 0.784890 0.784645 0.783672 0.778578 0.776871 0.773430 0.771815 0.772534 0.764117 
T_stage 1: 0.370201 0.337891 0.335290 0.267120 0.271639 0.296613 0.426611 0.250698 0.266055 0.217315 
Config: granularity=100000, SDR=10000, ADR=0, Rigid=1, Capture_Method=0
Stage 0: PT=0, T_stage=0.523500, bytes=0, T_capped=0
Stage 1: PT=6, T_stage=0.000000, bytes=33176880, T_capped=0
Group 1: Iters=10, Procs=2688, Factors=1.000000, Dist=2, RM=0, SM=1, RS=0, SS=4, parents=1792, children=0
Async_Iters: 0
T_iter: 1.169908 1.247443 1.226093 1.137218 1.193059 1.138755 1.190233 1.235281 1.097741 1.070420 
T_stage 0: 0.828170 0.841938 0.832373 0.839944 0.832192 0.842368 0.835143 0.830118 0.830276 0.823071 
T_stage 1: 0.332769 0.399916 0.376788 0.296884 0.361574 0.311122 0.356938 0.402504 0.272717 0.242105 
Config: granularity=100000, SDR=10000, ADR=0, Rigid=1, Capture_Method=0
Stage 0: PT=0, T_stage=0.523500, bytes=0, T_capped=0
Stage 1: PT=6, T_stage=0.000000, bytes=33176880, T_capped=0
Group 1: Iters=10, Procs=2688, Factors=1.000000, Dist=2, RM=0, SM=1, RS=0, SS=4, parents=1792, children=0
Async_Iters: 0
T_iter: 1.086945 1.118061 1.169551 1.108554 1.267814 1.131405 1.087731 1.169554 0.983025 1.061702 
T_stage 0: 0.750190 0.802501 0.790222 0.796266 0.792210 0.791603 0.784419 0.790023 0.779407 0.776345 
T_stage 1: 0.333555 0.311163 0.370146 0.311905 0.478127 0.350018 0.302278 0.387617 0.200339 0.279156 
Config: granularity=100000, SDR=10000, ADR=0, Rigid=1, Capture_Method=0
Stage 0: PT=0, T_stage=0.523500, bytes=0, T_capped=0
Stage 1: PT=6, T_stage=0.000000, bytes=33176880, T_capped=0
Group 1: Iters=10, Procs=2688, Factors=1.000000, Dist=2, RM=0, SM=1, RS=0, SS=4, parents=1792, children=0
Async_Iters: 0
T_iter: 1.036549 1.105904 1.071137 0.954772 0.914723 1.194935 1.024451 0.965079 0.924033 0.924535 
T_stage 0: 0.702405 0.732334 0.754441 0.729142 0.717838 0.729659 0.717835 0.713043 0.721912 0.711606 
T_stage 1: 0.321020 0.367770 0.323786 0.239245 0.196566 0.459917 0.304069 0.252910 0.201268 0.209085 
Config: granularity=100000, SDR=10000, ADR=0, Rigid=1, Capture_Method=0
Stage 0: PT=0, T_stage=0.523500, bytes=0, T_capped=0
Stage 1: PT=6, T_stage=0.000000, bytes=33176880, T_capped=0
Group 1: Iters=10, Procs=2688, Factors=1.000000, Dist=2, RM=0, SM=1, RS=0, SS=4, parents=1792, children=0
Async_Iters: 0
T_iter: 1.145321 1.144349 1.087122 1.060080 1.083058 1.170822 1.119468 1.155507 0.982429 1.020027 
T_stage 0: 0.763535 0.794741 0.781261 0.770057 0.760310 0.785759 0.782830 0.765161 0.755304 0.775365 
T_stage 1: 0.380051 0.353278 0.310456 0.291466 0.317488 0.379704 0.332052 0.394434 0.224665 0.245240 
Config: granularity=100000, SDR=10000, ADR=0, Rigid=1, Capture_Method=0
Stage 0: PT=0, T_stage=0.523500, bytes=0, T_capped=0
Stage 1: PT=6, T_stage=0.000000, bytes=33176880, T_capped=0
Group 1: Iters=10, Procs=2688, Factors=1.000000, Dist=2, RM=0, SM=1, RS=0, SS=4, parents=1792, children=0
Async_Iters: 0
T_iter: 1.191159 1.151660 1.132475 1.207760 1.047183 1.147083 1.118318 1.070301 1.116926 1.057169 
T_stage 0: 0.830224 0.838266 0.829802 0.826810 0.836665 0.825084 0.818617 0.819624 0.813514 0.811353 
T_stage 1: 0.360961 0.316504 0.305502 0.373249 0.219419 0.322549 0.293511 0.247108 0.298767 0.243583 
Config: granularity=100000, SDR=10000, ADR=0, Rigid=1, Capture_Method=0
Stage 0: PT=0, T_stage=0.523500, bytes=0, T_capped=0
Stage 1: PT=6, T_stage=0.000000, bytes=33176880, T_capped=0
Group 1: Iters=10, Procs=2688, Factors=1.000000, Dist=2, RM=0, SM=1, RS=0, SS=4, parents=1792, children=0
Async_Iters: 0
T_iter: 1.059788 1.107814 1.104613 1.047177 1.067338 1.102312 1.134508 1.123339 1.128337 3.473941 
T_stage 0: 0.774999 0.793700 0.780194 0.780048 0.776807 0.776699 0.787110 0.769997 0.770715 3.213315 
T_stage 1: 0.284141 0.321941 0.321877 0.250626 0.281626 0.326231 0.358605 0.353346 0.357274 0.275163 
Config: granularity=100000, SDR=10000, ADR=0, Rigid=1, Capture_Method=0
Stage 0: PT=0, T_stage=0.523500, bytes=0, T_capped=0
Stage 1: PT=6, T_stage=0.000000, bytes=33176880, T_capped=0
Group 1: Iters=10, Procs=2688, Factors=1.000000, Dist=2, RM=0, SM=1, RS=0, SS=4, parents=1792, children=0
Async_Iters: 0
T_iter: 1.207781 1.149782 1.146595 1.048451 1.070993 1.086557 1.082733 1.245145 1.062569 1.179346 
T_stage 0: 0.825136 0.834294 0.828089 0.829643 0.824297 0.824353 0.829405 0.823400 0.822835 0.814600 
T_stage 1: 0.374351 0.309705 0.316441 0.220521 0.247235 0.263197 0.259920 0.419780 0.245705 0.358129 
Config: granularity=100000, SDR=10000, ADR=0, Rigid=1, Capture_Method=0
Stage 0: PT=0, T_stage=0.523500, bytes=0, T_capped=0
Stage 1: PT=6, T_stage=0.000000, bytes=33176880, T_capped=0
Group 1: Iters=10, Procs=2688, Factors=1.000000, Dist=2, RM=0, SM=1, RS=0, SS=4, parents=1792, children=0
Async_Iters: 0
T_iter: 1.120083 1.146894 1.115936 1.136132 1.077866 1.074895 1.120951 1.061569 1.008584 0.987353 
T_stage 0: 0.736084 0.781959 0.777398 0.773732 0.782646 0.775735 0.765630 0.768166 0.772306 0.760575 
T_stage 1: 0.379040 0.363467 0.336295 0.360563 0.300039 0.297294 0.354997 0.291704 0.236774 0.227138 
Config: granularity=100000, SDR=10000, ADR=0, Rigid=1, Capture_Method=0
Stage 0: PT=0, T_stage=0.523500, bytes=0, T_capped=0
Stage 1: PT=6, T_stage=0.000000, bytes=33176880, T_capped=0
Group 1: Iters=10, Procs=2688, Factors=1.000000, Dist=2, RM=0, SM=1, RS=0, SS=4, parents=1792, children=0
Async_Iters: 0
T_iter: 1.247819 1.185833 1.259704 1.224605 1.081696 1.122127 1.253271 1.160287 1.030822 1.109853 
T_stage 0: 0.841401 0.844381 0.867277 0.842351 0.839452 0.840105 0.846988 0.836172 0.831995 0.831194 
T_stage 1: 0.406425 0.337489 0.400080 0.378937 0.242387 0.279708 0.409026 0.327759 0.197984 0.277806 
Config: granularity=100000, SDR=10000, ADR=0, Rigid=1, Capture_Method=0
Stage 0: PT=0, T_stage=0.523500, bytes=0, T_capped=0
Stage 1: PT=6, T_stage=0.000000, bytes=33176880, T_capped=0
Group 1: Iters=10, Procs=2688, Factors=1.000000, Dist=2, RM=0, SM=1, RS=0, SS=4, parents=1792, children=0
Async_Iters: 0
T_iter: 1.099992 1.033348 1.017958 1.021142 1.098844 1.140005 1.114499 1.118821 1.116517 1.112972 
T_stage 0: 0.731859 0.780249 0.781582 0.778892 0.777458 0.767937 0.765463 0.769741 0.769283 0.768575 
T_stage 1: 0.368101 0.252414 0.235947 0.236690 0.319151 0.360166 0.349390 0.341959 0.346508 0.342815 
Config: granularity=100000, SDR=10000, ADR=0, Rigid=1, Capture_Method=0
Stage 0: PT=0, T_stage=0.523500, bytes=0, T_capped=0
Stage 1: PT=6, T_stage=0.000000, bytes=33176880, T_capped=0
Group 1: Iters=10, Procs=2688, Factors=1.000000, Dist=2, RM=0, SM=1, RS=0, SS=4, parents=1792, children=0
Async_Iters: 0
T_iter: 1.170203 1.131659 1.045077 1.045504 1.207589 1.041812 1.034724 1.046285 1.009008 1.115972 
T_stage 0: 0.769676 0.775982 0.787225 0.787289 0.792172 0.762905 0.760707 0.762179 0.756127 0.754146 
T_stage 1: 0.399117 0.355045 0.255428 0.259920 0.429152 0.275584 0.275546 0.280311 0.254412 0.360073 
Config: granularity=100000, SDR=10000, ADR=0, Rigid=1, Capture_Method=0
Stage 0: PT=0, T_stage=0.523500, bytes=0, T_capped=0
Stage 1: PT=6, T_stage=0.000000, bytes=33176880, T_capped=0
Group 1: Iters=10, Procs=2688, Factors=1.000000, Dist=2, RM=0, SM=1, RS=0, SS=4, parents=1792, children=0
Async_Iters: 0
T_iter: 1.132327 1.044486 1.116373 0.999376 0.956657 1.031306 0.983156 0.967974 0.997236 1.087437 
T_stage 0: 0.771688 0.778516 0.783374 0.773640 0.772289 0.766445 0.765499 0.769639 0.765452 0.759966 
T_stage 1: 0.359864 0.262594 0.335319 0.224107 0.190008 0.264652 0.217795 0.199212 0.232782 0.328278 
Config: granularity=100000, SDR=10000, ADR=0, Rigid=1, Capture_Method=0
Stage 0: PT=0, T_stage=0.523500, bytes=0, T_capped=0
Stage 1: PT=6, T_stage=0.000000, bytes=33176880, T_capped=0
Group 1: Iters=10, Procs=2688, Factors=1.000000, Dist=2, RM=0, SM=1, RS=0, SS=4, parents=1792, children=0
Async_Iters: 0
T_iter: 1.122471 1.107315 1.090611 1.036291 1.125746 1.133608 1.127434 1.096737 0.956725 0.981155 
T_stage 0: 0.761159 0.758359 0.774084 0.766205 0.774050 0.763828 0.755349 0.754369 0.761300 0.749962 
T_stage 1: 0.360530 0.342652 0.322346 0.276173 0.350655 0.371519 0.368477 0.334544 0.192267 0.232238 
Config: granularity=100000, SDR=10000, ADR=0, Rigid=1, Capture_Method=0
Stage 0: PT=0, T_stage=0.523500, bytes=0, T_capped=0
Stage 1: PT=6, T_stage=0.000000, bytes=33176880, T_capped=0
Group 1: Iters=10, Procs=2688, Factors=1.000000, Dist=2, RM=0, SM=1, RS=0, SS=4, parents=1792, children=0
Async_Iters: 0
T_iter: 1.054651 1.154711 1.082613 0.982407 0.997693 1.042078 1.049428 1.127241 1.109517 0.980879 
T_stage 0: 0.758832 0.773377 0.769626 0.753594 0.756458 0.755381 0.755514 0.746554 0.752971 0.746901 
T_stage 1: 0.295430 0.377275 0.311016 0.230619 0.241433 0.287894 0.297138 0.383383 0.360591 0.236598 
Config: granularity=100000, SDR=10000, ADR=0, Rigid=1, Capture_Method=0
Stage 0: PT=0, T_stage=0.523500, bytes=0, T_capped=0
Stage 1: PT=6, T_stage=0.000000, bytes=33176880, T_capped=0
Group 1: Iters=10, Procs=2688, Factors=1.000000, Dist=2, RM=0, SM=1, RS=0, SS=4, parents=1792, children=0
Async_Iters: 0
T_iter: 1.101656 1.203035 1.105326 1.130952 1.142167 1.019932 1.125274 1.076965 1.040308 1.008180 
T_stage 0: 0.734867 0.786244 0.789098 0.789717 0.779305 0.781442 0.778525 0.785822 0.774716 0.778757 
T_stage 1: 0.366282 0.407268 0.321300 0.339430 0.366938 0.245405 0.349352 0.295716 0.260363 0.234475 
Config: granularity=100000, SDR=10000, ADR=0, Rigid=1, Capture_Method=0
Stage 0: PT=0, T_stage=0.523500, bytes=0, T_capped=0
Stage 1: PT=6, T_stage=0.000000, bytes=33176880, T_capped=0
Group 1: Iters=10, Procs=2688, Factors=1.000000, Dist=2, RM=0, SM=1, RS=0, SS=4, parents=1792, children=0
Async_Iters: 0
T_iter: 1.174735 1.175851 1.130712 1.197964 1.166635 1.124546 1.071461 1.092070 1.084416 1.117273 
T_stage 0: 0.769722 0.821907 0.824624 0.824591 0.819924 0.813138 0.819486 0.809919 0.806436 0.806034 
T_stage 1: 0.385778 0.343590 0.304793 0.367213 0.354054 0.317977 0.251844 0.280764 0.275008 0.312222 
Config: granularity=100000, SDR=10000, ADR=0, Rigid=1, Capture_Method=0
Stage 0: PT=0, T_stage=0.523500, bytes=0, T_capped=0
Stage 1: PT=6, T_stage=0.000000, bytes=33176880, T_capped=0
Group 1: Iters=10, Procs=2688, Factors=1.000000, Dist=2, RM=0, SM=1, RS=0, SS=4, parents=1792, children=0
Async_Iters: 0
T_iter: 1.273479 1.158465 1.317922 1.218443 1.174841 1.087317 1.246722 1.125556 1.197497 1.236806 
T_stage 0: 0.835918 0.883881 0.881960 0.883630 0.875266 0.868665 0.880238 0.872564 0.870111 0.863633 
T_stage 1: 0.429381 0.279021 0.429407 0.336143 0.299005 0.212130 0.369693 0.252983 0.331183 0.373301 
Config: granularity=100000, SDR=10000, ADR=0, Rigid=1, Capture_Method=0
Stage 0: PT=0, T_stage=0.523500, bytes=0, T_capped=0
Stage 1: PT=6, T_stage=0.000000, bytes=33176880, T_capped=0
Group 1: Iters=10, Procs=2688, Factors=1.000000, Dist=2, RM=0, SM=1, RS=0, SS=4, parents=1792, children=0
Async_Iters: 0
T_iter: 1.250997 1.192100 1.119372 1.100263 1.212348 1.130398 1.107370 1.099797 1.061197 1.170999 
T_stage 0: 0.855787 0.860752 0.854252 0.852325 0.855036 0.859062 0.856668 0.845039 0.842598 0.840168 
T_stage 1: 0.395480 0.327027 0.262997 0.244385 0.363800 0.271250 0.259482 0.251978 0.214758 0.327036 
Config: granularity=100000, SDR=10000, ADR=0, Rigid=1, Capture_Method=0
Stage 0: PT=0, T_stage=0.523500, bytes=0, T_capped=0
Stage 1: PT=6, T_stage=0.000000, bytes=33176880, T_capped=0
Group 1: Iters=10, Procs=2688, Factors=1.000000, Dist=2, RM=0, SM=1, RS=0, SS=4, parents=1792, children=0
Async_Iters: 0
T_iter: 1.187764 1.055442 1.092632 1.083343 1.040232 1.119407 1.124556 1.033723 1.050336 1.023519 
T_stage 0: 0.813842 0.807027 0.824830 0.806165 0.808183 0.808587 0.812357 0.801600 0.800954 0.792590 
T_stage 1: 0.371926 0.247496 0.273183 0.275307 0.225835 0.315948 0.309950 0.232246 0.254692 0.228414 
