START TEST P=gpp
./config120.ini 0 120 20
/home/bsc/bsc359796/Instalaciones/mpich-4.2.0-ofi/bin/mpirun
Nodes=gs09r1b[01,05,14,25,32,34,49,56-62,70,72] - Starting hostlist=gs09r1b01,gs09r1b01,gs09r1b01,gs09r1b01,gs09r1b01,gs09r1b01,gs09r1b01,gs09r1b01,gs09r1b01,gs09r1b01,gs09r1b01,gs09r1b01,gs09r1b01,gs09r1b01,gs09r1b01,gs09r1b01,gs09r1b01,gs09r1b01,gs09r1b01,gs09r1b01,gs09r1b01,gs09r1b01,gs09r1b01,gs09r1b01,gs09r1b01,gs09r1b01,gs09r1b01,gs09r1b01,gs09r1b01,gs09r1b01,gs09r1b01,gs09r1b01,gs09r1b01,gs09r1b01,gs09r1b01,gs09r1b01,gs09r1b01,gs09r1b01,gs09r1b01,gs09r1b01,gs09r1b01,gs09r1b01,gs09r1b01,gs09r1b01,gs09r1b01,gs09r1b01,gs09r1b01,gs09r1b01,gs09r1b01,gs09r1b01,gs09r1b01,gs09r1b01,gs09r1b01,gs09r1b01,gs09r1b01,gs09r1b01,gs09r1b01,gs09r1b01,gs09r1b01,gs09r1b01,gs09r1b01,gs09r1b01,gs09r1b01,gs09r1b01,gs09r1b01,gs09r1b01,gs09r1b01,gs09r1b01,gs09r1b01,gs09r1b01,gs09r1b01,gs09r1b01,gs09r1b01,gs09r1b01,gs09r1b01,gs09r1b01,gs09r1b01,gs09r1b01,gs09r1b01,gs09r1b01,gs09r1b01,gs09r1b01,gs09r1b01,gs09r1b01,gs09r1b01,gs09r1b01,gs09r1b01,gs09r1b01,gs09r1b01,gs09r1b01,gs09r1b01,gs09r1b01,gs09r1b01,gs09r1b01,gs09r1b01,gs09r1b01,gs09r1b01,gs09r1b01,gs09r1b01,gs09r1b01,gs09r1b01,gs09r1b01,gs09r1b01,gs09r1b01,gs09r1b01,gs09r1b01,gs09r1b01,gs09r1b01,gs09r1b01,gs09r1b01,gs09r1b01,gs09r1b01,gs09r1b05,gs09r1b05,gs09r1b05,gs09r1b05,gs09r1b05,gs09r1b05,gs09r1b05,gs09r1b05,gs09r1b05,gs09r1b05,gs09r1b05,gs09r1b05,gs09r1b05,gs09r1b05,gs09r1b05,gs09r1b05,gs09r1b05,gs09r1b05,gs09r1b05,gs09r1b05,gs09r1b05,gs09r1b05,gs09r1b05,gs09r1b05,gs09r1b05,gs09r1b05,gs09r1b05,gs09r1b05,gs09r1b05,gs09r1b05,gs09r1b05,gs09r1b05,gs09r1b05,gs09r1b05,gs09r1b05,gs09r1b05,gs09r1b05,gs09r1b05,gs09r1b05,gs09r1b05,gs09r1b05,gs09r1b05,gs09r1b05,gs09r1b05,gs09r1b05,gs09r1b05,gs09r1b05,gs09r1b05,gs09r1b05,gs09r1b05,gs09r1b05,gs09r1b05,gs09r1b05,gs09r1b05,gs09r1b05,gs09r1b05,gs09r1b05,gs09r1b05,gs09r1b05,gs09r1b05,gs09r1b05,gs09r1b05,gs09r1b05,gs09r1b05,gs09r1b05,gs09r1b05,gs09r1b05,gs09r1b05,gs09r1b05,gs09r1b05,gs09r1b05,gs09r1b05,gs09r1b05,gs09r1b05,gs09r1b05,gs09r1b05,gs09r1b05,gs09r1b05,gs09r1b05,gs09r1b05,gs09r1b05,gs09r1b05,gs09r1b05,gs09r1b05,gs09r1b05,gs09r1b05,gs09r1b05,gs09r1b05,gs09r1b05,gs09r1b05,gs09r1b05,gs09r1b05,gs09r1b05,gs09r1b05,gs09r1b05,gs09r1b05,gs09r1b05,gs09r1b05,gs09r1b05,gs09r1b05,gs09r1b05,gs09r1b05,gs09r1b05,gs09r1b05,gs09r1b05,gs09r1b05,gs09r1b05,gs09r1b05,gs09r1b05,gs09r1b05,gs09r1b05,gs09r1b05,gs09r1b14,gs09r1b14,gs09r1b14,gs09r1b14,gs09r1b14,gs09r1b14,gs09r1b14,gs09r1b14,gs09r1b14,gs09r1b14,gs09r1b14,gs09r1b14,gs09r1b14,gs09r1b14,gs09r1b14,gs09r1b14,gs09r1b14,gs09r1b14,gs09r1b14,gs09r1b14,gs09r1b14,gs09r1b14,gs09r1b14,gs09r1b14,gs09r1b14,gs09r1b14,gs09r1b14,gs09r1b14,gs09r1b14,gs09r1b14,gs09r1b14,gs09r1b14,gs09r1b14,gs09r1b14,gs09r1b14,gs09r1b14,gs09r1b14,gs09r1b14,gs09r1b14,gs09r1b14,gs09r1b14,gs09r1b14,gs09r1b14,gs09r1b14,gs09r1b14,gs09r1b14,gs09r1b14,gs09r1b14,gs09r1b14,gs09r1b14,gs09r1b14,gs09r1b14,gs09r1b14,gs09r1b14,gs09r1b14,gs09r1b14,gs09r1b14,gs09r1b14,gs09r1b14,gs09r1b14,gs09r1b14,gs09r1b14,gs09r1b14,gs09r1b14,gs09r1b14,gs09r1b14,gs09r1b14,gs09r1b14,gs09r1b14,gs09r1b14,gs09r1b14,gs09r1b14,gs09r1b14,gs09r1b14,gs09r1b14,gs09r1b14,gs09r1b14,gs09r1b14,gs09r1b14,gs09r1b14,gs09r1b14,gs09r1b14,gs09r1b14,gs09r1b14,gs09r1b14,gs09r1b14,gs09r1b14,gs09r1b14,gs09r1b14,gs09r1b14,gs09r1b14,gs09r1b14,gs09r1b14,gs09r1b14,gs09r1b14,gs09r1b14,gs09r1b14,gs09r1b14,gs09r1b14,gs09r1b14,gs09r1b14,gs09r1b14,gs09r1b14,gs09r1b14,gs09r1b14,gs09r1b14,gs09r1b14,gs09r1b14,gs09r1b14,gs09r1b14,gs09r1b14,gs09r1b14,gs09r1b25,gs09r1b25,gs09r1b25,gs09r1b25,gs09r1b25,gs09r1b25,gs09r1b25,gs09r1b25,gs09r1b25,gs09r1b25,gs09r1b25,gs09r1b25,gs09r1b25,gs09r1b25,gs09r1b25,gs09r1b25,gs09r1b25,gs09r1b25,gs09r1b25,gs09r1b25,gs09r1b25,gs09r1b25,gs09r1b25,gs09r1b25,gs09r1b25,gs09r1b25,gs09r1b25,gs09r1b25,gs09r1b25,gs09r1b25,gs09r1b25,gs09r1b25,gs09r1b25,gs09r1b25,gs09r1b25,gs09r1b25,gs09r1b25,gs09r1b25,gs09r1b25,gs09r1b25,gs09r1b25,gs09r1b25,gs09r1b25,gs09r1b25,gs09r1b25,gs09r1b25,gs09r1b25,gs09r1b25,gs09r1b25,gs09r1b25,gs09r1b25,gs09r1b25,gs09r1b25,gs09r1b25,gs09r1b25,gs09r1b25,gs09r1b25,gs09r1b25,gs09r1b25,gs09r1b25,gs09r1b25,gs09r1b25,gs09r1b25,gs09r1b25,gs09r1b25,gs09r1b25,gs09r1b25,gs09r1b25,gs09r1b25,gs09r1b25,gs09r1b25,gs09r1b25,gs09r1b25,gs09r1b25,gs09r1b25,gs09r1b25,gs09r1b25,gs09r1b25,gs09r1b25,gs09r1b25,gs09r1b25,gs09r1b25,gs09r1b25,gs09r1b25,gs09r1b25,gs09r1b25,gs09r1b25,gs09r1b25,gs09r1b25,gs09r1b25,gs09r1b25,gs09r1b25,gs09r1b25,gs09r1b25,gs09r1b25,gs09r1b25,gs09r1b25,gs09r1b25,gs09r1b25,gs09r1b25,gs09r1b25,gs09r1b25,gs09r1b25,gs09r1b25,gs09r1b25,gs09r1b25,gs09r1b25,gs09r1b25,gs09r1b25,gs09r1b25,gs09r1b25,gs09r1b25,gs09r1b32,gs09r1b32,gs09r1b32,gs09r1b32,gs09r1b32,gs09r1b32,gs09r1b32,gs09r1b32,gs09r1b32,gs09r1b32,gs09r1b32,gs09r1b32,gs09r1b32,gs09r1b32,gs09r1b32,gs09r1b32,gs09r1b32,gs09r1b32,gs09r1b32,gs09r1b32,gs09r1b32,gs09r1b32,gs09r1b32,gs09r1b32,gs09r1b32,gs09r1b32,gs09r1b32,gs09r1b32,gs09r1b32,gs09r1b32,gs09r1b32,gs09r1b32,gs09r1b32,gs09r1b32,gs09r1b32,gs09r1b32,gs09r1b32,gs09r1b32,gs09r1b32,gs09r1b32,gs09r1b32,gs09r1b32,gs09r1b32,gs09r1b32,gs09r1b32,gs09r1b32,gs09r1b32,gs09r1b32,gs09r1b32,gs09r1b32,gs09r1b32,gs09r1b32,gs09r1b32,gs09r1b32,gs09r1b32,gs09r1b32,gs09r1b32,gs09r1b32,gs09r1b32,gs09r1b32,gs09r1b32,gs09r1b32,gs09r1b32,gs09r1b32,gs09r1b32,gs09r1b32,gs09r1b32,gs09r1b32,gs09r1b32,gs09r1b32,gs09r1b32,gs09r1b32,gs09r1b32,gs09r1b32,gs09r1b32,gs09r1b32,gs09r1b32,gs09r1b32,gs09r1b32,gs09r1b32,gs09r1b32,gs09r1b32,gs09r1b32,gs09r1b32,gs09r1b32,gs09r1b32,gs09r1b32,gs09r1b32,gs09r1b32,gs09r1b32,gs09r1b32,gs09r1b32,gs09r1b32,gs09r1b32,gs09r1b32,gs09r1b32,gs09r1b32,gs09r1b32,gs09r1b32,gs09r1b32,gs09r1b32,gs09r1b32,gs09r1b32,gs09r1b32,gs09r1b32,gs09r1b32,gs09r1b32,gs09r1b32,gs09r1b32,gs09r1b32,gs09r1b32,gs09r1b32,gs09r1b34,gs09r1b34,gs09r1b34,gs09r1b34,gs09r1b34,gs09r1b34,gs09r1b34,gs09r1b34,gs09r1b34,gs09r1b34,gs09r1b34,gs09r1b34,gs09r1b34,gs09r1b34,gs09r1b34,gs09r1b34,gs09r1b34,gs09r1b34,gs09r1b34,gs09r1b34,gs09r1b34,gs09r1b34,gs09r1b34,gs09r1b34,gs09r1b34,gs09r1b34,gs09r1b34,gs09r1b34,gs09r1b34,gs09r1b34,gs09r1b34,gs09r1b34,gs09r1b34,gs09r1b34,gs09r1b34,gs09r1b34,gs09r1b34,gs09r1b34,gs09r1b34,gs09r1b34,gs09r1b34,gs09r1b34,gs09r1b34,gs09r1b34,gs09r1b34,gs09r1b34,gs09r1b34,gs09r1b34,gs09r1b34,gs09r1b34,gs09r1b34,gs09r1b34,gs09r1b34,gs09r1b34,gs09r1b34,gs09r1b34,gs09r1b34,gs09r1b34,gs09r1b34,gs09r1b34,gs09r1b34,gs09r1b34,gs09r1b34,gs09r1b34,gs09r1b34,gs09r1b34,gs09r1b34,gs09r1b34,gs09r1b34,gs09r1b34,gs09r1b34,gs09r1b34,gs09r1b34,gs09r1b34,gs09r1b34,gs09r1b34,gs09r1b34,gs09r1b34,gs09r1b34,gs09r1b34,gs09r1b34,gs09r1b34,gs09r1b34,gs09r1b34,gs09r1b34,gs09r1b34,gs09r1b34,gs09r1b34,gs09r1b34,gs09r1b34,gs09r1b34,gs09r1b34,gs09r1b34,gs09r1b34,gs09r1b34,gs09r1b34,gs09r1b34,gs09r1b34,gs09r1b34,gs09r1b34,gs09r1b34,gs09r1b34,gs09r1b34,gs09r1b34,gs09r1b34,gs09r1b34,gs09r1b34,gs09r1b34,gs09r1b34,gs09r1b34,gs09r1b34,gs09r1b34,gs09r1b49,gs09r1b49,gs09r1b49,gs09r1b49,gs09r1b49,gs09r1b49,gs09r1b49,gs09r1b49,gs09r1b49,gs09r1b49,gs09r1b49,gs09r1b49,gs09r1b49,gs09r1b49,gs09r1b49,gs09r1b49,gs09r1b49,gs09r1b49,gs09r1b49,gs09r1b49,gs09r1b49,gs09r1b49,gs09r1b49,gs09r1b49,gs09r1b49,gs09r1b49,gs09r1b49,gs09r1b49,gs09r1b49,gs09r1b49,gs09r1b49,gs09r1b49,gs09r1b49,gs09r1b49,gs09r1b49,gs09r1b49,gs09r1b49,gs09r1b49,gs09r1b49,gs09r1b49,gs09r1b49,gs09r1b49,gs09r1b49,gs09r1b49,gs09r1b49,gs09r1b49,gs09r1b49,gs09r1b49,gs09r1b49,gs09r1b49,gs09r1b49,gs09r1b49,gs09r1b49,gs09r1b49,gs09r1b49,gs09r1b49,gs09r1b49,gs09r1b49,gs09r1b49,gs09r1b49,gs09r1b49,gs09r1b49,gs09r1b49,gs09r1b49,gs09r1b49,gs09r1b49,gs09r1b49,gs09r1b49,gs09r1b49,gs09r1b49,gs09r1b49,gs09r1b49,gs09r1b49,gs09r1b49,gs09r1b49,gs09r1b49,gs09r1b49,gs09r1b49,gs09r1b49,gs09r1b49,gs09r1b49,gs09r1b49,gs09r1b49,gs09r1b49,gs09r1b49,gs09r1b49,gs09r1b49,gs09r1b49,gs09r1b49,gs09r1b49,gs09r1b49,gs09r1b49,gs09r1b49,gs09r1b49,gs09r1b49,gs09r1b49,gs09r1b49,gs09r1b49,gs09r1b49,gs09r1b49,gs09r1b49,gs09r1b49,gs09r1b49,gs09r1b49,gs09r1b49,gs09r1b49,gs09r1b49,gs09r1b49,gs09r1b49,gs09r1b49,gs09r1b49,gs09r1b49,gs09r1b56,gs09r1b56,gs09r1b56,gs09r1b56,gs09r1b56,gs09r1b56,gs09r1b56,gs09r1b56,gs09r1b56,gs09r1b56,gs09r1b56,gs09r1b56,gs09r1b56,gs09r1b56,gs09r1b56,gs09r1b56,gs09r1b56,gs09r1b56,gs09r1b56,gs09r1b56,gs09r1b56,gs09r1b56,gs09r1b56,gs09r1b56,gs09r1b56,gs09r1b56,gs09r1b56,gs09r1b56,gs09r1b56,gs09r1b56,gs09r1b56,gs09r1b56,gs09r1b56,gs09r1b56,gs09r1b56,gs09r1b56,gs09r1b56,gs09r1b56,gs09r1b56,gs09r1b56,gs09r1b56,gs09r1b56,gs09r1b56,gs09r1b56,gs09r1b56,gs09r1b56,gs09r1b56,gs09r1b56,gs09r1b56,gs09r1b56,gs09r1b56,gs09r1b56,gs09r1b56,gs09r1b56,gs09r1b56,gs09r1b56,gs09r1b56,gs09r1b56,gs09r1b56,gs09r1b56,gs09r1b56,gs09r1b56,gs09r1b56,gs09r1b56,gs09r1b56,gs09r1b56,gs09r1b56,gs09r1b56,gs09r1b56,gs09r1b56,gs09r1b56,gs09r1b56,gs09r1b56,gs09r1b56,gs09r1b56,gs09r1b56,gs09r1b56,gs09r1b56,gs09r1b56,gs09r1b56,gs09r1b56,gs09r1b56,gs09r1b56,gs09r1b56,gs09r1b56,gs09r1b56,gs09r1b56,gs09r1b56,gs09r1b56,gs09r1b56,gs09r1b56,gs09r1b56,gs09r1b56,gs09r1b56,gs09r1b56,gs09r1b56,gs09r1b56,gs09r1b56,gs09r1b56,gs09r1b56,gs09r1b56,gs09r1b56,gs09r1b56,gs09r1b56,gs09r1b56,gs09r1b56,gs09r1b56,gs09r1b56,gs09r1b56,gs09r1b56,gs09r1b56,gs09r1b56,gs09r1b57,gs09r1b57,gs09r1b57,gs09r1b57,gs09r1b57,gs09r1b57,gs09r1b57,gs09r1b57,gs09r1b57,gs09r1b57,gs09r1b57,gs09r1b57,gs09r1b57,gs09r1b57,gs09r1b57,gs09r1b57,gs09r1b57,gs09r1b57,gs09r1b57,gs09r1b57,gs09r1b57,gs09r1b57,gs09r1b57,gs09r1b57,gs09r1b57,gs09r1b57,gs09r1b57,gs09r1b57,gs09r1b57,gs09r1b57,gs09r1b57,gs09r1b57,gs09r1b57,gs09r1b57,gs09r1b57,gs09r1b57,gs09r1b57,gs09r1b57,gs09r1b57,gs09r1b57,gs09r1b57,gs09r1b57,gs09r1b57,gs09r1b57,gs09r1b57,gs09r1b57,gs09r1b57,gs09r1b57,gs09r1b57,gs09r1b57,gs09r1b57,gs09r1b57,gs09r1b57,gs09r1b57,gs09r1b57,gs09r1b57,gs09r1b57,gs09r1b57,gs09r1b57,gs09r1b57,gs09r1b57,gs09r1b57,gs09r1b57,gs09r1b57,gs09r1b57,gs09r1b57,gs09r1b57,gs09r1b57,gs09r1b57,gs09r1b57,gs09r1b57,gs09r1b57,gs09r1b57,gs09r1b57,gs09r1b57,gs09r1b57,gs09r1b57,gs09r1b57,gs09r1b57,gs09r1b57,gs09r1b57,gs09r1b57,gs09r1b57,gs09r1b57,gs09r1b57,gs09r1b57,gs09r1b57,gs09r1b57,gs09r1b57,gs09r1b57,gs09r1b57,gs09r1b57,gs09r1b57,gs09r1b57,gs09r1b57,gs09r1b57,gs09r1b57,gs09r1b57,gs09r1b57,gs09r1b57,gs09r1b57,gs09r1b57,gs09r1b57,gs09r1b57,gs09r1b57,gs09r1b57,gs09r1b57,gs09r1b57,gs09r1b57,gs09r1b57,gs09r1b57,gs09r1b57,gs09r1b58,gs09r1b58,gs09r1b58,gs09r1b58,gs09r1b58,gs09r1b58,gs09r1b58,gs09r1b58,gs09r1b58,gs09r1b58,gs09r1b58,gs09r1b58,gs09r1b58,gs09r1b58,gs09r1b58,gs09r1b58,gs09r1b58,gs09r1b58,gs09r1b58,gs09r1b58,gs09r1b58,gs09r1b58,gs09r1b58,gs09r1b58,gs09r1b58,gs09r1b58,gs09r1b58,gs09r1b58,gs09r1b58,gs09r1b58,gs09r1b58,gs09r1b58,gs09r1b58,gs09r1b58,gs09r1b58,gs09r1b58,gs09r1b58,gs09r1b58,gs09r1b58,gs09r1b58,gs09r1b58,gs09r1b58,gs09r1b58,gs09r1b58,gs09r1b58,gs09r1b58,gs09r1b58,gs09r1b58,gs09r1b58,gs09r1b58,gs09r1b58,gs09r1b58,gs09r1b58,gs09r1b58,gs09r1b58,gs09r1b58,gs09r1b58,gs09r1b58,gs09r1b58,gs09r1b58,gs09r1b58,gs09r1b58,gs09r1b58,gs09r1b58,gs09r1b58,gs09r1b58,gs09r1b58,gs09r1b58,gs09r1b58,gs09r1b58,gs09r1b58,gs09r1b58,gs09r1b58,gs09r1b58,gs09r1b58,gs09r1b58,gs09r1b58,gs09r1b58,gs09r1b58,gs09r1b58,gs09r1b58,gs09r1b58,gs09r1b58,gs09r1b58,gs09r1b58,gs09r1b58,gs09r1b58,gs09r1b58,gs09r1b58,gs09r1b58,gs09r1b58,gs09r1b58,gs09r1b58,gs09r1b58,gs09r1b58,gs09r1b58,gs09r1b58,gs09r1b58,gs09r1b58,gs09r1b58,gs09r1b58,gs09r1b58,gs09r1b58,gs09r1b58,gs09r1b58,gs09r1b58,gs09r1b58,gs09r1b58,gs09r1b58,gs09r1b58,gs09r1b58,gs09r1b58,gs09r1b59,gs09r1b59,gs09r1b59,gs09r1b59,gs09r1b59,gs09r1b59,gs09r1b59,gs09r1b59,gs09r1b59,gs09r1b59,gs09r1b59,gs09r1b59,gs09r1b59,gs09r1b59,gs09r1b59,gs09r1b59,gs09r1b59,gs09r1b59,gs09r1b59,gs09r1b59,gs09r1b59,gs09r1b59,gs09r1b59,gs09r1b59,gs09r1b59,gs09r1b59,gs09r1b59,gs09r1b59,gs09r1b59,gs09r1b59,gs09r1b59,gs09r1b59,gs09r1b59,gs09r1b59,gs09r1b59,gs09r1b59,gs09r1b59,gs09r1b59,gs09r1b59,gs09r1b59,gs09r1b59,gs09r1b59,gs09r1b59,gs09r1b59,gs09r1b59,gs09r1b59,gs09r1b59,gs09r1b59,gs09r1b59,gs09r1b59,gs09r1b59,gs09r1b59,gs09r1b59,gs09r1b59,gs09r1b59,gs09r1b59,gs09r1b59,gs09r1b59,gs09r1b59,gs09r1b59,gs09r1b59,gs09r1b59,gs09r1b59,gs09r1b59,gs09r1b59,gs09r1b59,gs09r1b59,gs09r1b59,gs09r1b59,gs09r1b59,gs09r1b59,gs09r1b59,gs09r1b59,gs09r1b59,gs09r1b59,gs09r1b59,gs09r1b59,gs09r1b59,gs09r1b59,gs09r1b59,gs09r1b59,gs09r1b59,gs09r1b59,gs09r1b59,gs09r1b59,gs09r1b59,gs09r1b59,gs09r1b59,gs09r1b59,gs09r1b59,gs09r1b59,gs09r1b59,gs09r1b59,gs09r1b59,gs09r1b59,gs09r1b59,gs09r1b59,gs09r1b59,gs09r1b59,gs09r1b59,gs09r1b59,gs09r1b59,gs09r1b59,gs09r1b59,gs09r1b59,gs09r1b59,gs09r1b59,gs09r1b59,gs09r1b59,gs09r1b59,gs09r1b59,gs09r1b59,gs09r1b60,gs09r1b60,gs09r1b60,gs09r1b60,gs09r1b60,gs09r1b60,gs09r1b60,gs09r1b60,gs09r1b60,gs09r1b60,gs09r1b60,gs09r1b60,gs09r1b60,gs09r1b60,gs09r1b60,gs09r1b60,gs09r1b60,gs09r1b60,gs09r1b60,gs09r1b60,gs09r1b60,gs09r1b60,gs09r1b60,gs09r1b60,gs09r1b60,gs09r1b60,gs09r1b60,gs09r1b60,gs09r1b60,gs09r1b60,gs09r1b60,gs09r1b60,gs09r1b60,gs09r1b60,gs09r1b60,gs09r1b60,gs09r1b60,gs09r1b60,gs09r1b60,gs09r1b60,gs09r1b60,gs09r1b60,gs09r1b60,gs09r1b60,gs09r1b60,gs09r1b60,gs09r1b60,gs09r1b60,gs09r1b60,gs09r1b60,gs09r1b60,gs09r1b60,gs09r1b60,gs09r1b60,gs09r1b60,gs09r1b60,gs09r1b60,gs09r1b60,gs09r1b60,gs09r1b60,gs09r1b60,gs09r1b60,gs09r1b60,gs09r1b60,gs09r1b60,gs09r1b60,gs09r1b60,gs09r1b60,gs09r1b60,gs09r1b60,gs09r1b60,gs09r1b60,gs09r1b60,gs09r1b60,gs09r1b60,gs09r1b60,gs09r1b60,gs09r1b60,gs09r1b60,gs09r1b60,gs09r1b60,gs09r1b60,gs09r1b60,gs09r1b60,gs09r1b60,gs09r1b60,gs09r1b60,gs09r1b60,gs09r1b60,gs09r1b60,gs09r1b60,gs09r1b60,gs09r1b60,gs09r1b60,gs09r1b60,gs09r1b60,gs09r1b60,gs09r1b60,gs09r1b60,gs09r1b60,gs09r1b60,gs09r1b60,gs09r1b60,gs09r1b60,gs09r1b60,gs09r1b60,gs09r1b60,gs09r1b60,gs09r1b60,gs09r1b60,gs09r1b60,gs09r1b60,gs09r1b61,gs09r1b61,gs09r1b61,gs09r1b61,gs09r1b61,gs09r1b61,gs09r1b61,gs09r1b61,gs09r1b61,gs09r1b61,gs09r1b61,gs09r1b61,gs09r1b61,gs09r1b61,gs09r1b61,gs09r1b61,gs09r1b61,gs09r1b61,gs09r1b61,gs09r1b61,gs09r1b61,gs09r1b61,gs09r1b61,gs09r1b61,gs09r1b61,gs09r1b61,gs09r1b61,gs09r1b61,gs09r1b61,gs09r1b61,gs09r1b61,gs09r1b61,gs09r1b61,gs09r1b61,gs09r1b61,gs09r1b61,gs09r1b61,gs09r1b61,gs09r1b61,gs09r1b61,gs09r1b61,gs09r1b61,gs09r1b61,gs09r1b61,gs09r1b61,gs09r1b61,gs09r1b61,gs09r1b61,gs09r1b61,gs09r1b61,gs09r1b61,gs09r1b61,gs09r1b61,gs09r1b61,gs09r1b61,gs09r1b61,gs09r1b61,gs09r1b61,gs09r1b61,gs09r1b61,gs09r1b61,gs09r1b61,gs09r1b61,gs09r1b61,gs09r1b61,gs09r1b61,gs09r1b61,gs09r1b61,gs09r1b61,gs09r1b61,gs09r1b61,gs09r1b61,gs09r1b61,gs09r1b61,gs09r1b61,gs09r1b61,gs09r1b61,gs09r1b61,gs09r1b61,gs09r1b61,gs09r1b61,gs09r1b61,gs09r1b61,gs09r1b61,gs09r1b61,gs09r1b61,gs09r1b61,gs09r1b61,gs09r1b61,gs09r1b61,gs09r1b61,gs09r1b61,gs09r1b61,gs09r1b61,gs09r1b61,gs09r1b61,gs09r1b61,gs09r1b61,gs09r1b61,gs09r1b61,gs09r1b61,gs09r1b61,gs09r1b61,gs09r1b61,gs09r1b61,gs09r1b61,gs09r1b61,gs09r1b61,gs09r1b61,gs09r1b61,gs09r1b61,gs09r1b61,gs09r1b62,gs09r1b62,gs09r1b62,gs09r1b62,gs09r1b62,gs09r1b62,gs09r1b62,gs09r1b62,gs09r1b62,gs09r1b62,gs09r1b62,gs09r1b62,gs09r1b62,gs09r1b62,gs09r1b62,gs09r1b62,gs09r1b62,gs09r1b62,gs09r1b62,gs09r1b62,gs09r1b62,gs09r1b62,gs09r1b62,gs09r1b62,gs09r1b62,gs09r1b62,gs09r1b62,gs09r1b62,gs09r1b62,gs09r1b62,gs09r1b62,gs09r1b62,gs09r1b62,gs09r1b62,gs09r1b62,gs09r1b62,gs09r1b62,gs09r1b62,gs09r1b62,gs09r1b62,gs09r1b62,gs09r1b62,gs09r1b62,gs09r1b62,gs09r1b62,gs09r1b62,gs09r1b62,gs09r1b62,gs09r1b62,gs09r1b62,gs09r1b62,gs09r1b62,gs09r1b62,gs09r1b62,gs09r1b62,gs09r1b62,gs09r1b62,gs09r1b62,gs09r1b62,gs09r1b62,gs09r1b62,gs09r1b62,gs09r1b62,gs09r1b62,gs09r1b62,gs09r1b62,gs09r1b62,gs09r1b62,gs09r1b62,gs09r1b62,gs09r1b62,gs09r1b62,gs09r1b62,gs09r1b62,gs09r1b62,gs09r1b62,gs09r1b62,gs09r1b62,gs09r1b62,gs09r1b62,gs09r1b62,gs09r1b62,gs09r1b62,gs09r1b62,gs09r1b62,gs09r1b62,gs09r1b62,gs09r1b62,gs09r1b62,gs09r1b62,gs09r1b62,gs09r1b62,gs09r1b62,gs09r1b62,gs09r1b62,gs09r1b62,gs09r1b62,gs09r1b62,gs09r1b62,gs09r1b62,gs09r1b62,gs09r1b62,gs09r1b62,gs09r1b62,gs09r1b62,gs09r1b62,gs09r1b62,gs09r1b62,gs09r1b62,gs09r1b62,gs09r1b62,gs09r1b62,gs09r1b70,gs09r1b70,gs09r1b70,gs09r1b70,gs09r1b70,gs09r1b70,gs09r1b70,gs09r1b70,gs09r1b70,gs09r1b70,gs09r1b70,gs09r1b70,gs09r1b70,gs09r1b70,gs09r1b70,gs09r1b70,gs09r1b70,gs09r1b70,gs09r1b70,gs09r1b70,gs09r1b70,gs09r1b70,gs09r1b70,gs09r1b70,gs09r1b70,gs09r1b70,gs09r1b70,gs09r1b70,gs09r1b70,gs09r1b70,gs09r1b70,gs09r1b70,gs09r1b70,gs09r1b70,gs09r1b70,gs09r1b70,gs09r1b70,gs09r1b70,gs09r1b70,gs09r1b70,gs09r1b70,gs09r1b70,gs09r1b70,gs09r1b70,gs09r1b70,gs09r1b70,gs09r1b70,gs09r1b70,gs09r1b70,gs09r1b70,gs09r1b70,gs09r1b70,gs09r1b70,gs09r1b70,gs09r1b70,gs09r1b70,gs09r1b70,gs09r1b70,gs09r1b70,gs09r1b70,gs09r1b70,gs09r1b70,gs09r1b70,gs09r1b70,gs09r1b70,gs09r1b70,gs09r1b70,gs09r1b70,gs09r1b70,gs09r1b70,gs09r1b70,gs09r1b70,gs09r1b70,gs09r1b70,gs09r1b70,gs09r1b70,gs09r1b70,gs09r1b70,gs09r1b70,gs09r1b70,gs09r1b70,gs09r1b70,gs09r1b70,gs09r1b70,gs09r1b70,gs09r1b70,gs09r1b70,gs09r1b70,gs09r1b70,gs09r1b70,gs09r1b70,gs09r1b70,gs09r1b70,gs09r1b70,gs09r1b70,gs09r1b70,gs09r1b70,gs09r1b70,gs09r1b70,gs09r1b70,gs09r1b70,gs09r1b70,gs09r1b70,gs09r1b70,gs09r1b70,gs09r1b70,gs09r1b70,gs09r1b70,gs09r1b70,gs09r1b70,gs09r1b70,gs09r1b70,gs09r1b72,gs09r1b72,gs09r1b72,gs09r1b72,gs09r1b72,gs09r1b72,gs09r1b72,gs09r1b72,gs09r1b72,gs09r1b72,gs09r1b72,gs09r1b72,gs09r1b72,gs09r1b72,gs09r1b72,gs09r1b72,gs09r1b72,gs09r1b72,gs09r1b72,gs09r1b72,gs09r1b72,gs09r1b72,gs09r1b72,gs09r1b72,gs09r1b72,gs09r1b72,gs09r1b72,gs09r1b72,gs09r1b72,gs09r1b72,gs09r1b72,gs09r1b72,gs09r1b72,gs09r1b72,gs09r1b72,gs09r1b72,gs09r1b72,gs09r1b72,gs09r1b72,gs09r1b72,gs09r1b72,gs09r1b72,gs09r1b72,gs09r1b72,gs09r1b72,gs09r1b72,gs09r1b72,gs09r1b72,gs09r1b72,gs09r1b72,gs09r1b72,gs09r1b72,gs09r1b72,gs09r1b72,gs09r1b72,gs09r1b72,gs09r1b72,gs09r1b72,gs09r1b72,gs09r1b72,gs09r1b72,gs09r1b72,gs09r1b72,gs09r1b72,gs09r1b72,gs09r1b72,gs09r1b72,gs09r1b72,gs09r1b72,gs09r1b72,gs09r1b72,gs09r1b72,gs09r1b72,gs09r1b72,gs09r1b72,gs09r1b72,gs09r1b72,gs09r1b72,gs09r1b72,gs09r1b72,gs09r1b72,gs09r1b72,gs09r1b72,gs09r1b72,gs09r1b72,gs09r1b72,gs09r1b72,gs09r1b72,gs09r1b72,gs09r1b72,gs09r1b72,gs09r1b72,gs09r1b72,gs09r1b72,gs09r1b72,gs09r1b72,gs09r1b72,gs09r1b72,gs09r1b72,gs09r1b72,gs09r1b72,gs09r1b72,gs09r1b72,gs09r1b72,gs09r1b72,gs09r1b72,gs09r1b72,gs09r1b72,gs09r1b72,gs09r1b72,gs09r1b72,gs09r1b72,
Run 0 starts
[mpiexec@gs09r1b01] MNV cleaning
[mpiexec@gs09r1b01] MNV cleaning
[mpiexec@gs09r1b01] MNV cleaning
[mpiexec@gs09r1b01] MNV cleaning
Run 0 ends
Run 1 starts
Run 1 ends
Run 2 starts
[mpiexec@gs09r1b01] MNV cleaning
[mpiexec@gs09r1b01] MNV cleaning
[mpiexec@gs09r1b01] MNV cleaning
[mpiexec@gs09r1b01] MNV cleaning
Run 2 ends
Run 3 starts
[mpiexec@gs09r1b01] MNV cleaning
[mpiexec@gs09r1b01] MNV cleaning
[mpiexec@gs09r1b01] MNV cleaning
[mpiexec@gs09r1b01] MNV cleaning
Run 3 ends
Run 4 starts
[mpiexec@gs09r1b01] MNV cleaning
[mpiexec@gs09r1b01] MNV cleaning
[mpiexec@gs09r1b01] MNV cleaning
[mpiexec@gs09r1b01] MNV cleaning
Run 4 ends
Run 5 starts
[mpiexec@gs09r1b01] MNV cleaning
[mpiexec@gs09r1b01] MNV cleaning
[mpiexec@gs09r1b01] MNV cleaning
[mpiexec@gs09r1b01] MNV cleaning
Run 5 ends
Run 6 starts
Run 6 ends
Run 7 starts
[mpiexec@gs09r1b01] MNV cleaning
[mpiexec@gs09r1b01] MNV cleaning
[mpiexec@gs09r1b01] MNV cleaning
[mpiexec@gs09r1b01] MNV cleaning
Run 7 ends
Run 8 starts
[mpiexec@gs09r1b01] MNV cleaning
[mpiexec@gs09r1b01] MNV cleaning
[mpiexec@gs09r1b01] MNV cleaning
[mpiexec@gs09r1b01] MNV cleaning
Run 8 ends
Run 9 starts
Run 9 ends
Run 10 starts
[mpiexec@gs09r1b01] MNV cleaning
[mpiexec@gs09r1b01] MNV cleaning
[mpiexec@gs09r1b01] MNV cleaning
[mpiexec@gs09r1b01] MNV cleaning
Run 10 ends
Run 11 starts
[mpiexec@gs09r1b01] MNV cleaning
[mpiexec@gs09r1b01] MNV cleaning
[mpiexec@gs09r1b01] MNV cleaning
[mpiexec@gs09r1b01] MNV cleaning
Run 11 ends
Run 12 starts
Run 12 ends
Run 13 starts
Run 13 ends
Run 14 starts
[mpiexec@gs09r1b01] MNV cleaning
[mpiexec@gs09r1b01] MNV cleaning
[mpiexec@gs09r1b01] MNV cleaning
[mpiexec@gs09r1b01] MNV cleaning
Run 14 ends
Run 15 starts
Run 15 ends
Run 16 starts
[mpiexec@gs09r1b01] MNV cleaning
[mpiexec@gs09r1b01] MNV cleaning
[mpiexec@gs09r1b01] MNV cleaning
[mpiexec@gs09r1b01] MNV cleaning
Run 16 ends
Run 17 starts
Run 17 ends
Run 18 starts
[mpiexec@gs09r1b01] MNV cleaning
[mpiexec@gs09r1b01] MNV cleaning
[mpiexec@gs09r1b01] MNV cleaning
[mpiexec@gs09r1b01] MNV cleaning
Run 18 ends
Run 19 starts
[mpiexec@gs09r1b01] MNV cleaning
[mpiexec@gs09r1b01] MNV cleaning
[mpiexec@gs09r1b01] MNV cleaning
[mpiexec@gs09r1b01] MNV cleaning
Run 19 ends
END TEST
