START TEST P=gpp
./config133.ini 0 133 20
/home/bsc/bsc359796/Instalaciones/mpich-4.2.0-ofi/bin/mpirun
Nodes=gs03r2b[22-23,25-28],gs04r3b[02-03,05,09,11-12,15-16,19-20,22,47-52,66] - Starting hostlist=gs03r2b22,gs03r2b22,gs03r2b22,gs03r2b22,gs03r2b22,gs03r2b22,gs03r2b22,gs03r2b22,gs03r2b22,gs03r2b22,gs03r2b22,gs03r2b22,gs03r2b22,gs03r2b22,gs03r2b22,gs03r2b22,gs03r2b22,gs03r2b22,gs03r2b22,gs03r2b22,gs03r2b22,gs03r2b22,gs03r2b22,gs03r2b22,gs03r2b22,gs03r2b22,gs03r2b22,gs03r2b22,gs03r2b22,gs03r2b22,gs03r2b22,gs03r2b22,gs03r2b22,gs03r2b22,gs03r2b22,gs03r2b22,gs03r2b22,gs03r2b22,gs03r2b22,gs03r2b22,gs03r2b22,gs03r2b22,gs03r2b22,gs03r2b22,gs03r2b22,gs03r2b22,gs03r2b22,gs03r2b22,gs03r2b22,gs03r2b22,gs03r2b22,gs03r2b22,gs03r2b22,gs03r2b22,gs03r2b22,gs03r2b22,gs03r2b22,gs03r2b22,gs03r2b22,gs03r2b22,gs03r2b22,gs03r2b22,gs03r2b22,gs03r2b22,gs03r2b22,gs03r2b22,gs03r2b22,gs03r2b22,gs03r2b22,gs03r2b22,gs03r2b22,gs03r2b22,gs03r2b22,gs03r2b22,gs03r2b22,gs03r2b22,gs03r2b22,gs03r2b22,gs03r2b22,gs03r2b22,gs03r2b22,gs03r2b22,gs03r2b22,gs03r2b22,gs03r2b22,gs03r2b22,gs03r2b22,gs03r2b22,gs03r2b22,gs03r2b22,gs03r2b22,gs03r2b22,gs03r2b22,gs03r2b22,gs03r2b22,gs03r2b22,gs03r2b22,gs03r2b22,gs03r2b22,gs03r2b22,gs03r2b22,gs03r2b22,gs03r2b22,gs03r2b22,gs03r2b22,gs03r2b22,gs03r2b22,gs03r2b22,gs03r2b22,gs03r2b22,gs03r2b22,gs03r2b22,gs03r2b23,gs03r2b23,gs03r2b23,gs03r2b23,gs03r2b23,gs03r2b23,gs03r2b23,gs03r2b23,gs03r2b23,gs03r2b23,gs03r2b23,gs03r2b23,gs03r2b23,gs03r2b23,gs03r2b23,gs03r2b23,gs03r2b23,gs03r2b23,gs03r2b23,gs03r2b23,gs03r2b23,gs03r2b23,gs03r2b23,gs03r2b23,gs03r2b23,gs03r2b23,gs03r2b23,gs03r2b23,gs03r2b23,gs03r2b23,gs03r2b23,gs03r2b23,gs03r2b23,gs03r2b23,gs03r2b23,gs03r2b23,gs03r2b23,gs03r2b23,gs03r2b23,gs03r2b23,gs03r2b23,gs03r2b23,gs03r2b23,gs03r2b23,gs03r2b23,gs03r2b23,gs03r2b23,gs03r2b23,gs03r2b23,gs03r2b23,gs03r2b23,gs03r2b23,gs03r2b23,gs03r2b23,gs03r2b23,gs03r2b23,gs03r2b23,gs03r2b23,gs03r2b23,gs03r2b23,gs03r2b23,gs03r2b23,gs03r2b23,gs03r2b23,gs03r2b23,gs03r2b23,gs03r2b23,gs03r2b23,gs03r2b23,gs03r2b23,gs03r2b23,gs03r2b23,gs03r2b23,gs03r2b23,gs03r2b23,gs03r2b23,gs03r2b23,gs03r2b23,gs03r2b23,gs03r2b23,gs03r2b23,gs03r2b23,gs03r2b23,gs03r2b23,gs03r2b23,gs03r2b23,gs03r2b23,gs03r2b23,gs03r2b23,gs03r2b23,gs03r2b23,gs03r2b23,gs03r2b23,gs03r2b23,gs03r2b23,gs03r2b23,gs03r2b23,gs03r2b23,gs03r2b23,gs03r2b23,gs03r2b23,gs03r2b23,gs03r2b23,gs03r2b23,gs03r2b23,gs03r2b23,gs03r2b23,gs03r2b23,gs03r2b23,gs03r2b23,gs03r2b23,gs03r2b23,gs03r2b25,gs03r2b25,gs03r2b25,gs03r2b25,gs03r2b25,gs03r2b25,gs03r2b25,gs03r2b25,gs03r2b25,gs03r2b25,gs03r2b25,gs03r2b25,gs03r2b25,gs03r2b25,gs03r2b25,gs03r2b25,gs03r2b25,gs03r2b25,gs03r2b25,gs03r2b25,gs03r2b25,gs03r2b25,gs03r2b25,gs03r2b25,gs03r2b25,gs03r2b25,gs03r2b25,gs03r2b25,gs03r2b25,gs03r2b25,gs03r2b25,gs03r2b25,gs03r2b25,gs03r2b25,gs03r2b25,gs03r2b25,gs03r2b25,gs03r2b25,gs03r2b25,gs03r2b25,gs03r2b25,gs03r2b25,gs03r2b25,gs03r2b25,gs03r2b25,gs03r2b25,gs03r2b25,gs03r2b25,gs03r2b25,gs03r2b25,gs03r2b25,gs03r2b25,gs03r2b25,gs03r2b25,gs03r2b25,gs03r2b25,gs03r2b25,gs03r2b25,gs03r2b25,gs03r2b25,gs03r2b25,gs03r2b25,gs03r2b25,gs03r2b25,gs03r2b25,gs03r2b25,gs03r2b25,gs03r2b25,gs03r2b25,gs03r2b25,gs03r2b25,gs03r2b25,gs03r2b25,gs03r2b25,gs03r2b25,gs03r2b25,gs03r2b25,gs03r2b25,gs03r2b25,gs03r2b25,gs03r2b25,gs03r2b25,gs03r2b25,gs03r2b25,gs03r2b25,gs03r2b25,gs03r2b25,gs03r2b25,gs03r2b25,gs03r2b25,gs03r2b25,gs03r2b25,gs03r2b25,gs03r2b25,gs03r2b25,gs03r2b25,gs03r2b25,gs03r2b25,gs03r2b25,gs03r2b25,gs03r2b25,gs03r2b25,gs03r2b25,gs03r2b25,gs03r2b25,gs03r2b25,gs03r2b25,gs03r2b25,gs03r2b25,gs03r2b25,gs03r2b25,gs03r2b25,gs03r2b26,gs03r2b26,gs03r2b26,gs03r2b26,gs03r2b26,gs03r2b26,gs03r2b26,gs03r2b26,gs03r2b26,gs03r2b26,gs03r2b26,gs03r2b26,gs03r2b26,gs03r2b26,gs03r2b26,gs03r2b26,gs03r2b26,gs03r2b26,gs03r2b26,gs03r2b26,gs03r2b26,gs03r2b26,gs03r2b26,gs03r2b26,gs03r2b26,gs03r2b26,gs03r2b26,gs03r2b26,gs03r2b26,gs03r2b26,gs03r2b26,gs03r2b26,gs03r2b26,gs03r2b26,gs03r2b26,gs03r2b26,gs03r2b26,gs03r2b26,gs03r2b26,gs03r2b26,gs03r2b26,gs03r2b26,gs03r2b26,gs03r2b26,gs03r2b26,gs03r2b26,gs03r2b26,gs03r2b26,gs03r2b26,gs03r2b26,gs03r2b26,gs03r2b26,gs03r2b26,gs03r2b26,gs03r2b26,gs03r2b26,gs03r2b26,gs03r2b26,gs03r2b26,gs03r2b26,gs03r2b26,gs03r2b26,gs03r2b26,gs03r2b26,gs03r2b26,gs03r2b26,gs03r2b26,gs03r2b26,gs03r2b26,gs03r2b26,gs03r2b26,gs03r2b26,gs03r2b26,gs03r2b26,gs03r2b26,gs03r2b26,gs03r2b26,gs03r2b26,gs03r2b26,gs03r2b26,gs03r2b26,gs03r2b26,gs03r2b26,gs03r2b26,gs03r2b26,gs03r2b26,gs03r2b26,gs03r2b26,gs03r2b26,gs03r2b26,gs03r2b26,gs03r2b26,gs03r2b26,gs03r2b26,gs03r2b26,gs03r2b26,gs03r2b26,gs03r2b26,gs03r2b26,gs03r2b26,gs03r2b26,gs03r2b26,gs03r2b26,gs03r2b26,gs03r2b26,gs03r2b26,gs03r2b26,gs03r2b26,gs03r2b26,gs03r2b26,gs03r2b26,gs03r2b26,gs03r2b27,gs03r2b27,gs03r2b27,gs03r2b27,gs03r2b27,gs03r2b27,gs03r2b27,gs03r2b27,gs03r2b27,gs03r2b27,gs03r2b27,gs03r2b27,gs03r2b27,gs03r2b27,gs03r2b27,gs03r2b27,gs03r2b27,gs03r2b27,gs03r2b27,gs03r2b27,gs03r2b27,gs03r2b27,gs03r2b27,gs03r2b27,gs03r2b27,gs03r2b27,gs03r2b27,gs03r2b27,gs03r2b27,gs03r2b27,gs03r2b27,gs03r2b27,gs03r2b27,gs03r2b27,gs03r2b27,gs03r2b27,gs03r2b27,gs03r2b27,gs03r2b27,gs03r2b27,gs03r2b27,gs03r2b27,gs03r2b27,gs03r2b27,gs03r2b27,gs03r2b27,gs03r2b27,gs03r2b27,gs03r2b27,gs03r2b27,gs03r2b27,gs03r2b27,gs03r2b27,gs03r2b27,gs03r2b27,gs03r2b27,gs03r2b27,gs03r2b27,gs03r2b27,gs03r2b27,gs03r2b27,gs03r2b27,gs03r2b27,gs03r2b27,gs03r2b27,gs03r2b27,gs03r2b27,gs03r2b27,gs03r2b27,gs03r2b27,gs03r2b27,gs03r2b27,gs03r2b27,gs03r2b27,gs03r2b27,gs03r2b27,gs03r2b27,gs03r2b27,gs03r2b27,gs03r2b27,gs03r2b27,gs03r2b27,gs03r2b27,gs03r2b27,gs03r2b27,gs03r2b27,gs03r2b27,gs03r2b27,gs03r2b27,gs03r2b27,gs03r2b27,gs03r2b27,gs03r2b27,gs03r2b27,gs03r2b27,gs03r2b27,gs03r2b27,gs03r2b27,gs03r2b27,gs03r2b27,gs03r2b27,gs03r2b27,gs03r2b27,gs03r2b27,gs03r2b27,gs03r2b27,gs03r2b27,gs03r2b27,gs03r2b27,gs03r2b27,gs03r2b27,gs03r2b27,gs03r2b28,gs03r2b28,gs03r2b28,gs03r2b28,gs03r2b28,gs03r2b28,gs03r2b28,gs03r2b28,gs03r2b28,gs03r2b28,gs03r2b28,gs03r2b28,gs03r2b28,gs03r2b28,gs03r2b28,gs03r2b28,gs03r2b28,gs03r2b28,gs03r2b28,gs03r2b28,gs03r2b28,gs03r2b28,gs03r2b28,gs03r2b28,gs03r2b28,gs03r2b28,gs03r2b28,gs03r2b28,gs03r2b28,gs03r2b28,gs03r2b28,gs03r2b28,gs03r2b28,gs03r2b28,gs03r2b28,gs03r2b28,gs03r2b28,gs03r2b28,gs03r2b28,gs03r2b28,gs03r2b28,gs03r2b28,gs03r2b28,gs03r2b28,gs03r2b28,gs03r2b28,gs03r2b28,gs03r2b28,gs03r2b28,gs03r2b28,gs03r2b28,gs03r2b28,gs03r2b28,gs03r2b28,gs03r2b28,gs03r2b28,gs03r2b28,gs03r2b28,gs03r2b28,gs03r2b28,gs03r2b28,gs03r2b28,gs03r2b28,gs03r2b28,gs03r2b28,gs03r2b28,gs03r2b28,gs03r2b28,gs03r2b28,gs03r2b28,gs03r2b28,gs03r2b28,gs03r2b28,gs03r2b28,gs03r2b28,gs03r2b28,gs03r2b28,gs03r2b28,gs03r2b28,gs03r2b28,gs03r2b28,gs03r2b28,gs03r2b28,gs03r2b28,gs03r2b28,gs03r2b28,gs03r2b28,gs03r2b28,gs03r2b28,gs03r2b28,gs03r2b28,gs03r2b28,gs03r2b28,gs03r2b28,gs03r2b28,gs03r2b28,gs03r2b28,gs03r2b28,gs03r2b28,gs03r2b28,gs03r2b28,gs03r2b28,gs03r2b28,gs03r2b28,gs03r2b28,gs03r2b28,gs03r2b28,gs03r2b28,gs03r2b28,gs03r2b28,gs03r2b28,gs03r2b28,gs04r3b02,gs04r3b02,gs04r3b02,gs04r3b02,gs04r3b02,gs04r3b02,gs04r3b02,gs04r3b02,gs04r3b02,gs04r3b02,gs04r3b02,gs04r3b02,gs04r3b02,gs04r3b02,gs04r3b02,gs04r3b02,gs04r3b02,gs04r3b02,gs04r3b02,gs04r3b02,gs04r3b02,gs04r3b02,gs04r3b02,gs04r3b02,gs04r3b02,gs04r3b02,gs04r3b02,gs04r3b02,gs04r3b02,gs04r3b02,gs04r3b02,gs04r3b02,gs04r3b02,gs04r3b02,gs04r3b02,gs04r3b02,gs04r3b02,gs04r3b02,gs04r3b02,gs04r3b02,gs04r3b02,gs04r3b02,gs04r3b02,gs04r3b02,gs04r3b02,gs04r3b02,gs04r3b02,gs04r3b02,gs04r3b02,gs04r3b02,gs04r3b02,gs04r3b02,gs04r3b02,gs04r3b02,gs04r3b02,gs04r3b02,gs04r3b02,gs04r3b02,gs04r3b02,gs04r3b02,gs04r3b02,gs04r3b02,gs04r3b02,gs04r3b02,gs04r3b02,gs04r3b02,gs04r3b02,gs04r3b02,gs04r3b02,gs04r3b02,gs04r3b02,gs04r3b02,gs04r3b02,gs04r3b02,gs04r3b02,gs04r3b02,gs04r3b02,gs04r3b02,gs04r3b02,gs04r3b02,gs04r3b02,gs04r3b02,gs04r3b02,gs04r3b02,gs04r3b02,gs04r3b02,gs04r3b02,gs04r3b02,gs04r3b02,gs04r3b02,gs04r3b02,gs04r3b02,gs04r3b02,gs04r3b02,gs04r3b02,gs04r3b02,gs04r3b02,gs04r3b02,gs04r3b02,gs04r3b02,gs04r3b02,gs04r3b02,gs04r3b02,gs04r3b02,gs04r3b02,gs04r3b02,gs04r3b02,gs04r3b02,gs04r3b02,gs04r3b02,gs04r3b02,gs04r3b02,gs04r3b03,gs04r3b03,gs04r3b03,gs04r3b03,gs04r3b03,gs04r3b03,gs04r3b03,gs04r3b03,gs04r3b03,gs04r3b03,gs04r3b03,gs04r3b03,gs04r3b03,gs04r3b03,gs04r3b03,gs04r3b03,gs04r3b03,gs04r3b03,gs04r3b03,gs04r3b03,gs04r3b03,gs04r3b03,gs04r3b03,gs04r3b03,gs04r3b03,gs04r3b03,gs04r3b03,gs04r3b03,gs04r3b03,gs04r3b03,gs04r3b03,gs04r3b03,gs04r3b03,gs04r3b03,gs04r3b03,gs04r3b03,gs04r3b03,gs04r3b03,gs04r3b03,gs04r3b03,gs04r3b03,gs04r3b03,gs04r3b03,gs04r3b03,gs04r3b03,gs04r3b03,gs04r3b03,gs04r3b03,gs04r3b03,gs04r3b03,gs04r3b03,gs04r3b03,gs04r3b03,gs04r3b03,gs04r3b03,gs04r3b03,gs04r3b03,gs04r3b03,gs04r3b03,gs04r3b03,gs04r3b03,gs04r3b03,gs04r3b03,gs04r3b03,gs04r3b03,gs04r3b03,gs04r3b03,gs04r3b03,gs04r3b03,gs04r3b03,gs04r3b03,gs04r3b03,gs04r3b03,gs04r3b03,gs04r3b03,gs04r3b03,gs04r3b03,gs04r3b03,gs04r3b03,gs04r3b03,gs04r3b03,gs04r3b03,gs04r3b03,gs04r3b03,gs04r3b03,gs04r3b03,gs04r3b03,gs04r3b03,gs04r3b03,gs04r3b03,gs04r3b03,gs04r3b03,gs04r3b03,gs04r3b03,gs04r3b03,gs04r3b03,gs04r3b03,gs04r3b03,gs04r3b03,gs04r3b03,gs04r3b03,gs04r3b03,gs04r3b03,gs04r3b03,gs04r3b03,gs04r3b03,gs04r3b03,gs04r3b03,gs04r3b03,gs04r3b03,gs04r3b03,gs04r3b03,gs04r3b05,gs04r3b05,gs04r3b05,gs04r3b05,gs04r3b05,gs04r3b05,gs04r3b05,gs04r3b05,gs04r3b05,gs04r3b05,gs04r3b05,gs04r3b05,gs04r3b05,gs04r3b05,gs04r3b05,gs04r3b05,gs04r3b05,gs04r3b05,gs04r3b05,gs04r3b05,gs04r3b05,gs04r3b05,gs04r3b05,gs04r3b05,gs04r3b05,gs04r3b05,gs04r3b05,gs04r3b05,gs04r3b05,gs04r3b05,gs04r3b05,gs04r3b05,gs04r3b05,gs04r3b05,gs04r3b05,gs04r3b05,gs04r3b05,gs04r3b05,gs04r3b05,gs04r3b05,gs04r3b05,gs04r3b05,gs04r3b05,gs04r3b05,gs04r3b05,gs04r3b05,gs04r3b05,gs04r3b05,gs04r3b05,gs04r3b05,gs04r3b05,gs04r3b05,gs04r3b05,gs04r3b05,gs04r3b05,gs04r3b05,gs04r3b05,gs04r3b05,gs04r3b05,gs04r3b05,gs04r3b05,gs04r3b05,gs04r3b05,gs04r3b05,gs04r3b05,gs04r3b05,gs04r3b05,gs04r3b05,gs04r3b05,gs04r3b05,gs04r3b05,gs04r3b05,gs04r3b05,gs04r3b05,gs04r3b05,gs04r3b05,gs04r3b05,gs04r3b05,gs04r3b05,gs04r3b05,gs04r3b05,gs04r3b05,gs04r3b05,gs04r3b05,gs04r3b05,gs04r3b05,gs04r3b05,gs04r3b05,gs04r3b05,gs04r3b05,gs04r3b05,gs04r3b05,gs04r3b05,gs04r3b05,gs04r3b05,gs04r3b05,gs04r3b05,gs04r3b05,gs04r3b05,gs04r3b05,gs04r3b05,gs04r3b05,gs04r3b05,gs04r3b05,gs04r3b05,gs04r3b05,gs04r3b05,gs04r3b05,gs04r3b05,gs04r3b05,gs04r3b05,gs04r3b05,gs04r3b09,gs04r3b09,gs04r3b09,gs04r3b09,gs04r3b09,gs04r3b09,gs04r3b09,gs04r3b09,gs04r3b09,gs04r3b09,gs04r3b09,gs04r3b09,gs04r3b09,gs04r3b09,gs04r3b09,gs04r3b09,gs04r3b09,gs04r3b09,gs04r3b09,gs04r3b09,gs04r3b09,gs04r3b09,gs04r3b09,gs04r3b09,gs04r3b09,gs04r3b09,gs04r3b09,gs04r3b09,gs04r3b09,gs04r3b09,gs04r3b09,gs04r3b09,gs04r3b09,gs04r3b09,gs04r3b09,gs04r3b09,gs04r3b09,gs04r3b09,gs04r3b09,gs04r3b09,gs04r3b09,gs04r3b09,gs04r3b09,gs04r3b09,gs04r3b09,gs04r3b09,gs04r3b09,gs04r3b09,gs04r3b09,gs04r3b09,gs04r3b09,gs04r3b09,gs04r3b09,gs04r3b09,gs04r3b09,gs04r3b09,gs04r3b09,gs04r3b09,gs04r3b09,gs04r3b09,gs04r3b09,gs04r3b09,gs04r3b09,gs04r3b09,gs04r3b09,gs04r3b09,gs04r3b09,gs04r3b09,gs04r3b09,gs04r3b09,gs04r3b09,gs04r3b09,gs04r3b09,gs04r3b09,gs04r3b09,gs04r3b09,gs04r3b09,gs04r3b09,gs04r3b09,gs04r3b09,gs04r3b09,gs04r3b09,gs04r3b09,gs04r3b09,gs04r3b09,gs04r3b09,gs04r3b09,gs04r3b09,gs04r3b09,gs04r3b09,gs04r3b09,gs04r3b09,gs04r3b09,gs04r3b09,gs04r3b09,gs04r3b09,gs04r3b09,gs04r3b09,gs04r3b09,gs04r3b09,gs04r3b09,gs04r3b09,gs04r3b09,gs04r3b09,gs04r3b09,gs04r3b09,gs04r3b09,gs04r3b09,gs04r3b09,gs04r3b09,gs04r3b09,gs04r3b09,gs04r3b11,gs04r3b11,gs04r3b11,gs04r3b11,gs04r3b11,gs04r3b11,gs04r3b11,gs04r3b11,gs04r3b11,gs04r3b11,gs04r3b11,gs04r3b11,gs04r3b11,gs04r3b11,gs04r3b11,gs04r3b11,gs04r3b11,gs04r3b11,gs04r3b11,gs04r3b11,gs04r3b11,gs04r3b11,gs04r3b11,gs04r3b11,gs04r3b11,gs04r3b11,gs04r3b11,gs04r3b11,gs04r3b11,gs04r3b11,gs04r3b11,gs04r3b11,gs04r3b11,gs04r3b11,gs04r3b11,gs04r3b11,gs04r3b11,gs04r3b11,gs04r3b11,gs04r3b11,gs04r3b11,gs04r3b11,gs04r3b11,gs04r3b11,gs04r3b11,gs04r3b11,gs04r3b11,gs04r3b11,gs04r3b11,gs04r3b11,gs04r3b11,gs04r3b11,gs04r3b11,gs04r3b11,gs04r3b11,gs04r3b11,gs04r3b11,gs04r3b11,gs04r3b11,gs04r3b11,gs04r3b11,gs04r3b11,gs04r3b11,gs04r3b11,gs04r3b11,gs04r3b11,gs04r3b11,gs04r3b11,gs04r3b11,gs04r3b11,gs04r3b11,gs04r3b11,gs04r3b11,gs04r3b11,gs04r3b11,gs04r3b11,gs04r3b11,gs04r3b11,gs04r3b11,gs04r3b11,gs04r3b11,gs04r3b11,gs04r3b11,gs04r3b11,gs04r3b11,gs04r3b11,gs04r3b11,gs04r3b11,gs04r3b11,gs04r3b11,gs04r3b11,gs04r3b11,gs04r3b11,gs04r3b11,gs04r3b11,gs04r3b11,gs04r3b11,gs04r3b11,gs04r3b11,gs04r3b11,gs04r3b11,gs04r3b11,gs04r3b11,gs04r3b11,gs04r3b11,gs04r3b11,gs04r3b11,gs04r3b11,gs04r3b11,gs04r3b11,gs04r3b11,gs04r3b11,gs04r3b12,gs04r3b12,gs04r3b12,gs04r3b12,gs04r3b12,gs04r3b12,gs04r3b12,gs04r3b12,gs04r3b12,gs04r3b12,gs04r3b12,gs04r3b12,gs04r3b12,gs04r3b12,gs04r3b12,gs04r3b12,gs04r3b12,gs04r3b12,gs04r3b12,gs04r3b12,gs04r3b12,gs04r3b12,gs04r3b12,gs04r3b12,gs04r3b12,gs04r3b12,gs04r3b12,gs04r3b12,gs04r3b12,gs04r3b12,gs04r3b12,gs04r3b12,gs04r3b12,gs04r3b12,gs04r3b12,gs04r3b12,gs04r3b12,gs04r3b12,gs04r3b12,gs04r3b12,gs04r3b12,gs04r3b12,gs04r3b12,gs04r3b12,gs04r3b12,gs04r3b12,gs04r3b12,gs04r3b12,gs04r3b12,gs04r3b12,gs04r3b12,gs04r3b12,gs04r3b12,gs04r3b12,gs04r3b12,gs04r3b12,gs04r3b12,gs04r3b12,gs04r3b12,gs04r3b12,gs04r3b12,gs04r3b12,gs04r3b12,gs04r3b12,gs04r3b12,gs04r3b12,gs04r3b12,gs04r3b12,gs04r3b12,gs04r3b12,gs04r3b12,gs04r3b12,gs04r3b12,gs04r3b12,gs04r3b12,gs04r3b12,gs04r3b12,gs04r3b12,gs04r3b12,gs04r3b12,gs04r3b12,gs04r3b12,gs04r3b12,gs04r3b12,gs04r3b12,gs04r3b12,gs04r3b12,gs04r3b12,gs04r3b12,gs04r3b12,gs04r3b12,gs04r3b12,gs04r3b12,gs04r3b12,gs04r3b12,gs04r3b12,gs04r3b12,gs04r3b12,gs04r3b12,gs04r3b12,gs04r3b12,gs04r3b12,gs04r3b12,gs04r3b12,gs04r3b12,gs04r3b12,gs04r3b12,gs04r3b12,gs04r3b12,gs04r3b12,gs04r3b12,gs04r3b12,gs04r3b15,gs04r3b15,gs04r3b15,gs04r3b15,gs04r3b15,gs04r3b15,gs04r3b15,gs04r3b15,gs04r3b15,gs04r3b15,gs04r3b15,gs04r3b15,gs04r3b15,gs04r3b15,gs04r3b15,gs04r3b15,gs04r3b15,gs04r3b15,gs04r3b15,gs04r3b15,gs04r3b15,gs04r3b15,gs04r3b15,gs04r3b15,gs04r3b15,gs04r3b15,gs04r3b15,gs04r3b15,gs04r3b15,gs04r3b15,gs04r3b15,gs04r3b15,gs04r3b15,gs04r3b15,gs04r3b15,gs04r3b15,gs04r3b15,gs04r3b15,gs04r3b15,gs04r3b15,gs04r3b15,gs04r3b15,gs04r3b15,gs04r3b15,gs04r3b15,gs04r3b15,gs04r3b15,gs04r3b15,gs04r3b15,gs04r3b15,gs04r3b15,gs04r3b15,gs04r3b15,gs04r3b15,gs04r3b15,gs04r3b15,gs04r3b15,gs04r3b15,gs04r3b15,gs04r3b15,gs04r3b15,gs04r3b15,gs04r3b15,gs04r3b15,gs04r3b15,gs04r3b15,gs04r3b15,gs04r3b15,gs04r3b15,gs04r3b15,gs04r3b15,gs04r3b15,gs04r3b15,gs04r3b15,gs04r3b15,gs04r3b15,gs04r3b15,gs04r3b15,gs04r3b15,gs04r3b15,gs04r3b15,gs04r3b15,gs04r3b15,gs04r3b15,gs04r3b15,gs04r3b15,gs04r3b15,gs04r3b15,gs04r3b15,gs04r3b15,gs04r3b15,gs04r3b15,gs04r3b15,gs04r3b15,gs04r3b15,gs04r3b15,gs04r3b15,gs04r3b15,gs04r3b15,gs04r3b15,gs04r3b15,gs04r3b15,gs04r3b15,gs04r3b15,gs04r3b15,gs04r3b15,gs04r3b15,gs04r3b15,gs04r3b15,gs04r3b15,gs04r3b15,gs04r3b15,gs04r3b16,gs04r3b16,gs04r3b16,gs04r3b16,gs04r3b16,gs04r3b16,gs04r3b16,gs04r3b16,gs04r3b16,gs04r3b16,gs04r3b16,gs04r3b16,gs04r3b16,gs04r3b16,gs04r3b16,gs04r3b16,gs04r3b16,gs04r3b16,gs04r3b16,gs04r3b16,gs04r3b16,gs04r3b16,gs04r3b16,gs04r3b16,gs04r3b16,gs04r3b16,gs04r3b16,gs04r3b16,gs04r3b16,gs04r3b16,gs04r3b16,gs04r3b16,gs04r3b16,gs04r3b16,gs04r3b16,gs04r3b16,gs04r3b16,gs04r3b16,gs04r3b16,gs04r3b16,gs04r3b16,gs04r3b16,gs04r3b16,gs04r3b16,gs04r3b16,gs04r3b16,gs04r3b16,gs04r3b16,gs04r3b16,gs04r3b16,gs04r3b16,gs04r3b16,gs04r3b16,gs04r3b16,gs04r3b16,gs04r3b16,gs04r3b16,gs04r3b16,gs04r3b16,gs04r3b16,gs04r3b16,gs04r3b16,gs04r3b16,gs04r3b16,gs04r3b16,gs04r3b16,gs04r3b16,gs04r3b16,gs04r3b16,gs04r3b16,gs04r3b16,gs04r3b16,gs04r3b16,gs04r3b16,gs04r3b16,gs04r3b16,gs04r3b16,gs04r3b16,gs04r3b16,gs04r3b16,gs04r3b16,gs04r3b16,gs04r3b16,gs04r3b16,gs04r3b16,gs04r3b16,gs04r3b16,gs04r3b16,gs04r3b16,gs04r3b16,gs04r3b16,gs04r3b16,gs04r3b16,gs04r3b16,gs04r3b16,gs04r3b16,gs04r3b16,gs04r3b16,gs04r3b16,gs04r3b16,gs04r3b16,gs04r3b16,gs04r3b16,gs04r3b16,gs04r3b16,gs04r3b16,gs04r3b16,gs04r3b16,gs04r3b16,gs04r3b16,gs04r3b16,gs04r3b16,gs04r3b19,gs04r3b19,gs04r3b19,gs04r3b19,gs04r3b19,gs04r3b19,gs04r3b19,gs04r3b19,gs04r3b19,gs04r3b19,gs04r3b19,gs04r3b19,gs04r3b19,gs04r3b19,gs04r3b19,gs04r3b19,gs04r3b19,gs04r3b19,gs04r3b19,gs04r3b19,gs04r3b19,gs04r3b19,gs04r3b19,gs04r3b19,gs04r3b19,gs04r3b19,gs04r3b19,gs04r3b19,gs04r3b19,gs04r3b19,gs04r3b19,gs04r3b19,gs04r3b19,gs04r3b19,gs04r3b19,gs04r3b19,gs04r3b19,gs04r3b19,gs04r3b19,gs04r3b19,gs04r3b19,gs04r3b19,gs04r3b19,gs04r3b19,gs04r3b19,gs04r3b19,gs04r3b19,gs04r3b19,gs04r3b19,gs04r3b19,gs04r3b19,gs04r3b19,gs04r3b19,gs04r3b19,gs04r3b19,gs04r3b19,gs04r3b19,gs04r3b19,gs04r3b19,gs04r3b19,gs04r3b19,gs04r3b19,gs04r3b19,gs04r3b19,gs04r3b19,gs04r3b19,gs04r3b19,gs04r3b19,gs04r3b19,gs04r3b19,gs04r3b19,gs04r3b19,gs04r3b19,gs04r3b19,gs04r3b19,gs04r3b19,gs04r3b19,gs04r3b19,gs04r3b19,gs04r3b19,gs04r3b19,gs04r3b19,gs04r3b19,gs04r3b19,gs04r3b19,gs04r3b19,gs04r3b19,gs04r3b19,gs04r3b19,gs04r3b19,gs04r3b19,gs04r3b19,gs04r3b19,gs04r3b19,gs04r3b19,gs04r3b19,gs04r3b19,gs04r3b19,gs04r3b19,gs04r3b19,gs04r3b19,gs04r3b19,gs04r3b19,gs04r3b19,gs04r3b19,gs04r3b19,gs04r3b19,gs04r3b19,gs04r3b19,gs04r3b19,gs04r3b19,gs04r3b19,gs04r3b20,gs04r3b20,gs04r3b20,gs04r3b20,gs04r3b20,gs04r3b20,gs04r3b20,gs04r3b20,gs04r3b20,gs04r3b20,gs04r3b20,gs04r3b20,gs04r3b20,gs04r3b20,gs04r3b20,gs04r3b20,gs04r3b20,gs04r3b20,gs04r3b20,gs04r3b20,gs04r3b20,gs04r3b20,gs04r3b20,gs04r3b20,gs04r3b20,gs04r3b20,gs04r3b20,gs04r3b20,gs04r3b20,gs04r3b20,gs04r3b20,gs04r3b20,gs04r3b20,gs04r3b20,gs04r3b20,gs04r3b20,gs04r3b20,gs04r3b20,gs04r3b20,gs04r3b20,gs04r3b20,gs04r3b20,gs04r3b20,gs04r3b20,gs04r3b20,gs04r3b20,gs04r3b20,gs04r3b20,gs04r3b20,gs04r3b20,gs04r3b20,gs04r3b20,gs04r3b20,gs04r3b20,gs04r3b20,gs04r3b20,gs04r3b20,gs04r3b20,gs04r3b20,gs04r3b20,gs04r3b20,gs04r3b20,gs04r3b20,gs04r3b20,gs04r3b20,gs04r3b20,gs04r3b20,gs04r3b20,gs04r3b20,gs04r3b20,gs04r3b20,gs04r3b20,gs04r3b20,gs04r3b20,gs04r3b20,gs04r3b20,gs04r3b20,gs04r3b20,gs04r3b20,gs04r3b20,gs04r3b20,gs04r3b20,gs04r3b20,gs04r3b20,gs04r3b20,gs04r3b20,gs04r3b20,gs04r3b20,gs04r3b20,gs04r3b20,gs04r3b20,gs04r3b20,gs04r3b20,gs04r3b20,gs04r3b20,gs04r3b20,gs04r3b20,gs04r3b20,gs04r3b20,gs04r3b20,gs04r3b20,gs04r3b20,gs04r3b20,gs04r3b20,gs04r3b20,gs04r3b20,gs04r3b20,gs04r3b20,gs04r3b20,gs04r3b20,gs04r3b20,gs04r3b20,gs04r3b22,gs04r3b22,gs04r3b22,gs04r3b22,gs04r3b22,gs04r3b22,gs04r3b22,gs04r3b22,gs04r3b22,gs04r3b22,gs04r3b22,gs04r3b22,gs04r3b22,gs04r3b22,gs04r3b22,gs04r3b22,gs04r3b22,gs04r3b22,gs04r3b22,gs04r3b22,gs04r3b22,gs04r3b22,gs04r3b22,gs04r3b22,gs04r3b22,gs04r3b22,gs04r3b22,gs04r3b22,gs04r3b22,gs04r3b22,gs04r3b22,gs04r3b22,gs04r3b22,gs04r3b22,gs04r3b22,gs04r3b22,gs04r3b22,gs04r3b22,gs04r3b22,gs04r3b22,gs04r3b22,gs04r3b22,gs04r3b22,gs04r3b22,gs04r3b22,gs04r3b22,gs04r3b22,gs04r3b22,gs04r3b22,gs04r3b22,gs04r3b22,gs04r3b22,gs04r3b22,gs04r3b22,gs04r3b22,gs04r3b22,gs04r3b22,gs04r3b22,gs04r3b22,gs04r3b22,gs04r3b22,gs04r3b22,gs04r3b22,gs04r3b22,gs04r3b22,gs04r3b22,gs04r3b22,gs04r3b22,gs04r3b22,gs04r3b22,gs04r3b22,gs04r3b22,gs04r3b22,gs04r3b22,gs04r3b22,gs04r3b22,gs04r3b22,gs04r3b22,gs04r3b22,gs04r3b22,gs04r3b22,gs04r3b22,gs04r3b22,gs04r3b22,gs04r3b22,gs04r3b22,gs04r3b22,gs04r3b22,gs04r3b22,gs04r3b22,gs04r3b22,gs04r3b22,gs04r3b22,gs04r3b22,gs04r3b22,gs04r3b22,gs04r3b22,gs04r3b22,gs04r3b22,gs04r3b22,gs04r3b22,gs04r3b22,gs04r3b22,gs04r3b22,gs04r3b22,gs04r3b22,gs04r3b22,gs04r3b22,gs04r3b22,gs04r3b22,gs04r3b22,gs04r3b22,gs04r3b47,gs04r3b47,gs04r3b47,gs04r3b47,gs04r3b47,gs04r3b47,gs04r3b47,gs04r3b47,gs04r3b47,gs04r3b47,gs04r3b47,gs04r3b47,gs04r3b47,gs04r3b47,gs04r3b47,gs04r3b47,gs04r3b47,gs04r3b47,gs04r3b47,gs04r3b47,gs04r3b47,gs04r3b47,gs04r3b47,gs04r3b47,gs04r3b47,gs04r3b47,gs04r3b47,gs04r3b47,gs04r3b47,gs04r3b47,gs04r3b47,gs04r3b47,gs04r3b47,gs04r3b47,gs04r3b47,gs04r3b47,gs04r3b47,gs04r3b47,gs04r3b47,gs04r3b47,gs04r3b47,gs04r3b47,gs04r3b47,gs04r3b47,gs04r3b47,gs04r3b47,gs04r3b47,gs04r3b47,gs04r3b47,gs04r3b47,gs04r3b47,gs04r3b47,gs04r3b47,gs04r3b47,gs04r3b47,gs04r3b47,gs04r3b47,gs04r3b47,gs04r3b47,gs04r3b47,gs04r3b47,gs04r3b47,gs04r3b47,gs04r3b47,gs04r3b47,gs04r3b47,gs04r3b47,gs04r3b47,gs04r3b47,gs04r3b47,gs04r3b47,gs04r3b47,gs04r3b47,gs04r3b47,gs04r3b47,gs04r3b47,gs04r3b47,gs04r3b47,gs04r3b47,gs04r3b47,gs04r3b47,gs04r3b47,gs04r3b47,gs04r3b47,gs04r3b47,gs04r3b47,gs04r3b47,gs04r3b47,gs04r3b47,gs04r3b47,gs04r3b47,gs04r3b47,gs04r3b47,gs04r3b47,gs04r3b47,gs04r3b47,gs04r3b47,gs04r3b47,gs04r3b47,gs04r3b47,gs04r3b47,gs04r3b47,gs04r3b47,gs04r3b47,gs04r3b47,gs04r3b47,gs04r3b47,gs04r3b47,gs04r3b47,gs04r3b47,gs04r3b47,gs04r3b47,gs04r3b48,gs04r3b48,gs04r3b48,gs04r3b48,gs04r3b48,gs04r3b48,gs04r3b48,gs04r3b48,gs04r3b48,gs04r3b48,gs04r3b48,gs04r3b48,gs04r3b48,gs04r3b48,gs04r3b48,gs04r3b48,gs04r3b48,gs04r3b48,gs04r3b48,gs04r3b48,gs04r3b48,gs04r3b48,gs04r3b48,gs04r3b48,gs04r3b48,gs04r3b48,gs04r3b48,gs04r3b48,gs04r3b48,gs04r3b48,gs04r3b48,gs04r3b48,gs04r3b48,gs04r3b48,gs04r3b48,gs04r3b48,gs04r3b48,gs04r3b48,gs04r3b48,gs04r3b48,gs04r3b48,gs04r3b48,gs04r3b48,gs04r3b48,gs04r3b48,gs04r3b48,gs04r3b48,gs04r3b48,gs04r3b48,gs04r3b48,gs04r3b48,gs04r3b48,gs04r3b48,gs04r3b48,gs04r3b48,gs04r3b48,gs04r3b48,gs04r3b48,gs04r3b48,gs04r3b48,gs04r3b48,gs04r3b48,gs04r3b48,gs04r3b48,gs04r3b48,gs04r3b48,gs04r3b48,gs04r3b48,gs04r3b48,gs04r3b48,gs04r3b48,gs04r3b48,gs04r3b48,gs04r3b48,gs04r3b48,gs04r3b48,gs04r3b48,gs04r3b48,gs04r3b48,gs04r3b48,gs04r3b48,gs04r3b48,gs04r3b48,gs04r3b48,gs04r3b48,gs04r3b48,gs04r3b48,gs04r3b48,gs04r3b48,gs04r3b48,gs04r3b48,gs04r3b48,gs04r3b48,gs04r3b48,gs04r3b48,gs04r3b48,gs04r3b48,gs04r3b48,gs04r3b48,gs04r3b48,gs04r3b48,gs04r3b48,gs04r3b48,gs04r3b48,gs04r3b48,gs04r3b48,gs04r3b48,gs04r3b48,gs04r3b48,gs04r3b48,gs04r3b48,gs04r3b48,gs04r3b49,gs04r3b49,gs04r3b49,gs04r3b49,gs04r3b49,gs04r3b49,gs04r3b49,gs04r3b49,gs04r3b49,gs04r3b49,gs04r3b49,gs04r3b49,gs04r3b49,gs04r3b49,gs04r3b49,gs04r3b49,gs04r3b49,gs04r3b49,gs04r3b49,gs04r3b49,gs04r3b49,gs04r3b49,gs04r3b49,gs04r3b49,gs04r3b49,gs04r3b49,gs04r3b49,gs04r3b49,gs04r3b49,gs04r3b49,gs04r3b49,gs04r3b49,gs04r3b49,gs04r3b49,gs04r3b49,gs04r3b49,gs04r3b49,gs04r3b49,gs04r3b49,gs04r3b49,gs04r3b49,gs04r3b49,gs04r3b49,gs04r3b49,gs04r3b49,gs04r3b49,gs04r3b49,gs04r3b49,gs04r3b49,gs04r3b49,gs04r3b49,gs04r3b49,gs04r3b49,gs04r3b49,gs04r3b49,gs04r3b49,gs04r3b49,gs04r3b49,gs04r3b49,gs04r3b49,gs04r3b49,gs04r3b49,gs04r3b49,gs04r3b49,gs04r3b49,gs04r3b49,gs04r3b49,gs04r3b49,gs04r3b49,gs04r3b49,gs04r3b49,gs04r3b49,gs04r3b49,gs04r3b49,gs04r3b49,gs04r3b49,gs04r3b49,gs04r3b49,gs04r3b49,gs04r3b49,gs04r3b49,gs04r3b49,gs04r3b49,gs04r3b49,gs04r3b49,gs04r3b49,gs04r3b49,gs04r3b49,gs04r3b49,gs04r3b49,gs04r3b49,gs04r3b49,gs04r3b49,gs04r3b49,gs04r3b49,gs04r3b49,gs04r3b49,gs04r3b49,gs04r3b49,gs04r3b49,gs04r3b49,gs04r3b49,gs04r3b49,gs04r3b49,gs04r3b49,gs04r3b49,gs04r3b49,gs04r3b49,gs04r3b49,gs04r3b49,gs04r3b49,gs04r3b49,gs04r3b50,gs04r3b50,gs04r3b50,gs04r3b50,gs04r3b50,gs04r3b50,gs04r3b50,gs04r3b50,gs04r3b50,gs04r3b50,gs04r3b50,gs04r3b50,gs04r3b50,gs04r3b50,gs04r3b50,gs04r3b50,gs04r3b50,gs04r3b50,gs04r3b50,gs04r3b50,gs04r3b50,gs04r3b50,gs04r3b50,gs04r3b50,gs04r3b50,gs04r3b50,gs04r3b50,gs04r3b50,gs04r3b50,gs04r3b50,gs04r3b50,gs04r3b50,gs04r3b50,gs04r3b50,gs04r3b50,gs04r3b50,gs04r3b50,gs04r3b50,gs04r3b50,gs04r3b50,gs04r3b50,gs04r3b50,gs04r3b50,gs04r3b50,gs04r3b50,gs04r3b50,gs04r3b50,gs04r3b50,gs04r3b50,gs04r3b50,gs04r3b50,gs04r3b50,gs04r3b50,gs04r3b50,gs04r3b50,gs04r3b50,gs04r3b50,gs04r3b50,gs04r3b50,gs04r3b50,gs04r3b50,gs04r3b50,gs04r3b50,gs04r3b50,gs04r3b50,gs04r3b50,gs04r3b50,gs04r3b50,gs04r3b50,gs04r3b50,gs04r3b50,gs04r3b50,gs04r3b50,gs04r3b50,gs04r3b50,gs04r3b50,gs04r3b50,gs04r3b50,gs04r3b50,gs04r3b50,gs04r3b50,gs04r3b50,gs04r3b50,gs04r3b50,gs04r3b50,gs04r3b50,gs04r3b50,gs04r3b50,gs04r3b50,gs04r3b50,gs04r3b50,gs04r3b50,gs04r3b50,gs04r3b50,gs04r3b50,gs04r3b50,gs04r3b50,gs04r3b50,gs04r3b50,gs04r3b50,gs04r3b50,gs04r3b50,gs04r3b50,gs04r3b50,gs04r3b50,gs04r3b50,gs04r3b50,gs04r3b50,gs04r3b50,gs04r3b50,gs04r3b50,gs04r3b50,gs04r3b51,gs04r3b51,gs04r3b51,gs04r3b51,gs04r3b51,gs04r3b51,gs04r3b51,gs04r3b51,gs04r3b51,gs04r3b51,gs04r3b51,gs04r3b51,gs04r3b51,gs04r3b51,gs04r3b51,gs04r3b51,gs04r3b51,gs04r3b51,gs04r3b51,gs04r3b51,gs04r3b51,gs04r3b51,gs04r3b51,gs04r3b51,gs04r3b51,gs04r3b51,gs04r3b51,gs04r3b51,gs04r3b51,gs04r3b51,gs04r3b51,gs04r3b51,gs04r3b51,gs04r3b51,gs04r3b51,gs04r3b51,gs04r3b51,gs04r3b51,gs04r3b51,gs04r3b51,gs04r3b51,gs04r3b51,gs04r3b51,gs04r3b51,gs04r3b51,gs04r3b51,gs04r3b51,gs04r3b51,gs04r3b51,gs04r3b51,gs04r3b51,gs04r3b51,gs04r3b51,gs04r3b51,gs04r3b51,gs04r3b51,gs04r3b51,gs04r3b51,gs04r3b51,gs04r3b51,gs04r3b51,gs04r3b51,gs04r3b51,gs04r3b51,gs04r3b51,gs04r3b51,gs04r3b51,gs04r3b51,gs04r3b51,gs04r3b51,gs04r3b51,gs04r3b51,gs04r3b51,gs04r3b51,gs04r3b51,gs04r3b51,gs04r3b51,gs04r3b51,gs04r3b51,gs04r3b51,gs04r3b51,gs04r3b51,gs04r3b51,gs04r3b51,gs04r3b51,gs04r3b51,gs04r3b51,gs04r3b51,gs04r3b51,gs04r3b51,gs04r3b51,gs04r3b51,gs04r3b51,gs04r3b51,gs04r3b51,gs04r3b51,gs04r3b51,gs04r3b51,gs04r3b51,gs04r3b51,gs04r3b51,gs04r3b51,gs04r3b51,gs04r3b51,gs04r3b51,gs04r3b51,gs04r3b51,gs04r3b51,gs04r3b51,gs04r3b51,gs04r3b51,gs04r3b51,gs04r3b52,gs04r3b52,gs04r3b52,gs04r3b52,gs04r3b52,gs04r3b52,gs04r3b52,gs04r3b52,gs04r3b52,gs04r3b52,gs04r3b52,gs04r3b52,gs04r3b52,gs04r3b52,gs04r3b52,gs04r3b52,gs04r3b52,gs04r3b52,gs04r3b52,gs04r3b52,gs04r3b52,gs04r3b52,gs04r3b52,gs04r3b52,gs04r3b52,gs04r3b52,gs04r3b52,gs04r3b52,gs04r3b52,gs04r3b52,gs04r3b52,gs04r3b52,gs04r3b52,gs04r3b52,gs04r3b52,gs04r3b52,gs04r3b52,gs04r3b52,gs04r3b52,gs04r3b52,gs04r3b52,gs04r3b52,gs04r3b52,gs04r3b52,gs04r3b52,gs04r3b52,gs04r3b52,gs04r3b52,gs04r3b52,gs04r3b52,gs04r3b52,gs04r3b52,gs04r3b52,gs04r3b52,gs04r3b52,gs04r3b52,gs04r3b52,gs04r3b52,gs04r3b52,gs04r3b52,gs04r3b52,gs04r3b52,gs04r3b52,gs04r3b52,gs04r3b52,gs04r3b52,gs04r3b52,gs04r3b52,gs04r3b52,gs04r3b52,gs04r3b52,gs04r3b52,gs04r3b52,gs04r3b52,gs04r3b52,gs04r3b52,gs04r3b52,gs04r3b52,gs04r3b52,gs04r3b52,gs04r3b52,gs04r3b52,gs04r3b52,gs04r3b52,gs04r3b52,gs04r3b52,gs04r3b52,gs04r3b52,gs04r3b52,gs04r3b52,gs04r3b52,gs04r3b52,gs04r3b52,gs04r3b52,gs04r3b52,gs04r3b52,gs04r3b52,gs04r3b52,gs04r3b52,gs04r3b52,gs04r3b52,gs04r3b52,gs04r3b52,gs04r3b52,gs04r3b52,gs04r3b52,gs04r3b52,gs04r3b52,gs04r3b52,gs04r3b52,gs04r3b52,gs04r3b52,gs04r3b66,gs04r3b66,gs04r3b66,gs04r3b66,gs04r3b66,gs04r3b66,gs04r3b66,gs04r3b66,gs04r3b66,gs04r3b66,gs04r3b66,gs04r3b66,gs04r3b66,gs04r3b66,gs04r3b66,gs04r3b66,gs04r3b66,gs04r3b66,gs04r3b66,gs04r3b66,gs04r3b66,gs04r3b66,gs04r3b66,gs04r3b66,gs04r3b66,gs04r3b66,gs04r3b66,gs04r3b66,gs04r3b66,gs04r3b66,gs04r3b66,gs04r3b66,gs04r3b66,gs04r3b66,gs04r3b66,gs04r3b66,gs04r3b66,gs04r3b66,gs04r3b66,gs04r3b66,gs04r3b66,gs04r3b66,gs04r3b66,gs04r3b66,gs04r3b66,gs04r3b66,gs04r3b66,gs04r3b66,gs04r3b66,gs04r3b66,gs04r3b66,gs04r3b66,gs04r3b66,gs04r3b66,gs04r3b66,gs04r3b66,gs04r3b66,gs04r3b66,gs04r3b66,gs04r3b66,gs04r3b66,gs04r3b66,gs04r3b66,gs04r3b66,gs04r3b66,gs04r3b66,gs04r3b66,gs04r3b66,gs04r3b66,gs04r3b66,gs04r3b66,gs04r3b66,gs04r3b66,gs04r3b66,gs04r3b66,gs04r3b66,gs04r3b66,gs04r3b66,gs04r3b66,gs04r3b66,gs04r3b66,gs04r3b66,gs04r3b66,gs04r3b66,gs04r3b66,gs04r3b66,gs04r3b66,gs04r3b66,gs04r3b66,gs04r3b66,gs04r3b66,gs04r3b66,gs04r3b66,gs04r3b66,gs04r3b66,gs04r3b66,gs04r3b66,gs04r3b66,gs04r3b66,gs04r3b66,gs04r3b66,gs04r3b66,gs04r3b66,gs04r3b66,gs04r3b66,gs04r3b66,gs04r3b66,gs04r3b66,gs04r3b66,gs04r3b66,gs04r3b66,gs04r3b66,
Run 0 starts
[mpiexec@gs03r2b22] MNV cleaning
[mpiexec@gs03r2b22] MNV cleaning
[mpiexec@gs03r2b22] MNV cleaning
[mpiexec@gs03r2b22] MNV cleaning
Run 0 ends
Run 1 starts
[mpiexec@gs03r2b22] MNV cleaning
[mpiexec@gs03r2b22] MNV cleaning
[mpiexec@gs03r2b22] MNV cleaning
[mpiexec@gs03r2b22] MNV cleaning
Run 1 ends
Run 2 starts
[mpiexec@gs03r2b22] MNV cleaning
[mpiexec@gs03r2b22] MNV cleaning
[mpiexec@gs03r2b22] MNV cleaning
[mpiexec@gs03r2b22] MNV cleaning
Run 2 ends
Run 3 starts
[mpiexec@gs03r2b22] MNV cleaning
[mpiexec@gs03r2b22] MNV cleaning
[mpiexec@gs03r2b22] MNV cleaning
[mpiexec@gs03r2b22] MNV cleaning
Run 3 ends
Run 4 starts
[mpiexec@gs03r2b22] MNV cleaning
[mpiexec@gs03r2b22] MNV cleaning
[mpiexec@gs03r2b22] MNV cleaning
[mpiexec@gs03r2b22] MNV cleaning
Run 4 ends
Run 5 starts
[mpiexec@gs03r2b22] MNV cleaning
[mpiexec@gs03r2b22] MNV cleaning
[mpiexec@gs03r2b22] MNV cleaning
[mpiexec@gs03r2b22] MNV cleaning
Run 5 ends
Run 6 starts
[mpiexec@gs03r2b22] MNV cleaning
[mpiexec@gs03r2b22] MNV cleaning
[mpiexec@gs03r2b22] MNV cleaning
[mpiexec@gs03r2b22] MNV cleaning
Run 6 ends
Run 7 starts
[mpiexec@gs03r2b22] MNV cleaning
[mpiexec@gs03r2b22] MNV cleaning
[mpiexec@gs03r2b22] MNV cleaning
[mpiexec@gs03r2b22] MNV cleaning
Run 7 ends
Run 8 starts
[mpiexec@gs03r2b22] MNV cleaning
[mpiexec@gs03r2b22] MNV cleaning
[mpiexec@gs03r2b22] MNV cleaning
[mpiexec@gs03r2b22] MNV cleaning
Run 8 ends
Run 9 starts
[mpiexec@gs03r2b22] MNV cleaning
[mpiexec@gs03r2b22] MNV cleaning
[mpiexec@gs03r2b22] MNV cleaning
[mpiexec@gs03r2b22] MNV cleaning
Run 9 ends
Run 10 starts
[mpiexec@gs03r2b22] MNV cleaning
[mpiexec@gs03r2b22] MNV cleaning
[mpiexec@gs03r2b22] MNV cleaning
[mpiexec@gs03r2b22] MNV cleaning
Run 10 ends
Run 11 starts
[mpiexec@gs03r2b22] MNV cleaning
[mpiexec@gs03r2b22] MNV cleaning
[mpiexec@gs03r2b22] MNV cleaning
[mpiexec@gs03r2b22] MNV cleaning
Run 11 ends
Run 12 starts
[mpiexec@gs03r2b22] MNV cleaning
[mpiexec@gs03r2b22] MNV cleaning
[mpiexec@gs03r2b22] MNV cleaning
[mpiexec@gs03r2b22] MNV cleaning
Run 12 ends
Run 13 starts
[mpiexec@gs03r2b22] MNV cleaning
[mpiexec@gs03r2b22] MNV cleaning
[mpiexec@gs03r2b22] MNV cleaning
[mpiexec@gs03r2b22] MNV cleaning
Run 13 ends
Run 14 starts
[mpiexec@gs03r2b22] MNV cleaning
[mpiexec@gs03r2b22] MNV cleaning
[mpiexec@gs03r2b22] MNV cleaning
[mpiexec@gs03r2b22] MNV cleaning
Run 14 ends
Run 15 starts
[mpiexec@gs03r2b22] MNV cleaning
[mpiexec@gs03r2b22] MNV cleaning
[mpiexec@gs03r2b22] MNV cleaning
[mpiexec@gs03r2b22] MNV cleaning
Run 15 ends
Run 16 starts
[mpiexec@gs03r2b22] MNV cleaning
[mpiexec@gs03r2b22] MNV cleaning
[mpiexec@gs03r2b22] MNV cleaning
[mpiexec@gs03r2b22] MNV cleaning
Run 16 ends
Run 17 starts
[mpiexec@gs03r2b22] MNV cleaning
[mpiexec@gs03r2b22] MNV cleaning
[mpiexec@gs03r2b22] MNV cleaning
[mpiexec@gs03r2b22] MNV cleaning
Run 17 ends
Run 18 starts
[mpiexec@gs03r2b22] MNV cleaning
[mpiexec@gs03r2b22] MNV cleaning
[mpiexec@gs03r2b22] MNV cleaning
[mpiexec@gs03r2b22] MNV cleaning
Run 18 ends
Run 19 starts
[mpiexec@gs03r2b22] MNV cleaning
[mpiexec@gs03r2b22] MNV cleaning
[mpiexec@gs03r2b22] MNV cleaning
[mpiexec@gs03r2b22] MNV cleaning
Run 19 ends
END TEST
