START TEST P=gpp
./config107.ini 0 107 20
/home/bsc/bsc359796/Instalaciones/mpich-4.2.0-ofi/bin/mpirun
Nodes=gs12r3b[28-29,36,42-43,48,50,56] - Starting hostlist=gs12r3b28,gs12r3b28,gs12r3b28,gs12r3b28,gs12r3b28,gs12r3b28,gs12r3b28,gs12r3b28,gs12r3b28,gs12r3b28,gs12r3b28,gs12r3b28,gs12r3b28,gs12r3b28,gs12r3b28,gs12r3b28,gs12r3b28,gs12r3b28,gs12r3b28,gs12r3b28,gs12r3b28,gs12r3b28,gs12r3b28,gs12r3b28,gs12r3b28,gs12r3b28,gs12r3b28,gs12r3b28,gs12r3b28,gs12r3b28,gs12r3b28,gs12r3b28,gs12r3b28,gs12r3b28,gs12r3b28,gs12r3b28,gs12r3b28,gs12r3b28,gs12r3b28,gs12r3b28,gs12r3b28,gs12r3b28,gs12r3b28,gs12r3b28,gs12r3b28,gs12r3b28,gs12r3b28,gs12r3b28,gs12r3b28,gs12r3b28,gs12r3b28,gs12r3b28,gs12r3b28,gs12r3b28,gs12r3b28,gs12r3b28,gs12r3b28,gs12r3b28,gs12r3b28,gs12r3b28,gs12r3b28,gs12r3b28,gs12r3b28,gs12r3b28,gs12r3b28,gs12r3b28,gs12r3b28,gs12r3b28,gs12r3b28,gs12r3b28,gs12r3b28,gs12r3b28,gs12r3b28,gs12r3b28,gs12r3b28,gs12r3b28,gs12r3b28,gs12r3b28,gs12r3b28,gs12r3b28,gs12r3b28,gs12r3b28,gs12r3b28,gs12r3b28,gs12r3b28,gs12r3b28,gs12r3b28,gs12r3b28,gs12r3b28,gs12r3b28,gs12r3b28,gs12r3b28,gs12r3b28,gs12r3b28,gs12r3b28,gs12r3b28,gs12r3b28,gs12r3b28,gs12r3b28,gs12r3b28,gs12r3b28,gs12r3b28,gs12r3b28,gs12r3b28,gs12r3b28,gs12r3b28,gs12r3b28,gs12r3b28,gs12r3b28,gs12r3b28,gs12r3b28,gs12r3b28,gs12r3b29,gs12r3b29,gs12r3b29,gs12r3b29,gs12r3b29,gs12r3b29,gs12r3b29,gs12r3b29,gs12r3b29,gs12r3b29,gs12r3b29,gs12r3b29,gs12r3b29,gs12r3b29,gs12r3b29,gs12r3b29,gs12r3b29,gs12r3b29,gs12r3b29,gs12r3b29,gs12r3b29,gs12r3b29,gs12r3b29,gs12r3b29,gs12r3b29,gs12r3b29,gs12r3b29,gs12r3b29,gs12r3b29,gs12r3b29,gs12r3b29,gs12r3b29,gs12r3b29,gs12r3b29,gs12r3b29,gs12r3b29,gs12r3b29,gs12r3b29,gs12r3b29,gs12r3b29,gs12r3b29,gs12r3b29,gs12r3b29,gs12r3b29,gs12r3b29,gs12r3b29,gs12r3b29,gs12r3b29,gs12r3b29,gs12r3b29,gs12r3b29,gs12r3b29,gs12r3b29,gs12r3b29,gs12r3b29,gs12r3b29,gs12r3b29,gs12r3b29,gs12r3b29,gs12r3b29,gs12r3b29,gs12r3b29,gs12r3b29,gs12r3b29,gs12r3b29,gs12r3b29,gs12r3b29,gs12r3b29,gs12r3b29,gs12r3b29,gs12r3b29,gs12r3b29,gs12r3b29,gs12r3b29,gs12r3b29,gs12r3b29,gs12r3b29,gs12r3b29,gs12r3b29,gs12r3b29,gs12r3b29,gs12r3b29,gs12r3b29,gs12r3b29,gs12r3b29,gs12r3b29,gs12r3b29,gs12r3b29,gs12r3b29,gs12r3b29,gs12r3b29,gs12r3b29,gs12r3b29,gs12r3b29,gs12r3b29,gs12r3b29,gs12r3b29,gs12r3b29,gs12r3b29,gs12r3b29,gs12r3b29,gs12r3b29,gs12r3b29,gs12r3b29,gs12r3b29,gs12r3b29,gs12r3b29,gs12r3b29,gs12r3b29,gs12r3b29,gs12r3b29,gs12r3b29,gs12r3b36,gs12r3b36,gs12r3b36,gs12r3b36,gs12r3b36,gs12r3b36,gs12r3b36,gs12r3b36,gs12r3b36,gs12r3b36,gs12r3b36,gs12r3b36,gs12r3b36,gs12r3b36,gs12r3b36,gs12r3b36,gs12r3b36,gs12r3b36,gs12r3b36,gs12r3b36,gs12r3b36,gs12r3b36,gs12r3b36,gs12r3b36,gs12r3b36,gs12r3b36,gs12r3b36,gs12r3b36,gs12r3b36,gs12r3b36,gs12r3b36,gs12r3b36,gs12r3b36,gs12r3b36,gs12r3b36,gs12r3b36,gs12r3b36,gs12r3b36,gs12r3b36,gs12r3b36,gs12r3b36,gs12r3b36,gs12r3b36,gs12r3b36,gs12r3b36,gs12r3b36,gs12r3b36,gs12r3b36,gs12r3b36,gs12r3b36,gs12r3b36,gs12r3b36,gs12r3b36,gs12r3b36,gs12r3b36,gs12r3b36,gs12r3b36,gs12r3b36,gs12r3b36,gs12r3b36,gs12r3b36,gs12r3b36,gs12r3b36,gs12r3b36,gs12r3b36,gs12r3b36,gs12r3b36,gs12r3b36,gs12r3b36,gs12r3b36,gs12r3b36,gs12r3b36,gs12r3b36,gs12r3b36,gs12r3b36,gs12r3b36,gs12r3b36,gs12r3b36,gs12r3b36,gs12r3b36,gs12r3b36,gs12r3b36,gs12r3b36,gs12r3b36,gs12r3b36,gs12r3b36,gs12r3b36,gs12r3b36,gs12r3b36,gs12r3b36,gs12r3b36,gs12r3b36,gs12r3b36,gs12r3b36,gs12r3b36,gs12r3b36,gs12r3b36,gs12r3b36,gs12r3b36,gs12r3b36,gs12r3b36,gs12r3b36,gs12r3b36,gs12r3b36,gs12r3b36,gs12r3b36,gs12r3b36,gs12r3b36,gs12r3b36,gs12r3b36,gs12r3b36,gs12r3b36,gs12r3b42,gs12r3b42,gs12r3b42,gs12r3b42,gs12r3b42,gs12r3b42,gs12r3b42,gs12r3b42,gs12r3b42,gs12r3b42,gs12r3b42,gs12r3b42,gs12r3b42,gs12r3b42,gs12r3b42,gs12r3b42,gs12r3b42,gs12r3b42,gs12r3b42,gs12r3b42,gs12r3b42,gs12r3b42,gs12r3b42,gs12r3b42,gs12r3b42,gs12r3b42,gs12r3b42,gs12r3b42,gs12r3b42,gs12r3b42,gs12r3b42,gs12r3b42,gs12r3b42,gs12r3b42,gs12r3b42,gs12r3b42,gs12r3b42,gs12r3b42,gs12r3b42,gs12r3b42,gs12r3b42,gs12r3b42,gs12r3b42,gs12r3b42,gs12r3b42,gs12r3b42,gs12r3b42,gs12r3b42,gs12r3b42,gs12r3b42,gs12r3b42,gs12r3b42,gs12r3b42,gs12r3b42,gs12r3b42,gs12r3b42,gs12r3b42,gs12r3b42,gs12r3b42,gs12r3b42,gs12r3b42,gs12r3b42,gs12r3b42,gs12r3b42,gs12r3b42,gs12r3b42,gs12r3b42,gs12r3b42,gs12r3b42,gs12r3b42,gs12r3b42,gs12r3b42,gs12r3b42,gs12r3b42,gs12r3b42,gs12r3b42,gs12r3b42,gs12r3b42,gs12r3b42,gs12r3b42,gs12r3b42,gs12r3b42,gs12r3b42,gs12r3b42,gs12r3b42,gs12r3b42,gs12r3b42,gs12r3b42,gs12r3b42,gs12r3b42,gs12r3b42,gs12r3b42,gs12r3b42,gs12r3b42,gs12r3b42,gs12r3b42,gs12r3b42,gs12r3b42,gs12r3b42,gs12r3b42,gs12r3b42,gs12r3b42,gs12r3b42,gs12r3b42,gs12r3b42,gs12r3b42,gs12r3b42,gs12r3b42,gs12r3b42,gs12r3b42,gs12r3b42,gs12r3b42,gs12r3b43,gs12r3b43,gs12r3b43,gs12r3b43,gs12r3b43,gs12r3b43,gs12r3b43,gs12r3b43,gs12r3b43,gs12r3b43,gs12r3b43,gs12r3b43,gs12r3b43,gs12r3b43,gs12r3b43,gs12r3b43,gs12r3b43,gs12r3b43,gs12r3b43,gs12r3b43,gs12r3b43,gs12r3b43,gs12r3b43,gs12r3b43,gs12r3b43,gs12r3b43,gs12r3b43,gs12r3b43,gs12r3b43,gs12r3b43,gs12r3b43,gs12r3b43,gs12r3b43,gs12r3b43,gs12r3b43,gs12r3b43,gs12r3b43,gs12r3b43,gs12r3b43,gs12r3b43,gs12r3b43,gs12r3b43,gs12r3b43,gs12r3b43,gs12r3b43,gs12r3b43,gs12r3b43,gs12r3b43,gs12r3b43,gs12r3b43,gs12r3b43,gs12r3b43,gs12r3b43,gs12r3b43,gs12r3b43,gs12r3b43,gs12r3b43,gs12r3b43,gs12r3b43,gs12r3b43,gs12r3b43,gs12r3b43,gs12r3b43,gs12r3b43,gs12r3b43,gs12r3b43,gs12r3b43,gs12r3b43,gs12r3b43,gs12r3b43,gs12r3b43,gs12r3b43,gs12r3b43,gs12r3b43,gs12r3b43,gs12r3b43,gs12r3b43,gs12r3b43,gs12r3b43,gs12r3b43,gs12r3b43,gs12r3b43,gs12r3b43,gs12r3b43,gs12r3b43,gs12r3b43,gs12r3b43,gs12r3b43,gs12r3b43,gs12r3b43,gs12r3b43,gs12r3b43,gs12r3b43,gs12r3b43,gs12r3b43,gs12r3b43,gs12r3b43,gs12r3b43,gs12r3b43,gs12r3b43,gs12r3b43,gs12r3b43,gs12r3b43,gs12r3b43,gs12r3b43,gs12r3b43,gs12r3b43,gs12r3b43,gs12r3b43,gs12r3b43,gs12r3b43,gs12r3b43,gs12r3b48,gs12r3b48,gs12r3b48,gs12r3b48,gs12r3b48,gs12r3b48,gs12r3b48,gs12r3b48,gs12r3b48,gs12r3b48,gs12r3b48,gs12r3b48,gs12r3b48,gs12r3b48,gs12r3b48,gs12r3b48,gs12r3b48,gs12r3b48,gs12r3b48,gs12r3b48,gs12r3b48,gs12r3b48,gs12r3b48,gs12r3b48,gs12r3b48,gs12r3b48,gs12r3b48,gs12r3b48,gs12r3b48,gs12r3b48,gs12r3b48,gs12r3b48,gs12r3b48,gs12r3b48,gs12r3b48,gs12r3b48,gs12r3b48,gs12r3b48,gs12r3b48,gs12r3b48,gs12r3b48,gs12r3b48,gs12r3b48,gs12r3b48,gs12r3b48,gs12r3b48,gs12r3b48,gs12r3b48,gs12r3b48,gs12r3b48,gs12r3b48,gs12r3b48,gs12r3b48,gs12r3b48,gs12r3b48,gs12r3b48,gs12r3b48,gs12r3b48,gs12r3b48,gs12r3b48,gs12r3b48,gs12r3b48,gs12r3b48,gs12r3b48,gs12r3b48,gs12r3b48,gs12r3b48,gs12r3b48,gs12r3b48,gs12r3b48,gs12r3b48,gs12r3b48,gs12r3b48,gs12r3b48,gs12r3b48,gs12r3b48,gs12r3b48,gs12r3b48,gs12r3b48,gs12r3b48,gs12r3b48,gs12r3b48,gs12r3b48,gs12r3b48,gs12r3b48,gs12r3b48,gs12r3b48,gs12r3b48,gs12r3b48,gs12r3b48,gs12r3b48,gs12r3b48,gs12r3b48,gs12r3b48,gs12r3b48,gs12r3b48,gs12r3b48,gs12r3b48,gs12r3b48,gs12r3b48,gs12r3b48,gs12r3b48,gs12r3b48,gs12r3b48,gs12r3b48,gs12r3b48,gs12r3b48,gs12r3b48,gs12r3b48,gs12r3b48,gs12r3b48,gs12r3b48,gs12r3b50,gs12r3b50,gs12r3b50,gs12r3b50,gs12r3b50,gs12r3b50,gs12r3b50,gs12r3b50,gs12r3b50,gs12r3b50,gs12r3b50,gs12r3b50,gs12r3b50,gs12r3b50,gs12r3b50,gs12r3b50,gs12r3b50,gs12r3b50,gs12r3b50,gs12r3b50,gs12r3b50,gs12r3b50,gs12r3b50,gs12r3b50,gs12r3b50,gs12r3b50,gs12r3b50,gs12r3b50,gs12r3b50,gs12r3b50,gs12r3b50,gs12r3b50,gs12r3b50,gs12r3b50,gs12r3b50,gs12r3b50,gs12r3b50,gs12r3b50,gs12r3b50,gs12r3b50,gs12r3b50,gs12r3b50,gs12r3b50,gs12r3b50,gs12r3b50,gs12r3b50,gs12r3b50,gs12r3b50,gs12r3b50,gs12r3b50,gs12r3b50,gs12r3b50,gs12r3b50,gs12r3b50,gs12r3b50,gs12r3b50,gs12r3b50,gs12r3b50,gs12r3b50,gs12r3b50,gs12r3b50,gs12r3b50,gs12r3b50,gs12r3b50,gs12r3b50,gs12r3b50,gs12r3b50,gs12r3b50,gs12r3b50,gs12r3b50,gs12r3b50,gs12r3b50,gs12r3b50,gs12r3b50,gs12r3b50,gs12r3b50,gs12r3b50,gs12r3b50,gs12r3b50,gs12r3b50,gs12r3b50,gs12r3b50,gs12r3b50,gs12r3b50,gs12r3b50,gs12r3b50,gs12r3b50,gs12r3b50,gs12r3b50,gs12r3b50,gs12r3b50,gs12r3b50,gs12r3b50,gs12r3b50,gs12r3b50,gs12r3b50,gs12r3b50,gs12r3b50,gs12r3b50,gs12r3b50,gs12r3b50,gs12r3b50,gs12r3b50,gs12r3b50,gs12r3b50,gs12r3b50,gs12r3b50,gs12r3b50,gs12r3b50,gs12r3b50,gs12r3b50,gs12r3b50,gs12r3b56,gs12r3b56,gs12r3b56,gs12r3b56,gs12r3b56,gs12r3b56,gs12r3b56,gs12r3b56,gs12r3b56,gs12r3b56,gs12r3b56,gs12r3b56,gs12r3b56,gs12r3b56,gs12r3b56,gs12r3b56,gs12r3b56,gs12r3b56,gs12r3b56,gs12r3b56,gs12r3b56,gs12r3b56,gs12r3b56,gs12r3b56,gs12r3b56,gs12r3b56,gs12r3b56,gs12r3b56,gs12r3b56,gs12r3b56,gs12r3b56,gs12r3b56,gs12r3b56,gs12r3b56,gs12r3b56,gs12r3b56,gs12r3b56,gs12r3b56,gs12r3b56,gs12r3b56,gs12r3b56,gs12r3b56,gs12r3b56,gs12r3b56,gs12r3b56,gs12r3b56,gs12r3b56,gs12r3b56,gs12r3b56,gs12r3b56,gs12r3b56,gs12r3b56,gs12r3b56,gs12r3b56,gs12r3b56,gs12r3b56,gs12r3b56,gs12r3b56,gs12r3b56,gs12r3b56,gs12r3b56,gs12r3b56,gs12r3b56,gs12r3b56,gs12r3b56,gs12r3b56,gs12r3b56,gs12r3b56,gs12r3b56,gs12r3b56,gs12r3b56,gs12r3b56,gs12r3b56,gs12r3b56,gs12r3b56,gs12r3b56,gs12r3b56,gs12r3b56,gs12r3b56,gs12r3b56,gs12r3b56,gs12r3b56,gs12r3b56,gs12r3b56,gs12r3b56,gs12r3b56,gs12r3b56,gs12r3b56,gs12r3b56,gs12r3b56,gs12r3b56,gs12r3b56,gs12r3b56,gs12r3b56,gs12r3b56,gs12r3b56,gs12r3b56,gs12r3b56,gs12r3b56,gs12r3b56,gs12r3b56,gs12r3b56,gs12r3b56,gs12r3b56,gs12r3b56,gs12r3b56,gs12r3b56,gs12r3b56,gs12r3b56,gs12r3b56,gs12r3b56,gs12r3b56,
Run 0 starts
Warning: Permanently added 'gs12r3b36' (ED25519) to the list of known hosts.
Warning: Permanently added 'gs12r3b43' (ED25519) to the list of known hosts.
Warning: Permanently added 'gs12r3b42' (ED25519) to the list of known hosts.
Warning: Permanently added 'gs12r3b48' (ED25519) to the list of known hosts.
Warning: Permanently added 'gs12r3b56' (ED25519) to the list of known hosts.
Run 0 ends
Run 1 starts
Run 1 ends
Run 2 starts
Run 2 ends
Run 3 starts
Run 3 ends
Run 4 starts
Run 4 ends
Run 5 starts
Run 5 ends
Run 6 starts
Run 6 ends
Run 7 starts
Run 7 ends
Run 8 starts
Run 8 ends
Run 9 starts
Run 9 ends
Run 10 starts
Run 10 ends
Run 11 starts
Run 11 ends
Run 12 starts
Run 12 ends
Run 13 starts
Run 13 ends
Run 14 starts
Run 14 ends
Run 15 starts
Run 15 ends
Run 16 starts
Run 16 ends
Run 17 starts
Run 17 ends
Run 18 starts
Run 18 ends
Run 19 starts
Run 19 ends
END TEST
