START TEST P=gpp
./config57.ini 0 57 20
/home/bsc/bsc359796/Instalaciones/mpich-4.2.0-ofi/bin/mpirun
Nodes=gs09r3b[06,08-13,18-19,21,23,37,40,43,46,53] - Starting hostlist=gs09r3b06,gs09r3b06,gs09r3b06,gs09r3b06,gs09r3b06,gs09r3b06,gs09r3b06,gs09r3b06,gs09r3b06,gs09r3b06,gs09r3b06,gs09r3b06,gs09r3b06,gs09r3b06,gs09r3b06,gs09r3b06,gs09r3b06,gs09r3b06,gs09r3b06,gs09r3b06,gs09r3b06,gs09r3b06,gs09r3b06,gs09r3b06,gs09r3b06,gs09r3b06,gs09r3b06,gs09r3b06,gs09r3b06,gs09r3b06,gs09r3b06,gs09r3b06,gs09r3b06,gs09r3b06,gs09r3b06,gs09r3b06,gs09r3b06,gs09r3b06,gs09r3b06,gs09r3b06,gs09r3b06,gs09r3b06,gs09r3b06,gs09r3b06,gs09r3b06,gs09r3b06,gs09r3b06,gs09r3b06,gs09r3b06,gs09r3b06,gs09r3b06,gs09r3b06,gs09r3b06,gs09r3b06,gs09r3b06,gs09r3b06,gs09r3b06,gs09r3b06,gs09r3b06,gs09r3b06,gs09r3b06,gs09r3b06,gs09r3b06,gs09r3b06,gs09r3b06,gs09r3b06,gs09r3b06,gs09r3b06,gs09r3b06,gs09r3b06,gs09r3b06,gs09r3b06,gs09r3b06,gs09r3b06,gs09r3b06,gs09r3b06,gs09r3b06,gs09r3b06,gs09r3b06,gs09r3b06,gs09r3b06,gs09r3b06,gs09r3b06,gs09r3b06,gs09r3b06,gs09r3b06,gs09r3b06,gs09r3b06,gs09r3b06,gs09r3b06,gs09r3b06,gs09r3b06,gs09r3b06,gs09r3b06,gs09r3b06,gs09r3b06,gs09r3b06,gs09r3b06,gs09r3b06,gs09r3b06,gs09r3b06,gs09r3b06,gs09r3b06,gs09r3b06,gs09r3b06,gs09r3b06,gs09r3b06,gs09r3b06,gs09r3b06,gs09r3b06,gs09r3b06,gs09r3b06,gs09r3b08,gs09r3b08,gs09r3b08,gs09r3b08,gs09r3b08,gs09r3b08,gs09r3b08,gs09r3b08,gs09r3b08,gs09r3b08,gs09r3b08,gs09r3b08,gs09r3b08,gs09r3b08,gs09r3b08,gs09r3b08,gs09r3b08,gs09r3b08,gs09r3b08,gs09r3b08,gs09r3b08,gs09r3b08,gs09r3b08,gs09r3b08,gs09r3b08,gs09r3b08,gs09r3b08,gs09r3b08,gs09r3b08,gs09r3b08,gs09r3b08,gs09r3b08,gs09r3b08,gs09r3b08,gs09r3b08,gs09r3b08,gs09r3b08,gs09r3b08,gs09r3b08,gs09r3b08,gs09r3b08,gs09r3b08,gs09r3b08,gs09r3b08,gs09r3b08,gs09r3b08,gs09r3b08,gs09r3b08,gs09r3b08,gs09r3b08,gs09r3b08,gs09r3b08,gs09r3b08,gs09r3b08,gs09r3b08,gs09r3b08,gs09r3b08,gs09r3b08,gs09r3b08,gs09r3b08,gs09r3b08,gs09r3b08,gs09r3b08,gs09r3b08,gs09r3b08,gs09r3b08,gs09r3b08,gs09r3b08,gs09r3b08,gs09r3b08,gs09r3b08,gs09r3b08,gs09r3b08,gs09r3b08,gs09r3b08,gs09r3b08,gs09r3b08,gs09r3b08,gs09r3b08,gs09r3b08,gs09r3b08,gs09r3b08,gs09r3b08,gs09r3b08,gs09r3b08,gs09r3b08,gs09r3b08,gs09r3b08,gs09r3b08,gs09r3b08,gs09r3b08,gs09r3b08,gs09r3b08,gs09r3b08,gs09r3b08,gs09r3b08,gs09r3b08,gs09r3b08,gs09r3b08,gs09r3b08,gs09r3b08,gs09r3b08,gs09r3b08,gs09r3b08,gs09r3b08,gs09r3b08,gs09r3b08,gs09r3b08,gs09r3b08,gs09r3b08,gs09r3b08,gs09r3b08,gs09r3b09,gs09r3b09,gs09r3b09,gs09r3b09,gs09r3b09,gs09r3b09,gs09r3b09,gs09r3b09,gs09r3b09,gs09r3b09,gs09r3b09,gs09r3b09,gs09r3b09,gs09r3b09,gs09r3b09,gs09r3b09,gs09r3b09,gs09r3b09,gs09r3b09,gs09r3b09,gs09r3b09,gs09r3b09,gs09r3b09,gs09r3b09,gs09r3b09,gs09r3b09,gs09r3b09,gs09r3b09,gs09r3b09,gs09r3b09,gs09r3b09,gs09r3b09,gs09r3b09,gs09r3b09,gs09r3b09,gs09r3b09,gs09r3b09,gs09r3b09,gs09r3b09,gs09r3b09,gs09r3b09,gs09r3b09,gs09r3b09,gs09r3b09,gs09r3b09,gs09r3b09,gs09r3b09,gs09r3b09,gs09r3b09,gs09r3b09,gs09r3b09,gs09r3b09,gs09r3b09,gs09r3b09,gs09r3b09,gs09r3b09,gs09r3b09,gs09r3b09,gs09r3b09,gs09r3b09,gs09r3b09,gs09r3b09,gs09r3b09,gs09r3b09,gs09r3b09,gs09r3b09,gs09r3b09,gs09r3b09,gs09r3b09,gs09r3b09,gs09r3b09,gs09r3b09,gs09r3b09,gs09r3b09,gs09r3b09,gs09r3b09,gs09r3b09,gs09r3b09,gs09r3b09,gs09r3b09,gs09r3b09,gs09r3b09,gs09r3b09,gs09r3b09,gs09r3b09,gs09r3b09,gs09r3b09,gs09r3b09,gs09r3b09,gs09r3b09,gs09r3b09,gs09r3b09,gs09r3b09,gs09r3b09,gs09r3b09,gs09r3b09,gs09r3b09,gs09r3b09,gs09r3b09,gs09r3b09,gs09r3b09,gs09r3b09,gs09r3b09,gs09r3b09,gs09r3b09,gs09r3b09,gs09r3b09,gs09r3b09,gs09r3b09,gs09r3b09,gs09r3b09,gs09r3b09,gs09r3b10,gs09r3b10,gs09r3b10,gs09r3b10,gs09r3b10,gs09r3b10,gs09r3b10,gs09r3b10,gs09r3b10,gs09r3b10,gs09r3b10,gs09r3b10,gs09r3b10,gs09r3b10,gs09r3b10,gs09r3b10,gs09r3b10,gs09r3b10,gs09r3b10,gs09r3b10,gs09r3b10,gs09r3b10,gs09r3b10,gs09r3b10,gs09r3b10,gs09r3b10,gs09r3b10,gs09r3b10,gs09r3b10,gs09r3b10,gs09r3b10,gs09r3b10,gs09r3b10,gs09r3b10,gs09r3b10,gs09r3b10,gs09r3b10,gs09r3b10,gs09r3b10,gs09r3b10,gs09r3b10,gs09r3b10,gs09r3b10,gs09r3b10,gs09r3b10,gs09r3b10,gs09r3b10,gs09r3b10,gs09r3b10,gs09r3b10,gs09r3b10,gs09r3b10,gs09r3b10,gs09r3b10,gs09r3b10,gs09r3b10,gs09r3b10,gs09r3b10,gs09r3b10,gs09r3b10,gs09r3b10,gs09r3b10,gs09r3b10,gs09r3b10,gs09r3b10,gs09r3b10,gs09r3b10,gs09r3b10,gs09r3b10,gs09r3b10,gs09r3b10,gs09r3b10,gs09r3b10,gs09r3b10,gs09r3b10,gs09r3b10,gs09r3b10,gs09r3b10,gs09r3b10,gs09r3b10,gs09r3b10,gs09r3b10,gs09r3b10,gs09r3b10,gs09r3b10,gs09r3b10,gs09r3b10,gs09r3b10,gs09r3b10,gs09r3b10,gs09r3b10,gs09r3b10,gs09r3b10,gs09r3b10,gs09r3b10,gs09r3b10,gs09r3b10,gs09r3b10,gs09r3b10,gs09r3b10,gs09r3b10,gs09r3b10,gs09r3b10,gs09r3b10,gs09r3b10,gs09r3b10,gs09r3b10,gs09r3b10,gs09r3b10,gs09r3b10,gs09r3b10,gs09r3b10,gs09r3b11,gs09r3b11,gs09r3b11,gs09r3b11,gs09r3b11,gs09r3b11,gs09r3b11,gs09r3b11,gs09r3b11,gs09r3b11,gs09r3b11,gs09r3b11,gs09r3b11,gs09r3b11,gs09r3b11,gs09r3b11,gs09r3b11,gs09r3b11,gs09r3b11,gs09r3b11,gs09r3b11,gs09r3b11,gs09r3b11,gs09r3b11,gs09r3b11,gs09r3b11,gs09r3b11,gs09r3b11,gs09r3b11,gs09r3b11,gs09r3b11,gs09r3b11,gs09r3b11,gs09r3b11,gs09r3b11,gs09r3b11,gs09r3b11,gs09r3b11,gs09r3b11,gs09r3b11,gs09r3b11,gs09r3b11,gs09r3b11,gs09r3b11,gs09r3b11,gs09r3b11,gs09r3b11,gs09r3b11,gs09r3b11,gs09r3b11,gs09r3b11,gs09r3b11,gs09r3b11,gs09r3b11,gs09r3b11,gs09r3b11,gs09r3b11,gs09r3b11,gs09r3b11,gs09r3b11,gs09r3b11,gs09r3b11,gs09r3b11,gs09r3b11,gs09r3b11,gs09r3b11,gs09r3b11,gs09r3b11,gs09r3b11,gs09r3b11,gs09r3b11,gs09r3b11,gs09r3b11,gs09r3b11,gs09r3b11,gs09r3b11,gs09r3b11,gs09r3b11,gs09r3b11,gs09r3b11,gs09r3b11,gs09r3b11,gs09r3b11,gs09r3b11,gs09r3b11,gs09r3b11,gs09r3b11,gs09r3b11,gs09r3b11,gs09r3b11,gs09r3b11,gs09r3b11,gs09r3b11,gs09r3b11,gs09r3b11,gs09r3b11,gs09r3b11,gs09r3b11,gs09r3b11,gs09r3b11,gs09r3b11,gs09r3b11,gs09r3b11,gs09r3b11,gs09r3b11,gs09r3b11,gs09r3b11,gs09r3b11,gs09r3b11,gs09r3b11,gs09r3b11,gs09r3b11,gs09r3b12,gs09r3b12,gs09r3b12,gs09r3b12,gs09r3b12,gs09r3b12,gs09r3b12,gs09r3b12,gs09r3b12,gs09r3b12,gs09r3b12,gs09r3b12,gs09r3b12,gs09r3b12,gs09r3b12,gs09r3b12,gs09r3b12,gs09r3b12,gs09r3b12,gs09r3b12,gs09r3b12,gs09r3b12,gs09r3b12,gs09r3b12,gs09r3b12,gs09r3b12,gs09r3b12,gs09r3b12,gs09r3b12,gs09r3b12,gs09r3b12,gs09r3b12,gs09r3b12,gs09r3b12,gs09r3b12,gs09r3b12,gs09r3b12,gs09r3b12,gs09r3b12,gs09r3b12,gs09r3b12,gs09r3b12,gs09r3b12,gs09r3b12,gs09r3b12,gs09r3b12,gs09r3b12,gs09r3b12,gs09r3b12,gs09r3b12,gs09r3b12,gs09r3b12,gs09r3b12,gs09r3b12,gs09r3b12,gs09r3b12,gs09r3b12,gs09r3b12,gs09r3b12,gs09r3b12,gs09r3b12,gs09r3b12,gs09r3b12,gs09r3b12,gs09r3b12,gs09r3b12,gs09r3b12,gs09r3b12,gs09r3b12,gs09r3b12,gs09r3b12,gs09r3b12,gs09r3b12,gs09r3b12,gs09r3b12,gs09r3b12,gs09r3b12,gs09r3b12,gs09r3b12,gs09r3b12,gs09r3b12,gs09r3b12,gs09r3b12,gs09r3b12,gs09r3b12,gs09r3b12,gs09r3b12,gs09r3b12,gs09r3b12,gs09r3b12,gs09r3b12,gs09r3b12,gs09r3b12,gs09r3b12,gs09r3b12,gs09r3b12,gs09r3b12,gs09r3b12,gs09r3b12,gs09r3b12,gs09r3b12,gs09r3b12,gs09r3b12,gs09r3b12,gs09r3b12,gs09r3b12,gs09r3b12,gs09r3b12,gs09r3b12,gs09r3b12,gs09r3b12,gs09r3b12,gs09r3b13,gs09r3b13,gs09r3b13,gs09r3b13,gs09r3b13,gs09r3b13,gs09r3b13,gs09r3b13,gs09r3b13,gs09r3b13,gs09r3b13,gs09r3b13,gs09r3b13,gs09r3b13,gs09r3b13,gs09r3b13,gs09r3b13,gs09r3b13,gs09r3b13,gs09r3b13,gs09r3b13,gs09r3b13,gs09r3b13,gs09r3b13,gs09r3b13,gs09r3b13,gs09r3b13,gs09r3b13,gs09r3b13,gs09r3b13,gs09r3b13,gs09r3b13,gs09r3b13,gs09r3b13,gs09r3b13,gs09r3b13,gs09r3b13,gs09r3b13,gs09r3b13,gs09r3b13,gs09r3b13,gs09r3b13,gs09r3b13,gs09r3b13,gs09r3b13,gs09r3b13,gs09r3b13,gs09r3b13,gs09r3b13,gs09r3b13,gs09r3b13,gs09r3b13,gs09r3b13,gs09r3b13,gs09r3b13,gs09r3b13,gs09r3b13,gs09r3b13,gs09r3b13,gs09r3b13,gs09r3b13,gs09r3b13,gs09r3b13,gs09r3b13,gs09r3b13,gs09r3b13,gs09r3b13,gs09r3b13,gs09r3b13,gs09r3b13,gs09r3b13,gs09r3b13,gs09r3b13,gs09r3b13,gs09r3b13,gs09r3b13,gs09r3b13,gs09r3b13,gs09r3b13,gs09r3b13,gs09r3b13,gs09r3b13,gs09r3b13,gs09r3b13,gs09r3b13,gs09r3b13,gs09r3b13,gs09r3b13,gs09r3b13,gs09r3b13,gs09r3b13,gs09r3b13,gs09r3b13,gs09r3b13,gs09r3b13,gs09r3b13,gs09r3b13,gs09r3b13,gs09r3b13,gs09r3b13,gs09r3b13,gs09r3b13,gs09r3b13,gs09r3b13,gs09r3b13,gs09r3b13,gs09r3b13,gs09r3b13,gs09r3b13,gs09r3b13,gs09r3b13,gs09r3b13,gs09r3b18,gs09r3b18,gs09r3b18,gs09r3b18,gs09r3b18,gs09r3b18,gs09r3b18,gs09r3b18,gs09r3b18,gs09r3b18,gs09r3b18,gs09r3b18,gs09r3b18,gs09r3b18,gs09r3b18,gs09r3b18,gs09r3b18,gs09r3b18,gs09r3b18,gs09r3b18,gs09r3b18,gs09r3b18,gs09r3b18,gs09r3b18,gs09r3b18,gs09r3b18,gs09r3b18,gs09r3b18,gs09r3b18,gs09r3b18,gs09r3b18,gs09r3b18,gs09r3b18,gs09r3b18,gs09r3b18,gs09r3b18,gs09r3b18,gs09r3b18,gs09r3b18,gs09r3b18,gs09r3b18,gs09r3b18,gs09r3b18,gs09r3b18,gs09r3b18,gs09r3b18,gs09r3b18,gs09r3b18,gs09r3b18,gs09r3b18,gs09r3b18,gs09r3b18,gs09r3b18,gs09r3b18,gs09r3b18,gs09r3b18,gs09r3b18,gs09r3b18,gs09r3b18,gs09r3b18,gs09r3b18,gs09r3b18,gs09r3b18,gs09r3b18,gs09r3b18,gs09r3b18,gs09r3b18,gs09r3b18,gs09r3b18,gs09r3b18,gs09r3b18,gs09r3b18,gs09r3b18,gs09r3b18,gs09r3b18,gs09r3b18,gs09r3b18,gs09r3b18,gs09r3b18,gs09r3b18,gs09r3b18,gs09r3b18,gs09r3b18,gs09r3b18,gs09r3b18,gs09r3b18,gs09r3b18,gs09r3b18,gs09r3b18,gs09r3b18,gs09r3b18,gs09r3b18,gs09r3b18,gs09r3b18,gs09r3b18,gs09r3b18,gs09r3b18,gs09r3b18,gs09r3b18,gs09r3b18,gs09r3b18,gs09r3b18,gs09r3b18,gs09r3b18,gs09r3b18,gs09r3b18,gs09r3b18,gs09r3b18,gs09r3b18,gs09r3b18,gs09r3b18,gs09r3b18,gs09r3b19,gs09r3b19,gs09r3b19,gs09r3b19,gs09r3b19,gs09r3b19,gs09r3b19,gs09r3b19,gs09r3b19,gs09r3b19,gs09r3b19,gs09r3b19,gs09r3b19,gs09r3b19,gs09r3b19,gs09r3b19,gs09r3b19,gs09r3b19,gs09r3b19,gs09r3b19,gs09r3b19,gs09r3b19,gs09r3b19,gs09r3b19,gs09r3b19,gs09r3b19,gs09r3b19,gs09r3b19,gs09r3b19,gs09r3b19,gs09r3b19,gs09r3b19,gs09r3b19,gs09r3b19,gs09r3b19,gs09r3b19,gs09r3b19,gs09r3b19,gs09r3b19,gs09r3b19,gs09r3b19,gs09r3b19,gs09r3b19,gs09r3b19,gs09r3b19,gs09r3b19,gs09r3b19,gs09r3b19,gs09r3b19,gs09r3b19,gs09r3b19,gs09r3b19,gs09r3b19,gs09r3b19,gs09r3b19,gs09r3b19,gs09r3b19,gs09r3b19,gs09r3b19,gs09r3b19,gs09r3b19,gs09r3b19,gs09r3b19,gs09r3b19,gs09r3b19,gs09r3b19,gs09r3b19,gs09r3b19,gs09r3b19,gs09r3b19,gs09r3b19,gs09r3b19,gs09r3b19,gs09r3b19,gs09r3b19,gs09r3b19,gs09r3b19,gs09r3b19,gs09r3b19,gs09r3b19,gs09r3b19,gs09r3b19,gs09r3b19,gs09r3b19,gs09r3b19,gs09r3b19,gs09r3b19,gs09r3b19,gs09r3b19,gs09r3b19,gs09r3b19,gs09r3b19,gs09r3b19,gs09r3b19,gs09r3b19,gs09r3b19,gs09r3b19,gs09r3b19,gs09r3b19,gs09r3b19,gs09r3b19,gs09r3b19,gs09r3b19,gs09r3b19,gs09r3b19,gs09r3b19,gs09r3b19,gs09r3b19,gs09r3b19,gs09r3b19,gs09r3b19,gs09r3b19,gs09r3b21,gs09r3b21,gs09r3b21,gs09r3b21,gs09r3b21,gs09r3b21,gs09r3b21,gs09r3b21,gs09r3b21,gs09r3b21,gs09r3b21,gs09r3b21,gs09r3b21,gs09r3b21,gs09r3b21,gs09r3b21,gs09r3b21,gs09r3b21,gs09r3b21,gs09r3b21,gs09r3b21,gs09r3b21,gs09r3b21,gs09r3b21,gs09r3b21,gs09r3b21,gs09r3b21,gs09r3b21,gs09r3b21,gs09r3b21,gs09r3b21,gs09r3b21,gs09r3b21,gs09r3b21,gs09r3b21,gs09r3b21,gs09r3b21,gs09r3b21,gs09r3b21,gs09r3b21,gs09r3b21,gs09r3b21,gs09r3b21,gs09r3b21,gs09r3b21,gs09r3b21,gs09r3b21,gs09r3b21,gs09r3b21,gs09r3b21,gs09r3b21,gs09r3b21,gs09r3b21,gs09r3b21,gs09r3b21,gs09r3b21,gs09r3b21,gs09r3b21,gs09r3b21,gs09r3b21,gs09r3b21,gs09r3b21,gs09r3b21,gs09r3b21,gs09r3b21,gs09r3b21,gs09r3b21,gs09r3b21,gs09r3b21,gs09r3b21,gs09r3b21,gs09r3b21,gs09r3b21,gs09r3b21,gs09r3b21,gs09r3b21,gs09r3b21,gs09r3b21,gs09r3b21,gs09r3b21,gs09r3b21,gs09r3b21,gs09r3b21,gs09r3b21,gs09r3b21,gs09r3b21,gs09r3b21,gs09r3b21,gs09r3b21,gs09r3b21,gs09r3b21,gs09r3b21,gs09r3b21,gs09r3b21,gs09r3b21,gs09r3b21,gs09r3b21,gs09r3b21,gs09r3b21,gs09r3b21,gs09r3b21,gs09r3b21,gs09r3b21,gs09r3b21,gs09r3b21,gs09r3b21,gs09r3b21,gs09r3b21,gs09r3b21,gs09r3b21,gs09r3b21,gs09r3b21,gs09r3b23,gs09r3b23,gs09r3b23,gs09r3b23,gs09r3b23,gs09r3b23,gs09r3b23,gs09r3b23,gs09r3b23,gs09r3b23,gs09r3b23,gs09r3b23,gs09r3b23,gs09r3b23,gs09r3b23,gs09r3b23,gs09r3b23,gs09r3b23,gs09r3b23,gs09r3b23,gs09r3b23,gs09r3b23,gs09r3b23,gs09r3b23,gs09r3b23,gs09r3b23,gs09r3b23,gs09r3b23,gs09r3b23,gs09r3b23,gs09r3b23,gs09r3b23,gs09r3b23,gs09r3b23,gs09r3b23,gs09r3b23,gs09r3b23,gs09r3b23,gs09r3b23,gs09r3b23,gs09r3b23,gs09r3b23,gs09r3b23,gs09r3b23,gs09r3b23,gs09r3b23,gs09r3b23,gs09r3b23,gs09r3b23,gs09r3b23,gs09r3b23,gs09r3b23,gs09r3b23,gs09r3b23,gs09r3b23,gs09r3b23,gs09r3b23,gs09r3b23,gs09r3b23,gs09r3b23,gs09r3b23,gs09r3b23,gs09r3b23,gs09r3b23,gs09r3b23,gs09r3b23,gs09r3b23,gs09r3b23,gs09r3b23,gs09r3b23,gs09r3b23,gs09r3b23,gs09r3b23,gs09r3b23,gs09r3b23,gs09r3b23,gs09r3b23,gs09r3b23,gs09r3b23,gs09r3b23,gs09r3b23,gs09r3b23,gs09r3b23,gs09r3b23,gs09r3b23,gs09r3b23,gs09r3b23,gs09r3b23,gs09r3b23,gs09r3b23,gs09r3b23,gs09r3b23,gs09r3b23,gs09r3b23,gs09r3b23,gs09r3b23,gs09r3b23,gs09r3b23,gs09r3b23,gs09r3b23,gs09r3b23,gs09r3b23,gs09r3b23,gs09r3b23,gs09r3b23,gs09r3b23,gs09r3b23,gs09r3b23,gs09r3b23,gs09r3b23,gs09r3b23,gs09r3b23,gs09r3b37,gs09r3b37,gs09r3b37,gs09r3b37,gs09r3b37,gs09r3b37,gs09r3b37,gs09r3b37,gs09r3b37,gs09r3b37,gs09r3b37,gs09r3b37,gs09r3b37,gs09r3b37,gs09r3b37,gs09r3b37,gs09r3b37,gs09r3b37,gs09r3b37,gs09r3b37,gs09r3b37,gs09r3b37,gs09r3b37,gs09r3b37,gs09r3b37,gs09r3b37,gs09r3b37,gs09r3b37,gs09r3b37,gs09r3b37,gs09r3b37,gs09r3b37,gs09r3b37,gs09r3b37,gs09r3b37,gs09r3b37,gs09r3b37,gs09r3b37,gs09r3b37,gs09r3b37,gs09r3b37,gs09r3b37,gs09r3b37,gs09r3b37,gs09r3b37,gs09r3b37,gs09r3b37,gs09r3b37,gs09r3b37,gs09r3b37,gs09r3b37,gs09r3b37,gs09r3b37,gs09r3b37,gs09r3b37,gs09r3b37,gs09r3b37,gs09r3b37,gs09r3b37,gs09r3b37,gs09r3b37,gs09r3b37,gs09r3b37,gs09r3b37,gs09r3b37,gs09r3b37,gs09r3b37,gs09r3b37,gs09r3b37,gs09r3b37,gs09r3b37,gs09r3b37,gs09r3b37,gs09r3b37,gs09r3b37,gs09r3b37,gs09r3b37,gs09r3b37,gs09r3b37,gs09r3b37,gs09r3b37,gs09r3b37,gs09r3b37,gs09r3b37,gs09r3b37,gs09r3b37,gs09r3b37,gs09r3b37,gs09r3b37,gs09r3b37,gs09r3b37,gs09r3b37,gs09r3b37,gs09r3b37,gs09r3b37,gs09r3b37,gs09r3b37,gs09r3b37,gs09r3b37,gs09r3b37,gs09r3b37,gs09r3b37,gs09r3b37,gs09r3b37,gs09r3b37,gs09r3b37,gs09r3b37,gs09r3b37,gs09r3b37,gs09r3b37,gs09r3b37,gs09r3b37,gs09r3b40,gs09r3b40,gs09r3b40,gs09r3b40,gs09r3b40,gs09r3b40,gs09r3b40,gs09r3b40,gs09r3b40,gs09r3b40,gs09r3b40,gs09r3b40,gs09r3b40,gs09r3b40,gs09r3b40,gs09r3b40,gs09r3b40,gs09r3b40,gs09r3b40,gs09r3b40,gs09r3b40,gs09r3b40,gs09r3b40,gs09r3b40,gs09r3b40,gs09r3b40,gs09r3b40,gs09r3b40,gs09r3b40,gs09r3b40,gs09r3b40,gs09r3b40,gs09r3b40,gs09r3b40,gs09r3b40,gs09r3b40,gs09r3b40,gs09r3b40,gs09r3b40,gs09r3b40,gs09r3b40,gs09r3b40,gs09r3b40,gs09r3b40,gs09r3b40,gs09r3b40,gs09r3b40,gs09r3b40,gs09r3b40,gs09r3b40,gs09r3b40,gs09r3b40,gs09r3b40,gs09r3b40,gs09r3b40,gs09r3b40,gs09r3b40,gs09r3b40,gs09r3b40,gs09r3b40,gs09r3b40,gs09r3b40,gs09r3b40,gs09r3b40,gs09r3b40,gs09r3b40,gs09r3b40,gs09r3b40,gs09r3b40,gs09r3b40,gs09r3b40,gs09r3b40,gs09r3b40,gs09r3b40,gs09r3b40,gs09r3b40,gs09r3b40,gs09r3b40,gs09r3b40,gs09r3b40,gs09r3b40,gs09r3b40,gs09r3b40,gs09r3b40,gs09r3b40,gs09r3b40,gs09r3b40,gs09r3b40,gs09r3b40,gs09r3b40,gs09r3b40,gs09r3b40,gs09r3b40,gs09r3b40,gs09r3b40,gs09r3b40,gs09r3b40,gs09r3b40,gs09r3b40,gs09r3b40,gs09r3b40,gs09r3b40,gs09r3b40,gs09r3b40,gs09r3b40,gs09r3b40,gs09r3b40,gs09r3b40,gs09r3b40,gs09r3b40,gs09r3b40,gs09r3b40,gs09r3b43,gs09r3b43,gs09r3b43,gs09r3b43,gs09r3b43,gs09r3b43,gs09r3b43,gs09r3b43,gs09r3b43,gs09r3b43,gs09r3b43,gs09r3b43,gs09r3b43,gs09r3b43,gs09r3b43,gs09r3b43,gs09r3b43,gs09r3b43,gs09r3b43,gs09r3b43,gs09r3b43,gs09r3b43,gs09r3b43,gs09r3b43,gs09r3b43,gs09r3b43,gs09r3b43,gs09r3b43,gs09r3b43,gs09r3b43,gs09r3b43,gs09r3b43,gs09r3b43,gs09r3b43,gs09r3b43,gs09r3b43,gs09r3b43,gs09r3b43,gs09r3b43,gs09r3b43,gs09r3b43,gs09r3b43,gs09r3b43,gs09r3b43,gs09r3b43,gs09r3b43,gs09r3b43,gs09r3b43,gs09r3b43,gs09r3b43,gs09r3b43,gs09r3b43,gs09r3b43,gs09r3b43,gs09r3b43,gs09r3b43,gs09r3b43,gs09r3b43,gs09r3b43,gs09r3b43,gs09r3b43,gs09r3b43,gs09r3b43,gs09r3b43,gs09r3b43,gs09r3b43,gs09r3b43,gs09r3b43,gs09r3b43,gs09r3b43,gs09r3b43,gs09r3b43,gs09r3b43,gs09r3b43,gs09r3b43,gs09r3b43,gs09r3b43,gs09r3b43,gs09r3b43,gs09r3b43,gs09r3b43,gs09r3b43,gs09r3b43,gs09r3b43,gs09r3b43,gs09r3b43,gs09r3b43,gs09r3b43,gs09r3b43,gs09r3b43,gs09r3b43,gs09r3b43,gs09r3b43,gs09r3b43,gs09r3b43,gs09r3b43,gs09r3b43,gs09r3b43,gs09r3b43,gs09r3b43,gs09r3b43,gs09r3b43,gs09r3b43,gs09r3b43,gs09r3b43,gs09r3b43,gs09r3b43,gs09r3b43,gs09r3b43,gs09r3b43,gs09r3b43,gs09r3b43,gs09r3b46,gs09r3b46,gs09r3b46,gs09r3b46,gs09r3b46,gs09r3b46,gs09r3b46,gs09r3b46,gs09r3b46,gs09r3b46,gs09r3b46,gs09r3b46,gs09r3b46,gs09r3b46,gs09r3b46,gs09r3b46,gs09r3b46,gs09r3b46,gs09r3b46,gs09r3b46,gs09r3b46,gs09r3b46,gs09r3b46,gs09r3b46,gs09r3b46,gs09r3b46,gs09r3b46,gs09r3b46,gs09r3b46,gs09r3b46,gs09r3b46,gs09r3b46,gs09r3b46,gs09r3b46,gs09r3b46,gs09r3b46,gs09r3b46,gs09r3b46,gs09r3b46,gs09r3b46,gs09r3b46,gs09r3b46,gs09r3b46,gs09r3b46,gs09r3b46,gs09r3b46,gs09r3b46,gs09r3b46,gs09r3b46,gs09r3b46,gs09r3b46,gs09r3b46,gs09r3b46,gs09r3b46,gs09r3b46,gs09r3b46,gs09r3b46,gs09r3b46,gs09r3b46,gs09r3b46,gs09r3b46,gs09r3b46,gs09r3b46,gs09r3b46,gs09r3b46,gs09r3b46,gs09r3b46,gs09r3b46,gs09r3b46,gs09r3b46,gs09r3b46,gs09r3b46,gs09r3b46,gs09r3b46,gs09r3b46,gs09r3b46,gs09r3b46,gs09r3b46,gs09r3b46,gs09r3b46,gs09r3b46,gs09r3b46,gs09r3b46,gs09r3b46,gs09r3b46,gs09r3b46,gs09r3b46,gs09r3b46,gs09r3b46,gs09r3b46,gs09r3b46,gs09r3b46,gs09r3b46,gs09r3b46,gs09r3b46,gs09r3b46,gs09r3b46,gs09r3b46,gs09r3b46,gs09r3b46,gs09r3b46,gs09r3b46,gs09r3b46,gs09r3b46,gs09r3b46,gs09r3b46,gs09r3b46,gs09r3b46,gs09r3b46,gs09r3b46,gs09r3b46,gs09r3b46,gs09r3b53,gs09r3b53,gs09r3b53,gs09r3b53,gs09r3b53,gs09r3b53,gs09r3b53,gs09r3b53,gs09r3b53,gs09r3b53,gs09r3b53,gs09r3b53,gs09r3b53,gs09r3b53,gs09r3b53,gs09r3b53,gs09r3b53,gs09r3b53,gs09r3b53,gs09r3b53,gs09r3b53,gs09r3b53,gs09r3b53,gs09r3b53,gs09r3b53,gs09r3b53,gs09r3b53,gs09r3b53,gs09r3b53,gs09r3b53,gs09r3b53,gs09r3b53,gs09r3b53,gs09r3b53,gs09r3b53,gs09r3b53,gs09r3b53,gs09r3b53,gs09r3b53,gs09r3b53,gs09r3b53,gs09r3b53,gs09r3b53,gs09r3b53,gs09r3b53,gs09r3b53,gs09r3b53,gs09r3b53,gs09r3b53,gs09r3b53,gs09r3b53,gs09r3b53,gs09r3b53,gs09r3b53,gs09r3b53,gs09r3b53,gs09r3b53,gs09r3b53,gs09r3b53,gs09r3b53,gs09r3b53,gs09r3b53,gs09r3b53,gs09r3b53,gs09r3b53,gs09r3b53,gs09r3b53,gs09r3b53,gs09r3b53,gs09r3b53,gs09r3b53,gs09r3b53,gs09r3b53,gs09r3b53,gs09r3b53,gs09r3b53,gs09r3b53,gs09r3b53,gs09r3b53,gs09r3b53,gs09r3b53,gs09r3b53,gs09r3b53,gs09r3b53,gs09r3b53,gs09r3b53,gs09r3b53,gs09r3b53,gs09r3b53,gs09r3b53,gs09r3b53,gs09r3b53,gs09r3b53,gs09r3b53,gs09r3b53,gs09r3b53,gs09r3b53,gs09r3b53,gs09r3b53,gs09r3b53,gs09r3b53,gs09r3b53,gs09r3b53,gs09r3b53,gs09r3b53,gs09r3b53,gs09r3b53,gs09r3b53,gs09r3b53,gs09r3b53,gs09r3b53,gs09r3b53,
Run 0 starts
[mpiexec@gs09r3b06] MNV cleaning
[mpiexec@gs09r3b06] MNV cleaning
[mpiexec@gs09r3b06] MNV cleaning
[mpiexec@gs09r3b06] MNV cleaning
Run 0 ends
Run 1 starts
Run 1 ends
Run 2 starts
Run 2 ends
Run 3 starts
[mpiexec@gs09r3b06] MNV cleaning
[mpiexec@gs09r3b06] MNV cleaning
[mpiexec@gs09r3b06] MNV cleaning
[mpiexec@gs09r3b06] MNV cleaning
Run 3 ends
Run 4 starts
Run 4 ends
Run 5 starts
[mpiexec@gs09r3b06] MNV cleaning
[mpiexec@gs09r3b06] MNV cleaning
[mpiexec@gs09r3b06] MNV cleaning
[mpiexec@gs09r3b06] MNV cleaning
Run 5 ends
Run 6 starts
[mpiexec@gs09r3b06] MNV cleaning
[mpiexec@gs09r3b06] MNV cleaning
[mpiexec@gs09r3b06] MNV cleaning
[mpiexec@gs09r3b06] MNV cleaning
Run 6 ends
Run 7 starts
[mpiexec@gs09r3b06] MNV cleaning
[mpiexec@gs09r3b06] MNV cleaning
[mpiexec@gs09r3b06] MNV cleaning
[mpiexec@gs09r3b06] MNV cleaning
Run 7 ends
Run 8 starts
[mpiexec@gs09r3b06] MNV cleaning
[mpiexec@gs09r3b06] MNV cleaning
[mpiexec@gs09r3b06] MNV cleaning
[mpiexec@gs09r3b06] MNV cleaning
Run 8 ends
Run 9 starts
Run 9 ends
Run 10 starts
Run 10 ends
Run 11 starts
Run 11 ends
Run 12 starts
[mpiexec@gs09r3b06] MNV cleaning
[mpiexec@gs09r3b06] MNV cleaning
[mpiexec@gs09r3b06] MNV cleaning
[mpiexec@gs09r3b06] MNV cleaning
Run 12 ends
Run 13 starts
Run 13 ends
Run 14 starts
[mpiexec@gs09r3b06] MNV cleaning
[mpiexec@gs09r3b06] MNV cleaning
[mpiexec@gs09r3b06] MNV cleaning
[mpiexec@gs09r3b06] MNV cleaning
Run 14 ends
Run 15 starts
[mpiexec@gs09r3b06] MNV cleaning
[mpiexec@gs09r3b06] MNV cleaning
[mpiexec@gs09r3b06] MNV cleaning
[mpiexec@gs09r3b06] MNV cleaning
Run 15 ends
Run 16 starts
[mpiexec@gs09r3b06] MNV cleaning
[mpiexec@gs09r3b06] MNV cleaning
[mpiexec@gs09r3b06] MNV cleaning
[mpiexec@gs09r3b06] MNV cleaning
Run 16 ends
Run 17 starts
[mpiexec@gs09r3b06] MNV cleaning
[mpiexec@gs09r3b06] MNV cleaning
[mpiexec@gs09r3b06] MNV cleaning
[mpiexec@gs09r3b06] MNV cleaning
Run 17 ends
Run 18 starts
[mpiexec@gs09r3b06] MNV cleaning
[mpiexec@gs09r3b06] MNV cleaning
[mpiexec@gs09r3b06] MNV cleaning
[mpiexec@gs09r3b06] MNV cleaning
Run 18 ends
Run 19 starts
[mpiexec@gs09r3b06] MNV cleaning
[mpiexec@gs09r3b06] MNV cleaning
[mpiexec@gs09r3b06] MNV cleaning
[mpiexec@gs09r3b06] MNV cleaning
Run 19 ends
END TEST
