START TEST P=gpp
./config165.ini 0 165 20
/home/bsc/bsc359796/Instalaciones/mpich-4.2.0-ofi/bin/mpirun
Nodes=gs16r2b[01-03,08,11-13,15-17,19,21-23,25,30,32-33,36,38-41,43-47,49-51,57] - Starting hostlist=gs16r2b01,gs16r2b01,gs16r2b01,gs16r2b01,gs16r2b01,gs16r2b01,gs16r2b01,gs16r2b01,gs16r2b01,gs16r2b01,gs16r2b01,gs16r2b01,gs16r2b01,gs16r2b01,gs16r2b01,gs16r2b01,gs16r2b01,gs16r2b01,gs16r2b01,gs16r2b01,gs16r2b01,gs16r2b01,gs16r2b01,gs16r2b01,gs16r2b01,gs16r2b01,gs16r2b01,gs16r2b01,gs16r2b01,gs16r2b01,gs16r2b01,gs16r2b01,gs16r2b01,gs16r2b01,gs16r2b01,gs16r2b01,gs16r2b01,gs16r2b01,gs16r2b01,gs16r2b01,gs16r2b01,gs16r2b01,gs16r2b01,gs16r2b01,gs16r2b01,gs16r2b01,gs16r2b01,gs16r2b01,gs16r2b01,gs16r2b01,gs16r2b01,gs16r2b01,gs16r2b01,gs16r2b01,gs16r2b01,gs16r2b01,gs16r2b01,gs16r2b01,gs16r2b01,gs16r2b01,gs16r2b01,gs16r2b01,gs16r2b01,gs16r2b01,gs16r2b01,gs16r2b01,gs16r2b01,gs16r2b01,gs16r2b01,gs16r2b01,gs16r2b01,gs16r2b01,gs16r2b01,gs16r2b01,gs16r2b01,gs16r2b01,gs16r2b01,gs16r2b01,gs16r2b01,gs16r2b01,gs16r2b01,gs16r2b01,gs16r2b01,gs16r2b01,gs16r2b01,gs16r2b01,gs16r2b01,gs16r2b01,gs16r2b01,gs16r2b01,gs16r2b01,gs16r2b01,gs16r2b01,gs16r2b01,gs16r2b01,gs16r2b01,gs16r2b01,gs16r2b01,gs16r2b01,gs16r2b01,gs16r2b01,gs16r2b01,gs16r2b01,gs16r2b01,gs16r2b01,gs16r2b01,gs16r2b01,gs16r2b01,gs16r2b01,gs16r2b01,gs16r2b01,gs16r2b01,gs16r2b02,gs16r2b02,gs16r2b02,gs16r2b02,gs16r2b02,gs16r2b02,gs16r2b02,gs16r2b02,gs16r2b02,gs16r2b02,gs16r2b02,gs16r2b02,gs16r2b02,gs16r2b02,gs16r2b02,gs16r2b02,gs16r2b02,gs16r2b02,gs16r2b02,gs16r2b02,gs16r2b02,gs16r2b02,gs16r2b02,gs16r2b02,gs16r2b02,gs16r2b02,gs16r2b02,gs16r2b02,gs16r2b02,gs16r2b02,gs16r2b02,gs16r2b02,gs16r2b02,gs16r2b02,gs16r2b02,gs16r2b02,gs16r2b02,gs16r2b02,gs16r2b02,gs16r2b02,gs16r2b02,gs16r2b02,gs16r2b02,gs16r2b02,gs16r2b02,gs16r2b02,gs16r2b02,gs16r2b02,gs16r2b02,gs16r2b02,gs16r2b02,gs16r2b02,gs16r2b02,gs16r2b02,gs16r2b02,gs16r2b02,gs16r2b02,gs16r2b02,gs16r2b02,gs16r2b02,gs16r2b02,gs16r2b02,gs16r2b02,gs16r2b02,gs16r2b02,gs16r2b02,gs16r2b02,gs16r2b02,gs16r2b02,gs16r2b02,gs16r2b02,gs16r2b02,gs16r2b02,gs16r2b02,gs16r2b02,gs16r2b02,gs16r2b02,gs16r2b02,gs16r2b02,gs16r2b02,gs16r2b02,gs16r2b02,gs16r2b02,gs16r2b02,gs16r2b02,gs16r2b02,gs16r2b02,gs16r2b02,gs16r2b02,gs16r2b02,gs16r2b02,gs16r2b02,gs16r2b02,gs16r2b02,gs16r2b02,gs16r2b02,gs16r2b02,gs16r2b02,gs16r2b02,gs16r2b02,gs16r2b02,gs16r2b02,gs16r2b02,gs16r2b02,gs16r2b02,gs16r2b02,gs16r2b02,gs16r2b02,gs16r2b02,gs16r2b02,gs16r2b02,gs16r2b02,gs16r2b03,gs16r2b03,gs16r2b03,gs16r2b03,gs16r2b03,gs16r2b03,gs16r2b03,gs16r2b03,gs16r2b03,gs16r2b03,gs16r2b03,gs16r2b03,gs16r2b03,gs16r2b03,gs16r2b03,gs16r2b03,gs16r2b03,gs16r2b03,gs16r2b03,gs16r2b03,gs16r2b03,gs16r2b03,gs16r2b03,gs16r2b03,gs16r2b03,gs16r2b03,gs16r2b03,gs16r2b03,gs16r2b03,gs16r2b03,gs16r2b03,gs16r2b03,gs16r2b03,gs16r2b03,gs16r2b03,gs16r2b03,gs16r2b03,gs16r2b03,gs16r2b03,gs16r2b03,gs16r2b03,gs16r2b03,gs16r2b03,gs16r2b03,gs16r2b03,gs16r2b03,gs16r2b03,gs16r2b03,gs16r2b03,gs16r2b03,gs16r2b03,gs16r2b03,gs16r2b03,gs16r2b03,gs16r2b03,gs16r2b03,gs16r2b03,gs16r2b03,gs16r2b03,gs16r2b03,gs16r2b03,gs16r2b03,gs16r2b03,gs16r2b03,gs16r2b03,gs16r2b03,gs16r2b03,gs16r2b03,gs16r2b03,gs16r2b03,gs16r2b03,gs16r2b03,gs16r2b03,gs16r2b03,gs16r2b03,gs16r2b03,gs16r2b03,gs16r2b03,gs16r2b03,gs16r2b03,gs16r2b03,gs16r2b03,gs16r2b03,gs16r2b03,gs16r2b03,gs16r2b03,gs16r2b03,gs16r2b03,gs16r2b03,gs16r2b03,gs16r2b03,gs16r2b03,gs16r2b03,gs16r2b03,gs16r2b03,gs16r2b03,gs16r2b03,gs16r2b03,gs16r2b03,gs16r2b03,gs16r2b03,gs16r2b03,gs16r2b03,gs16r2b03,gs16r2b03,gs16r2b03,gs16r2b03,gs16r2b03,gs16r2b03,gs16r2b03,gs16r2b03,gs16r2b03,gs16r2b08,gs16r2b08,gs16r2b08,gs16r2b08,gs16r2b08,gs16r2b08,gs16r2b08,gs16r2b08,gs16r2b08,gs16r2b08,gs16r2b08,gs16r2b08,gs16r2b08,gs16r2b08,gs16r2b08,gs16r2b08,gs16r2b08,gs16r2b08,gs16r2b08,gs16r2b08,gs16r2b08,gs16r2b08,gs16r2b08,gs16r2b08,gs16r2b08,gs16r2b08,gs16r2b08,gs16r2b08,gs16r2b08,gs16r2b08,gs16r2b08,gs16r2b08,gs16r2b08,gs16r2b08,gs16r2b08,gs16r2b08,gs16r2b08,gs16r2b08,gs16r2b08,gs16r2b08,gs16r2b08,gs16r2b08,gs16r2b08,gs16r2b08,gs16r2b08,gs16r2b08,gs16r2b08,gs16r2b08,gs16r2b08,gs16r2b08,gs16r2b08,gs16r2b08,gs16r2b08,gs16r2b08,gs16r2b08,gs16r2b08,gs16r2b08,gs16r2b08,gs16r2b08,gs16r2b08,gs16r2b08,gs16r2b08,gs16r2b08,gs16r2b08,gs16r2b08,gs16r2b08,gs16r2b08,gs16r2b08,gs16r2b08,gs16r2b08,gs16r2b08,gs16r2b08,gs16r2b08,gs16r2b08,gs16r2b08,gs16r2b08,gs16r2b08,gs16r2b08,gs16r2b08,gs16r2b08,gs16r2b08,gs16r2b08,gs16r2b08,gs16r2b08,gs16r2b08,gs16r2b08,gs16r2b08,gs16r2b08,gs16r2b08,gs16r2b08,gs16r2b08,gs16r2b08,gs16r2b08,gs16r2b08,gs16r2b08,gs16r2b08,gs16r2b08,gs16r2b08,gs16r2b08,gs16r2b08,gs16r2b08,gs16r2b08,gs16r2b08,gs16r2b08,gs16r2b08,gs16r2b08,gs16r2b08,gs16r2b08,gs16r2b08,gs16r2b08,gs16r2b08,gs16r2b08,gs16r2b11,gs16r2b11,gs16r2b11,gs16r2b11,gs16r2b11,gs16r2b11,gs16r2b11,gs16r2b11,gs16r2b11,gs16r2b11,gs16r2b11,gs16r2b11,gs16r2b11,gs16r2b11,gs16r2b11,gs16r2b11,gs16r2b11,gs16r2b11,gs16r2b11,gs16r2b11,gs16r2b11,gs16r2b11,gs16r2b11,gs16r2b11,gs16r2b11,gs16r2b11,gs16r2b11,gs16r2b11,gs16r2b11,gs16r2b11,gs16r2b11,gs16r2b11,gs16r2b11,gs16r2b11,gs16r2b11,gs16r2b11,gs16r2b11,gs16r2b11,gs16r2b11,gs16r2b11,gs16r2b11,gs16r2b11,gs16r2b11,gs16r2b11,gs16r2b11,gs16r2b11,gs16r2b11,gs16r2b11,gs16r2b11,gs16r2b11,gs16r2b11,gs16r2b11,gs16r2b11,gs16r2b11,gs16r2b11,gs16r2b11,gs16r2b11,gs16r2b11,gs16r2b11,gs16r2b11,gs16r2b11,gs16r2b11,gs16r2b11,gs16r2b11,gs16r2b11,gs16r2b11,gs16r2b11,gs16r2b11,gs16r2b11,gs16r2b11,gs16r2b11,gs16r2b11,gs16r2b11,gs16r2b11,gs16r2b11,gs16r2b11,gs16r2b11,gs16r2b11,gs16r2b11,gs16r2b11,gs16r2b11,gs16r2b11,gs16r2b11,gs16r2b11,gs16r2b11,gs16r2b11,gs16r2b11,gs16r2b11,gs16r2b11,gs16r2b11,gs16r2b11,gs16r2b11,gs16r2b11,gs16r2b11,gs16r2b11,gs16r2b11,gs16r2b11,gs16r2b11,gs16r2b11,gs16r2b11,gs16r2b11,gs16r2b11,gs16r2b11,gs16r2b11,gs16r2b11,gs16r2b11,gs16r2b11,gs16r2b11,gs16r2b11,gs16r2b11,gs16r2b11,gs16r2b11,gs16r2b12,gs16r2b12,gs16r2b12,gs16r2b12,gs16r2b12,gs16r2b12,gs16r2b12,gs16r2b12,gs16r2b12,gs16r2b12,gs16r2b12,gs16r2b12,gs16r2b12,gs16r2b12,gs16r2b12,gs16r2b12,gs16r2b12,gs16r2b12,gs16r2b12,gs16r2b12,gs16r2b12,gs16r2b12,gs16r2b12,gs16r2b12,gs16r2b12,gs16r2b12,gs16r2b12,gs16r2b12,gs16r2b12,gs16r2b12,gs16r2b12,gs16r2b12,gs16r2b12,gs16r2b12,gs16r2b12,gs16r2b12,gs16r2b12,gs16r2b12,gs16r2b12,gs16r2b12,gs16r2b12,gs16r2b12,gs16r2b12,gs16r2b12,gs16r2b12,gs16r2b12,gs16r2b12,gs16r2b12,gs16r2b12,gs16r2b12,gs16r2b12,gs16r2b12,gs16r2b12,gs16r2b12,gs16r2b12,gs16r2b12,gs16r2b12,gs16r2b12,gs16r2b12,gs16r2b12,gs16r2b12,gs16r2b12,gs16r2b12,gs16r2b12,gs16r2b12,gs16r2b12,gs16r2b12,gs16r2b12,gs16r2b12,gs16r2b12,gs16r2b12,gs16r2b12,gs16r2b12,gs16r2b12,gs16r2b12,gs16r2b12,gs16r2b12,gs16r2b12,gs16r2b12,gs16r2b12,gs16r2b12,gs16r2b12,gs16r2b12,gs16r2b12,gs16r2b12,gs16r2b12,gs16r2b12,gs16r2b12,gs16r2b12,gs16r2b12,gs16r2b12,gs16r2b12,gs16r2b12,gs16r2b12,gs16r2b12,gs16r2b12,gs16r2b12,gs16r2b12,gs16r2b12,gs16r2b12,gs16r2b12,gs16r2b12,gs16r2b12,gs16r2b12,gs16r2b12,gs16r2b12,gs16r2b12,gs16r2b12,gs16r2b12,gs16r2b12,gs16r2b12,gs16r2b12,gs16r2b13,gs16r2b13,gs16r2b13,gs16r2b13,gs16r2b13,gs16r2b13,gs16r2b13,gs16r2b13,gs16r2b13,gs16r2b13,gs16r2b13,gs16r2b13,gs16r2b13,gs16r2b13,gs16r2b13,gs16r2b13,gs16r2b13,gs16r2b13,gs16r2b13,gs16r2b13,gs16r2b13,gs16r2b13,gs16r2b13,gs16r2b13,gs16r2b13,gs16r2b13,gs16r2b13,gs16r2b13,gs16r2b13,gs16r2b13,gs16r2b13,gs16r2b13,gs16r2b13,gs16r2b13,gs16r2b13,gs16r2b13,gs16r2b13,gs16r2b13,gs16r2b13,gs16r2b13,gs16r2b13,gs16r2b13,gs16r2b13,gs16r2b13,gs16r2b13,gs16r2b13,gs16r2b13,gs16r2b13,gs16r2b13,gs16r2b13,gs16r2b13,gs16r2b13,gs16r2b13,gs16r2b13,gs16r2b13,gs16r2b13,gs16r2b13,gs16r2b13,gs16r2b13,gs16r2b13,gs16r2b13,gs16r2b13,gs16r2b13,gs16r2b13,gs16r2b13,gs16r2b13,gs16r2b13,gs16r2b13,gs16r2b13,gs16r2b13,gs16r2b13,gs16r2b13,gs16r2b13,gs16r2b13,gs16r2b13,gs16r2b13,gs16r2b13,gs16r2b13,gs16r2b13,gs16r2b13,gs16r2b13,gs16r2b13,gs16r2b13,gs16r2b13,gs16r2b13,gs16r2b13,gs16r2b13,gs16r2b13,gs16r2b13,gs16r2b13,gs16r2b13,gs16r2b13,gs16r2b13,gs16r2b13,gs16r2b13,gs16r2b13,gs16r2b13,gs16r2b13,gs16r2b13,gs16r2b13,gs16r2b13,gs16r2b13,gs16r2b13,gs16r2b13,gs16r2b13,gs16r2b13,gs16r2b13,gs16r2b13,gs16r2b13,gs16r2b13,gs16r2b13,gs16r2b13,gs16r2b15,gs16r2b15,gs16r2b15,gs16r2b15,gs16r2b15,gs16r2b15,gs16r2b15,gs16r2b15,gs16r2b15,gs16r2b15,gs16r2b15,gs16r2b15,gs16r2b15,gs16r2b15,gs16r2b15,gs16r2b15,gs16r2b15,gs16r2b15,gs16r2b15,gs16r2b15,gs16r2b15,gs16r2b15,gs16r2b15,gs16r2b15,gs16r2b15,gs16r2b15,gs16r2b15,gs16r2b15,gs16r2b15,gs16r2b15,gs16r2b15,gs16r2b15,gs16r2b15,gs16r2b15,gs16r2b15,gs16r2b15,gs16r2b15,gs16r2b15,gs16r2b15,gs16r2b15,gs16r2b15,gs16r2b15,gs16r2b15,gs16r2b15,gs16r2b15,gs16r2b15,gs16r2b15,gs16r2b15,gs16r2b15,gs16r2b15,gs16r2b15,gs16r2b15,gs16r2b15,gs16r2b15,gs16r2b15,gs16r2b15,gs16r2b15,gs16r2b15,gs16r2b15,gs16r2b15,gs16r2b15,gs16r2b15,gs16r2b15,gs16r2b15,gs16r2b15,gs16r2b15,gs16r2b15,gs16r2b15,gs16r2b15,gs16r2b15,gs16r2b15,gs16r2b15,gs16r2b15,gs16r2b15,gs16r2b15,gs16r2b15,gs16r2b15,gs16r2b15,gs16r2b15,gs16r2b15,gs16r2b15,gs16r2b15,gs16r2b15,gs16r2b15,gs16r2b15,gs16r2b15,gs16r2b15,gs16r2b15,gs16r2b15,gs16r2b15,gs16r2b15,gs16r2b15,gs16r2b15,gs16r2b15,gs16r2b15,gs16r2b15,gs16r2b15,gs16r2b15,gs16r2b15,gs16r2b15,gs16r2b15,gs16r2b15,gs16r2b15,gs16r2b15,gs16r2b15,gs16r2b15,gs16r2b15,gs16r2b15,gs16r2b15,gs16r2b15,gs16r2b15,gs16r2b15,
Run 0 starts
Warning: Permanently added 'gs16r2b36' (ED25519) to the list of known hosts.
[mpiexec@gs16r2b01] MNV cleaning
[mpiexec@gs16r2b01] MNV cleaning
[mpiexec@gs16r2b01] MNV cleaning
[mpiexec@gs16r2b01] MNV cleaning
Run 0 ends
Run 1 starts
[mpiexec@gs16r2b01] MNV cleaning
[mpiexec@gs16r2b01] MNV cleaning
[mpiexec@gs16r2b01] MNV cleaning
[mpiexec@gs16r2b01] MNV cleaning
Run 1 ends
Run 2 starts
[mpiexec@gs16r2b01] MNV cleaning
[mpiexec@gs16r2b01] MNV cleaning
[mpiexec@gs16r2b01] MNV cleaning
[mpiexec@gs16r2b01] MNV cleaning
Run 2 ends
Run 3 starts
[mpiexec@gs16r2b01] MNV cleaning
[mpiexec@gs16r2b01] MNV cleaning
[mpiexec@gs16r2b01] MNV cleaning
[mpiexec@gs16r2b01] MNV cleaning
Run 3 ends
Run 4 starts
[mpiexec@gs16r2b01] MNV cleaning
[mpiexec@gs16r2b01] MNV cleaning
[mpiexec@gs16r2b01] MNV cleaning
[mpiexec@gs16r2b01] MNV cleaning
Run 4 ends
Run 5 starts
[mpiexec@gs16r2b01] MNV cleaning
[mpiexec@gs16r2b01] MNV cleaning
[mpiexec@gs16r2b01] MNV cleaning
[mpiexec@gs16r2b01] MNV cleaning
Run 5 ends
Run 6 starts
[mpiexec@gs16r2b01] MNV cleaning
[mpiexec@gs16r2b01] MNV cleaning
[mpiexec@gs16r2b01] MNV cleaning
[mpiexec@gs16r2b01] MNV cleaning
Run 6 ends
Run 7 starts
[mpiexec@gs16r2b01] MNV cleaning
[mpiexec@gs16r2b01] MNV cleaning
[mpiexec@gs16r2b01] MNV cleaning
[mpiexec@gs16r2b01] MNV cleaning
Run 7 ends
Run 8 starts
[mpiexec@gs16r2b01] MNV cleaning
[mpiexec@gs16r2b01] MNV cleaning
[mpiexec@gs16r2b01] MNV cleaning
[mpiexec@gs16r2b01] MNV cleaning
Run 8 ends
Run 9 starts
[mpiexec@gs16r2b01] MNV cleaning
[mpiexec@gs16r2b01] MNV cleaning
[mpiexec@gs16r2b01] MNV cleaning
[mpiexec@gs16r2b01] MNV cleaning
Run 9 ends
Run 10 starts
[mpiexec@gs16r2b01] MNV cleaning
[mpiexec@gs16r2b01] MNV cleaning
[mpiexec@gs16r2b01] MNV cleaning
[mpiexec@gs16r2b01] MNV cleaning
Run 10 ends
Run 11 starts
[mpiexec@gs16r2b01] MNV cleaning
[mpiexec@gs16r2b01] MNV cleaning
[mpiexec@gs16r2b01] MNV cleaning
[mpiexec@gs16r2b01] MNV cleaning
Run 11 ends
Run 12 starts
[mpiexec@gs16r2b01] MNV cleaning
[mpiexec@gs16r2b01] MNV cleaning
[mpiexec@gs16r2b01] MNV cleaning
[mpiexec@gs16r2b01] MNV cleaning
Run 12 ends
Run 13 starts
[mpiexec@gs16r2b01] MNV cleaning
[mpiexec@gs16r2b01] MNV cleaning
[mpiexec@gs16r2b01] MNV cleaning
[mpiexec@gs16r2b01] MNV cleaning
Run 13 ends
Run 14 starts
[mpiexec@gs16r2b01] MNV cleaning
[mpiexec@gs16r2b01] MNV cleaning
[mpiexec@gs16r2b01] MNV cleaning
[mpiexec@gs16r2b01] MNV cleaning
Run 14 ends
Run 15 starts
[mpiexec@gs16r2b01] MNV cleaning
[mpiexec@gs16r2b01] MNV cleaning
[mpiexec@gs16r2b01] MNV cleaning
[mpiexec@gs16r2b01] MNV cleaning
Run 15 ends
Run 16 starts
[mpiexec@gs16r2b01] MNV cleaning
[mpiexec@gs16r2b01] MNV cleaning
[mpiexec@gs16r2b01] MNV cleaning
[mpiexec@gs16r2b01] MNV cleaning
Run 16 ends
Run 17 starts
[mpiexec@gs16r2b01] MNV cleaning
[mpiexec@gs16r2b01] MNV cleaning
[mpiexec@gs16r2b01] MNV cleaning
[mpiexec@gs16r2b01] MNV cleaning
Run 17 ends
Run 18 starts
[mpiexec@gs16r2b01] MNV cleaning
[mpiexec@gs16r2b01] MNV cleaning
[mpiexec@gs16r2b01] MNV cleaning
[mpiexec@gs16r2b01] MNV cleaning
Run 18 ends
Run 19 starts
[mpiexec@gs16r2b01] MNV cleaning
[mpiexec@gs16r2b01] MNV cleaning
[mpiexec@gs16r2b01] MNV cleaning
[mpiexec@gs16r2b01] MNV cleaning
Run 19 ends
END TEST
