START TEST P=gpp
./config27.ini 0 27 20
/home/bsc/bsc359796/Instalaciones/mpich-4.2.0-ofi/bin/mpirun
Nodes=gs15r1b[02-05,08-10,26,35,41,46-49,60-61] - Starting hostlist=gs15r1b02,gs15r1b02,gs15r1b02,gs15r1b02,gs15r1b02,gs15r1b02,gs15r1b02,gs15r1b02,gs15r1b02,gs15r1b02,gs15r1b02,gs15r1b02,gs15r1b02,gs15r1b02,gs15r1b02,gs15r1b02,gs15r1b02,gs15r1b02,gs15r1b02,gs15r1b02,gs15r1b02,gs15r1b02,gs15r1b02,gs15r1b02,gs15r1b02,gs15r1b02,gs15r1b02,gs15r1b02,gs15r1b02,gs15r1b02,gs15r1b02,gs15r1b02,gs15r1b02,gs15r1b02,gs15r1b02,gs15r1b02,gs15r1b02,gs15r1b02,gs15r1b02,gs15r1b02,gs15r1b02,gs15r1b02,gs15r1b02,gs15r1b02,gs15r1b02,gs15r1b02,gs15r1b02,gs15r1b02,gs15r1b02,gs15r1b02,gs15r1b02,gs15r1b02,gs15r1b02,gs15r1b02,gs15r1b02,gs15r1b02,gs15r1b02,gs15r1b02,gs15r1b02,gs15r1b02,gs15r1b02,gs15r1b02,gs15r1b02,gs15r1b02,gs15r1b02,gs15r1b02,gs15r1b02,gs15r1b02,gs15r1b02,gs15r1b02,gs15r1b02,gs15r1b02,gs15r1b02,gs15r1b02,gs15r1b02,gs15r1b02,gs15r1b02,gs15r1b02,gs15r1b02,gs15r1b02,gs15r1b02,gs15r1b02,gs15r1b02,gs15r1b02,gs15r1b02,gs15r1b02,gs15r1b02,gs15r1b02,gs15r1b02,gs15r1b02,gs15r1b02,gs15r1b02,gs15r1b02,gs15r1b02,gs15r1b02,gs15r1b02,gs15r1b02,gs15r1b02,gs15r1b02,gs15r1b02,gs15r1b02,gs15r1b02,gs15r1b02,gs15r1b02,gs15r1b02,gs15r1b02,gs15r1b02,gs15r1b02,gs15r1b02,gs15r1b02,gs15r1b02,gs15r1b02,gs15r1b03,gs15r1b03,gs15r1b03,gs15r1b03,gs15r1b03,gs15r1b03,gs15r1b03,gs15r1b03,gs15r1b03,gs15r1b03,gs15r1b03,gs15r1b03,gs15r1b03,gs15r1b03,gs15r1b03,gs15r1b03,gs15r1b03,gs15r1b03,gs15r1b03,gs15r1b03,gs15r1b03,gs15r1b03,gs15r1b03,gs15r1b03,gs15r1b03,gs15r1b03,gs15r1b03,gs15r1b03,gs15r1b03,gs15r1b03,gs15r1b03,gs15r1b03,gs15r1b03,gs15r1b03,gs15r1b03,gs15r1b03,gs15r1b03,gs15r1b03,gs15r1b03,gs15r1b03,gs15r1b03,gs15r1b03,gs15r1b03,gs15r1b03,gs15r1b03,gs15r1b03,gs15r1b03,gs15r1b03,gs15r1b03,gs15r1b03,gs15r1b03,gs15r1b03,gs15r1b03,gs15r1b03,gs15r1b03,gs15r1b03,gs15r1b03,gs15r1b03,gs15r1b03,gs15r1b03,gs15r1b03,gs15r1b03,gs15r1b03,gs15r1b03,gs15r1b03,gs15r1b03,gs15r1b03,gs15r1b03,gs15r1b03,gs15r1b03,gs15r1b03,gs15r1b03,gs15r1b03,gs15r1b03,gs15r1b03,gs15r1b03,gs15r1b03,gs15r1b03,gs15r1b03,gs15r1b03,gs15r1b03,gs15r1b03,gs15r1b03,gs15r1b03,gs15r1b03,gs15r1b03,gs15r1b03,gs15r1b03,gs15r1b03,gs15r1b03,gs15r1b03,gs15r1b03,gs15r1b03,gs15r1b03,gs15r1b03,gs15r1b03,gs15r1b03,gs15r1b03,gs15r1b03,gs15r1b03,gs15r1b03,gs15r1b03,gs15r1b03,gs15r1b03,gs15r1b03,gs15r1b03,gs15r1b03,gs15r1b03,gs15r1b03,gs15r1b03,gs15r1b03,gs15r1b03,gs15r1b04,gs15r1b04,gs15r1b04,gs15r1b04,gs15r1b04,gs15r1b04,gs15r1b04,gs15r1b04,gs15r1b04,gs15r1b04,gs15r1b04,gs15r1b04,gs15r1b04,gs15r1b04,gs15r1b04,gs15r1b04,gs15r1b04,gs15r1b04,gs15r1b04,gs15r1b04,gs15r1b04,gs15r1b04,gs15r1b04,gs15r1b04,gs15r1b04,gs15r1b04,gs15r1b04,gs15r1b04,gs15r1b04,gs15r1b04,gs15r1b04,gs15r1b04,gs15r1b04,gs15r1b04,gs15r1b04,gs15r1b04,gs15r1b04,gs15r1b04,gs15r1b04,gs15r1b04,gs15r1b04,gs15r1b04,gs15r1b04,gs15r1b04,gs15r1b04,gs15r1b04,gs15r1b04,gs15r1b04,gs15r1b04,gs15r1b04,gs15r1b04,gs15r1b04,gs15r1b04,gs15r1b04,gs15r1b04,gs15r1b04,gs15r1b04,gs15r1b04,gs15r1b04,gs15r1b04,gs15r1b04,gs15r1b04,gs15r1b04,gs15r1b04,gs15r1b04,gs15r1b04,gs15r1b04,gs15r1b04,gs15r1b04,gs15r1b04,gs15r1b04,gs15r1b04,gs15r1b04,gs15r1b04,gs15r1b04,gs15r1b04,gs15r1b04,gs15r1b04,gs15r1b04,gs15r1b04,gs15r1b04,gs15r1b04,gs15r1b04,gs15r1b04,gs15r1b04,gs15r1b04,gs15r1b04,gs15r1b04,gs15r1b04,gs15r1b04,gs15r1b04,gs15r1b04,gs15r1b04,gs15r1b04,gs15r1b04,gs15r1b04,gs15r1b04,gs15r1b04,gs15r1b04,gs15r1b04,gs15r1b04,gs15r1b04,gs15r1b04,gs15r1b04,gs15r1b04,gs15r1b04,gs15r1b04,gs15r1b04,gs15r1b04,gs15r1b04,gs15r1b04,gs15r1b04,gs15r1b05,gs15r1b05,gs15r1b05,gs15r1b05,gs15r1b05,gs15r1b05,gs15r1b05,gs15r1b05,gs15r1b05,gs15r1b05,gs15r1b05,gs15r1b05,gs15r1b05,gs15r1b05,gs15r1b05,gs15r1b05,gs15r1b05,gs15r1b05,gs15r1b05,gs15r1b05,gs15r1b05,gs15r1b05,gs15r1b05,gs15r1b05,gs15r1b05,gs15r1b05,gs15r1b05,gs15r1b05,gs15r1b05,gs15r1b05,gs15r1b05,gs15r1b05,gs15r1b05,gs15r1b05,gs15r1b05,gs15r1b05,gs15r1b05,gs15r1b05,gs15r1b05,gs15r1b05,gs15r1b05,gs15r1b05,gs15r1b05,gs15r1b05,gs15r1b05,gs15r1b05,gs15r1b05,gs15r1b05,gs15r1b05,gs15r1b05,gs15r1b05,gs15r1b05,gs15r1b05,gs15r1b05,gs15r1b05,gs15r1b05,gs15r1b05,gs15r1b05,gs15r1b05,gs15r1b05,gs15r1b05,gs15r1b05,gs15r1b05,gs15r1b05,gs15r1b05,gs15r1b05,gs15r1b05,gs15r1b05,gs15r1b05,gs15r1b05,gs15r1b05,gs15r1b05,gs15r1b05,gs15r1b05,gs15r1b05,gs15r1b05,gs15r1b05,gs15r1b05,gs15r1b05,gs15r1b05,gs15r1b05,gs15r1b05,gs15r1b05,gs15r1b05,gs15r1b05,gs15r1b05,gs15r1b05,gs15r1b05,gs15r1b05,gs15r1b05,gs15r1b05,gs15r1b05,gs15r1b05,gs15r1b05,gs15r1b05,gs15r1b05,gs15r1b05,gs15r1b05,gs15r1b05,gs15r1b05,gs15r1b05,gs15r1b05,gs15r1b05,gs15r1b05,gs15r1b05,gs15r1b05,gs15r1b05,gs15r1b05,gs15r1b05,gs15r1b05,gs15r1b05,gs15r1b05,gs15r1b08,gs15r1b08,gs15r1b08,gs15r1b08,gs15r1b08,gs15r1b08,gs15r1b08,gs15r1b08,gs15r1b08,gs15r1b08,gs15r1b08,gs15r1b08,gs15r1b08,gs15r1b08,gs15r1b08,gs15r1b08,gs15r1b08,gs15r1b08,gs15r1b08,gs15r1b08,gs15r1b08,gs15r1b08,gs15r1b08,gs15r1b08,gs15r1b08,gs15r1b08,gs15r1b08,gs15r1b08,gs15r1b08,gs15r1b08,gs15r1b08,gs15r1b08,gs15r1b08,gs15r1b08,gs15r1b08,gs15r1b08,gs15r1b08,gs15r1b08,gs15r1b08,gs15r1b08,gs15r1b08,gs15r1b08,gs15r1b08,gs15r1b08,gs15r1b08,gs15r1b08,gs15r1b08,gs15r1b08,gs15r1b08,gs15r1b08,gs15r1b08,gs15r1b08,gs15r1b08,gs15r1b08,gs15r1b08,gs15r1b08,gs15r1b08,gs15r1b08,gs15r1b08,gs15r1b08,gs15r1b08,gs15r1b08,gs15r1b08,gs15r1b08,gs15r1b08,gs15r1b08,gs15r1b08,gs15r1b08,gs15r1b08,gs15r1b08,gs15r1b08,gs15r1b08,gs15r1b08,gs15r1b08,gs15r1b08,gs15r1b08,gs15r1b08,gs15r1b08,gs15r1b08,gs15r1b08,gs15r1b08,gs15r1b08,gs15r1b08,gs15r1b08,gs15r1b08,gs15r1b08,gs15r1b08,gs15r1b08,gs15r1b08,gs15r1b08,gs15r1b08,gs15r1b08,gs15r1b08,gs15r1b08,gs15r1b08,gs15r1b08,gs15r1b08,gs15r1b08,gs15r1b08,gs15r1b08,gs15r1b08,gs15r1b08,gs15r1b08,gs15r1b08,gs15r1b08,gs15r1b08,gs15r1b08,gs15r1b08,gs15r1b08,gs15r1b08,gs15r1b08,gs15r1b08,gs15r1b09,gs15r1b09,gs15r1b09,gs15r1b09,gs15r1b09,gs15r1b09,gs15r1b09,gs15r1b09,gs15r1b09,gs15r1b09,gs15r1b09,gs15r1b09,gs15r1b09,gs15r1b09,gs15r1b09,gs15r1b09,gs15r1b09,gs15r1b09,gs15r1b09,gs15r1b09,gs15r1b09,gs15r1b09,gs15r1b09,gs15r1b09,gs15r1b09,gs15r1b09,gs15r1b09,gs15r1b09,gs15r1b09,gs15r1b09,gs15r1b09,gs15r1b09,gs15r1b09,gs15r1b09,gs15r1b09,gs15r1b09,gs15r1b09,gs15r1b09,gs15r1b09,gs15r1b09,gs15r1b09,gs15r1b09,gs15r1b09,gs15r1b09,gs15r1b09,gs15r1b09,gs15r1b09,gs15r1b09,gs15r1b09,gs15r1b09,gs15r1b09,gs15r1b09,gs15r1b09,gs15r1b09,gs15r1b09,gs15r1b09,gs15r1b09,gs15r1b09,gs15r1b09,gs15r1b09,gs15r1b09,gs15r1b09,gs15r1b09,gs15r1b09,gs15r1b09,gs15r1b09,gs15r1b09,gs15r1b09,gs15r1b09,gs15r1b09,gs15r1b09,gs15r1b09,gs15r1b09,gs15r1b09,gs15r1b09,gs15r1b09,gs15r1b09,gs15r1b09,gs15r1b09,gs15r1b09,gs15r1b09,gs15r1b09,gs15r1b09,gs15r1b09,gs15r1b09,gs15r1b09,gs15r1b09,gs15r1b09,gs15r1b09,gs15r1b09,gs15r1b09,gs15r1b09,gs15r1b09,gs15r1b09,gs15r1b09,gs15r1b09,gs15r1b09,gs15r1b09,gs15r1b09,gs15r1b09,gs15r1b09,gs15r1b09,gs15r1b09,gs15r1b09,gs15r1b09,gs15r1b09,gs15r1b09,gs15r1b09,gs15r1b09,gs15r1b09,gs15r1b09,gs15r1b09,gs15r1b10,gs15r1b10,gs15r1b10,gs15r1b10,gs15r1b10,gs15r1b10,gs15r1b10,gs15r1b10,gs15r1b10,gs15r1b10,gs15r1b10,gs15r1b10,gs15r1b10,gs15r1b10,gs15r1b10,gs15r1b10,gs15r1b10,gs15r1b10,gs15r1b10,gs15r1b10,gs15r1b10,gs15r1b10,gs15r1b10,gs15r1b10,gs15r1b10,gs15r1b10,gs15r1b10,gs15r1b10,gs15r1b10,gs15r1b10,gs15r1b10,gs15r1b10,gs15r1b10,gs15r1b10,gs15r1b10,gs15r1b10,gs15r1b10,gs15r1b10,gs15r1b10,gs15r1b10,gs15r1b10,gs15r1b10,gs15r1b10,gs15r1b10,gs15r1b10,gs15r1b10,gs15r1b10,gs15r1b10,gs15r1b10,gs15r1b10,gs15r1b10,gs15r1b10,gs15r1b10,gs15r1b10,gs15r1b10,gs15r1b10,gs15r1b10,gs15r1b10,gs15r1b10,gs15r1b10,gs15r1b10,gs15r1b10,gs15r1b10,gs15r1b10,gs15r1b10,gs15r1b10,gs15r1b10,gs15r1b10,gs15r1b10,gs15r1b10,gs15r1b10,gs15r1b10,gs15r1b10,gs15r1b10,gs15r1b10,gs15r1b10,gs15r1b10,gs15r1b10,gs15r1b10,gs15r1b10,gs15r1b10,gs15r1b10,gs15r1b10,gs15r1b10,gs15r1b10,gs15r1b10,gs15r1b10,gs15r1b10,gs15r1b10,gs15r1b10,gs15r1b10,gs15r1b10,gs15r1b10,gs15r1b10,gs15r1b10,gs15r1b10,gs15r1b10,gs15r1b10,gs15r1b10,gs15r1b10,gs15r1b10,gs15r1b10,gs15r1b10,gs15r1b10,gs15r1b10,gs15r1b10,gs15r1b10,gs15r1b10,gs15r1b10,gs15r1b10,gs15r1b10,gs15r1b10,gs15r1b26,gs15r1b26,gs15r1b26,gs15r1b26,gs15r1b26,gs15r1b26,gs15r1b26,gs15r1b26,gs15r1b26,gs15r1b26,gs15r1b26,gs15r1b26,gs15r1b26,gs15r1b26,gs15r1b26,gs15r1b26,gs15r1b26,gs15r1b26,gs15r1b26,gs15r1b26,gs15r1b26,gs15r1b26,gs15r1b26,gs15r1b26,gs15r1b26,gs15r1b26,gs15r1b26,gs15r1b26,gs15r1b26,gs15r1b26,gs15r1b26,gs15r1b26,gs15r1b26,gs15r1b26,gs15r1b26,gs15r1b26,gs15r1b26,gs15r1b26,gs15r1b26,gs15r1b26,gs15r1b26,gs15r1b26,gs15r1b26,gs15r1b26,gs15r1b26,gs15r1b26,gs15r1b26,gs15r1b26,gs15r1b26,gs15r1b26,gs15r1b26,gs15r1b26,gs15r1b26,gs15r1b26,gs15r1b26,gs15r1b26,gs15r1b26,gs15r1b26,gs15r1b26,gs15r1b26,gs15r1b26,gs15r1b26,gs15r1b26,gs15r1b26,gs15r1b26,gs15r1b26,gs15r1b26,gs15r1b26,gs15r1b26,gs15r1b26,gs15r1b26,gs15r1b26,gs15r1b26,gs15r1b26,gs15r1b26,gs15r1b26,gs15r1b26,gs15r1b26,gs15r1b26,gs15r1b26,gs15r1b26,gs15r1b26,gs15r1b26,gs15r1b26,gs15r1b26,gs15r1b26,gs15r1b26,gs15r1b26,gs15r1b26,gs15r1b26,gs15r1b26,gs15r1b26,gs15r1b26,gs15r1b26,gs15r1b26,gs15r1b26,gs15r1b26,gs15r1b26,gs15r1b26,gs15r1b26,gs15r1b26,gs15r1b26,gs15r1b26,gs15r1b26,gs15r1b26,gs15r1b26,gs15r1b26,gs15r1b26,gs15r1b26,gs15r1b26,gs15r1b26,gs15r1b26,
Run 0 starts
Warning: Permanently added 'gs15r1b26' (ED25519) to the list of known hosts.
Warning: Permanently added 'gs15r1b47' (ED25519) to the list of known hosts.
Warning: Permanently added 'gs15r1b49' (ED25519) to the list of known hosts.
Warning: Permanently added 'gs15r1b46' (ED25519) to the list of known hosts.
Warning: Permanently added 'gs15r1b41' (ED25519) to the list of known hosts.
[mpiexec@gs15r1b02] MNV cleaning
[mpiexec@gs15r1b02] MNV cleaning
[mpiexec@gs15r1b02] MNV cleaning
[mpiexec@gs15r1b02] MNV cleaning
Run 0 ends
Run 1 starts
[mpiexec@gs15r1b02] MNV cleaning
[mpiexec@gs15r1b02] MNV cleaning
[mpiexec@gs15r1b02] MNV cleaning
[mpiexec@gs15r1b02] MNV cleaning
Run 1 ends
Run 2 starts
[mpiexec@gs15r1b02] MNV cleaning
[mpiexec@gs15r1b02] MNV cleaning
[mpiexec@gs15r1b02] MNV cleaning
[mpiexec@gs15r1b02] MNV cleaning
Run 2 ends
Run 3 starts
[mpiexec@gs15r1b02] MNV cleaning
[mpiexec@gs15r1b02] MNV cleaning
[mpiexec@gs15r1b02] MNV cleaning
[mpiexec@gs15r1b02] MNV cleaning
Run 3 ends
Run 4 starts
[mpiexec@gs15r1b02] MNV cleaning
[mpiexec@gs15r1b02] MNV cleaning
[mpiexec@gs15r1b02] MNV cleaning
[mpiexec@gs15r1b02] MNV cleaning
Run 4 ends
Run 5 starts
[mpiexec@gs15r1b02] MNV cleaning
[mpiexec@gs15r1b02] MNV cleaning
[mpiexec@gs15r1b02] MNV cleaning
[mpiexec@gs15r1b02] MNV cleaning
Run 5 ends
Run 6 starts
[mpiexec@gs15r1b02] MNV cleaning
[mpiexec@gs15r1b02] MNV cleaning
[mpiexec@gs15r1b02] MNV cleaning
[mpiexec@gs15r1b02] MNV cleaning
Run 6 ends
Run 7 starts
[mpiexec@gs15r1b02] MNV cleaning
[mpiexec@gs15r1b02] MNV cleaning
[mpiexec@gs15r1b02] MNV cleaning
[mpiexec@gs15r1b02] MNV cleaning
Run 7 ends
Run 8 starts
[mpiexec@gs15r1b02] MNV cleaning
[mpiexec@gs15r1b02] MNV cleaning
[mpiexec@gs15r1b02] MNV cleaning
[mpiexec@gs15r1b02] MNV cleaning
Run 8 ends
Run 9 starts
[mpiexec@gs15r1b02] MNV cleaning
[mpiexec@gs15r1b02] MNV cleaning
[mpiexec@gs15r1b02] MNV cleaning
[mpiexec@gs15r1b02] MNV cleaning
Run 9 ends
Run 10 starts
[mpiexec@gs15r1b02] MNV cleaning
[mpiexec@gs15r1b02] MNV cleaning
[mpiexec@gs15r1b02] MNV cleaning
[mpiexec@gs15r1b02] MNV cleaning
Run 10 ends
Run 11 starts
[mpiexec@gs15r1b02] MNV cleaning
[mpiexec@gs15r1b02] MNV cleaning
[mpiexec@gs15r1b02] MNV cleaning
[mpiexec@gs15r1b02] MNV cleaning
Run 11 ends
Run 12 starts
[mpiexec@gs15r1b02] MNV cleaning
[mpiexec@gs15r1b02] MNV cleaning
[mpiexec@gs15r1b02] MNV cleaning
[mpiexec@gs15r1b02] MNV cleaning
Run 12 ends
Run 13 starts
[mpiexec@gs15r1b02] MNV cleaning
[mpiexec@gs15r1b02] MNV cleaning
[mpiexec@gs15r1b02] MNV cleaning
[mpiexec@gs15r1b02] MNV cleaning
Run 13 ends
Run 14 starts
[mpiexec@gs15r1b02] MNV cleaning
[mpiexec@gs15r1b02] MNV cleaning
[mpiexec@gs15r1b02] MNV cleaning
[mpiexec@gs15r1b02] MNV cleaning
Run 14 ends
Run 15 starts
[mpiexec@gs15r1b02] MNV cleaning
[mpiexec@gs15r1b02] MNV cleaning
[mpiexec@gs15r1b02] MNV cleaning
[mpiexec@gs15r1b02] MNV cleaning
Run 15 ends
Run 16 starts
[mpiexec@gs15r1b02] MNV cleaning
[mpiexec@gs15r1b02] MNV cleaning
[mpiexec@gs15r1b02] MNV cleaning
[mpiexec@gs15r1b02] MNV cleaning
Run 16 ends
Run 17 starts
[mpiexec@gs15r1b02] MNV cleaning
[mpiexec@gs15r1b02] MNV cleaning
[mpiexec@gs15r1b02] MNV cleaning
[mpiexec@gs15r1b02] MNV cleaning
Run 17 ends
Run 18 starts
[mpiexec@gs15r1b02] MNV cleaning
[mpiexec@gs15r1b02] MNV cleaning
[mpiexec@gs15r1b02] MNV cleaning
[mpiexec@gs15r1b02] MNV cleaning
Run 18 ends
Run 19 starts
[mpiexec@gs15r1b02] MNV cleaning
[mpiexec@gs15r1b02] MNV cleaning
[mpiexec@gs15r1b02] MNV cleaning
[mpiexec@gs15r1b02] MNV cleaning
Run 19 ends
END TEST
