START TEST P=gpp
./config102.ini 0 102 20
/home/bsc/bsc359796/Instalaciones/mpich-4.2.0-ofi/bin/mpirun
Nodes=gs21r1b65,gs21r3b51,gs22r1b[09-12,15,35,41-42,44,52,56-58,60,65],gs22r2b14,gs22r3b[04,07,14-15,26,33,35,46,48,51-54,66] - Starting hostlist=gs21r1b65,gs21r1b65,gs21r1b65,gs21r1b65,gs21r1b65,gs21r1b65,gs21r1b65,gs21r1b65,gs21r1b65,gs21r1b65,gs21r1b65,gs21r1b65,gs21r1b65,gs21r1b65,gs21r1b65,gs21r1b65,gs21r1b65,gs21r1b65,gs21r1b65,gs21r1b65,gs21r1b65,gs21r1b65,gs21r1b65,gs21r1b65,gs21r1b65,gs21r1b65,gs21r1b65,gs21r1b65,gs21r1b65,gs21r1b65,gs21r1b65,gs21r1b65,gs21r1b65,gs21r1b65,gs21r1b65,gs21r1b65,gs21r1b65,gs21r1b65,gs21r1b65,gs21r1b65,gs21r1b65,gs21r1b65,gs21r1b65,gs21r1b65,gs21r1b65,gs21r1b65,gs21r1b65,gs21r1b65,gs21r1b65,gs21r1b65,gs21r1b65,gs21r1b65,gs21r1b65,gs21r1b65,gs21r1b65,gs21r1b65,gs21r1b65,gs21r1b65,gs21r1b65,gs21r1b65,gs21r1b65,gs21r1b65,gs21r1b65,gs21r1b65,gs21r1b65,gs21r1b65,gs21r1b65,gs21r1b65,gs21r1b65,gs21r1b65,gs21r1b65,gs21r1b65,gs21r1b65,gs21r1b65,gs21r1b65,gs21r1b65,gs21r1b65,gs21r1b65,gs21r1b65,gs21r1b65,gs21r1b65,gs21r1b65,gs21r1b65,gs21r1b65,gs21r1b65,gs21r1b65,gs21r1b65,gs21r1b65,gs21r1b65,gs21r1b65,gs21r1b65,gs21r1b65,gs21r1b65,gs21r1b65,gs21r1b65,gs21r1b65,gs21r1b65,gs21r1b65,gs21r1b65,gs21r1b65,gs21r1b65,gs21r1b65,gs21r1b65,gs21r1b65,gs21r1b65,gs21r1b65,gs21r1b65,gs21r1b65,gs21r1b65,gs21r1b65,gs21r1b65,gs21r1b65,gs21r3b51,gs21r3b51,gs21r3b51,gs21r3b51,gs21r3b51,gs21r3b51,gs21r3b51,gs21r3b51,gs21r3b51,gs21r3b51,gs21r3b51,gs21r3b51,gs21r3b51,gs21r3b51,gs21r3b51,gs21r3b51,gs21r3b51,gs21r3b51,gs21r3b51,gs21r3b51,gs21r3b51,gs21r3b51,gs21r3b51,gs21r3b51,gs21r3b51,gs21r3b51,gs21r3b51,gs21r3b51,gs21r3b51,gs21r3b51,gs21r3b51,gs21r3b51,gs21r3b51,gs21r3b51,gs21r3b51,gs21r3b51,gs21r3b51,gs21r3b51,gs21r3b51,gs21r3b51,gs21r3b51,gs21r3b51,gs21r3b51,gs21r3b51,gs21r3b51,gs21r3b51,gs21r3b51,gs21r3b51,gs21r3b51,gs21r3b51,gs21r3b51,gs21r3b51,gs21r3b51,gs21r3b51,gs21r3b51,gs21r3b51,gs21r3b51,gs21r3b51,gs21r3b51,gs21r3b51,gs21r3b51,gs21r3b51,gs21r3b51,gs21r3b51,gs21r3b51,gs21r3b51,gs21r3b51,gs21r3b51,gs21r3b51,gs21r3b51,gs21r3b51,gs21r3b51,gs21r3b51,gs21r3b51,gs21r3b51,gs21r3b51,gs21r3b51,gs21r3b51,gs21r3b51,gs21r3b51,gs21r3b51,gs21r3b51,gs21r3b51,gs21r3b51,gs21r3b51,gs21r3b51,gs21r3b51,gs21r3b51,gs21r3b51,gs21r3b51,gs21r3b51,gs21r3b51,gs21r3b51,gs21r3b51,gs21r3b51,gs21r3b51,gs21r3b51,gs21r3b51,gs21r3b51,gs21r3b51,gs21r3b51,gs21r3b51,gs21r3b51,gs21r3b51,gs21r3b51,gs21r3b51,gs21r3b51,gs21r3b51,gs21r3b51,gs21r3b51,gs21r3b51,gs21r3b51,gs22r1b09,gs22r1b09,gs22r1b09,gs22r1b09,gs22r1b09,gs22r1b09,gs22r1b09,gs22r1b09,gs22r1b09,gs22r1b09,gs22r1b09,gs22r1b09,gs22r1b09,gs22r1b09,gs22r1b09,gs22r1b09,gs22r1b09,gs22r1b09,gs22r1b09,gs22r1b09,gs22r1b09,gs22r1b09,gs22r1b09,gs22r1b09,gs22r1b09,gs22r1b09,gs22r1b09,gs22r1b09,gs22r1b09,gs22r1b09,gs22r1b09,gs22r1b09,gs22r1b09,gs22r1b09,gs22r1b09,gs22r1b09,gs22r1b09,gs22r1b09,gs22r1b09,gs22r1b09,gs22r1b09,gs22r1b09,gs22r1b09,gs22r1b09,gs22r1b09,gs22r1b09,gs22r1b09,gs22r1b09,gs22r1b09,gs22r1b09,gs22r1b09,gs22r1b09,gs22r1b09,gs22r1b09,gs22r1b09,gs22r1b09,gs22r1b09,gs22r1b09,gs22r1b09,gs22r1b09,gs22r1b09,gs22r1b09,gs22r1b09,gs22r1b09,gs22r1b09,gs22r1b09,gs22r1b09,gs22r1b09,gs22r1b09,gs22r1b09,gs22r1b09,gs22r1b09,gs22r1b09,gs22r1b09,gs22r1b09,gs22r1b09,gs22r1b09,gs22r1b09,gs22r1b09,gs22r1b09,gs22r1b09,gs22r1b09,gs22r1b09,gs22r1b09,gs22r1b09,gs22r1b09,gs22r1b09,gs22r1b09,gs22r1b09,gs22r1b09,gs22r1b09,gs22r1b09,gs22r1b09,gs22r1b09,gs22r1b09,gs22r1b09,gs22r1b09,gs22r1b09,gs22r1b09,gs22r1b09,gs22r1b09,gs22r1b09,gs22r1b09,gs22r1b09,gs22r1b09,gs22r1b09,gs22r1b09,gs22r1b09,gs22r1b09,gs22r1b09,gs22r1b09,gs22r1b09,gs22r1b10,gs22r1b10,gs22r1b10,gs22r1b10,gs22r1b10,gs22r1b10,gs22r1b10,gs22r1b10,gs22r1b10,gs22r1b10,gs22r1b10,gs22r1b10,gs22r1b10,gs22r1b10,gs22r1b10,gs22r1b10,gs22r1b10,gs22r1b10,gs22r1b10,gs22r1b10,gs22r1b10,gs22r1b10,gs22r1b10,gs22r1b10,gs22r1b10,gs22r1b10,gs22r1b10,gs22r1b10,gs22r1b10,gs22r1b10,gs22r1b10,gs22r1b10,gs22r1b10,gs22r1b10,gs22r1b10,gs22r1b10,gs22r1b10,gs22r1b10,gs22r1b10,gs22r1b10,gs22r1b10,gs22r1b10,gs22r1b10,gs22r1b10,gs22r1b10,gs22r1b10,gs22r1b10,gs22r1b10,gs22r1b10,gs22r1b10,gs22r1b10,gs22r1b10,gs22r1b10,gs22r1b10,gs22r1b10,gs22r1b10,gs22r1b10,gs22r1b10,gs22r1b10,gs22r1b10,gs22r1b10,gs22r1b10,gs22r1b10,gs22r1b10,gs22r1b10,gs22r1b10,gs22r1b10,gs22r1b10,gs22r1b10,gs22r1b10,gs22r1b10,gs22r1b10,gs22r1b10,gs22r1b10,gs22r1b10,gs22r1b10,gs22r1b10,gs22r1b10,gs22r1b10,gs22r1b10,gs22r1b10,gs22r1b10,gs22r1b10,gs22r1b10,gs22r1b10,gs22r1b10,gs22r1b10,gs22r1b10,gs22r1b10,gs22r1b10,gs22r1b10,gs22r1b10,gs22r1b10,gs22r1b10,gs22r1b10,gs22r1b10,gs22r1b10,gs22r1b10,gs22r1b10,gs22r1b10,gs22r1b10,gs22r1b10,gs22r1b10,gs22r1b10,gs22r1b10,gs22r1b10,gs22r1b10,gs22r1b10,gs22r1b10,gs22r1b10,gs22r1b10,gs22r1b10,gs22r1b11,gs22r1b11,gs22r1b11,gs22r1b11,gs22r1b11,gs22r1b11,gs22r1b11,gs22r1b11,gs22r1b11,gs22r1b11,gs22r1b11,gs22r1b11,gs22r1b11,gs22r1b11,gs22r1b11,gs22r1b11,gs22r1b11,gs22r1b11,gs22r1b11,gs22r1b11,gs22r1b11,gs22r1b11,gs22r1b11,gs22r1b11,gs22r1b11,gs22r1b11,gs22r1b11,gs22r1b11,gs22r1b11,gs22r1b11,gs22r1b11,gs22r1b11,gs22r1b11,gs22r1b11,gs22r1b11,gs22r1b11,gs22r1b11,gs22r1b11,gs22r1b11,gs22r1b11,gs22r1b11,gs22r1b11,gs22r1b11,gs22r1b11,gs22r1b11,gs22r1b11,gs22r1b11,gs22r1b11,gs22r1b11,gs22r1b11,gs22r1b11,gs22r1b11,gs22r1b11,gs22r1b11,gs22r1b11,gs22r1b11,gs22r1b11,gs22r1b11,gs22r1b11,gs22r1b11,gs22r1b11,gs22r1b11,gs22r1b11,gs22r1b11,gs22r1b11,gs22r1b11,gs22r1b11,gs22r1b11,gs22r1b11,gs22r1b11,gs22r1b11,gs22r1b11,gs22r1b11,gs22r1b11,gs22r1b11,gs22r1b11,gs22r1b11,gs22r1b11,gs22r1b11,gs22r1b11,gs22r1b11,gs22r1b11,gs22r1b11,gs22r1b11,gs22r1b11,gs22r1b11,gs22r1b11,gs22r1b11,gs22r1b11,gs22r1b11,gs22r1b11,gs22r1b11,gs22r1b11,gs22r1b11,gs22r1b11,gs22r1b11,gs22r1b11,gs22r1b11,gs22r1b11,gs22r1b11,gs22r1b11,gs22r1b11,gs22r1b11,gs22r1b11,gs22r1b11,gs22r1b11,gs22r1b11,gs22r1b11,gs22r1b11,gs22r1b11,gs22r1b11,gs22r1b11,gs22r1b12,gs22r1b12,gs22r1b12,gs22r1b12,gs22r1b12,gs22r1b12,gs22r1b12,gs22r1b12,gs22r1b12,gs22r1b12,gs22r1b12,gs22r1b12,gs22r1b12,gs22r1b12,gs22r1b12,gs22r1b12,gs22r1b12,gs22r1b12,gs22r1b12,gs22r1b12,gs22r1b12,gs22r1b12,gs22r1b12,gs22r1b12,gs22r1b12,gs22r1b12,gs22r1b12,gs22r1b12,gs22r1b12,gs22r1b12,gs22r1b12,gs22r1b12,gs22r1b12,gs22r1b12,gs22r1b12,gs22r1b12,gs22r1b12,gs22r1b12,gs22r1b12,gs22r1b12,gs22r1b12,gs22r1b12,gs22r1b12,gs22r1b12,gs22r1b12,gs22r1b12,gs22r1b12,gs22r1b12,gs22r1b12,gs22r1b12,gs22r1b12,gs22r1b12,gs22r1b12,gs22r1b12,gs22r1b12,gs22r1b12,gs22r1b12,gs22r1b12,gs22r1b12,gs22r1b12,gs22r1b12,gs22r1b12,gs22r1b12,gs22r1b12,gs22r1b12,gs22r1b12,gs22r1b12,gs22r1b12,gs22r1b12,gs22r1b12,gs22r1b12,gs22r1b12,gs22r1b12,gs22r1b12,gs22r1b12,gs22r1b12,gs22r1b12,gs22r1b12,gs22r1b12,gs22r1b12,gs22r1b12,gs22r1b12,gs22r1b12,gs22r1b12,gs22r1b12,gs22r1b12,gs22r1b12,gs22r1b12,gs22r1b12,gs22r1b12,gs22r1b12,gs22r1b12,gs22r1b12,gs22r1b12,gs22r1b12,gs22r1b12,gs22r1b12,gs22r1b12,gs22r1b12,gs22r1b12,gs22r1b12,gs22r1b12,gs22r1b12,gs22r1b12,gs22r1b12,gs22r1b12,gs22r1b12,gs22r1b12,gs22r1b12,gs22r1b12,gs22r1b12,gs22r1b12,gs22r1b15,gs22r1b15,gs22r1b15,gs22r1b15,gs22r1b15,gs22r1b15,gs22r1b15,gs22r1b15,gs22r1b15,gs22r1b15,gs22r1b15,gs22r1b15,gs22r1b15,gs22r1b15,gs22r1b15,gs22r1b15,gs22r1b15,gs22r1b15,gs22r1b15,gs22r1b15,gs22r1b15,gs22r1b15,gs22r1b15,gs22r1b15,gs22r1b15,gs22r1b15,gs22r1b15,gs22r1b15,gs22r1b15,gs22r1b15,gs22r1b15,gs22r1b15,gs22r1b15,gs22r1b15,gs22r1b15,gs22r1b15,gs22r1b15,gs22r1b15,gs22r1b15,gs22r1b15,gs22r1b15,gs22r1b15,gs22r1b15,gs22r1b15,gs22r1b15,gs22r1b15,gs22r1b15,gs22r1b15,gs22r1b15,gs22r1b15,gs22r1b15,gs22r1b15,gs22r1b15,gs22r1b15,gs22r1b15,gs22r1b15,gs22r1b15,gs22r1b15,gs22r1b15,gs22r1b15,gs22r1b15,gs22r1b15,gs22r1b15,gs22r1b15,gs22r1b15,gs22r1b15,gs22r1b15,gs22r1b15,gs22r1b15,gs22r1b15,gs22r1b15,gs22r1b15,gs22r1b15,gs22r1b15,gs22r1b15,gs22r1b15,gs22r1b15,gs22r1b15,gs22r1b15,gs22r1b15,gs22r1b15,gs22r1b15,gs22r1b15,gs22r1b15,gs22r1b15,gs22r1b15,gs22r1b15,gs22r1b15,gs22r1b15,gs22r1b15,gs22r1b15,gs22r1b15,gs22r1b15,gs22r1b15,gs22r1b15,gs22r1b15,gs22r1b15,gs22r1b15,gs22r1b15,gs22r1b15,gs22r1b15,gs22r1b15,gs22r1b15,gs22r1b15,gs22r1b15,gs22r1b15,gs22r1b15,gs22r1b15,gs22r1b15,gs22r1b15,gs22r1b15,gs22r1b15,gs22r1b35,gs22r1b35,gs22r1b35,gs22r1b35,gs22r1b35,gs22r1b35,gs22r1b35,gs22r1b35,gs22r1b35,gs22r1b35,gs22r1b35,gs22r1b35,gs22r1b35,gs22r1b35,gs22r1b35,gs22r1b35,gs22r1b35,gs22r1b35,gs22r1b35,gs22r1b35,gs22r1b35,gs22r1b35,gs22r1b35,gs22r1b35,gs22r1b35,gs22r1b35,gs22r1b35,gs22r1b35,gs22r1b35,gs22r1b35,gs22r1b35,gs22r1b35,gs22r1b35,gs22r1b35,gs22r1b35,gs22r1b35,gs22r1b35,gs22r1b35,gs22r1b35,gs22r1b35,gs22r1b35,gs22r1b35,gs22r1b35,gs22r1b35,gs22r1b35,gs22r1b35,gs22r1b35,gs22r1b35,gs22r1b35,gs22r1b35,gs22r1b35,gs22r1b35,gs22r1b35,gs22r1b35,gs22r1b35,gs22r1b35,gs22r1b35,gs22r1b35,gs22r1b35,gs22r1b35,gs22r1b35,gs22r1b35,gs22r1b35,gs22r1b35,gs22r1b35,gs22r1b35,gs22r1b35,gs22r1b35,gs22r1b35,gs22r1b35,gs22r1b35,gs22r1b35,gs22r1b35,gs22r1b35,gs22r1b35,gs22r1b35,gs22r1b35,gs22r1b35,gs22r1b35,gs22r1b35,gs22r1b35,gs22r1b35,gs22r1b35,gs22r1b35,gs22r1b35,gs22r1b35,gs22r1b35,gs22r1b35,gs22r1b35,gs22r1b35,gs22r1b35,gs22r1b35,gs22r1b35,gs22r1b35,gs22r1b35,gs22r1b35,gs22r1b35,gs22r1b35,gs22r1b35,gs22r1b35,gs22r1b35,gs22r1b35,gs22r1b35,gs22r1b35,gs22r1b35,gs22r1b35,gs22r1b35,gs22r1b35,gs22r1b35,gs22r1b35,gs22r1b35,gs22r1b35,
Run 0 starts
[mpiexec@gs21r1b65] MNV cleaning
[mpiexec@gs21r1b65] MNV cleaning
[mpiexec@gs21r1b65] MNV cleaning
[mpiexec@gs21r1b65] MNV cleaning
Run 0 ends
Run 1 starts
[mpiexec@gs21r1b65] MNV cleaning
[mpiexec@gs21r1b65] MNV cleaning
[mpiexec@gs21r1b65] MNV cleaning
[mpiexec@gs21r1b65] MNV cleaning
Run 1 ends
Run 2 starts
[mpiexec@gs21r1b65] MNV cleaning
[mpiexec@gs21r1b65] MNV cleaning
[mpiexec@gs21r1b65] MNV cleaning
[mpiexec@gs21r1b65] MNV cleaning
Run 2 ends
Run 3 starts
[mpiexec@gs21r1b65] MNV cleaning
[mpiexec@gs21r1b65] MNV cleaning
[mpiexec@gs21r1b65] MNV cleaning
[mpiexec@gs21r1b65] MNV cleaning
Run 3 ends
Run 4 starts
[mpiexec@gs21r1b65] MNV cleaning
[mpiexec@gs21r1b65] MNV cleaning
[mpiexec@gs21r1b65] MNV cleaning
[mpiexec@gs21r1b65] MNV cleaning
Run 4 ends
Run 5 starts
[mpiexec@gs21r1b65] MNV cleaning
[mpiexec@gs21r1b65] MNV cleaning
[mpiexec@gs21r1b65] MNV cleaning
[mpiexec@gs21r1b65] MNV cleaning
Run 5 ends
Run 6 starts
[mpiexec@gs21r1b65] MNV cleaning
[mpiexec@gs21r1b65] MNV cleaning
[mpiexec@gs21r1b65] MNV cleaning
[mpiexec@gs21r1b65] MNV cleaning
Run 6 ends
Run 7 starts
[mpiexec@gs21r1b65] MNV cleaning
[mpiexec@gs21r1b65] MNV cleaning
[mpiexec@gs21r1b65] MNV cleaning
[mpiexec@gs21r1b65] MNV cleaning
Run 7 ends
Run 8 starts
[mpiexec@gs21r1b65] MNV cleaning
[mpiexec@gs21r1b65] MNV cleaning
[mpiexec@gs21r1b65] MNV cleaning
[mpiexec@gs21r1b65] MNV cleaning
Run 8 ends
Run 9 starts
[mpiexec@gs21r1b65] MNV cleaning
[mpiexec@gs21r1b65] MNV cleaning
[mpiexec@gs21r1b65] MNV cleaning
[mpiexec@gs21r1b65] MNV cleaning
Run 9 ends
Run 10 starts
[mpiexec@gs21r1b65] MNV cleaning
[mpiexec@gs21r1b65] MNV cleaning
[mpiexec@gs21r1b65] MNV cleaning
[mpiexec@gs21r1b65] MNV cleaning
Run 10 ends
Run 11 starts
[mpiexec@gs21r1b65] MNV cleaning
[mpiexec@gs21r1b65] MNV cleaning
[mpiexec@gs21r1b65] MNV cleaning
[mpiexec@gs21r1b65] MNV cleaning
Run 11 ends
Run 12 starts
[mpiexec@gs21r1b65] MNV cleaning
[mpiexec@gs21r1b65] MNV cleaning
[mpiexec@gs21r1b65] MNV cleaning
[mpiexec@gs21r1b65] MNV cleaning
Run 12 ends
Run 13 starts
[mpiexec@gs21r1b65] MNV cleaning
[mpiexec@gs21r1b65] MNV cleaning
[mpiexec@gs21r1b65] MNV cleaning
[mpiexec@gs21r1b65] MNV cleaning
Run 13 ends
Run 14 starts
[mpiexec@gs21r1b65] MNV cleaning
[mpiexec@gs21r1b65] MNV cleaning
[mpiexec@gs21r1b65] MNV cleaning
[mpiexec@gs21r1b65] MNV cleaning
Run 14 ends
Run 15 starts
[mpiexec@gs21r1b65] MNV cleaning
[mpiexec@gs21r1b65] MNV cleaning
[mpiexec@gs21r1b65] MNV cleaning
[mpiexec@gs21r1b65] MNV cleaning
Run 15 ends
Run 16 starts
[mpiexec@gs21r1b65] MNV cleaning
[mpiexec@gs21r1b65] MNV cleaning
[mpiexec@gs21r1b65] MNV cleaning
[mpiexec@gs21r1b65] MNV cleaning
Run 16 ends
Run 17 starts
Connection closed by 10.2.22.9 port 22
[mpiexec@gs21r1b65] MNV cleaning
[mpiexec@gs21r1b65] MNV cleaning
[mpiexec@gs21r1b65] MNV cleaning
[mpiexec@gs21r1b65] MNV cleaning
Run 17 ends
Run 18 starts
Connection closed by 10.2.22.15 port 22
[mpiexec@gs21r1b65] MNV cleaning
[mpiexec@gs21r1b65] MNV cleaning
[mpiexec@gs21r1b65] MNV cleaning
[mpiexec@gs21r1b65] MNV cleaning
Run 18 ends
Run 19 starts
Connection closed by 10.2.22.9 port 22
[mpiexec@gs21r1b65] MNV cleaning
[mpiexec@gs21r1b65] MNV cleaning
[mpiexec@gs21r1b65] MNV cleaning
[mpiexec@gs21r1b65] MNV cleaning
Run 19 ends
END TEST
