START TEST P=gpp
./config154.ini 0 154 20
/home/bsc/bsc359796/Instalaciones/mpich-4.2.0-ofi/bin/mpirun
Nodes=gs15r1b[02-05,07-10,34-35,39,48,60-62,64] - Starting hostlist=gs15r1b02,gs15r1b02,gs15r1b02,gs15r1b02,gs15r1b02,gs15r1b02,gs15r1b02,gs15r1b02,gs15r1b02,gs15r1b02,gs15r1b02,gs15r1b02,gs15r1b02,gs15r1b02,gs15r1b02,gs15r1b02,gs15r1b02,gs15r1b02,gs15r1b02,gs15r1b02,gs15r1b02,gs15r1b02,gs15r1b02,gs15r1b02,gs15r1b02,gs15r1b02,gs15r1b02,gs15r1b02,gs15r1b02,gs15r1b02,gs15r1b02,gs15r1b02,gs15r1b02,gs15r1b02,gs15r1b02,gs15r1b02,gs15r1b02,gs15r1b02,gs15r1b02,gs15r1b02,gs15r1b02,gs15r1b02,gs15r1b02,gs15r1b02,gs15r1b02,gs15r1b02,gs15r1b02,gs15r1b02,gs15r1b02,gs15r1b02,gs15r1b02,gs15r1b02,gs15r1b02,gs15r1b02,gs15r1b02,gs15r1b02,gs15r1b02,gs15r1b02,gs15r1b02,gs15r1b02,gs15r1b02,gs15r1b02,gs15r1b02,gs15r1b02,gs15r1b02,gs15r1b02,gs15r1b02,gs15r1b02,gs15r1b02,gs15r1b02,gs15r1b02,gs15r1b02,gs15r1b02,gs15r1b02,gs15r1b02,gs15r1b02,gs15r1b02,gs15r1b02,gs15r1b02,gs15r1b02,gs15r1b02,gs15r1b02,gs15r1b02,gs15r1b02,gs15r1b02,gs15r1b02,gs15r1b02,gs15r1b02,gs15r1b02,gs15r1b02,gs15r1b02,gs15r1b02,gs15r1b02,gs15r1b02,gs15r1b02,gs15r1b02,gs15r1b02,gs15r1b02,gs15r1b02,gs15r1b02,gs15r1b02,gs15r1b02,gs15r1b02,gs15r1b02,gs15r1b02,gs15r1b02,gs15r1b02,gs15r1b02,gs15r1b02,gs15r1b02,gs15r1b02,gs15r1b02,gs15r1b03,gs15r1b03,gs15r1b03,gs15r1b03,gs15r1b03,gs15r1b03,gs15r1b03,gs15r1b03,gs15r1b03,gs15r1b03,gs15r1b03,gs15r1b03,gs15r1b03,gs15r1b03,gs15r1b03,gs15r1b03,gs15r1b03,gs15r1b03,gs15r1b03,gs15r1b03,gs15r1b03,gs15r1b03,gs15r1b03,gs15r1b03,gs15r1b03,gs15r1b03,gs15r1b03,gs15r1b03,gs15r1b03,gs15r1b03,gs15r1b03,gs15r1b03,gs15r1b03,gs15r1b03,gs15r1b03,gs15r1b03,gs15r1b03,gs15r1b03,gs15r1b03,gs15r1b03,gs15r1b03,gs15r1b03,gs15r1b03,gs15r1b03,gs15r1b03,gs15r1b03,gs15r1b03,gs15r1b03,gs15r1b03,gs15r1b03,gs15r1b03,gs15r1b03,gs15r1b03,gs15r1b03,gs15r1b03,gs15r1b03,gs15r1b03,gs15r1b03,gs15r1b03,gs15r1b03,gs15r1b03,gs15r1b03,gs15r1b03,gs15r1b03,gs15r1b03,gs15r1b03,gs15r1b03,gs15r1b03,gs15r1b03,gs15r1b03,gs15r1b03,gs15r1b03,gs15r1b03,gs15r1b03,gs15r1b03,gs15r1b03,gs15r1b03,gs15r1b03,gs15r1b03,gs15r1b03,gs15r1b03,gs15r1b03,gs15r1b03,gs15r1b03,gs15r1b03,gs15r1b03,gs15r1b03,gs15r1b03,gs15r1b03,gs15r1b03,gs15r1b03,gs15r1b03,gs15r1b03,gs15r1b03,gs15r1b03,gs15r1b03,gs15r1b03,gs15r1b03,gs15r1b03,gs15r1b03,gs15r1b03,gs15r1b03,gs15r1b03,gs15r1b03,gs15r1b03,gs15r1b03,gs15r1b03,gs15r1b03,gs15r1b03,gs15r1b03,gs15r1b03,gs15r1b03,
Run 0 starts
Warning: Permanently added 'gs15r1b03' (ED25519) to the list of known hosts.
Warning: Permanently added 'gs15r1b09' (ED25519) to the list of known hosts.
Warning: Permanently added 'gs15r1b07' (ED25519) to the list of known hosts.
Warning: Permanently added 'gs15r1b48' (ED25519) to the list of known hosts.
Warning: Permanently added 'gs15r1b04' (ED25519) to the list of known hosts.
Warning: Permanently added 'gs15r1b35' (ED25519) to the list of known hosts.
Warning: Permanently added 'gs15r1b60' (ED25519) to the list of known hosts.
Warning: Permanently added 'gs15r1b39' (ED25519) to the list of known hosts.
Warning: Permanently added 'gs15r1b34' (ED25519) to the list of known hosts.
Warning: Permanently added 'gs15r1b08' (ED25519) to the list of known hosts.
Warning: Permanently added 'gs15r1b10' (ED25519) to the list of known hosts.
[mpiexec@gs15r1b02] MNV cleaning
[mpiexec@gs15r1b02] MNV cleaning
[mpiexec@gs15r1b02] MNV cleaning
[mpiexec@gs15r1b02] MNV cleaning
Run 0 ends
Run 1 starts
[mpiexec@gs15r1b02] MNV cleaning
[mpiexec@gs15r1b02] MNV cleaning
[mpiexec@gs15r1b02] MNV cleaning
[mpiexec@gs15r1b02] MNV cleaning
Run 1 ends
Run 2 starts
[mpiexec@gs15r1b02] MNV cleaning
[mpiexec@gs15r1b02] MNV cleaning
[mpiexec@gs15r1b02] MNV cleaning
[mpiexec@gs15r1b02] MNV cleaning
Run 2 ends
Run 3 starts
[mpiexec@gs15r1b02] MNV cleaning
[mpiexec@gs15r1b02] MNV cleaning
[mpiexec@gs15r1b02] MNV cleaning
[mpiexec@gs15r1b02] MNV cleaning
Run 3 ends
Run 4 starts
[mpiexec@gs15r1b02] MNV cleaning
[mpiexec@gs15r1b02] MNV cleaning
[mpiexec@gs15r1b02] MNV cleaning
[mpiexec@gs15r1b02] MNV cleaning
Run 4 ends
Run 5 starts
[mpiexec@gs15r1b02] MNV cleaning
[mpiexec@gs15r1b02] MNV cleaning
[mpiexec@gs15r1b02] MNV cleaning
[mpiexec@gs15r1b02] MNV cleaning
Run 5 ends
Run 6 starts
[mpiexec@gs15r1b02] MNV cleaning
[mpiexec@gs15r1b02] MNV cleaning
[mpiexec@gs15r1b02] MNV cleaning
[mpiexec@gs15r1b02] MNV cleaning
Run 6 ends
Run 7 starts
[mpiexec@gs15r1b02] MNV cleaning
[mpiexec@gs15r1b02] MNV cleaning
[mpiexec@gs15r1b02] MNV cleaning
[mpiexec@gs15r1b02] MNV cleaning
Run 7 ends
Run 8 starts
[mpiexec@gs15r1b02] MNV cleaning
[mpiexec@gs15r1b02] MNV cleaning
[mpiexec@gs15r1b02] MNV cleaning
[mpiexec@gs15r1b02] MNV cleaning
Run 8 ends
Run 9 starts
[mpiexec@gs15r1b02] MNV cleaning
[mpiexec@gs15r1b02] MNV cleaning
[mpiexec@gs15r1b02] MNV cleaning
[mpiexec@gs15r1b02] MNV cleaning
Run 9 ends
Run 10 starts
Connection closed by 10.2.15.3 port 22
[mpiexec@gs15r1b02] MNV cleaning
[mpiexec@gs15r1b02] MNV cleaning
[mpiexec@gs15r1b02] MNV cleaning
[mpiexec@gs15r1b02] MNV cleaning
Run 10 ends
Run 11 starts
Connection closed by 10.2.15.3 port 22
[mpiexec@gs15r1b02] MNV cleaning
[mpiexec@gs15r1b02] MNV cleaning
[mpiexec@gs15r1b02] MNV cleaning
[mpiexec@gs15r1b02] MNV cleaning
Run 11 ends
Run 12 starts
Connection closed by 10.2.15.3 port 22
[mpiexec@gs15r1b02] MNV cleaning
[mpiexec@gs15r1b02] MNV cleaning
[mpiexec@gs15r1b02] MNV cleaning
[mpiexec@gs15r1b02] MNV cleaning
Run 12 ends
Run 13 starts
Connection closed by 10.2.15.3 port 22
[mpiexec@gs15r1b02] MNV cleaning
[mpiexec@gs15r1b02] MNV cleaning
[mpiexec@gs15r1b02] MNV cleaning
[mpiexec@gs15r1b02] MNV cleaning
Run 13 ends
Run 14 starts
Connection closed by 10.2.15.3 port 22
[mpiexec@gs15r1b02] MNV cleaning
[mpiexec@gs15r1b02] MNV cleaning
[mpiexec@gs15r1b02] MNV cleaning
[mpiexec@gs15r1b02] MNV cleaning
Run 14 ends
Run 15 starts
Connection closed by 10.2.15.3 port 22
[mpiexec@gs15r1b02] MNV cleaning
[mpiexec@gs15r1b02] MNV cleaning
[mpiexec@gs15r1b02] MNV cleaning
[mpiexec@gs15r1b02] MNV cleaning
Run 15 ends
Run 16 starts
Connection closed by 10.2.15.3 port 22
[mpiexec@gs15r1b02] MNV cleaning
[mpiexec@gs15r1b02] MNV cleaning
[mpiexec@gs15r1b02] MNV cleaning
[mpiexec@gs15r1b02] MNV cleaning
Run 16 ends
Run 17 starts
Connection closed by 10.2.15.3 port 22
[mpiexec@gs15r1b02] MNV cleaning
[mpiexec@gs15r1b02] MNV cleaning
[mpiexec@gs15r1b02] MNV cleaning
[mpiexec@gs15r1b02] MNV cleaning
Run 17 ends
Run 18 starts
Connection closed by 10.2.15.3 port 22
[mpiexec@gs15r1b02] MNV cleaning
[mpiexec@gs15r1b02] MNV cleaning
[mpiexec@gs15r1b02] MNV cleaning
[mpiexec@gs15r1b02] MNV cleaning
Run 18 ends
Run 19 starts
Connection closed by 10.2.15.3 port 22
[mpiexec@gs15r1b02] MNV cleaning
[mpiexec@gs15r1b02] MNV cleaning
[mpiexec@gs15r1b02] MNV cleaning
[mpiexec@gs15r1b02] MNV cleaning
Run 19 ends
END TEST
